make: Entering directory '/workspaces/openwrt-radxa-rock5b-plus/openwrt'
make[1]: Entering directory '/workspaces/openwrt-radxa-rock5b-plus/openwrt'
make[2]: Entering directory '/workspaces/openwrt-radxa-rock5b-plus/openwrt'
make[2]: Leaving directory '/workspaces/openwrt-radxa-rock5b-plus/openwrt'
WARNING: Makefile 'package/feeds/packages/domoticz/Makefile' has a dependency on 'boost-system', which does not exist
WARNING: Makefile 'package/feeds/packages/i2pd/Makefile' has a dependency on 'boost-system', which does not exist
WARNING: Makefile 'package/feeds/packages/kea/Makefile' has a dependency on 'boost-system', which does not exist
make[2]: Entering directory '/workspaces/openwrt-radxa-rock5b-plus/openwrt/scripts/config'
make[2]: 'conf' is up to date.
make[2]: Leaving directory '/workspaces/openwrt-radxa-rock5b-plus/openwrt/scripts/config'
make[2]: Entering directory '/workspaces/openwrt-radxa-rock5b-plus/openwrt'
make[2]: Leaving directory '/workspaces/openwrt-radxa-rock5b-plus/openwrt'
make[1]: Leaving directory '/workspaces/openwrt-radxa-rock5b-plus/openwrt'
make[1]: Entering directory '/workspaces/openwrt-radxa-rock5b-plus/openwrt'
make[2]: Entering directory '/workspaces/openwrt-radxa-rock5b-plus/openwrt'
make[2]: Entering directory '/workspaces/openwrt-radxa-rock5b-plus/openwrt'
rm -rf /workspaces/openwrt-radxa-rock5b-plus/openwrt/staging_dir/target-aarch64_generic_musl/root-rockchip
make[2]: Leaving directory '/workspaces/openwrt-radxa-rock5b-plus/openwrt'
+ mkdir -p /workspaces/openwrt-radxa-rock5b-plus/openwrt/staging_dir/target-aarch64_generic_musl
+ cd /workspaces/openwrt-radxa-rock5b-plus/openwrt/staging_dir/target-aarch64_generic_musl
+ mkdir -p bin lib stamp usr/include usr/lib
mkdir -p /workspaces/openwrt-radxa-rock5b-plus/openwrt/build_dir/target-aarch64_generic_musl/stamp
touch /workspaces/openwrt-radxa-rock5b-plus/openwrt/staging_dir/target-aarch64_generic_musl/.prepared
make[3]: Entering directory '/workspaces/openwrt-radxa-rock5b-plus/openwrt/target/linux'
make[4]: Entering directory '/workspaces/openwrt-radxa-rock5b-plus/openwrt/target/linux/rockchip'
rm -f /workspaces/openwrt-radxa-rock5b-plus/openwrt/build_dir/target-aarch64_generic_musl/linux-rockchip_armv8/linux-6.12.45/localversion
/workspaces/openwrt-radxa-rock5b-plus/openwrt/scripts/kconfig.pl  + /workspaces/openwrt-radxa-rock5b-plus/openwrt/target/linux/generic/config-6.12 /workspaces/openwrt-radxa-rock5b-plus/openwrt/target/linux/rockchip/armv8/config-6.12 > /workspaces/openwrt-radxa-rock5b-plus/openwrt/build_dir/target-aarch64_generic_musl/linux-rockchip_armv8/linux-6.12.45/.config.target
awk '/^(#[[:space:]]+)?CONFIG_KERNEL/{sub("CONFIG_KERNEL_","CONFIG_");print}' /workspaces/openwrt-radxa-rock5b-plus/openwrt/.config >> /workspaces/openwrt-radxa-rock5b-plus/openwrt/build_dir/target-aarch64_generic_musl/linux-rockchip_armv8/linux-6.12.45/.config.target
echo "# CONFIG_KALLSYMS_EXTRA_PASS is not set" >> /workspaces/openwrt-radxa-rock5b-plus/openwrt/build_dir/target-aarch64_generic_musl/linux-rockchip_armv8/linux-6.12.45/.config.target
echo "# CONFIG_KALLSYMS_ALL is not set" >> /workspaces/openwrt-radxa-rock5b-plus/openwrt/build_dir/target-aarch64_generic_musl/linux-rockchip_armv8/linux-6.12.45/.config.target
echo "CONFIG_KALLSYMS_UNCOMPRESSED=y" >> /workspaces/openwrt-radxa-rock5b-plus/openwrt/build_dir/target-aarch64_generic_musl/linux-rockchip_armv8/linux-6.12.45/.config.target
/workspaces/openwrt-radxa-rock5b-plus/openwrt/scripts/package-metadata.pl kconfig /workspaces/openwrt-radxa-rock5b-plus/openwrt/tmp/.packageinfo /workspaces/openwrt-radxa-rock5b-plus/openwrt/.config 6.12 > /workspaces/openwrt-radxa-rock5b-plus/openwrt/build_dir/target-aarch64_generic_musl/linux-rockchip_armv8/linux-6.12.45/.config.override
/workspaces/openwrt-radxa-rock5b-plus/openwrt/scripts/kconfig.pl 'm+' '+' /workspaces/openwrt-radxa-rock5b-plus/openwrt/build_dir/target-aarch64_generic_musl/linux-rockchip_armv8/linux-6.12.45/.config.target /dev/null /workspaces/openwrt-radxa-rock5b-plus/openwrt/build_dir/target-aarch64_generic_musl/linux-rockchip_armv8/linux-6.12.45/.config.override > /workspaces/openwrt-radxa-rock5b-plus/openwrt/build_dir/target-aarch64_generic_musl/linux-rockchip_armv8/linux-6.12.45/.config.set
mv /workspaces/openwrt-radxa-rock5b-plus/openwrt/build_dir/target-aarch64_generic_musl/linux-rockchip_armv8/linux-6.12.45/.config.set /workspaces/openwrt-radxa-rock5b-plus/openwrt/build_dir/target-aarch64_generic_musl/linux-rockchip_armv8/linux-6.12.45/.config.old
grep -v INITRAMFS /workspaces/openwrt-radxa-rock5b-plus/openwrt/build_dir/target-aarch64_generic_musl/linux-rockchip_armv8/linux-6.12.45/.config.old > /workspaces/openwrt-radxa-rock5b-plus/openwrt/build_dir/target-aarch64_generic_musl/linux-rockchip_armv8/linux-6.12.45/.config.set
echo 'CONFIG_INITRAMFS_SOURCE=""' >> /workspaces/openwrt-radxa-rock5b-plus/openwrt/build_dir/target-aarch64_generic_musl/linux-rockchip_armv8/linux-6.12.45/.config.set
echo '# CONFIG_INITRAMFS_FORCE is not set' >> /workspaces/openwrt-radxa-rock5b-plus/openwrt/build_dir/target-aarch64_generic_musl/linux-rockchip_armv8/linux-6.12.45/.config.set
echo "# CONFIG_INITRAMFS_PRESERVE_MTIME is not set" >> /workspaces/openwrt-radxa-rock5b-plus/openwrt/build_dir/target-aarch64_generic_musl/linux-rockchip_armv8/linux-6.12.45/.config.set
rm -rf /workspaces/openwrt-radxa-rock5b-plus/openwrt/build_dir/target-aarch64_generic_musl/linux-rockchip_armv8/modules
cmp -s /workspaces/openwrt-radxa-rock5b-plus/openwrt/build_dir/target-aarch64_generic_musl/linux-rockchip_armv8/linux-6.12.45/.config.set /workspaces/openwrt-radxa-rock5b-plus/openwrt/build_dir/target-aarch64_generic_musl/linux-rockchip_armv8/linux-6.12.45/.config.prev || { cp /workspaces/openwrt-radxa-rock5b-plus/openwrt/build_dir/target-aarch64_generic_musl/linux-rockchip_armv8/linux-6.12.45/.config.set /workspaces/openwrt-radxa-rock5b-plus/openwrt/build_dir/target-aarch64_generic_musl/linux-rockchip_armv8/linux-6.12.45/.config; cp /workspaces/openwrt-radxa-rock5b-plus/openwrt/build_dir/target-aarch64_generic_musl/linux-rockchip_armv8/linux-6.12.45/.config.set /workspaces/openwrt-radxa-rock5b-plus/openwrt/build_dir/target-aarch64_generic_musl/linux-rockchip_armv8/linux-6.12.45/.config.prev; }
export MAKEFLAGS= ; [ -d /workspaces/openwrt-radxa-rock5b-plus/openwrt/build_dir/target-aarch64_generic_musl/linux-rockchip_armv8/linux-6.12.45/user_headers ] || make -C /workspaces/openwrt-radxa-rock5b-plus/openwrt/build_dir/target-aarch64_generic_musl/linux-rockchip_armv8/linux-6.12.45 KCFLAGS="-fmacro-prefix-map=/workspaces/openwrt-radxa-rock5b-plus/openwrt/build_dir/target-aarch64_generic_musl=target-aarch64_generic_musl -fno-caller-saves " HOSTCFLAGS="-O2 -I/workspaces/openwrt-radxa-rock5b-plus/openwrt/staging_dir/host/include -Wall -Wmissing-prototypes -Wstrict-prototypes" CROSS_COMPILE="aarch64-openwrt-linux-musl-" ARCH="arm64" KBUILD_HAVE_NLS=no KBUILD_BUILD_USER="" KBUILD_BUILD_HOST="" KBUILD_BUILD_TIMESTAMP="Sat Sep 13 11:54:03 2025" KBUILD_BUILD_VERSION="0" KBUILD_HOSTLDFLAGS="-L/workspaces/openwrt-radxa-rock5b-plus/openwrt/staging_dir/host/lib" CONFIG_SHELL="bash" V=''  cmd_syscalls=  CC="aarch64-openwrt-linux-musl-gcc" KERNELRELEASE=6.12.45  INSTALL_HDR_PATH=/workspaces/openwrt-radxa-rock5b-plus/openwrt/build_dir/target-aarch64_generic_musl/linux-rockchip_armv8/linux-6.12.45/user_headers headers_install
grep '=[ym]' /workspaces/openwrt-radxa-rock5b-plus/openwrt/build_dir/target-aarch64_generic_musl/linux-rockchip_armv8/linux-6.12.45/.config.set | LC_ALL=C sort | /workspaces/openwrt-radxa-rock5b-plus/openwrt/staging_dir/host/bin/mkhash md5 > /workspaces/openwrt-radxa-rock5b-plus/openwrt/build_dir/target-aarch64_generic_musl/linux-rockchip_armv8/linux-6.12.45/.vermagic
touch /workspaces/openwrt-radxa-rock5b-plus/openwrt/build_dir/target-aarch64_generic_musl/linux-rockchip_armv8/linux-6.12.45/.configured
rm -f /workspaces/openwrt-radxa-rock5b-plus/openwrt/build_dir/target-aarch64_generic_musl/linux-rockchip_armv8/linux-6.12.45/vmlinux /workspaces/openwrt-radxa-rock5b-plus/openwrt/build_dir/target-aarch64_generic_musl/linux-rockchip_armv8/linux-6.12.45/System.map
make -C /workspaces/openwrt-radxa-rock5b-plus/openwrt/build_dir/target-aarch64_generic_musl/linux-rockchip_armv8/linux-6.12.45 KCFLAGS="-fmacro-prefix-map=/workspaces/openwrt-radxa-rock5b-plus/openwrt/build_dir/target-aarch64_generic_musl=target-aarch64_generic_musl -fno-caller-saves " HOSTCFLAGS="-O2 -I/workspaces/openwrt-radxa-rock5b-plus/openwrt/staging_dir/host/include -Wall -Wmissing-prototypes -Wstrict-prototypes" CROSS_COMPILE="aarch64-openwrt-linux-musl-" ARCH="arm64" KBUILD_HAVE_NLS=no KBUILD_BUILD_USER="" KBUILD_BUILD_HOST="" KBUILD_BUILD_TIMESTAMP="Sat Sep 13 11:54:03 2025" KBUILD_BUILD_VERSION="0" KBUILD_HOSTLDFLAGS="-L/workspaces/openwrt-radxa-rock5b-plus/openwrt/staging_dir/host/lib" CONFIG_SHELL="bash" V=''  cmd_syscalls=  CC="aarch64-openwrt-linux-musl-gcc" KERNELRELEASE=6.12.45 Image dtbs modules
make[5]: Entering directory '/workspaces/openwrt-radxa-rock5b-plus/openwrt/build_dir/target-aarch64_generic_musl/linux-rockchip_armv8/linux-6.12.45'
  KSYMS   .tmp_vmlinux0.kallsyms.S
  AS      .tmp_vmlinux0.kallsyms.o
  LD      .tmp_vmlinux1
  NM      .tmp_vmlinux1.syms
  KSYMS   .tmp_vmlinux1.kallsyms.S
  AS      .tmp_vmlinux1.kallsyms.o
  LD      .tmp_vmlinux2
  NM      .tmp_vmlinux2.syms
  KSYMS   .tmp_vmlinux2.kallsyms.S
  AS      .tmp_vmlinux2.kallsyms.o
  LD      vmlinux
  NM      System.map
  SORTTAB vmlinux
  OBJCOPY arch/arm64/boot/Image
make[5]: Leaving directory '/workspaces/openwrt-radxa-rock5b-plus/openwrt/build_dir/target-aarch64_generic_musl/linux-rockchip_armv8/linux-6.12.45'
# If .config did not change, use the previous timestamp to avoid package rebuilds
cmp -s /workspaces/openwrt-radxa-rock5b-plus/openwrt/build_dir/target-aarch64_generic_musl/linux-rockchip_armv8/linux-6.12.45/.config /workspaces/openwrt-radxa-rock5b-plus/openwrt/build_dir/target-aarch64_generic_musl/linux-rockchip_armv8/linux-6.12.45/.config.modules.save && mv /workspaces/openwrt-radxa-rock5b-plus/openwrt/build_dir/target-aarch64_generic_musl/linux-rockchip_armv8/linux-6.12.45/.config.modules.save /workspaces/openwrt-radxa-rock5b-plus/openwrt/build_dir/target-aarch64_generic_musl/linux-rockchip_armv8/linux-6.12.45/.config; cp -fpR /workspaces/openwrt-radxa-rock5b-plus/openwrt/build_dir/target-aarch64_generic_musl/linux-rockchip_armv8/linux-6.12.45/.config /workspaces/openwrt-radxa-rock5b-plus/openwrt/build_dir/target-aarch64_generic_musl/linux-rockchip_armv8/linux-6.12.45/.config.modules.save
touch /workspaces/openwrt-radxa-rock5b-plus/openwrt/build_dir/target-aarch64_generic_musl/linux-rockchip_armv8/linux-6.12.45/.modules
make -C image compile TARGET_BUILD=
make[5]: Entering directory '/workspaces/openwrt-radxa-rock5b-plus/openwrt/target/linux/rockchip/image'
cp -fpR /workspaces/openwrt-radxa-rock5b-plus/openwrt/build_dir/target-aarch64_generic_musl/linux-rockchip_armv8/linux-6.12.45/COPYING /workspaces/openwrt-radxa-rock5b-plus/openwrt/build_dir/target-aarch64_generic_musl/linux-rockchip_armv8/COPYING.linux
make[5]: Leaving directory '/workspaces/openwrt-radxa-rock5b-plus/openwrt/target/linux/rockchip/image'
make[4]: Leaving directory '/workspaces/openwrt-radxa-rock5b-plus/openwrt/target/linux/rockchip'
make[3]: Leaving directory '/workspaces/openwrt-radxa-rock5b-plus/openwrt/target/linux'
time: target/linux/compile#12.05#4.84#16.64
make[2]: Leaving directory '/workspaces/openwrt-radxa-rock5b-plus/openwrt'
export MAKEFLAGS= ;make -w -r buildinfo
make[2]: Entering directory '/workspaces/openwrt-radxa-rock5b-plus/openwrt'
make[2]: Entering directory '/workspaces/openwrt-radxa-rock5b-plus/openwrt'
make[3]: Entering directory '/workspaces/openwrt-radxa-rock5b-plus/openwrt/package/utils/lua'
 make[3] diffconfig buildversion feedsversion
 make[4] scripts/config/conf
make[3]: Leaving directory '/workspaces/openwrt-radxa-rock5b-plus/openwrt/package/utils/lua'
time: package/utils/lua/host-compile#0.28#0.17#4.13
make[3]: Entering directory '/workspaces/openwrt-radxa-rock5b-plus/openwrt/package/libs/ncurses'
make[3]: Leaving directory '/workspaces/openwrt-radxa-rock5b-plus/openwrt/package/libs/ncurses'
time: package/libs/ncurses/host-compile#0.21#0.15#0.66
make[3]: Entering directory '/workspaces/openwrt-radxa-rock5b-plus/openwrt/package/system/fwtool'
make[3]: Leaving directory '/workspaces/openwrt-radxa-rock5b-plus/openwrt/package/system/fwtool'
time: package/system/fwtool/host-compile#0.25#0.15#0.57
make[3]: Entering directory '/workspaces/openwrt-radxa-rock5b-plus/openwrt/package/libs/libjson-c'
make[3]: Leaving directory '/workspaces/openwrt-radxa-rock5b-plus/openwrt/package/libs/libjson-c'
time: package/libs/libjson-c/host-compile#0.21#0.14#0.43
make[3]: Entering directory '/workspaces/openwrt-radxa-rock5b-plus/openwrt/package/system/usign'
make[3]: Leaving directory '/workspaces/openwrt-radxa-rock5b-plus/openwrt/package/system/usign'
time: package/system/usign/host-compile#0.24#0.14#0.54
make[3]: Entering directory '/workspaces/openwrt-radxa-rock5b-plus/openwrt/feeds/luci/modules/luci-base'
[ ! -d ./src/ ] || cp -fpR ./src/* /workspaces/openwrt-radxa-rock5b-plus/openwrt/build_dir/hostpkg/luci-base
touch /workspaces/openwrt-radxa-rock5b-plus/openwrt/build_dir/hostpkg/luci-base/.preparedbf8c73e433c8eeeeeb51f3233fb84cd3_6664517399ebbbc92a37c5bb081b5c53
touch /workspaces/openwrt-radxa-rock5b-plus/openwrt/build_dir/hostpkg/luci-base/.configured
make -C src/ clean po2lmo jsmin
make[4]: Entering directory '/workspaces/openwrt-radxa-rock5b-plus/openwrt/feeds/luci/modules/luci-base/src'
rm -f contrib/lemon lib/*.o lib/plural_formula.c lib/plural_formula.h core.so version.uc
cc -std=gnu17 -o contrib/lemon contrib/lemon.c
./contrib/lemon -q lib/plural_formula.y
cc    -DNDEBUG -c -o lib/lmo.o lib/lmo.c
cc    -DNDEBUG -c -o lib/plural_formula.o lib/plural_formula.c
cc  -o po2lmo po2lmo.o lib/lmo.o lib/plural_formula.o
make[4]: 'jsmin' is up to date.
make[4]: Leaving directory '/workspaces/openwrt-radxa-rock5b-plus/openwrt/feeds/luci/modules/luci-base/src'
touch /workspaces/openwrt-radxa-rock5b-plus/openwrt/build_dir/hostpkg/luci-base/.built
install -d -m0755 /workspaces/openwrt-radxa-rock5b-plus/openwrt/staging_dir/hostpkg/bin
install -m0755 src/po2lmo /workspaces/openwrt-radxa-rock5b-plus/openwrt/staging_dir/hostpkg/bin/po2lmo
install -m0755 src/jsmin /workspaces/openwrt-radxa-rock5b-plus/openwrt/staging_dir/hostpkg/bin/jsmin
mkdir -p /workspaces/openwrt-radxa-rock5b-plus/openwrt/staging_dir/hostpkg/stamp
touch /workspaces/openwrt-radxa-rock5b-plus/openwrt/build_dir/hostpkg/luci-base/.built
touch /workspaces/openwrt-radxa-rock5b-plus/openwrt/staging_dir/hostpkg/stamp/.luci-base_installed 
make[3]: Leaving directory '/workspaces/openwrt-radxa-rock5b-plus/openwrt/feeds/luci/modules/luci-base'
time: package/feeds/luci/luci-base/host-compile#0.85#0.51#3.68
make[3]: Entering directory '/workspaces/openwrt-radxa-rock5b-plus/openwrt/feeds/luci/contrib/package/csstidy'
make[3]: Leaving directory '/workspaces/openwrt-radxa-rock5b-plus/openwrt/feeds/luci/contrib/package/csstidy'
time: package/feeds/luci/csstidy/host-compile#0.15#0.13#0.43
make[3]: Entering directory '/workspaces/openwrt-radxa-rock5b-plus/openwrt/package/system/apk'
make[3]: Leaving directory '/workspaces/openwrt-radxa-rock5b-plus/openwrt/package/system/apk'
time: package/system/apk/host-compile#0.17#0.14#0.44
make[3]: Entering directory '/workspaces/openwrt-radxa-rock5b-plus/openwrt/package/libs/libubox'
make[3]: Leaving directory '/workspaces/openwrt-radxa-rock5b-plus/openwrt/package/libs/libubox'
time: package/libs/libubox/host-compile#0.13#0.12#0.34
make[3]: Entering directory '/workspaces/openwrt-radxa-rock5b-plus/openwrt/package/libs/toolchain'
rm -f /workspaces/openwrt-radxa-rock5b-plus/openwrt/build_dir/target-aarch64_generic_musl/toolchain/.built
touch /workspaces/openwrt-radxa-rock5b-plus/openwrt/build_dir/target-aarch64_generic_musl/toolchain/.built_check
cp -fpR /workspaces/openwrt-radxa-rock5b-plus/openwrt/staging_dir/toolchain-aarch64_generic_gcc-14.3.0_musl/lib/libgcc_s.so.1 /workspaces/openwrt-radxa-rock5b-plus/openwrt/build_dir/target-aarch64_generic_musl/toolchain/
touch /workspaces/openwrt-radxa-rock5b-plus/openwrt/build_dir/target-aarch64_generic_musl/toolchain/.built
rm -rf /workspaces/openwrt-radxa-rock5b-plus/openwrt/build_dir/target-aarch64_generic_musl/toolchain/.pkgdir/libc.installed /workspaces/openwrt-radxa-rock5b-plus/openwrt/build_dir/target-aarch64_generic_musl/toolchain/.pkgdir/libc
mkdir -p /workspaces/openwrt-radxa-rock5b-plus/openwrt/build_dir/target-aarch64_generic_musl/toolchain/.pkgdir/libc
echo 1.2.5-r5 > /workspaces/openwrt-radxa-rock5b-plus/openwrt/tmp/libc.version; 	install -d -m0755 /workspaces/openwrt-radxa-rock5b-plus/openwrt/build_dir/target-aarch64_generic_musl/toolchain/.pkgdir/libc/lib /workspaces/openwrt-radxa-rock5b-plus/openwrt/build_dir/target-aarch64_generic_musl/toolchain/.pkgdir/libc/usr/bin
cp -fpR /workspaces/openwrt-radxa-rock5b-plus/openwrt/staging_dir/toolchain-aarch64_generic_gcc-14.3.0_musl/lib/ld-musl-*.so* /workspaces/openwrt-radxa-rock5b-plus/openwrt/build_dir/target-aarch64_generic_musl/toolchain/.pkgdir/libc/lib/
cp -fpR /workspaces/openwrt-radxa-rock5b-plus/openwrt/staging_dir/toolchain-aarch64_generic_gcc-14.3.0_musl/lib/libc.so* /workspaces/openwrt-radxa-rock5b-plus/openwrt/build_dir/target-aarch64_generic_musl/toolchain/.pkgdir/libc/lib/
ln -sf ../../lib/libc.so /workspaces/openwrt-radxa-rock5b-plus/openwrt/build_dir/target-aarch64_generic_musl/toolchain/.pkgdir/libc/usr/bin/ldd
cp -fpR /workspaces/openwrt-radxa-rock5b-plus/openwrt/staging_dir/toolchain-aarch64_generic_gcc-14.3.0_musl/lib/libatomic.a /workspaces/openwrt-radxa-rock5b-plus/openwrt/staging_dir/toolchain-aarch64_generic_gcc-14.3.0_musl/lib/libc.a /workspaces/openwrt-radxa-rock5b-plus/openwrt/staging_dir/toolchain-aarch64_generic_gcc-14.3.0_musl/lib/libcrypt.a /workspaces/openwrt-radxa-rock5b-plus/openwrt/staging_dir/toolchain-aarch64_generic_gcc-14.3.0_musl/lib/libdl.a /workspaces/openwrt-radxa-rock5b-plus/openwrt/staging_dir/toolchain-aarch64_generic_gcc-14.3.0_musl/lib/libitm.a /workspaces/openwrt-radxa-rock5b-plus/openwrt/staging_dir/toolchain-aarch64_generic_gcc-14.3.0_musl/lib/libm.a /workspaces/openwrt-radxa-rock5b-plus/openwrt/staging_dir/toolchain-aarch64_generic_gcc-14.3.0_musl/lib/libpthread.a /workspaces/openwrt-radxa-rock5b-plus/openwrt/staging_dir/toolchain-aarch64_generic_gcc-14.3.0_musl/lib/libresolv.a /workspaces/openwrt-radxa-rock5b-plus/openwrt/staging_dir/toolchain-aarch64_generic_gcc-14.3.0_musl/lib/librt.a /workspaces/openwrt-radxa-rock5b-plus/openwrt/staging_dir/toolchain-aarch64_generic_gcc-14.3.0_musl/lib/libssp_nonshared.a /workspaces/openwrt-radxa-rock5b-plus/openwrt/staging_dir/toolchain-aarch64_generic_gcc-14.3.0_musl/lib/libstdc++.a /workspaces/openwrt-radxa-rock5b-plus/openwrt/staging_dir/toolchain-aarch64_generic_gcc-14.3.0_musl/lib/libstdc++exp.a /workspaces/openwrt-radxa-rock5b-plus/openwrt/staging_dir/toolchain-aarch64_generic_gcc-14.3.0_musl/lib/libstdc++fs.a /workspaces/openwrt-radxa-rock5b-plus/openwrt/staging_dir/toolchain-aarch64_generic_gcc-14.3.0_musl/lib/libsupc++.a /workspaces/openwrt-radxa-rock5b-plus/openwrt/staging_dir/toolchain-aarch64_generic_gcc-14.3.0_musl/lib/libutil.a /workspaces/openwrt-radxa-rock5b-plus/openwrt/staging_dir/toolchain-aarch64_generic_gcc-14.3.0_musl/lib/libxnet.a /workspaces/openwrt-radxa-rock5b-plus/openwrt/build_dir/target-aarch64_generic_musl/toolchain/.pkgdir/libc/lib/
make[2]: Leaving directory '/workspaces/openwrt-radxa-rock5b-plus/openwrt'
make[3]: Entering directory '/workspaces/openwrt-radxa-rock5b-plus/openwrt/package/kernel/gpio-button-hotplug'
mkdir -p /workspaces/openwrt-radxa-rock5b-plus/openwrt/staging_dir/target-aarch64_generic_musl/root-rockchip/stamp
SHELL= flock /workspaces/openwrt-radxa-rock5b-plus/openwrt/tmp/.root-copy.flock -c 'cp -fpR /workspaces/openwrt-radxa-rock5b-plus/openwrt/build_dir/target-aarch64_generic_musl/linux-rockchip_armv8/gpio-button-hotplug/.pkgdir/kmod-gpio-button-hotplug/. /workspaces/openwrt-radxa-rock5b-plus/openwrt/staging_dir/target-aarch64_generic_musl/root-rockchip/'
touch /workspaces/openwrt-radxa-rock5b-plus/openwrt/staging_dir/target-aarch64_generic_musl/root-rockchip/stamp/.kmod-gpio-button-hotplug_installed
echo "kmod-gpio-button-hotplug" >> /workspaces/openwrt-radxa-rock5b-plus/openwrt/staging_dir/target-aarch64_generic_musl/pkginfo/gpio-button-hotplug.default.install
make[3]: Leaving directory '/workspaces/openwrt-radxa-rock5b-plus/openwrt/package/kernel/gpio-button-hotplug'
time: package/kernel/gpio-button-hotplug/compile#0.10#0.11#0.66
make[3]: Entering directory '/workspaces/openwrt-radxa-rock5b-plus/openwrt/package/system/ucert'
make[3]: Leaving directory '/workspaces/openwrt-radxa-rock5b-plus/openwrt/package/system/ucert'
time: package/system/ucert/host-compile#0.20#0.14#0.46
cp -fpR /workspaces/openwrt-radxa-rock5b-plus/openwrt/staging_dir/toolchain-aarch64_generic_gcc-14.3.0_musl/lib/gcc/aarch64-openwrt-linux-musl/14.3.0/libgcc_pic.a /workspaces/openwrt-radxa-rock5b-plus/openwrt/build_dir/target-aarch64_generic_musl/toolchain/.pkgdir/libc/lib/libgcc_s_pic.a; cp -fpR /workspaces/openwrt-radxa-rock5b-plus/openwrt/staging_dir/toolchain-aarch64_generic_gcc-14.3.0_musl/lib/gcc/aarch64-openwrt-linux-musl/14.3.0/libgcc.map /workspaces/openwrt-radxa-rock5b-plus/openwrt/build_dir/target-aarch64_generic_musl/toolchain/.pkgdir/libc/lib/libgcc_s_pic.map 
touch /workspaces/openwrt-radxa-rock5b-plus/openwrt/build_dir/target-aarch64_generic_musl/toolchain/.pkgdir/libc.installed
mkdir -p /workspaces/openwrt-radxa-rock5b-plus/openwrt/staging_dir/target-aarch64_generic_musl/root-rockchip/stamp
SHELL= flock /workspaces/openwrt-radxa-rock5b-plus/openwrt/tmp/.root-copy.flock -c 'cp -fpR /workspaces/openwrt-radxa-rock5b-plus/openwrt/build_dir/target-aarch64_generic_musl/toolchain/.pkgdir/libc/. /workspaces/openwrt-radxa-rock5b-plus/openwrt/staging_dir/target-aarch64_generic_musl/root-rockchip/'
touch /workspaces/openwrt-radxa-rock5b-plus/openwrt/staging_dir/target-aarch64_generic_musl/root-rockchip/stamp/.libc_installed
rm -rf /workspaces/openwrt-radxa-rock5b-plus/openwrt/build_dir/target-aarch64_generic_musl/toolchain/ipkg-aarch64_generic/libgcc
/workspaces/openwrt-radxa-rock5b-plus/openwrt/scripts/ipkg-remove libgcc /workspaces/openwrt-radxa-rock5b-plus/openwrt/bin/targets/rockchip/armv8/packages/libgcc1-14.3.0-r5.apk
removed '/workspaces/openwrt-radxa-rock5b-plus/openwrt/bin/targets/rockchip/armv8/packages/libgcc1-14.3.0-r5.apk'
mkdir -p /workspaces/openwrt-radxa-rock5b-plus/openwrt/bin/targets/rockchip/armv8/packages /workspaces/openwrt-radxa-rock5b-plus/openwrt/build_dir/target-aarch64_generic_musl/toolchain/ipkg-aarch64_generic/libgcc /workspaces/openwrt-radxa-rock5b-plus/openwrt/staging_dir/target-aarch64_generic_musl/pkginfo
install -d -m0755 /workspaces/openwrt-radxa-rock5b-plus/openwrt/build_dir/target-aarch64_generic_musl/toolchain/ipkg-aarch64_generic/libgcc/lib
cp -fpR /workspaces/openwrt-radxa-rock5b-plus/openwrt/staging_dir/toolchain-aarch64_generic_gcc-14.3.0_musl/lib/libgcc_s.so.* /workspaces/openwrt-radxa-rock5b-plus/openwrt/build_dir/target-aarch64_generic_musl/toolchain/ipkg-aarch64_generic/libgcc/lib/
find /workspaces/openwrt-radxa-rock5b-plus/openwrt/build_dir/target-aarch64_generic_musl/toolchain/ipkg-aarch64_generic/libgcc -name 'CVS' -o -name '.svn' -o -name '.#*' -o -name '*~'| xargs -r rm -rf
export CROSS="aarch64-openwrt-linux-musl-"  NO_RENAME=1 ; NM="aarch64-openwrt-linux-musl-nm" STRIP="/workspaces/openwrt-radxa-rock5b-plus/openwrt/staging_dir/host/bin/sstrip -z" STRIP_KMOD="/workspaces/openwrt-radxa-rock5b-plus/openwrt/scripts/strip-kmod.sh" PATCHELF="/workspaces/openwrt-radxa-rock5b-plus/openwrt/staging_dir/host/bin/patchelf" /workspaces/openwrt-radxa-rock5b-plus/openwrt/scripts/rstrip.sh /workspaces/openwrt-radxa-rock5b-plus/openwrt/build_dir/target-aarch64_generic_musl/toolchain/ipkg-aarch64_generic/libgcc
rstrip.sh: /workspaces/openwrt-radxa-rock5b-plus/openwrt/build_dir/target-aarch64_generic_musl/toolchain/ipkg-aarch64_generic/libgcc/lib/libgcc_s.so.1: shared object
install -d -m0755 /workspaces/openwrt-radxa-rock5b-plus/openwrt/bin/targets/rockchip/armv8/packages/tmp
mkdir -p /workspaces/openwrt-radxa-rock5b-plus/openwrt/build_dir/target-aarch64_generic_musl/toolchain/apk-aarch64_generic/libgcc/
mkdir -p /workspaces/openwrt-radxa-rock5b-plus/openwrt/build_dir/target-aarch64_generic_musl/toolchain/ipkg-aarch64_generic/libgcc/lib/apk/packages/
(cd /workspaces/openwrt-radxa-rock5b-plus/openwrt/build_dir/target-aarch64_generic_musl/toolchain/apk-aarch64_generic/libgcc; )
( echo "#!/bin/sh"; echo "[ \"\${IPKG_NO_SCRIPT}\" = \"1\" ] && exit 0"; echo "[ -s "\${IPKG_INSTROOT}/lib/functions.sh" ] || exit 0"; echo ". \${IPKG_INSTROOT}/lib/functions.sh"; echo 'export root="${IPKG_INSTROOT}"'; echo 'export pkgname="libgcc"'; echo "add_group_and_user"; echo "default_postinst"; [ ! -f /workspaces/openwrt-radxa-rock5b-plus/openwrt/build_dir/target-aarch64_generic_musl/toolchain/apk-aarch64_generic/libgcc/postinst-pkg ] || sed -z 's/^\s*#!/#!/' "/workspaces/openwrt-radxa-rock5b-plus/openwrt/build_dir/target-aarch64_generic_musl/toolchain/apk-aarch64_generic/libgcc/postinst-pkg"; ) > /workspaces/openwrt-radxa-rock5b-plus/openwrt/build_dir/target-aarch64_generic_musl/toolchain/apk-aarch64_generic/libgcc/post-install;
( echo "#!/bin/sh"; echo 'export PKG_UPGRADE=1'; [ ! -f /workspaces/openwrt-radxa-rock5b-plus/openwrt/build_dir/target-aarch64_generic_musl/toolchain/apk-aarch64_generic/libgcc/post-install ] || sed -z 's/^\s*#!/#!/' "/workspaces/openwrt-radxa-rock5b-plus/openwrt/build_dir/target-aarch64_generic_musl/toolchain/apk-aarch64_generic/libgcc/post-install"; ) > /workspaces/openwrt-radxa-rock5b-plus/openwrt/build_dir/target-aarch64_generic_musl/toolchain/apk-aarch64_generic/libgcc/post-upgrade;
( echo "#!/bin/sh"; echo "[ -s "\${IPKG_INSTROOT}/lib/functions.sh" ] || exit 0"; echo ". \${IPKG_INSTROOT}/lib/functions.sh"; echo 'export root="${IPKG_INSTROOT}"'; echo 'export pkgname="libgcc"'; echo "default_prerm"; [ ! -f /workspaces/openwrt-radxa-rock5b-plus/openwrt/build_dir/target-aarch64_generic_musl/toolchain/apk-aarch64_generic/libgcc/prerm-pkg ] || sed -z 's/^\s*#!/#!/' "/workspaces/openwrt-radxa-rock5b-plus/openwrt/build_dir/target-aarch64_generic_musl/toolchain/apk-aarch64_generic/libgcc/prerm-pkg"; ) > /workspaces/openwrt-radxa-rock5b-plus/openwrt/build_dir/target-aarch64_generic_musl/toolchain/apk-aarch64_generic/libgcc/pre-deinstall;
[ ! -f /workspaces/openwrt-radxa-rock5b-plus/openwrt/build_dir/target-aarch64_generic_musl/toolchain/apk-aarch64_generic/libgcc/postrm ] || sed -zi 's/^\s*#!/#!/' "/workspaces/openwrt-radxa-rock5b-plus/openwrt/build_dir/target-aarch64_generic_musl/toolchain/apk-aarch64_generic/libgcc/postrm";
if [ -n "" ]; then echo  > /workspaces/openwrt-radxa-rock5b-plus/openwrt/build_dir/target-aarch64_generic_musl/toolchain/ipkg-aarch64_generic/libgcc/lib/apk/packages/libgcc.rusers; fi;
if [ -n "" ]; then echo  > /workspaces/openwrt-radxa-rock5b-plus/openwrt/build_dir/target-aarch64_generic_musl/toolchain/ipkg-aarch64_generic/libgcc/lib/apk/packages/libgcc.alternatives; fi;
(cd /workspaces/openwrt-radxa-rock5b-plus/openwrt/build_dir/target-aarch64_generic_musl/toolchain/ipkg-aarch64_generic/libgcc && find . -type f,l -printf "/%P\n" | sort > /workspaces/openwrt-radxa-rock5b-plus/openwrt/tmp/libgcc.list && mv /workspaces/openwrt-radxa-rock5b-plus/openwrt/tmp/libgcc.list /workspaces/openwrt-radxa-rock5b-plus/openwrt/build_dir/target-aarch64_generic_musl/toolchain/ipkg-aarch64_generic/libgcc/lib/apk/packages/libgcc.list)
# Move conffiles to IDIR and build conffiles_static with csums
if [ -f /workspaces/openwrt-radxa-rock5b-plus/openwrt/build_dir/target-aarch64_generic_musl/toolchain/apk-aarch64_generic/libgcc/conffiles ]; then mv -f /workspaces/openwrt-radxa-rock5b-plus/openwrt/build_dir/target-aarch64_generic_musl/toolchain/apk-aarch64_generic/libgcc/conffiles /workspaces/openwrt-radxa-rock5b-plus/openwrt/build_dir/target-aarch64_generic_musl/toolchain/ipkg-aarch64_generic/libgcc/lib/apk/packages/libgcc.conffiles; for file in $(cat /workspaces/openwrt-radxa-rock5b-plus/openwrt/build_dir/target-aarch64_generic_musl/toolchain/ipkg-aarch64_generic/libgcc/lib/apk/packages/libgcc.conffiles); do [ -f /workspaces/openwrt-radxa-rock5b-plus/openwrt/build_dir/target-aarch64_generic_musl/toolchain/ipkg-aarch64_generic/libgcc/$file ] || continue; csum=$(/workspaces/openwrt-radxa-rock5b-plus/openwrt/staging_dir/host/bin/mkhash sha256 /workspaces/openwrt-radxa-rock5b-plus/openwrt/build_dir/target-aarch64_generic_musl/toolchain/ipkg-aarch64_generic/libgcc/$file); echo $file $csum >> /workspaces/openwrt-radxa-rock5b-plus/openwrt/build_dir/target-aarch64_generic_musl/toolchain/ipkg-aarch64_generic/libgcc/lib/apk/packages/libgcc.conffiles_static; done; fi
# Some package (base-files) manually append stuff to conffiles
# Append stuff from it and delete the CONTROL directory since everything else should be migrated
if [ -f /workspaces/openwrt-radxa-rock5b-plus/openwrt/build_dir/target-aarch64_generic_musl/toolchain/ipkg-aarch64_generic/libgcc/CONTROL/conffiles ]; then echo $(IDIR_libgcc)/CONTROL/conffiles >> /workspaces/openwrt-radxa-rock5b-plus/openwrt/build_dir/target-aarch64_generic_musl/toolchain/ipkg-aarch64_generic/libgcc/lib/apk/packages/libgcc.conffiles; for file in $(cat /workspaces/openwrt-radxa-rock5b-plus/openwrt/build_dir/target-aarch64_generic_musl/toolchain/ipkg-aarch64_generic/libgcc/CONTROL/conffiles); do [ -f /workspaces/openwrt-radxa-rock5b-plus/openwrt/build_dir/target-aarch64_generic_musl/toolchain/ipkg-aarch64_generic/libgcc/$file ] || continue; csum=$(/workspaces/openwrt-radxa-rock5b-plus/openwrt/staging_dir/host/bin/mkhash sha256 /workspaces/openwrt-radxa-rock5b-plus/openwrt/build_dir/target-aarch64_generic_musl/toolchain/ipkg-aarch64_generic/libgcc/$file); echo $file $csum >> /workspaces/openwrt-radxa-rock5b-plus/openwrt/build_dir/target-aarch64_generic_musl/toolchain/ipkg-aarch64_generic/libgcc/lib/apk/packages/libgcc.conffiles_static; done; rm -rf /workspaces/openwrt-radxa-rock5b-plus/openwrt/build_dir/target-aarch64_generic_musl/toolchain/ipkg-aarch64_generic/libgcc/CONTROL/conffiles; fi
if [ -z "$(ls -A /workspaces/openwrt-radxa-rock5b-plus/openwrt/build_dir/target-aarch64_generic_musl/toolchain/ipkg-aarch64_generic/libgcc/CONTROL 2>/dev/null)" ]; then rm -rf /workspaces/openwrt-radxa-rock5b-plus/openwrt/build_dir/target-aarch64_generic_musl/toolchain/ipkg-aarch64_generic/libgcc/CONTROL; else echo "CONTROL directory /workspaces/openwrt-radxa-rock5b-plus/openwrt/build_dir/target-aarch64_generic_musl/toolchain/ipkg-aarch64_generic/libgcc/CONTROL is not empty! This is not right and should be checked!" >&2; exit 1; fi
/workspaces/openwrt-radxa-rock5b-plus/openwrt/staging_dir/host/bin/fakeroot /workspaces/openwrt-radxa-rock5b-plus/openwrt/staging_dir/host/bin/apk mkpkg --info "name:libgcc1" --info "version:14.3.0-r5" --info "tags:openwrt:abiversion=1" --info "description:GCC support library" --info "arch:aarch64_generic" --info "license:GPL-3.0-with-GCC-exception" --info "origin:feeds/base/libs/toolchain" --info "url:http://gcc.gnu.org/" --info "maintainer:Felix Fietkau <nbd@nbd.name>" --info "provides: libgcc=14.3.0-r5 "  --script "post-install:/workspaces/openwrt-radxa-rock5b-plus/openwrt/build_dir/target-aarch64_generic_musl/toolchain/apk-aarch64_generic/libgcc/post-install" --script "post-upgrade:/workspaces/openwrt-radxa-rock5b-plus/openwrt/build_dir/target-aarch64_generic_musl/toolchain/apk-aarch64_generic/libgcc/post-upgrade" --script "pre-deinstall:/workspaces/openwrt-radxa-rock5b-plus/openwrt/build_dir/target-aarch64_generic_musl/toolchain/apk-aarch64_generic/libgcc/pre-deinstall" --info "depends:" --files "/workspaces/openwrt-radxa-rock5b-plus/openwrt/build_dir/target-aarch64_generic_musl/toolchain/ipkg-aarch64_generic/libgcc" --output "/workspaces/openwrt-radxa-rock5b-plus/openwrt/bin/targets/rockchip/armv8/packages/libgcc1-14.3.0-r5.apk" --sign "/workspaces/openwrt-radxa-rock5b-plus/openwrt/private-key.pem"
rm -rf /workspaces/openwrt-radxa-rock5b-plus/openwrt/build_dir/target-aarch64_generic_musl/toolchain/ipkg-aarch64_generic/libc
/workspaces/openwrt-radxa-rock5b-plus/openwrt/scripts/ipkg-remove libc /workspaces/openwrt-radxa-rock5b-plus/openwrt/bin/targets/rockchip/armv8/packages/libc-1.2.5-r5.apk
removed '/workspaces/openwrt-radxa-rock5b-plus/openwrt/bin/targets/rockchip/armv8/packages/libc-1.2.5-r5.apk'
mkdir -p /workspaces/openwrt-radxa-rock5b-plus/openwrt/bin/targets/rockchip/armv8/packages /workspaces/openwrt-radxa-rock5b-plus/openwrt/build_dir/target-aarch64_generic_musl/toolchain/ipkg-aarch64_generic/libc /workspaces/openwrt-radxa-rock5b-plus/openwrt/staging_dir/target-aarch64_generic_musl/pkginfo
echo 1.2.5-r5 > /workspaces/openwrt-radxa-rock5b-plus/openwrt/tmp/libc.version; 	install -d -m0755 /workspaces/openwrt-radxa-rock5b-plus/openwrt/build_dir/target-aarch64_generic_musl/toolchain/ipkg-aarch64_generic/libc/lib /workspaces/openwrt-radxa-rock5b-plus/openwrt/build_dir/target-aarch64_generic_musl/toolchain/ipkg-aarch64_generic/libc/usr/bin
cp -fpR /workspaces/openwrt-radxa-rock5b-plus/openwrt/staging_dir/toolchain-aarch64_generic_gcc-14.3.0_musl/lib/ld-musl-*.so* /workspaces/openwrt-radxa-rock5b-plus/openwrt/build_dir/target-aarch64_generic_musl/toolchain/ipkg-aarch64_generic/libc/lib/
cp -fpR /workspaces/openwrt-radxa-rock5b-plus/openwrt/staging_dir/toolchain-aarch64_generic_gcc-14.3.0_musl/lib/libc.so* /workspaces/openwrt-radxa-rock5b-plus/openwrt/build_dir/target-aarch64_generic_musl/toolchain/ipkg-aarch64_generic/libc/lib/
ln -sf ../../lib/libc.so /workspaces/openwrt-radxa-rock5b-plus/openwrt/build_dir/target-aarch64_generic_musl/toolchain/ipkg-aarch64_generic/libc/usr/bin/ldd
find /workspaces/openwrt-radxa-rock5b-plus/openwrt/build_dir/target-aarch64_generic_musl/toolchain/ipkg-aarch64_generic/libc -name 'CVS' -o -name '.svn' -o -name '.#*' -o -name '*~'| xargs -r rm -rf
export CROSS="aarch64-openwrt-linux-musl-"  NO_RENAME=1 ; NM="aarch64-openwrt-linux-musl-nm" STRIP="/workspaces/openwrt-radxa-rock5b-plus/openwrt/staging_dir/host/bin/sstrip -z" STRIP_KMOD="/workspaces/openwrt-radxa-rock5b-plus/openwrt/scripts/strip-kmod.sh" PATCHELF="/workspaces/openwrt-radxa-rock5b-plus/openwrt/staging_dir/host/bin/patchelf" /workspaces/openwrt-radxa-rock5b-plus/openwrt/scripts/rstrip.sh /workspaces/openwrt-radxa-rock5b-plus/openwrt/build_dir/target-aarch64_generic_musl/toolchain/ipkg-aarch64_generic/libc
rstrip.sh: /workspaces/openwrt-radxa-rock5b-plus/openwrt/build_dir/target-aarch64_generic_musl/toolchain/ipkg-aarch64_generic/libc/lib/libc.so: shared object
install -d -m0755 /workspaces/openwrt-radxa-rock5b-plus/openwrt/bin/targets/rockchip/armv8/packages/tmp
mkdir -p /workspaces/openwrt-radxa-rock5b-plus/openwrt/build_dir/target-aarch64_generic_musl/toolchain/apk-aarch64_generic/libc/
mkdir -p /workspaces/openwrt-radxa-rock5b-plus/openwrt/build_dir/target-aarch64_generic_musl/toolchain/ipkg-aarch64_generic/libc/lib/apk/packages/
(cd /workspaces/openwrt-radxa-rock5b-plus/openwrt/build_dir/target-aarch64_generic_musl/toolchain/apk-aarch64_generic/libc; )
( echo "#!/bin/sh"; echo "[ \"\${IPKG_NO_SCRIPT}\" = \"1\" ] && exit 0"; echo "[ -s "\${IPKG_INSTROOT}/lib/functions.sh" ] || exit 0"; echo ". \${IPKG_INSTROOT}/lib/functions.sh"; echo 'export root="${IPKG_INSTROOT}"'; echo 'export pkgname="libc"'; echo "add_group_and_user"; echo "default_postinst"; [ ! -f /workspaces/openwrt-radxa-rock5b-plus/openwrt/build_dir/target-aarch64_generic_musl/toolchain/apk-aarch64_generic/libc/postinst-pkg ] || sed -z 's/^\s*#!/#!/' "/workspaces/openwrt-radxa-rock5b-plus/openwrt/build_dir/target-aarch64_generic_musl/toolchain/apk-aarch64_generic/libc/postinst-pkg"; ) > /workspaces/openwrt-radxa-rock5b-plus/openwrt/build_dir/target-aarch64_generic_musl/toolchain/apk-aarch64_generic/libc/post-install;
( echo "#!/bin/sh"; echo 'export PKG_UPGRADE=1'; [ ! -f /workspaces/openwrt-radxa-rock5b-plus/openwrt/build_dir/target-aarch64_generic_musl/toolchain/apk-aarch64_generic/libc/post-install ] || sed -z 's/^\s*#!/#!/' "/workspaces/openwrt-radxa-rock5b-plus/openwrt/build_dir/target-aarch64_generic_musl/toolchain/apk-aarch64_generic/libc/post-install"; ) > /workspaces/openwrt-radxa-rock5b-plus/openwrt/build_dir/target-aarch64_generic_musl/toolchain/apk-aarch64_generic/libc/post-upgrade;
( echo "#!/bin/sh"; echo "[ -s "\${IPKG_INSTROOT}/lib/functions.sh" ] || exit 0"; echo ". \${IPKG_INSTROOT}/lib/functions.sh"; echo 'export root="${IPKG_INSTROOT}"'; echo 'export pkgname="libc"'; echo "default_prerm"; [ ! -f /workspaces/openwrt-radxa-rock5b-plus/openwrt/build_dir/target-aarch64_generic_musl/toolchain/apk-aarch64_generic/libc/prerm-pkg ] || sed -z 's/^\s*#!/#!/' "/workspaces/openwrt-radxa-rock5b-plus/openwrt/build_dir/target-aarch64_generic_musl/toolchain/apk-aarch64_generic/libc/prerm-pkg"; ) > /workspaces/openwrt-radxa-rock5b-plus/openwrt/build_dir/target-aarch64_generic_musl/toolchain/apk-aarch64_generic/libc/pre-deinstall;
[ ! -f /workspaces/openwrt-radxa-rock5b-plus/openwrt/build_dir/target-aarch64_generic_musl/toolchain/apk-aarch64_generic/libc/postrm ] || sed -zi 's/^\s*#!/#!/' "/workspaces/openwrt-radxa-rock5b-plus/openwrt/build_dir/target-aarch64_generic_musl/toolchain/apk-aarch64_generic/libc/postrm";
if [ -n "" ]; then echo  > /workspaces/openwrt-radxa-rock5b-plus/openwrt/build_dir/target-aarch64_generic_musl/toolchain/ipkg-aarch64_generic/libc/lib/apk/packages/libc.rusers; fi;
if [ -n "" ]; then echo  > /workspaces/openwrt-radxa-rock5b-plus/openwrt/build_dir/target-aarch64_generic_musl/toolchain/ipkg-aarch64_generic/libc/lib/apk/packages/libc.alternatives; fi;
(cd /workspaces/openwrt-radxa-rock5b-plus/openwrt/build_dir/target-aarch64_generic_musl/toolchain/ipkg-aarch64_generic/libc && find . -type f,l -printf "/%P\n" | sort > /workspaces/openwrt-radxa-rock5b-plus/openwrt/tmp/libc.list && mv /workspaces/openwrt-radxa-rock5b-plus/openwrt/tmp/libc.list /workspaces/openwrt-radxa-rock5b-plus/openwrt/build_dir/target-aarch64_generic_musl/toolchain/ipkg-aarch64_generic/libc/lib/apk/packages/libc.list)
# Move conffiles to IDIR and build conffiles_static with csums
if [ -f /workspaces/openwrt-radxa-rock5b-plus/openwrt/build_dir/target-aarch64_generic_musl/toolchain/apk-aarch64_generic/libc/conffiles ]; then mv -f /workspaces/openwrt-radxa-rock5b-plus/openwrt/build_dir/target-aarch64_generic_musl/toolchain/apk-aarch64_generic/libc/conffiles /workspaces/openwrt-radxa-rock5b-plus/openwrt/build_dir/target-aarch64_generic_musl/toolchain/ipkg-aarch64_generic/libc/lib/apk/packages/libc.conffiles; for file in $(cat /workspaces/openwrt-radxa-rock5b-plus/openwrt/build_dir/target-aarch64_generic_musl/toolchain/ipkg-aarch64_generic/libc/lib/apk/packages/libc.conffiles); do [ -f /workspaces/openwrt-radxa-rock5b-plus/openwrt/build_dir/target-aarch64_generic_musl/toolchain/ipkg-aarch64_generic/libc/$file ] || continue; csum=$(/workspaces/openwrt-radxa-rock5b-plus/openwrt/staging_dir/host/bin/mkhash sha256 /workspaces/openwrt-radxa-rock5b-plus/openwrt/build_dir/target-aarch64_generic_musl/toolchain/ipkg-aarch64_generic/libc/$file); echo $file $csum >> /workspaces/openwrt-radxa-rock5b-plus/openwrt/build_dir/target-aarch64_generic_musl/toolchain/ipkg-aarch64_generic/libc/lib/apk/packages/libc.conffiles_static; done; fi
# Some package (base-files) manually append stuff to conffiles
# Append stuff from it and delete the CONTROL directory since everything else should be migrated
if [ -f /workspaces/openwrt-radxa-rock5b-plus/openwrt/build_dir/target-aarch64_generic_musl/toolchain/ipkg-aarch64_generic/libc/CONTROL/conffiles ]; then echo $(IDIR_libc)/CONTROL/conffiles >> /workspaces/openwrt-radxa-rock5b-plus/openwrt/build_dir/target-aarch64_generic_musl/toolchain/ipkg-aarch64_generic/libc/lib/apk/packages/libc.conffiles; for file in $(cat /workspaces/openwrt-radxa-rock5b-plus/openwrt/build_dir/target-aarch64_generic_musl/toolchain/ipkg-aarch64_generic/libc/CONTROL/conffiles); do [ -f /workspaces/openwrt-radxa-rock5b-plus/openwrt/build_dir/target-aarch64_generic_musl/toolchain/ipkg-aarch64_generic/libc/$file ] || continue; csum=$(/workspaces/openwrt-radxa-rock5b-plus/openwrt/staging_dir/host/bin/mkhash sha256 /workspaces/openwrt-radxa-rock5b-plus/openwrt/build_dir/target-aarch64_generic_musl/toolchain/ipkg-aarch64_generic/libc/$file); echo $file $csum >> /workspaces/openwrt-radxa-rock5b-plus/openwrt/build_dir/target-aarch64_generic_musl/toolchain/ipkg-aarch64_generic/libc/lib/apk/packages/libc.conffiles_static; done; rm -rf /workspaces/openwrt-radxa-rock5b-plus/openwrt/build_dir/target-aarch64_generic_musl/toolchain/ipkg-aarch64_generic/libc/CONTROL/conffiles; fi
if [ -z "$(ls -A /workspaces/openwrt-radxa-rock5b-plus/openwrt/build_dir/target-aarch64_generic_musl/toolchain/ipkg-aarch64_generic/libc/CONTROL 2>/dev/null)" ]; then rm -rf /workspaces/openwrt-radxa-rock5b-plus/openwrt/build_dir/target-aarch64_generic_musl/toolchain/ipkg-aarch64_generic/libc/CONTROL; else echo "CONTROL directory /workspaces/openwrt-radxa-rock5b-plus/openwrt/build_dir/target-aarch64_generic_musl/toolchain/ipkg-aarch64_generic/libc/CONTROL is not empty! This is not right and should be checked!" >&2; exit 1; fi
/workspaces/openwrt-radxa-rock5b-plus/openwrt/staging_dir/host/bin/fakeroot /workspaces/openwrt-radxa-rock5b-plus/openwrt/staging_dir/host/bin/apk mkpkg --info "name:libc" --info "version:1.2.5-r5"  --info "description:C library" --info "arch:aarch64_generic" --info "license:GPL-3.0-with-GCC-exception" --info "origin:feeds/base/libs/toolchain" --info "url:http://www.musl-libc.org/" --info "maintainer:Felix Fietkau <nbd@nbd.name>" --info "provides:"  --script "post-install:/workspaces/openwrt-radxa-rock5b-plus/openwrt/build_dir/target-aarch64_generic_musl/toolchain/apk-aarch64_generic/libc/post-install" --script "post-upgrade:/workspaces/openwrt-radxa-rock5b-plus/openwrt/build_dir/target-aarch64_generic_musl/toolchain/apk-aarch64_generic/libc/post-upgrade" --script "pre-deinstall:/workspaces/openwrt-radxa-rock5b-plus/openwrt/build_dir/target-aarch64_generic_musl/toolchain/apk-aarch64_generic/libc/pre-deinstall" --info "depends:libgcc1" --files "/workspaces/openwrt-radxa-rock5b-plus/openwrt/build_dir/target-aarch64_generic_musl/toolchain/ipkg-aarch64_generic/libc" --output "/workspaces/openwrt-radxa-rock5b-plus/openwrt/bin/targets/rockchip/armv8/packages/libc-1.2.5-r5.apk" --sign "/workspaces/openwrt-radxa-rock5b-plus/openwrt/private-key.pem"
rm -rf /workspaces/openwrt-radxa-rock5b-plus/openwrt/build_dir/target-aarch64_generic_musl/toolchain/ipkg-aarch64_generic/libatomic
/workspaces/openwrt-radxa-rock5b-plus/openwrt/scripts/ipkg-remove libatomic /workspaces/openwrt-radxa-rock5b-plus/openwrt/bin/targets/rockchip/armv8/packages/libatomic1-14.3.0-r5.apk
removed '/workspaces/openwrt-radxa-rock5b-plus/openwrt/bin/targets/rockchip/armv8/packages/libatomic1-14.3.0-r5.apk'
mkdir -p /workspaces/openwrt-radxa-rock5b-plus/openwrt/bin/targets/rockchip/armv8/packages /workspaces/openwrt-radxa-rock5b-plus/openwrt/build_dir/target-aarch64_generic_musl/toolchain/ipkg-aarch64_generic/libatomic /workspaces/openwrt-radxa-rock5b-plus/openwrt/staging_dir/target-aarch64_generic_musl/pkginfo
install -d -m0755 /workspaces/openwrt-radxa-rock5b-plus/openwrt/build_dir/target-aarch64_generic_musl/toolchain/ipkg-aarch64_generic/libatomic/lib
cp -fpR /workspaces/openwrt-radxa-rock5b-plus/openwrt/staging_dir/toolchain-aarch64_generic_gcc-14.3.0_musl/lib/libatomic.so.* /workspaces/openwrt-radxa-rock5b-plus/openwrt/build_dir/target-aarch64_generic_musl/toolchain/ipkg-aarch64_generic/libatomic/lib/
find /workspaces/openwrt-radxa-rock5b-plus/openwrt/build_dir/target-aarch64_generic_musl/toolchain/ipkg-aarch64_generic/libatomic -name 'CVS' -o -name '.svn' -o -name '.#*' -o -name '*~'| xargs -r rm -rf
export CROSS="aarch64-openwrt-linux-musl-"  NO_RENAME=1 ; NM="aarch64-openwrt-linux-musl-nm" STRIP="/workspaces/openwrt-radxa-rock5b-plus/openwrt/staging_dir/host/bin/sstrip -z" STRIP_KMOD="/workspaces/openwrt-radxa-rock5b-plus/openwrt/scripts/strip-kmod.sh" PATCHELF="/workspaces/openwrt-radxa-rock5b-plus/openwrt/staging_dir/host/bin/patchelf" /workspaces/openwrt-radxa-rock5b-plus/openwrt/scripts/rstrip.sh /workspaces/openwrt-radxa-rock5b-plus/openwrt/build_dir/target-aarch64_generic_musl/toolchain/ipkg-aarch64_generic/libatomic
rstrip.sh: /workspaces/openwrt-radxa-rock5b-plus/openwrt/build_dir/target-aarch64_generic_musl/toolchain/ipkg-aarch64_generic/libatomic/lib/libatomic.so.1.2.0: shared object
install -d -m0755 /workspaces/openwrt-radxa-rock5b-plus/openwrt/bin/targets/rockchip/armv8/packages/tmp
mkdir -p /workspaces/openwrt-radxa-rock5b-plus/openwrt/build_dir/target-aarch64_generic_musl/toolchain/apk-aarch64_generic/libatomic/
mkdir -p /workspaces/openwrt-radxa-rock5b-plus/openwrt/build_dir/target-aarch64_generic_musl/toolchain/ipkg-aarch64_generic/libatomic/lib/apk/packages/
(cd /workspaces/openwrt-radxa-rock5b-plus/openwrt/build_dir/target-aarch64_generic_musl/toolchain/apk-aarch64_generic/libatomic; )
( echo "#!/bin/sh"; echo "[ \"\${IPKG_NO_SCRIPT}\" = \"1\" ] && exit 0"; echo "[ -s "\${IPKG_INSTROOT}/lib/functions.sh" ] || exit 0"; echo ". \${IPKG_INSTROOT}/lib/functions.sh"; echo 'export root="${IPKG_INSTROOT}"'; echo 'export pkgname="libatomic"'; echo "add_group_and_user"; echo "default_postinst"; [ ! -f /workspaces/openwrt-radxa-rock5b-plus/openwrt/build_dir/target-aarch64_generic_musl/toolchain/apk-aarch64_generic/libatomic/postinst-pkg ] || sed -z 's/^\s*#!/#!/' "/workspaces/openwrt-radxa-rock5b-plus/openwrt/build_dir/target-aarch64_generic_musl/toolchain/apk-aarch64_generic/libatomic/postinst-pkg"; ) > /workspaces/openwrt-radxa-rock5b-plus/openwrt/build_dir/target-aarch64_generic_musl/toolchain/apk-aarch64_generic/libatomic/post-install;
( echo "#!/bin/sh"; echo 'export PKG_UPGRADE=1'; [ ! -f /workspaces/openwrt-radxa-rock5b-plus/openwrt/build_dir/target-aarch64_generic_musl/toolchain/apk-aarch64_generic/libatomic/post-install ] || sed -z 's/^\s*#!/#!/' "/workspaces/openwrt-radxa-rock5b-plus/openwrt/build_dir/target-aarch64_generic_musl/toolchain/apk-aarch64_generic/libatomic/post-install"; ) > /workspaces/openwrt-radxa-rock5b-plus/openwrt/build_dir/target-aarch64_generic_musl/toolchain/apk-aarch64_generic/libatomic/post-upgrade;
( echo "#!/bin/sh"; echo "[ -s "\${IPKG_INSTROOT}/lib/functions.sh" ] || exit 0"; echo ". \${IPKG_INSTROOT}/lib/functions.sh"; echo 'export root="${IPKG_INSTROOT}"'; echo 'export pkgname="libatomic"'; echo "default_prerm"; [ ! -f /workspaces/openwrt-radxa-rock5b-plus/openwrt/build_dir/target-aarch64_generic_musl/toolchain/apk-aarch64_generic/libatomic/prerm-pkg ] || sed -z 's/^\s*#!/#!/' "/workspaces/openwrt-radxa-rock5b-plus/openwrt/build_dir/target-aarch64_generic_musl/toolchain/apk-aarch64_generic/libatomic/prerm-pkg"; ) > /workspaces/openwrt-radxa-rock5b-plus/openwrt/build_dir/target-aarch64_generic_musl/toolchain/apk-aarch64_generic/libatomic/pre-deinstall;
[ ! -f /workspaces/openwrt-radxa-rock5b-plus/openwrt/build_dir/target-aarch64_generic_musl/toolchain/apk-aarch64_generic/libatomic/postrm ] || sed -zi 's/^\s*#!/#!/' "/workspaces/openwrt-radxa-rock5b-plus/openwrt/build_dir/target-aarch64_generic_musl/toolchain/apk-aarch64_generic/libatomic/postrm";
if [ -n "" ]; then echo  > /workspaces/openwrt-radxa-rock5b-plus/openwrt/build_dir/target-aarch64_generic_musl/toolchain/ipkg-aarch64_generic/libatomic/lib/apk/packages/libatomic.rusers; fi;
if [ -n "" ]; then echo  > /workspaces/openwrt-radxa-rock5b-plus/openwrt/build_dir/target-aarch64_generic_musl/toolchain/ipkg-aarch64_generic/libatomic/lib/apk/packages/libatomic.alternatives; fi;
(cd /workspaces/openwrt-radxa-rock5b-plus/openwrt/build_dir/target-aarch64_generic_musl/toolchain/ipkg-aarch64_generic/libatomic && find . -type f,l -printf "/%P\n" | sort > /workspaces/openwrt-radxa-rock5b-plus/openwrt/tmp/libatomic.list && mv /workspaces/openwrt-radxa-rock5b-plus/openwrt/tmp/libatomic.list /workspaces/openwrt-radxa-rock5b-plus/openwrt/build_dir/target-aarch64_generic_musl/toolchain/ipkg-aarch64_generic/libatomic/lib/apk/packages/libatomic.list)
# Move conffiles to IDIR and build conffiles_static with csums
if [ -f /workspaces/openwrt-radxa-rock5b-plus/openwrt/build_dir/target-aarch64_generic_musl/toolchain/apk-aarch64_generic/libatomic/conffiles ]; then mv -f /workspaces/openwrt-radxa-rock5b-plus/openwrt/build_dir/target-aarch64_generic_musl/toolchain/apk-aarch64_generic/libatomic/conffiles /workspaces/openwrt-radxa-rock5b-plus/openwrt/build_dir/target-aarch64_generic_musl/toolchain/ipkg-aarch64_generic/libatomic/lib/apk/packages/libatomic.conffiles; for file in $(cat /workspaces/openwrt-radxa-rock5b-plus/openwrt/build_dir/target-aarch64_generic_musl/toolchain/ipkg-aarch64_generic/libatomic/lib/apk/packages/libatomic.conffiles); do [ -f /workspaces/openwrt-radxa-rock5b-plus/openwrt/build_dir/target-aarch64_generic_musl/toolchain/ipkg-aarch64_generic/libatomic/$file ] || continue; csum=$(/workspaces/openwrt-radxa-rock5b-plus/openwrt/staging_dir/host/bin/mkhash sha256 /workspaces/openwrt-radxa-rock5b-plus/openwrt/build_dir/target-aarch64_generic_musl/toolchain/ipkg-aarch64_generic/libatomic/$file); echo $file $csum >> /workspaces/openwrt-radxa-rock5b-plus/openwrt/build_dir/target-aarch64_generic_musl/toolchain/ipkg-aarch64_generic/libatomic/lib/apk/packages/libatomic.conffiles_static; done; fi
# Some package (base-files) manually append stuff to conffiles
# Append stuff from it and delete the CONTROL directory since everything else should be migrated
if [ -f /workspaces/openwrt-radxa-rock5b-plus/openwrt/build_dir/target-aarch64_generic_musl/toolchain/ipkg-aarch64_generic/libatomic/CONTROL/conffiles ]; then echo $(IDIR_libatomic)/CONTROL/conffiles >> /workspaces/openwrt-radxa-rock5b-plus/openwrt/build_dir/target-aarch64_generic_musl/toolchain/ipkg-aarch64_generic/libatomic/lib/apk/packages/libatomic.conffiles; for file in $(cat /workspaces/openwrt-radxa-rock5b-plus/openwrt/build_dir/target-aarch64_generic_musl/toolchain/ipkg-aarch64_generic/libatomic/CONTROL/conffiles); do [ -f /workspaces/openwrt-radxa-rock5b-plus/openwrt/build_dir/target-aarch64_generic_musl/toolchain/ipkg-aarch64_generic/libatomic/$file ] || continue; csum=$(/workspaces/openwrt-radxa-rock5b-plus/openwrt/staging_dir/host/bin/mkhash sha256 /workspaces/openwrt-radxa-rock5b-plus/openwrt/build_dir/target-aarch64_generic_musl/toolchain/ipkg-aarch64_generic/libatomic/$file); echo $file $csum >> /workspaces/openwrt-radxa-rock5b-plus/openwrt/build_dir/target-aarch64_generic_musl/toolchain/ipkg-aarch64_generic/libatomic/lib/apk/packages/libatomic.conffiles_static; done; rm -rf /workspaces/openwrt-radxa-rock5b-plus/openwrt/build_dir/target-aarch64_generic_musl/toolchain/ipkg-aarch64_generic/libatomic/CONTROL/conffiles; fi
if [ -z "$(ls -A /workspaces/openwrt-radxa-rock5b-plus/openwrt/build_dir/target-aarch64_generic_musl/toolchain/ipkg-aarch64_generic/libatomic/CONTROL 2>/dev/null)" ]; then rm -rf /workspaces/openwrt-radxa-rock5b-plus/openwrt/build_dir/target-aarch64_generic_musl/toolchain/ipkg-aarch64_generic/libatomic/CONTROL; else echo "CONTROL directory /workspaces/openwrt-radxa-rock5b-plus/openwrt/build_dir/target-aarch64_generic_musl/toolchain/ipkg-aarch64_generic/libatomic/CONTROL is not empty! This is not right and should be checked!" >&2; exit 1; fi
/workspaces/openwrt-radxa-rock5b-plus/openwrt/staging_dir/host/bin/fakeroot /workspaces/openwrt-radxa-rock5b-plus/openwrt/staging_dir/host/bin/apk mkpkg --info "name:libatomic1" --info "version:14.3.0-r5" --info "tags:openwrt:abiversion=1" --info "description:Atomic support library" --info "arch:aarch64_generic" --info "license:GPL-3.0-with-GCC-exception" --info "origin:feeds/base/libs/toolchain" --info "url:http://gcc.gnu.org/" --info "maintainer:Felix Fietkau <nbd@nbd.name>" --info "provides: libatomic=14.3.0-r5 "  --script "post-install:/workspaces/openwrt-radxa-rock5b-plus/openwrt/build_dir/target-aarch64_generic_musl/toolchain/apk-aarch64_generic/libatomic/post-install" --script "post-upgrade:/workspaces/openwrt-radxa-rock5b-plus/openwrt/build_dir/target-aarch64_generic_musl/toolchain/apk-aarch64_generic/libatomic/post-upgrade" --script "pre-deinstall:/workspaces/openwrt-radxa-rock5b-plus/openwrt/build_dir/target-aarch64_generic_musl/toolchain/apk-aarch64_generic/libatomic/pre-deinstall" --info "depends:libgcc1" --files "/workspaces/openwrt-radxa-rock5b-plus/openwrt/build_dir/target-aarch64_generic_musl/toolchain/ipkg-aarch64_generic/libatomic" --output "/workspaces/openwrt-radxa-rock5b-plus/openwrt/bin/targets/rockchip/armv8/packages/libatomic1-14.3.0-r5.apk" --sign "/workspaces/openwrt-radxa-rock5b-plus/openwrt/private-key.pem"
rm -rf /workspaces/openwrt-radxa-rock5b-plus/openwrt/build_dir/target-aarch64_generic_musl/toolchain/ipkg-aarch64_generic/libpthread
/workspaces/openwrt-radxa-rock5b-plus/openwrt/scripts/ipkg-remove libpthread /workspaces/openwrt-radxa-rock5b-plus/openwrt/bin/targets/rockchip/armv8/packages/libpthread-1.2.5-r5.apk
removed '/workspaces/openwrt-radxa-rock5b-plus/openwrt/bin/targets/rockchip/armv8/packages/libpthread-1.2.5-r5.apk'
mkdir -p /workspaces/openwrt-radxa-rock5b-plus/openwrt/bin/targets/rockchip/armv8/packages /workspaces/openwrt-radxa-rock5b-plus/openwrt/build_dir/target-aarch64_generic_musl/toolchain/ipkg-aarch64_generic/libpthread /workspaces/openwrt-radxa-rock5b-plus/openwrt/staging_dir/target-aarch64_generic_musl/pkginfo
install -d -m0755 /workspaces/openwrt-radxa-rock5b-plus/openwrt/build_dir/target-aarch64_generic_musl/toolchain/ipkg-aarch64_generic/libpthread/lib
find /workspaces/openwrt-radxa-rock5b-plus/openwrt/build_dir/target-aarch64_generic_musl/toolchain/ipkg-aarch64_generic/libpthread -name 'CVS' -o -name '.svn' -o -name '.#*' -o -name '*~'| xargs -r rm -rf
export CROSS="aarch64-openwrt-linux-musl-"  NO_RENAME=1 ; NM="aarch64-openwrt-linux-musl-nm" STRIP="/workspaces/openwrt-radxa-rock5b-plus/openwrt/staging_dir/host/bin/sstrip -z" STRIP_KMOD="/workspaces/openwrt-radxa-rock5b-plus/openwrt/scripts/strip-kmod.sh" PATCHELF="/workspaces/openwrt-radxa-rock5b-plus/openwrt/staging_dir/host/bin/patchelf" /workspaces/openwrt-radxa-rock5b-plus/openwrt/scripts/rstrip.sh /workspaces/openwrt-radxa-rock5b-plus/openwrt/build_dir/target-aarch64_generic_musl/toolchain/ipkg-aarch64_generic/libpthread
install -d -m0755 /workspaces/openwrt-radxa-rock5b-plus/openwrt/bin/targets/rockchip/armv8/packages/tmp
mkdir -p /workspaces/openwrt-radxa-rock5b-plus/openwrt/build_dir/target-aarch64_generic_musl/toolchain/apk-aarch64_generic/libpthread/
mkdir -p /workspaces/openwrt-radxa-rock5b-plus/openwrt/build_dir/target-aarch64_generic_musl/toolchain/ipkg-aarch64_generic/libpthread/lib/apk/packages/
(cd /workspaces/openwrt-radxa-rock5b-plus/openwrt/build_dir/target-aarch64_generic_musl/toolchain/apk-aarch64_generic/libpthread; )
( echo "#!/bin/sh"; echo "[ \"\${IPKG_NO_SCRIPT}\" = \"1\" ] && exit 0"; echo "[ -s "\${IPKG_INSTROOT}/lib/functions.sh" ] || exit 0"; echo ". \${IPKG_INSTROOT}/lib/functions.sh"; echo 'export root="${IPKG_INSTROOT}"'; echo 'export pkgname="libpthread"'; echo "add_group_and_user"; echo "default_postinst"; [ ! -f /workspaces/openwrt-radxa-rock5b-plus/openwrt/build_dir/target-aarch64_generic_musl/toolchain/apk-aarch64_generic/libpthread/postinst-pkg ] || sed -z 's/^\s*#!/#!/' "/workspaces/openwrt-radxa-rock5b-plus/openwrt/build_dir/target-aarch64_generic_musl/toolchain/apk-aarch64_generic/libpthread/postinst-pkg"; ) > /workspaces/openwrt-radxa-rock5b-plus/openwrt/build_dir/target-aarch64_generic_musl/toolchain/apk-aarch64_generic/libpthread/post-install;
( echo "#!/bin/sh"; echo 'export PKG_UPGRADE=1'; [ ! -f /workspaces/openwrt-radxa-rock5b-plus/openwrt/build_dir/target-aarch64_generic_musl/toolchain/apk-aarch64_generic/libpthread/post-install ] || sed -z 's/^\s*#!/#!/' "/workspaces/openwrt-radxa-rock5b-plus/openwrt/build_dir/target-aarch64_generic_musl/toolchain/apk-aarch64_generic/libpthread/post-install"; ) > /workspaces/openwrt-radxa-rock5b-plus/openwrt/build_dir/target-aarch64_generic_musl/toolchain/apk-aarch64_generic/libpthread/post-upgrade;
( echo "#!/bin/sh"; echo "[ -s "\${IPKG_INSTROOT}/lib/functions.sh" ] || exit 0"; echo ". \${IPKG_INSTROOT}/lib/functions.sh"; echo 'export root="${IPKG_INSTROOT}"'; echo 'export pkgname="libpthread"'; echo "default_prerm"; [ ! -f /workspaces/openwrt-radxa-rock5b-plus/openwrt/build_dir/target-aarch64_generic_musl/toolchain/apk-aarch64_generic/libpthread/prerm-pkg ] || sed -z 's/^\s*#!/#!/' "/workspaces/openwrt-radxa-rock5b-plus/openwrt/build_dir/target-aarch64_generic_musl/toolchain/apk-aarch64_generic/libpthread/prerm-pkg"; ) > /workspaces/openwrt-radxa-rock5b-plus/openwrt/build_dir/target-aarch64_generic_musl/toolchain/apk-aarch64_generic/libpthread/pre-deinstall;
[ ! -f /workspaces/openwrt-radxa-rock5b-plus/openwrt/build_dir/target-aarch64_generic_musl/toolchain/apk-aarch64_generic/libpthread/postrm ] || sed -zi 's/^\s*#!/#!/' "/workspaces/openwrt-radxa-rock5b-plus/openwrt/build_dir/target-aarch64_generic_musl/toolchain/apk-aarch64_generic/libpthread/postrm";
if [ -n "" ]; then echo  > /workspaces/openwrt-radxa-rock5b-plus/openwrt/build_dir/target-aarch64_generic_musl/toolchain/ipkg-aarch64_generic/libpthread/lib/apk/packages/libpthread.rusers; fi;
if [ -n "" ]; then echo  > /workspaces/openwrt-radxa-rock5b-plus/openwrt/build_dir/target-aarch64_generic_musl/toolchain/ipkg-aarch64_generic/libpthread/lib/apk/packages/libpthread.alternatives; fi;
(cd /workspaces/openwrt-radxa-rock5b-plus/openwrt/build_dir/target-aarch64_generic_musl/toolchain/ipkg-aarch64_generic/libpthread && find . -type f,l -printf "/%P\n" | sort > /workspaces/openwrt-radxa-rock5b-plus/openwrt/tmp/libpthread.list && mv /workspaces/openwrt-radxa-rock5b-plus/openwrt/tmp/libpthread.list /workspaces/openwrt-radxa-rock5b-plus/openwrt/build_dir/target-aarch64_generic_musl/toolchain/ipkg-aarch64_generic/libpthread/lib/apk/packages/libpthread.list)
# Move conffiles to IDIR and build conffiles_static with csums
if [ -f /workspaces/openwrt-radxa-rock5b-plus/openwrt/build_dir/target-aarch64_generic_musl/toolchain/apk-aarch64_generic/libpthread/conffiles ]; then mv -f /workspaces/openwrt-radxa-rock5b-plus/openwrt/build_dir/target-aarch64_generic_musl/toolchain/apk-aarch64_generic/libpthread/conffiles /workspaces/openwrt-radxa-rock5b-plus/openwrt/build_dir/target-aarch64_generic_musl/toolchain/ipkg-aarch64_generic/libpthread/lib/apk/packages/libpthread.conffiles; for file in $(cat /workspaces/openwrt-radxa-rock5b-plus/openwrt/build_dir/target-aarch64_generic_musl/toolchain/ipkg-aarch64_generic/libpthread/lib/apk/packages/libpthread.conffiles); do [ -f /workspaces/openwrt-radxa-rock5b-plus/openwrt/build_dir/target-aarch64_generic_musl/toolchain/ipkg-aarch64_generic/libpthread/$file ] || continue; csum=$(/workspaces/openwrt-radxa-rock5b-plus/openwrt/staging_dir/host/bin/mkhash sha256 /workspaces/openwrt-radxa-rock5b-plus/openwrt/build_dir/target-aarch64_generic_musl/toolchain/ipkg-aarch64_generic/libpthread/$file); echo $file $csum >> /workspaces/openwrt-radxa-rock5b-plus/openwrt/build_dir/target-aarch64_generic_musl/toolchain/ipkg-aarch64_generic/libpthread/lib/apk/packages/libpthread.conffiles_static; done; fi
# Some package (base-files) manually append stuff to conffiles
# Append stuff from it and delete the CONTROL directory since everything else should be migrated
if [ -f /workspaces/openwrt-radxa-rock5b-plus/openwrt/build_dir/target-aarch64_generic_musl/toolchain/ipkg-aarch64_generic/libpthread/CONTROL/conffiles ]; then echo $(IDIR_libpthread)/CONTROL/conffiles >> /workspaces/openwrt-radxa-rock5b-plus/openwrt/build_dir/target-aarch64_generic_musl/toolchain/ipkg-aarch64_generic/libpthread/lib/apk/packages/libpthread.conffiles; for file in $(cat /workspaces/openwrt-radxa-rock5b-plus/openwrt/build_dir/target-aarch64_generic_musl/toolchain/ipkg-aarch64_generic/libpthread/CONTROL/conffiles); do [ -f /workspaces/openwrt-radxa-rock5b-plus/openwrt/build_dir/target-aarch64_generic_musl/toolchain/ipkg-aarch64_generic/libpthread/$file ] || continue; csum=$(/workspaces/openwrt-radxa-rock5b-plus/openwrt/staging_dir/host/bin/mkhash sha256 /workspaces/openwrt-radxa-rock5b-plus/openwrt/build_dir/target-aarch64_generic_musl/toolchain/ipkg-aarch64_generic/libpthread/$file); echo $file $csum >> /workspaces/openwrt-radxa-rock5b-plus/openwrt/build_dir/target-aarch64_generic_musl/toolchain/ipkg-aarch64_generic/libpthread/lib/apk/packages/libpthread.conffiles_static; done; rm -rf /workspaces/openwrt-radxa-rock5b-plus/openwrt/build_dir/target-aarch64_generic_musl/toolchain/ipkg-aarch64_generic/libpthread/CONTROL/conffiles; fi
if [ -z "$(ls -A /workspaces/openwrt-radxa-rock5b-plus/openwrt/build_dir/target-aarch64_generic_musl/toolchain/ipkg-aarch64_generic/libpthread/CONTROL 2>/dev/null)" ]; then rm -rf /workspaces/openwrt-radxa-rock5b-plus/openwrt/build_dir/target-aarch64_generic_musl/toolchain/ipkg-aarch64_generic/libpthread/CONTROL; else echo "CONTROL directory /workspaces/openwrt-radxa-rock5b-plus/openwrt/build_dir/target-aarch64_generic_musl/toolchain/ipkg-aarch64_generic/libpthread/CONTROL is not empty! This is not right and should be checked!" >&2; exit 1; fi
/workspaces/openwrt-radxa-rock5b-plus/openwrt/staging_dir/host/bin/fakeroot /workspaces/openwrt-radxa-rock5b-plus/openwrt/staging_dir/host/bin/apk mkpkg --info "name:libpthread" --info "version:1.2.5-r5"  --info "description:POSIX thread library" --info "arch:aarch64_generic" --info "license:GPL-3.0-with-GCC-exception" --info "origin:feeds/base/libs/toolchain" --info "url:http://www.musl-libc.org/" --info "maintainer:Felix Fietkau <nbd@nbd.name>" --info "provides:"  --script "post-install:/workspaces/openwrt-radxa-rock5b-plus/openwrt/build_dir/target-aarch64_generic_musl/toolchain/apk-aarch64_generic/libpthread/post-install" --script "post-upgrade:/workspaces/openwrt-radxa-rock5b-plus/openwrt/build_dir/target-aarch64_generic_musl/toolchain/apk-aarch64_generic/libpthread/post-upgrade" --script "pre-deinstall:/workspaces/openwrt-radxa-rock5b-plus/openwrt/build_dir/target-aarch64_generic_musl/toolchain/apk-aarch64_generic/libpthread/pre-deinstall" --info "depends:libgcc1" --files "/workspaces/openwrt-radxa-rock5b-plus/openwrt/build_dir/target-aarch64_generic_musl/toolchain/ipkg-aarch64_generic/libpthread" --output "/workspaces/openwrt-radxa-rock5b-plus/openwrt/bin/targets/rockchip/armv8/packages/libpthread-1.2.5-r5.apk" --sign "/workspaces/openwrt-radxa-rock5b-plus/openwrt/private-key.pem"
rm -rf /workspaces/openwrt-radxa-rock5b-plus/openwrt/build_dir/target-aarch64_generic_musl/toolchain/ipkg-aarch64_generic/librt
/workspaces/openwrt-radxa-rock5b-plus/openwrt/scripts/ipkg-remove librt /workspaces/openwrt-radxa-rock5b-plus/openwrt/bin/targets/rockchip/armv8/packages/librt-1.2.5-r5.apk
removed '/workspaces/openwrt-radxa-rock5b-plus/openwrt/bin/targets/rockchip/armv8/packages/librt-1.2.5-r5.apk'
mkdir -p /workspaces/openwrt-radxa-rock5b-plus/openwrt/bin/targets/rockchip/armv8/packages /workspaces/openwrt-radxa-rock5b-plus/openwrt/build_dir/target-aarch64_generic_musl/toolchain/ipkg-aarch64_generic/librt /workspaces/openwrt-radxa-rock5b-plus/openwrt/staging_dir/target-aarch64_generic_musl/pkginfo
install -d -m0755 /workspaces/openwrt-radxa-rock5b-plus/openwrt/build_dir/target-aarch64_generic_musl/toolchain/ipkg-aarch64_generic/librt/lib
find /workspaces/openwrt-radxa-rock5b-plus/openwrt/build_dir/target-aarch64_generic_musl/toolchain/ipkg-aarch64_generic/librt -name 'CVS' -o -name '.svn' -o -name '.#*' -o -name '*~'| xargs -r rm -rf
export CROSS="aarch64-openwrt-linux-musl-"  NO_RENAME=1 ; NM="aarch64-openwrt-linux-musl-nm" STRIP="/workspaces/openwrt-radxa-rock5b-plus/openwrt/staging_dir/host/bin/sstrip -z" STRIP_KMOD="/workspaces/openwrt-radxa-rock5b-plus/openwrt/scripts/strip-kmod.sh" PATCHELF="/workspaces/openwrt-radxa-rock5b-plus/openwrt/staging_dir/host/bin/patchelf" /workspaces/openwrt-radxa-rock5b-plus/openwrt/scripts/rstrip.sh /workspaces/openwrt-radxa-rock5b-plus/openwrt/build_dir/target-aarch64_generic_musl/toolchain/ipkg-aarch64_generic/librt
install -d -m0755 /workspaces/openwrt-radxa-rock5b-plus/openwrt/bin/targets/rockchip/armv8/packages/tmp
mkdir -p /workspaces/openwrt-radxa-rock5b-plus/openwrt/build_dir/target-aarch64_generic_musl/toolchain/apk-aarch64_generic/librt/
mkdir -p /workspaces/openwrt-radxa-rock5b-plus/openwrt/build_dir/target-aarch64_generic_musl/toolchain/ipkg-aarch64_generic/librt/lib/apk/packages/
(cd /workspaces/openwrt-radxa-rock5b-plus/openwrt/build_dir/target-aarch64_generic_musl/toolchain/apk-aarch64_generic/librt; )
( echo "#!/bin/sh"; echo "[ \"\${IPKG_NO_SCRIPT}\" = \"1\" ] && exit 0"; echo "[ -s "\${IPKG_INSTROOT}/lib/functions.sh" ] || exit 0"; echo ". \${IPKG_INSTROOT}/lib/functions.sh"; echo 'export root="${IPKG_INSTROOT}"'; echo 'export pkgname="librt"'; echo "add_group_and_user"; echo "default_postinst"; [ ! -f /workspaces/openwrt-radxa-rock5b-plus/openwrt/build_dir/target-aarch64_generic_musl/toolchain/apk-aarch64_generic/librt/postinst-pkg ] || sed -z 's/^\s*#!/#!/' "/workspaces/openwrt-radxa-rock5b-plus/openwrt/build_dir/target-aarch64_generic_musl/toolchain/apk-aarch64_generic/librt/postinst-pkg"; ) > /workspaces/openwrt-radxa-rock5b-plus/openwrt/build_dir/target-aarch64_generic_musl/toolchain/apk-aarch64_generic/librt/post-install;
( echo "#!/bin/sh"; echo 'export PKG_UPGRADE=1'; [ ! -f /workspaces/openwrt-radxa-rock5b-plus/openwrt/build_dir/target-aarch64_generic_musl/toolchain/apk-aarch64_generic/librt/post-install ] || sed -z 's/^\s*#!/#!/' "/workspaces/openwrt-radxa-rock5b-plus/openwrt/build_dir/target-aarch64_generic_musl/toolchain/apk-aarch64_generic/librt/post-install"; ) > /workspaces/openwrt-radxa-rock5b-plus/openwrt/build_dir/target-aarch64_generic_musl/toolchain/apk-aarch64_generic/librt/post-upgrade;
( echo "#!/bin/sh"; echo "[ -s "\${IPKG_INSTROOT}/lib/functions.sh" ] || exit 0"; echo ". \${IPKG_INSTROOT}/lib/functions.sh"; echo 'export root="${IPKG_INSTROOT}"'; echo 'export pkgname="librt"'; echo "default_prerm"; [ ! -f /workspaces/openwrt-radxa-rock5b-plus/openwrt/build_dir/target-aarch64_generic_musl/toolchain/apk-aarch64_generic/librt/prerm-pkg ] || sed -z 's/^\s*#!/#!/' "/workspaces/openwrt-radxa-rock5b-plus/openwrt/build_dir/target-aarch64_generic_musl/toolchain/apk-aarch64_generic/librt/prerm-pkg"; ) > /workspaces/openwrt-radxa-rock5b-plus/openwrt/build_dir/target-aarch64_generic_musl/toolchain/apk-aarch64_generic/librt/pre-deinstall;
[ ! -f /workspaces/openwrt-radxa-rock5b-plus/openwrt/build_dir/target-aarch64_generic_musl/toolchain/apk-aarch64_generic/librt/postrm ] || sed -zi 's/^\s*#!/#!/' "/workspaces/openwrt-radxa-rock5b-plus/openwrt/build_dir/target-aarch64_generic_musl/toolchain/apk-aarch64_generic/librt/postrm";
if [ -n "" ]; then echo  > /workspaces/openwrt-radxa-rock5b-plus/openwrt/build_dir/target-aarch64_generic_musl/toolchain/ipkg-aarch64_generic/librt/lib/apk/packages/librt.rusers; fi;
if [ -n "" ]; then echo  > /workspaces/openwrt-radxa-rock5b-plus/openwrt/build_dir/target-aarch64_generic_musl/toolchain/ipkg-aarch64_generic/librt/lib/apk/packages/librt.alternatives; fi;
(cd /workspaces/openwrt-radxa-rock5b-plus/openwrt/build_dir/target-aarch64_generic_musl/toolchain/ipkg-aarch64_generic/librt && find . -type f,l -printf "/%P\n" | sort > /workspaces/openwrt-radxa-rock5b-plus/openwrt/tmp/librt.list && mv /workspaces/openwrt-radxa-rock5b-plus/openwrt/tmp/librt.list /workspaces/openwrt-radxa-rock5b-plus/openwrt/build_dir/target-aarch64_generic_musl/toolchain/ipkg-aarch64_generic/librt/lib/apk/packages/librt.list)
# Move conffiles to IDIR and build conffiles_static with csums
if [ -f /workspaces/openwrt-radxa-rock5b-plus/openwrt/build_dir/target-aarch64_generic_musl/toolchain/apk-aarch64_generic/librt/conffiles ]; then mv -f /workspaces/openwrt-radxa-rock5b-plus/openwrt/build_dir/target-aarch64_generic_musl/toolchain/apk-aarch64_generic/librt/conffiles /workspaces/openwrt-radxa-rock5b-plus/openwrt/build_dir/target-aarch64_generic_musl/toolchain/ipkg-aarch64_generic/librt/lib/apk/packages/librt.conffiles; for file in $(cat /workspaces/openwrt-radxa-rock5b-plus/openwrt/build_dir/target-aarch64_generic_musl/toolchain/ipkg-aarch64_generic/librt/lib/apk/packages/librt.conffiles); do [ -f /workspaces/openwrt-radxa-rock5b-plus/openwrt/build_dir/target-aarch64_generic_musl/toolchain/ipkg-aarch64_generic/librt/$file ] || continue; csum=$(/workspaces/openwrt-radxa-rock5b-plus/openwrt/staging_dir/host/bin/mkhash sha256 /workspaces/openwrt-radxa-rock5b-plus/openwrt/build_dir/target-aarch64_generic_musl/toolchain/ipkg-aarch64_generic/librt/$file); echo $file $csum >> /workspaces/openwrt-radxa-rock5b-plus/openwrt/build_dir/target-aarch64_generic_musl/toolchain/ipkg-aarch64_generic/librt/lib/apk/packages/librt.conffiles_static; done; fi
# Some package (base-files) manually append stuff to conffiles
# Append stuff from it and delete the CONTROL directory since everything else should be migrated
if [ -f /workspaces/openwrt-radxa-rock5b-plus/openwrt/build_dir/target-aarch64_generic_musl/toolchain/ipkg-aarch64_generic/librt/CONTROL/conffiles ]; then echo $(IDIR_librt)/CONTROL/conffiles >> /workspaces/openwrt-radxa-rock5b-plus/openwrt/build_dir/target-aarch64_generic_musl/toolchain/ipkg-aarch64_generic/librt/lib/apk/packages/librt.conffiles; for file in $(cat /workspaces/openwrt-radxa-rock5b-plus/openwrt/build_dir/target-aarch64_generic_musl/toolchain/ipkg-aarch64_generic/librt/CONTROL/conffiles); do [ -f /workspaces/openwrt-radxa-rock5b-plus/openwrt/build_dir/target-aarch64_generic_musl/toolchain/ipkg-aarch64_generic/librt/$file ] || continue; csum=$(/workspaces/openwrt-radxa-rock5b-plus/openwrt/staging_dir/host/bin/mkhash sha256 /workspaces/openwrt-radxa-rock5b-plus/openwrt/build_dir/target-aarch64_generic_musl/toolchain/ipkg-aarch64_generic/librt/$file); echo $file $csum >> /workspaces/openwrt-radxa-rock5b-plus/openwrt/build_dir/target-aarch64_generic_musl/toolchain/ipkg-aarch64_generic/librt/lib/apk/packages/librt.conffiles_static; done; rm -rf /workspaces/openwrt-radxa-rock5b-plus/openwrt/build_dir/target-aarch64_generic_musl/toolchain/ipkg-aarch64_generic/librt/CONTROL/conffiles; fi
if [ -z "$(ls -A /workspaces/openwrt-radxa-rock5b-plus/openwrt/build_dir/target-aarch64_generic_musl/toolchain/ipkg-aarch64_generic/librt/CONTROL 2>/dev/null)" ]; then rm -rf /workspaces/openwrt-radxa-rock5b-plus/openwrt/build_dir/target-aarch64_generic_musl/toolchain/ipkg-aarch64_generic/librt/CONTROL; else echo "CONTROL directory /workspaces/openwrt-radxa-rock5b-plus/openwrt/build_dir/target-aarch64_generic_musl/toolchain/ipkg-aarch64_generic/librt/CONTROL is not empty! This is not right and should be checked!" >&2; exit 1; fi
/workspaces/openwrt-radxa-rock5b-plus/openwrt/staging_dir/host/bin/fakeroot /workspaces/openwrt-radxa-rock5b-plus/openwrt/staging_dir/host/bin/apk mkpkg --info "name:librt" --info "version:1.2.5-r5"  --info "description:POSIX.1b RealTime extension library" --info "arch:aarch64_generic" --info "license:GPL-3.0-with-GCC-exception" --info "origin:feeds/base/libs/toolchain" --info "url:http://www.musl-libc.org/" --info "maintainer:Felix Fietkau <nbd@nbd.name>" --info "provides:"  --script "post-install:/workspaces/openwrt-radxa-rock5b-plus/openwrt/build_dir/target-aarch64_generic_musl/toolchain/apk-aarch64_generic/librt/post-install" --script "post-upgrade:/workspaces/openwrt-radxa-rock5b-plus/openwrt/build_dir/target-aarch64_generic_musl/toolchain/apk-aarch64_generic/librt/post-upgrade" --script "pre-deinstall:/workspaces/openwrt-radxa-rock5b-plus/openwrt/build_dir/target-aarch64_generic_musl/toolchain/apk-aarch64_generic/librt/pre-deinstall" --info "depends:libpthread" --files "/workspaces/openwrt-radxa-rock5b-plus/openwrt/build_dir/target-aarch64_generic_musl/toolchain/ipkg-aarch64_generic/librt" --output "/workspaces/openwrt-radxa-rock5b-plus/openwrt/bin/targets/rockchip/armv8/packages/librt-1.2.5-r5.apk" --sign "/workspaces/openwrt-radxa-rock5b-plus/openwrt/private-key.pem"
echo "libc" >> /workspaces/openwrt-radxa-rock5b-plus/openwrt/staging_dir/target-aarch64_generic_musl/pkginfo/toolchain.default.install
rm -rf /workspaces/openwrt-radxa-rock5b-plus/openwrt/build_dir/target-aarch64_generic_musl/toolchain/.pkgdir/libgcc.installed /workspaces/openwrt-radxa-rock5b-plus/openwrt/build_dir/target-aarch64_generic_musl/toolchain/.pkgdir/libgcc
mkdir -p /workspaces/openwrt-radxa-rock5b-plus/openwrt/build_dir/target-aarch64_generic_musl/toolchain/.pkgdir/libgcc
install -d -m0755 /workspaces/openwrt-radxa-rock5b-plus/openwrt/build_dir/target-aarch64_generic_musl/toolchain/.pkgdir/libgcc/lib
cp -fpR /workspaces/openwrt-radxa-rock5b-plus/openwrt/staging_dir/toolchain-aarch64_generic_gcc-14.3.0_musl/lib/libgcc_s.so.* /workspaces/openwrt-radxa-rock5b-plus/openwrt/build_dir/target-aarch64_generic_musl/toolchain/.pkgdir/libgcc/lib/
touch /workspaces/openwrt-radxa-rock5b-plus/openwrt/build_dir/target-aarch64_generic_musl/toolchain/.pkgdir/libgcc.installed
rm -rf /workspaces/openwrt-radxa-rock5b-plus/openwrt/build_dir/target-aarch64_generic_musl/toolchain/.pkgdir/libatomic.installed /workspaces/openwrt-radxa-rock5b-plus/openwrt/build_dir/target-aarch64_generic_musl/toolchain/.pkgdir/libatomic
mkdir -p /workspaces/openwrt-radxa-rock5b-plus/openwrt/build_dir/target-aarch64_generic_musl/toolchain/.pkgdir/libatomic
install -d -m0755 /workspaces/openwrt-radxa-rock5b-plus/openwrt/build_dir/target-aarch64_generic_musl/toolchain/.pkgdir/libatomic/lib
cp -fpR /workspaces/openwrt-radxa-rock5b-plus/openwrt/staging_dir/toolchain-aarch64_generic_gcc-14.3.0_musl/lib/libatomic.so.* /workspaces/openwrt-radxa-rock5b-plus/openwrt/build_dir/target-aarch64_generic_musl/toolchain/.pkgdir/libatomic/lib/
touch /workspaces/openwrt-radxa-rock5b-plus/openwrt/build_dir/target-aarch64_generic_musl/toolchain/.pkgdir/libatomic.installed
rm -rf /workspaces/openwrt-radxa-rock5b-plus/openwrt/build_dir/target-aarch64_generic_musl/toolchain/.pkgdir/libpthread.installed /workspaces/openwrt-radxa-rock5b-plus/openwrt/build_dir/target-aarch64_generic_musl/toolchain/.pkgdir/libpthread
mkdir -p /workspaces/openwrt-radxa-rock5b-plus/openwrt/build_dir/target-aarch64_generic_musl/toolchain/.pkgdir/libpthread
install -d -m0755 /workspaces/openwrt-radxa-rock5b-plus/openwrt/build_dir/target-aarch64_generic_musl/toolchain/.pkgdir/libpthread/lib
touch /workspaces/openwrt-radxa-rock5b-plus/openwrt/build_dir/target-aarch64_generic_musl/toolchain/.pkgdir/libpthread.installed
rm -rf /workspaces/openwrt-radxa-rock5b-plus/openwrt/build_dir/target-aarch64_generic_musl/toolchain/.pkgdir/librt.installed /workspaces/openwrt-radxa-rock5b-plus/openwrt/build_dir/target-aarch64_generic_musl/toolchain/.pkgdir/librt
mkdir -p /workspaces/openwrt-radxa-rock5b-plus/openwrt/build_dir/target-aarch64_generic_musl/toolchain/.pkgdir/librt
install -d -m0755 /workspaces/openwrt-radxa-rock5b-plus/openwrt/build_dir/target-aarch64_generic_musl/toolchain/.pkgdir/librt/lib
touch /workspaces/openwrt-radxa-rock5b-plus/openwrt/build_dir/target-aarch64_generic_musl/toolchain/.pkgdir/librt.installed
mkdir -p /workspaces/openwrt-radxa-rock5b-plus/openwrt/staging_dir/target-aarch64_generic_musl/root-rockchip/stamp
echo '1' | cmp -s - /workspaces/openwrt-radxa-rock5b-plus/openwrt/staging_dir/target-aarch64_generic_musl/pkginfo/libgcc.version || { echo '1' > /workspaces/openwrt-radxa-rock5b-plus/openwrt/staging_dir/target-aarch64_generic_musl/pkginfo/libgcc.version;  } 
SHELL= flock /workspaces/openwrt-radxa-rock5b-plus/openwrt/tmp/.root-copy.flock -c 'cp -fpR /workspaces/openwrt-radxa-rock5b-plus/openwrt/build_dir/target-aarch64_generic_musl/toolchain/.pkgdir/libgcc/. /workspaces/openwrt-radxa-rock5b-plus/openwrt/staging_dir/target-aarch64_generic_musl/root-rockchip/'
touch /workspaces/openwrt-radxa-rock5b-plus/openwrt/staging_dir/target-aarch64_generic_musl/root-rockchip/stamp/.libgcc_installed
echo "libgcc" >> /workspaces/openwrt-radxa-rock5b-plus/openwrt/staging_dir/target-aarch64_generic_musl/pkginfo/toolchain.default.install
mkdir -p /workspaces/openwrt-radxa-rock5b-plus/openwrt/staging_dir/target-aarch64_generic_musl/root-rockchip/stamp
echo '1' | cmp -s - /workspaces/openwrt-radxa-rock5b-plus/openwrt/staging_dir/target-aarch64_generic_musl/pkginfo/libatomic.version || { echo '1' > /workspaces/openwrt-radxa-rock5b-plus/openwrt/staging_dir/target-aarch64_generic_musl/pkginfo/libatomic.version;  } 
SHELL= flock /workspaces/openwrt-radxa-rock5b-plus/openwrt/tmp/.root-copy.flock -c 'cp -fpR /workspaces/openwrt-radxa-rock5b-plus/openwrt/build_dir/target-aarch64_generic_musl/toolchain/.pkgdir/libatomic/. /workspaces/openwrt-radxa-rock5b-plus/openwrt/staging_dir/target-aarch64_generic_musl/root-rockchip/'
touch /workspaces/openwrt-radxa-rock5b-plus/openwrt/staging_dir/target-aarch64_generic_musl/root-rockchip/stamp/.libatomic_installed
echo "libatomic" >> /workspaces/openwrt-radxa-rock5b-plus/openwrt/staging_dir/target-aarch64_generic_musl/pkginfo/toolchain.default.install
mkdir -p /workspaces/openwrt-radxa-rock5b-plus/openwrt/staging_dir/target-aarch64_generic_musl/root-rockchip/stamp
SHELL= flock /workspaces/openwrt-radxa-rock5b-plus/openwrt/tmp/.root-copy.flock -c 'cp -fpR /workspaces/openwrt-radxa-rock5b-plus/openwrt/build_dir/target-aarch64_generic_musl/toolchain/.pkgdir/libpthread/. /workspaces/openwrt-radxa-rock5b-plus/openwrt/staging_dir/target-aarch64_generic_musl/root-rockchip/'
touch /workspaces/openwrt-radxa-rock5b-plus/openwrt/staging_dir/target-aarch64_generic_musl/root-rockchip/stamp/.libpthread_installed
echo "libpthread" >> /workspaces/openwrt-radxa-rock5b-plus/openwrt/staging_dir/target-aarch64_generic_musl/pkginfo/toolchain.default.install
mkdir -p /workspaces/openwrt-radxa-rock5b-plus/openwrt/staging_dir/target-aarch64_generic_musl/root-rockchip/stamp
SHELL= flock /workspaces/openwrt-radxa-rock5b-plus/openwrt/tmp/.root-copy.flock -c 'cp -fpR /workspaces/openwrt-radxa-rock5b-plus/openwrt/build_dir/target-aarch64_generic_musl/toolchain/.pkgdir/librt/. /workspaces/openwrt-radxa-rock5b-plus/openwrt/staging_dir/target-aarch64_generic_musl/root-rockchip/'
touch /workspaces/openwrt-radxa-rock5b-plus/openwrt/staging_dir/target-aarch64_generic_musl/root-rockchip/stamp/.librt_installed
echo "librt" >> /workspaces/openwrt-radxa-rock5b-plus/openwrt/staging_dir/target-aarch64_generic_musl/pkginfo/toolchain.default.install
make[3]: Leaving directory '/workspaces/openwrt-radxa-rock5b-plus/openwrt/package/libs/toolchain'
time: package/libs/toolchain/compile#0.50#0.61#5.55
make[3]: Entering directory '/workspaces/openwrt-radxa-rock5b-plus/openwrt/package/libs/libjson-c'
make[3]: Entering directory '/workspaces/openwrt-radxa-rock5b-plus/openwrt/package/libs/libnl-tiny'
mkdir -p /workspaces/openwrt-radxa-rock5b-plus/openwrt/staging_dir/target-aarch64_generic_musl/root-rockchip/stamp
echo '1' | cmp -s - /workspaces/openwrt-radxa-rock5b-plus/openwrt/staging_dir/target-aarch64_generic_musl/pkginfo/libnl-tiny.version || { echo '1' > /workspaces/openwrt-radxa-rock5b-plus/openwrt/staging_dir/target-aarch64_generic_musl/pkginfo/libnl-tiny.version;  } 
mkdir -p /workspaces/openwrt-radxa-rock5b-plus/openwrt/staging_dir/target-aarch64_generic_musl/root-rockchip/stamp
echo '5' | cmp -s - /workspaces/openwrt-radxa-rock5b-plus/openwrt/staging_dir/target-aarch64_generic_musl/pkginfo/libjson-c.version || { echo '5' > /workspaces/openwrt-radxa-rock5b-plus/openwrt/staging_dir/target-aarch64_generic_musl/pkginfo/libjson-c.version;  } 
SHELL= flock /workspaces/openwrt-radxa-rock5b-plus/openwrt/tmp/.root-copy.flock -c 'cp -fpR /workspaces/openwrt-radxa-rock5b-plus/openwrt/build_dir/target-aarch64_generic_musl/json-c-0.18/.pkgdir/libjson-c/. /workspaces/openwrt-radxa-rock5b-plus/openwrt/staging_dir/target-aarch64_generic_musl/root-rockchip/'
SHELL= flock /workspaces/openwrt-radxa-rock5b-plus/openwrt/tmp/.root-copy.flock -c 'cp -fpR /workspaces/openwrt-radxa-rock5b-plus/openwrt/build_dir/target-aarch64_generic_musl/libnl-tiny-2025.03.19~c0df580a/.pkgdir/libnl-tiny/. /workspaces/openwrt-radxa-rock5b-plus/openwrt/staging_dir/target-aarch64_generic_musl/root-rockchip/'
touch /workspaces/openwrt-radxa-rock5b-plus/openwrt/staging_dir/target-aarch64_generic_musl/root-rockchip/stamp/.libjson-c_installed
echo "libjson-c" >> /workspaces/openwrt-radxa-rock5b-plus/openwrt/staging_dir/target-aarch64_generic_musl/pkginfo/libjson-c.default.install
make[3]: Leaving directory '/workspaces/openwrt-radxa-rock5b-plus/openwrt/package/libs/libjson-c'
time: package/libs/libjson-c/compile#0.21#0.14#0.60
touch /workspaces/openwrt-radxa-rock5b-plus/openwrt/staging_dir/target-aarch64_generic_musl/root-rockchip/stamp/.libnl-tiny_installed
make[3]: Entering directory '/workspaces/openwrt-radxa-rock5b-plus/openwrt/package/utils/lua'
echo "libnl-tiny" >> /workspaces/openwrt-radxa-rock5b-plus/openwrt/staging_dir/target-aarch64_generic_musl/pkginfo/libnl-tiny.default.install
make[3]: Leaving directory '/workspaces/openwrt-radxa-rock5b-plus/openwrt/package/libs/libnl-tiny'
time: package/libs/libnl-tiny/compile#0.15#0.10#0.63
make[3]: Entering directory '/workspaces/openwrt-radxa-rock5b-plus/openwrt/package/libs/libmd'
mkdir -p /workspaces/openwrt-radxa-rock5b-plus/openwrt/staging_dir/target-aarch64_generic_musl/root-rockchip/stamp
echo '5.1.5' | cmp -s - /workspaces/openwrt-radxa-rock5b-plus/openwrt/staging_dir/target-aarch64_generic_musl/pkginfo/liblua.version || { echo '5.1.5' > /workspaces/openwrt-radxa-rock5b-plus/openwrt/staging_dir/target-aarch64_generic_musl/pkginfo/liblua.version;  } 
SHELL= flock /workspaces/openwrt-radxa-rock5b-plus/openwrt/tmp/.root-copy.flock -c 'cp -fpR /workspaces/openwrt-radxa-rock5b-plus/openwrt/build_dir/target-aarch64_generic_musl/lua-5.1.5/.pkgdir/liblua/. /workspaces/openwrt-radxa-rock5b-plus/openwrt/staging_dir/target-aarch64_generic_musl/root-rockchip/'
touch /workspaces/openwrt-radxa-rock5b-plus/openwrt/staging_dir/target-aarch64_generic_musl/root-rockchip/stamp/.liblua_installed
echo "liblua" >> /workspaces/openwrt-radxa-rock5b-plus/openwrt/staging_dir/target-aarch64_generic_musl/pkginfo/lua.default.install
mkdir -p /workspaces/openwrt-radxa-rock5b-plus/openwrt/staging_dir/target-aarch64_generic_musl/root-rockchip/stamp
SHELL= flock /workspaces/openwrt-radxa-rock5b-plus/openwrt/tmp/.root-copy.flock -c 'cp -fpR /workspaces/openwrt-radxa-rock5b-plus/openwrt/build_dir/target-aarch64_generic_musl/lua-5.1.5/.pkgdir/lua/. /workspaces/openwrt-radxa-rock5b-plus/openwrt/staging_dir/target-aarch64_generic_musl/root-rockchip/'
touch /workspaces/openwrt-radxa-rock5b-plus/openwrt/staging_dir/target-aarch64_generic_musl/root-rockchip/stamp/.lua_installed
echo "lua" >> /workspaces/openwrt-radxa-rock5b-plus/openwrt/staging_dir/target-aarch64_generic_musl/pkginfo/lua.default.install
make[3]: Leaving directory '/workspaces/openwrt-radxa-rock5b-plus/openwrt/package/utils/lua'
time: package/utils/lua/compile#0.28#0.15#0.76
make[3]: Entering directory '/workspaces/openwrt-radxa-rock5b-plus/openwrt/package/firmware/linux-firmware'
make[3]: Leaving directory '/workspaces/openwrt-radxa-rock5b-plus/openwrt/package/libs/libmd'
time: package/libs/libmd/compile#0.23#0.10#0.90
make[3]: Entering directory '/workspaces/openwrt-radxa-rock5b-plus/openwrt/package/libs/zlib'
mkdir -p /workspaces/openwrt-radxa-rock5b-plus/openwrt/staging_dir/target-aarch64_generic_musl/root-rockchip/stamp
SHELL= flock /workspaces/openwrt-radxa-rock5b-plus/openwrt/tmp/.root-copy.flock -c 'cp -fpR /workspaces/openwrt-radxa-rock5b-plus/openwrt/build_dir/target-aarch64_generic_musl/zlib-1.3.1/.pkgdir/zlib/. /workspaces/openwrt-radxa-rock5b-plus/openwrt/staging_dir/target-aarch64_generic_musl/root-rockchip/'
touch /workspaces/openwrt-radxa-rock5b-plus/openwrt/staging_dir/target-aarch64_generic_musl/root-rockchip/stamp/.zlib_installed
echo "zlib" >> /workspaces/openwrt-radxa-rock5b-plus/openwrt/staging_dir/target-aarch64_generic_musl/pkginfo/zlib.default.install
make[3]: Leaving directory '/workspaces/openwrt-radxa-rock5b-plus/openwrt/package/libs/zlib'
time: package/libs/zlib/compile#0.16#0.10#0.81
make[3]: Entering directory '/workspaces/openwrt-radxa-rock5b-plus/openwrt/package/system/fwtool'
mkdir -p /workspaces/openwrt-radxa-rock5b-plus/openwrt/staging_dir/target-aarch64_generic_musl/root-rockchip/stamp
SHELL= flock /workspaces/openwrt-radxa-rock5b-plus/openwrt/tmp/.root-copy.flock -c 'cp -fpR /workspaces/openwrt-radxa-rock5b-plus/openwrt/build_dir/target-aarch64_generic_musl/fwtool-2019.11.12~8f7fe925/.pkgdir/fwtool/. /workspaces/openwrt-radxa-rock5b-plus/openwrt/staging_dir/target-aarch64_generic_musl/root-rockchip/'
touch /workspaces/openwrt-radxa-rock5b-plus/openwrt/staging_dir/target-aarch64_generic_musl/root-rockchip/stamp/.fwtool_installed
echo "fwtool" >> /workspaces/openwrt-radxa-rock5b-plus/openwrt/staging_dir/target-aarch64_generic_musl/pkginfo/fwtool.default.install
make[3]: Leaving directory '/workspaces/openwrt-radxa-rock5b-plus/openwrt/package/system/fwtool'
time: package/system/fwtool/compile#0.21#0.16#0.50
make[3]: Entering directory '/workspaces/openwrt-radxa-rock5b-plus/openwrt/package/libs/libsepol'
make[3]: Leaving directory '/workspaces/openwrt-radxa-rock5b-plus/openwrt/package/libs/libsepol'
time: package/libs/libsepol/compile#0.15#0.13#0.39
make[3]: Entering directory '/workspaces/openwrt-radxa-rock5b-plus/openwrt/package/libs/pcre2'
mkdir -p /workspaces/openwrt-radxa-rock5b-plus/openwrt/staging_dir/target-aarch64_generic_musl/root-rockchip/stamp
SHELL= flock /workspaces/openwrt-radxa-rock5b-plus/openwrt/tmp/.root-copy.flock -c 'cp -fpR /workspaces/openwrt-radxa-rock5b-plus/openwrt/build_dir/target-aarch64_generic_musl/pcre2-10.46/.pkgdir/libpcre2/. /workspaces/openwrt-radxa-rock5b-plus/openwrt/staging_dir/target-aarch64_generic_musl/root-rockchip/'
touch /workspaces/openwrt-radxa-rock5b-plus/openwrt/staging_dir/target-aarch64_generic_musl/root-rockchip/stamp/.libpcre2_installed
echo "libpcre2" >> /workspaces/openwrt-radxa-rock5b-plus/openwrt/staging_dir/target-aarch64_generic_musl/pkginfo/pcre2.default.install
make[3]: Leaving directory '/workspaces/openwrt-radxa-rock5b-plus/openwrt/package/libs/pcre2'
time: package/libs/pcre2/compile#0.17#0.15#0.93
make[3]: Entering directory '/workspaces/openwrt-radxa-rock5b-plus/openwrt/package/libs/musl-fts'
make[3]: Leaving directory '/workspaces/openwrt-radxa-rock5b-plus/openwrt/package/libs/musl-fts'
time: package/libs/musl-fts/compile#0.33#0.15#2.05
make[3]: Entering directory '/workspaces/openwrt-radxa-rock5b-plus/openwrt/package/system/openwrt-keyring'
mkdir -p /workspaces/openwrt-radxa-rock5b-plus/openwrt/staging_dir/target-aarch64_generic_musl/root-rockchip/stamp
SHELL= flock /workspaces/openwrt-radxa-rock5b-plus/openwrt/tmp/.root-copy.flock -c 'cp -fpR /workspaces/openwrt-radxa-rock5b-plus/openwrt/build_dir/target-aarch64_generic_musl/openwrt-keyring-2024.11.01~fbae29d7/.pkgdir/openwrt-keyring/. /workspaces/openwrt-radxa-rock5b-plus/openwrt/staging_dir/target-aarch64_generic_musl/root-rockchip/'
touch /workspaces/openwrt-radxa-rock5b-plus/openwrt/staging_dir/target-aarch64_generic_musl/root-rockchip/stamp/.openwrt-keyring_installed
echo "openwrt-keyring" >> /workspaces/openwrt-radxa-rock5b-plus/openwrt/staging_dir/target-aarch64_generic_musl/pkginfo/openwrt-keyring.default.install
make[3]: Leaving directory '/workspaces/openwrt-radxa-rock5b-plus/openwrt/package/system/openwrt-keyring'
time: package/system/openwrt-keyring/compile#0.14#0.11#0.50
make[3]: Entering directory '/workspaces/openwrt-radxa-rock5b-plus/openwrt/package/boot/arm-trusted-firmware-rockchip'
rm -rf /workspaces/openwrt-radxa-rock5b-plus/openwrt/bin/targets/rockchip/armv8/trusted-firmware-a-rk3588
rmdir /workspaces/openwrt-radxa-rock5b-plus/openwrt/build_dir/target-aarch64_generic_musl/trusted-firmware-a-rk3588/trusted-firmware-a-lts-v2.12.6/.pkgdir/trusted-firmware-a-rk3588 >/dev/null 2>/dev/null
make[3]: [Makefile:80: install-bin-trusted-firmware-a-rk3588] Error 1 (ignored)
if [ -d /workspaces/openwrt-radxa-rock5b-plus/openwrt/build_dir/target-aarch64_generic_musl/trusted-firmware-a-rk3588/trusted-firmware-a-lts-v2.12.6/.pkgdir/trusted-firmware-a-rk3588 ]; then install -d -m0755 /workspaces/openwrt-radxa-rock5b-plus/openwrt/bin/targets/rockchip/armv8/trusted-firmware-a-rk3588 && cp -fpR /workspaces/openwrt-radxa-rock5b-plus/openwrt/build_dir/target-aarch64_generic_musl/trusted-firmware-a-rk3588/trusted-firmware-a-lts-v2.12.6/.pkgdir/trusted-firmware-a-rk3588/. /workspaces/openwrt-radxa-rock5b-plus/openwrt/bin/targets/rockchip/armv8/trusted-firmware-a-rk3588/; fi
make[3]: Leaving directory '/workspaces/openwrt-radxa-rock5b-plus/openwrt/package/boot/arm-trusted-firmware-rockchip'
time: package/boot/arm-trusted-firmware-rockchip/rk3588/compile#0.21#0.18#5.36
make[3]: Entering directory '/workspaces/openwrt-radxa-rock5b-plus/openwrt/package/boot/rkbin'
rm -rf /workspaces/openwrt-radxa-rock5b-plus/openwrt/bin/targets/rockchip/armv8/trusted-firmware-a-rk3588-tpl
rmdir /workspaces/openwrt-radxa-rock5b-plus/openwrt/build_dir/target-aarch64_generic_musl/rkbin-rk3588-tpl/rkbin-2025.06.13~74213af1/.pkgdir/trusted-firmware-a-rk3588-tpl >/dev/null 2>/dev/null
make[3]: [Makefile:117: install-bin-trusted-firmware-a-rk3588-tpl] Error 1 (ignored)
if [ -d /workspaces/openwrt-radxa-rock5b-plus/openwrt/build_dir/target-aarch64_generic_musl/rkbin-rk3588-tpl/rkbin-2025.06.13~74213af1/.pkgdir/trusted-firmware-a-rk3588-tpl ]; then install -d -m0755 /workspaces/openwrt-radxa-rock5b-plus/openwrt/bin/targets/rockchip/armv8/trusted-firmware-a-rk3588-tpl && cp -fpR /workspaces/openwrt-radxa-rock5b-plus/openwrt/build_dir/target-aarch64_generic_musl/rkbin-rk3588-tpl/rkbin-2025.06.13~74213af1/.pkgdir/trusted-firmware-a-rk3588-tpl/. /workspaces/openwrt-radxa-rock5b-plus/openwrt/bin/targets/rockchip/armv8/trusted-firmware-a-rk3588-tpl/; fi
make[3]: Leaving directory '/workspaces/openwrt-radxa-rock5b-plus/openwrt/package/boot/rkbin'
time: package/boot/rkbin/rk3588-tpl/compile#0.19#0.10#1.87
make[3]: Entering directory '/workspaces/openwrt-radxa-rock5b-plus/openwrt/package/libs/jansson'
mkdir -p /workspaces/openwrt-radxa-rock5b-plus/openwrt/staging_dir/target-aarch64_generic_musl/root-rockchip/stamp
echo '4' | cmp -s - /workspaces/openwrt-radxa-rock5b-plus/openwrt/staging_dir/target-aarch64_generic_musl/pkginfo/jansson.version || { echo '4' > /workspaces/openwrt-radxa-rock5b-plus/openwrt/staging_dir/target-aarch64_generic_musl/pkginfo/jansson.version;  } 
SHELL= flock /workspaces/openwrt-radxa-rock5b-plus/openwrt/tmp/.root-copy.flock -c 'cp -fpR /workspaces/openwrt-radxa-rock5b-plus/openwrt/build_dir/target-aarch64_generic_musl/jansson-2.14/.pkgdir/jansson/. /workspaces/openwrt-radxa-rock5b-plus/openwrt/staging_dir/target-aarch64_generic_musl/root-rockchip/'
touch /workspaces/openwrt-radxa-rock5b-plus/openwrt/staging_dir/target-aarch64_generic_musl/root-rockchip/stamp/.jansson_installed
echo "jansson" >> /workspaces/openwrt-radxa-rock5b-plus/openwrt/staging_dir/target-aarch64_generic_musl/pkginfo/jansson.default.install
make[3]: Leaving directory '/workspaces/openwrt-radxa-rock5b-plus/openwrt/package/libs/jansson'
time: package/libs/jansson/compile#0.23#0.14#1.07
make[3]: Entering directory '/workspaces/openwrt-radxa-rock5b-plus/openwrt/package/libs/libmnl'
mkdir -p /workspaces/openwrt-radxa-rock5b-plus/openwrt/staging_dir/target-aarch64_generic_musl/root-rockchip/stamp
echo '0' | cmp -s - /workspaces/openwrt-radxa-rock5b-plus/openwrt/staging_dir/target-aarch64_generic_musl/pkginfo/libmnl.version || { echo '0' > /workspaces/openwrt-radxa-rock5b-plus/openwrt/staging_dir/target-aarch64_generic_musl/pkginfo/libmnl.version;  } 
SHELL= flock /workspaces/openwrt-radxa-rock5b-plus/openwrt/tmp/.root-copy.flock -c 'cp -fpR /workspaces/openwrt-radxa-rock5b-plus/openwrt/build_dir/target-aarch64_generic_musl/libmnl-1.0.5/.pkgdir/libmnl/. /workspaces/openwrt-radxa-rock5b-plus/openwrt/staging_dir/target-aarch64_generic_musl/root-rockchip/'
touch /workspaces/openwrt-radxa-rock5b-plus/openwrt/staging_dir/target-aarch64_generic_musl/root-rockchip/stamp/.libmnl_installed
echo "libmnl" >> /workspaces/openwrt-radxa-rock5b-plus/openwrt/staging_dir/target-aarch64_generic_musl/pkginfo/libmnl.default.install
make[3]: Leaving directory '/workspaces/openwrt-radxa-rock5b-plus/openwrt/package/libs/libmnl'
time: package/libs/libmnl/compile#0.27#0.13#0.77
make[3]: Entering directory '/workspaces/openwrt-radxa-rock5b-plus/openwrt/feeds/luci/protocols/luci-proto-ppp'
mkdir -p /workspaces/openwrt-radxa-rock5b-plus/openwrt/staging_dir/target-aarch64_generic_musl/root-rockchip/stamp
SHELL= flock /workspaces/openwrt-radxa-rock5b-plus/openwrt/tmp/.root-copy.flock -c 'cp -fpR /workspaces/openwrt-radxa-rock5b-plus/openwrt/build_dir/target-aarch64_generic_musl/luci-proto-ppp/.pkgdir/luci-proto-ppp/. /workspaces/openwrt-radxa-rock5b-plus/openwrt/staging_dir/target-aarch64_generic_musl/root-rockchip/'
touch /workspaces/openwrt-radxa-rock5b-plus/openwrt/staging_dir/target-aarch64_generic_musl/root-rockchip/stamp/.luci-proto-ppp_installed
echo "luci-proto-ppp" >> /workspaces/openwrt-radxa-rock5b-plus/openwrt/staging_dir/target-aarch64_generic_musl/pkginfo/luci-proto-ppp.default.install
make[3]: Leaving directory '/workspaces/openwrt-radxa-rock5b-plus/openwrt/feeds/luci/protocols/luci-proto-ppp'
time: package/feeds/luci/luci-proto-ppp/compile#0.12#0.17#0.58
make[3]: Entering directory '/workspaces/openwrt-radxa-rock5b-plus/openwrt/package/libs/mbedtls'
mkdir -p /workspaces/openwrt-radxa-rock5b-plus/openwrt/staging_dir/target-aarch64_generic_musl/root-rockchip/stamp
echo '21' | cmp -s - /workspaces/openwrt-radxa-rock5b-plus/openwrt/staging_dir/target-aarch64_generic_musl/pkginfo/libmbedtls.version || { echo '21' > /workspaces/openwrt-radxa-rock5b-plus/openwrt/staging_dir/target-aarch64_generic_musl/pkginfo/libmbedtls.version;  } 
SHELL= flock /workspaces/openwrt-radxa-rock5b-plus/openwrt/tmp/.root-copy.flock -c 'cp -fpR /workspaces/openwrt-radxa-rock5b-plus/openwrt/build_dir/target-aarch64_generic_musl/mbedtls-3.6.4/.pkgdir/libmbedtls/. /workspaces/openwrt-radxa-rock5b-plus/openwrt/staging_dir/target-aarch64_generic_musl/root-rockchip/'
touch /workspaces/openwrt-radxa-rock5b-plus/openwrt/staging_dir/target-aarch64_generic_musl/root-rockchip/stamp/.libmbedtls_installed
echo "libmbedtls" >> /workspaces/openwrt-radxa-rock5b-plus/openwrt/staging_dir/target-aarch64_generic_musl/pkginfo/mbedtls.default.install
make[3]: Leaving directory '/workspaces/openwrt-radxa-rock5b-plus/openwrt/package/libs/mbedtls'
time: package/libs/mbedtls/compile#0.17#0.12#1.62
make[3]: Entering directory '/workspaces/openwrt-radxa-rock5b-plus/openwrt/feeds/luci/protocols/luci-proto-ipv6'
mkdir -p /workspaces/openwrt-radxa-rock5b-plus/openwrt/staging_dir/target-aarch64_generic_musl/root-rockchip/stamp
SHELL= flock /workspaces/openwrt-radxa-rock5b-plus/openwrt/tmp/.root-copy.flock -c 'cp -fpR /workspaces/openwrt-radxa-rock5b-plus/openwrt/build_dir/target-aarch64_generic_musl/luci-proto-ipv6/.pkgdir/luci-proto-ipv6/. /workspaces/openwrt-radxa-rock5b-plus/openwrt/staging_dir/target-aarch64_generic_musl/root-rockchip/'
touch /workspaces/openwrt-radxa-rock5b-plus/openwrt/staging_dir/target-aarch64_generic_musl/root-rockchip/stamp/.luci-proto-ipv6_installed
echo "luci-proto-ipv6" >> /workspaces/openwrt-radxa-rock5b-plus/openwrt/staging_dir/target-aarch64_generic_musl/pkginfo/luci-proto-ipv6.default.install
make[3]: Leaving directory '/workspaces/openwrt-radxa-rock5b-plus/openwrt/feeds/luci/protocols/luci-proto-ipv6'
time: package/feeds/luci/luci-proto-ipv6/compile#0.12#0.17#0.49
make[3]: Entering directory '/workspaces/openwrt-radxa-rock5b-plus/openwrt/feeds/luci/libs/luci-lib-ip'
mkdir -p /workspaces/openwrt-radxa-rock5b-plus/openwrt/staging_dir/target-aarch64_generic_musl/root-rockchip/stamp
SHELL= flock /workspaces/openwrt-radxa-rock5b-plus/openwrt/tmp/.root-copy.flock -c 'cp -fpR /workspaces/openwrt-radxa-rock5b-plus/openwrt/build_dir/target-aarch64_generic_musl/luci-lib-ip/.pkgdir/luci-lib-ip/. /workspaces/openwrt-radxa-rock5b-plus/openwrt/staging_dir/target-aarch64_generic_musl/root-rockchip/'
touch /workspaces/openwrt-radxa-rock5b-plus/openwrt/staging_dir/target-aarch64_generic_musl/root-rockchip/stamp/.luci-lib-ip_installed
echo "luci-lib-ip" >> /workspaces/openwrt-radxa-rock5b-plus/openwrt/staging_dir/target-aarch64_generic_musl/pkginfo/luci-lib-ip.default.install
make[3]: Leaving directory '/workspaces/openwrt-radxa-rock5b-plus/openwrt/feeds/luci/libs/luci-lib-ip'
time: package/feeds/luci/luci-lib-ip/compile#0.15#0.20#0.56
make[3]: Entering directory '/workspaces/openwrt-radxa-rock5b-plus/openwrt/feeds/luci/libs/luci-lib-jsonc'
mkdir -p /workspaces/openwrt-radxa-rock5b-plus/openwrt/staging_dir/target-aarch64_generic_musl/root-rockchip/stamp
SHELL= flock /workspaces/openwrt-radxa-rock5b-plus/openwrt/tmp/.root-copy.flock -c 'cp -fpR /workspaces/openwrt-radxa-rock5b-plus/openwrt/build_dir/target-aarch64_generic_musl/luci-lib-jsonc/.pkgdir/luci-lib-jsonc/. /workspaces/openwrt-radxa-rock5b-plus/openwrt/staging_dir/target-aarch64_generic_musl/root-rockchip/'
touch /workspaces/openwrt-radxa-rock5b-plus/openwrt/staging_dir/target-aarch64_generic_musl/root-rockchip/stamp/.luci-lib-jsonc_installed
echo "luci-lib-jsonc" >> /workspaces/openwrt-radxa-rock5b-plus/openwrt/staging_dir/target-aarch64_generic_musl/pkginfo/luci-lib-jsonc.default.install
make[3]: Leaving directory '/workspaces/openwrt-radxa-rock5b-plus/openwrt/feeds/luci/libs/luci-lib-jsonc'
time: package/feeds/luci/luci-lib-jsonc/compile#0.16#0.20#0.72
make[3]: Entering directory '/workspaces/openwrt-radxa-rock5b-plus/openwrt/feeds/luci/libs/luci-lib-nixio'
mkdir -p /workspaces/openwrt-radxa-rock5b-plus/openwrt/staging_dir/target-aarch64_generic_musl/root-rockchip/stamp
SHELL= flock /workspaces/openwrt-radxa-rock5b-plus/openwrt/tmp/.root-copy.flock -c 'cp -fpR /workspaces/openwrt-radxa-rock5b-plus/openwrt/build_dir/target-aarch64_generic_musl/luci-lib-nixio/.pkgdir/luci-lib-nixio/. /workspaces/openwrt-radxa-rock5b-plus/openwrt/staging_dir/target-aarch64_generic_musl/root-rockchip/'
touch /workspaces/openwrt-radxa-rock5b-plus/openwrt/staging_dir/target-aarch64_generic_musl/root-rockchip/stamp/.luci-lib-nixio_installed
echo "luci-lib-nixio" >> /workspaces/openwrt-radxa-rock5b-plus/openwrt/staging_dir/target-aarch64_generic_musl/pkginfo/luci-lib-nixio.default.install
make[3]: Leaving directory '/workspaces/openwrt-radxa-rock5b-plus/openwrt/feeds/luci/libs/luci-lib-nixio'
time: package/feeds/luci/luci-lib-nixio/compile#0.17#0.22#0.78
make[3]: Entering directory '/workspaces/openwrt-radxa-rock5b-plus/openwrt/package/network/utils/wwan'
rm -f /workspaces/openwrt-radxa-rock5b-plus/openwrt/build_dir/target-aarch64_generic_musl/wwan-2019.04.29/.built
touch /workspaces/openwrt-radxa-rock5b-plus/openwrt/build_dir/target-aarch64_generic_musl/wwan-2019.04.29/.built_check
true
touch /workspaces/openwrt-radxa-rock5b-plus/openwrt/build_dir/target-aarch64_generic_musl/wwan-2019.04.29/.built
rm -rf /workspaces/openwrt-radxa-rock5b-plus/openwrt/build_dir/target-aarch64_generic_musl/wwan-2019.04.29/.pkgdir/wwan.installed /workspaces/openwrt-radxa-rock5b-plus/openwrt/build_dir/target-aarch64_generic_musl/wwan-2019.04.29/.pkgdir/wwan
mkdir -p /workspaces/openwrt-radxa-rock5b-plus/openwrt/build_dir/target-aarch64_generic_musl/wwan-2019.04.29/.pkgdir/wwan
install -d -m0755 /workspaces/openwrt-radxa-rock5b-plus/openwrt/build_dir/target-aarch64_generic_musl/wwan-2019.04.29/.pkgdir/wwan/lib/netifd/proto/
cp -fpR ./files/wwan.sh /workspaces/openwrt-radxa-rock5b-plus/openwrt/build_dir/target-aarch64_generic_musl/wwan-2019.04.29/.pkgdir/wwan/lib/netifd/proto/
install -d -m0755 /workspaces/openwrt-radxa-rock5b-plus/openwrt/build_dir/target-aarch64_generic_musl/wwan-2019.04.29/.pkgdir/wwan/etc/hotplug.d/usb
install -m0755 ./files/wwan.usb /workspaces/openwrt-radxa-rock5b-plus/openwrt/build_dir/target-aarch64_generic_musl/wwan-2019.04.29/.pkgdir/wwan/etc/hotplug.d/usb/00_wwan.sh
install -d -m0755 /workspaces/openwrt-radxa-rock5b-plus/openwrt/build_dir/target-aarch64_generic_musl/wwan-2019.04.29/.pkgdir/wwan/etc/hotplug.d/usbmisc
install -m0755 ./files/wwan.usbmisc /workspaces/openwrt-radxa-rock5b-plus/openwrt/build_dir/target-aarch64_generic_musl/wwan-2019.04.29/.pkgdir/wwan/etc/hotplug.d/usbmisc/00_wwan.sh
install -d -m0755 /workspaces/openwrt-radxa-rock5b-plus/openwrt/build_dir/target-aarch64_generic_musl/wwan-2019.04.29/.pkgdir/wwan/lib/network/wwan/
install -m0644 ./files/data/* /workspaces/openwrt-radxa-rock5b-plus/openwrt/build_dir/target-aarch64_generic_musl/wwan-2019.04.29/.pkgdir/wwan/lib/network/wwan/
#in order to keep the Lede GIT repo free of filenames with colons,
#we name the files xxxx-yyyy
# and rename here after copying to the build directory
shopt -s nullglob ; for filevar in /workspaces/openwrt-radxa-rock5b-plus/openwrt/build_dir/target-aarch64_generic_musl/wwan-2019.04.29/.pkgdir/wwan/lib/network/wwan/*-* ; do FILENAME=$(basename $filevar) ; NEWNAME=${FILENAME//-/:} ; mv "/workspaces/openwrt-radxa-rock5b-plus/openwrt/build_dir/target-aarch64_generic_musl/wwan-2019.04.29/.pkgdir/wwan/lib/network/wwan/$FILENAME" "/workspaces/openwrt-radxa-rock5b-plus/openwrt/build_dir/target-aarch64_generic_musl/wwan-2019.04.29/.pkgdir/wwan/lib/network/wwan/$NEWNAME" ; done
touch /workspaces/openwrt-radxa-rock5b-plus/openwrt/build_dir/target-aarch64_generic_musl/wwan-2019.04.29/.pkgdir/wwan.installed
mkdir -p /workspaces/openwrt-radxa-rock5b-plus/openwrt/staging_dir/target-aarch64_generic_musl/root-rockchip/stamp
SHELL= flock /workspaces/openwrt-radxa-rock5b-plus/openwrt/tmp/.root-copy.flock -c 'cp -fpR /workspaces/openwrt-radxa-rock5b-plus/openwrt/build_dir/target-aarch64_generic_musl/wwan-2019.04.29/.pkgdir/wwan/. /workspaces/openwrt-radxa-rock5b-plus/openwrt/staging_dir/target-aarch64_generic_musl/root-rockchip/'
touch /workspaces/openwrt-radxa-rock5b-plus/openwrt/staging_dir/target-aarch64_generic_musl/root-rockchip/stamp/.wwan_installed
rm -rf /workspaces/openwrt-radxa-rock5b-plus/openwrt/build_dir/target-aarch64_generic_musl/wwan-2019.04.29/ipkg-aarch64_generic/wwan
/workspaces/openwrt-radxa-rock5b-plus/openwrt/scripts/ipkg-remove wwan /workspaces/openwrt-radxa-rock5b-plus/openwrt/bin/packages/aarch64_generic/base/wwan-2019.04.29-r6.apk
removed '/workspaces/openwrt-radxa-rock5b-plus/openwrt/bin/packages/aarch64_generic/base/wwan-2019.04.29-r6.apk'
mkdir -p /workspaces/openwrt-radxa-rock5b-plus/openwrt/bin/targets/rockchip/armv8/packages /workspaces/openwrt-radxa-rock5b-plus/openwrt/build_dir/target-aarch64_generic_musl/wwan-2019.04.29/ipkg-aarch64_generic/wwan /workspaces/openwrt-radxa-rock5b-plus/openwrt/staging_dir/target-aarch64_generic_musl/pkginfo
install -d -m0755 /workspaces/openwrt-radxa-rock5b-plus/openwrt/build_dir/target-aarch64_generic_musl/wwan-2019.04.29/ipkg-aarch64_generic/wwan/lib/netifd/proto/
cp -fpR ./files/wwan.sh /workspaces/openwrt-radxa-rock5b-plus/openwrt/build_dir/target-aarch64_generic_musl/wwan-2019.04.29/ipkg-aarch64_generic/wwan/lib/netifd/proto/
install -d -m0755 /workspaces/openwrt-radxa-rock5b-plus/openwrt/build_dir/target-aarch64_generic_musl/wwan-2019.04.29/ipkg-aarch64_generic/wwan/etc/hotplug.d/usb
install -m0755 ./files/wwan.usb /workspaces/openwrt-radxa-rock5b-plus/openwrt/build_dir/target-aarch64_generic_musl/wwan-2019.04.29/ipkg-aarch64_generic/wwan/etc/hotplug.d/usb/00_wwan.sh
install -d -m0755 /workspaces/openwrt-radxa-rock5b-plus/openwrt/build_dir/target-aarch64_generic_musl/wwan-2019.04.29/ipkg-aarch64_generic/wwan/etc/hotplug.d/usbmisc
install -m0755 ./files/wwan.usbmisc /workspaces/openwrt-radxa-rock5b-plus/openwrt/build_dir/target-aarch64_generic_musl/wwan-2019.04.29/ipkg-aarch64_generic/wwan/etc/hotplug.d/usbmisc/00_wwan.sh
install -d -m0755 /workspaces/openwrt-radxa-rock5b-plus/openwrt/build_dir/target-aarch64_generic_musl/wwan-2019.04.29/ipkg-aarch64_generic/wwan/lib/network/wwan/
install -m0644 ./files/data/* /workspaces/openwrt-radxa-rock5b-plus/openwrt/build_dir/target-aarch64_generic_musl/wwan-2019.04.29/ipkg-aarch64_generic/wwan/lib/network/wwan/
#in order to keep the Lede GIT repo free of filenames with colons,
#we name the files xxxx-yyyy
# and rename here after copying to the build directory
shopt -s nullglob ; for filevar in /workspaces/openwrt-radxa-rock5b-plus/openwrt/build_dir/target-aarch64_generic_musl/wwan-2019.04.29/ipkg-aarch64_generic/wwan/lib/network/wwan/*-* ; do FILENAME=$(basename $filevar) ; NEWNAME=${FILENAME//-/:} ; mv "/workspaces/openwrt-radxa-rock5b-plus/openwrt/build_dir/target-aarch64_generic_musl/wwan-2019.04.29/ipkg-aarch64_generic/wwan/lib/network/wwan/$FILENAME" "/workspaces/openwrt-radxa-rock5b-plus/openwrt/build_dir/target-aarch64_generic_musl/wwan-2019.04.29/ipkg-aarch64_generic/wwan/lib/network/wwan/$NEWNAME" ; done
find /workspaces/openwrt-radxa-rock5b-plus/openwrt/build_dir/target-aarch64_generic_musl/wwan-2019.04.29/ipkg-aarch64_generic/wwan -name 'CVS' -o -name '.svn' -o -name '.#*' -o -name '*~'| xargs -r rm -rf
export CROSS="aarch64-openwrt-linux-musl-"  NO_RENAME=1 ; NM="aarch64-openwrt-linux-musl-nm" STRIP="/workspaces/openwrt-radxa-rock5b-plus/openwrt/staging_dir/host/bin/sstrip -z" STRIP_KMOD="/workspaces/openwrt-radxa-rock5b-plus/openwrt/scripts/strip-kmod.sh" PATCHELF="/workspaces/openwrt-radxa-rock5b-plus/openwrt/staging_dir/host/bin/patchelf" /workspaces/openwrt-radxa-rock5b-plus/openwrt/scripts/rstrip.sh /workspaces/openwrt-radxa-rock5b-plus/openwrt/build_dir/target-aarch64_generic_musl/wwan-2019.04.29/ipkg-aarch64_generic/wwan
install -d -m0755 /workspaces/openwrt-radxa-rock5b-plus/openwrt/bin/packages/aarch64_generic/base/tmp
mkdir -p /workspaces/openwrt-radxa-rock5b-plus/openwrt/build_dir/target-aarch64_generic_musl/wwan-2019.04.29/apk-aarch64_generic/wwan/
mkdir -p /workspaces/openwrt-radxa-rock5b-plus/openwrt/build_dir/target-aarch64_generic_musl/wwan-2019.04.29/ipkg-aarch64_generic/wwan/lib/apk/packages/
(cd /workspaces/openwrt-radxa-rock5b-plus/openwrt/build_dir/target-aarch64_generic_musl/wwan-2019.04.29/apk-aarch64_generic/wwan; )
( echo "#!/bin/sh"; echo "[ \"\${IPKG_NO_SCRIPT}\" = \"1\" ] && exit 0"; echo "[ -s "\${IPKG_INSTROOT}/lib/functions.sh" ] || exit 0"; echo ". \${IPKG_INSTROOT}/lib/functions.sh"; echo 'export root="${IPKG_INSTROOT}"'; echo 'export pkgname="wwan"'; echo "add_group_and_user"; echo "default_postinst"; [ ! -f /workspaces/openwrt-radxa-rock5b-plus/openwrt/build_dir/target-aarch64_generic_musl/wwan-2019.04.29/apk-aarch64_generic/wwan/postinst-pkg ] || sed -z 's/^\s*#!/#!/' "/workspaces/openwrt-radxa-rock5b-plus/openwrt/build_dir/target-aarch64_generic_musl/wwan-2019.04.29/apk-aarch64_generic/wwan/postinst-pkg"; ) > /workspaces/openwrt-radxa-rock5b-plus/openwrt/build_dir/target-aarch64_generic_musl/wwan-2019.04.29/apk-aarch64_generic/wwan/post-install;
( echo "#!/bin/sh"; echo 'export PKG_UPGRADE=1'; [ ! -f /workspaces/openwrt-radxa-rock5b-plus/openwrt/build_dir/target-aarch64_generic_musl/wwan-2019.04.29/apk-aarch64_generic/wwan/post-install ] || sed -z 's/^\s*#!/#!/' "/workspaces/openwrt-radxa-rock5b-plus/openwrt/build_dir/target-aarch64_generic_musl/wwan-2019.04.29/apk-aarch64_generic/wwan/post-install"; ) > /workspaces/openwrt-radxa-rock5b-plus/openwrt/build_dir/target-aarch64_generic_musl/wwan-2019.04.29/apk-aarch64_generic/wwan/post-upgrade;
( echo "#!/bin/sh"; echo "[ -s "\${IPKG_INSTROOT}/lib/functions.sh" ] || exit 0"; echo ". \${IPKG_INSTROOT}/lib/functions.sh"; echo 'export root="${IPKG_INSTROOT}"'; echo 'export pkgname="wwan"'; echo "default_prerm"; [ ! -f /workspaces/openwrt-radxa-rock5b-plus/openwrt/build_dir/target-aarch64_generic_musl/wwan-2019.04.29/apk-aarch64_generic/wwan/prerm-pkg ] || sed -z 's/^\s*#!/#!/' "/workspaces/openwrt-radxa-rock5b-plus/openwrt/build_dir/target-aarch64_generic_musl/wwan-2019.04.29/apk-aarch64_generic/wwan/prerm-pkg"; ) > /workspaces/openwrt-radxa-rock5b-plus/openwrt/build_dir/target-aarch64_generic_musl/wwan-2019.04.29/apk-aarch64_generic/wwan/pre-deinstall;
[ ! -f /workspaces/openwrt-radxa-rock5b-plus/openwrt/build_dir/target-aarch64_generic_musl/wwan-2019.04.29/apk-aarch64_generic/wwan/postrm ] || sed -zi 's/^\s*#!/#!/' "/workspaces/openwrt-radxa-rock5b-plus/openwrt/build_dir/target-aarch64_generic_musl/wwan-2019.04.29/apk-aarch64_generic/wwan/postrm";
if [ -n "" ]; then echo  > /workspaces/openwrt-radxa-rock5b-plus/openwrt/build_dir/target-aarch64_generic_musl/wwan-2019.04.29/ipkg-aarch64_generic/wwan/lib/apk/packages/wwan.rusers; fi;
if [ -n "" ]; then echo  > /workspaces/openwrt-radxa-rock5b-plus/openwrt/build_dir/target-aarch64_generic_musl/wwan-2019.04.29/ipkg-aarch64_generic/wwan/lib/apk/packages/wwan.alternatives; fi;
(cd /workspaces/openwrt-radxa-rock5b-plus/openwrt/build_dir/target-aarch64_generic_musl/wwan-2019.04.29/ipkg-aarch64_generic/wwan && find . -type f,l -printf "/%P\n" | sort > /workspaces/openwrt-radxa-rock5b-plus/openwrt/tmp/wwan.list && mv /workspaces/openwrt-radxa-rock5b-plus/openwrt/tmp/wwan.list /workspaces/openwrt-radxa-rock5b-plus/openwrt/build_dir/target-aarch64_generic_musl/wwan-2019.04.29/ipkg-aarch64_generic/wwan/lib/apk/packages/wwan.list)
# Move conffiles to IDIR and build conffiles_static with csums
if [ -f /workspaces/openwrt-radxa-rock5b-plus/openwrt/build_dir/target-aarch64_generic_musl/wwan-2019.04.29/apk-aarch64_generic/wwan/conffiles ]; then mv -f /workspaces/openwrt-radxa-rock5b-plus/openwrt/build_dir/target-aarch64_generic_musl/wwan-2019.04.29/apk-aarch64_generic/wwan/conffiles /workspaces/openwrt-radxa-rock5b-plus/openwrt/build_dir/target-aarch64_generic_musl/wwan-2019.04.29/ipkg-aarch64_generic/wwan/lib/apk/packages/wwan.conffiles; for file in $(cat /workspaces/openwrt-radxa-rock5b-plus/openwrt/build_dir/target-aarch64_generic_musl/wwan-2019.04.29/ipkg-aarch64_generic/wwan/lib/apk/packages/wwan.conffiles); do [ -f /workspaces/openwrt-radxa-rock5b-plus/openwrt/build_dir/target-aarch64_generic_musl/wwan-2019.04.29/ipkg-aarch64_generic/wwan/$file ] || continue; csum=$(/workspaces/openwrt-radxa-rock5b-plus/openwrt/staging_dir/host/bin/mkhash sha256 /workspaces/openwrt-radxa-rock5b-plus/openwrt/build_dir/target-aarch64_generic_musl/wwan-2019.04.29/ipkg-aarch64_generic/wwan/$file); echo $file $csum >> /workspaces/openwrt-radxa-rock5b-plus/openwrt/build_dir/target-aarch64_generic_musl/wwan-2019.04.29/ipkg-aarch64_generic/wwan/lib/apk/packages/wwan.conffiles_static; done; fi
# Some package (base-files) manually append stuff to conffiles
# Append stuff from it and delete the CONTROL directory since everything else should be migrated
if [ -f /workspaces/openwrt-radxa-rock5b-plus/openwrt/build_dir/target-aarch64_generic_musl/wwan-2019.04.29/ipkg-aarch64_generic/wwan/CONTROL/conffiles ]; then echo $(IDIR_wwan)/CONTROL/conffiles >> /workspaces/openwrt-radxa-rock5b-plus/openwrt/build_dir/target-aarch64_generic_musl/wwan-2019.04.29/ipkg-aarch64_generic/wwan/lib/apk/packages/wwan.conffiles; for file in $(cat /workspaces/openwrt-radxa-rock5b-plus/openwrt/build_dir/target-aarch64_generic_musl/wwan-2019.04.29/ipkg-aarch64_generic/wwan/CONTROL/conffiles); do [ -f /workspaces/openwrt-radxa-rock5b-plus/openwrt/build_dir/target-aarch64_generic_musl/wwan-2019.04.29/ipkg-aarch64_generic/wwan/$file ] || continue; csum=$(/workspaces/openwrt-radxa-rock5b-plus/openwrt/staging_dir/host/bin/mkhash sha256 /workspaces/openwrt-radxa-rock5b-plus/openwrt/build_dir/target-aarch64_generic_musl/wwan-2019.04.29/ipkg-aarch64_generic/wwan/$file); echo $file $csum >> /workspaces/openwrt-radxa-rock5b-plus/openwrt/build_dir/target-aarch64_generic_musl/wwan-2019.04.29/ipkg-aarch64_generic/wwan/lib/apk/packages/wwan.conffiles_static; done; rm -rf /workspaces/openwrt-radxa-rock5b-plus/openwrt/build_dir/target-aarch64_generic_musl/wwan-2019.04.29/ipkg-aarch64_generic/wwan/CONTROL/conffiles; fi
if [ -z "$(ls -A /workspaces/openwrt-radxa-rock5b-plus/openwrt/build_dir/target-aarch64_generic_musl/wwan-2019.04.29/ipkg-aarch64_generic/wwan/CONTROL 2>/dev/null)" ]; then rm -rf /workspaces/openwrt-radxa-rock5b-plus/openwrt/build_dir/target-aarch64_generic_musl/wwan-2019.04.29/ipkg-aarch64_generic/wwan/CONTROL; else echo "CONTROL directory /workspaces/openwrt-radxa-rock5b-plus/openwrt/build_dir/target-aarch64_generic_musl/wwan-2019.04.29/ipkg-aarch64_generic/wwan/CONTROL is not empty! This is not right and should be checked!" >&2; exit 1; fi
/workspaces/openwrt-radxa-rock5b-plus/openwrt/staging_dir/host/bin/fakeroot /workspaces/openwrt-radxa-rock5b-plus/openwrt/staging_dir/host/bin/apk mkpkg --info "name:wwan" --info "version:2019.04.29-r6"  --info "description:Generic OpenWrt 3G/4G proto handler" --info "arch:aarch64_generic" --info "license:GPL-2.0" --info "origin:feeds/base/network/utils/wwan" --info "url:" --info "maintainer:John Crispin <john@phrozen.org>" --info "provides:"  --script "post-install:/workspaces/openwrt-radxa-rock5b-plus/openwrt/build_dir/target-aarch64_generic_musl/wwan-2019.04.29/apk-aarch64_generic/wwan/post-install" --script "post-upgrade:/workspaces/openwrt-radxa-rock5b-plus/openwrt/build_dir/target-aarch64_generic_musl/wwan-2019.04.29/apk-aarch64_generic/wwan/post-upgrade" --script "pre-deinstall:/workspaces/openwrt-radxa-rock5b-plus/openwrt/build_dir/target-aarch64_generic_musl/wwan-2019.04.29/apk-aarch64_generic/wwan/pre-deinstall" --info "depends:libc" --files "/workspaces/openwrt-radxa-rock5b-plus/openwrt/build_dir/target-aarch64_generic_musl/wwan-2019.04.29/ipkg-aarch64_generic/wwan" --output "/workspaces/openwrt-radxa-rock5b-plus/openwrt/bin/packages/aarch64_generic/base/wwan-2019.04.29-r6.apk" --sign "/workspaces/openwrt-radxa-rock5b-plus/openwrt/private-key.pem"
echo "wwan" >> /workspaces/openwrt-radxa-rock5b-plus/openwrt/staging_dir/target-aarch64_generic_musl/pkginfo/wwan.default.install
make[3]: Leaving directory '/workspaces/openwrt-radxa-rock5b-plus/openwrt/package/network/utils/wwan'
time: package/network/utils/wwan/compile#1.04#2.02#5.00
make[3]: Entering directory '/workspaces/openwrt-radxa-rock5b-plus/openwrt/package/utils/px5g-mbedtls'
mkdir -p /workspaces/openwrt-radxa-rock5b-plus/openwrt/staging_dir/target-aarch64_generic_musl/root-rockchip/stamp
SHELL= flock /workspaces/openwrt-radxa-rock5b-plus/openwrt/tmp/.root-copy.flock -c 'cp -fpR /workspaces/openwrt-radxa-rock5b-plus/openwrt/build_dir/target-aarch64_generic_musl/px5g-mbedtls-mbedtls/px5g-mbedtls/.pkgdir/px5g-mbedtls/. /workspaces/openwrt-radxa-rock5b-plus/openwrt/staging_dir/target-aarch64_generic_musl/root-rockchip/'
touch /workspaces/openwrt-radxa-rock5b-plus/openwrt/staging_dir/target-aarch64_generic_musl/root-rockchip/stamp/.px5g-mbedtls_installed
echo "px5g-mbedtls" >> /workspaces/openwrt-radxa-rock5b-plus/openwrt/staging_dir/target-aarch64_generic_musl/pkginfo/px5g-mbedtls.mbedtls.install
make[3]: Leaving directory '/workspaces/openwrt-radxa-rock5b-plus/openwrt/package/utils/px5g-mbedtls'
time: package/utils/px5g-mbedtls/mbedtls/compile#0.12#0.10#0.66
make[3]: Entering directory '/workspaces/openwrt-radxa-rock5b-plus/openwrt/package/system/ca-certificates'
rm -f /workspaces/openwrt-radxa-rock5b-plus/openwrt/build_dir/target-aarch64_generic_musl/ca-certificates-20250419/.built
touch /workspaces/openwrt-radxa-rock5b-plus/openwrt/build_dir/target-aarch64_generic_musl/ca-certificates-20250419/.built_check
CFLAGS="-Os -pipe -mcpu=generic -fno-caller-saves -fno-plt -fhonour-copts -fmacro-prefix-map=/workspaces/openwrt-radxa-rock5b-plus/openwrt/build_dir/target-aarch64_generic_musl/ca-certificates-20250419=ca-certificates-20250419 -Wformat -Werror=format-security -fstack-protector -D_FORTIFY_SOURCE=1 -Wl,-z,now -Wl,-z,relro  -I/workspaces/openwrt-radxa-rock5b-plus/openwrt/staging_dir/toolchain-aarch64_generic_gcc-14.3.0_musl/usr/include -I/workspaces/openwrt-radxa-rock5b-plus/openwrt/staging_dir/toolchain-aarch64_generic_gcc-14.3.0_musl/include -I/workspaces/openwrt-radxa-rock5b-plus/openwrt/staging_dir/toolchain-aarch64_generic_gcc-14.3.0_musl/include/fortify " CXXFLAGS="-Os -pipe -mcpu=generic -fno-caller-saves -fno-plt -fhonour-copts -fmacro-prefix-map=/workspaces/openwrt-radxa-rock5b-plus/openwrt/build_dir/target-aarch64_generic_musl/ca-certificates-20250419=ca-certificates-20250419 -Wformat -Werror=format-security -fstack-protector -D_FORTIFY_SOURCE=1 -Wl,-z,now -Wl,-z,relro  -I/workspaces/openwrt-radxa-rock5b-plus/openwrt/staging_dir/toolchain-aarch64_generic_gcc-14.3.0_musl/usr/include -I/workspaces/openwrt-radxa-rock5b-plus/openwrt/staging_dir/toolchain-aarch64_generic_gcc-14.3.0_musl/include -I/workspaces/openwrt-radxa-rock5b-plus/openwrt/staging_dir/toolchain-aarch64_generic_gcc-14.3.0_musl/include/fortify " LDFLAGS="-L/workspaces/openwrt-radxa-rock5b-plus/openwrt/staging_dir/toolchain-aarch64_generic_gcc-14.3.0_musl/usr/lib -L/workspaces/openwrt-radxa-rock5b-plus/openwrt/staging_dir/toolchain-aarch64_generic_gcc-14.3.0_musl/lib -fuse-ld=bfd -znow -zrelro " make -j1 -C /workspaces/openwrt-radxa-rock5b-plus/openwrt/build_dir/target-aarch64_generic_musl/ca-certificates-20250419/. AR="aarch64-openwrt-linux-musl-gcc-ar" AS="aarch64-openwrt-linux-musl-gcc -c -Os -pipe -mcpu=generic -fno-caller-saves -fno-plt -fhonour-copts -fmacro-prefix-map=/workspaces/openwrt-radxa-rock5b-plus/openwrt/build_dir/target-aarch64_generic_musl/ca-certificates-20250419=ca-certificates-20250419 -Wformat -Werror=format-security -fstack-protector -D_FORTIFY_SOURCE=1 -Wl,-z,now -Wl,-z,relro" LD="aarch64-openwrt-linux-musl-ld.bfd" NM="aarch64-openwrt-linux-musl-gcc-nm" CC="aarch64-openwrt-linux-musl-gcc" GCC="aarch64-openwrt-linux-musl-gcc" CXX="aarch64-openwrt-linux-musl-g++" RANLIB="aarch64-openwrt-linux-musl-gcc-ranlib" STRIP=aarch64-openwrt-linux-musl-strip OBJCOPY=aarch64-openwrt-linux-musl-objcopy OBJDUMP=aarch64-openwrt-linux-musl-objdump SIZE=aarch64-openwrt-linux-musl-size CROSS="aarch64-openwrt-linux-musl-" ARCH="aarch64" ;
make[4]: Entering directory '/workspaces/openwrt-radxa-rock5b-plus/openwrt/build_dir/target-aarch64_generic_musl/ca-certificates-20250419'
for dir in mozilla; do \
  make -C $dir all; \
done
make[5]: Entering directory '/workspaces/openwrt-radxa-rock5b-plus/openwrt/build_dir/target-aarch64_generic_musl/ca-certificates-20250419/mozilla'
python3 certdata2pem.py
Ignoring certificate "Certum Root CA".  SAUTH=CKT_NSS_MUST_VERIFY_TRUST, EPROT=CKT_NSS_TRUSTED_DELEGATOR
Ignoring certificate "OISTE WISeKey Global Root GA CA".  SAUTH=CKT_NSS_MUST_VERIFY_TRUST, EPROT=CKT_NSS_TRUSTED_DELEGATOR
Certificate "Explicitly Distrust DigiNotar Root CA" blacklisted, ignoring.
Ignoring certificate "Staat der Nederlanden Root CA - G3".  SAUTH=CKT_NSS_MUST_VERIFY_TRUST, EPROT=CKT_NSS_TRUSTED_DELEGATOR
Ignoring certificate "D-TRUST Root CA 3 2013".  SAUTH=CKT_NSS_MUST_VERIFY_TRUST, EPROT=CKT_NSS_TRUSTED_DELEGATOR
Ignoring certificate "Entrust Root Certification Authority - G4".  SAUTH=CKT_NSS_MUST_VERIFY_TRUST, EPROT=CKT_NSS_TRUSTED_DELEGATOR
Ignoring certificate "GlobalSign Secure Mail Root R45".  SAUTH=CKT_NSS_MUST_VERIFY_TRUST, EPROT=CKT_NSS_TRUSTED_DELEGATOR
Ignoring certificate "GlobalSign Secure Mail Root E45".  SAUTH=CKT_NSS_MUST_VERIFY_TRUST, EPROT=CKT_NSS_TRUSTED_DELEGATOR
Ignoring certificate "HARICA Client RSA Root CA 2021".  SAUTH=CKT_NSS_MUST_VERIFY_TRUST, EPROT=CKT_NSS_TRUSTED_DELEGATOR
Ignoring certificate "HARICA Client ECC Root CA 2021".  SAUTH=CKT_NSS_MUST_VERIFY_TRUST, EPROT=CKT_NSS_TRUSTED_DELEGATOR
Ignoring certificate "DigiCert SMIME ECC P384 Root G5".  SAUTH=CKT_NSS_MUST_VERIFY_TRUST, EPROT=CKT_NSS_TRUSTED_DELEGATOR
Ignoring certificate "DigiCert SMIME RSA4096 Root G5".  SAUTH=CKT_NSS_MUST_VERIFY_TRUST, EPROT=CKT_NSS_TRUSTED_DELEGATOR
Ignoring certificate "DIGITALSIGN GLOBAL ROOT RSA CA".  SAUTH=CKT_NSS_MUST_VERIFY_TRUST, EPROT=CKT_NSS_TRUSTED_DELEGATOR
Ignoring certificate "DIGITALSIGN GLOBAL ROOT ECDSA CA".  SAUTH=CKT_NSS_MUST_VERIFY_TRUST, EPROT=CKT_NSS_TRUSTED_DELEGATOR
Ignoring certificate "LAWtrust Root CA2 (4096)".  SAUTH=CKT_NSS_MUST_VERIFY_TRUST, EPROT=CKT_NSS_TRUSTED_DELEGATOR
Ignoring certificate "Sectigo Public Email Protection Root E46".  SAUTH=CKT_NSS_MUST_VERIFY_TRUST, EPROT=CKT_NSS_TRUSTED_DELEGATOR
Ignoring certificate "Sectigo Public Email Protection Root R46".  SAUTH=CKT_NSS_MUST_VERIFY_TRUST, EPROT=CKT_NSS_TRUSTED_DELEGATOR
Ignoring certificate "SSL.com Client ECC Root CA 2022".  SAUTH=CKT_NSS_MUST_VERIFY_TRUST, EPROT=CKT_NSS_TRUSTED_DELEGATOR
Ignoring certificate "SSL.com Client RSA Root CA 2022".  SAUTH=CKT_NSS_MUST_VERIFY_TRUST, EPROT=CKT_NSS_TRUSTED_DELEGATOR
Ignoring certificate "Atos TrustedRoot Root CA ECC G2 2020".  SAUTH=CKT_NSS_MUST_VERIFY_TRUST, EPROT=CKT_NSS_TRUSTED_DELEGATOR
Ignoring certificate "Atos TrustedRoot Root CA RSA G2 2020".  SAUTH=CKT_NSS_MUST_VERIFY_TRUST, EPROT=CKT_NSS_TRUSTED_DELEGATOR
Ignoring certificate "D-Trust SBR Root CA 1 2022".  SAUTH=CKT_NSS_MUST_VERIFY_TRUST, EPROT=CKT_NSS_TRUSTED_DELEGATOR
Ignoring certificate "D-Trust SBR Root CA 2 2022".  SAUTH=CKT_NSS_MUST_VERIFY_TRUST, EPROT=CKT_NSS_TRUSTED_DELEGATOR
Ignoring certificate "Telekom Security SMIME ECC Root 2021".  SAUTH=CKT_NSS_MUST_VERIFY_TRUST, EPROT=CKT_NSS_TRUSTED_DELEGATOR
Ignoring certificate "Telekom Security SMIME RSA Root 2023".  SAUTH=CKT_NSS_MUST_VERIFY_TRUST, EPROT=CKT_NSS_TRUSTED_DELEGATOR
Ignoring certificate "TWCA Global Root CA G2".  SAUTH=CKT_NSS_MUST_VERIFY_TRUST, EPROT=CKT_NSS_TRUSTED_DELEGATOR
Found duplicate certificate name b'GlobalSign_Root_CA', renaming.
Found duplicate certificate name b'Entrust.net_Premium_2048_Secure_Server_CA', renaming.
Found duplicate certificate name b'Baltimore_CyberTrust_Root', renaming.
Found duplicate certificate name b'Entrust_Root_Certification_Authority', renaming.
Found duplicate certificate name b'Comodo_AAA_Services_root', renaming.
Found duplicate certificate name b'QuoVadis_Root_CA_2', renaming.
Found duplicate certificate name b'QuoVadis_Root_CA_3', renaming.
Found duplicate certificate name b'XRamp_Global_CA_Root', renaming.
Found duplicate certificate name b'Go_Daddy_Class_2_CA', renaming.
Found duplicate certificate name b'Starfield_Class_2_CA', renaming.
Found duplicate certificate name b'DigiCert_Assured_ID_Root_CA', renaming.
Found duplicate certificate name b'DigiCert_Global_Root_CA', renaming.
Found duplicate certificate name b'DigiCert_High_Assurance_EV_Root_CA', renaming.
Found duplicate certificate name b'SwissSign_Gold_CA_-_G2', renaming.
Found duplicate certificate name b'SecureTrust_CA', renaming.
Found duplicate certificate name b'Secure_Global_CA', renaming.
Found duplicate certificate name b'COMODO_Certification_Authority', renaming.
Found duplicate certificate name b'COMODO_ECC_Certification_Authority', renaming.
Found duplicate certificate name b'Certigna', renaming.
Found duplicate certificate name b'ePKI_Root_Certification_Authority', renaming.
Found duplicate certificate name b'certSIGN_ROOT_CA', renaming.
Found duplicate certificate name b'NetLock_Arany_=Class_Gold=_F\xc5\x91tan\xc3\xbas\xc3\xadtv\xc3\xa1ny', renaming.
Found duplicate certificate name b'Microsec_e-Szigno_Root_CA_2009', renaming.
Found duplicate certificate name b'GlobalSign_Root_CA_-_R3', renaming.
Found duplicate certificate name b'Izenpe.com', renaming.
Found duplicate certificate name b'Go_Daddy_Root_Certificate_Authority_-_G2', renaming.
Found duplicate certificate name b'Starfield_Root_Certificate_Authority_-_G2', renaming.
Found duplicate certificate name b'Starfield_Services_Root_Certificate_Authority_-_G2', renaming.
Found duplicate certificate name b'AffirmTrust_Commercial', renaming.
Found duplicate certificate name b'AffirmTrust_Networking', renaming.
Found duplicate certificate name b'AffirmTrust_Premium', renaming.
Found duplicate certificate name b'AffirmTrust_Premium_ECC', renaming.
Found duplicate certificate name b'Certum_Trusted_Network_CA', renaming.
Found duplicate certificate name b'TWCA_Root_Certification_Authority', renaming.
Found duplicate certificate name b'Security_Communication_RootCA2', renaming.
Found duplicate certificate name b'Actalis_Authentication_Root_CA', renaming.
Found duplicate certificate name b'Buypass_Class_2_Root_CA', renaming.
Found duplicate certificate name b'Buypass_Class_3_Root_CA', renaming.
Found duplicate certificate name b'T-TeleSec_GlobalRoot_Class_3', renaming.
Found duplicate certificate name b'D-TRUST_Root_Class_3_CA_2_2009', renaming.
Found duplicate certificate name b'D-TRUST_Root_Class_3_CA_2_EV_2009', renaming.
Found duplicate certificate name b'CA_Disig_Root_R2', renaming.
Found duplicate certificate name b'ACCVRAIZ1', renaming.
Found duplicate certificate name b'TWCA_Global_Root_CA', renaming.
Found duplicate certificate name b'TeliaSonera_Root_CA_v1', renaming.
Found duplicate certificate name b'T-TeleSec_GlobalRoot_Class_2', renaming.
Found duplicate certificate name b'Atos_TrustedRoot_2011', renaming.
Found duplicate certificate name b'QuoVadis_Root_CA_1_G3', renaming.
Found duplicate certificate name b'QuoVadis_Root_CA_2_G3', renaming.
Found duplicate certificate name b'QuoVadis_Root_CA_3_G3', renaming.
Found duplicate certificate name b'DigiCert_Assured_ID_Root_G2', renaming.
Found duplicate certificate name b'DigiCert_Assured_ID_Root_G3', renaming.
Found duplicate certificate name b'DigiCert_Global_Root_G2', renaming.
Found duplicate certificate name b'DigiCert_Global_Root_G3', renaming.
Found duplicate certificate name b'DigiCert_Trusted_Root_G4', renaming.
Found duplicate certificate name b'COMODO_RSA_Certification_Authority', renaming.
Found duplicate certificate name b'USERTrust_RSA_Certification_Authority', renaming.
Found duplicate certificate name b'USERTrust_ECC_Certification_Authority', renaming.
Found duplicate certificate name b'GlobalSign_ECC_Root_CA_-_R5', renaming.
Found duplicate certificate name b'IdenTrust_Commercial_Root_CA_1', renaming.
Found duplicate certificate name b'IdenTrust_Public_Sector_Root_CA_1', renaming.
Found duplicate certificate name b'Entrust_Root_Certification_Authority_-_G2', renaming.
Found duplicate certificate name b'Entrust_Root_Certification_Authority_-_EC1', renaming.
Found duplicate certificate name b'CFCA_EV_ROOT', renaming.
Found duplicate certificate name b'OISTE_WISeKey_Global_Root_GB_CA', renaming.
Found duplicate certificate name b'SZAFIR_ROOT_CA2', renaming.
Found duplicate certificate name b'Certum_Trusted_Network_CA_2', renaming.
Found duplicate certificate name b'Hellenic_Academic_and_Research_Institutions_RootCA_2015', renaming.
Found duplicate certificate name b'Hellenic_Academic_and_Research_Institutions_ECC_RootCA_2015', renaming.
Found duplicate certificate name b'ISRG_Root_X1', renaming.
Found duplicate certificate name b'AC_RAIZ_FNMT-RCM', renaming.
Found duplicate certificate name b'Amazon_Root_CA_1', renaming.
Found duplicate certificate name b'Amazon_Root_CA_2', renaming.
Found duplicate certificate name b'Amazon_Root_CA_3', renaming.
Found duplicate certificate name b'Amazon_Root_CA_4', renaming.
Found duplicate certificate name b'TUBITAK_Kamu_SM_SSL_Kok_Sertifikasi_-_Surum_1', renaming.
Found duplicate certificate name b'GDCA_TrustAUTH_R5_ROOT', renaming.
Found duplicate certificate name b'SSL.com_Root_Certification_Authority_RSA', renaming.
Found duplicate certificate name b'SSL.com_Root_Certification_Authority_ECC', renaming.
Found duplicate certificate name b'SSL.com_EV_Root_Certification_Authority_RSA_R2', renaming.
Found duplicate certificate name b'SSL.com_EV_Root_Certification_Authority_ECC', renaming.
Found duplicate certificate name b'GlobalSign_Root_CA_-_R6', renaming.
Found duplicate certificate name b'OISTE_WISeKey_Global_Root_GC_CA', renaming.
Found duplicate certificate name b'UCA_Global_G2_Root', renaming.
Found duplicate certificate name b'UCA_Extended_Validation_Root', renaming.
Found duplicate certificate name b'Certigna_Root_CA', renaming.
Found duplicate certificate name b'emSign_Root_CA_-_G1', renaming.
Found duplicate certificate name b'emSign_ECC_Root_CA_-_G3', renaming.
Found duplicate certificate name b'emSign_Root_CA_-_C1', renaming.
Found duplicate certificate name b'emSign_ECC_Root_CA_-_C3', renaming.
Found duplicate certificate name b'Hongkong_Post_Root_CA_3', renaming.
Found duplicate certificate name b'Microsoft_ECC_Root_Certificate_Authority_2017', renaming.
Found duplicate certificate name b'Microsoft_RSA_Root_Certificate_Authority_2017', renaming.
Found duplicate certificate name b'e-Szigno_Root_CA_2017', renaming.
Found duplicate certificate name b'certSIGN_Root_CA_G2', renaming.
Found duplicate certificate name b'Trustwave_Global_Certification_Authority', renaming.
Found duplicate certificate name b'Trustwave_Global_ECC_P256_Certification_Authority', renaming.
Found duplicate certificate name b'Trustwave_Global_ECC_P384_Certification_Authority', renaming.
Found duplicate certificate name b'NAVER_Global_Root_Certification_Authority', renaming.
Found duplicate certificate name b'AC_RAIZ_FNMT-RCM_SERVIDORES_SEGUROS', renaming.
Found duplicate certificate name b'GlobalSign_Root_R46', renaming.
Found duplicate certificate name b'GlobalSign_Root_E46', renaming.
Found duplicate certificate name b'GLOBALTRUST_2020', renaming.
Found duplicate certificate name b'ANF_Secure_Server_Root_CA', renaming.
Found duplicate certificate name b'Certum_EC-384_CA', renaming.
Found duplicate certificate name b'Certum_Trusted_Root_CA', renaming.
Found duplicate certificate name b'TunTrust_Root_CA', renaming.
Found duplicate certificate name b'HARICA_TLS_RSA_Root_CA_2021', renaming.
Found duplicate certificate name b'HARICA_TLS_ECC_Root_CA_2021', renaming.
Found duplicate certificate name b'Autoridad_de_Certificacion_Firmaprofesional_CIF_A62634068', renaming.
Found duplicate certificate name b'vTrus_ECC_Root_CA', renaming.
Found duplicate certificate name b'vTrus_Root_CA', renaming.
Found duplicate certificate name b'ISRG_Root_X2', renaming.
Found duplicate certificate name b'HiPKI_Root_CA_-_G1', renaming.
Found duplicate certificate name b'GlobalSign_ECC_Root_CA_-_R4', renaming.
Found duplicate certificate name b'GTS_Root_R1', renaming.
Found duplicate certificate name b'GTS_Root_R2', renaming.
Found duplicate certificate name b'GTS_Root_R3', renaming.
Found duplicate certificate name b'GTS_Root_R4', renaming.
Found duplicate certificate name b'Telia_Root_CA_v2', renaming.
Found duplicate certificate name b'D-TRUST_BR_Root_CA_1_2020', renaming.
Found duplicate certificate name b'D-TRUST_EV_Root_CA_1_2020', renaming.
Found duplicate certificate name b'DigiCert_TLS_ECC_P384_Root_G5', renaming.
Found duplicate certificate name b'DigiCert_TLS_RSA4096_Root_G5', renaming.
Found duplicate certificate name b'Certainly_Root_R1', renaming.
Found duplicate certificate name b'Certainly_Root_E1', renaming.
Found duplicate certificate name b'Security_Communication_ECC_RootCA1', renaming.
Found duplicate certificate name b'BJCA_Global_Root_CA1', renaming.
Found duplicate certificate name b'BJCA_Global_Root_CA2', renaming.
Found duplicate certificate name b'Sectigo_Public_Server_Authentication_Root_E46', renaming.
Found duplicate certificate name b'Sectigo_Public_Server_Authentication_Root_R46', renaming.
Found duplicate certificate name b'SSL.com_TLS_RSA_Root_CA_2022', renaming.
Found duplicate certificate name b'SSL.com_TLS_ECC_Root_CA_2022', renaming.
Found duplicate certificate name b'Atos_TrustedRoot_Root_CA_ECC_TLS_2021', renaming.
Found duplicate certificate name b'Atos_TrustedRoot_Root_CA_RSA_TLS_2021', renaming.
Found duplicate certificate name b'TrustAsia_Global_Root_CA_G3', renaming.
Found duplicate certificate name b'TrustAsia_Global_Root_CA_G4', renaming.
Found duplicate certificate name b'CommScope_Public_Trust_ECC_Root-01', renaming.
Found duplicate certificate name b'CommScope_Public_Trust_ECC_Root-02', renaming.
Found duplicate certificate name b'CommScope_Public_Trust_RSA_Root-01', renaming.
Found duplicate certificate name b'CommScope_Public_Trust_RSA_Root-02', renaming.
Found duplicate certificate name b'Telekom_Security_TLS_ECC_Root_2020', renaming.
Found duplicate certificate name b'Telekom_Security_TLS_RSA_Root_2023', renaming.
Found duplicate certificate name b'FIRMAPROFESIONAL_CA_ROOT-A_WEB', renaming.
Found duplicate certificate name b'TWCA_CYBER_Root_CA', renaming.
Found duplicate certificate name b'SecureSign_Root_CA12', renaming.
Found duplicate certificate name b'SecureSign_Root_CA14', renaming.
Found duplicate certificate name b'SecureSign_Root_CA15', renaming.
Found duplicate certificate name b'D-TRUST_BR_Root_CA_2_2023', renaming.
Found duplicate certificate name b'D-TRUST_EV_Root_CA_2_2023', renaming.
make[5]: Leaving directory '/workspaces/openwrt-radxa-rock5b-plus/openwrt/build_dir/target-aarch64_generic_musl/ca-certificates-20250419/mozilla'
make[4]: Leaving directory '/workspaces/openwrt-radxa-rock5b-plus/openwrt/build_dir/target-aarch64_generic_musl/ca-certificates-20250419'
mkdir -p /workspaces/openwrt-radxa-rock5b-plus/openwrt/build_dir/target-aarch64_generic_musl/ca-certificates-20250419/ipkg-install/usr/sbin /workspaces/openwrt-radxa-rock5b-plus/openwrt/build_dir/target-aarch64_generic_musl/ca-certificates-20250419/ipkg-install/usr/share/ca-certificates
CFLAGS="-Os -pipe -mcpu=generic -fno-caller-saves -fno-plt -fhonour-copts -fmacro-prefix-map=/workspaces/openwrt-radxa-rock5b-plus/openwrt/build_dir/target-aarch64_generic_musl/ca-certificates-20250419=ca-certificates-20250419 -Wformat -Werror=format-security -fstack-protector -D_FORTIFY_SOURCE=1 -Wl,-z,now -Wl,-z,relro  -I/workspaces/openwrt-radxa-rock5b-plus/openwrt/staging_dir/toolchain-aarch64_generic_gcc-14.3.0_musl/usr/include -I/workspaces/openwrt-radxa-rock5b-plus/openwrt/staging_dir/toolchain-aarch64_generic_gcc-14.3.0_musl/include -I/workspaces/openwrt-radxa-rock5b-plus/openwrt/staging_dir/toolchain-aarch64_generic_gcc-14.3.0_musl/include/fortify " CXXFLAGS="-Os -pipe -mcpu=generic -fno-caller-saves -fno-plt -fhonour-copts -fmacro-prefix-map=/workspaces/openwrt-radxa-rock5b-plus/openwrt/build_dir/target-aarch64_generic_musl/ca-certificates-20250419=ca-certificates-20250419 -Wformat -Werror=format-security -fstack-protector -D_FORTIFY_SOURCE=1 -Wl,-z,now -Wl,-z,relro  -I/workspaces/openwrt-radxa-rock5b-plus/openwrt/staging_dir/toolchain-aarch64_generic_gcc-14.3.0_musl/usr/include -I/workspaces/openwrt-radxa-rock5b-plus/openwrt/staging_dir/toolchain-aarch64_generic_gcc-14.3.0_musl/include -I/workspaces/openwrt-radxa-rock5b-plus/openwrt/staging_dir/toolchain-aarch64_generic_gcc-14.3.0_musl/include/fortify " LDFLAGS="-L/workspaces/openwrt-radxa-rock5b-plus/openwrt/staging_dir/toolchain-aarch64_generic_gcc-14.3.0_musl/usr/lib -L/workspaces/openwrt-radxa-rock5b-plus/openwrt/staging_dir/toolchain-aarch64_generic_gcc-14.3.0_musl/lib -fuse-ld=bfd -znow -zrelro " make -C /workspaces/openwrt-radxa-rock5b-plus/openwrt/build_dir/target-aarch64_generic_musl/ca-certificates-20250419/. AR="aarch64-openwrt-linux-musl-gcc-ar" AS="aarch64-openwrt-linux-musl-gcc -c -Os -pipe -mcpu=generic -fno-caller-saves -fno-plt -fhonour-copts -fmacro-prefix-map=/workspaces/openwrt-radxa-rock5b-plus/openwrt/build_dir/target-aarch64_generic_musl/ca-certificates-20250419=ca-certificates-20250419 -Wformat -Werror=format-security -fstack-protector -D_FORTIFY_SOURCE=1 -Wl,-z,now -Wl,-z,relro" LD="aarch64-openwrt-linux-musl-ld.bfd" NM="aarch64-openwrt-linux-musl-gcc-nm" CC="aarch64-openwrt-linux-musl-gcc" GCC="aarch64-openwrt-linux-musl-gcc" CXX="aarch64-openwrt-linux-musl-g++" RANLIB="aarch64-openwrt-linux-musl-gcc-ranlib" STRIP=aarch64-openwrt-linux-musl-strip OBJCOPY=aarch64-openwrt-linux-musl-objcopy OBJDUMP=aarch64-openwrt-linux-musl-objdump SIZE=aarch64-openwrt-linux-musl-size CROSS="aarch64-openwrt-linux-musl-" ARCH="aarch64" DESTDIR="/workspaces/openwrt-radxa-rock5b-plus/openwrt/build_dir/target-aarch64_generic_musl/ca-certificates-20250419/ipkg-install"   install;
make[4]: Entering directory '/workspaces/openwrt-radxa-rock5b-plus/openwrt/build_dir/target-aarch64_generic_musl/ca-certificates-20250419'
for dir in mozilla; do \
  mkdir /workspaces/openwrt-radxa-rock5b-plus/openwrt/build_dir/target-aarch64_generic_musl/ca-certificates-20250419/ipkg-install//usr/share/ca-certificates/$dir; \
  make -C $dir install CERTSDIR=/workspaces/openwrt-radxa-rock5b-plus/openwrt/build_dir/target-aarch64_generic_musl/ca-certificates-20250419/ipkg-install//usr/share/ca-certificates/$dir; \
done
mkdir: cannot create directory '/workspaces/openwrt-radxa-rock5b-plus/openwrt/build_dir/target-aarch64_generic_musl/ca-certificates-20250419/ipkg-install//usr/share/ca-certificates/mozilla': File exists
make[5]: Entering directory '/workspaces/openwrt-radxa-rock5b-plus/openwrt/build_dir/target-aarch64_generic_musl/ca-certificates-20250419/mozilla'
install -d /workspaces/openwrt-radxa-rock5b-plus/openwrt/build_dir/target-aarch64_generic_musl/ca-certificates-20250419/ipkg-install//usr/share/ca-certificates/mozilla
for p in *.crt; do \
 install -m 644 $p /workspaces/openwrt-radxa-rock5b-plus/openwrt/build_dir/target-aarch64_generic_musl/ca-certificates-20250419/ipkg-install//usr/share/ca-certificates/mozilla/$p ; \
done
make[5]: Leaving directory '/workspaces/openwrt-radxa-rock5b-plus/openwrt/build_dir/target-aarch64_generic_musl/ca-certificates-20250419/mozilla'
for dir in sbin; do \
  make -C $dir install CERTSDIR=/workspaces/openwrt-radxa-rock5b-plus/openwrt/build_dir/target-aarch64_generic_musl/ca-certificates-20250419/ipkg-install//usr/share/ca-certificates/$dir; \
done
make[5]: Entering directory '/workspaces/openwrt-radxa-rock5b-plus/openwrt/build_dir/target-aarch64_generic_musl/ca-certificates-20250419/sbin'
install -d /workspaces/openwrt-radxa-rock5b-plus/openwrt/build_dir/target-aarch64_generic_musl/ca-certificates-20250419/ipkg-install/usr/sbin
install -m755 update-ca-certificates /workspaces/openwrt-radxa-rock5b-plus/openwrt/build_dir/target-aarch64_generic_musl/ca-certificates-20250419/ipkg-install/usr/sbin/
make[5]: Leaving directory '/workspaces/openwrt-radxa-rock5b-plus/openwrt/build_dir/target-aarch64_generic_musl/ca-certificates-20250419/sbin'
make[4]: Leaving directory '/workspaces/openwrt-radxa-rock5b-plus/openwrt/build_dir/target-aarch64_generic_musl/ca-certificates-20250419'
touch /workspaces/openwrt-radxa-rock5b-plus/openwrt/build_dir/target-aarch64_generic_musl/ca-certificates-20250419/.built
rm -rf /workspaces/openwrt-radxa-rock5b-plus/openwrt/build_dir/target-aarch64_generic_musl/ca-certificates-20250419/.pkgdir/ca-bundle.installed /workspaces/openwrt-radxa-rock5b-plus/openwrt/build_dir/target-aarch64_generic_musl/ca-certificates-20250419/.pkgdir/ca-bundle
mkdir -p /workspaces/openwrt-radxa-rock5b-plus/openwrt/build_dir/target-aarch64_generic_musl/ca-certificates-20250419/.pkgdir/ca-bundle
install -d -m0755 /workspaces/openwrt-radxa-rock5b-plus/openwrt/build_dir/target-aarch64_generic_musl/ca-certificates-20250419/.pkgdir/ca-bundle/etc/ssl/certs
cat /workspaces/openwrt-radxa-rock5b-plus/openwrt/build_dir/target-aarch64_generic_musl/ca-certificates-20250419/ipkg-install/usr/share/ca-certificates/*/*.crt >/workspaces/openwrt-radxa-rock5b-plus/openwrt/build_dir/target-aarch64_generic_musl/ca-certificates-20250419/.pkgdir/ca-bundle/etc/ssl/certs/ca-certificates.crt
ln -sf /etc/ssl/certs/ca-certificates.crt /workspaces/openwrt-radxa-rock5b-plus/openwrt/build_dir/target-aarch64_generic_musl/ca-certificates-20250419/.pkgdir/ca-bundle/etc/ssl/cert.pem
touch /workspaces/openwrt-radxa-rock5b-plus/openwrt/build_dir/target-aarch64_generic_musl/ca-certificates-20250419/.pkgdir/ca-bundle.installed
mkdir -p /workspaces/openwrt-radxa-rock5b-plus/openwrt/staging_dir/target-aarch64_generic_musl/root-rockchip/stamp
SHELL= flock /workspaces/openwrt-radxa-rock5b-plus/openwrt/tmp/.root-copy.flock -c 'cp -fpR /workspaces/openwrt-radxa-rock5b-plus/openwrt/build_dir/target-aarch64_generic_musl/ca-certificates-20250419/.pkgdir/ca-bundle/. /workspaces/openwrt-radxa-rock5b-plus/openwrt/staging_dir/target-aarch64_generic_musl/root-rockchip/'
touch /workspaces/openwrt-radxa-rock5b-plus/openwrt/staging_dir/target-aarch64_generic_musl/root-rockchip/stamp/.ca-bundle_installed
rm -rf /workspaces/openwrt-radxa-rock5b-plus/openwrt/build_dir/target-aarch64_generic_musl/ca-certificates-20250419/ipkg-all/ca-bundle
/workspaces/openwrt-radxa-rock5b-plus/openwrt/scripts/ipkg-remove ca-bundle /workspaces/openwrt-radxa-rock5b-plus/openwrt/bin/packages/aarch64_generic/base/ca-bundle-20250419-r1.apk
removed '/workspaces/openwrt-radxa-rock5b-plus/openwrt/bin/packages/aarch64_generic/base/ca-bundle-20250419-r1.apk'
mkdir -p /workspaces/openwrt-radxa-rock5b-plus/openwrt/bin/targets/rockchip/armv8/packages /workspaces/openwrt-radxa-rock5b-plus/openwrt/build_dir/target-aarch64_generic_musl/ca-certificates-20250419/ipkg-all/ca-bundle /workspaces/openwrt-radxa-rock5b-plus/openwrt/staging_dir/target-aarch64_generic_musl/pkginfo
install -d -m0755 /workspaces/openwrt-radxa-rock5b-plus/openwrt/build_dir/target-aarch64_generic_musl/ca-certificates-20250419/ipkg-all/ca-bundle/etc/ssl/certs
cat /workspaces/openwrt-radxa-rock5b-plus/openwrt/build_dir/target-aarch64_generic_musl/ca-certificates-20250419/ipkg-install/usr/share/ca-certificates/*/*.crt >/workspaces/openwrt-radxa-rock5b-plus/openwrt/build_dir/target-aarch64_generic_musl/ca-certificates-20250419/ipkg-all/ca-bundle/etc/ssl/certs/ca-certificates.crt
ln -sf /etc/ssl/certs/ca-certificates.crt /workspaces/openwrt-radxa-rock5b-plus/openwrt/build_dir/target-aarch64_generic_musl/ca-certificates-20250419/ipkg-all/ca-bundle/etc/ssl/cert.pem
find /workspaces/openwrt-radxa-rock5b-plus/openwrt/build_dir/target-aarch64_generic_musl/ca-certificates-20250419/ipkg-all/ca-bundle -name 'CVS' -o -name '.svn' -o -name '.#*' -o -name '*~'| xargs -r rm -rf
export CROSS="aarch64-openwrt-linux-musl-"  NO_RENAME=1 ; NM="aarch64-openwrt-linux-musl-nm" STRIP="/workspaces/openwrt-radxa-rock5b-plus/openwrt/staging_dir/host/bin/sstrip -z" STRIP_KMOD="/workspaces/openwrt-radxa-rock5b-plus/openwrt/scripts/strip-kmod.sh" PATCHELF="/workspaces/openwrt-radxa-rock5b-plus/openwrt/staging_dir/host/bin/patchelf" /workspaces/openwrt-radxa-rock5b-plus/openwrt/scripts/rstrip.sh /workspaces/openwrt-radxa-rock5b-plus/openwrt/build_dir/target-aarch64_generic_musl/ca-certificates-20250419/ipkg-all/ca-bundle
install -d -m0755 /workspaces/openwrt-radxa-rock5b-plus/openwrt/bin/packages/aarch64_generic/base/tmp
mkdir -p /workspaces/openwrt-radxa-rock5b-plus/openwrt/build_dir/target-aarch64_generic_musl/ca-certificates-20250419/apk-all/ca-bundle/
mkdir -p /workspaces/openwrt-radxa-rock5b-plus/openwrt/build_dir/target-aarch64_generic_musl/ca-certificates-20250419/ipkg-all/ca-bundle/lib/apk/packages/
(cd /workspaces/openwrt-radxa-rock5b-plus/openwrt/build_dir/target-aarch64_generic_musl/ca-certificates-20250419/apk-all/ca-bundle; )
( echo "#!/bin/sh"; echo "[ \"\${IPKG_NO_SCRIPT}\" = \"1\" ] && exit 0"; echo "[ -s "\${IPKG_INSTROOT}/lib/functions.sh" ] || exit 0"; echo ". \${IPKG_INSTROOT}/lib/functions.sh"; echo 'export root="${IPKG_INSTROOT}"'; echo 'export pkgname="ca-bundle"'; echo "add_group_and_user"; echo "default_postinst"; [ ! -f /workspaces/openwrt-radxa-rock5b-plus/openwrt/build_dir/target-aarch64_generic_musl/ca-certificates-20250419/apk-all/ca-bundle/postinst-pkg ] || sed -z 's/^\s*#!/#!/' "/workspaces/openwrt-radxa-rock5b-plus/openwrt/build_dir/target-aarch64_generic_musl/ca-certificates-20250419/apk-all/ca-bundle/postinst-pkg"; ) > /workspaces/openwrt-radxa-rock5b-plus/openwrt/build_dir/target-aarch64_generic_musl/ca-certificates-20250419/apk-all/ca-bundle/post-install;
( echo "#!/bin/sh"; echo 'export PKG_UPGRADE=1'; [ ! -f /workspaces/openwrt-radxa-rock5b-plus/openwrt/build_dir/target-aarch64_generic_musl/ca-certificates-20250419/apk-all/ca-bundle/post-install ] || sed -z 's/^\s*#!/#!/' "/workspaces/openwrt-radxa-rock5b-plus/openwrt/build_dir/target-aarch64_generic_musl/ca-certificates-20250419/apk-all/ca-bundle/post-install"; ) > /workspaces/openwrt-radxa-rock5b-plus/openwrt/build_dir/target-aarch64_generic_musl/ca-certificates-20250419/apk-all/ca-bundle/post-upgrade;
( echo "#!/bin/sh"; echo "[ -s "\${IPKG_INSTROOT}/lib/functions.sh" ] || exit 0"; echo ". \${IPKG_INSTROOT}/lib/functions.sh"; echo 'export root="${IPKG_INSTROOT}"'; echo 'export pkgname="ca-bundle"'; echo "default_prerm"; [ ! -f /workspaces/openwrt-radxa-rock5b-plus/openwrt/build_dir/target-aarch64_generic_musl/ca-certificates-20250419/apk-all/ca-bundle/prerm-pkg ] || sed -z 's/^\s*#!/#!/' "/workspaces/openwrt-radxa-rock5b-plus/openwrt/build_dir/target-aarch64_generic_musl/ca-certificates-20250419/apk-all/ca-bundle/prerm-pkg"; ) > /workspaces/openwrt-radxa-rock5b-plus/openwrt/build_dir/target-aarch64_generic_musl/ca-certificates-20250419/apk-all/ca-bundle/pre-deinstall;
[ ! -f /workspaces/openwrt-radxa-rock5b-plus/openwrt/build_dir/target-aarch64_generic_musl/ca-certificates-20250419/apk-all/ca-bundle/postrm ] || sed -zi 's/^\s*#!/#!/' "/workspaces/openwrt-radxa-rock5b-plus/openwrt/build_dir/target-aarch64_generic_musl/ca-certificates-20250419/apk-all/ca-bundle/postrm";
if [ -n "" ]; then echo  > /workspaces/openwrt-radxa-rock5b-plus/openwrt/build_dir/target-aarch64_generic_musl/ca-certificates-20250419/ipkg-all/ca-bundle/lib/apk/packages/ca-bundle.rusers; fi;
if [ -n "" ]; then echo  > /workspaces/openwrt-radxa-rock5b-plus/openwrt/build_dir/target-aarch64_generic_musl/ca-certificates-20250419/ipkg-all/ca-bundle/lib/apk/packages/ca-bundle.alternatives; fi;
(cd /workspaces/openwrt-radxa-rock5b-plus/openwrt/build_dir/target-aarch64_generic_musl/ca-certificates-20250419/ipkg-all/ca-bundle && find . -type f,l -printf "/%P\n" | sort > /workspaces/openwrt-radxa-rock5b-plus/openwrt/tmp/ca-bundle.list && mv /workspaces/openwrt-radxa-rock5b-plus/openwrt/tmp/ca-bundle.list /workspaces/openwrt-radxa-rock5b-plus/openwrt/build_dir/target-aarch64_generic_musl/ca-certificates-20250419/ipkg-all/ca-bundle/lib/apk/packages/ca-bundle.list)
# Move conffiles to IDIR and build conffiles_static with csums
if [ -f /workspaces/openwrt-radxa-rock5b-plus/openwrt/build_dir/target-aarch64_generic_musl/ca-certificates-20250419/apk-all/ca-bundle/conffiles ]; then mv -f /workspaces/openwrt-radxa-rock5b-plus/openwrt/build_dir/target-aarch64_generic_musl/ca-certificates-20250419/apk-all/ca-bundle/conffiles /workspaces/openwrt-radxa-rock5b-plus/openwrt/build_dir/target-aarch64_generic_musl/ca-certificates-20250419/ipkg-all/ca-bundle/lib/apk/packages/ca-bundle.conffiles; for file in $(cat /workspaces/openwrt-radxa-rock5b-plus/openwrt/build_dir/target-aarch64_generic_musl/ca-certificates-20250419/ipkg-all/ca-bundle/lib/apk/packages/ca-bundle.conffiles); do [ -f /workspaces/openwrt-radxa-rock5b-plus/openwrt/build_dir/target-aarch64_generic_musl/ca-certificates-20250419/ipkg-all/ca-bundle/$file ] || continue; csum=$(/workspaces/openwrt-radxa-rock5b-plus/openwrt/staging_dir/host/bin/mkhash sha256 /workspaces/openwrt-radxa-rock5b-plus/openwrt/build_dir/target-aarch64_generic_musl/ca-certificates-20250419/ipkg-all/ca-bundle/$file); echo $file $csum >> /workspaces/openwrt-radxa-rock5b-plus/openwrt/build_dir/target-aarch64_generic_musl/ca-certificates-20250419/ipkg-all/ca-bundle/lib/apk/packages/ca-bundle.conffiles_static; done; fi
# Some package (base-files) manually append stuff to conffiles
# Append stuff from it and delete the CONTROL directory since everything else should be migrated
if [ -f /workspaces/openwrt-radxa-rock5b-plus/openwrt/build_dir/target-aarch64_generic_musl/ca-certificates-20250419/ipkg-all/ca-bundle/CONTROL/conffiles ]; then echo $(IDIR_ca-bundle)/CONTROL/conffiles >> /workspaces/openwrt-radxa-rock5b-plus/openwrt/build_dir/target-aarch64_generic_musl/ca-certificates-20250419/ipkg-all/ca-bundle/lib/apk/packages/ca-bundle.conffiles; for file in $(cat /workspaces/openwrt-radxa-rock5b-plus/openwrt/build_dir/target-aarch64_generic_musl/ca-certificates-20250419/ipkg-all/ca-bundle/CONTROL/conffiles); do [ -f /workspaces/openwrt-radxa-rock5b-plus/openwrt/build_dir/target-aarch64_generic_musl/ca-certificates-20250419/ipkg-all/ca-bundle/$file ] || continue; csum=$(/workspaces/openwrt-radxa-rock5b-plus/openwrt/staging_dir/host/bin/mkhash sha256 /workspaces/openwrt-radxa-rock5b-plus/openwrt/build_dir/target-aarch64_generic_musl/ca-certificates-20250419/ipkg-all/ca-bundle/$file); echo $file $csum >> /workspaces/openwrt-radxa-rock5b-plus/openwrt/build_dir/target-aarch64_generic_musl/ca-certificates-20250419/ipkg-all/ca-bundle/lib/apk/packages/ca-bundle.conffiles_static; done; rm -rf /workspaces/openwrt-radxa-rock5b-plus/openwrt/build_dir/target-aarch64_generic_musl/ca-certificates-20250419/ipkg-all/ca-bundle/CONTROL/conffiles; fi
if [ -z "$(ls -A /workspaces/openwrt-radxa-rock5b-plus/openwrt/build_dir/target-aarch64_generic_musl/ca-certificates-20250419/ipkg-all/ca-bundle/CONTROL 2>/dev/null)" ]; then rm -rf /workspaces/openwrt-radxa-rock5b-plus/openwrt/build_dir/target-aarch64_generic_musl/ca-certificates-20250419/ipkg-all/ca-bundle/CONTROL; else echo "CONTROL directory /workspaces/openwrt-radxa-rock5b-plus/openwrt/build_dir/target-aarch64_generic_musl/ca-certificates-20250419/ipkg-all/ca-bundle/CONTROL is not empty! This is not right and should be checked!" >&2; exit 1; fi
/workspaces/openwrt-radxa-rock5b-plus/openwrt/staging_dir/host/bin/fakeroot /workspaces/openwrt-radxa-rock5b-plus/openwrt/staging_dir/host/bin/apk mkpkg --info "name:ca-bundle" --info "version:20250419-r1"  --info "description:System CA certificates as a bundle" --info "arch:noarch" --info "license:GPL-2.0-or-later MPL-2.0" --info "origin:feeds/base/system/ca-certificates" --info "url:" --info "maintainer:" --info "provides: ca-certs " --info "provider-priority:1" --script "post-install:/workspaces/openwrt-radxa-rock5b-plus/openwrt/build_dir/target-aarch64_generic_musl/ca-certificates-20250419/apk-all/ca-bundle/post-install" --script "post-upgrade:/workspaces/openwrt-radxa-rock5b-plus/openwrt/build_dir/target-aarch64_generic_musl/ca-certificates-20250419/apk-all/ca-bundle/post-upgrade" --script "pre-deinstall:/workspaces/openwrt-radxa-rock5b-plus/openwrt/build_dir/target-aarch64_generic_musl/ca-certificates-20250419/apk-all/ca-bundle/pre-deinstall" --info "depends:libc" --files "/workspaces/openwrt-radxa-rock5b-plus/openwrt/build_dir/target-aarch64_generic_musl/ca-certificates-20250419/ipkg-all/ca-bundle" --output "/workspaces/openwrt-radxa-rock5b-plus/openwrt/bin/packages/aarch64_generic/base/ca-bundle-20250419-r1.apk" --sign "/workspaces/openwrt-radxa-rock5b-plus/openwrt/private-key.pem"
rm -rf /workspaces/openwrt-radxa-rock5b-plus/openwrt/build_dir/target-aarch64_generic_musl/ca-certificates-20250419/ipkg-all/ca-certificates
/workspaces/openwrt-radxa-rock5b-plus/openwrt/scripts/ipkg-remove ca-certificates /workspaces/openwrt-radxa-rock5b-plus/openwrt/bin/packages/aarch64_generic/base/ca-certificates-20250419-r1.apk
removed '/workspaces/openwrt-radxa-rock5b-plus/openwrt/bin/packages/aarch64_generic/base/ca-certificates-20250419-r1.apk'
mkdir -p /workspaces/openwrt-radxa-rock5b-plus/openwrt/bin/targets/rockchip/armv8/packages /workspaces/openwrt-radxa-rock5b-plus/openwrt/build_dir/target-aarch64_generic_musl/ca-certificates-20250419/ipkg-all/ca-certificates /workspaces/openwrt-radxa-rock5b-plus/openwrt/staging_dir/target-aarch64_generic_musl/pkginfo
install -d -m0755 /workspaces/openwrt-radxa-rock5b-plus/openwrt/build_dir/target-aarch64_generic_musl/ca-certificates-20250419/ipkg-all/ca-certificates/etc/ssl/certs
install -m0644 /workspaces/openwrt-radxa-rock5b-plus/openwrt/build_dir/target-aarch64_generic_musl/ca-certificates-20250419/ipkg-install/usr/share/ca-certificates/*/*.crt /workspaces/openwrt-radxa-rock5b-plus/openwrt/build_dir/target-aarch64_generic_musl/ca-certificates-20250419/ipkg-all/ca-certificates/etc/ssl/certs/
for CERTFILE in `ls -1 /workspaces/openwrt-radxa-rock5b-plus/openwrt/build_dir/target-aarch64_generic_musl/ca-certificates-20250419/ipkg-all/ca-certificates/etc/ssl/certs`; do HASH=`openssl x509 -hash -noout -in /workspaces/openwrt-radxa-rock5b-plus/openwrt/build_dir/target-aarch64_generic_musl/ca-certificates-20250419/ipkg-all/ca-certificates/etc/ssl/certs/$CERTFILE` ; SUFFIX=0 ; while [ -h "/workspaces/openwrt-radxa-rock5b-plus/openwrt/build_dir/target-aarch64_generic_musl/ca-certificates-20250419/ipkg-all/ca-certificates/etc/ssl/certs/$HASH.$SUFFIX" ]; do let "SUFFIX += 1" ; done ; ln -sf "$CERTFILE" "/workspaces/openwrt-radxa-rock5b-plus/openwrt/build_dir/target-aarch64_generic_musl/ca-certificates-20250419/ipkg-all/ca-certificates/etc/ssl/certs/$HASH.$SUFFIX" ; done
find /workspaces/openwrt-radxa-rock5b-plus/openwrt/build_dir/target-aarch64_generic_musl/ca-certificates-20250419/ipkg-all/ca-certificates -name 'CVS' -o -name '.svn' -o -name '.#*' -o -name '*~'| xargs -r rm -rf
export CROSS="aarch64-openwrt-linux-musl-"  NO_RENAME=1 ; NM="aarch64-openwrt-linux-musl-nm" STRIP="/workspaces/openwrt-radxa-rock5b-plus/openwrt/staging_dir/host/bin/sstrip -z" STRIP_KMOD="/workspaces/openwrt-radxa-rock5b-plus/openwrt/scripts/strip-kmod.sh" PATCHELF="/workspaces/openwrt-radxa-rock5b-plus/openwrt/staging_dir/host/bin/patchelf" /workspaces/openwrt-radxa-rock5b-plus/openwrt/scripts/rstrip.sh /workspaces/openwrt-radxa-rock5b-plus/openwrt/build_dir/target-aarch64_generic_musl/ca-certificates-20250419/ipkg-all/ca-certificates
install -d -m0755 /workspaces/openwrt-radxa-rock5b-plus/openwrt/bin/packages/aarch64_generic/base/tmp
mkdir -p /workspaces/openwrt-radxa-rock5b-plus/openwrt/build_dir/target-aarch64_generic_musl/ca-certificates-20250419/apk-all/ca-certificates/
mkdir -p /workspaces/openwrt-radxa-rock5b-plus/openwrt/build_dir/target-aarch64_generic_musl/ca-certificates-20250419/ipkg-all/ca-certificates/lib/apk/packages/
(cd /workspaces/openwrt-radxa-rock5b-plus/openwrt/build_dir/target-aarch64_generic_musl/ca-certificates-20250419/apk-all/ca-certificates; )
( echo "#!/bin/sh"; echo "[ \"\${IPKG_NO_SCRIPT}\" = \"1\" ] && exit 0"; echo "[ -s "\${IPKG_INSTROOT}/lib/functions.sh" ] || exit 0"; echo ". \${IPKG_INSTROOT}/lib/functions.sh"; echo 'export root="${IPKG_INSTROOT}"'; echo 'export pkgname="ca-certificates"'; echo "add_group_and_user"; echo "default_postinst"; [ ! -f /workspaces/openwrt-radxa-rock5b-plus/openwrt/build_dir/target-aarch64_generic_musl/ca-certificates-20250419/apk-all/ca-certificates/postinst-pkg ] || sed -z 's/^\s*#!/#!/' "/workspaces/openwrt-radxa-rock5b-plus/openwrt/build_dir/target-aarch64_generic_musl/ca-certificates-20250419/apk-all/ca-certificates/postinst-pkg"; ) > /workspaces/openwrt-radxa-rock5b-plus/openwrt/build_dir/target-aarch64_generic_musl/ca-certificates-20250419/apk-all/ca-certificates/post-install;
( echo "#!/bin/sh"; echo 'export PKG_UPGRADE=1'; [ ! -f /workspaces/openwrt-radxa-rock5b-plus/openwrt/build_dir/target-aarch64_generic_musl/ca-certificates-20250419/apk-all/ca-certificates/post-install ] || sed -z 's/^\s*#!/#!/' "/workspaces/openwrt-radxa-rock5b-plus/openwrt/build_dir/target-aarch64_generic_musl/ca-certificates-20250419/apk-all/ca-certificates/post-install"; ) > /workspaces/openwrt-radxa-rock5b-plus/openwrt/build_dir/target-aarch64_generic_musl/ca-certificates-20250419/apk-all/ca-certificates/post-upgrade;
( echo "#!/bin/sh"; echo "[ -s "\${IPKG_INSTROOT}/lib/functions.sh" ] || exit 0"; echo ". \${IPKG_INSTROOT}/lib/functions.sh"; echo 'export root="${IPKG_INSTROOT}"'; echo 'export pkgname="ca-certificates"'; echo "default_prerm"; [ ! -f /workspaces/openwrt-radxa-rock5b-plus/openwrt/build_dir/target-aarch64_generic_musl/ca-certificates-20250419/apk-all/ca-certificates/prerm-pkg ] || sed -z 's/^\s*#!/#!/' "/workspaces/openwrt-radxa-rock5b-plus/openwrt/build_dir/target-aarch64_generic_musl/ca-certificates-20250419/apk-all/ca-certificates/prerm-pkg"; ) > /workspaces/openwrt-radxa-rock5b-plus/openwrt/build_dir/target-aarch64_generic_musl/ca-certificates-20250419/apk-all/ca-certificates/pre-deinstall;
[ ! -f /workspaces/openwrt-radxa-rock5b-plus/openwrt/build_dir/target-aarch64_generic_musl/ca-certificates-20250419/apk-all/ca-certificates/postrm ] || sed -zi 's/^\s*#!/#!/' "/workspaces/openwrt-radxa-rock5b-plus/openwrt/build_dir/target-aarch64_generic_musl/ca-certificates-20250419/apk-all/ca-certificates/postrm";
if [ -n "" ]; then echo  > /workspaces/openwrt-radxa-rock5b-plus/openwrt/build_dir/target-aarch64_generic_musl/ca-certificates-20250419/ipkg-all/ca-certificates/lib/apk/packages/ca-certificates.rusers; fi;
if [ -n "" ]; then echo  > /workspaces/openwrt-radxa-rock5b-plus/openwrt/build_dir/target-aarch64_generic_musl/ca-certificates-20250419/ipkg-all/ca-certificates/lib/apk/packages/ca-certificates.alternatives; fi;
(cd /workspaces/openwrt-radxa-rock5b-plus/openwrt/build_dir/target-aarch64_generic_musl/ca-certificates-20250419/ipkg-all/ca-certificates && find . -type f,l -printf "/%P\n" | sort > /workspaces/openwrt-radxa-rock5b-plus/openwrt/tmp/ca-certificates.list && mv /workspaces/openwrt-radxa-rock5b-plus/openwrt/tmp/ca-certificates.list /workspaces/openwrt-radxa-rock5b-plus/openwrt/build_dir/target-aarch64_generic_musl/ca-certificates-20250419/ipkg-all/ca-certificates/lib/apk/packages/ca-certificates.list)
# Move conffiles to IDIR and build conffiles_static with csums
if [ -f /workspaces/openwrt-radxa-rock5b-plus/openwrt/build_dir/target-aarch64_generic_musl/ca-certificates-20250419/apk-all/ca-certificates/conffiles ]; then mv -f /workspaces/openwrt-radxa-rock5b-plus/openwrt/build_dir/target-aarch64_generic_musl/ca-certificates-20250419/apk-all/ca-certificates/conffiles /workspaces/openwrt-radxa-rock5b-plus/openwrt/build_dir/target-aarch64_generic_musl/ca-certificates-20250419/ipkg-all/ca-certificates/lib/apk/packages/ca-certificates.conffiles; for file in $(cat /workspaces/openwrt-radxa-rock5b-plus/openwrt/build_dir/target-aarch64_generic_musl/ca-certificates-20250419/ipkg-all/ca-certificates/lib/apk/packages/ca-certificates.conffiles); do [ -f /workspaces/openwrt-radxa-rock5b-plus/openwrt/build_dir/target-aarch64_generic_musl/ca-certificates-20250419/ipkg-all/ca-certificates/$file ] || continue; csum=$(/workspaces/openwrt-radxa-rock5b-plus/openwrt/staging_dir/host/bin/mkhash sha256 /workspaces/openwrt-radxa-rock5b-plus/openwrt/build_dir/target-aarch64_generic_musl/ca-certificates-20250419/ipkg-all/ca-certificates/$file); echo $file $csum >> /workspaces/openwrt-radxa-rock5b-plus/openwrt/build_dir/target-aarch64_generic_musl/ca-certificates-20250419/ipkg-all/ca-certificates/lib/apk/packages/ca-certificates.conffiles_static; done; fi
# Some package (base-files) manually append stuff to conffiles
# Append stuff from it and delete the CONTROL directory since everything else should be migrated
if [ -f /workspaces/openwrt-radxa-rock5b-plus/openwrt/build_dir/target-aarch64_generic_musl/ca-certificates-20250419/ipkg-all/ca-certificates/CONTROL/conffiles ]; then echo $(IDIR_ca-certificates)/CONTROL/conffiles >> /workspaces/openwrt-radxa-rock5b-plus/openwrt/build_dir/target-aarch64_generic_musl/ca-certificates-20250419/ipkg-all/ca-certificates/lib/apk/packages/ca-certificates.conffiles; for file in $(cat /workspaces/openwrt-radxa-rock5b-plus/openwrt/build_dir/target-aarch64_generic_musl/ca-certificates-20250419/ipkg-all/ca-certificates/CONTROL/conffiles); do [ -f /workspaces/openwrt-radxa-rock5b-plus/openwrt/build_dir/target-aarch64_generic_musl/ca-certificates-20250419/ipkg-all/ca-certificates/$file ] || continue; csum=$(/workspaces/openwrt-radxa-rock5b-plus/openwrt/staging_dir/host/bin/mkhash sha256 /workspaces/openwrt-radxa-rock5b-plus/openwrt/build_dir/target-aarch64_generic_musl/ca-certificates-20250419/ipkg-all/ca-certificates/$file); echo $file $csum >> /workspaces/openwrt-radxa-rock5b-plus/openwrt/build_dir/target-aarch64_generic_musl/ca-certificates-20250419/ipkg-all/ca-certificates/lib/apk/packages/ca-certificates.conffiles_static; done; rm -rf /workspaces/openwrt-radxa-rock5b-plus/openwrt/build_dir/target-aarch64_generic_musl/ca-certificates-20250419/ipkg-all/ca-certificates/CONTROL/conffiles; fi
if [ -z "$(ls -A /workspaces/openwrt-radxa-rock5b-plus/openwrt/build_dir/target-aarch64_generic_musl/ca-certificates-20250419/ipkg-all/ca-certificates/CONTROL 2>/dev/null)" ]; then rm -rf /workspaces/openwrt-radxa-rock5b-plus/openwrt/build_dir/target-aarch64_generic_musl/ca-certificates-20250419/ipkg-all/ca-certificates/CONTROL; else echo "CONTROL directory /workspaces/openwrt-radxa-rock5b-plus/openwrt/build_dir/target-aarch64_generic_musl/ca-certificates-20250419/ipkg-all/ca-certificates/CONTROL is not empty! This is not right and should be checked!" >&2; exit 1; fi
/workspaces/openwrt-radxa-rock5b-plus/openwrt/staging_dir/host/bin/fakeroot /workspaces/openwrt-radxa-rock5b-plus/openwrt/staging_dir/host/bin/apk mkpkg --info "name:ca-certificates" --info "version:20250419-r1"  --info "description:System CA certificates" --info "arch:noarch" --info "license:GPL-2.0-or-later MPL-2.0" --info "origin:feeds/base/system/ca-certificates" --info "url:" --info "maintainer:" --info "provides: ca-certs " --info "provider-priority:1" --script "post-install:/workspaces/openwrt-radxa-rock5b-plus/openwrt/build_dir/target-aarch64_generic_musl/ca-certificates-20250419/apk-all/ca-certificates/post-install" --script "post-upgrade:/workspaces/openwrt-radxa-rock5b-plus/openwrt/build_dir/target-aarch64_generic_musl/ca-certificates-20250419/apk-all/ca-certificates/post-upgrade" --script "pre-deinstall:/workspaces/openwrt-radxa-rock5b-plus/openwrt/build_dir/target-aarch64_generic_musl/ca-certificates-20250419/apk-all/ca-certificates/pre-deinstall" --info "depends:libc" --files "/workspaces/openwrt-radxa-rock5b-plus/openwrt/build_dir/target-aarch64_generic_musl/ca-certificates-20250419/ipkg-all/ca-certificates" --output "/workspaces/openwrt-radxa-rock5b-plus/openwrt/bin/packages/aarch64_generic/base/ca-certificates-20250419-r1.apk" --sign "/workspaces/openwrt-radxa-rock5b-plus/openwrt/private-key.pem"
echo "ca-bundle" >> /workspaces/openwrt-radxa-rock5b-plus/openwrt/staging_dir/target-aarch64_generic_musl/pkginfo/ca-certificates.default.install
rm -rf /workspaces/openwrt-radxa-rock5b-plus/openwrt/build_dir/target-aarch64_generic_musl/ca-certificates-20250419/.pkgdir/ca-certificates.installed /workspaces/openwrt-radxa-rock5b-plus/openwrt/build_dir/target-aarch64_generic_musl/ca-certificates-20250419/.pkgdir/ca-certificates
mkdir -p /workspaces/openwrt-radxa-rock5b-plus/openwrt/build_dir/target-aarch64_generic_musl/ca-certificates-20250419/.pkgdir/ca-certificates
install -d -m0755 /workspaces/openwrt-radxa-rock5b-plus/openwrt/build_dir/target-aarch64_generic_musl/ca-certificates-20250419/.pkgdir/ca-certificates/etc/ssl/certs
install -m0644 /workspaces/openwrt-radxa-rock5b-plus/openwrt/build_dir/target-aarch64_generic_musl/ca-certificates-20250419/ipkg-install/usr/share/ca-certificates/*/*.crt /workspaces/openwrt-radxa-rock5b-plus/openwrt/build_dir/target-aarch64_generic_musl/ca-certificates-20250419/.pkgdir/ca-certificates/etc/ssl/certs/
for CERTFILE in `ls -1 /workspaces/openwrt-radxa-rock5b-plus/openwrt/build_dir/target-aarch64_generic_musl/ca-certificates-20250419/.pkgdir/ca-certificates/etc/ssl/certs`; do HASH=`openssl x509 -hash -noout -in /workspaces/openwrt-radxa-rock5b-plus/openwrt/build_dir/target-aarch64_generic_musl/ca-certificates-20250419/.pkgdir/ca-certificates/etc/ssl/certs/$CERTFILE` ; SUFFIX=0 ; while [ -h "/workspaces/openwrt-radxa-rock5b-plus/openwrt/build_dir/target-aarch64_generic_musl/ca-certificates-20250419/.pkgdir/ca-certificates/etc/ssl/certs/$HASH.$SUFFIX" ]; do let "SUFFIX += 1" ; done ; ln -sf "$CERTFILE" "/workspaces/openwrt-radxa-rock5b-plus/openwrt/build_dir/target-aarch64_generic_musl/ca-certificates-20250419/.pkgdir/ca-certificates/etc/ssl/certs/$HASH.$SUFFIX" ; done
rm -f /workspaces/openwrt-radxa-rock5b-plus/openwrt/build_dir/target-aarch64_generic_musl/linux-firmware-20250808/.built
touch /workspaces/openwrt-radxa-rock5b-plus/openwrt/build_dir/target-aarch64_generic_musl/linux-firmware-20250808/.built_check
touch /workspaces/openwrt-radxa-rock5b-plus/openwrt/build_dir/target-aarch64_generic_musl/linux-firmware-20250808/.built
rm -rf /workspaces/openwrt-radxa-rock5b-plus/openwrt/build_dir/target-aarch64_generic_musl/linux-firmware-20250808/ipkg-aarch64_generic/r8152-firmware
/workspaces/openwrt-radxa-rock5b-plus/openwrt/scripts/ipkg-remove r8152-firmware /workspaces/openwrt-radxa-rock5b-plus/openwrt/bin/packages/aarch64_generic/base/r8152-firmware-20250808-r1.apk
removed '/workspaces/openwrt-radxa-rock5b-plus/openwrt/bin/packages/aarch64_generic/base/r8152-firmware-20250808-r1.apk'
mkdir -p /workspaces/openwrt-radxa-rock5b-plus/openwrt/bin/targets/rockchip/armv8/packages /workspaces/openwrt-radxa-rock5b-plus/openwrt/build_dir/target-aarch64_generic_musl/linux-firmware-20250808/ipkg-aarch64_generic/r8152-firmware /workspaces/openwrt-radxa-rock5b-plus/openwrt/staging_dir/target-aarch64_generic_musl/pkginfo
install -d -m0755 /workspaces/openwrt-radxa-rock5b-plus/openwrt/build_dir/target-aarch64_generic_musl/linux-firmware-20250808/ipkg-aarch64_generic/r8152-firmware/lib/firmware/rtl_nic
cp -fpR /workspaces/openwrt-radxa-rock5b-plus/openwrt/build_dir/target-aarch64_generic_musl/linux-firmware-20250808/rtl_nic/rtl8153* /workspaces/openwrt-radxa-rock5b-plus/openwrt/build_dir/target-aarch64_generic_musl/linux-firmware-20250808/rtl_nic/rtl8156* /workspaces/openwrt-radxa-rock5b-plus/openwrt/build_dir/target-aarch64_generic_musl/linux-firmware-20250808/ipkg-aarch64_generic/r8152-firmware/lib/firmware/rtl_nic
find /workspaces/openwrt-radxa-rock5b-plus/openwrt/build_dir/target-aarch64_generic_musl/linux-firmware-20250808/ipkg-aarch64_generic/r8152-firmware -name 'CVS' -o -name '.svn' -o -name '.#*' -o -name '*~'| xargs -r rm -rf
: /workspaces/openwrt-radxa-rock5b-plus/openwrt/build_dir/target-aarch64_generic_musl/linux-firmware-20250808/ipkg-aarch64_generic/r8152-firmware
install -d -m0755 /workspaces/openwrt-radxa-rock5b-plus/openwrt/bin/packages/aarch64_generic/base/tmp
mkdir -p /workspaces/openwrt-radxa-rock5b-plus/openwrt/build_dir/target-aarch64_generic_musl/linux-firmware-20250808/apk-aarch64_generic/r8152-firmware/
mkdir -p /workspaces/openwrt-radxa-rock5b-plus/openwrt/build_dir/target-aarch64_generic_musl/linux-firmware-20250808/ipkg-aarch64_generic/r8152-firmware/lib/apk/packages/
(cd /workspaces/openwrt-radxa-rock5b-plus/openwrt/build_dir/target-aarch64_generic_musl/linux-firmware-20250808/apk-aarch64_generic/r8152-firmware; )
( echo "#!/bin/sh"; echo "[ \"\${IPKG_NO_SCRIPT}\" = \"1\" ] && exit 0"; echo "[ -s "\${IPKG_INSTROOT}/lib/functions.sh" ] || exit 0"; echo ". \${IPKG_INSTROOT}/lib/functions.sh"; echo 'export root="${IPKG_INSTROOT}"'; echo 'export pkgname="r8152-firmware"'; echo "add_group_and_user"; echo "default_postinst"; [ ! -f /workspaces/openwrt-radxa-rock5b-plus/openwrt/build_dir/target-aarch64_generic_musl/linux-firmware-20250808/apk-aarch64_generic/r8152-firmware/postinst-pkg ] || sed -z 's/^\s*#!/#!/' "/workspaces/openwrt-radxa-rock5b-plus/openwrt/build_dir/target-aarch64_generic_musl/linux-firmware-20250808/apk-aarch64_generic/r8152-firmware/postinst-pkg"; ) > /workspaces/openwrt-radxa-rock5b-plus/openwrt/build_dir/target-aarch64_generic_musl/linux-firmware-20250808/apk-aarch64_generic/r8152-firmware/post-install;
( echo "#!/bin/sh"; echo 'export PKG_UPGRADE=1'; [ ! -f /workspaces/openwrt-radxa-rock5b-plus/openwrt/build_dir/target-aarch64_generic_musl/linux-firmware-20250808/apk-aarch64_generic/r8152-firmware/post-install ] || sed -z 's/^\s*#!/#!/' "/workspaces/openwrt-radxa-rock5b-plus/openwrt/build_dir/target-aarch64_generic_musl/linux-firmware-20250808/apk-aarch64_generic/r8152-firmware/post-install"; ) > /workspaces/openwrt-radxa-rock5b-plus/openwrt/build_dir/target-aarch64_generic_musl/linux-firmware-20250808/apk-aarch64_generic/r8152-firmware/post-upgrade;
( echo "#!/bin/sh"; echo "[ -s "\${IPKG_INSTROOT}/lib/functions.sh" ] || exit 0"; echo ". \${IPKG_INSTROOT}/lib/functions.sh"; echo 'export root="${IPKG_INSTROOT}"'; echo 'export pkgname="r8152-firmware"'; echo "default_prerm"; [ ! -f /workspaces/openwrt-radxa-rock5b-plus/openwrt/build_dir/target-aarch64_generic_musl/linux-firmware-20250808/apk-aarch64_generic/r8152-firmware/prerm-pkg ] || sed -z 's/^\s*#!/#!/' "/workspaces/openwrt-radxa-rock5b-plus/openwrt/build_dir/target-aarch64_generic_musl/linux-firmware-20250808/apk-aarch64_generic/r8152-firmware/prerm-pkg"; ) > /workspaces/openwrt-radxa-rock5b-plus/openwrt/build_dir/target-aarch64_generic_musl/linux-firmware-20250808/apk-aarch64_generic/r8152-firmware/pre-deinstall;
[ ! -f /workspaces/openwrt-radxa-rock5b-plus/openwrt/build_dir/target-aarch64_generic_musl/linux-firmware-20250808/apk-aarch64_generic/r8152-firmware/postrm ] || sed -zi 's/^\s*#!/#!/' "/workspaces/openwrt-radxa-rock5b-plus/openwrt/build_dir/target-aarch64_generic_musl/linux-firmware-20250808/apk-aarch64_generic/r8152-firmware/postrm";
if [ -n "" ]; then echo  > /workspaces/openwrt-radxa-rock5b-plus/openwrt/build_dir/target-aarch64_generic_musl/linux-firmware-20250808/ipkg-aarch64_generic/r8152-firmware/lib/apk/packages/r8152-firmware.rusers; fi;
if [ -n "" ]; then echo  > /workspaces/openwrt-radxa-rock5b-plus/openwrt/build_dir/target-aarch64_generic_musl/linux-firmware-20250808/ipkg-aarch64_generic/r8152-firmware/lib/apk/packages/r8152-firmware.alternatives; fi;
(cd /workspaces/openwrt-radxa-rock5b-plus/openwrt/build_dir/target-aarch64_generic_musl/linux-firmware-20250808/ipkg-aarch64_generic/r8152-firmware && find . -type f,l -printf "/%P\n" | sort > /workspaces/openwrt-radxa-rock5b-plus/openwrt/tmp/r8152-firmware.list && mv /workspaces/openwrt-radxa-rock5b-plus/openwrt/tmp/r8152-firmware.list /workspaces/openwrt-radxa-rock5b-plus/openwrt/build_dir/target-aarch64_generic_musl/linux-firmware-20250808/ipkg-aarch64_generic/r8152-firmware/lib/apk/packages/r8152-firmware.list)
# Move conffiles to IDIR and build conffiles_static with csums
if [ -f /workspaces/openwrt-radxa-rock5b-plus/openwrt/build_dir/target-aarch64_generic_musl/linux-firmware-20250808/apk-aarch64_generic/r8152-firmware/conffiles ]; then mv -f /workspaces/openwrt-radxa-rock5b-plus/openwrt/build_dir/target-aarch64_generic_musl/linux-firmware-20250808/apk-aarch64_generic/r8152-firmware/conffiles /workspaces/openwrt-radxa-rock5b-plus/openwrt/build_dir/target-aarch64_generic_musl/linux-firmware-20250808/ipkg-aarch64_generic/r8152-firmware/lib/apk/packages/r8152-firmware.conffiles; for file in $(cat /workspaces/openwrt-radxa-rock5b-plus/openwrt/build_dir/target-aarch64_generic_musl/linux-firmware-20250808/ipkg-aarch64_generic/r8152-firmware/lib/apk/packages/r8152-firmware.conffiles); do [ -f /workspaces/openwrt-radxa-rock5b-plus/openwrt/build_dir/target-aarch64_generic_musl/linux-firmware-20250808/ipkg-aarch64_generic/r8152-firmware/$file ] || continue; csum=$(/workspaces/openwrt-radxa-rock5b-plus/openwrt/staging_dir/host/bin/mkhash sha256 /workspaces/openwrt-radxa-rock5b-plus/openwrt/build_dir/target-aarch64_generic_musl/linux-firmware-20250808/ipkg-aarch64_generic/r8152-firmware/$file); echo $file $csum >> /workspaces/openwrt-radxa-rock5b-plus/openwrt/build_dir/target-aarch64_generic_musl/linux-firmware-20250808/ipkg-aarch64_generic/r8152-firmware/lib/apk/packages/r8152-firmware.conffiles_static; done; fi
# Some package (base-files) manually append stuff to conffiles
# Append stuff from it and delete the CONTROL directory since everything else should be migrated
if [ -f /workspaces/openwrt-radxa-rock5b-plus/openwrt/build_dir/target-aarch64_generic_musl/linux-firmware-20250808/ipkg-aarch64_generic/r8152-firmware/CONTROL/conffiles ]; then echo $(IDIR_r8152-firmware)/CONTROL/conffiles >> /workspaces/openwrt-radxa-rock5b-plus/openwrt/build_dir/target-aarch64_generic_musl/linux-firmware-20250808/ipkg-aarch64_generic/r8152-firmware/lib/apk/packages/r8152-firmware.conffiles; for file in $(cat /workspaces/openwrt-radxa-rock5b-plus/openwrt/build_dir/target-aarch64_generic_musl/linux-firmware-20250808/ipkg-aarch64_generic/r8152-firmware/CONTROL/conffiles); do [ -f /workspaces/openwrt-radxa-rock5b-plus/openwrt/build_dir/target-aarch64_generic_musl/linux-firmware-20250808/ipkg-aarch64_generic/r8152-firmware/$file ] || continue; csum=$(/workspaces/openwrt-radxa-rock5b-plus/openwrt/staging_dir/host/bin/mkhash sha256 /workspaces/openwrt-radxa-rock5b-plus/openwrt/build_dir/target-aarch64_generic_musl/linux-firmware-20250808/ipkg-aarch64_generic/r8152-firmware/$file); echo $file $csum >> /workspaces/openwrt-radxa-rock5b-plus/openwrt/build_dir/target-aarch64_generic_musl/linux-firmware-20250808/ipkg-aarch64_generic/r8152-firmware/lib/apk/packages/r8152-firmware.conffiles_static; done; rm -rf /workspaces/openwrt-radxa-rock5b-plus/openwrt/build_dir/target-aarch64_generic_musl/linux-firmware-20250808/ipkg-aarch64_generic/r8152-firmware/CONTROL/conffiles; fi
if [ -z "$(ls -A /workspaces/openwrt-radxa-rock5b-plus/openwrt/build_dir/target-aarch64_generic_musl/linux-firmware-20250808/ipkg-aarch64_generic/r8152-firmware/CONTROL 2>/dev/null)" ]; then rm -rf /workspaces/openwrt-radxa-rock5b-plus/openwrt/build_dir/target-aarch64_generic_musl/linux-firmware-20250808/ipkg-aarch64_generic/r8152-firmware/CONTROL; else echo "CONTROL directory /workspaces/openwrt-radxa-rock5b-plus/openwrt/build_dir/target-aarch64_generic_musl/linux-firmware-20250808/ipkg-aarch64_generic/r8152-firmware/CONTROL is not empty! This is not right and should be checked!" >&2; exit 1; fi
/workspaces/openwrt-radxa-rock5b-plus/openwrt/staging_dir/host/bin/fakeroot /workspaces/openwrt-radxa-rock5b-plus/openwrt/staging_dir/host/bin/apk mkpkg --info "name:r8152-firmware" --info "version:20250808-r1"  --info "description:RealTek RTL8152 firmware" --info "arch:aarch64_generic" --info "license:" --info "origin:feeds/base/firmware/linux-firmware" --info "url:http://git.kernel.org/cgit/linux/kernel/git/firmware/linux-firmware.git" --info "maintainer:Felix Fietkau <nbd@nbd.name>" --info "provides:"  --script "post-install:/workspaces/openwrt-radxa-rock5b-plus/openwrt/build_dir/target-aarch64_generic_musl/linux-firmware-20250808/apk-aarch64_generic/r8152-firmware/post-install" --script "post-upgrade:/workspaces/openwrt-radxa-rock5b-plus/openwrt/build_dir/target-aarch64_generic_musl/linux-firmware-20250808/apk-aarch64_generic/r8152-firmware/post-upgrade" --script "pre-deinstall:/workspaces/openwrt-radxa-rock5b-plus/openwrt/build_dir/target-aarch64_generic_musl/linux-firmware-20250808/apk-aarch64_generic/r8152-firmware/pre-deinstall" --info "depends:libc" --files "/workspaces/openwrt-radxa-rock5b-plus/openwrt/build_dir/target-aarch64_generic_musl/linux-firmware-20250808/ipkg-aarch64_generic/r8152-firmware" --output "/workspaces/openwrt-radxa-rock5b-plus/openwrt/bin/packages/aarch64_generic/base/r8152-firmware-20250808-r1.apk" --sign "/workspaces/openwrt-radxa-rock5b-plus/openwrt/private-key.pem"
rm -rf /workspaces/openwrt-radxa-rock5b-plus/openwrt/build_dir/target-aarch64_generic_musl/linux-firmware-20250808/.pkgdir/r8152-firmware.installed /workspaces/openwrt-radxa-rock5b-plus/openwrt/build_dir/target-aarch64_generic_musl/linux-firmware-20250808/.pkgdir/r8152-firmware
mkdir -p /workspaces/openwrt-radxa-rock5b-plus/openwrt/build_dir/target-aarch64_generic_musl/linux-firmware-20250808/.pkgdir/r8152-firmware
install -d -m0755 /workspaces/openwrt-radxa-rock5b-plus/openwrt/build_dir/target-aarch64_generic_musl/linux-firmware-20250808/.pkgdir/r8152-firmware/lib/firmware/rtl_nic
cp -fpR /workspaces/openwrt-radxa-rock5b-plus/openwrt/build_dir/target-aarch64_generic_musl/linux-firmware-20250808/rtl_nic/rtl8153* /workspaces/openwrt-radxa-rock5b-plus/openwrt/build_dir/target-aarch64_generic_musl/linux-firmware-20250808/rtl_nic/rtl8156* /workspaces/openwrt-radxa-rock5b-plus/openwrt/build_dir/target-aarch64_generic_musl/linux-firmware-20250808/.pkgdir/r8152-firmware/lib/firmware/rtl_nic
touch /workspaces/openwrt-radxa-rock5b-plus/openwrt/build_dir/target-aarch64_generic_musl/linux-firmware-20250808/.pkgdir/r8152-firmware.installed
rm -rf /workspaces/openwrt-radxa-rock5b-plus/openwrt/build_dir/target-aarch64_generic_musl/linux-firmware-20250808/ipkg-aarch64_generic/r8169-firmware
/workspaces/openwrt-radxa-rock5b-plus/openwrt/scripts/ipkg-remove r8169-firmware /workspaces/openwrt-radxa-rock5b-plus/openwrt/bin/packages/aarch64_generic/base/r8169-firmware-20250808-r1.apk
removed '/workspaces/openwrt-radxa-rock5b-plus/openwrt/bin/packages/aarch64_generic/base/r8169-firmware-20250808-r1.apk'
mkdir -p /workspaces/openwrt-radxa-rock5b-plus/openwrt/bin/targets/rockchip/armv8/packages /workspaces/openwrt-radxa-rock5b-plus/openwrt/build_dir/target-aarch64_generic_musl/linux-firmware-20250808/ipkg-aarch64_generic/r8169-firmware /workspaces/openwrt-radxa-rock5b-plus/openwrt/staging_dir/target-aarch64_generic_musl/pkginfo
install -d -m0755 /workspaces/openwrt-radxa-rock5b-plus/openwrt/build_dir/target-aarch64_generic_musl/linux-firmware-20250808/ipkg-aarch64_generic/r8169-firmware/lib/firmware/rtl_nic
cp -fpR /workspaces/openwrt-radxa-rock5b-plus/openwrt/build_dir/target-aarch64_generic_musl/linux-firmware-20250808/rtl_nic/rtl810* /workspaces/openwrt-radxa-rock5b-plus/openwrt/build_dir/target-aarch64_generic_musl/linux-firmware-20250808/rtl_nic/rtl812* /workspaces/openwrt-radxa-rock5b-plus/openwrt/build_dir/target-aarch64_generic_musl/linux-firmware-20250808/rtl_nic/rtl8168* /workspaces/openwrt-radxa-rock5b-plus/openwrt/build_dir/target-aarch64_generic_musl/linux-firmware-20250808/rtl_nic/rtl84* /workspaces/openwrt-radxa-rock5b-plus/openwrt/build_dir/target-aarch64_generic_musl/linux-firmware-20250808/ipkg-aarch64_generic/r8169-firmware/lib/firmware/rtl_nic
find /workspaces/openwrt-radxa-rock5b-plus/openwrt/build_dir/target-aarch64_generic_musl/linux-firmware-20250808/ipkg-aarch64_generic/r8169-firmware -name 'CVS' -o -name '.svn' -o -name '.#*' -o -name '*~'| xargs -r rm -rf
: /workspaces/openwrt-radxa-rock5b-plus/openwrt/build_dir/target-aarch64_generic_musl/linux-firmware-20250808/ipkg-aarch64_generic/r8169-firmware
install -d -m0755 /workspaces/openwrt-radxa-rock5b-plus/openwrt/bin/packages/aarch64_generic/base/tmp
mkdir -p /workspaces/openwrt-radxa-rock5b-plus/openwrt/build_dir/target-aarch64_generic_musl/linux-firmware-20250808/apk-aarch64_generic/r8169-firmware/
mkdir -p /workspaces/openwrt-radxa-rock5b-plus/openwrt/build_dir/target-aarch64_generic_musl/linux-firmware-20250808/ipkg-aarch64_generic/r8169-firmware/lib/apk/packages/
(cd /workspaces/openwrt-radxa-rock5b-plus/openwrt/build_dir/target-aarch64_generic_musl/linux-firmware-20250808/apk-aarch64_generic/r8169-firmware; )
( echo "#!/bin/sh"; echo "[ \"\${IPKG_NO_SCRIPT}\" = \"1\" ] && exit 0"; echo "[ -s "\${IPKG_INSTROOT}/lib/functions.sh" ] || exit 0"; echo ". \${IPKG_INSTROOT}/lib/functions.sh"; echo 'export root="${IPKG_INSTROOT}"'; echo 'export pkgname="r8169-firmware"'; echo "add_group_and_user"; echo "default_postinst"; [ ! -f /workspaces/openwrt-radxa-rock5b-plus/openwrt/build_dir/target-aarch64_generic_musl/linux-firmware-20250808/apk-aarch64_generic/r8169-firmware/postinst-pkg ] || sed -z 's/^\s*#!/#!/' "/workspaces/openwrt-radxa-rock5b-plus/openwrt/build_dir/target-aarch64_generic_musl/linux-firmware-20250808/apk-aarch64_generic/r8169-firmware/postinst-pkg"; ) > /workspaces/openwrt-radxa-rock5b-plus/openwrt/build_dir/target-aarch64_generic_musl/linux-firmware-20250808/apk-aarch64_generic/r8169-firmware/post-install;
( echo "#!/bin/sh"; echo 'export PKG_UPGRADE=1'; [ ! -f /workspaces/openwrt-radxa-rock5b-plus/openwrt/build_dir/target-aarch64_generic_musl/linux-firmware-20250808/apk-aarch64_generic/r8169-firmware/post-install ] || sed -z 's/^\s*#!/#!/' "/workspaces/openwrt-radxa-rock5b-plus/openwrt/build_dir/target-aarch64_generic_musl/linux-firmware-20250808/apk-aarch64_generic/r8169-firmware/post-install"; ) > /workspaces/openwrt-radxa-rock5b-plus/openwrt/build_dir/target-aarch64_generic_musl/linux-firmware-20250808/apk-aarch64_generic/r8169-firmware/post-upgrade;
( echo "#!/bin/sh"; echo "[ -s "\${IPKG_INSTROOT}/lib/functions.sh" ] || exit 0"; echo ". \${IPKG_INSTROOT}/lib/functions.sh"; echo 'export root="${IPKG_INSTROOT}"'; echo 'export pkgname="r8169-firmware"'; echo "default_prerm"; [ ! -f /workspaces/openwrt-radxa-rock5b-plus/openwrt/build_dir/target-aarch64_generic_musl/linux-firmware-20250808/apk-aarch64_generic/r8169-firmware/prerm-pkg ] || sed -z 's/^\s*#!/#!/' "/workspaces/openwrt-radxa-rock5b-plus/openwrt/build_dir/target-aarch64_generic_musl/linux-firmware-20250808/apk-aarch64_generic/r8169-firmware/prerm-pkg"; ) > /workspaces/openwrt-radxa-rock5b-plus/openwrt/build_dir/target-aarch64_generic_musl/linux-firmware-20250808/apk-aarch64_generic/r8169-firmware/pre-deinstall;
[ ! -f /workspaces/openwrt-radxa-rock5b-plus/openwrt/build_dir/target-aarch64_generic_musl/linux-firmware-20250808/apk-aarch64_generic/r8169-firmware/postrm ] || sed -zi 's/^\s*#!/#!/' "/workspaces/openwrt-radxa-rock5b-plus/openwrt/build_dir/target-aarch64_generic_musl/linux-firmware-20250808/apk-aarch64_generic/r8169-firmware/postrm";
if [ -n "" ]; then echo  > /workspaces/openwrt-radxa-rock5b-plus/openwrt/build_dir/target-aarch64_generic_musl/linux-firmware-20250808/ipkg-aarch64_generic/r8169-firmware/lib/apk/packages/r8169-firmware.rusers; fi;
if [ -n "" ]; then echo  > /workspaces/openwrt-radxa-rock5b-plus/openwrt/build_dir/target-aarch64_generic_musl/linux-firmware-20250808/ipkg-aarch64_generic/r8169-firmware/lib/apk/packages/r8169-firmware.alternatives; fi;
(cd /workspaces/openwrt-radxa-rock5b-plus/openwrt/build_dir/target-aarch64_generic_musl/linux-firmware-20250808/ipkg-aarch64_generic/r8169-firmware && find . -type f,l -printf "/%P\n" | sort > /workspaces/openwrt-radxa-rock5b-plus/openwrt/tmp/r8169-firmware.list && mv /workspaces/openwrt-radxa-rock5b-plus/openwrt/tmp/r8169-firmware.list /workspaces/openwrt-radxa-rock5b-plus/openwrt/build_dir/target-aarch64_generic_musl/linux-firmware-20250808/ipkg-aarch64_generic/r8169-firmware/lib/apk/packages/r8169-firmware.list)
# Move conffiles to IDIR and build conffiles_static with csums
if [ -f /workspaces/openwrt-radxa-rock5b-plus/openwrt/build_dir/target-aarch64_generic_musl/linux-firmware-20250808/apk-aarch64_generic/r8169-firmware/conffiles ]; then mv -f /workspaces/openwrt-radxa-rock5b-plus/openwrt/build_dir/target-aarch64_generic_musl/linux-firmware-20250808/apk-aarch64_generic/r8169-firmware/conffiles /workspaces/openwrt-radxa-rock5b-plus/openwrt/build_dir/target-aarch64_generic_musl/linux-firmware-20250808/ipkg-aarch64_generic/r8169-firmware/lib/apk/packages/r8169-firmware.conffiles; for file in $(cat /workspaces/openwrt-radxa-rock5b-plus/openwrt/build_dir/target-aarch64_generic_musl/linux-firmware-20250808/ipkg-aarch64_generic/r8169-firmware/lib/apk/packages/r8169-firmware.conffiles); do [ -f /workspaces/openwrt-radxa-rock5b-plus/openwrt/build_dir/target-aarch64_generic_musl/linux-firmware-20250808/ipkg-aarch64_generic/r8169-firmware/$file ] || continue; csum=$(/workspaces/openwrt-radxa-rock5b-plus/openwrt/staging_dir/host/bin/mkhash sha256 /workspaces/openwrt-radxa-rock5b-plus/openwrt/build_dir/target-aarch64_generic_musl/linux-firmware-20250808/ipkg-aarch64_generic/r8169-firmware/$file); echo $file $csum >> /workspaces/openwrt-radxa-rock5b-plus/openwrt/build_dir/target-aarch64_generic_musl/linux-firmware-20250808/ipkg-aarch64_generic/r8169-firmware/lib/apk/packages/r8169-firmware.conffiles_static; done; fi
# Some package (base-files) manually append stuff to conffiles
# Append stuff from it and delete the CONTROL directory since everything else should be migrated
if [ -f /workspaces/openwrt-radxa-rock5b-plus/openwrt/build_dir/target-aarch64_generic_musl/linux-firmware-20250808/ipkg-aarch64_generic/r8169-firmware/CONTROL/conffiles ]; then echo $(IDIR_r8169-firmware)/CONTROL/conffiles >> /workspaces/openwrt-radxa-rock5b-plus/openwrt/build_dir/target-aarch64_generic_musl/linux-firmware-20250808/ipkg-aarch64_generic/r8169-firmware/lib/apk/packages/r8169-firmware.conffiles; for file in $(cat /workspaces/openwrt-radxa-rock5b-plus/openwrt/build_dir/target-aarch64_generic_musl/linux-firmware-20250808/ipkg-aarch64_generic/r8169-firmware/CONTROL/conffiles); do [ -f /workspaces/openwrt-radxa-rock5b-plus/openwrt/build_dir/target-aarch64_generic_musl/linux-firmware-20250808/ipkg-aarch64_generic/r8169-firmware/$file ] || continue; csum=$(/workspaces/openwrt-radxa-rock5b-plus/openwrt/staging_dir/host/bin/mkhash sha256 /workspaces/openwrt-radxa-rock5b-plus/openwrt/build_dir/target-aarch64_generic_musl/linux-firmware-20250808/ipkg-aarch64_generic/r8169-firmware/$file); echo $file $csum >> /workspaces/openwrt-radxa-rock5b-plus/openwrt/build_dir/target-aarch64_generic_musl/linux-firmware-20250808/ipkg-aarch64_generic/r8169-firmware/lib/apk/packages/r8169-firmware.conffiles_static; done; rm -rf /workspaces/openwrt-radxa-rock5b-plus/openwrt/build_dir/target-aarch64_generic_musl/linux-firmware-20250808/ipkg-aarch64_generic/r8169-firmware/CONTROL/conffiles; fi
if [ -z "$(ls -A /workspaces/openwrt-radxa-rock5b-plus/openwrt/build_dir/target-aarch64_generic_musl/linux-firmware-20250808/ipkg-aarch64_generic/r8169-firmware/CONTROL 2>/dev/null)" ]; then rm -rf /workspaces/openwrt-radxa-rock5b-plus/openwrt/build_dir/target-aarch64_generic_musl/linux-firmware-20250808/ipkg-aarch64_generic/r8169-firmware/CONTROL; else echo "CONTROL directory /workspaces/openwrt-radxa-rock5b-plus/openwrt/build_dir/target-aarch64_generic_musl/linux-firmware-20250808/ipkg-aarch64_generic/r8169-firmware/CONTROL is not empty! This is not right and should be checked!" >&2; exit 1; fi
/workspaces/openwrt-radxa-rock5b-plus/openwrt/staging_dir/host/bin/fakeroot /workspaces/openwrt-radxa-rock5b-plus/openwrt/staging_dir/host/bin/apk mkpkg --info "name:r8169-firmware" --info "version:20250808-r1"  --info "description:RealTek RTL8169 firmware" --info "arch:aarch64_generic" --info "license:" --info "origin:feeds/base/firmware/linux-firmware" --info "url:http://git.kernel.org/cgit/linux/kernel/git/firmware/linux-firmware.git" --info "maintainer:Felix Fietkau <nbd@nbd.name>" --info "provides:"  --script "post-install:/workspaces/openwrt-radxa-rock5b-plus/openwrt/build_dir/target-aarch64_generic_musl/linux-firmware-20250808/apk-aarch64_generic/r8169-firmware/post-install" --script "post-upgrade:/workspaces/openwrt-radxa-rock5b-plus/openwrt/build_dir/target-aarch64_generic_musl/linux-firmware-20250808/apk-aarch64_generic/r8169-firmware/post-upgrade" --script "pre-deinstall:/workspaces/openwrt-radxa-rock5b-plus/openwrt/build_dir/target-aarch64_generic_musl/linux-firmware-20250808/apk-aarch64_generic/r8169-firmware/pre-deinstall" --info "depends:libc" --files "/workspaces/openwrt-radxa-rock5b-plus/openwrt/build_dir/target-aarch64_generic_musl/linux-firmware-20250808/ipkg-aarch64_generic/r8169-firmware" --output "/workspaces/openwrt-radxa-rock5b-plus/openwrt/bin/packages/aarch64_generic/base/r8169-firmware-20250808-r1.apk" --sign "/workspaces/openwrt-radxa-rock5b-plus/openwrt/private-key.pem"
rm -rf /workspaces/openwrt-radxa-rock5b-plus/openwrt/build_dir/target-aarch64_generic_musl/linux-firmware-20250808/.pkgdir/r8169-firmware.installed /workspaces/openwrt-radxa-rock5b-plus/openwrt/build_dir/target-aarch64_generic_musl/linux-firmware-20250808/.pkgdir/r8169-firmware
mkdir -p /workspaces/openwrt-radxa-rock5b-plus/openwrt/build_dir/target-aarch64_generic_musl/linux-firmware-20250808/.pkgdir/r8169-firmware
install -d -m0755 /workspaces/openwrt-radxa-rock5b-plus/openwrt/build_dir/target-aarch64_generic_musl/linux-firmware-20250808/.pkgdir/r8169-firmware/lib/firmware/rtl_nic
cp -fpR /workspaces/openwrt-radxa-rock5b-plus/openwrt/build_dir/target-aarch64_generic_musl/linux-firmware-20250808/rtl_nic/rtl810* /workspaces/openwrt-radxa-rock5b-plus/openwrt/build_dir/target-aarch64_generic_musl/linux-firmware-20250808/rtl_nic/rtl812* /workspaces/openwrt-radxa-rock5b-plus/openwrt/build_dir/target-aarch64_generic_musl/linux-firmware-20250808/rtl_nic/rtl8168* /workspaces/openwrt-radxa-rock5b-plus/openwrt/build_dir/target-aarch64_generic_musl/linux-firmware-20250808/rtl_nic/rtl84* /workspaces/openwrt-radxa-rock5b-plus/openwrt/build_dir/target-aarch64_generic_musl/linux-firmware-20250808/.pkgdir/r8169-firmware/lib/firmware/rtl_nic
touch /workspaces/openwrt-radxa-rock5b-plus/openwrt/build_dir/target-aarch64_generic_musl/linux-firmware-20250808/.pkgdir/r8169-firmware.installed
rm -rf /workspaces/openwrt-radxa-rock5b-plus/openwrt/build_dir/target-aarch64_generic_musl/linux-firmware-20250808/ipkg-aarch64_generic/rtl8852be-firmware
/workspaces/openwrt-radxa-rock5b-plus/openwrt/scripts/ipkg-remove rtl8852be-firmware /workspaces/openwrt-radxa-rock5b-plus/openwrt/bin/packages/aarch64_generic/base/rtl8852be-firmware-20250808-r1.apk
removed '/workspaces/openwrt-radxa-rock5b-plus/openwrt/bin/packages/aarch64_generic/base/rtl8852be-firmware-20250808-r1.apk'
mkdir -p /workspaces/openwrt-radxa-rock5b-plus/openwrt/bin/targets/rockchip/armv8/packages /workspaces/openwrt-radxa-rock5b-plus/openwrt/build_dir/target-aarch64_generic_musl/linux-firmware-20250808/ipkg-aarch64_generic/rtl8852be-firmware /workspaces/openwrt-radxa-rock5b-plus/openwrt/staging_dir/target-aarch64_generic_musl/pkginfo
install -d -m0755 /workspaces/openwrt-radxa-rock5b-plus/openwrt/build_dir/target-aarch64_generic_musl/linux-firmware-20250808/ipkg-aarch64_generic/rtl8852be-firmware/lib/firmware/rtw89
install -m0644 /workspaces/openwrt-radxa-rock5b-plus/openwrt/build_dir/target-aarch64_generic_musl/linux-firmware-20250808/rtw89/rtw8852b_fw-1.bin /workspaces/openwrt-radxa-rock5b-plus/openwrt/build_dir/target-aarch64_generic_musl/linux-firmware-20250808/ipkg-aarch64_generic/rtl8852be-firmware/lib/firmware/rtw89
find /workspaces/openwrt-radxa-rock5b-plus/openwrt/build_dir/target-aarch64_generic_musl/linux-firmware-20250808/ipkg-aarch64_generic/rtl8852be-firmware -name 'CVS' -o -name '.svn' -o -name '.#*' -o -name '*~'| xargs -r rm -rf
: /workspaces/openwrt-radxa-rock5b-plus/openwrt/build_dir/target-aarch64_generic_musl/linux-firmware-20250808/ipkg-aarch64_generic/rtl8852be-firmware
install -d -m0755 /workspaces/openwrt-radxa-rock5b-plus/openwrt/bin/packages/aarch64_generic/base/tmp
mkdir -p /workspaces/openwrt-radxa-rock5b-plus/openwrt/build_dir/target-aarch64_generic_musl/linux-firmware-20250808/apk-aarch64_generic/rtl8852be-firmware/
mkdir -p /workspaces/openwrt-radxa-rock5b-plus/openwrt/build_dir/target-aarch64_generic_musl/linux-firmware-20250808/ipkg-aarch64_generic/rtl8852be-firmware/lib/apk/packages/
(cd /workspaces/openwrt-radxa-rock5b-plus/openwrt/build_dir/target-aarch64_generic_musl/linux-firmware-20250808/apk-aarch64_generic/rtl8852be-firmware; )
( echo "#!/bin/sh"; echo "[ \"\${IPKG_NO_SCRIPT}\" = \"1\" ] && exit 0"; echo "[ -s "\${IPKG_INSTROOT}/lib/functions.sh" ] || exit 0"; echo ". \${IPKG_INSTROOT}/lib/functions.sh"; echo 'export root="${IPKG_INSTROOT}"'; echo 'export pkgname="rtl8852be-firmware"'; echo "add_group_and_user"; echo "default_postinst"; [ ! -f /workspaces/openwrt-radxa-rock5b-plus/openwrt/build_dir/target-aarch64_generic_musl/linux-firmware-20250808/apk-aarch64_generic/rtl8852be-firmware/postinst-pkg ] || sed -z 's/^\s*#!/#!/' "/workspaces/openwrt-radxa-rock5b-plus/openwrt/build_dir/target-aarch64_generic_musl/linux-firmware-20250808/apk-aarch64_generic/rtl8852be-firmware/postinst-pkg"; ) > /workspaces/openwrt-radxa-rock5b-plus/openwrt/build_dir/target-aarch64_generic_musl/linux-firmware-20250808/apk-aarch64_generic/rtl8852be-firmware/post-install;
( echo "#!/bin/sh"; echo 'export PKG_UPGRADE=1'; [ ! -f /workspaces/openwrt-radxa-rock5b-plus/openwrt/build_dir/target-aarch64_generic_musl/linux-firmware-20250808/apk-aarch64_generic/rtl8852be-firmware/post-install ] || sed -z 's/^\s*#!/#!/' "/workspaces/openwrt-radxa-rock5b-plus/openwrt/build_dir/target-aarch64_generic_musl/linux-firmware-20250808/apk-aarch64_generic/rtl8852be-firmware/post-install"; ) > /workspaces/openwrt-radxa-rock5b-plus/openwrt/build_dir/target-aarch64_generic_musl/linux-firmware-20250808/apk-aarch64_generic/rtl8852be-firmware/post-upgrade;
( echo "#!/bin/sh"; echo "[ -s "\${IPKG_INSTROOT}/lib/functions.sh" ] || exit 0"; echo ". \${IPKG_INSTROOT}/lib/functions.sh"; echo 'export root="${IPKG_INSTROOT}"'; echo 'export pkgname="rtl8852be-firmware"'; echo "default_prerm"; [ ! -f /workspaces/openwrt-radxa-rock5b-plus/openwrt/build_dir/target-aarch64_generic_musl/linux-firmware-20250808/apk-aarch64_generic/rtl8852be-firmware/prerm-pkg ] || sed -z 's/^\s*#!/#!/' "/workspaces/openwrt-radxa-rock5b-plus/openwrt/build_dir/target-aarch64_generic_musl/linux-firmware-20250808/apk-aarch64_generic/rtl8852be-firmware/prerm-pkg"; ) > /workspaces/openwrt-radxa-rock5b-plus/openwrt/build_dir/target-aarch64_generic_musl/linux-firmware-20250808/apk-aarch64_generic/rtl8852be-firmware/pre-deinstall;
[ ! -f /workspaces/openwrt-radxa-rock5b-plus/openwrt/build_dir/target-aarch64_generic_musl/linux-firmware-20250808/apk-aarch64_generic/rtl8852be-firmware/postrm ] || sed -zi 's/^\s*#!/#!/' "/workspaces/openwrt-radxa-rock5b-plus/openwrt/build_dir/target-aarch64_generic_musl/linux-firmware-20250808/apk-aarch64_generic/rtl8852be-firmware/postrm";
if [ -n "" ]; then echo  > /workspaces/openwrt-radxa-rock5b-plus/openwrt/build_dir/target-aarch64_generic_musl/linux-firmware-20250808/ipkg-aarch64_generic/rtl8852be-firmware/lib/apk/packages/rtl8852be-firmware.rusers; fi;
if [ -n "" ]; then echo  > /workspaces/openwrt-radxa-rock5b-plus/openwrt/build_dir/target-aarch64_generic_musl/linux-firmware-20250808/ipkg-aarch64_generic/rtl8852be-firmware/lib/apk/packages/rtl8852be-firmware.alternatives; fi;
(cd /workspaces/openwrt-radxa-rock5b-plus/openwrt/build_dir/target-aarch64_generic_musl/linux-firmware-20250808/ipkg-aarch64_generic/rtl8852be-firmware && find . -type f,l -printf "/%P\n" | sort > /workspaces/openwrt-radxa-rock5b-plus/openwrt/tmp/rtl8852be-firmware.list && mv /workspaces/openwrt-radxa-rock5b-plus/openwrt/tmp/rtl8852be-firmware.list /workspaces/openwrt-radxa-rock5b-plus/openwrt/build_dir/target-aarch64_generic_musl/linux-firmware-20250808/ipkg-aarch64_generic/rtl8852be-firmware/lib/apk/packages/rtl8852be-firmware.list)
# Move conffiles to IDIR and build conffiles_static with csums
if [ -f /workspaces/openwrt-radxa-rock5b-plus/openwrt/build_dir/target-aarch64_generic_musl/linux-firmware-20250808/apk-aarch64_generic/rtl8852be-firmware/conffiles ]; then mv -f /workspaces/openwrt-radxa-rock5b-plus/openwrt/build_dir/target-aarch64_generic_musl/linux-firmware-20250808/apk-aarch64_generic/rtl8852be-firmware/conffiles /workspaces/openwrt-radxa-rock5b-plus/openwrt/build_dir/target-aarch64_generic_musl/linux-firmware-20250808/ipkg-aarch64_generic/rtl8852be-firmware/lib/apk/packages/rtl8852be-firmware.conffiles; for file in $(cat /workspaces/openwrt-radxa-rock5b-plus/openwrt/build_dir/target-aarch64_generic_musl/linux-firmware-20250808/ipkg-aarch64_generic/rtl8852be-firmware/lib/apk/packages/rtl8852be-firmware.conffiles); do [ -f /workspaces/openwrt-radxa-rock5b-plus/openwrt/build_dir/target-aarch64_generic_musl/linux-firmware-20250808/ipkg-aarch64_generic/rtl8852be-firmware/$file ] || continue; csum=$(/workspaces/openwrt-radxa-rock5b-plus/openwrt/staging_dir/host/bin/mkhash sha256 /workspaces/openwrt-radxa-rock5b-plus/openwrt/build_dir/target-aarch64_generic_musl/linux-firmware-20250808/ipkg-aarch64_generic/rtl8852be-firmware/$file); echo $file $csum >> /workspaces/openwrt-radxa-rock5b-plus/openwrt/build_dir/target-aarch64_generic_musl/linux-firmware-20250808/ipkg-aarch64_generic/rtl8852be-firmware/lib/apk/packages/rtl8852be-firmware.conffiles_static; done; fi
# Some package (base-files) manually append stuff to conffiles
# Append stuff from it and delete the CONTROL directory since everything else should be migrated
if [ -f /workspaces/openwrt-radxa-rock5b-plus/openwrt/build_dir/target-aarch64_generic_musl/linux-firmware-20250808/ipkg-aarch64_generic/rtl8852be-firmware/CONTROL/conffiles ]; then echo $(IDIR_rtl8852be-firmware)/CONTROL/conffiles >> /workspaces/openwrt-radxa-rock5b-plus/openwrt/build_dir/target-aarch64_generic_musl/linux-firmware-20250808/ipkg-aarch64_generic/rtl8852be-firmware/lib/apk/packages/rtl8852be-firmware.conffiles; for file in $(cat /workspaces/openwrt-radxa-rock5b-plus/openwrt/build_dir/target-aarch64_generic_musl/linux-firmware-20250808/ipkg-aarch64_generic/rtl8852be-firmware/CONTROL/conffiles); do [ -f /workspaces/openwrt-radxa-rock5b-plus/openwrt/build_dir/target-aarch64_generic_musl/linux-firmware-20250808/ipkg-aarch64_generic/rtl8852be-firmware/$file ] || continue; csum=$(/workspaces/openwrt-radxa-rock5b-plus/openwrt/staging_dir/host/bin/mkhash sha256 /workspaces/openwrt-radxa-rock5b-plus/openwrt/build_dir/target-aarch64_generic_musl/linux-firmware-20250808/ipkg-aarch64_generic/rtl8852be-firmware/$file); echo $file $csum >> /workspaces/openwrt-radxa-rock5b-plus/openwrt/build_dir/target-aarch64_generic_musl/linux-firmware-20250808/ipkg-aarch64_generic/rtl8852be-firmware/lib/apk/packages/rtl8852be-firmware.conffiles_static; done; rm -rf /workspaces/openwrt-radxa-rock5b-plus/openwrt/build_dir/target-aarch64_generic_musl/linux-firmware-20250808/ipkg-aarch64_generic/rtl8852be-firmware/CONTROL/conffiles; fi
if [ -z "$(ls -A /workspaces/openwrt-radxa-rock5b-plus/openwrt/build_dir/target-aarch64_generic_musl/linux-firmware-20250808/ipkg-aarch64_generic/rtl8852be-firmware/CONTROL 2>/dev/null)" ]; then rm -rf /workspaces/openwrt-radxa-rock5b-plus/openwrt/build_dir/target-aarch64_generic_musl/linux-firmware-20250808/ipkg-aarch64_generic/rtl8852be-firmware/CONTROL; else echo "CONTROL directory /workspaces/openwrt-radxa-rock5b-plus/openwrt/build_dir/target-aarch64_generic_musl/linux-firmware-20250808/ipkg-aarch64_generic/rtl8852be-firmware/CONTROL is not empty! This is not right and should be checked!" >&2; exit 1; fi
/workspaces/openwrt-radxa-rock5b-plus/openwrt/staging_dir/host/bin/fakeroot /workspaces/openwrt-radxa-rock5b-plus/openwrt/staging_dir/host/bin/apk mkpkg --info "name:rtl8852be-firmware" --info "version:20250808-r1"  --info "description:RealTek RTL8852BE firmware" --info "arch:aarch64_generic" --info "license:" --info "origin:feeds/base/firmware/linux-firmware" --info "url:http://git.kernel.org/cgit/linux/kernel/git/firmware/linux-firmware.git" --info "maintainer:Felix Fietkau <nbd@nbd.name>" --info "provides:"  --script "post-install:/workspaces/openwrt-radxa-rock5b-plus/openwrt/build_dir/target-aarch64_generic_musl/linux-firmware-20250808/apk-aarch64_generic/rtl8852be-firmware/post-install" --script "post-upgrade:/workspaces/openwrt-radxa-rock5b-plus/openwrt/build_dir/target-aarch64_generic_musl/linux-firmware-20250808/apk-aarch64_generic/rtl8852be-firmware/post-upgrade" --script "pre-deinstall:/workspaces/openwrt-radxa-rock5b-plus/openwrt/build_dir/target-aarch64_generic_musl/linux-firmware-20250808/apk-aarch64_generic/rtl8852be-firmware/pre-deinstall" --info "depends:libc" --files "/workspaces/openwrt-radxa-rock5b-plus/openwrt/build_dir/target-aarch64_generic_musl/linux-firmware-20250808/ipkg-aarch64_generic/rtl8852be-firmware" --output "/workspaces/openwrt-radxa-rock5b-plus/openwrt/bin/packages/aarch64_generic/base/rtl8852be-firmware-20250808-r1.apk" --sign "/workspaces/openwrt-radxa-rock5b-plus/openwrt/private-key.pem"
rm -rf /workspaces/openwrt-radxa-rock5b-plus/openwrt/build_dir/target-aarch64_generic_musl/linux-firmware-20250808/.pkgdir/rtl8852be-firmware.installed /workspaces/openwrt-radxa-rock5b-plus/openwrt/build_dir/target-aarch64_generic_musl/linux-firmware-20250808/.pkgdir/rtl8852be-firmware
mkdir -p /workspaces/openwrt-radxa-rock5b-plus/openwrt/build_dir/target-aarch64_generic_musl/linux-firmware-20250808/.pkgdir/rtl8852be-firmware
install -d -m0755 /workspaces/openwrt-radxa-rock5b-plus/openwrt/build_dir/target-aarch64_generic_musl/linux-firmware-20250808/.pkgdir/rtl8852be-firmware/lib/firmware/rtw89
install -m0644 /workspaces/openwrt-radxa-rock5b-plus/openwrt/build_dir/target-aarch64_generic_musl/linux-firmware-20250808/rtw89/rtw8852b_fw-1.bin /workspaces/openwrt-radxa-rock5b-plus/openwrt/build_dir/target-aarch64_generic_musl/linux-firmware-20250808/.pkgdir/rtl8852be-firmware/lib/firmware/rtw89
touch /workspaces/openwrt-radxa-rock5b-plus/openwrt/build_dir/target-aarch64_generic_musl/linux-firmware-20250808/.pkgdir/rtl8852be-firmware.installed
mkdir -p /workspaces/openwrt-radxa-rock5b-plus/openwrt/staging_dir/target-aarch64_generic_musl/root-rockchip/stamp
SHELL= flock /workspaces/openwrt-radxa-rock5b-plus/openwrt/tmp/.root-copy.flock -c 'cp -fpR /workspaces/openwrt-radxa-rock5b-plus/openwrt/build_dir/target-aarch64_generic_musl/linux-firmware-20250808/.pkgdir/r8152-firmware/. /workspaces/openwrt-radxa-rock5b-plus/openwrt/staging_dir/target-aarch64_generic_musl/root-rockchip/'
touch /workspaces/openwrt-radxa-rock5b-plus/openwrt/staging_dir/target-aarch64_generic_musl/root-rockchip/stamp/.r8152-firmware_installed
echo "r8152-firmware" >> /workspaces/openwrt-radxa-rock5b-plus/openwrt/staging_dir/target-aarch64_generic_musl/pkginfo/linux-firmware.default.install
mkdir -p /workspaces/openwrt-radxa-rock5b-plus/openwrt/staging_dir/target-aarch64_generic_musl/root-rockchip/stamp
SHELL= flock /workspaces/openwrt-radxa-rock5b-plus/openwrt/tmp/.root-copy.flock -c 'cp -fpR /workspaces/openwrt-radxa-rock5b-plus/openwrt/build_dir/target-aarch64_generic_musl/linux-firmware-20250808/.pkgdir/r8169-firmware/. /workspaces/openwrt-radxa-rock5b-plus/openwrt/staging_dir/target-aarch64_generic_musl/root-rockchip/'
touch /workspaces/openwrt-radxa-rock5b-plus/openwrt/staging_dir/target-aarch64_generic_musl/root-rockchip/stamp/.r8169-firmware_installed
echo "r8169-firmware" >> /workspaces/openwrt-radxa-rock5b-plus/openwrt/staging_dir/target-aarch64_generic_musl/pkginfo/linux-firmware.default.install
mkdir -p /workspaces/openwrt-radxa-rock5b-plus/openwrt/staging_dir/target-aarch64_generic_musl/root-rockchip/stamp
SHELL= flock /workspaces/openwrt-radxa-rock5b-plus/openwrt/tmp/.root-copy.flock -c 'cp -fpR /workspaces/openwrt-radxa-rock5b-plus/openwrt/build_dir/target-aarch64_generic_musl/linux-firmware-20250808/.pkgdir/rtl8852be-firmware/. /workspaces/openwrt-radxa-rock5b-plus/openwrt/staging_dir/target-aarch64_generic_musl/root-rockchip/'
touch /workspaces/openwrt-radxa-rock5b-plus/openwrt/staging_dir/target-aarch64_generic_musl/root-rockchip/stamp/.rtl8852be-firmware_installed
echo "rtl8852be-firmware" >> /workspaces/openwrt-radxa-rock5b-plus/openwrt/staging_dir/target-aarch64_generic_musl/pkginfo/linux-firmware.default.install
make[3]: Leaving directory '/workspaces/openwrt-radxa-rock5b-plus/openwrt/package/firmware/linux-firmware'
time: package/firmware/linux-firmware/compile#4.36#0.88#40.42
make[3]: Entering directory '/workspaces/openwrt-radxa-rock5b-plus/openwrt/feeds/packages/libs/nghttp2'
mkdir -p /workspaces/openwrt-radxa-rock5b-plus/openwrt/staging_dir/target-aarch64_generic_musl/root-rockchip/stamp
echo '14' | cmp -s - /workspaces/openwrt-radxa-rock5b-plus/openwrt/staging_dir/target-aarch64_generic_musl/pkginfo/libnghttp2.version || { echo '14' > /workspaces/openwrt-radxa-rock5b-plus/openwrt/staging_dir/target-aarch64_generic_musl/pkginfo/libnghttp2.version;  } 
SHELL= flock /workspaces/openwrt-radxa-rock5b-plus/openwrt/tmp/.root-copy.flock -c 'cp -fpR /workspaces/openwrt-radxa-rock5b-plus/openwrt/build_dir/target-aarch64_generic_musl/nghttp2-1.66.0/.pkgdir/libnghttp2/. /workspaces/openwrt-radxa-rock5b-plus/openwrt/staging_dir/target-aarch64_generic_musl/root-rockchip/'
touch /workspaces/openwrt-radxa-rock5b-plus/openwrt/staging_dir/target-aarch64_generic_musl/root-rockchip/stamp/.libnghttp2_installed
echo "libnghttp2" >> /workspaces/openwrt-radxa-rock5b-plus/openwrt/staging_dir/target-aarch64_generic_musl/pkginfo/nghttp2.default.install
make[3]: Leaving directory '/workspaces/openwrt-radxa-rock5b-plus/openwrt/feeds/packages/libs/nghttp2'
time: package/feeds/packages/nghttp2/compile#0.14#0.12#1.11
make[3]: Entering directory '/workspaces/openwrt-radxa-rock5b-plus/openwrt/package/libs/sysfsutils'
touch /workspaces/openwrt-radxa-rock5b-plus/openwrt/build_dir/target-aarch64_generic_musl/ca-certificates-20250419/.pkgdir/ca-certificates.installed
mkdir -p /workspaces/openwrt-radxa-rock5b-plus/openwrt/staging_dir/target-aarch64_generic_musl/root-rockchip/stamp
SHELL= flock /workspaces/openwrt-radxa-rock5b-plus/openwrt/tmp/.root-copy.flock -c 'cp -fpR /workspaces/openwrt-radxa-rock5b-plus/openwrt/build_dir/target-aarch64_generic_musl/ca-certificates-20250419/.pkgdir/ca-certificates/. /workspaces/openwrt-radxa-rock5b-plus/openwrt/staging_dir/target-aarch64_generic_musl/root-rockchip/'
touch /workspaces/openwrt-radxa-rock5b-plus/openwrt/staging_dir/target-aarch64_generic_musl/root-rockchip/stamp/.ca-certificates_installed
echo "ca-certificates" >> /workspaces/openwrt-radxa-rock5b-plus/openwrt/staging_dir/target-aarch64_generic_musl/pkginfo/ca-certificates.default.install
make[3]: Leaving directory '/workspaces/openwrt-radxa-rock5b-plus/openwrt/package/system/ca-certificates'
time: package/system/ca-certificates/compile#5.25#2.54#17.32
make[3]: Entering directory '/workspaces/openwrt-radxa-rock5b-plus/openwrt/package/libs/openssl'
make[3]: Leaving directory '/workspaces/openwrt-radxa-rock5b-plus/openwrt/package/libs/sysfsutils'
time: package/libs/sysfsutils/compile#0.24#0.09#0.81
make[3]: Entering directory '/workspaces/openwrt-radxa-rock5b-plus/openwrt/feeds/packages/libs/libcbor'
Package/openssl/add-module 1='provider'; 2='legacy'; 3='/usr/lib/ossl-modules' 4=''
MOD_TYPE='provider'; MOD_NAME='legacy'; MOD_DIR='/usr/lib/ossl-modules' OSSL_PKG='libopenssl-legacy'
Package/openssl/add-module 1='engine'; 2='afalg'; 3='/usr/lib/engines-3' 4=''
MOD_TYPE='engine'; MOD_NAME='afalg'; MOD_DIR='/usr/lib/engines-3' OSSL_PKG='libopenssl-afalg'
Package/openssl/add-module 1='engine'; 2='devcrypto'; 3='/usr/lib/engines-3' 4=''
MOD_TYPE='engine'; MOD_NAME='devcrypto'; MOD_DIR='/usr/lib/engines-3' OSSL_PKG='libopenssl-devcrypto'
Package/openssl/add-module 1='engine'; 2='padlock'; 3='/usr/lib/engines-3' 4=''
MOD_TYPE='engine'; MOD_NAME='padlock'; MOD_DIR='/usr/lib/engines-3' OSSL_PKG='libopenssl-padlock'
make[3]: Leaving directory '/workspaces/openwrt-radxa-rock5b-plus/openwrt/feeds/packages/libs/libcbor'
time: package/feeds/packages/libcbor/compile#0.09#0.09#0.79
make[3]: Entering directory '/workspaces/openwrt-radxa-rock5b-plus/openwrt/feeds/packages/libs/libevdev'
make[3]: Leaving directory '/workspaces/openwrt-radxa-rock5b-plus/openwrt/feeds/packages/libs/libevdev'
time: package/feeds/packages/libevdev/compile#0.09#0.08#0.44
make[3]: Entering directory '/workspaces/openwrt-radxa-rock5b-plus/openwrt/feeds/packages/libs/libpam'
make[3]: Leaving directory '/workspaces/openwrt-radxa-rock5b-plus/openwrt/feeds/packages/libs/libpam'
time: package/feeds/packages/libpam/compile#0.09#0.13#1.28
make[3]: Entering directory '/workspaces/openwrt-radxa-rock5b-plus/openwrt/package/firmware/wireless-regdb'
mkdir -p /workspaces/openwrt-radxa-rock5b-plus/openwrt/staging_dir/target-aarch64_generic_musl/root-rockchip/stamp
SHELL= flock /workspaces/openwrt-radxa-rock5b-plus/openwrt/tmp/.root-copy.flock -c 'cp -fpR /workspaces/openwrt-radxa-rock5b-plus/openwrt/build_dir/target-aarch64_generic_musl/wireless-regdb-2025.07.10/.pkgdir/wireless-regdb/. /workspaces/openwrt-radxa-rock5b-plus/openwrt/staging_dir/target-aarch64_generic_musl/root-rockchip/'
touch /workspaces/openwrt-radxa-rock5b-plus/openwrt/staging_dir/target-aarch64_generic_musl/root-rockchip/stamp/.wireless-regdb_installed
echo "wireless-regdb" >> /workspaces/openwrt-radxa-rock5b-plus/openwrt/staging_dir/target-aarch64_generic_musl/pkginfo/wireless-regdb.default.install
make[3]: Leaving directory '/workspaces/openwrt-radxa-rock5b-plus/openwrt/package/firmware/wireless-regdb'
time: package/firmware/wireless-regdb/compile#0.09#0.11#0.36
make[3]: Entering directory '/workspaces/openwrt-radxa-rock5b-plus/openwrt/package/network/utils/iw'
mkdir -p /workspaces/openwrt-radxa-rock5b-plus/openwrt/staging_dir/target-aarch64_generic_musl/root-rockchip/stamp
SHELL= flock /workspaces/openwrt-radxa-rock5b-plus/openwrt/tmp/.root-copy.flock -c 'cp -fpR /workspaces/openwrt-radxa-rock5b-plus/openwrt/build_dir/target-aarch64_generic_musl/iw-tiny/iw-6.9/.pkgdir/iw/. /workspaces/openwrt-radxa-rock5b-plus/openwrt/staging_dir/target-aarch64_generic_musl/root-rockchip/'
touch /workspaces/openwrt-radxa-rock5b-plus/openwrt/staging_dir/target-aarch64_generic_musl/root-rockchip/stamp/.iw_installed
echo "iw" >> /workspaces/openwrt-radxa-rock5b-plus/openwrt/staging_dir/target-aarch64_generic_musl/pkginfo/iw.tiny.install
make[3]: Leaving directory '/workspaces/openwrt-radxa-rock5b-plus/openwrt/package/network/utils/iw'
time: package/network/utils/iw/tiny/compile#0.13#0.11#0.72
make[3]: Entering directory '/workspaces/openwrt-radxa-rock5b-plus/openwrt/package/libs/libpcap'
mkdir -p /workspaces/openwrt-radxa-rock5b-plus/openwrt/staging_dir/target-aarch64_generic_musl/root-rockchip/stamp
echo '1' | cmp -s - /workspaces/openwrt-radxa-rock5b-plus/openwrt/staging_dir/target-aarch64_generic_musl/pkginfo/libpcap.version || { echo '1' > /workspaces/openwrt-radxa-rock5b-plus/openwrt/staging_dir/target-aarch64_generic_musl/pkginfo/libpcap.version;  } 
SHELL= flock /workspaces/openwrt-radxa-rock5b-plus/openwrt/tmp/.root-copy.flock -c 'cp -fpR /workspaces/openwrt-radxa-rock5b-plus/openwrt/build_dir/target-aarch64_generic_musl/libpcap-1.10.5/.pkgdir/libpcap/. /workspaces/openwrt-radxa-rock5b-plus/openwrt/staging_dir/target-aarch64_generic_musl/root-rockchip/'
touch /workspaces/openwrt-radxa-rock5b-plus/openwrt/staging_dir/target-aarch64_generic_musl/root-rockchip/stamp/.libpcap_installed
echo "libpcap" >> /workspaces/openwrt-radxa-rock5b-plus/openwrt/staging_dir/target-aarch64_generic_musl/pkginfo/libpcap.default.install
make[3]: Leaving directory '/workspaces/openwrt-radxa-rock5b-plus/openwrt/package/libs/libpcap'
time: package/libs/libpcap/compile#0.12#0.11#0.58
make[3]: Entering directory '/workspaces/openwrt-radxa-rock5b-plus/openwrt/package/libs/libusb'
mkdir -p /workspaces/openwrt-radxa-rock5b-plus/openwrt/staging_dir/target-aarch64_generic_musl/root-rockchip/stamp
echo '3' | cmp -s - /workspaces/openwrt-radxa-rock5b-plus/openwrt/staging_dir/target-aarch64_generic_musl/pkginfo/libopenssl.version || { echo '3' > /workspaces/openwrt-radxa-rock5b-plus/openwrt/staging_dir/target-aarch64_generic_musl/pkginfo/libopenssl.version;  } 
SHELL= flock /workspaces/openwrt-radxa-rock5b-plus/openwrt/tmp/.root-copy.flock -c 'cp -fpR /workspaces/openwrt-radxa-rock5b-plus/openwrt/build_dir/target-aarch64_generic_musl/openssl-3.5.2/.pkgdir/libopenssl/. /workspaces/openwrt-radxa-rock5b-plus/openwrt/staging_dir/target-aarch64_generic_musl/root-rockchip/'
touch /workspaces/openwrt-radxa-rock5b-plus/openwrt/staging_dir/target-aarch64_generic_musl/root-rockchip/stamp/.libopenssl_installed
mkdir -p /workspaces/openwrt-radxa-rock5b-plus/openwrt/staging_dir/target-aarch64_generic_musl/root-rockchip/stamp
echo "libopenssl" >> /workspaces/openwrt-radxa-rock5b-plus/openwrt/staging_dir/target-aarch64_generic_musl/pkginfo/openssl.default.install
echo '0' | cmp -s - /workspaces/openwrt-radxa-rock5b-plus/openwrt/staging_dir/target-aarch64_generic_musl/pkginfo/libusb-1.0.version || { echo '0' > /workspaces/openwrt-radxa-rock5b-plus/openwrt/staging_dir/target-aarch64_generic_musl/pkginfo/libusb-1.0.version;  } 
make[3]: Leaving directory '/workspaces/openwrt-radxa-rock5b-plus/openwrt/package/libs/openssl'
time: package/libs/openssl/compile#0.51#0.23#4.89
make[3]: Entering directory '/workspaces/openwrt-radxa-rock5b-plus/openwrt/package/network/services/dropbear'
SHELL= flock /workspaces/openwrt-radxa-rock5b-plus/openwrt/tmp/.root-copy.flock -c 'cp -fpR /workspaces/openwrt-radxa-rock5b-plus/openwrt/build_dir/target-aarch64_generic_musl/libusb-1.0.27/.pkgdir/libusb-1.0/. /workspaces/openwrt-radxa-rock5b-plus/openwrt/staging_dir/target-aarch64_generic_musl/root-rockchip/'
touch /workspaces/openwrt-radxa-rock5b-plus/openwrt/staging_dir/target-aarch64_generic_musl/root-rockchip/stamp/.libusb-1.0_installed
echo "libusb-1.0" >> /workspaces/openwrt-radxa-rock5b-plus/openwrt/staging_dir/target-aarch64_generic_musl/pkginfo/libusb.default.install
make[3]: Leaving directory '/workspaces/openwrt-radxa-rock5b-plus/openwrt/package/libs/libusb'
time: package/libs/libusb/compile#0.17#0.12#0.68
make[3]: Entering directory '/workspaces/openwrt-radxa-rock5b-plus/openwrt/package/network/utils/linux-atm'
mkdir -p /workspaces/openwrt-radxa-rock5b-plus/openwrt/staging_dir/target-aarch64_generic_musl/root-rockchip/stamp
SHELL= flock /workspaces/openwrt-radxa-rock5b-plus/openwrt/tmp/.root-copy.flock -c 'cp -fpR /workspaces/openwrt-radxa-rock5b-plus/openwrt/build_dir/target-aarch64_generic_musl/dropbear-2025.88/.pkgdir/dropbear/. /workspaces/openwrt-radxa-rock5b-plus/openwrt/staging_dir/target-aarch64_generic_musl/root-rockchip/'
touch /workspaces/openwrt-radxa-rock5b-plus/openwrt/staging_dir/target-aarch64_generic_musl/root-rockchip/stamp/.dropbear_installed
echo "dropbear" >> /workspaces/openwrt-radxa-rock5b-plus/openwrt/staging_dir/target-aarch64_generic_musl/pkginfo/dropbear.default.install
make[3]: Leaving directory '/workspaces/openwrt-radxa-rock5b-plus/openwrt/package/network/utils/linux-atm'
time: package/network/utils/linux-atm/compile#0.14#0.10#0.43
make[3]: Leaving directory '/workspaces/openwrt-radxa-rock5b-plus/openwrt/package/network/services/dropbear'
time: package/network/services/dropbear/compile#0.13#0.10#0.49
make[3]: Entering directory '/workspaces/openwrt-radxa-rock5b-plus/openwrt/package/network/utils/resolveip'
make[3]: Entering directory '/workspaces/openwrt-radxa-rock5b-plus/openwrt/package/network/utils/ethtool'
mkdir -p /workspaces/openwrt-radxa-rock5b-plus/openwrt/staging_dir/target-aarch64_generic_musl/root-rockchip/stamp
SHELL= flock /workspaces/openwrt-radxa-rock5b-plus/openwrt/tmp/.root-copy.flock -c 'cp -fpR /workspaces/openwrt-radxa-rock5b-plus/openwrt/build_dir/target-aarch64_generic_musl/ethtool-tiny/ethtool-6.15/.pkgdir/ethtool/. /workspaces/openwrt-radxa-rock5b-plus/openwrt/staging_dir/target-aarch64_generic_musl/root-rockchip/'
touch /workspaces/openwrt-radxa-rock5b-plus/openwrt/staging_dir/target-aarch64_generic_musl/root-rockchip/stamp/.ethtool_installed
echo "ethtool" >> /workspaces/openwrt-radxa-rock5b-plus/openwrt/staging_dir/target-aarch64_generic_musl/pkginfo/ethtool.tiny.install
make[3]: Leaving directory '/workspaces/openwrt-radxa-rock5b-plus/openwrt/package/network/utils/ethtool'
time: package/network/utils/ethtool/tiny/compile#0.12#0.10#0.40
make[3]: Entering directory '/workspaces/openwrt-radxa-rock5b-plus/openwrt/package/network/utils/tcpdump'
mkdir -p /workspaces/openwrt-radxa-rock5b-plus/openwrt/staging_dir/target-aarch64_generic_musl/root-rockchip/stamp
SHELL= flock /workspaces/openwrt-radxa-rock5b-plus/openwrt/tmp/.root-copy.flock -c 'cp -fpR /workspaces/openwrt-radxa-rock5b-plus/openwrt/build_dir/target-aarch64_generic_musl/tcpdump-full/tcpdump-4.99.5/.pkgdir/tcpdump/. /workspaces/openwrt-radxa-rock5b-plus/openwrt/staging_dir/target-aarch64_generic_musl/root-rockchip/'
touch /workspaces/openwrt-radxa-rock5b-plus/openwrt/staging_dir/target-aarch64_generic_musl/root-rockchip/stamp/.tcpdump_installed
echo "tcpdump" >> /workspaces/openwrt-radxa-rock5b-plus/openwrt/staging_dir/target-aarch64_generic_musl/pkginfo/tcpdump.full.install
make[3]: Leaving directory '/workspaces/openwrt-radxa-rock5b-plus/openwrt/package/network/utils/tcpdump'
time: package/network/utils/tcpdump/full/compile#0.18#0.12#0.88
make[3]: Entering directory '/workspaces/openwrt-radxa-rock5b-plus/openwrt/package/libs/libubox'
rm -f /workspaces/openwrt-radxa-rock5b-plus/openwrt/build_dir/target-aarch64_generic_musl/libubox-2025.07.23~49056d17/.built
touch /workspaces/openwrt-radxa-rock5b-plus/openwrt/build_dir/target-aarch64_generic_musl/libubox-2025.07.23~49056d17/.built_check
MAKEFLAGS="--jobserver-auth=3,4" /workspaces/openwrt-radxa-rock5b-plus/openwrt/staging_dir/host/bin/ninja   -C /workspaces/openwrt-radxa-rock5b-plus/openwrt/build_dir/target-aarch64_generic_musl/libubox-2025.07.23~49056d17 
ninja: Entering directory `/workspaces/openwrt-radxa-rock5b-plus/openwrt/build_dir/target-aarch64_generic_musl/libubox-2025.07.23~49056d17'
ninja: no work to do.
DESTDIR="/workspaces/openwrt-radxa-rock5b-plus/openwrt/build_dir/target-aarch64_generic_musl/libubox-2025.07.23~49056d17/ipkg-install" MAKEFLAGS="--jobserver-auth=3,4" /workspaces/openwrt-radxa-rock5b-plus/openwrt/staging_dir/host/bin/ninja   -C /workspaces/openwrt-radxa-rock5b-plus/openwrt/build_dir/target-aarch64_generic_musl/libubox-2025.07.23~49056d17 install
ninja: Entering directory `/workspaces/openwrt-radxa-rock5b-plus/openwrt/build_dir/target-aarch64_generic_musl/libubox-2025.07.23~49056d17'
[0/1] Install the project...
make[3]: Nothing to be done for 'compile'.
make[3]: Leaving directory '/workspaces/openwrt-radxa-rock5b-plus/openwrt/package/network/utils/resolveip'
time: package/network/utils/resolveip/compile#0.59#0.10#2.79
make[3]: Entering directory '/workspaces/openwrt-radxa-rock5b-plus/openwrt/package/kernel/linux'
-- Install configuration: "Release"
-- Up-to-date: /workspaces/openwrt-radxa-rock5b-plus/openwrt/build_dir/target-aarch64_generic_musl/libubox-2025.07.23~49056d17/ipkg-install/usr/include/libubox/assert.h
-- Up-to-date: /workspaces/openwrt-radxa-rock5b-plus/openwrt/build_dir/target-aarch64_generic_musl/libubox-2025.07.23~49056d17/ipkg-install/usr/include/libubox/avl-cmp.h
-- Up-to-date: /workspaces/openwrt-radxa-rock5b-plus/openwrt/build_dir/target-aarch64_generic_musl/libubox-2025.07.23~49056d17/ipkg-install/usr/include/libubox/avl.h
-- Up-to-date: /workspaces/openwrt-radxa-rock5b-plus/openwrt/build_dir/target-aarch64_generic_musl/libubox-2025.07.23~49056d17/ipkg-install/usr/include/libubox/blob.h
-- Up-to-date: /workspaces/openwrt-radxa-rock5b-plus/openwrt/build_dir/target-aarch64_generic_musl/libubox-2025.07.23~49056d17/ipkg-install/usr/include/libubox/blobmsg.h
-- Up-to-date: /workspaces/openwrt-radxa-rock5b-plus/openwrt/build_dir/target-aarch64_generic_musl/libubox-2025.07.23~49056d17/ipkg-install/usr/include/libubox/blobmsg_json.h
-- Up-to-date: /workspaces/openwrt-radxa-rock5b-plus/openwrt/build_dir/target-aarch64_generic_musl/libubox-2025.07.23~49056d17/ipkg-install/usr/include/libubox/json_script.h
-- Up-to-date: /workspaces/openwrt-radxa-rock5b-plus/openwrt/build_dir/target-aarch64_generic_musl/libubox-2025.07.23~49056d17/ipkg-install/usr/include/libubox/kvlist.h
-- Up-to-date: /workspaces/openwrt-radxa-rock5b-plus/openwrt/build_dir/target-aarch64_generic_musl/libubox-2025.07.23~49056d17/ipkg-install/usr/include/libubox/list.h
-- Up-to-date: /workspaces/openwrt-radxa-rock5b-plus/openwrt/build_dir/target-aarch64_generic_musl/libubox-2025.07.23~49056d17/ipkg-install/usr/include/libubox/md5.h
-- Up-to-date: /workspaces/openwrt-radxa-rock5b-plus/openwrt/build_dir/target-aarch64_generic_musl/libubox-2025.07.23~49056d17/ipkg-install/usr/include/libubox/runqueue.h
-- Up-to-date: /workspaces/openwrt-radxa-rock5b-plus/openwrt/build_dir/target-aarch64_generic_musl/libubox-2025.07.23~49056d17/ipkg-install/usr/include/libubox/safe_list.h
-- Up-to-date: /workspaces/openwrt-radxa-rock5b-plus/openwrt/build_dir/target-aarch64_generic_musl/libubox-2025.07.23~49056d17/ipkg-install/usr/include/libubox/udebug-proto.h
-- Up-to-date: /workspaces/openwrt-radxa-rock5b-plus/openwrt/build_dir/target-aarch64_generic_musl/libubox-2025.07.23~49056d17/ipkg-install/usr/include/libubox/udebug.h
-- Up-to-date: /workspaces/openwrt-radxa-rock5b-plus/openwrt/build_dir/target-aarch64_generic_musl/libubox-2025.07.23~49056d17/ipkg-install/usr/include/libubox/ulog.h
-- Up-to-date: /workspaces/openwrt-radxa-rock5b-plus/openwrt/build_dir/target-aarch64_generic_musl/libubox-2025.07.23~49056d17/ipkg-install/usr/include/libubox/uloop.h
-- Up-to-date: /workspaces/openwrt-radxa-rock5b-plus/openwrt/build_dir/target-aarch64_generic_musl/libubox-2025.07.23~49056d17/ipkg-install/usr/include/libubox/usock.h
-- Up-to-date: /workspaces/openwrt-radxa-rock5b-plus/openwrt/build_dir/target-aarch64_generic_musl/libubox-2025.07.23~49056d17/ipkg-install/usr/include/libubox/ustream.h
-- Up-to-date: /workspaces/openwrt-radxa-rock5b-plus/openwrt/build_dir/target-aarch64_generic_musl/libubox-2025.07.23~49056d17/ipkg-install/usr/include/libubox/utils.h
-- Up-to-date: /workspaces/openwrt-radxa-rock5b-plus/openwrt/build_dir/target-aarch64_generic_musl/libubox-2025.07.23~49056d17/ipkg-install/usr/include/libubox/vlist.h
-- Up-to-date: /workspaces/openwrt-radxa-rock5b-plus/openwrt/build_dir/target-aarch64_generic_musl/libubox-2025.07.23~49056d17/ipkg-install/usr/lib/libubox.so.20250723
-- Up-to-date: /workspaces/openwrt-radxa-rock5b-plus/openwrt/build_dir/target-aarch64_generic_musl/libubox-2025.07.23~49056d17/ipkg-install/usr/lib/libubox.so
-- Up-to-date: /workspaces/openwrt-radxa-rock5b-plus/openwrt/build_dir/target-aarch64_generic_musl/libubox-2025.07.23~49056d17/ipkg-install/usr/lib/libubox.a
-- Up-to-date: /workspaces/openwrt-radxa-rock5b-plus/openwrt/build_dir/target-aarch64_generic_musl/libubox-2025.07.23~49056d17/ipkg-install/usr/lib/libblobmsg_json.so.20250723
-- Up-to-date: /workspaces/openwrt-radxa-rock5b-plus/openwrt/build_dir/target-aarch64_generic_musl/libubox-2025.07.23~49056d17/ipkg-install/usr/lib/libblobmsg_json.so
-- Up-to-date: /workspaces/openwrt-radxa-rock5b-plus/openwrt/build_dir/target-aarch64_generic_musl/libubox-2025.07.23~49056d17/ipkg-install/usr/lib/libblobmsg_json.a
-- Up-to-date: /workspaces/openwrt-radxa-rock5b-plus/openwrt/build_dir/target-aarch64_generic_musl/libubox-2025.07.23~49056d17/ipkg-install/usr/bin/jshn
-- Up-to-date: /workspaces/openwrt-radxa-rock5b-plus/openwrt/build_dir/target-aarch64_generic_musl/libubox-2025.07.23~49056d17/ipkg-install/usr/lib/libjson_script.so.20250723
-- Up-to-date: /workspaces/openwrt-radxa-rock5b-plus/openwrt/build_dir/target-aarch64_generic_musl/libubox-2025.07.23~49056d17/ipkg-install/usr/lib/libjson_script.so
-- Up-to-date: /workspaces/openwrt-radxa-rock5b-plus/openwrt/build_dir/target-aarch64_generic_musl/libubox-2025.07.23~49056d17/ipkg-install/usr/share/libubox/jshn.sh
-- Up-to-date: /workspaces/openwrt-radxa-rock5b-plus/openwrt/build_dir/target-aarch64_generic_musl/libubox-2025.07.23~49056d17/ipkg-install/usr/lib/lua/uloop.so
touch /workspaces/openwrt-radxa-rock5b-plus/openwrt/build_dir/target-aarch64_generic_musl/libubox-2025.07.23~49056d17/.built
rm -rf /workspaces/openwrt-radxa-rock5b-plus/openwrt/build_dir/target-aarch64_generic_musl/libubox-2025.07.23~49056d17/.pkgdir/libubox.installed /workspaces/openwrt-radxa-rock5b-plus/openwrt/build_dir/target-aarch64_generic_musl/libubox-2025.07.23~49056d17/.pkgdir/libubox
mkdir -p /workspaces/openwrt-radxa-rock5b-plus/openwrt/build_dir/target-aarch64_generic_musl/libubox-2025.07.23~49056d17/.pkgdir/libubox
install -d -m0755 /workspaces/openwrt-radxa-rock5b-plus/openwrt/build_dir/target-aarch64_generic_musl/libubox-2025.07.23~49056d17/.pkgdir/libubox/lib/
install -m0644 /workspaces/openwrt-radxa-rock5b-plus/openwrt/build_dir/target-aarch64_generic_musl/libubox-2025.07.23~49056d17/ipkg-install/usr/lib/libubox.so.* /workspaces/openwrt-radxa-rock5b-plus/openwrt/build_dir/target-aarch64_generic_musl/libubox-2025.07.23~49056d17/.pkgdir/libubox/lib/
touch /workspaces/openwrt-radxa-rock5b-plus/openwrt/build_dir/target-aarch64_generic_musl/libubox-2025.07.23~49056d17/.pkgdir/libubox.installed
mkdir -p /workspaces/openwrt-radxa-rock5b-plus/openwrt/staging_dir/target-aarch64_generic_musl/root-rockchip/stamp
echo '20250723' | cmp -s - /workspaces/openwrt-radxa-rock5b-plus/openwrt/staging_dir/target-aarch64_generic_musl/pkginfo/libubox.version || { echo '20250723' > /workspaces/openwrt-radxa-rock5b-plus/openwrt/staging_dir/target-aarch64_generic_musl/pkginfo/libubox.version;  } 
SHELL= flock /workspaces/openwrt-radxa-rock5b-plus/openwrt/tmp/.root-copy.flock -c 'cp -fpR /workspaces/openwrt-radxa-rock5b-plus/openwrt/build_dir/target-aarch64_generic_musl/libubox-2025.07.23~49056d17/.pkgdir/libubox/. /workspaces/openwrt-radxa-rock5b-plus/openwrt/staging_dir/target-aarch64_generic_musl/root-rockchip/'
touch /workspaces/openwrt-radxa-rock5b-plus/openwrt/staging_dir/target-aarch64_generic_musl/root-rockchip/stamp/.libubox_installed
rm -rf /workspaces/openwrt-radxa-rock5b-plus/openwrt/build_dir/target-aarch64_generic_musl/libubox-2025.07.23~49056d17/ipkg-aarch64_generic/libubox
/workspaces/openwrt-radxa-rock5b-plus/openwrt/scripts/ipkg-remove libubox /workspaces/openwrt-radxa-rock5b-plus/openwrt/bin/packages/aarch64_generic/base/libubox20250723-2025.07.23~49056d17-r1.apk
removed '/workspaces/openwrt-radxa-rock5b-plus/openwrt/bin/packages/aarch64_generic/base/libubox20250723-2025.07.23~49056d17-r1.apk'
mkdir -p /workspaces/openwrt-radxa-rock5b-plus/openwrt/bin/targets/rockchip/armv8/packages /workspaces/openwrt-radxa-rock5b-plus/openwrt/build_dir/target-aarch64_generic_musl/libubox-2025.07.23~49056d17/ipkg-aarch64_generic/libubox /workspaces/openwrt-radxa-rock5b-plus/openwrt/staging_dir/target-aarch64_generic_musl/pkginfo
install -d -m0755 /workspaces/openwrt-radxa-rock5b-plus/openwrt/build_dir/target-aarch64_generic_musl/libubox-2025.07.23~49056d17/ipkg-aarch64_generic/libubox/lib/
install -m0644 /workspaces/openwrt-radxa-rock5b-plus/openwrt/build_dir/target-aarch64_generic_musl/libubox-2025.07.23~49056d17/ipkg-install/usr/lib/libubox.so.* /workspaces/openwrt-radxa-rock5b-plus/openwrt/build_dir/target-aarch64_generic_musl/libubox-2025.07.23~49056d17/ipkg-aarch64_generic/libubox/lib/
find /workspaces/openwrt-radxa-rock5b-plus/openwrt/build_dir/target-aarch64_generic_musl/libubox-2025.07.23~49056d17/ipkg-aarch64_generic/libubox -name 'CVS' -o -name '.svn' -o -name '.#*' -o -name '*~'| xargs -r rm -rf
export CROSS="aarch64-openwrt-linux-musl-"  NO_RENAME=1 ; NM="aarch64-openwrt-linux-musl-nm" STRIP="/workspaces/openwrt-radxa-rock5b-plus/openwrt/staging_dir/host/bin/sstrip -z" STRIP_KMOD="/workspaces/openwrt-radxa-rock5b-plus/openwrt/scripts/strip-kmod.sh" PATCHELF="/workspaces/openwrt-radxa-rock5b-plus/openwrt/staging_dir/host/bin/patchelf" /workspaces/openwrt-radxa-rock5b-plus/openwrt/scripts/rstrip.sh /workspaces/openwrt-radxa-rock5b-plus/openwrt/build_dir/target-aarch64_generic_musl/libubox-2025.07.23~49056d17/ipkg-aarch64_generic/libubox
rstrip.sh: /workspaces/openwrt-radxa-rock5b-plus/openwrt/build_dir/target-aarch64_generic_musl/libubox-2025.07.23~49056d17/ipkg-aarch64_generic/libubox/lib/libubox.so.20250723: shared object
install -d -m0755 /workspaces/openwrt-radxa-rock5b-plus/openwrt/bin/packages/aarch64_generic/base/tmp
mkdir -p /workspaces/openwrt-radxa-rock5b-plus/openwrt/build_dir/target-aarch64_generic_musl/libubox-2025.07.23~49056d17/apk-aarch64_generic/libubox/
mkdir -p /workspaces/openwrt-radxa-rock5b-plus/openwrt/build_dir/target-aarch64_generic_musl/libubox-2025.07.23~49056d17/ipkg-aarch64_generic/libubox/lib/apk/packages/
(cd /workspaces/openwrt-radxa-rock5b-plus/openwrt/build_dir/target-aarch64_generic_musl/libubox-2025.07.23~49056d17/apk-aarch64_generic/libubox; )
( echo "#!/bin/sh"; echo "[ \"\${IPKG_NO_SCRIPT}\" = \"1\" ] && exit 0"; echo "[ -s "\${IPKG_INSTROOT}/lib/functions.sh" ] || exit 0"; echo ". \${IPKG_INSTROOT}/lib/functions.sh"; echo 'export root="${IPKG_INSTROOT}"'; echo 'export pkgname="libubox"'; echo "add_group_and_user"; echo "default_postinst"; [ ! -f /workspaces/openwrt-radxa-rock5b-plus/openwrt/build_dir/target-aarch64_generic_musl/libubox-2025.07.23~49056d17/apk-aarch64_generic/libubox/postinst-pkg ] || sed -z 's/^\s*#!/#!/' "/workspaces/openwrt-radxa-rock5b-plus/openwrt/build_dir/target-aarch64_generic_musl/libubox-2025.07.23~49056d17/apk-aarch64_generic/libubox/postinst-pkg"; ) > /workspaces/openwrt-radxa-rock5b-plus/openwrt/build_dir/target-aarch64_generic_musl/libubox-2025.07.23~49056d17/apk-aarch64_generic/libubox/post-install;
( echo "#!/bin/sh"; echo 'export PKG_UPGRADE=1'; [ ! -f /workspaces/openwrt-radxa-rock5b-plus/openwrt/build_dir/target-aarch64_generic_musl/libubox-2025.07.23~49056d17/apk-aarch64_generic/libubox/post-install ] || sed -z 's/^\s*#!/#!/' "/workspaces/openwrt-radxa-rock5b-plus/openwrt/build_dir/target-aarch64_generic_musl/libubox-2025.07.23~49056d17/apk-aarch64_generic/libubox/post-install"; ) > /workspaces/openwrt-radxa-rock5b-plus/openwrt/build_dir/target-aarch64_generic_musl/libubox-2025.07.23~49056d17/apk-aarch64_generic/libubox/post-upgrade;
( echo "#!/bin/sh"; echo "[ -s "\${IPKG_INSTROOT}/lib/functions.sh" ] || exit 0"; echo ". \${IPKG_INSTROOT}/lib/functions.sh"; echo 'export root="${IPKG_INSTROOT}"'; echo 'export pkgname="libubox"'; echo "default_prerm"; [ ! -f /workspaces/openwrt-radxa-rock5b-plus/openwrt/build_dir/target-aarch64_generic_musl/libubox-2025.07.23~49056d17/apk-aarch64_generic/libubox/prerm-pkg ] || sed -z 's/^\s*#!/#!/' "/workspaces/openwrt-radxa-rock5b-plus/openwrt/build_dir/target-aarch64_generic_musl/libubox-2025.07.23~49056d17/apk-aarch64_generic/libubox/prerm-pkg"; ) > /workspaces/openwrt-radxa-rock5b-plus/openwrt/build_dir/target-aarch64_generic_musl/libubox-2025.07.23~49056d17/apk-aarch64_generic/libubox/pre-deinstall;
[ ! -f /workspaces/openwrt-radxa-rock5b-plus/openwrt/build_dir/target-aarch64_generic_musl/libubox-2025.07.23~49056d17/apk-aarch64_generic/libubox/postrm ] || sed -zi 's/^\s*#!/#!/' "/workspaces/openwrt-radxa-rock5b-plus/openwrt/build_dir/target-aarch64_generic_musl/libubox-2025.07.23~49056d17/apk-aarch64_generic/libubox/postrm";
if [ -n "" ]; then echo  > /workspaces/openwrt-radxa-rock5b-plus/openwrt/build_dir/target-aarch64_generic_musl/libubox-2025.07.23~49056d17/ipkg-aarch64_generic/libubox/lib/apk/packages/libubox.rusers; fi;
if [ -n "" ]; then echo  > /workspaces/openwrt-radxa-rock5b-plus/openwrt/build_dir/target-aarch64_generic_musl/libubox-2025.07.23~49056d17/ipkg-aarch64_generic/libubox/lib/apk/packages/libubox.alternatives; fi;
(cd /workspaces/openwrt-radxa-rock5b-plus/openwrt/build_dir/target-aarch64_generic_musl/libubox-2025.07.23~49056d17/ipkg-aarch64_generic/libubox && find . -type f,l -printf "/%P\n" | sort > /workspaces/openwrt-radxa-rock5b-plus/openwrt/tmp/libubox.list && mv /workspaces/openwrt-radxa-rock5b-plus/openwrt/tmp/libubox.list /workspaces/openwrt-radxa-rock5b-plus/openwrt/build_dir/target-aarch64_generic_musl/libubox-2025.07.23~49056d17/ipkg-aarch64_generic/libubox/lib/apk/packages/libubox.list)
# Move conffiles to IDIR and build conffiles_static with csums
if [ -f /workspaces/openwrt-radxa-rock5b-plus/openwrt/build_dir/target-aarch64_generic_musl/libubox-2025.07.23~49056d17/apk-aarch64_generic/libubox/conffiles ]; then mv -f /workspaces/openwrt-radxa-rock5b-plus/openwrt/build_dir/target-aarch64_generic_musl/libubox-2025.07.23~49056d17/apk-aarch64_generic/libubox/conffiles /workspaces/openwrt-radxa-rock5b-plus/openwrt/build_dir/target-aarch64_generic_musl/libubox-2025.07.23~49056d17/ipkg-aarch64_generic/libubox/lib/apk/packages/libubox.conffiles; for file in $(cat /workspaces/openwrt-radxa-rock5b-plus/openwrt/build_dir/target-aarch64_generic_musl/libubox-2025.07.23~49056d17/ipkg-aarch64_generic/libubox/lib/apk/packages/libubox.conffiles); do [ -f /workspaces/openwrt-radxa-rock5b-plus/openwrt/build_dir/target-aarch64_generic_musl/libubox-2025.07.23~49056d17/ipkg-aarch64_generic/libubox/$file ] || continue; csum=$(/workspaces/openwrt-radxa-rock5b-plus/openwrt/staging_dir/host/bin/mkhash sha256 /workspaces/openwrt-radxa-rock5b-plus/openwrt/build_dir/target-aarch64_generic_musl/libubox-2025.07.23~49056d17/ipkg-aarch64_generic/libubox/$file); echo $file $csum >> /workspaces/openwrt-radxa-rock5b-plus/openwrt/build_dir/target-aarch64_generic_musl/libubox-2025.07.23~49056d17/ipkg-aarch64_generic/libubox/lib/apk/packages/libubox.conffiles_static; done; fi
# Some package (base-files) manually append stuff to conffiles
# Append stuff from it and delete the CONTROL directory since everything else should be migrated
if [ -f /workspaces/openwrt-radxa-rock5b-plus/openwrt/build_dir/target-aarch64_generic_musl/libubox-2025.07.23~49056d17/ipkg-aarch64_generic/libubox/CONTROL/conffiles ]; then echo $(IDIR_libubox)/CONTROL/conffiles >> /workspaces/openwrt-radxa-rock5b-plus/openwrt/build_dir/target-aarch64_generic_musl/libubox-2025.07.23~49056d17/ipkg-aarch64_generic/libubox/lib/apk/packages/libubox.conffiles; for file in $(cat /workspaces/openwrt-radxa-rock5b-plus/openwrt/build_dir/target-aarch64_generic_musl/libubox-2025.07.23~49056d17/ipkg-aarch64_generic/libubox/CONTROL/conffiles); do [ -f /workspaces/openwrt-radxa-rock5b-plus/openwrt/build_dir/target-aarch64_generic_musl/libubox-2025.07.23~49056d17/ipkg-aarch64_generic/libubox/$file ] || continue; csum=$(/workspaces/openwrt-radxa-rock5b-plus/openwrt/staging_dir/host/bin/mkhash sha256 /workspaces/openwrt-radxa-rock5b-plus/openwrt/build_dir/target-aarch64_generic_musl/libubox-2025.07.23~49056d17/ipkg-aarch64_generic/libubox/$file); echo $file $csum >> /workspaces/openwrt-radxa-rock5b-plus/openwrt/build_dir/target-aarch64_generic_musl/libubox-2025.07.23~49056d17/ipkg-aarch64_generic/libubox/lib/apk/packages/libubox.conffiles_static; done; rm -rf /workspaces/openwrt-radxa-rock5b-plus/openwrt/build_dir/target-aarch64_generic_musl/libubox-2025.07.23~49056d17/ipkg-aarch64_generic/libubox/CONTROL/conffiles; fi
if [ -z "$(ls -A /workspaces/openwrt-radxa-rock5b-plus/openwrt/build_dir/target-aarch64_generic_musl/libubox-2025.07.23~49056d17/ipkg-aarch64_generic/libubox/CONTROL 2>/dev/null)" ]; then rm -rf /workspaces/openwrt-radxa-rock5b-plus/openwrt/build_dir/target-aarch64_generic_musl/libubox-2025.07.23~49056d17/ipkg-aarch64_generic/libubox/CONTROL; else echo "CONTROL directory /workspaces/openwrt-radxa-rock5b-plus/openwrt/build_dir/target-aarch64_generic_musl/libubox-2025.07.23~49056d17/ipkg-aarch64_generic/libubox/CONTROL is not empty! This is not right and should be checked!" >&2; exit 1; fi
/workspaces/openwrt-radxa-rock5b-plus/openwrt/staging_dir/host/bin/fakeroot /workspaces/openwrt-radxa-rock5b-plus/openwrt/staging_dir/host/bin/apk mkpkg --info "name:libubox20250723" --info "version:2025.07.23~49056d17-r1" --info "tags:openwrt:abiversion=20250723" --info "description:Basic utility library" --info "arch:aarch64_generic" --info "license:ISC" --info "origin:feeds/base/libs/libubox" --info "url:" --info "maintainer:Felix Fietkau <nbd@nbd.name>" --info "provides: libubox=2025.07.23~49056d17-r1 "  --script "post-install:/workspaces/openwrt-radxa-rock5b-plus/openwrt/build_dir/target-aarch64_generic_musl/libubox-2025.07.23~49056d17/apk-aarch64_generic/libubox/post-install" --script "post-upgrade:/workspaces/openwrt-radxa-rock5b-plus/openwrt/build_dir/target-aarch64_generic_musl/libubox-2025.07.23~49056d17/apk-aarch64_generic/libubox/post-upgrade" --script "pre-deinstall:/workspaces/openwrt-radxa-rock5b-plus/openwrt/build_dir/target-aarch64_generic_musl/libubox-2025.07.23~49056d17/apk-aarch64_generic/libubox/pre-deinstall" --info "depends:libc" --files "/workspaces/openwrt-radxa-rock5b-plus/openwrt/build_dir/target-aarch64_generic_musl/libubox-2025.07.23~49056d17/ipkg-aarch64_generic/libubox" --output "/workspaces/openwrt-radxa-rock5b-plus/openwrt/bin/packages/aarch64_generic/base/libubox20250723-2025.07.23~49056d17-r1.apk" --sign "/workspaces/openwrt-radxa-rock5b-plus/openwrt/private-key.pem"
rm -rf /workspaces/openwrt-radxa-rock5b-plus/openwrt/build_dir/target-aarch64_generic_musl/libubox-2025.07.23~49056d17/ipkg-aarch64_generic/libblobmsg-json
/workspaces/openwrt-radxa-rock5b-plus/openwrt/scripts/ipkg-remove libblobmsg-json /workspaces/openwrt-radxa-rock5b-plus/openwrt/bin/packages/aarch64_generic/base/libblobmsg-json20250723-2025.07.23~49056d17-r1.apk
removed '/workspaces/openwrt-radxa-rock5b-plus/openwrt/bin/packages/aarch64_generic/base/libblobmsg-json20250723-2025.07.23~49056d17-r1.apk'
mkdir -p /workspaces/openwrt-radxa-rock5b-plus/openwrt/bin/targets/rockchip/armv8/packages /workspaces/openwrt-radxa-rock5b-plus/openwrt/build_dir/target-aarch64_generic_musl/libubox-2025.07.23~49056d17/ipkg-aarch64_generic/libblobmsg-json /workspaces/openwrt-radxa-rock5b-plus/openwrt/staging_dir/target-aarch64_generic_musl/pkginfo
install -d -m0755 /workspaces/openwrt-radxa-rock5b-plus/openwrt/build_dir/target-aarch64_generic_musl/libubox-2025.07.23~49056d17/ipkg-aarch64_generic/libblobmsg-json/lib/
install -m0644 /workspaces/openwrt-radxa-rock5b-plus/openwrt/build_dir/target-aarch64_generic_musl/libubox-2025.07.23~49056d17/ipkg-install/usr/lib/libblobmsg_json.so.* /workspaces/openwrt-radxa-rock5b-plus/openwrt/build_dir/target-aarch64_generic_musl/libubox-2025.07.23~49056d17/ipkg-aarch64_generic/libblobmsg-json/lib/
find /workspaces/openwrt-radxa-rock5b-plus/openwrt/build_dir/target-aarch64_generic_musl/libubox-2025.07.23~49056d17/ipkg-aarch64_generic/libblobmsg-json -name 'CVS' -o -name '.svn' -o -name '.#*' -o -name '*~'| xargs -r rm -rf
export CROSS="aarch64-openwrt-linux-musl-"  NO_RENAME=1 ; NM="aarch64-openwrt-linux-musl-nm" STRIP="/workspaces/openwrt-radxa-rock5b-plus/openwrt/staging_dir/host/bin/sstrip -z" STRIP_KMOD="/workspaces/openwrt-radxa-rock5b-plus/openwrt/scripts/strip-kmod.sh" PATCHELF="/workspaces/openwrt-radxa-rock5b-plus/openwrt/staging_dir/host/bin/patchelf" /workspaces/openwrt-radxa-rock5b-plus/openwrt/scripts/rstrip.sh /workspaces/openwrt-radxa-rock5b-plus/openwrt/build_dir/target-aarch64_generic_musl/libubox-2025.07.23~49056d17/ipkg-aarch64_generic/libblobmsg-json
rstrip.sh: /workspaces/openwrt-radxa-rock5b-plus/openwrt/build_dir/target-aarch64_generic_musl/libubox-2025.07.23~49056d17/ipkg-aarch64_generic/libblobmsg-json/lib/libblobmsg_json.so.20250723: shared object
install -d -m0755 /workspaces/openwrt-radxa-rock5b-plus/openwrt/bin/packages/aarch64_generic/base/tmp
mkdir -p /workspaces/openwrt-radxa-rock5b-plus/openwrt/build_dir/target-aarch64_generic_musl/libubox-2025.07.23~49056d17/apk-aarch64_generic/libblobmsg-json/
mkdir -p /workspaces/openwrt-radxa-rock5b-plus/openwrt/build_dir/target-aarch64_generic_musl/libubox-2025.07.23~49056d17/ipkg-aarch64_generic/libblobmsg-json/lib/apk/packages/
(cd /workspaces/openwrt-radxa-rock5b-plus/openwrt/build_dir/target-aarch64_generic_musl/libubox-2025.07.23~49056d17/apk-aarch64_generic/libblobmsg-json; )
( echo "#!/bin/sh"; echo "[ \"\${IPKG_NO_SCRIPT}\" = \"1\" ] && exit 0"; echo "[ -s "\${IPKG_INSTROOT}/lib/functions.sh" ] || exit 0"; echo ". \${IPKG_INSTROOT}/lib/functions.sh"; echo 'export root="${IPKG_INSTROOT}"'; echo 'export pkgname="libblobmsg-json"'; echo "add_group_and_user"; echo "default_postinst"; [ ! -f /workspaces/openwrt-radxa-rock5b-plus/openwrt/build_dir/target-aarch64_generic_musl/libubox-2025.07.23~49056d17/apk-aarch64_generic/libblobmsg-json/postinst-pkg ] || sed -z 's/^\s*#!/#!/' "/workspaces/openwrt-radxa-rock5b-plus/openwrt/build_dir/target-aarch64_generic_musl/libubox-2025.07.23~49056d17/apk-aarch64_generic/libblobmsg-json/postinst-pkg"; ) > /workspaces/openwrt-radxa-rock5b-plus/openwrt/build_dir/target-aarch64_generic_musl/libubox-2025.07.23~49056d17/apk-aarch64_generic/libblobmsg-json/post-install;
( echo "#!/bin/sh"; echo 'export PKG_UPGRADE=1'; [ ! -f /workspaces/openwrt-radxa-rock5b-plus/openwrt/build_dir/target-aarch64_generic_musl/libubox-2025.07.23~49056d17/apk-aarch64_generic/libblobmsg-json/post-install ] || sed -z 's/^\s*#!/#!/' "/workspaces/openwrt-radxa-rock5b-plus/openwrt/build_dir/target-aarch64_generic_musl/libubox-2025.07.23~49056d17/apk-aarch64_generic/libblobmsg-json/post-install"; ) > /workspaces/openwrt-radxa-rock5b-plus/openwrt/build_dir/target-aarch64_generic_musl/libubox-2025.07.23~49056d17/apk-aarch64_generic/libblobmsg-json/post-upgrade;
( echo "#!/bin/sh"; echo "[ -s "\${IPKG_INSTROOT}/lib/functions.sh" ] || exit 0"; echo ". \${IPKG_INSTROOT}/lib/functions.sh"; echo 'export root="${IPKG_INSTROOT}"'; echo 'export pkgname="libblobmsg-json"'; echo "default_prerm"; [ ! -f /workspaces/openwrt-radxa-rock5b-plus/openwrt/build_dir/target-aarch64_generic_musl/libubox-2025.07.23~49056d17/apk-aarch64_generic/libblobmsg-json/prerm-pkg ] || sed -z 's/^\s*#!/#!/' "/workspaces/openwrt-radxa-rock5b-plus/openwrt/build_dir/target-aarch64_generic_musl/libubox-2025.07.23~49056d17/apk-aarch64_generic/libblobmsg-json/prerm-pkg"; ) > /workspaces/openwrt-radxa-rock5b-plus/openwrt/build_dir/target-aarch64_generic_musl/libubox-2025.07.23~49056d17/apk-aarch64_generic/libblobmsg-json/pre-deinstall;
[ ! -f /workspaces/openwrt-radxa-rock5b-plus/openwrt/build_dir/target-aarch64_generic_musl/libubox-2025.07.23~49056d17/apk-aarch64_generic/libblobmsg-json/postrm ] || sed -zi 's/^\s*#!/#!/' "/workspaces/openwrt-radxa-rock5b-plus/openwrt/build_dir/target-aarch64_generic_musl/libubox-2025.07.23~49056d17/apk-aarch64_generic/libblobmsg-json/postrm";
if [ -n "" ]; then echo  > /workspaces/openwrt-radxa-rock5b-plus/openwrt/build_dir/target-aarch64_generic_musl/libubox-2025.07.23~49056d17/ipkg-aarch64_generic/libblobmsg-json/lib/apk/packages/libblobmsg-json.rusers; fi;
if [ -n "" ]; then echo  > /workspaces/openwrt-radxa-rock5b-plus/openwrt/build_dir/target-aarch64_generic_musl/libubox-2025.07.23~49056d17/ipkg-aarch64_generic/libblobmsg-json/lib/apk/packages/libblobmsg-json.alternatives; fi;
(cd /workspaces/openwrt-radxa-rock5b-plus/openwrt/build_dir/target-aarch64_generic_musl/libubox-2025.07.23~49056d17/ipkg-aarch64_generic/libblobmsg-json && find . -type f,l -printf "/%P\n" | sort > /workspaces/openwrt-radxa-rock5b-plus/openwrt/tmp/libblobmsg-json.list && mv /workspaces/openwrt-radxa-rock5b-plus/openwrt/tmp/libblobmsg-json.list /workspaces/openwrt-radxa-rock5b-plus/openwrt/build_dir/target-aarch64_generic_musl/libubox-2025.07.23~49056d17/ipkg-aarch64_generic/libblobmsg-json/lib/apk/packages/libblobmsg-json.list)
# Move conffiles to IDIR and build conffiles_static with csums
if [ -f /workspaces/openwrt-radxa-rock5b-plus/openwrt/build_dir/target-aarch64_generic_musl/libubox-2025.07.23~49056d17/apk-aarch64_generic/libblobmsg-json/conffiles ]; then mv -f /workspaces/openwrt-radxa-rock5b-plus/openwrt/build_dir/target-aarch64_generic_musl/libubox-2025.07.23~49056d17/apk-aarch64_generic/libblobmsg-json/conffiles /workspaces/openwrt-radxa-rock5b-plus/openwrt/build_dir/target-aarch64_generic_musl/libubox-2025.07.23~49056d17/ipkg-aarch64_generic/libblobmsg-json/lib/apk/packages/libblobmsg-json.conffiles; for file in $(cat /workspaces/openwrt-radxa-rock5b-plus/openwrt/build_dir/target-aarch64_generic_musl/libubox-2025.07.23~49056d17/ipkg-aarch64_generic/libblobmsg-json/lib/apk/packages/libblobmsg-json.conffiles); do [ -f /workspaces/openwrt-radxa-rock5b-plus/openwrt/build_dir/target-aarch64_generic_musl/libubox-2025.07.23~49056d17/ipkg-aarch64_generic/libblobmsg-json/$file ] || continue; csum=$(/workspaces/openwrt-radxa-rock5b-plus/openwrt/staging_dir/host/bin/mkhash sha256 /workspaces/openwrt-radxa-rock5b-plus/openwrt/build_dir/target-aarch64_generic_musl/libubox-2025.07.23~49056d17/ipkg-aarch64_generic/libblobmsg-json/$file); echo $file $csum >> /workspaces/openwrt-radxa-rock5b-plus/openwrt/build_dir/target-aarch64_generic_musl/libubox-2025.07.23~49056d17/ipkg-aarch64_generic/libblobmsg-json/lib/apk/packages/libblobmsg-json.conffiles_static; done; fi
# Some package (base-files) manually append stuff to conffiles
# Append stuff from it and delete the CONTROL directory since everything else should be migrated
if [ -f /workspaces/openwrt-radxa-rock5b-plus/openwrt/build_dir/target-aarch64_generic_musl/libubox-2025.07.23~49056d17/ipkg-aarch64_generic/libblobmsg-json/CONTROL/conffiles ]; then echo $(IDIR_libblobmsg-json)/CONTROL/conffiles >> /workspaces/openwrt-radxa-rock5b-plus/openwrt/build_dir/target-aarch64_generic_musl/libubox-2025.07.23~49056d17/ipkg-aarch64_generic/libblobmsg-json/lib/apk/packages/libblobmsg-json.conffiles; for file in $(cat /workspaces/openwrt-radxa-rock5b-plus/openwrt/build_dir/target-aarch64_generic_musl/libubox-2025.07.23~49056d17/ipkg-aarch64_generic/libblobmsg-json/CONTROL/conffiles); do [ -f /workspaces/openwrt-radxa-rock5b-plus/openwrt/build_dir/target-aarch64_generic_musl/libubox-2025.07.23~49056d17/ipkg-aarch64_generic/libblobmsg-json/$file ] || continue; csum=$(/workspaces/openwrt-radxa-rock5b-plus/openwrt/staging_dir/host/bin/mkhash sha256 /workspaces/openwrt-radxa-rock5b-plus/openwrt/build_dir/target-aarch64_generic_musl/libubox-2025.07.23~49056d17/ipkg-aarch64_generic/libblobmsg-json/$file); echo $file $csum >> /workspaces/openwrt-radxa-rock5b-plus/openwrt/build_dir/target-aarch64_generic_musl/libubox-2025.07.23~49056d17/ipkg-aarch64_generic/libblobmsg-json/lib/apk/packages/libblobmsg-json.conffiles_static; done; rm -rf /workspaces/openwrt-radxa-rock5b-plus/openwrt/build_dir/target-aarch64_generic_musl/libubox-2025.07.23~49056d17/ipkg-aarch64_generic/libblobmsg-json/CONTROL/conffiles; fi
if [ -z "$(ls -A /workspaces/openwrt-radxa-rock5b-plus/openwrt/build_dir/target-aarch64_generic_musl/libubox-2025.07.23~49056d17/ipkg-aarch64_generic/libblobmsg-json/CONTROL 2>/dev/null)" ]; then rm -rf /workspaces/openwrt-radxa-rock5b-plus/openwrt/build_dir/target-aarch64_generic_musl/libubox-2025.07.23~49056d17/ipkg-aarch64_generic/libblobmsg-json/CONTROL; else echo "CONTROL directory /workspaces/openwrt-radxa-rock5b-plus/openwrt/build_dir/target-aarch64_generic_musl/libubox-2025.07.23~49056d17/ipkg-aarch64_generic/libblobmsg-json/CONTROL is not empty! This is not right and should be checked!" >&2; exit 1; fi
/workspaces/openwrt-radxa-rock5b-plus/openwrt/staging_dir/host/bin/fakeroot /workspaces/openwrt-radxa-rock5b-plus/openwrt/staging_dir/host/bin/apk mkpkg --info "name:libblobmsg-json20250723" --info "version:2025.07.23~49056d17-r1" --info "tags:openwrt:abiversion=20250723" --info "description:blobmsg <-> json conversion library" --info "arch:aarch64_generic" --info "license:ISC" --info "origin:feeds/base/libs/libubox" --info "url:" --info "maintainer:Felix Fietkau <nbd@nbd.name>" --info "provides: libblobmsg-json=2025.07.23~49056d17-r1 "  --script "post-install:/workspaces/openwrt-radxa-rock5b-plus/openwrt/build_dir/target-aarch64_generic_musl/libubox-2025.07.23~49056d17/apk-aarch64_generic/libblobmsg-json/post-install" --script "post-upgrade:/workspaces/openwrt-radxa-rock5b-plus/openwrt/build_dir/target-aarch64_generic_musl/libubox-2025.07.23~49056d17/apk-aarch64_generic/libblobmsg-json/post-upgrade" --script "pre-deinstall:/workspaces/openwrt-radxa-rock5b-plus/openwrt/build_dir/target-aarch64_generic_musl/libubox-2025.07.23~49056d17/apk-aarch64_generic/libblobmsg-json/pre-deinstall" --info "depends:libc libjson-c5 libubox20250723" --files "/workspaces/openwrt-radxa-rock5b-plus/openwrt/build_dir/target-aarch64_generic_musl/libubox-2025.07.23~49056d17/ipkg-aarch64_generic/libblobmsg-json" --output "/workspaces/openwrt-radxa-rock5b-plus/openwrt/bin/packages/aarch64_generic/base/libblobmsg-json20250723-2025.07.23~49056d17-r1.apk" --sign "/workspaces/openwrt-radxa-rock5b-plus/openwrt/private-key.pem"
rm -rf /workspaces/openwrt-radxa-rock5b-plus/openwrt/build_dir/target-aarch64_generic_musl/libubox-2025.07.23~49056d17/ipkg-aarch64_generic/jshn
/workspaces/openwrt-radxa-rock5b-plus/openwrt/scripts/ipkg-remove jshn /workspaces/openwrt-radxa-rock5b-plus/openwrt/bin/packages/aarch64_generic/base/jshn-2025.07.23~49056d17-r1.apk
removed '/workspaces/openwrt-radxa-rock5b-plus/openwrt/bin/packages/aarch64_generic/base/jshn-2025.07.23~49056d17-r1.apk'
mkdir -p /workspaces/openwrt-radxa-rock5b-plus/openwrt/bin/targets/rockchip/armv8/packages /workspaces/openwrt-radxa-rock5b-plus/openwrt/build_dir/target-aarch64_generic_musl/libubox-2025.07.23~49056d17/ipkg-aarch64_generic/jshn /workspaces/openwrt-radxa-rock5b-plus/openwrt/staging_dir/target-aarch64_generic_musl/pkginfo
install -d -m0755 /workspaces/openwrt-radxa-rock5b-plus/openwrt/build_dir/target-aarch64_generic_musl/libubox-2025.07.23~49056d17/ipkg-aarch64_generic/jshn/usr/bin /workspaces/openwrt-radxa-rock5b-plus/openwrt/build_dir/target-aarch64_generic_musl/libubox-2025.07.23~49056d17/ipkg-aarch64_generic/jshn/usr/share/libubox
install -m0755 /workspaces/openwrt-radxa-rock5b-plus/openwrt/build_dir/target-aarch64_generic_musl/libubox-2025.07.23~49056d17/ipkg-install/usr/bin/jshn /workspaces/openwrt-radxa-rock5b-plus/openwrt/build_dir/target-aarch64_generic_musl/libubox-2025.07.23~49056d17/ipkg-aarch64_generic/jshn/usr/bin
install -m0644 /workspaces/openwrt-radxa-rock5b-plus/openwrt/build_dir/target-aarch64_generic_musl/libubox-2025.07.23~49056d17/ipkg-install/usr/share/libubox/jshn.sh /workspaces/openwrt-radxa-rock5b-plus/openwrt/build_dir/target-aarch64_generic_musl/libubox-2025.07.23~49056d17/ipkg-aarch64_generic/jshn/usr/share/libubox
find /workspaces/openwrt-radxa-rock5b-plus/openwrt/build_dir/target-aarch64_generic_musl/libubox-2025.07.23~49056d17/ipkg-aarch64_generic/jshn -name 'CVS' -o -name '.svn' -o -name '.#*' -o -name '*~'| xargs -r rm -rf
export CROSS="aarch64-openwrt-linux-musl-"  NO_RENAME=1 ; NM="aarch64-openwrt-linux-musl-nm" STRIP="/workspaces/openwrt-radxa-rock5b-plus/openwrt/staging_dir/host/bin/sstrip -z" STRIP_KMOD="/workspaces/openwrt-radxa-rock5b-plus/openwrt/scripts/strip-kmod.sh" PATCHELF="/workspaces/openwrt-radxa-rock5b-plus/openwrt/staging_dir/host/bin/patchelf" /workspaces/openwrt-radxa-rock5b-plus/openwrt/scripts/rstrip.sh /workspaces/openwrt-radxa-rock5b-plus/openwrt/build_dir/target-aarch64_generic_musl/libubox-2025.07.23~49056d17/ipkg-aarch64_generic/jshn
rstrip.sh: /workspaces/openwrt-radxa-rock5b-plus/openwrt/build_dir/target-aarch64_generic_musl/libubox-2025.07.23~49056d17/ipkg-aarch64_generic/jshn/usr/bin/jshn: executable
install -d -m0755 /workspaces/openwrt-radxa-rock5b-plus/openwrt/bin/packages/aarch64_generic/base/tmp
mkdir -p /workspaces/openwrt-radxa-rock5b-plus/openwrt/build_dir/target-aarch64_generic_musl/libubox-2025.07.23~49056d17/apk-aarch64_generic/jshn/
mkdir -p /workspaces/openwrt-radxa-rock5b-plus/openwrt/build_dir/target-aarch64_generic_musl/libubox-2025.07.23~49056d17/ipkg-aarch64_generic/jshn/lib/apk/packages/
(cd /workspaces/openwrt-radxa-rock5b-plus/openwrt/build_dir/target-aarch64_generic_musl/libubox-2025.07.23~49056d17/apk-aarch64_generic/jshn; )
( echo "#!/bin/sh"; echo "[ \"\${IPKG_NO_SCRIPT}\" = \"1\" ] && exit 0"; echo "[ -s "\${IPKG_INSTROOT}/lib/functions.sh" ] || exit 0"; echo ". \${IPKG_INSTROOT}/lib/functions.sh"; echo 'export root="${IPKG_INSTROOT}"'; echo 'export pkgname="jshn"'; echo "add_group_and_user"; echo "default_postinst"; [ ! -f /workspaces/openwrt-radxa-rock5b-plus/openwrt/build_dir/target-aarch64_generic_musl/libubox-2025.07.23~49056d17/apk-aarch64_generic/jshn/postinst-pkg ] || sed -z 's/^\s*#!/#!/' "/workspaces/openwrt-radxa-rock5b-plus/openwrt/build_dir/target-aarch64_generic_musl/libubox-2025.07.23~49056d17/apk-aarch64_generic/jshn/postinst-pkg"; ) > /workspaces/openwrt-radxa-rock5b-plus/openwrt/build_dir/target-aarch64_generic_musl/libubox-2025.07.23~49056d17/apk-aarch64_generic/jshn/post-install;
( echo "#!/bin/sh"; echo 'export PKG_UPGRADE=1'; [ ! -f /workspaces/openwrt-radxa-rock5b-plus/openwrt/build_dir/target-aarch64_generic_musl/libubox-2025.07.23~49056d17/apk-aarch64_generic/jshn/post-install ] || sed -z 's/^\s*#!/#!/' "/workspaces/openwrt-radxa-rock5b-plus/openwrt/build_dir/target-aarch64_generic_musl/libubox-2025.07.23~49056d17/apk-aarch64_generic/jshn/post-install"; ) > /workspaces/openwrt-radxa-rock5b-plus/openwrt/build_dir/target-aarch64_generic_musl/libubox-2025.07.23~49056d17/apk-aarch64_generic/jshn/post-upgrade;
( echo "#!/bin/sh"; echo "[ -s "\${IPKG_INSTROOT}/lib/functions.sh" ] || exit 0"; echo ". \${IPKG_INSTROOT}/lib/functions.sh"; echo 'export root="${IPKG_INSTROOT}"'; echo 'export pkgname="jshn"'; echo "default_prerm"; [ ! -f /workspaces/openwrt-radxa-rock5b-plus/openwrt/build_dir/target-aarch64_generic_musl/libubox-2025.07.23~49056d17/apk-aarch64_generic/jshn/prerm-pkg ] || sed -z 's/^\s*#!/#!/' "/workspaces/openwrt-radxa-rock5b-plus/openwrt/build_dir/target-aarch64_generic_musl/libubox-2025.07.23~49056d17/apk-aarch64_generic/jshn/prerm-pkg"; ) > /workspaces/openwrt-radxa-rock5b-plus/openwrt/build_dir/target-aarch64_generic_musl/libubox-2025.07.23~49056d17/apk-aarch64_generic/jshn/pre-deinstall;
[ ! -f /workspaces/openwrt-radxa-rock5b-plus/openwrt/build_dir/target-aarch64_generic_musl/libubox-2025.07.23~49056d17/apk-aarch64_generic/jshn/postrm ] || sed -zi 's/^\s*#!/#!/' "/workspaces/openwrt-radxa-rock5b-plus/openwrt/build_dir/target-aarch64_generic_musl/libubox-2025.07.23~49056d17/apk-aarch64_generic/jshn/postrm";
if [ -n "" ]; then echo  > /workspaces/openwrt-radxa-rock5b-plus/openwrt/build_dir/target-aarch64_generic_musl/libubox-2025.07.23~49056d17/ipkg-aarch64_generic/jshn/lib/apk/packages/jshn.rusers; fi;
if [ -n "" ]; then echo  > /workspaces/openwrt-radxa-rock5b-plus/openwrt/build_dir/target-aarch64_generic_musl/libubox-2025.07.23~49056d17/ipkg-aarch64_generic/jshn/lib/apk/packages/jshn.alternatives; fi;
(cd /workspaces/openwrt-radxa-rock5b-plus/openwrt/build_dir/target-aarch64_generic_musl/libubox-2025.07.23~49056d17/ipkg-aarch64_generic/jshn && find . -type f,l -printf "/%P\n" | sort > /workspaces/openwrt-radxa-rock5b-plus/openwrt/tmp/jshn.list && mv /workspaces/openwrt-radxa-rock5b-plus/openwrt/tmp/jshn.list /workspaces/openwrt-radxa-rock5b-plus/openwrt/build_dir/target-aarch64_generic_musl/libubox-2025.07.23~49056d17/ipkg-aarch64_generic/jshn/lib/apk/packages/jshn.list)
# Move conffiles to IDIR and build conffiles_static with csums
if [ -f /workspaces/openwrt-radxa-rock5b-plus/openwrt/build_dir/target-aarch64_generic_musl/libubox-2025.07.23~49056d17/apk-aarch64_generic/jshn/conffiles ]; then mv -f /workspaces/openwrt-radxa-rock5b-plus/openwrt/build_dir/target-aarch64_generic_musl/libubox-2025.07.23~49056d17/apk-aarch64_generic/jshn/conffiles /workspaces/openwrt-radxa-rock5b-plus/openwrt/build_dir/target-aarch64_generic_musl/libubox-2025.07.23~49056d17/ipkg-aarch64_generic/jshn/lib/apk/packages/jshn.conffiles; for file in $(cat /workspaces/openwrt-radxa-rock5b-plus/openwrt/build_dir/target-aarch64_generic_musl/libubox-2025.07.23~49056d17/ipkg-aarch64_generic/jshn/lib/apk/packages/jshn.conffiles); do [ -f /workspaces/openwrt-radxa-rock5b-plus/openwrt/build_dir/target-aarch64_generic_musl/libubox-2025.07.23~49056d17/ipkg-aarch64_generic/jshn/$file ] || continue; csum=$(/workspaces/openwrt-radxa-rock5b-plus/openwrt/staging_dir/host/bin/mkhash sha256 /workspaces/openwrt-radxa-rock5b-plus/openwrt/build_dir/target-aarch64_generic_musl/libubox-2025.07.23~49056d17/ipkg-aarch64_generic/jshn/$file); echo $file $csum >> /workspaces/openwrt-radxa-rock5b-plus/openwrt/build_dir/target-aarch64_generic_musl/libubox-2025.07.23~49056d17/ipkg-aarch64_generic/jshn/lib/apk/packages/jshn.conffiles_static; done; fi
# Some package (base-files) manually append stuff to conffiles
# Append stuff from it and delete the CONTROL directory since everything else should be migrated
if [ -f /workspaces/openwrt-radxa-rock5b-plus/openwrt/build_dir/target-aarch64_generic_musl/libubox-2025.07.23~49056d17/ipkg-aarch64_generic/jshn/CONTROL/conffiles ]; then echo $(IDIR_jshn)/CONTROL/conffiles >> /workspaces/openwrt-radxa-rock5b-plus/openwrt/build_dir/target-aarch64_generic_musl/libubox-2025.07.23~49056d17/ipkg-aarch64_generic/jshn/lib/apk/packages/jshn.conffiles; for file in $(cat /workspaces/openwrt-radxa-rock5b-plus/openwrt/build_dir/target-aarch64_generic_musl/libubox-2025.07.23~49056d17/ipkg-aarch64_generic/jshn/CONTROL/conffiles); do [ -f /workspaces/openwrt-radxa-rock5b-plus/openwrt/build_dir/target-aarch64_generic_musl/libubox-2025.07.23~49056d17/ipkg-aarch64_generic/jshn/$file ] || continue; csum=$(/workspaces/openwrt-radxa-rock5b-plus/openwrt/staging_dir/host/bin/mkhash sha256 /workspaces/openwrt-radxa-rock5b-plus/openwrt/build_dir/target-aarch64_generic_musl/libubox-2025.07.23~49056d17/ipkg-aarch64_generic/jshn/$file); echo $file $csum >> /workspaces/openwrt-radxa-rock5b-plus/openwrt/build_dir/target-aarch64_generic_musl/libubox-2025.07.23~49056d17/ipkg-aarch64_generic/jshn/lib/apk/packages/jshn.conffiles_static; done; rm -rf /workspaces/openwrt-radxa-rock5b-plus/openwrt/build_dir/target-aarch64_generic_musl/libubox-2025.07.23~49056d17/ipkg-aarch64_generic/jshn/CONTROL/conffiles; fi
if [ -z "$(ls -A /workspaces/openwrt-radxa-rock5b-plus/openwrt/build_dir/target-aarch64_generic_musl/libubox-2025.07.23~49056d17/ipkg-aarch64_generic/jshn/CONTROL 2>/dev/null)" ]; then rm -rf /workspaces/openwrt-radxa-rock5b-plus/openwrt/build_dir/target-aarch64_generic_musl/libubox-2025.07.23~49056d17/ipkg-aarch64_generic/jshn/CONTROL; else echo "CONTROL directory /workspaces/openwrt-radxa-rock5b-plus/openwrt/build_dir/target-aarch64_generic_musl/libubox-2025.07.23~49056d17/ipkg-aarch64_generic/jshn/CONTROL is not empty! This is not right and should be checked!" >&2; exit 1; fi
/workspaces/openwrt-radxa-rock5b-plus/openwrt/staging_dir/host/bin/fakeroot /workspaces/openwrt-radxa-rock5b-plus/openwrt/staging_dir/host/bin/apk mkpkg --info "name:jshn" --info "version:2025.07.23~49056d17-r1"  --info "description:Library for parsing and generating JSON from shell scripts" --info "arch:aarch64_generic" --info "license:ISC" --info "origin:feeds/base/libs/libubox" --info "url:" --info "maintainer:Felix Fietkau <nbd@nbd.name>" --info "provides:"  --script "post-install:/workspaces/openwrt-radxa-rock5b-plus/openwrt/build_dir/target-aarch64_generic_musl/libubox-2025.07.23~49056d17/apk-aarch64_generic/jshn/post-install" --script "post-upgrade:/workspaces/openwrt-radxa-rock5b-plus/openwrt/build_dir/target-aarch64_generic_musl/libubox-2025.07.23~49056d17/apk-aarch64_generic/jshn/post-upgrade" --script "pre-deinstall:/workspaces/openwrt-radxa-rock5b-plus/openwrt/build_dir/target-aarch64_generic_musl/libubox-2025.07.23~49056d17/apk-aarch64_generic/jshn/pre-deinstall" --info "depends:libc libjson-c5 libubox20250723 libblobmsg-json20250723" --files "/workspaces/openwrt-radxa-rock5b-plus/openwrt/build_dir/target-aarch64_generic_musl/libubox-2025.07.23~49056d17/ipkg-aarch64_generic/jshn" --output "/workspaces/openwrt-radxa-rock5b-plus/openwrt/bin/packages/aarch64_generic/base/jshn-2025.07.23~49056d17-r1.apk" --sign "/workspaces/openwrt-radxa-rock5b-plus/openwrt/private-key.pem"
rm -rf /workspaces/openwrt-radxa-rock5b-plus/openwrt/build_dir/target-aarch64_generic_musl/libubox-2025.07.23~49056d17/ipkg-aarch64_generic/libjson-script
/workspaces/openwrt-radxa-rock5b-plus/openwrt/scripts/ipkg-remove libjson-script /workspaces/openwrt-radxa-rock5b-plus/openwrt/bin/packages/aarch64_generic/base/libjson-script20250723-2025.07.23~49056d17-r1.apk
removed '/workspaces/openwrt-radxa-rock5b-plus/openwrt/bin/packages/aarch64_generic/base/libjson-script20250723-2025.07.23~49056d17-r1.apk'
mkdir -p /workspaces/openwrt-radxa-rock5b-plus/openwrt/bin/targets/rockchip/armv8/packages /workspaces/openwrt-radxa-rock5b-plus/openwrt/build_dir/target-aarch64_generic_musl/libubox-2025.07.23~49056d17/ipkg-aarch64_generic/libjson-script /workspaces/openwrt-radxa-rock5b-plus/openwrt/staging_dir/target-aarch64_generic_musl/pkginfo
install -d -m0755 /workspaces/openwrt-radxa-rock5b-plus/openwrt/build_dir/target-aarch64_generic_musl/libubox-2025.07.23~49056d17/ipkg-aarch64_generic/libjson-script/lib/
install -m0644 /workspaces/openwrt-radxa-rock5b-plus/openwrt/build_dir/target-aarch64_generic_musl/libubox-2025.07.23~49056d17/ipkg-install/usr/lib/libjson_script.so.* /workspaces/openwrt-radxa-rock5b-plus/openwrt/build_dir/target-aarch64_generic_musl/libubox-2025.07.23~49056d17/ipkg-aarch64_generic/libjson-script/lib/
find /workspaces/openwrt-radxa-rock5b-plus/openwrt/build_dir/target-aarch64_generic_musl/libubox-2025.07.23~49056d17/ipkg-aarch64_generic/libjson-script -name 'CVS' -o -name '.svn' -o -name '.#*' -o -name '*~'| xargs -r rm -rf
export CROSS="aarch64-openwrt-linux-musl-"  NO_RENAME=1 ; NM="aarch64-openwrt-linux-musl-nm" STRIP="/workspaces/openwrt-radxa-rock5b-plus/openwrt/staging_dir/host/bin/sstrip -z" STRIP_KMOD="/workspaces/openwrt-radxa-rock5b-plus/openwrt/scripts/strip-kmod.sh" PATCHELF="/workspaces/openwrt-radxa-rock5b-plus/openwrt/staging_dir/host/bin/patchelf" /workspaces/openwrt-radxa-rock5b-plus/openwrt/scripts/rstrip.sh /workspaces/openwrt-radxa-rock5b-plus/openwrt/build_dir/target-aarch64_generic_musl/libubox-2025.07.23~49056d17/ipkg-aarch64_generic/libjson-script
rstrip.sh: /workspaces/openwrt-radxa-rock5b-plus/openwrt/build_dir/target-aarch64_generic_musl/libubox-2025.07.23~49056d17/ipkg-aarch64_generic/libjson-script/lib/libjson_script.so.20250723: shared object
install -d -m0755 /workspaces/openwrt-radxa-rock5b-plus/openwrt/bin/packages/aarch64_generic/base/tmp
mkdir -p /workspaces/openwrt-radxa-rock5b-plus/openwrt/build_dir/target-aarch64_generic_musl/libubox-2025.07.23~49056d17/apk-aarch64_generic/libjson-script/
mkdir -p /workspaces/openwrt-radxa-rock5b-plus/openwrt/build_dir/target-aarch64_generic_musl/libubox-2025.07.23~49056d17/ipkg-aarch64_generic/libjson-script/lib/apk/packages/
(cd /workspaces/openwrt-radxa-rock5b-plus/openwrt/build_dir/target-aarch64_generic_musl/libubox-2025.07.23~49056d17/apk-aarch64_generic/libjson-script; )
( echo "#!/bin/sh"; echo "[ \"\${IPKG_NO_SCRIPT}\" = \"1\" ] && exit 0"; echo "[ -s "\${IPKG_INSTROOT}/lib/functions.sh" ] || exit 0"; echo ". \${IPKG_INSTROOT}/lib/functions.sh"; echo 'export root="${IPKG_INSTROOT}"'; echo 'export pkgname="libjson-script"'; echo "add_group_and_user"; echo "default_postinst"; [ ! -f /workspaces/openwrt-radxa-rock5b-plus/openwrt/build_dir/target-aarch64_generic_musl/libubox-2025.07.23~49056d17/apk-aarch64_generic/libjson-script/postinst-pkg ] || sed -z 's/^\s*#!/#!/' "/workspaces/openwrt-radxa-rock5b-plus/openwrt/build_dir/target-aarch64_generic_musl/libubox-2025.07.23~49056d17/apk-aarch64_generic/libjson-script/postinst-pkg"; ) > /workspaces/openwrt-radxa-rock5b-plus/openwrt/build_dir/target-aarch64_generic_musl/libubox-2025.07.23~49056d17/apk-aarch64_generic/libjson-script/post-install;
( echo "#!/bin/sh"; echo 'export PKG_UPGRADE=1'; [ ! -f /workspaces/openwrt-radxa-rock5b-plus/openwrt/build_dir/target-aarch64_generic_musl/libubox-2025.07.23~49056d17/apk-aarch64_generic/libjson-script/post-install ] || sed -z 's/^\s*#!/#!/' "/workspaces/openwrt-radxa-rock5b-plus/openwrt/build_dir/target-aarch64_generic_musl/libubox-2025.07.23~49056d17/apk-aarch64_generic/libjson-script/post-install"; ) > /workspaces/openwrt-radxa-rock5b-plus/openwrt/build_dir/target-aarch64_generic_musl/libubox-2025.07.23~49056d17/apk-aarch64_generic/libjson-script/post-upgrade;
( echo "#!/bin/sh"; echo "[ -s "\${IPKG_INSTROOT}/lib/functions.sh" ] || exit 0"; echo ". \${IPKG_INSTROOT}/lib/functions.sh"; echo 'export root="${IPKG_INSTROOT}"'; echo 'export pkgname="libjson-script"'; echo "default_prerm"; [ ! -f /workspaces/openwrt-radxa-rock5b-plus/openwrt/build_dir/target-aarch64_generic_musl/libubox-2025.07.23~49056d17/apk-aarch64_generic/libjson-script/prerm-pkg ] || sed -z 's/^\s*#!/#!/' "/workspaces/openwrt-radxa-rock5b-plus/openwrt/build_dir/target-aarch64_generic_musl/libubox-2025.07.23~49056d17/apk-aarch64_generic/libjson-script/prerm-pkg"; ) > /workspaces/openwrt-radxa-rock5b-plus/openwrt/build_dir/target-aarch64_generic_musl/libubox-2025.07.23~49056d17/apk-aarch64_generic/libjson-script/pre-deinstall;
[ ! -f /workspaces/openwrt-radxa-rock5b-plus/openwrt/build_dir/target-aarch64_generic_musl/libubox-2025.07.23~49056d17/apk-aarch64_generic/libjson-script/postrm ] || sed -zi 's/^\s*#!/#!/' "/workspaces/openwrt-radxa-rock5b-plus/openwrt/build_dir/target-aarch64_generic_musl/libubox-2025.07.23~49056d17/apk-aarch64_generic/libjson-script/postrm";
if [ -n "" ]; then echo  > /workspaces/openwrt-radxa-rock5b-plus/openwrt/build_dir/target-aarch64_generic_musl/libubox-2025.07.23~49056d17/ipkg-aarch64_generic/libjson-script/lib/apk/packages/libjson-script.rusers; fi;
if [ -n "" ]; then echo  > /workspaces/openwrt-radxa-rock5b-plus/openwrt/build_dir/target-aarch64_generic_musl/libubox-2025.07.23~49056d17/ipkg-aarch64_generic/libjson-script/lib/apk/packages/libjson-script.alternatives; fi;
(cd /workspaces/openwrt-radxa-rock5b-plus/openwrt/build_dir/target-aarch64_generic_musl/libubox-2025.07.23~49056d17/ipkg-aarch64_generic/libjson-script && find . -type f,l -printf "/%P\n" | sort > /workspaces/openwrt-radxa-rock5b-plus/openwrt/tmp/libjson-script.list && mv /workspaces/openwrt-radxa-rock5b-plus/openwrt/tmp/libjson-script.list /workspaces/openwrt-radxa-rock5b-plus/openwrt/build_dir/target-aarch64_generic_musl/libubox-2025.07.23~49056d17/ipkg-aarch64_generic/libjson-script/lib/apk/packages/libjson-script.list)
# Move conffiles to IDIR and build conffiles_static with csums
if [ -f /workspaces/openwrt-radxa-rock5b-plus/openwrt/build_dir/target-aarch64_generic_musl/libubox-2025.07.23~49056d17/apk-aarch64_generic/libjson-script/conffiles ]; then mv -f /workspaces/openwrt-radxa-rock5b-plus/openwrt/build_dir/target-aarch64_generic_musl/libubox-2025.07.23~49056d17/apk-aarch64_generic/libjson-script/conffiles /workspaces/openwrt-radxa-rock5b-plus/openwrt/build_dir/target-aarch64_generic_musl/libubox-2025.07.23~49056d17/ipkg-aarch64_generic/libjson-script/lib/apk/packages/libjson-script.conffiles; for file in $(cat /workspaces/openwrt-radxa-rock5b-plus/openwrt/build_dir/target-aarch64_generic_musl/libubox-2025.07.23~49056d17/ipkg-aarch64_generic/libjson-script/lib/apk/packages/libjson-script.conffiles); do [ -f /workspaces/openwrt-radxa-rock5b-plus/openwrt/build_dir/target-aarch64_generic_musl/libubox-2025.07.23~49056d17/ipkg-aarch64_generic/libjson-script/$file ] || continue; csum=$(/workspaces/openwrt-radxa-rock5b-plus/openwrt/staging_dir/host/bin/mkhash sha256 /workspaces/openwrt-radxa-rock5b-plus/openwrt/build_dir/target-aarch64_generic_musl/libubox-2025.07.23~49056d17/ipkg-aarch64_generic/libjson-script/$file); echo $file $csum >> /workspaces/openwrt-radxa-rock5b-plus/openwrt/build_dir/target-aarch64_generic_musl/libubox-2025.07.23~49056d17/ipkg-aarch64_generic/libjson-script/lib/apk/packages/libjson-script.conffiles_static; done; fi
# Some package (base-files) manually append stuff to conffiles
# Append stuff from it and delete the CONTROL directory since everything else should be migrated
if [ -f /workspaces/openwrt-radxa-rock5b-plus/openwrt/build_dir/target-aarch64_generic_musl/libubox-2025.07.23~49056d17/ipkg-aarch64_generic/libjson-script/CONTROL/conffiles ]; then echo $(IDIR_libjson-script)/CONTROL/conffiles >> /workspaces/openwrt-radxa-rock5b-plus/openwrt/build_dir/target-aarch64_generic_musl/libubox-2025.07.23~49056d17/ipkg-aarch64_generic/libjson-script/lib/apk/packages/libjson-script.conffiles; for file in $(cat /workspaces/openwrt-radxa-rock5b-plus/openwrt/build_dir/target-aarch64_generic_musl/libubox-2025.07.23~49056d17/ipkg-aarch64_generic/libjson-script/CONTROL/conffiles); do [ -f /workspaces/openwrt-radxa-rock5b-plus/openwrt/build_dir/target-aarch64_generic_musl/libubox-2025.07.23~49056d17/ipkg-aarch64_generic/libjson-script/$file ] || continue; csum=$(/workspaces/openwrt-radxa-rock5b-plus/openwrt/staging_dir/host/bin/mkhash sha256 /workspaces/openwrt-radxa-rock5b-plus/openwrt/build_dir/target-aarch64_generic_musl/libubox-2025.07.23~49056d17/ipkg-aarch64_generic/libjson-script/$file); echo $file $csum >> /workspaces/openwrt-radxa-rock5b-plus/openwrt/build_dir/target-aarch64_generic_musl/libubox-2025.07.23~49056d17/ipkg-aarch64_generic/libjson-script/lib/apk/packages/libjson-script.conffiles_static; done; rm -rf /workspaces/openwrt-radxa-rock5b-plus/openwrt/build_dir/target-aarch64_generic_musl/libubox-2025.07.23~49056d17/ipkg-aarch64_generic/libjson-script/CONTROL/conffiles; fi
if [ -z "$(ls -A /workspaces/openwrt-radxa-rock5b-plus/openwrt/build_dir/target-aarch64_generic_musl/libubox-2025.07.23~49056d17/ipkg-aarch64_generic/libjson-script/CONTROL 2>/dev/null)" ]; then rm -rf /workspaces/openwrt-radxa-rock5b-plus/openwrt/build_dir/target-aarch64_generic_musl/libubox-2025.07.23~49056d17/ipkg-aarch64_generic/libjson-script/CONTROL; else echo "CONTROL directory /workspaces/openwrt-radxa-rock5b-plus/openwrt/build_dir/target-aarch64_generic_musl/libubox-2025.07.23~49056d17/ipkg-aarch64_generic/libjson-script/CONTROL is not empty! This is not right and should be checked!" >&2; exit 1; fi
/workspaces/openwrt-radxa-rock5b-plus/openwrt/staging_dir/host/bin/fakeroot /workspaces/openwrt-radxa-rock5b-plus/openwrt/staging_dir/host/bin/apk mkpkg --info "name:libjson-script20250723" --info "version:2025.07.23~49056d17-r1" --info "tags:openwrt:abiversion=20250723" --info "description:Minimalistic JSON based scripting engine" --info "arch:aarch64_generic" --info "license:ISC" --info "origin:feeds/base/libs/libubox" --info "url:" --info "maintainer:Felix Fietkau <nbd@nbd.name>" --info "provides: libjson-script=2025.07.23~49056d17-r1 "  --script "post-install:/workspaces/openwrt-radxa-rock5b-plus/openwrt/build_dir/target-aarch64_generic_musl/libubox-2025.07.23~49056d17/apk-aarch64_generic/libjson-script/post-install" --script "post-upgrade:/workspaces/openwrt-radxa-rock5b-plus/openwrt/build_dir/target-aarch64_generic_musl/libubox-2025.07.23~49056d17/apk-aarch64_generic/libjson-script/post-upgrade" --script "pre-deinstall:/workspaces/openwrt-radxa-rock5b-plus/openwrt/build_dir/target-aarch64_generic_musl/libubox-2025.07.23~49056d17/apk-aarch64_generic/libjson-script/pre-deinstall" --info "depends:libc libubox20250723" --files "/workspaces/openwrt-radxa-rock5b-plus/openwrt/build_dir/target-aarch64_generic_musl/libubox-2025.07.23~49056d17/ipkg-aarch64_generic/libjson-script" --output "/workspaces/openwrt-radxa-rock5b-plus/openwrt/bin/packages/aarch64_generic/base/libjson-script20250723-2025.07.23~49056d17-r1.apk" --sign "/workspaces/openwrt-radxa-rock5b-plus/openwrt/private-key.pem"
echo "libubox" >> /workspaces/openwrt-radxa-rock5b-plus/openwrt/staging_dir/target-aarch64_generic_musl/pkginfo/libubox.default.install
rm -rf /workspaces/openwrt-radxa-rock5b-plus/openwrt/tmp/stage-libubox
mkdir -p /workspaces/openwrt-radxa-rock5b-plus/openwrt/tmp/stage-libubox/host /workspaces/openwrt-radxa-rock5b-plus/openwrt/staging_dir/target-aarch64_generic_musl/packages
install -d -m0755 /workspaces/openwrt-radxa-rock5b-plus/openwrt/tmp/stage-libubox
cp -fpR /workspaces/openwrt-radxa-rock5b-plus/openwrt/build_dir/target-aarch64_generic_musl/libubox-2025.07.23~49056d17/ipkg-install/* /workspaces/openwrt-radxa-rock5b-plus/openwrt/tmp/stage-libubox/
find /workspaces/openwrt-radxa-rock5b-plus/openwrt/tmp/stage-libubox -name '*.la' | xargs -r rm -f; 
if [ -f /workspaces/openwrt-radxa-rock5b-plus/openwrt/staging_dir/target-aarch64_generic_musl/packages/libubox.list ]; then /workspaces/openwrt-radxa-rock5b-plus/openwrt/scripts/clean-package.sh "/workspaces/openwrt-radxa-rock5b-plus/openwrt/staging_dir/target-aarch64_generic_musl/packages/libubox.list" "/workspaces/openwrt-radxa-rock5b-plus/openwrt/staging_dir/target-aarch64_generic_musl"; fi
if [ -d /workspaces/openwrt-radxa-rock5b-plus/openwrt/tmp/stage-libubox ]; then (cd /workspaces/openwrt-radxa-rock5b-plus/openwrt/tmp/stage-libubox; find ./ > /workspaces/openwrt-radxa-rock5b-plus/openwrt/tmp/stage-libubox.files); 	SHELL= flock /workspaces/openwrt-radxa-rock5b-plus/openwrt/tmp/.staging-dir.flock -c ' mv /workspaces/openwrt-radxa-rock5b-plus/openwrt/tmp/stage-libubox.files /workspaces/openwrt-radxa-rock5b-plus/openwrt/staging_dir/target-aarch64_generic_musl/packages/libubox.list && cp -fpR /workspaces/openwrt-radxa-rock5b-plus/openwrt/tmp/stage-libubox/* /workspaces/openwrt-radxa-rock5b-plus/openwrt/staging_dir/target-aarch64_generic_musl/; '; fi
rm -rf /workspaces/openwrt-radxa-rock5b-plus/openwrt/tmp/stage-libubox
touch /workspaces/openwrt-radxa-rock5b-plus/openwrt/staging_dir/target-aarch64_generic_musl/stamp/.libubox_installed
rm -rf /workspaces/openwrt-radxa-rock5b-plus/openwrt/build_dir/target-aarch64_generic_musl/libubox-2025.07.23~49056d17/.pkgdir/libblobmsg-json.installed /workspaces/openwrt-radxa-rock5b-plus/openwrt/build_dir/target-aarch64_generic_musl/libubox-2025.07.23~49056d17/.pkgdir/libblobmsg-json
mkdir -p /workspaces/openwrt-radxa-rock5b-plus/openwrt/build_dir/target-aarch64_generic_musl/libubox-2025.07.23~49056d17/.pkgdir/libblobmsg-json
install -d -m0755 /workspaces/openwrt-radxa-rock5b-plus/openwrt/build_dir/target-aarch64_generic_musl/libubox-2025.07.23~49056d17/.pkgdir/libblobmsg-json/lib/
install -m0644 /workspaces/openwrt-radxa-rock5b-plus/openwrt/build_dir/target-aarch64_generic_musl/libubox-2025.07.23~49056d17/ipkg-install/usr/lib/libblobmsg_json.so.* /workspaces/openwrt-radxa-rock5b-plus/openwrt/build_dir/target-aarch64_generic_musl/libubox-2025.07.23~49056d17/.pkgdir/libblobmsg-json/lib/
touch /workspaces/openwrt-radxa-rock5b-plus/openwrt/build_dir/target-aarch64_generic_musl/libubox-2025.07.23~49056d17/.pkgdir/libblobmsg-json.installed
rm -rf /workspaces/openwrt-radxa-rock5b-plus/openwrt/build_dir/target-aarch64_generic_musl/libubox-2025.07.23~49056d17/.pkgdir/jshn.installed /workspaces/openwrt-radxa-rock5b-plus/openwrt/build_dir/target-aarch64_generic_musl/libubox-2025.07.23~49056d17/.pkgdir/jshn
mkdir -p /workspaces/openwrt-radxa-rock5b-plus/openwrt/build_dir/target-aarch64_generic_musl/libubox-2025.07.23~49056d17/.pkgdir/jshn
install -d -m0755 /workspaces/openwrt-radxa-rock5b-plus/openwrt/build_dir/target-aarch64_generic_musl/libubox-2025.07.23~49056d17/.pkgdir/jshn/usr/bin /workspaces/openwrt-radxa-rock5b-plus/openwrt/build_dir/target-aarch64_generic_musl/libubox-2025.07.23~49056d17/.pkgdir/jshn/usr/share/libubox
install -m0755 /workspaces/openwrt-radxa-rock5b-plus/openwrt/build_dir/target-aarch64_generic_musl/libubox-2025.07.23~49056d17/ipkg-install/usr/bin/jshn /workspaces/openwrt-radxa-rock5b-plus/openwrt/build_dir/target-aarch64_generic_musl/libubox-2025.07.23~49056d17/.pkgdir/jshn/usr/bin
install -m0644 /workspaces/openwrt-radxa-rock5b-plus/openwrt/build_dir/target-aarch64_generic_musl/libubox-2025.07.23~49056d17/ipkg-install/usr/share/libubox/jshn.sh /workspaces/openwrt-radxa-rock5b-plus/openwrt/build_dir/target-aarch64_generic_musl/libubox-2025.07.23~49056d17/.pkgdir/jshn/usr/share/libubox
touch /workspaces/openwrt-radxa-rock5b-plus/openwrt/build_dir/target-aarch64_generic_musl/libubox-2025.07.23~49056d17/.pkgdir/jshn.installed
rm -rf /workspaces/openwrt-radxa-rock5b-plus/openwrt/build_dir/target-aarch64_generic_musl/libubox-2025.07.23~49056d17/.pkgdir/libjson-script.installed /workspaces/openwrt-radxa-rock5b-plus/openwrt/build_dir/target-aarch64_generic_musl/libubox-2025.07.23~49056d17/.pkgdir/libjson-script
mkdir -p /workspaces/openwrt-radxa-rock5b-plus/openwrt/build_dir/target-aarch64_generic_musl/libubox-2025.07.23~49056d17/.pkgdir/libjson-script
install -d -m0755 /workspaces/openwrt-radxa-rock5b-plus/openwrt/build_dir/target-aarch64_generic_musl/libubox-2025.07.23~49056d17/.pkgdir/libjson-script/lib/
install -m0644 /workspaces/openwrt-radxa-rock5b-plus/openwrt/build_dir/target-aarch64_generic_musl/libubox-2025.07.23~49056d17/ipkg-install/usr/lib/libjson_script.so.* /workspaces/openwrt-radxa-rock5b-plus/openwrt/build_dir/target-aarch64_generic_musl/libubox-2025.07.23~49056d17/.pkgdir/libjson-script/lib/
touch /workspaces/openwrt-radxa-rock5b-plus/openwrt/build_dir/target-aarch64_generic_musl/libubox-2025.07.23~49056d17/.pkgdir/libjson-script.installed
mkdir -p /workspaces/openwrt-radxa-rock5b-plus/openwrt/staging_dir/target-aarch64_generic_musl/root-rockchip/stamp
echo '20250723' | cmp -s - /workspaces/openwrt-radxa-rock5b-plus/openwrt/staging_dir/target-aarch64_generic_musl/pkginfo/libblobmsg-json.version || { echo '20250723' > /workspaces/openwrt-radxa-rock5b-plus/openwrt/staging_dir/target-aarch64_generic_musl/pkginfo/libblobmsg-json.version;  } 
SHELL= flock /workspaces/openwrt-radxa-rock5b-plus/openwrt/tmp/.root-copy.flock -c 'cp -fpR /workspaces/openwrt-radxa-rock5b-plus/openwrt/build_dir/target-aarch64_generic_musl/libubox-2025.07.23~49056d17/.pkgdir/libblobmsg-json/. /workspaces/openwrt-radxa-rock5b-plus/openwrt/staging_dir/target-aarch64_generic_musl/root-rockchip/'
touch /workspaces/openwrt-radxa-rock5b-plus/openwrt/staging_dir/target-aarch64_generic_musl/root-rockchip/stamp/.libblobmsg-json_installed
echo "libblobmsg-json" >> /workspaces/openwrt-radxa-rock5b-plus/openwrt/staging_dir/target-aarch64_generic_musl/pkginfo/libubox.default.install
mkdir -p /workspaces/openwrt-radxa-rock5b-plus/openwrt/staging_dir/target-aarch64_generic_musl/root-rockchip/stamp
SHELL= flock /workspaces/openwrt-radxa-rock5b-plus/openwrt/tmp/.root-copy.flock -c 'cp -fpR /workspaces/openwrt-radxa-rock5b-plus/openwrt/build_dir/target-aarch64_generic_musl/libubox-2025.07.23~49056d17/.pkgdir/jshn/. /workspaces/openwrt-radxa-rock5b-plus/openwrt/staging_dir/target-aarch64_generic_musl/root-rockchip/'
touch /workspaces/openwrt-radxa-rock5b-plus/openwrt/staging_dir/target-aarch64_generic_musl/root-rockchip/stamp/.jshn_installed
echo "jshn" >> /workspaces/openwrt-radxa-rock5b-plus/openwrt/staging_dir/target-aarch64_generic_musl/pkginfo/libubox.default.install
mkdir -p /workspaces/openwrt-radxa-rock5b-plus/openwrt/staging_dir/target-aarch64_generic_musl/root-rockchip/stamp
echo '20250723' | cmp -s - /workspaces/openwrt-radxa-rock5b-plus/openwrt/staging_dir/target-aarch64_generic_musl/pkginfo/libjson-script.version || { echo '20250723' > /workspaces/openwrt-radxa-rock5b-plus/openwrt/staging_dir/target-aarch64_generic_musl/pkginfo/libjson-script.version;  } 
SHELL= flock /workspaces/openwrt-radxa-rock5b-plus/openwrt/tmp/.root-copy.flock -c 'cp -fpR /workspaces/openwrt-radxa-rock5b-plus/openwrt/build_dir/target-aarch64_generic_musl/libubox-2025.07.23~49056d17/.pkgdir/libjson-script/. /workspaces/openwrt-radxa-rock5b-plus/openwrt/staging_dir/target-aarch64_generic_musl/root-rockchip/'
touch /workspaces/openwrt-radxa-rock5b-plus/openwrt/staging_dir/target-aarch64_generic_musl/root-rockchip/stamp/.libjson-script_installed
echo "libjson-script" >> /workspaces/openwrt-radxa-rock5b-plus/openwrt/staging_dir/target-aarch64_generic_musl/pkginfo/libubox.default.install
make[3]: Leaving directory '/workspaces/openwrt-radxa-rock5b-plus/openwrt/package/libs/libubox'
time: package/libs/libubox/compile#0.56#0.58#3.94
make[3]: Entering directory '/workspaces/openwrt-radxa-rock5b-plus/openwrt/package/libs/ncurses'
rm -f /workspaces/openwrt-radxa-rock5b-plus/openwrt/build_dir/target-aarch64_generic_musl/ncurses-6.4/.built
touch /workspaces/openwrt-radxa-rock5b-plus/openwrt/build_dir/target-aarch64_generic_musl/ncurses-6.4/.built_check
CFLAGS="-Os -pipe -mcpu=generic -fno-caller-saves -fno-plt -fhonour-copts -fmacro-prefix-map=/workspaces/openwrt-radxa-rock5b-plus/openwrt/build_dir/target-aarch64_generic_musl/ncurses-6.4=ncurses-6.4 -Wformat -Werror=format-security -fstack-protector -D_FORTIFY_SOURCE=1 -Wl,-z,now -Wl,-z,relro -DPIC -fPIC -std=gnu17  -I/workspaces/openwrt-radxa-rock5b-plus/openwrt/staging_dir/toolchain-aarch64_generic_gcc-14.3.0_musl/usr/include -I/workspaces/openwrt-radxa-rock5b-plus/openwrt/staging_dir/toolchain-aarch64_generic_gcc-14.3.0_musl/include -I/workspaces/openwrt-radxa-rock5b-plus/openwrt/staging_dir/toolchain-aarch64_generic_gcc-14.3.0_musl/include/fortify " CXXFLAGS="-Os -pipe -mcpu=generic -fno-caller-saves -fno-plt -fhonour-copts -fmacro-prefix-map=/workspaces/openwrt-radxa-rock5b-plus/openwrt/build_dir/target-aarch64_generic_musl/ncurses-6.4=ncurses-6.4 -Wformat -Werror=format-security -fstack-protector -D_FORTIFY_SOURCE=1 -Wl,-z,now -Wl,-z,relro -DPIC -fPIC -std=gnu17  -I/workspaces/openwrt-radxa-rock5b-plus/openwrt/staging_dir/toolchain-aarch64_generic_gcc-14.3.0_musl/usr/include -I/workspaces/openwrt-radxa-rock5b-plus/openwrt/staging_dir/toolchain-aarch64_generic_gcc-14.3.0_musl/include -I/workspaces/openwrt-radxa-rock5b-plus/openwrt/staging_dir/toolchain-aarch64_generic_gcc-14.3.0_musl/include/fortify " LDFLAGS="-L/workspaces/openwrt-radxa-rock5b-plus/openwrt/staging_dir/toolchain-aarch64_generic_gcc-14.3.0_musl/usr/lib -L/workspaces/openwrt-radxa-rock5b-plus/openwrt/staging_dir/toolchain-aarch64_generic_gcc-14.3.0_musl/lib -fuse-ld=bfd -znow -zrelro " make --jobserver-auth=3,4  -C /workspaces/openwrt-radxa-rock5b-plus/openwrt/build_dir/target-aarch64_generic_musl/ncurses-6.4/. AR="aarch64-openwrt-linux-musl-gcc-ar" AS="aarch64-openwrt-linux-musl-gcc -c -Os -pipe -mcpu=generic -fno-caller-saves -fno-plt -fhonour-copts -fmacro-prefix-map=/workspaces/openwrt-radxa-rock5b-plus/openwrt/build_dir/target-aarch64_generic_musl/ncurses-6.4=ncurses-6.4 -Wformat -Werror=format-security -fstack-protector -D_FORTIFY_SOURCE=1 -Wl,-z,now -Wl,-z,relro -DPIC -fPIC -std=gnu17" LD="aarch64-openwrt-linux-musl-ld.bfd" NM="aarch64-openwrt-linux-musl-gcc-nm" CC="aarch64-openwrt-linux-musl-gcc" GCC="aarch64-openwrt-linux-musl-gcc" CXX="aarch64-openwrt-linux-musl-g++" RANLIB="aarch64-openwrt-linux-musl-gcc-ranlib" STRIP=aarch64-openwrt-linux-musl-strip OBJCOPY=aarch64-openwrt-linux-musl-objcopy OBJDUMP=aarch64-openwrt-linux-musl-objdump SIZE=aarch64-openwrt-linux-musl-size CROSS="aarch64-openwrt-linux-musl-" ARCH="aarch64" BUILD_CC="/workspaces/openwrt-radxa-rock5b-plus/openwrt/staging_dir/host/bin/gcc" HOSTCC="/workspaces/openwrt-radxa-rock5b-plus/openwrt/staging_dir/host/bin/gcc" HOSTCCFLAGS="" PKG_CONFIG_LIBDIR=/usr/lib/pkgconfig libs ;
make[4]: Entering directory '/workspaces/openwrt-radxa-rock5b-plus/openwrt/build_dir/target-aarch64_generic_musl/ncurses-6.4'
( cd "include" && make -w --jobserver-auth=3,4 DESTDIR="" RPATH_LIST="/usr/lib" libs )
make[5]: Entering directory '/workspaces/openwrt-radxa-rock5b-plus/openwrt/build_dir/target-aarch64_generic_musl/ncurses-6.4/include'
make[5]: Nothing to be done for 'libs'.
make[5]: Leaving directory '/workspaces/openwrt-radxa-rock5b-plus/openwrt/build_dir/target-aarch64_generic_musl/ncurses-6.4/include'
( cd "ncurses" && make -w --jobserver-auth=3,4 DESTDIR="" RPATH_LIST="/usr/lib" libs )
make[5]: Entering directory '/workspaces/openwrt-radxa-rock5b-plus/openwrt/build_dir/target-aarch64_generic_musl/ncurses-6.4/ncurses'
make[5]: Nothing to be done for 'libs'.
make[5]: Leaving directory '/workspaces/openwrt-radxa-rock5b-plus/openwrt/build_dir/target-aarch64_generic_musl/ncurses-6.4/ncurses'
( cd "panel" && make -w --jobserver-auth=3,4 DESTDIR="" RPATH_LIST="/usr/lib" libs )
make[5]: Entering directory '/workspaces/openwrt-radxa-rock5b-plus/openwrt/build_dir/target-aarch64_generic_musl/ncurses-6.4/panel'
make[5]: Nothing to be done for 'libs'.
make[5]: Leaving directory '/workspaces/openwrt-radxa-rock5b-plus/openwrt/build_dir/target-aarch64_generic_musl/ncurses-6.4/panel'
( cd "menu" && make -w --jobserver-auth=3,4 DESTDIR="" RPATH_LIST="/usr/lib" libs )
make[5]: Entering directory '/workspaces/openwrt-radxa-rock5b-plus/openwrt/build_dir/target-aarch64_generic_musl/ncurses-6.4/menu'
make[5]: Nothing to be done for 'libs'.
make[5]: Leaving directory '/workspaces/openwrt-radxa-rock5b-plus/openwrt/build_dir/target-aarch64_generic_musl/ncurses-6.4/menu'
( cd "form" && make -w --jobserver-auth=3,4 DESTDIR="" RPATH_LIST="/usr/lib" libs )
make[5]: Entering directory '/workspaces/openwrt-radxa-rock5b-plus/openwrt/build_dir/target-aarch64_generic_musl/ncurses-6.4/form'
make[5]: Nothing to be done for 'libs'.
make[5]: Leaving directory '/workspaces/openwrt-radxa-rock5b-plus/openwrt/build_dir/target-aarch64_generic_musl/ncurses-6.4/form'
make[4]: Leaving directory '/workspaces/openwrt-radxa-rock5b-plus/openwrt/build_dir/target-aarch64_generic_musl/ncurses-6.4'
CFLAGS="-Os -pipe -mcpu=generic -fno-caller-saves -fno-plt -fhonour-copts -fmacro-prefix-map=/workspaces/openwrt-radxa-rock5b-plus/openwrt/build_dir/target-aarch64_generic_musl/ncurses-6.4=ncurses-6.4 -Wformat -Werror=format-security -fstack-protector -D_FORTIFY_SOURCE=1 -Wl,-z,now -Wl,-z,relro -DPIC -fPIC -std=gnu17  -I/workspaces/openwrt-radxa-rock5b-plus/openwrt/staging_dir/toolchain-aarch64_generic_gcc-14.3.0_musl/usr/include -I/workspaces/openwrt-radxa-rock5b-plus/openwrt/staging_dir/toolchain-aarch64_generic_gcc-14.3.0_musl/include -I/workspaces/openwrt-radxa-rock5b-plus/openwrt/staging_dir/toolchain-aarch64_generic_gcc-14.3.0_musl/include/fortify " CXXFLAGS="-Os -pipe -mcpu=generic -fno-caller-saves -fno-plt -fhonour-copts -fmacro-prefix-map=/workspaces/openwrt-radxa-rock5b-plus/openwrt/build_dir/target-aarch64_generic_musl/ncurses-6.4=ncurses-6.4 -Wformat -Werror=format-security -fstack-protector -D_FORTIFY_SOURCE=1 -Wl,-z,now -Wl,-z,relro -DPIC -fPIC -std=gnu17  -I/workspaces/openwrt-radxa-rock5b-plus/openwrt/staging_dir/toolchain-aarch64_generic_gcc-14.3.0_musl/usr/include -I/workspaces/openwrt-radxa-rock5b-plus/openwrt/staging_dir/toolchain-aarch64_generic_gcc-14.3.0_musl/include -I/workspaces/openwrt-radxa-rock5b-plus/openwrt/staging_dir/toolchain-aarch64_generic_gcc-14.3.0_musl/include/fortify " LDFLAGS="-L/workspaces/openwrt-radxa-rock5b-plus/openwrt/staging_dir/toolchain-aarch64_generic_gcc-14.3.0_musl/usr/lib -L/workspaces/openwrt-radxa-rock5b-plus/openwrt/staging_dir/toolchain-aarch64_generic_gcc-14.3.0_musl/lib -fuse-ld=bfd -znow -zrelro " make -C /workspaces/openwrt-radxa-rock5b-plus/openwrt/build_dir/target-aarch64_generic_musl/ncurses-6.4/. AR="aarch64-openwrt-linux-musl-gcc-ar" AS="aarch64-openwrt-linux-musl-gcc -c -Os -pipe -mcpu=generic -fno-caller-saves -fno-plt -fhonour-copts -fmacro-prefix-map=/workspaces/openwrt-radxa-rock5b-plus/openwrt/build_dir/target-aarch64_generic_musl/ncurses-6.4=ncurses-6.4 -Wformat -Werror=format-security -fstack-protector -D_FORTIFY_SOURCE=1 -Wl,-z,now -Wl,-z,relro -DPIC -fPIC -std=gnu17" LD="aarch64-openwrt-linux-musl-ld.bfd" NM="aarch64-openwrt-linux-musl-gcc-nm" CC="aarch64-openwrt-linux-musl-gcc" GCC="aarch64-openwrt-linux-musl-gcc" CXX="aarch64-openwrt-linux-musl-g++" RANLIB="aarch64-openwrt-linux-musl-gcc-ranlib" STRIP=aarch64-openwrt-linux-musl-strip OBJCOPY=aarch64-openwrt-linux-musl-objcopy OBJDUMP=aarch64-openwrt-linux-musl-objdump SIZE=aarch64-openwrt-linux-musl-size CROSS="aarch64-openwrt-linux-musl-" ARCH="aarch64" BUILD_CC="/workspaces/openwrt-radxa-rock5b-plus/openwrt/staging_dir/host/bin/gcc" HOSTCC="/workspaces/openwrt-radxa-rock5b-plus/openwrt/staging_dir/host/bin/gcc" HOSTCCFLAGS="" PKG_CONFIG_LIBDIR=/usr/lib/pkgconfig libs DESTDIR="/workspaces/openwrt-radxa-rock5b-plus/openwrt/build_dir/target-aarch64_generic_musl/ncurses-6.4/ipkg-install"  install.libs install.data;
make[4]: Entering directory '/workspaces/openwrt-radxa-rock5b-plus/openwrt/build_dir/target-aarch64_generic_musl/ncurses-6.4'
( cd "include" && make -w DESTDIR="/workspaces/openwrt-radxa-rock5b-plus/openwrt/build_dir/target-aarch64_generic_musl/ncurses-6.4/ipkg-install" RPATH_LIST="/usr/lib" libs )
make[5]: Entering directory '/workspaces/openwrt-radxa-rock5b-plus/openwrt/build_dir/target-aarch64_generic_musl/ncurses-6.4/include'
make[5]: Nothing to be done for 'libs'.
make[5]: Leaving directory '/workspaces/openwrt-radxa-rock5b-plus/openwrt/build_dir/target-aarch64_generic_musl/ncurses-6.4/include'
( cd "ncurses" && make -w DESTDIR="/workspaces/openwrt-radxa-rock5b-plus/openwrt/build_dir/target-aarch64_generic_musl/ncurses-6.4/ipkg-install" RPATH_LIST="/usr/lib" libs )
make[5]: Entering directory '/workspaces/openwrt-radxa-rock5b-plus/openwrt/build_dir/target-aarch64_generic_musl/ncurses-6.4/ncurses'
make[5]: Nothing to be done for 'libs'.
make[5]: Leaving directory '/workspaces/openwrt-radxa-rock5b-plus/openwrt/build_dir/target-aarch64_generic_musl/ncurses-6.4/ncurses'
( cd "panel" && make -w DESTDIR="/workspaces/openwrt-radxa-rock5b-plus/openwrt/build_dir/target-aarch64_generic_musl/ncurses-6.4/ipkg-install" RPATH_LIST="/usr/lib" libs )
make[5]: Entering directory '/workspaces/openwrt-radxa-rock5b-plus/openwrt/build_dir/target-aarch64_generic_musl/ncurses-6.4/panel'
make[5]: Nothing to be done for 'libs'.
make[5]: Leaving directory '/workspaces/openwrt-radxa-rock5b-plus/openwrt/build_dir/target-aarch64_generic_musl/ncurses-6.4/panel'
( cd "menu" && make -w DESTDIR="/workspaces/openwrt-radxa-rock5b-plus/openwrt/build_dir/target-aarch64_generic_musl/ncurses-6.4/ipkg-install" RPATH_LIST="/usr/lib" libs )
make[5]: Entering directory '/workspaces/openwrt-radxa-rock5b-plus/openwrt/build_dir/target-aarch64_generic_musl/ncurses-6.4/menu'
make[5]: Nothing to be done for 'libs'.
make[5]: Leaving directory '/workspaces/openwrt-radxa-rock5b-plus/openwrt/build_dir/target-aarch64_generic_musl/ncurses-6.4/menu'
( cd "form" && make -w DESTDIR="/workspaces/openwrt-radxa-rock5b-plus/openwrt/build_dir/target-aarch64_generic_musl/ncurses-6.4/ipkg-install" RPATH_LIST="/usr/lib" libs )
make[5]: Entering directory '/workspaces/openwrt-radxa-rock5b-plus/openwrt/build_dir/target-aarch64_generic_musl/ncurses-6.4/form'
make[5]: Nothing to be done for 'libs'.
make[5]: Leaving directory '/workspaces/openwrt-radxa-rock5b-plus/openwrt/build_dir/target-aarch64_generic_musl/ncurses-6.4/form'
( cd "include" && make -w DESTDIR="/workspaces/openwrt-radxa-rock5b-plus/openwrt/build_dir/target-aarch64_generic_musl/ncurses-6.4/ipkg-install" RPATH_LIST="/usr/lib" install.libs )
make[5]: Entering directory '/workspaces/openwrt-radxa-rock5b-plus/openwrt/build_dir/target-aarch64_generic_musl/ncurses-6.4/include'
installing curses.h in /workspaces/openwrt-radxa-rock5b-plus/openwrt/build_dir/target-aarch64_generic_musl/ncurses-6.4/ipkg-install/usr/include
installing unctrl.h in /workspaces/openwrt-radxa-rock5b-plus/openwrt/build_dir/target-aarch64_generic_musl/ncurses-6.4/ipkg-install/usr/include
installing ncurses_dll.h in /workspaces/openwrt-radxa-rock5b-plus/openwrt/build_dir/target-aarch64_generic_musl/ncurses-6.4/ipkg-install/usr/include
installing term.h in /workspaces/openwrt-radxa-rock5b-plus/openwrt/build_dir/target-aarch64_generic_musl/ncurses-6.4/ipkg-install/usr/include
installing termcap.h in /workspaces/openwrt-radxa-rock5b-plus/openwrt/build_dir/target-aarch64_generic_musl/ncurses-6.4/ipkg-install/usr/include
make[5]: Leaving directory '/workspaces/openwrt-radxa-rock5b-plus/openwrt/build_dir/target-aarch64_generic_musl/ncurses-6.4/include'
( cd "ncurses" && make -w DESTDIR="/workspaces/openwrt-radxa-rock5b-plus/openwrt/build_dir/target-aarch64_generic_musl/ncurses-6.4/ipkg-install" RPATH_LIST="/usr/lib" install.libs )
make[5]: Entering directory '/workspaces/openwrt-radxa-rock5b-plus/openwrt/build_dir/target-aarch64_generic_musl/ncurses-6.4/ncurses'
installing ../lib/libncursesw.a as /workspaces/openwrt-radxa-rock5b-plus/openwrt/build_dir/target-aarch64_generic_musl/ncurses-6.4/ipkg-install/usr/lib/libncursesw.a
/workspaces/openwrt-radxa-rock5b-plus/openwrt/staging_dir/host/bin/install -c -m 644 ../lib/libncursesw.a /workspaces/openwrt-radxa-rock5b-plus/openwrt/build_dir/target-aarch64_generic_musl/ncurses-6.4/ipkg-install/usr/lib/libncursesw.a
aarch64-openwrt-linux-musl-gcc-ranlib /workspaces/openwrt-radxa-rock5b-plus/openwrt/build_dir/target-aarch64_generic_musl/ncurses-6.4/ipkg-install/usr/lib/libncursesw.a
make[5]: Leaving directory '/workspaces/openwrt-radxa-rock5b-plus/openwrt/build_dir/target-aarch64_generic_musl/ncurses-6.4/ncurses'
( cd "panel" && make -w DESTDIR="/workspaces/openwrt-radxa-rock5b-plus/openwrt/build_dir/target-aarch64_generic_musl/ncurses-6.4/ipkg-install" RPATH_LIST="/usr/lib" install.libs )
make[5]: Entering directory '/workspaces/openwrt-radxa-rock5b-plus/openwrt/build_dir/target-aarch64_generic_musl/ncurses-6.4/panel'
installing ../lib/libpanelw.a as /workspaces/openwrt-radxa-rock5b-plus/openwrt/build_dir/target-aarch64_generic_musl/ncurses-6.4/ipkg-install/usr/lib/libpanelw.a
/workspaces/openwrt-radxa-rock5b-plus/openwrt/staging_dir/host/bin/install -c -m 644 ../lib/libpanelw.a /workspaces/openwrt-radxa-rock5b-plus/openwrt/build_dir/target-aarch64_generic_musl/ncurses-6.4/ipkg-install/usr/lib/libpanelw.a
aarch64-openwrt-linux-musl-gcc-ranlib /workspaces/openwrt-radxa-rock5b-plus/openwrt/build_dir/target-aarch64_generic_musl/ncurses-6.4/ipkg-install/usr/lib/libpanelw.a
installing ./panel.h in /workspaces/openwrt-radxa-rock5b-plus/openwrt/build_dir/target-aarch64_generic_musl/ncurses-6.4/ipkg-install/usr/include
make[5]: Leaving directory '/workspaces/openwrt-radxa-rock5b-plus/openwrt/build_dir/target-aarch64_generic_musl/ncurses-6.4/panel'
( cd "menu" && make -w DESTDIR="/workspaces/openwrt-radxa-rock5b-plus/openwrt/build_dir/target-aarch64_generic_musl/ncurses-6.4/ipkg-install" RPATH_LIST="/usr/lib" install.libs )
make[5]: Entering directory '/workspaces/openwrt-radxa-rock5b-plus/openwrt/build_dir/target-aarch64_generic_musl/ncurses-6.4/menu'
installing ../lib/libmenuw.a as /workspaces/openwrt-radxa-rock5b-plus/openwrt/build_dir/target-aarch64_generic_musl/ncurses-6.4/ipkg-install/usr/lib/libmenuw.a
/workspaces/openwrt-radxa-rock5b-plus/openwrt/staging_dir/host/bin/install -c -m 644 ../lib/libmenuw.a /workspaces/openwrt-radxa-rock5b-plus/openwrt/build_dir/target-aarch64_generic_musl/ncurses-6.4/ipkg-install/usr/lib/libmenuw.a
aarch64-openwrt-linux-musl-gcc-ranlib /workspaces/openwrt-radxa-rock5b-plus/openwrt/build_dir/target-aarch64_generic_musl/ncurses-6.4/ipkg-install/usr/lib/libmenuw.a
installing ./eti.h in /workspaces/openwrt-radxa-rock5b-plus/openwrt/build_dir/target-aarch64_generic_musl/ncurses-6.4/ipkg-install/usr/include
installing ./menu.h in /workspaces/openwrt-radxa-rock5b-plus/openwrt/build_dir/target-aarch64_generic_musl/ncurses-6.4/ipkg-install/usr/include
make[5]: Leaving directory '/workspaces/openwrt-radxa-rock5b-plus/openwrt/build_dir/target-aarch64_generic_musl/ncurses-6.4/menu'
( cd "form" && make -w DESTDIR="/workspaces/openwrt-radxa-rock5b-plus/openwrt/build_dir/target-aarch64_generic_musl/ncurses-6.4/ipkg-install" RPATH_LIST="/usr/lib" install.libs )
make[5]: Entering directory '/workspaces/openwrt-radxa-rock5b-plus/openwrt/build_dir/target-aarch64_generic_musl/ncurses-6.4/form'
installing ../lib/libformw.a as /workspaces/openwrt-radxa-rock5b-plus/openwrt/build_dir/target-aarch64_generic_musl/ncurses-6.4/ipkg-install/usr/lib/libformw.a
/workspaces/openwrt-radxa-rock5b-plus/openwrt/staging_dir/host/bin/install -c -m 644 ../lib/libformw.a /workspaces/openwrt-radxa-rock5b-plus/openwrt/build_dir/target-aarch64_generic_musl/ncurses-6.4/ipkg-install/usr/lib/libformw.a
aarch64-openwrt-linux-musl-gcc-ranlib /workspaces/openwrt-radxa-rock5b-plus/openwrt/build_dir/target-aarch64_generic_musl/ncurses-6.4/ipkg-install/usr/lib/libformw.a
installing ./form.h in /workspaces/openwrt-radxa-rock5b-plus/openwrt/build_dir/target-aarch64_generic_musl/ncurses-6.4/ipkg-install/usr/include
make[5]: Leaving directory '/workspaces/openwrt-radxa-rock5b-plus/openwrt/build_dir/target-aarch64_generic_musl/ncurses-6.4/form'
( cd misc && make -w DESTDIR="/workspaces/openwrt-radxa-rock5b-plus/openwrt/build_dir/target-aarch64_generic_musl/ncurses-6.4/ipkg-install" RPATH_LIST="/usr/lib" install.libs )
make[5]: Entering directory '/workspaces/openwrt-radxa-rock5b-plus/openwrt/build_dir/target-aarch64_generic_musl/ncurses-6.4/misc'
/workspaces/openwrt-radxa-rock5b-plus/openwrt/staging_dir/host/bin/install -c ncurses-config /workspaces/openwrt-radxa-rock5b-plus/openwrt/build_dir/target-aarch64_generic_musl/ncurses-6.4/ipkg-install/usr/bin/ncursesw6-config
installing ncursesw.pc
installing ncursesw.pc
installing panelw.pc
installing menuw.pc
installing formw.pc
make[5]: Leaving directory '/workspaces/openwrt-radxa-rock5b-plus/openwrt/build_dir/target-aarch64_generic_musl/ncurses-6.4/misc'
( cd misc && make -w DESTDIR="/workspaces/openwrt-radxa-rock5b-plus/openwrt/build_dir/target-aarch64_generic_musl/ncurses-6.4/ipkg-install" RPATH_LIST="/usr/lib" install.data )
make[5]: Entering directory '/workspaces/openwrt-radxa-rock5b-plus/openwrt/build_dir/target-aarch64_generic_musl/ncurses-6.4/misc'
DESTDIR=/workspaces/openwrt-radxa-rock5b-plus/openwrt/build_dir/target-aarch64_generic_musl/ncurses-6.4/ipkg-install \
prefix=/usr \
exec_prefix=/usr \
bindir=/usr/bin \
top_srcdir=.. \
srcdir=. \
datadir=/usr/share \
ticdir=/usr/share/terminfo \
source=terminfo.tmp \
cross_compiling=yes \
/bin/sh ./run_tic.sh
** Building terminfo database, please wait...
Running tic to install /workspaces/openwrt-radxa-rock5b-plus/openwrt/build_dir/target-aarch64_generic_musl/ncurses-6.4/ipkg-install/usr/share/terminfo ...

	You may see messages regarding extended capabilities, e.g., AX.
	These are extended terminal capabilities which are compiled
	using
		tic -x
	If you have ncurses 4.2 applications, you should read the INSTALL
	document, and install the terminfo without the -x option.

ncurses 6.4.20221231
"terminfo.tmp", line 1232, col 36, terminal 'fbterm': limiting value of `pairs' from 0x10000 to 0x7fff
"terminfo.tmp", line 5327, col 36, terminal 'xterm+256color': limiting value of `pairs' from 0x10000 to 0x7fff
"terminfo.tmp", line 5359, col 36, terminal 'xterm+256setaf': limiting value of `pairs' from 0x10000 to 0x7fff
"terminfo.tmp", line 5406, col 25, terminal 'xterm+direct2': limiting value of `colors' from 0x1000000 to 0x7fff
"terminfo.tmp", line 5406, col 40, terminal 'xterm+direct2': limiting value of `pairs' from 0x10000 to 0x7fff
"terminfo.tmp", line 5421, col 25, terminal 'xterm+direct': limiting value of `colors' from 0x1000000 to 0x7fff
"terminfo.tmp", line 5421, col 40, terminal 'xterm+direct': limiting value of `pairs' from 0x10000 to 0x7fff
"terminfo.tmp", line 5443, col 25, terminal 'xterm+indirect': limiting value of `colors' from 0x1000000 to 0x7fff
"terminfo.tmp", line 5443, col 40, terminal 'xterm+indirect': limiting value of `pairs' from 0x10000 to 0x7fff
"terminfo.tmp", line 8766, col 36, terminal 'dvtm-256color': limiting value of `pairs' from 0x10000 to 0x7fff
rm -f /workspaces/openwrt-radxa-rock5b-plus/openwrt/build_dir/target-aarch64_generic_musl/linux-rockchip_armv8/packages/.built_e142175593e3893d7c99bb2e0dc8f865
touch /workspaces/openwrt-radxa-rock5b-plus/openwrt/build_dir/target-aarch64_generic_musl/linux-rockchip_armv8/packages/.built_e142175593e3893d7c99bb2e0dc8f865_check





touch /workspaces/openwrt-radxa-rock5b-plus/openwrt/build_dir/target-aarch64_generic_musl/linux-rockchip_armv8/packages/.built_e142175593e3893d7c99bb2e0dc8f865
rm -rf /workspaces/openwrt-radxa-rock5b-plus/openwrt/build_dir/target-aarch64_generic_musl/linux-rockchip_armv8/packages/.pkgdir/kernel.installed /workspaces/openwrt-radxa-rock5b-plus/openwrt/build_dir/target-aarch64_generic_musl/linux-rockchip_armv8/packages/.pkgdir/kernel
mkdir -p /workspaces/openwrt-radxa-rock5b-plus/openwrt/build_dir/target-aarch64_generic_musl/linux-rockchip_armv8/packages/.pkgdir/kernel
install -d -m0755 /workspaces/openwrt-radxa-rock5b-plus/openwrt/build_dir/target-aarch64_generic_musl/linux-rockchip_armv8/packages/.pkgdir/kernel/lib/modules/6.12.45
install -m0644 /workspaces/openwrt-radxa-rock5b-plus/openwrt/build_dir/target-aarch64_generic_musl/linux-rockchip_armv8/linux-6.12.45/modules.builtin /workspaces/openwrt-radxa-rock5b-plus/openwrt/build_dir/target-aarch64_generic_musl/linux-rockchip_armv8/packages/.pkgdir/kernel/lib/modules/6.12.45
/workspaces/openwrt-radxa-rock5b-plus/openwrt/staging_dir/host/bin/sed -i -e 's,.*/,,' /workspaces/openwrt-radxa-rock5b-plus/openwrt/build_dir/target-aarch64_generic_musl/linux-rockchip_armv8/packages/.pkgdir/kernel/lib/modules/6.12.45/modules.builtin
strings /workspaces/openwrt-radxa-rock5b-plus/openwrt/build_dir/target-aarch64_generic_musl/linux-rockchip_armv8/linux-6.12.45/modules.builtin.modinfo | grep -E -v "\.(file|parmtype)=" | tr '\n' '\0' > /workspaces/openwrt-radxa-rock5b-plus/openwrt/build_dir/target-aarch64_generic_musl/linux-rockchip_armv8/packages/.pkgdir/kernel/lib/modules/6.12.45/modules.builtin.modinfo
echo 6.12.45~bfdb4691414eb2d33b0186227f6f0e2d-r1 > /workspaces/openwrt-radxa-rock5b-plus/openwrt/tmp/kernel.version

touch /workspaces/openwrt-radxa-rock5b-plus/openwrt/build_dir/target-aarch64_generic_musl/linux-rockchip_armv8/packages/.pkgdir/kernel.installed
mkdir -p /workspaces/openwrt-radxa-rock5b-plus/openwrt/staging_dir/target-aarch64_generic_musl/root-rockchip/stamp

SHELL= flock /workspaces/openwrt-radxa-rock5b-plus/openwrt/tmp/.root-copy.flock -c 'cp -fpR /workspaces/openwrt-radxa-rock5b-plus/openwrt/build_dir/target-aarch64_generic_musl/linux-rockchip_armv8/packages/.pkgdir/kernel/. /workspaces/openwrt-radxa-rock5b-plus/openwrt/staging_dir/target-aarch64_generic_musl/root-rockchip/'
touch /workspaces/openwrt-radxa-rock5b-plus/openwrt/staging_dir/target-aarch64_generic_musl/root-rockchip/stamp/.kernel_installed
rm -rf /workspaces/openwrt-radxa-rock5b-plus/openwrt/build_dir/target-aarch64_generic_musl/linux-rockchip_armv8/packages/ipkg-aarch64_generic/kernel
/workspaces/openwrt-radxa-rock5b-plus/openwrt/scripts/ipkg-remove kernel /workspaces/openwrt-radxa-rock5b-plus/openwrt/bin/targets/rockchip/armv8/packages/kernel-6.12.45~bfdb4691414eb2d33b0186227f6f0e2d-r1.apk
mkdir -p /workspaces/openwrt-radxa-rock5b-plus/openwrt/bin/targets/rockchip/armv8/packages /workspaces/openwrt-radxa-rock5b-plus/openwrt/build_dir/target-aarch64_generic_musl/linux-rockchip_armv8/packages/ipkg-aarch64_generic/kernel /workspaces/openwrt-radxa-rock5b-plus/openwrt/staging_dir/target-aarch64_generic_musl/pkginfo
install -d -m0755 /workspaces/openwrt-radxa-rock5b-plus/openwrt/build_dir/target-aarch64_generic_musl/linux-rockchip_armv8/packages/ipkg-aarch64_generic/kernel/lib/modules/6.12.45
install -m0644 /workspaces/openwrt-radxa-rock5b-plus/openwrt/build_dir/target-aarch64_generic_musl/linux-rockchip_armv8/linux-6.12.45/modules.builtin /workspaces/openwrt-radxa-rock5b-plus/openwrt/build_dir/target-aarch64_generic_musl/linux-rockchip_armv8/packages/ipkg-aarch64_generic/kernel/lib/modules/6.12.45
/workspaces/openwrt-radxa-rock5b-plus/openwrt/staging_dir/host/bin/sed -i -e 's,.*/,,' /workspaces/openwrt-radxa-rock5b-plus/openwrt/build_dir/target-aarch64_generic_musl/linux-rockchip_armv8/packages/ipkg-aarch64_generic/kernel/lib/modules/6.12.45/modules.builtin
strings /workspaces/openwrt-radxa-rock5b-plus/openwrt/build_dir/target-aarch64_generic_musl/linux-rockchip_armv8/linux-6.12.45/modules.builtin.modinfo | grep -E -v "\.(file|parmtype)=" | tr '\n' '\0' > /workspaces/openwrt-radxa-rock5b-plus/openwrt/build_dir/target-aarch64_generic_musl/linux-rockchip_armv8/packages/ipkg-aarch64_generic/kernel/lib/modules/6.12.45/modules.builtin.modinfo
echo 6.12.45~bfdb4691414eb2d33b0186227f6f0e2d-r1 > /workspaces/openwrt-radxa-rock5b-plus/openwrt/tmp/kernel.version


find /workspaces/openwrt-radxa-rock5b-plus/openwrt/build_dir/target-aarch64_generic_musl/linux-rockchip_armv8/packages/ipkg-aarch64_generic/kernel -name 'CVS' -o -name '.svn' -o -name '.#*' -o -name '*~'| xargs -r rm -rf
( find /workspaces/openwrt-radxa-rock5b-plus/openwrt/build_dir/target-aarch64_generic_musl/linux-rockchip_armv8/packages/ipkg-aarch64_generic/kernel -name lib\*.so\* -or -name \*.ko | awk -F/ '{ print $NF }'; for file in /workspaces/openwrt-radxa-rock5b-plus/openwrt/staging_dir/target-aarch64_generic_musl/pkginfo/libc.provides; do if [ -f "$file" ]; then cat $file; fi; done; 	sed -e 's,.*/,,' /workspaces/openwrt-radxa-rock5b-plus/openwrt/build_dir/target-aarch64_generic_musl/linux-rockchip_armv8/linux-6.12.45/modules.builtin; ) | sort -u > /workspaces/openwrt-radxa-rock5b-plus/openwrt/staging_dir/target-aarch64_generic_musl/pkginfo/kernel.provides

( rm -f /workspaces/openwrt-radxa-rock5b-plus/openwrt/staging_dir/target-aarch64_generic_musl/pkginfo/kernel.missing; ( export READELF=aarch64-openwrt-linux-musl-readelf OBJCOPY=aarch64-openwrt-linux-musl-objcopy XARGS="xargs -r"; /workspaces/openwrt-radxa-rock5b-plus/openwrt/scripts/gen-dependencies.sh "/workspaces/openwrt-radxa-rock5b-plus/openwrt/build_dir/target-aarch64_generic_musl/linux-rockchip_armv8/packages/ipkg-aarch64_generic/kernel"; ) | while read FILE; do grep -qxF "$FILE" /workspaces/openwrt-radxa-rock5b-plus/openwrt/staging_dir/target-aarch64_generic_musl/pkginfo/kernel.provides || echo "$FILE" >> /workspaces/openwrt-radxa-rock5b-plus/openwrt/staging_dir/target-aarch64_generic_musl/pkginfo/kernel.missing; done; if [ -f "/workspaces/openwrt-radxa-rock5b-plus/openwrt/staging_dir/target-aarch64_generic_musl/pkginfo/kernel.missing" ]; then echo "Package kernel is missing dependencies for the following libraries:" >&2; cat "/workspaces/openwrt-radxa-rock5b-plus/openwrt/staging_dir/target-aarch64_generic_musl/pkginfo/kernel.missing" >&2; false; fi; )
export CROSS="aarch64-openwrt-linux-musl-"  NO_RENAME=1 ; NM="aarch64-openwrt-linux-musl-nm" STRIP="/workspaces/openwrt-radxa-rock5b-plus/openwrt/staging_dir/host/bin/sstrip -z" STRIP_KMOD="/workspaces/openwrt-radxa-rock5b-plus/openwrt/scripts/strip-kmod.sh" PATCHELF="/workspaces/openwrt-radxa-rock5b-plus/openwrt/staging_dir/host/bin/patchelf" /workspaces/openwrt-radxa-rock5b-plus/openwrt/scripts/rstrip.sh /workspaces/openwrt-radxa-rock5b-plus/openwrt/build_dir/target-aarch64_generic_musl/linux-rockchip_armv8/packages/ipkg-aarch64_generic/kernel
install -d -m0755 /workspaces/openwrt-radxa-rock5b-plus/openwrt/bin/targets/rockchip/armv8/packages/tmp
mkdir -p /workspaces/openwrt-radxa-rock5b-plus/openwrt/build_dir/target-aarch64_generic_musl/linux-rockchip_armv8/packages/apk-aarch64_generic/kernel/
mkdir -p /workspaces/openwrt-radxa-rock5b-plus/openwrt/build_dir/target-aarch64_generic_musl/linux-rockchip_armv8/packages/ipkg-aarch64_generic/kernel/lib/apk/packages/
(cd /workspaces/openwrt-radxa-rock5b-plus/openwrt/build_dir/target-aarch64_generic_musl/linux-rockchip_armv8/packages/apk-aarch64_generic/kernel; )
( echo "#!/bin/sh"; echo "[ \"\${IPKG_NO_SCRIPT}\" = \"1\" ] && exit 0"; echo "[ -s "\${IPKG_INSTROOT}/lib/functions.sh" ] || exit 0"; echo ". \${IPKG_INSTROOT}/lib/functions.sh"; echo 'export root="${IPKG_INSTROOT}"'; echo 'export pkgname="kernel"'; echo "add_group_and_user"; echo "default_postinst"; [ ! -f /workspaces/openwrt-radxa-rock5b-plus/openwrt/build_dir/target-aarch64_generic_musl/linux-rockchip_armv8/packages/apk-aarch64_generic/kernel/postinst-pkg ] || sed -z 's/^\s*#!/#!/' "/workspaces/openwrt-radxa-rock5b-plus/openwrt/build_dir/target-aarch64_generic_musl/linux-rockchip_armv8/packages/apk-aarch64_generic/kernel/postinst-pkg"; ) > /workspaces/openwrt-radxa-rock5b-plus/openwrt/build_dir/target-aarch64_generic_musl/linux-rockchip_armv8/packages/apk-aarch64_generic/kernel/post-install;
( echo "#!/bin/sh"; echo 'export PKG_UPGRADE=1'; [ ! -f /workspaces/openwrt-radxa-rock5b-plus/openwrt/build_dir/target-aarch64_generic_musl/linux-rockchip_armv8/packages/apk-aarch64_generic/kernel/post-install ] || sed -z 's/^\s*#!/#!/' "/workspaces/openwrt-radxa-rock5b-plus/openwrt/build_dir/target-aarch64_generic_musl/linux-rockchip_armv8/packages/apk-aarch64_generic/kernel/post-install"; ) > /workspaces/openwrt-radxa-rock5b-plus/openwrt/build_dir/target-aarch64_generic_musl/linux-rockchip_armv8/packages/apk-aarch64_generic/kernel/post-upgrade;
( echo "#!/bin/sh"; echo "[ -s "\${IPKG_INSTROOT}/lib/functions.sh" ] || exit 0"; echo ". \${IPKG_INSTROOT}/lib/functions.sh"; echo 'export root="${IPKG_INSTROOT}"'; echo 'export pkgname="kernel"'; echo "default_prerm"; [ ! -f /workspaces/openwrt-radxa-rock5b-plus/openwrt/build_dir/target-aarch64_generic_musl/linux-rockchip_armv8/packages/apk-aarch64_generic/kernel/prerm-pkg ] || sed -z 's/^\s*#!/#!/' "/workspaces/openwrt-radxa-rock5b-plus/openwrt/build_dir/target-aarch64_generic_musl/linux-rockchip_armv8/packages/apk-aarch64_generic/kernel/prerm-pkg"; ) > /workspaces/openwrt-radxa-rock5b-plus/openwrt/build_dir/target-aarch64_generic_musl/linux-rockchip_armv8/packages/apk-aarch64_generic/kernel/pre-deinstall;
[ ! -f /workspaces/openwrt-radxa-rock5b-plus/openwrt/build_dir/target-aarch64_generic_musl/linux-rockchip_armv8/packages/apk-aarch64_generic/kernel/postrm ] || sed -zi 's/^\s*#!/#!/' "/workspaces/openwrt-radxa-rock5b-plus/openwrt/build_dir/target-aarch64_generic_musl/linux-rockchip_armv8/packages/apk-aarch64_generic/kernel/postrm";
if [ -n "" ]; then echo  > /workspaces/openwrt-radxa-rock5b-plus/openwrt/build_dir/target-aarch64_generic_musl/linux-rockchip_armv8/packages/ipkg-aarch64_generic/kernel/lib/apk/packages/kernel.rusers; fi;
if [ -n "" ]; then echo  > /workspaces/openwrt-radxa-rock5b-plus/openwrt/build_dir/target-aarch64_generic_musl/linux-rockchip_armv8/packages/ipkg-aarch64_generic/kernel/lib/apk/packages/kernel.alternatives; fi;
(cd /workspaces/openwrt-radxa-rock5b-plus/openwrt/build_dir/target-aarch64_generic_musl/linux-rockchip_armv8/packages/ipkg-aarch64_generic/kernel && find . -type f,l -printf "/%P\n" | sort > /workspaces/openwrt-radxa-rock5b-plus/openwrt/tmp/kernel.list && mv /workspaces/openwrt-radxa-rock5b-plus/openwrt/tmp/kernel.list /workspaces/openwrt-radxa-rock5b-plus/openwrt/build_dir/target-aarch64_generic_musl/linux-rockchip_armv8/packages/ipkg-aarch64_generic/kernel/lib/apk/packages/kernel.list)
# Move conffiles to IDIR and build conffiles_static with csums
if [ -f /workspaces/openwrt-radxa-rock5b-plus/openwrt/build_dir/target-aarch64_generic_musl/linux-rockchip_armv8/packages/apk-aarch64_generic/kernel/conffiles ]; then mv -f /workspaces/openwrt-radxa-rock5b-plus/openwrt/build_dir/target-aarch64_generic_musl/linux-rockchip_armv8/packages/apk-aarch64_generic/kernel/conffiles /workspaces/openwrt-radxa-rock5b-plus/openwrt/build_dir/target-aarch64_generic_musl/linux-rockchip_armv8/packages/ipkg-aarch64_generic/kernel/lib/apk/packages/kernel.conffiles; for file in $(cat /workspaces/openwrt-radxa-rock5b-plus/openwrt/build_dir/target-aarch64_generic_musl/linux-rockchip_armv8/packages/ipkg-aarch64_generic/kernel/lib/apk/packages/kernel.conffiles); do [ -f /workspaces/openwrt-radxa-rock5b-plus/openwrt/build_dir/target-aarch64_generic_musl/linux-rockchip_armv8/packages/ipkg-aarch64_generic/kernel/$file ] || continue; csum=$(/workspaces/openwrt-radxa-rock5b-plus/openwrt/staging_dir/host/bin/mkhash sha256 /workspaces/openwrt-radxa-rock5b-plus/openwrt/build_dir/target-aarch64_generic_musl/linux-rockchip_armv8/packages/ipkg-aarch64_generic/kernel/$file); echo $file $csum >> /workspaces/openwrt-radxa-rock5b-plus/openwrt/build_dir/target-aarch64_generic_musl/linux-rockchip_armv8/packages/ipkg-aarch64_generic/kernel/lib/apk/packages/kernel.conffiles_static; done; fi
# Some package (base-files) manually append stuff to conffiles
# Append stuff from it and delete the CONTROL directory since everything else should be migrated
if [ -f /workspaces/openwrt-radxa-rock5b-plus/openwrt/build_dir/target-aarch64_generic_musl/linux-rockchip_armv8/packages/ipkg-aarch64_generic/kernel/CONTROL/conffiles ]; then echo $(IDIR_kernel)/CONTROL/conffiles >> /workspaces/openwrt-radxa-rock5b-plus/openwrt/build_dir/target-aarch64_generic_musl/linux-rockchip_armv8/packages/ipkg-aarch64_generic/kernel/lib/apk/packages/kernel.conffiles; for file in $(cat /workspaces/openwrt-radxa-rock5b-plus/openwrt/build_dir/target-aarch64_generic_musl/linux-rockchip_armv8/packages/ipkg-aarch64_generic/kernel/CONTROL/conffiles); do [ -f /workspaces/openwrt-radxa-rock5b-plus/openwrt/build_dir/target-aarch64_generic_musl/linux-rockchip_armv8/packages/ipkg-aarch64_generic/kernel/$file ] || continue; csum=$(/workspaces/openwrt-radxa-rock5b-plus/openwrt/staging_dir/host/bin/mkhash sha256 /workspaces/openwrt-radxa-rock5b-plus/openwrt/build_dir/target-aarch64_generic_musl/linux-rockchip_armv8/packages/ipkg-aarch64_generic/kernel/$file); echo $file $csum >> /workspaces/openwrt-radxa-rock5b-plus/openwrt/build_dir/target-aarch64_generic_musl/linux-rockchip_armv8/packages/ipkg-aarch64_generic/kernel/lib/apk/packages/kernel.conffiles_static; done; rm -rf /workspaces/openwrt-radxa-rock5b-plus/openwrt/build_dir/target-aarch64_generic_musl/linux-rockchip_armv8/packages/ipkg-aarch64_generic/kernel/CONTROL/conffiles; fi
if [ -z "$(ls -A /workspaces/openwrt-radxa-rock5b-plus/openwrt/build_dir/target-aarch64_generic_musl/linux-rockchip_armv8/packages/ipkg-aarch64_generic/kernel/CONTROL 2>/dev/null)" ]; then rm -rf /workspaces/openwrt-radxa-rock5b-plus/openwrt/build_dir/target-aarch64_generic_musl/linux-rockchip_armv8/packages/ipkg-aarch64_generic/kernel/CONTROL; else echo "CONTROL directory /workspaces/openwrt-radxa-rock5b-plus/openwrt/build_dir/target-aarch64_generic_musl/linux-rockchip_armv8/packages/ipkg-aarch64_generic/kernel/CONTROL is not empty! This is not right and should be checked!" >&2; exit 1; fi
/workspaces/openwrt-radxa-rock5b-plus/openwrt/staging_dir/host/bin/fakeroot /workspaces/openwrt-radxa-rock5b-plus/openwrt/staging_dir/host/bin/apk mkpkg --info "name:kernel" --info "version:6.12.45~bfdb4691414eb2d33b0186227f6f0e2d-r1"  --info "description:Virtual kernel package" --info "arch:aarch64_generic" --info "license:GPL-2.0-only" --info "origin:feeds/base/kernel/linux" --info "url:http://www.kernel.org/" --info "maintainer:" --info "provides:"  --script "post-install:/workspaces/openwrt-radxa-rock5b-plus/openwrt/build_dir/target-aarch64_generic_musl/linux-rockchip_armv8/packages/apk-aarch64_generic/kernel/post-install" --script "post-upgrade:/workspaces/openwrt-radxa-rock5b-plus/openwrt/build_dir/target-aarch64_generic_musl/linux-rockchip_armv8/packages/apk-aarch64_generic/kernel/post-upgrade" --script "pre-deinstall:/workspaces/openwrt-radxa-rock5b-plus/openwrt/build_dir/target-aarch64_generic_musl/linux-rockchip_armv8/packages/apk-aarch64_generic/kernel/pre-deinstall" --info "depends:libc" --files "/workspaces/openwrt-radxa-rock5b-plus/openwrt/build_dir/target-aarch64_generic_musl/linux-rockchip_armv8/packages/ipkg-aarch64_generic/kernel" --output "/workspaces/openwrt-radxa-rock5b-plus/openwrt/bin/targets/rockchip/armv8/packages/kernel-6.12.45~bfdb4691414eb2d33b0186227f6f0e2d-r1.apk" --sign "/workspaces/openwrt-radxa-rock5b-plus/openwrt/private-key.pem"
[ -f /workspaces/openwrt-radxa-rock5b-plus/openwrt/bin/targets/rockchip/armv8/packages/kernel-6.12.45~bfdb4691414eb2d33b0186227f6f0e2d-r1.apk ]
removed '/workspaces/openwrt-radxa-rock5b-plus/openwrt/bin/targets/rockchip/armv8/packages/kernel-6.12.45~bfdb4691414eb2d33b0186227f6f0e2d-r1.apk'
rm -rf /workspaces/openwrt-radxa-rock5b-plus/openwrt/build_dir/target-aarch64_generic_musl/linux-rockchip_armv8/packages/ipkg-aarch64_generic/kmod-i2c-core
/workspaces/openwrt-radxa-rock5b-plus/openwrt/scripts/ipkg-remove kmod-i2c-core /workspaces/openwrt-radxa-rock5b-plus/openwrt/bin/targets/rockchip/armv8/packages/kmod-i2c-core-6.12.45-r1.apk
mkdir -p /workspaces/openwrt-radxa-rock5b-plus/openwrt/bin/targets/rockchip/armv8/packages /workspaces/openwrt-radxa-rock5b-plus/openwrt/build_dir/target-aarch64_generic_musl/linux-rockchip_armv8/packages/ipkg-aarch64_generic/kmod-i2c-core /workspaces/openwrt-radxa-rock5b-plus/openwrt/staging_dir/target-aarch64_generic_musl/pkginfo
for mod in /workspaces/openwrt-radxa-rock5b-plus/openwrt/build_dir/target-aarch64_generic_musl/linux-rockchip_armv8/linux-6.12.45/drivers/i2c/i2c-core.ko /workspaces/openwrt-radxa-rock5b-plus/openwrt/build_dir/target-aarch64_generic_musl/linux-rockchip_armv8/linux-6.12.45/drivers/i2c/i2c-dev.ko; do if grep -q "${mod##/workspaces/openwrt-radxa-rock5b-plus/openwrt/build_dir/target-aarch64_generic_musl/linux-rockchip_armv8/linux-6.12.45/}" "/workspaces/openwrt-radxa-rock5b-plus/openwrt/build_dir/target-aarch64_generic_musl/linux-rockchip_armv8/linux-6.12.45/modules.builtin"; then echo "NOTICE: module '$mod' is built-in."; elif [ -e $mod ]; then mkdir -p /workspaces/openwrt-radxa-rock5b-plus/openwrt/build_dir/target-aarch64_generic_musl/linux-rockchip_armv8/packages/ipkg-aarch64_generic/kmod-i2c-core/lib/modules/6.12.45 ; cp -fpR -L $mod /workspaces/openwrt-radxa-rock5b-plus/openwrt/build_dir/target-aarch64_generic_musl/linux-rockchip_armv8/packages/ipkg-aarch64_generic/kmod-i2c-core/lib/modules/6.12.45/ ; else echo "ERROR: module '$mod' is missing." >&2; exit 1; fi; done;
mkdir -p /workspaces/openwrt-radxa-rock5b-plus/openwrt/build_dir/target-aarch64_generic_musl/linux-rockchip_armv8/packages/ipkg-aarch64_generic/kmod-i2c-core/etc/modules.d; ( echo "i2c-core";   echo "i2c-dev"; ) > /workspaces/openwrt-radxa-rock5b-plus/openwrt/build_dir/target-aarch64_generic_musl/linux-rockchip_armv8/packages/ipkg-aarch64_generic/kmod-i2c-core/etc/modules.d/51-i2c-core; 



find /workspaces/openwrt-radxa-rock5b-plus/openwrt/build_dir/target-aarch64_generic_musl/linux-rockchip_armv8/packages/ipkg-aarch64_generic/kmod-i2c-core -name 'CVS' -o -name '.svn' -o -name '.#*' -o -name '*~'| xargs -r rm -rf
( find /workspaces/openwrt-radxa-rock5b-plus/openwrt/build_dir/target-aarch64_generic_musl/linux-rockchip_armv8/packages/ipkg-aarch64_generic/kmod-i2c-core -name lib\*.so\* -or -name \*.ko | awk -F/ '{ print $NF }'; for file in ; do if [ -f "$file" ]; then cat $file; fi; done;  ) | sort -u > /workspaces/openwrt-radxa-rock5b-plus/openwrt/staging_dir/target-aarch64_generic_musl/pkginfo/kmod-i2c-core.provides

( rm -f /workspaces/openwrt-radxa-rock5b-plus/openwrt/staging_dir/target-aarch64_generic_musl/pkginfo/kmod-i2c-core.missing; ( export READELF=aarch64-openwrt-linux-musl-readelf OBJCOPY=aarch64-openwrt-linux-musl-objcopy XARGS="xargs -r"; /workspaces/openwrt-radxa-rock5b-plus/openwrt/scripts/gen-dependencies.sh "/workspaces/openwrt-radxa-rock5b-plus/openwrt/build_dir/target-aarch64_generic_musl/linux-rockchip_armv8/packages/ipkg-aarch64_generic/kmod-i2c-core"; ) | while read FILE; do grep -qxF "$FILE" /workspaces/openwrt-radxa-rock5b-plus/openwrt/staging_dir/target-aarch64_generic_musl/pkginfo/kmod-i2c-core.provides || echo "$FILE" >> /workspaces/openwrt-radxa-rock5b-plus/openwrt/staging_dir/target-aarch64_generic_musl/pkginfo/kmod-i2c-core.missing; done; if [ -f "/workspaces/openwrt-radxa-rock5b-plus/openwrt/staging_dir/target-aarch64_generic_musl/pkginfo/kmod-i2c-core.missing" ]; then echo "Package kmod-i2c-core is missing dependencies for the following libraries:" >&2; cat "/workspaces/openwrt-radxa-rock5b-plus/openwrt/staging_dir/target-aarch64_generic_musl/pkginfo/kmod-i2c-core.missing" >&2; false; fi; )
export CROSS="aarch64-openwrt-linux-musl-"  NO_RENAME=1 ; NM="aarch64-openwrt-linux-musl-nm" STRIP="/workspaces/openwrt-radxa-rock5b-plus/openwrt/staging_dir/host/bin/sstrip -z" STRIP_KMOD="/workspaces/openwrt-radxa-rock5b-plus/openwrt/scripts/strip-kmod.sh" PATCHELF="/workspaces/openwrt-radxa-rock5b-plus/openwrt/staging_dir/host/bin/patchelf" /workspaces/openwrt-radxa-rock5b-plus/openwrt/scripts/rstrip.sh /workspaces/openwrt-radxa-rock5b-plus/openwrt/build_dir/target-aarch64_generic_musl/linux-rockchip_armv8/packages/ipkg-aarch64_generic/kmod-i2c-core
install -d -m0755 /workspaces/openwrt-radxa-rock5b-plus/openwrt/bin/targets/rockchip/armv8/packages/tmp
mkdir -p /workspaces/openwrt-radxa-rock5b-plus/openwrt/build_dir/target-aarch64_generic_musl/linux-rockchip_armv8/packages/apk-aarch64_generic/kmod-i2c-core/
mkdir -p /workspaces/openwrt-radxa-rock5b-plus/openwrt/build_dir/target-aarch64_generic_musl/linux-rockchip_armv8/packages/ipkg-aarch64_generic/kmod-i2c-core/lib/apk/packages/
(cd /workspaces/openwrt-radxa-rock5b-plus/openwrt/build_dir/target-aarch64_generic_musl/linux-rockchip_armv8/packages/apk-aarch64_generic/kmod-i2c-core; )
( echo "#!/bin/sh"; echo "[ \"\${IPKG_NO_SCRIPT}\" = \"1\" ] && exit 0"; echo "[ -s "\${IPKG_INSTROOT}/lib/functions.sh" ] || exit 0"; echo ". \${IPKG_INSTROOT}/lib/functions.sh"; echo 'export root="${IPKG_INSTROOT}"'; echo 'export pkgname="kmod-i2c-core"'; echo "add_group_and_user"; echo "default_postinst"; [ ! -f /workspaces/openwrt-radxa-rock5b-plus/openwrt/build_dir/target-aarch64_generic_musl/linux-rockchip_armv8/packages/apk-aarch64_generic/kmod-i2c-core/postinst-pkg ] || sed -z 's/^\s*#!/#!/' "/workspaces/openwrt-radxa-rock5b-plus/openwrt/build_dir/target-aarch64_generic_musl/linux-rockchip_armv8/packages/apk-aarch64_generic/kmod-i2c-core/postinst-pkg"; ) > /workspaces/openwrt-radxa-rock5b-plus/openwrt/build_dir/target-aarch64_generic_musl/linux-rockchip_armv8/packages/apk-aarch64_generic/kmod-i2c-core/post-install;
( echo "#!/bin/sh"; echo 'export PKG_UPGRADE=1'; [ ! -f /workspaces/openwrt-radxa-rock5b-plus/openwrt/build_dir/target-aarch64_generic_musl/linux-rockchip_armv8/packages/apk-aarch64_generic/kmod-i2c-core/post-install ] || sed -z 's/^\s*#!/#!/' "/workspaces/openwrt-radxa-rock5b-plus/openwrt/build_dir/target-aarch64_generic_musl/linux-rockchip_armv8/packages/apk-aarch64_generic/kmod-i2c-core/post-install"; ) > /workspaces/openwrt-radxa-rock5b-plus/openwrt/build_dir/target-aarch64_generic_musl/linux-rockchip_armv8/packages/apk-aarch64_generic/kmod-i2c-core/post-upgrade;
( echo "#!/bin/sh"; echo "[ -s "\${IPKG_INSTROOT}/lib/functions.sh" ] || exit 0"; echo ". \${IPKG_INSTROOT}/lib/functions.sh"; echo 'export root="${IPKG_INSTROOT}"'; echo 'export pkgname="kmod-i2c-core"'; echo "default_prerm"; [ ! -f /workspaces/openwrt-radxa-rock5b-plus/openwrt/build_dir/target-aarch64_generic_musl/linux-rockchip_armv8/packages/apk-aarch64_generic/kmod-i2c-core/prerm-pkg ] || sed -z 's/^\s*#!/#!/' "/workspaces/openwrt-radxa-rock5b-plus/openwrt/build_dir/target-aarch64_generic_musl/linux-rockchip_armv8/packages/apk-aarch64_generic/kmod-i2c-core/prerm-pkg"; ) > /workspaces/openwrt-radxa-rock5b-plus/openwrt/build_dir/target-aarch64_generic_musl/linux-rockchip_armv8/packages/apk-aarch64_generic/kmod-i2c-core/pre-deinstall;
[ ! -f /workspaces/openwrt-radxa-rock5b-plus/openwrt/build_dir/target-aarch64_generic_musl/linux-rockchip_armv8/packages/apk-aarch64_generic/kmod-i2c-core/postrm ] || sed -zi 's/^\s*#!/#!/' "/workspaces/openwrt-radxa-rock5b-plus/openwrt/build_dir/target-aarch64_generic_musl/linux-rockchip_armv8/packages/apk-aarch64_generic/kmod-i2c-core/postrm";
if [ -n "" ]; then echo  > /workspaces/openwrt-radxa-rock5b-plus/openwrt/build_dir/target-aarch64_generic_musl/linux-rockchip_armv8/packages/ipkg-aarch64_generic/kmod-i2c-core/lib/apk/packages/kmod-i2c-core.rusers; fi;
if [ -n "" ]; then echo  > /workspaces/openwrt-radxa-rock5b-plus/openwrt/build_dir/target-aarch64_generic_musl/linux-rockchip_armv8/packages/ipkg-aarch64_generic/kmod-i2c-core/lib/apk/packages/kmod-i2c-core.alternatives; fi;
(cd /workspaces/openwrt-radxa-rock5b-plus/openwrt/build_dir/target-aarch64_generic_musl/linux-rockchip_armv8/packages/ipkg-aarch64_generic/kmod-i2c-core && find . -type f,l -printf "/%P\n" | sort > /workspaces/openwrt-radxa-rock5b-plus/openwrt/tmp/kmod-i2c-core.list && mv /workspaces/openwrt-radxa-rock5b-plus/openwrt/tmp/kmod-i2c-core.list /workspaces/openwrt-radxa-rock5b-plus/openwrt/build_dir/target-aarch64_generic_musl/linux-rockchip_armv8/packages/ipkg-aarch64_generic/kmod-i2c-core/lib/apk/packages/kmod-i2c-core.list)
# Move conffiles to IDIR and build conffiles_static with csums
if [ -f /workspaces/openwrt-radxa-rock5b-plus/openwrt/build_dir/target-aarch64_generic_musl/linux-rockchip_armv8/packages/apk-aarch64_generic/kmod-i2c-core/conffiles ]; then mv -f /workspaces/openwrt-radxa-rock5b-plus/openwrt/build_dir/target-aarch64_generic_musl/linux-rockchip_armv8/packages/apk-aarch64_generic/kmod-i2c-core/conffiles /workspaces/openwrt-radxa-rock5b-plus/openwrt/build_dir/target-aarch64_generic_musl/linux-rockchip_armv8/packages/ipkg-aarch64_generic/kmod-i2c-core/lib/apk/packages/kmod-i2c-core.conffiles; for file in $(cat /workspaces/openwrt-radxa-rock5b-plus/openwrt/build_dir/target-aarch64_generic_musl/linux-rockchip_armv8/packages/ipkg-aarch64_generic/kmod-i2c-core/lib/apk/packages/kmod-i2c-core.conffiles); do [ -f /workspaces/openwrt-radxa-rock5b-plus/openwrt/build_dir/target-aarch64_generic_musl/linux-rockchip_armv8/packages/ipkg-aarch64_generic/kmod-i2c-core/$file ] || continue; csum=$(/workspaces/openwrt-radxa-rock5b-plus/openwrt/staging_dir/host/bin/mkhash sha256 /workspaces/openwrt-radxa-rock5b-plus/openwrt/build_dir/target-aarch64_generic_musl/linux-rockchip_armv8/packages/ipkg-aarch64_generic/kmod-i2c-core/$file); echo $file $csum >> /workspaces/openwrt-radxa-rock5b-plus/openwrt/build_dir/target-aarch64_generic_musl/linux-rockchip_armv8/packages/ipkg-aarch64_generic/kmod-i2c-core/lib/apk/packages/kmod-i2c-core.conffiles_static; done; fi
# Some package (base-files) manually append stuff to conffiles
# Append stuff from it and delete the CONTROL directory since everything else should be migrated
if [ -f /workspaces/openwrt-radxa-rock5b-plus/openwrt/build_dir/target-aarch64_generic_musl/linux-rockchip_armv8/packages/ipkg-aarch64_generic/kmod-i2c-core/CONTROL/conffiles ]; then echo $(IDIR_kmod-i2c-core)/CONTROL/conffiles >> /workspaces/openwrt-radxa-rock5b-plus/openwrt/build_dir/target-aarch64_generic_musl/linux-rockchip_armv8/packages/ipkg-aarch64_generic/kmod-i2c-core/lib/apk/packages/kmod-i2c-core.conffiles; for file in $(cat /workspaces/openwrt-radxa-rock5b-plus/openwrt/build_dir/target-aarch64_generic_musl/linux-rockchip_armv8/packages/ipkg-aarch64_generic/kmod-i2c-core/CONTROL/conffiles); do [ -f /workspaces/openwrt-radxa-rock5b-plus/openwrt/build_dir/target-aarch64_generic_musl/linux-rockchip_armv8/packages/ipkg-aarch64_generic/kmod-i2c-core/$file ] || continue; csum=$(/workspaces/openwrt-radxa-rock5b-plus/openwrt/staging_dir/host/bin/mkhash sha256 /workspaces/openwrt-radxa-rock5b-plus/openwrt/build_dir/target-aarch64_generic_musl/linux-rockchip_armv8/packages/ipkg-aarch64_generic/kmod-i2c-core/$file); echo $file $csum >> /workspaces/openwrt-radxa-rock5b-plus/openwrt/build_dir/target-aarch64_generic_musl/linux-rockchip_armv8/packages/ipkg-aarch64_generic/kmod-i2c-core/lib/apk/packages/kmod-i2c-core.conffiles_static; done; rm -rf /workspaces/openwrt-radxa-rock5b-plus/openwrt/build_dir/target-aarch64_generic_musl/linux-rockchip_armv8/packages/ipkg-aarch64_generic/kmod-i2c-core/CONTROL/conffiles; fi
if [ -z "$(ls -A /workspaces/openwrt-radxa-rock5b-plus/openwrt/build_dir/target-aarch64_generic_musl/linux-rockchip_armv8/packages/ipkg-aarch64_generic/kmod-i2c-core/CONTROL 2>/dev/null)" ]; then rm -rf /workspaces/openwrt-radxa-rock5b-plus/openwrt/build_dir/target-aarch64_generic_musl/linux-rockchip_armv8/packages/ipkg-aarch64_generic/kmod-i2c-core/CONTROL; else echo "CONTROL directory /workspaces/openwrt-radxa-rock5b-plus/openwrt/build_dir/target-aarch64_generic_musl/linux-rockchip_armv8/packages/ipkg-aarch64_generic/kmod-i2c-core/CONTROL is not empty! This is not right and should be checked!" >&2; exit 1; fi
/workspaces/openwrt-radxa-rock5b-plus/openwrt/staging_dir/host/bin/fakeroot /workspaces/openwrt-radxa-rock5b-plus/openwrt/staging_dir/host/bin/apk mkpkg --info "name:kmod-i2c-core" --info "version:6.12.45-r1"  --info "description:Kernel modules for I2C support" --info "arch:aarch64_generic" --info "license:GPL-2.0-only" --info "origin:feeds/base/kernel/linux" --info "url:" --info "maintainer:" --info "provides:"  --script "post-install:/workspaces/openwrt-radxa-rock5b-plus/openwrt/build_dir/target-aarch64_generic_musl/linux-rockchip_armv8/packages/apk-aarch64_generic/kmod-i2c-core/post-install" --script "post-upgrade:/workspaces/openwrt-radxa-rock5b-plus/openwrt/build_dir/target-aarch64_generic_musl/linux-rockchip_armv8/packages/apk-aarch64_generic/kmod-i2c-core/post-upgrade" --script "pre-deinstall:/workspaces/openwrt-radxa-rock5b-plus/openwrt/build_dir/target-aarch64_generic_musl/linux-rockchip_armv8/packages/apk-aarch64_generic/kmod-i2c-core/pre-deinstall" --info "depends:kernel=6.12.45~bfdb4691414eb2d33b0186227f6f0e2d-r1" --files "/workspaces/openwrt-radxa-rock5b-plus/openwrt/build_dir/target-aarch64_generic_musl/linux-rockchip_armv8/packages/ipkg-aarch64_generic/kmod-i2c-core" --output "/workspaces/openwrt-radxa-rock5b-plus/openwrt/bin/targets/rockchip/armv8/packages/kmod-i2c-core-6.12.45-r1.apk" --sign "/workspaces/openwrt-radxa-rock5b-plus/openwrt/private-key.pem"
[ -f /workspaces/openwrt-radxa-rock5b-plus/openwrt/bin/targets/rockchip/armv8/packages/kmod-i2c-core-6.12.45-r1.apk ]
removed '/workspaces/openwrt-radxa-rock5b-plus/openwrt/bin/targets/rockchip/armv8/packages/kmod-i2c-core-6.12.45-r1.apk'
NOTICE: module '/workspaces/openwrt-radxa-rock5b-plus/openwrt/build_dir/target-aarch64_generic_musl/linux-rockchip_armv8/linux-6.12.45/drivers/i2c/i2c-core.ko' is built-in.
NOTICE: module '/workspaces/openwrt-radxa-rock5b-plus/openwrt/build_dir/target-aarch64_generic_musl/linux-rockchip_armv8/linux-6.12.45/drivers/i2c/i2c-dev.ko' is built-in.
rm -rf /workspaces/openwrt-radxa-rock5b-plus/openwrt/build_dir/target-aarch64_generic_musl/linux-rockchip_armv8/packages/ipkg-aarch64_generic/kmod-hwmon-core
/workspaces/openwrt-radxa-rock5b-plus/openwrt/scripts/ipkg-remove kmod-hwmon-core /workspaces/openwrt-radxa-rock5b-plus/openwrt/bin/targets/rockchip/armv8/packages/kmod-hwmon-core-6.12.45-r1.apk
mkdir -p /workspaces/openwrt-radxa-rock5b-plus/openwrt/bin/targets/rockchip/armv8/packages /workspaces/openwrt-radxa-rock5b-plus/openwrt/build_dir/target-aarch64_generic_musl/linux-rockchip_armv8/packages/ipkg-aarch64_generic/kmod-hwmon-core /workspaces/openwrt-radxa-rock5b-plus/openwrt/staging_dir/target-aarch64_generic_musl/pkginfo
for mod in /workspaces/openwrt-radxa-rock5b-plus/openwrt/build_dir/target-aarch64_generic_musl/linux-rockchip_armv8/linux-6.12.45/drivers/hwmon/hwmon.ko; do if grep -q "${mod##/workspaces/openwrt-radxa-rock5b-plus/openwrt/build_dir/target-aarch64_generic_musl/linux-rockchip_armv8/linux-6.12.45/}" "/workspaces/openwrt-radxa-rock5b-plus/openwrt/build_dir/target-aarch64_generic_musl/linux-rockchip_armv8/linux-6.12.45/modules.builtin"; then echo "NOTICE: module '$mod' is built-in."; elif [ -e $mod ]; then mkdir -p /workspaces/openwrt-radxa-rock5b-plus/openwrt/build_dir/target-aarch64_generic_musl/linux-rockchip_armv8/packages/ipkg-aarch64_generic/kmod-hwmon-core/lib/modules/6.12.45 ; cp -fpR -L $mod /workspaces/openwrt-radxa-rock5b-plus/openwrt/build_dir/target-aarch64_generic_musl/linux-rockchip_armv8/packages/ipkg-aarch64_generic/kmod-hwmon-core/lib/modules/6.12.45/ ; else echo "ERROR: module '$mod' is missing." >&2; exit 1; fi; done;




find /workspaces/openwrt-radxa-rock5b-plus/openwrt/build_dir/target-aarch64_generic_musl/linux-rockchip_armv8/packages/ipkg-aarch64_generic/kmod-hwmon-core -name 'CVS' -o -name '.svn' -o -name '.#*' -o -name '*~'| xargs -r rm -rf
( find /workspaces/openwrt-radxa-rock5b-plus/openwrt/build_dir/target-aarch64_generic_musl/linux-rockchip_armv8/packages/ipkg-aarch64_generic/kmod-hwmon-core -name lib\*.so\* -or -name \*.ko | awk -F/ '{ print $NF }'; for file in /workspaces/openwrt-radxa-rock5b-plus/openwrt/staging_dir/target-aarch64_generic_musl/pkginfo/kmod-i2c-core.provides; do if [ -f "$file" ]; then cat $file; fi; done;  ) | sort -u > /workspaces/openwrt-radxa-rock5b-plus/openwrt/staging_dir/target-aarch64_generic_musl/pkginfo/kmod-hwmon-core.provides

( rm -f /workspaces/openwrt-radxa-rock5b-plus/openwrt/staging_dir/target-aarch64_generic_musl/pkginfo/kmod-hwmon-core.missing; ( export READELF=aarch64-openwrt-linux-musl-readelf OBJCOPY=aarch64-openwrt-linux-musl-objcopy XARGS="xargs -r"; /workspaces/openwrt-radxa-rock5b-plus/openwrt/scripts/gen-dependencies.sh "/workspaces/openwrt-radxa-rock5b-plus/openwrt/build_dir/target-aarch64_generic_musl/linux-rockchip_armv8/packages/ipkg-aarch64_generic/kmod-hwmon-core"; ) | while read FILE; do grep -qxF "$FILE" /workspaces/openwrt-radxa-rock5b-plus/openwrt/staging_dir/target-aarch64_generic_musl/pkginfo/kmod-hwmon-core.provides || echo "$FILE" >> /workspaces/openwrt-radxa-rock5b-plus/openwrt/staging_dir/target-aarch64_generic_musl/pkginfo/kmod-hwmon-core.missing; done; if [ -f "/workspaces/openwrt-radxa-rock5b-plus/openwrt/staging_dir/target-aarch64_generic_musl/pkginfo/kmod-hwmon-core.missing" ]; then echo "Package kmod-hwmon-core is missing dependencies for the following libraries:" >&2; cat "/workspaces/openwrt-radxa-rock5b-plus/openwrt/staging_dir/target-aarch64_generic_musl/pkginfo/kmod-hwmon-core.missing" >&2; false; fi; )
export CROSS="aarch64-openwrt-linux-musl-"  NO_RENAME=1 ; NM="aarch64-openwrt-linux-musl-nm" STRIP="/workspaces/openwrt-radxa-rock5b-plus/openwrt/staging_dir/host/bin/sstrip -z" STRIP_KMOD="/workspaces/openwrt-radxa-rock5b-plus/openwrt/scripts/strip-kmod.sh" PATCHELF="/workspaces/openwrt-radxa-rock5b-plus/openwrt/staging_dir/host/bin/patchelf" /workspaces/openwrt-radxa-rock5b-plus/openwrt/scripts/rstrip.sh /workspaces/openwrt-radxa-rock5b-plus/openwrt/build_dir/target-aarch64_generic_musl/linux-rockchip_armv8/packages/ipkg-aarch64_generic/kmod-hwmon-core
install -d -m0755 /workspaces/openwrt-radxa-rock5b-plus/openwrt/bin/targets/rockchip/armv8/packages/tmp
mkdir -p /workspaces/openwrt-radxa-rock5b-plus/openwrt/build_dir/target-aarch64_generic_musl/linux-rockchip_armv8/packages/apk-aarch64_generic/kmod-hwmon-core/
mkdir -p /workspaces/openwrt-radxa-rock5b-plus/openwrt/build_dir/target-aarch64_generic_musl/linux-rockchip_armv8/packages/ipkg-aarch64_generic/kmod-hwmon-core/lib/apk/packages/
(cd /workspaces/openwrt-radxa-rock5b-plus/openwrt/build_dir/target-aarch64_generic_musl/linux-rockchip_armv8/packages/apk-aarch64_generic/kmod-hwmon-core; )
( echo "#!/bin/sh"; echo "[ \"\${IPKG_NO_SCRIPT}\" = \"1\" ] && exit 0"; echo "[ -s "\${IPKG_INSTROOT}/lib/functions.sh" ] || exit 0"; echo ". \${IPKG_INSTROOT}/lib/functions.sh"; echo 'export root="${IPKG_INSTROOT}"'; echo 'export pkgname="kmod-hwmon-core"'; echo "add_group_and_user"; echo "default_postinst"; [ ! -f /workspaces/openwrt-radxa-rock5b-plus/openwrt/build_dir/target-aarch64_generic_musl/linux-rockchip_armv8/packages/apk-aarch64_generic/kmod-hwmon-core/postinst-pkg ] || sed -z 's/^\s*#!/#!/' "/workspaces/openwrt-radxa-rock5b-plus/openwrt/build_dir/target-aarch64_generic_musl/linux-rockchip_armv8/packages/apk-aarch64_generic/kmod-hwmon-core/postinst-pkg"; ) > /workspaces/openwrt-radxa-rock5b-plus/openwrt/build_dir/target-aarch64_generic_musl/linux-rockchip_armv8/packages/apk-aarch64_generic/kmod-hwmon-core/post-install;
( echo "#!/bin/sh"; echo 'export PKG_UPGRADE=1'; [ ! -f /workspaces/openwrt-radxa-rock5b-plus/openwrt/build_dir/target-aarch64_generic_musl/linux-rockchip_armv8/packages/apk-aarch64_generic/kmod-hwmon-core/post-install ] || sed -z 's/^\s*#!/#!/' "/workspaces/openwrt-radxa-rock5b-plus/openwrt/build_dir/target-aarch64_generic_musl/linux-rockchip_armv8/packages/apk-aarch64_generic/kmod-hwmon-core/post-install"; ) > /workspaces/openwrt-radxa-rock5b-plus/openwrt/build_dir/target-aarch64_generic_musl/linux-rockchip_armv8/packages/apk-aarch64_generic/kmod-hwmon-core/post-upgrade;
( echo "#!/bin/sh"; echo "[ -s "\${IPKG_INSTROOT}/lib/functions.sh" ] || exit 0"; echo ". \${IPKG_INSTROOT}/lib/functions.sh"; echo 'export root="${IPKG_INSTROOT}"'; echo 'export pkgname="kmod-hwmon-core"'; echo "default_prerm"; [ ! -f /workspaces/openwrt-radxa-rock5b-plus/openwrt/build_dir/target-aarch64_generic_musl/linux-rockchip_armv8/packages/apk-aarch64_generic/kmod-hwmon-core/prerm-pkg ] || sed -z 's/^\s*#!/#!/' "/workspaces/openwrt-radxa-rock5b-plus/openwrt/build_dir/target-aarch64_generic_musl/linux-rockchip_armv8/packages/apk-aarch64_generic/kmod-hwmon-core/prerm-pkg"; ) > /workspaces/openwrt-radxa-rock5b-plus/openwrt/build_dir/target-aarch64_generic_musl/linux-rockchip_armv8/packages/apk-aarch64_generic/kmod-hwmon-core/pre-deinstall;
[ ! -f /workspaces/openwrt-radxa-rock5b-plus/openwrt/build_dir/target-aarch64_generic_musl/linux-rockchip_armv8/packages/apk-aarch64_generic/kmod-hwmon-core/postrm ] || sed -zi 's/^\s*#!/#!/' "/workspaces/openwrt-radxa-rock5b-plus/openwrt/build_dir/target-aarch64_generic_musl/linux-rockchip_armv8/packages/apk-aarch64_generic/kmod-hwmon-core/postrm";
if [ -n "" ]; then echo  > /workspaces/openwrt-radxa-rock5b-plus/openwrt/build_dir/target-aarch64_generic_musl/linux-rockchip_armv8/packages/ipkg-aarch64_generic/kmod-hwmon-core/lib/apk/packages/kmod-hwmon-core.rusers; fi;
if [ -n "" ]; then echo  > /workspaces/openwrt-radxa-rock5b-plus/openwrt/build_dir/target-aarch64_generic_musl/linux-rockchip_armv8/packages/ipkg-aarch64_generic/kmod-hwmon-core/lib/apk/packages/kmod-hwmon-core.alternatives; fi;
(cd /workspaces/openwrt-radxa-rock5b-plus/openwrt/build_dir/target-aarch64_generic_musl/linux-rockchip_armv8/packages/ipkg-aarch64_generic/kmod-hwmon-core && find . -type f,l -printf "/%P\n" | sort > /workspaces/openwrt-radxa-rock5b-plus/openwrt/tmp/kmod-hwmon-core.list && mv /workspaces/openwrt-radxa-rock5b-plus/openwrt/tmp/kmod-hwmon-core.list /workspaces/openwrt-radxa-rock5b-plus/openwrt/build_dir/target-aarch64_generic_musl/linux-rockchip_armv8/packages/ipkg-aarch64_generic/kmod-hwmon-core/lib/apk/packages/kmod-hwmon-core.list)
# Move conffiles to IDIR and build conffiles_static with csums
if [ -f /workspaces/openwrt-radxa-rock5b-plus/openwrt/build_dir/target-aarch64_generic_musl/linux-rockchip_armv8/packages/apk-aarch64_generic/kmod-hwmon-core/conffiles ]; then mv -f /workspaces/openwrt-radxa-rock5b-plus/openwrt/build_dir/target-aarch64_generic_musl/linux-rockchip_armv8/packages/apk-aarch64_generic/kmod-hwmon-core/conffiles /workspaces/openwrt-radxa-rock5b-plus/openwrt/build_dir/target-aarch64_generic_musl/linux-rockchip_armv8/packages/ipkg-aarch64_generic/kmod-hwmon-core/lib/apk/packages/kmod-hwmon-core.conffiles; for file in $(cat /workspaces/openwrt-radxa-rock5b-plus/openwrt/build_dir/target-aarch64_generic_musl/linux-rockchip_armv8/packages/ipkg-aarch64_generic/kmod-hwmon-core/lib/apk/packages/kmod-hwmon-core.conffiles); do [ -f /workspaces/openwrt-radxa-rock5b-plus/openwrt/build_dir/target-aarch64_generic_musl/linux-rockchip_armv8/packages/ipkg-aarch64_generic/kmod-hwmon-core/$file ] || continue; csum=$(/workspaces/openwrt-radxa-rock5b-plus/openwrt/staging_dir/host/bin/mkhash sha256 /workspaces/openwrt-radxa-rock5b-plus/openwrt/build_dir/target-aarch64_generic_musl/linux-rockchip_armv8/packages/ipkg-aarch64_generic/kmod-hwmon-core/$file); echo $file $csum >> /workspaces/openwrt-radxa-rock5b-plus/openwrt/build_dir/target-aarch64_generic_musl/linux-rockchip_armv8/packages/ipkg-aarch64_generic/kmod-hwmon-core/lib/apk/packages/kmod-hwmon-core.conffiles_static; done; fi
# Some package (base-files) manually append stuff to conffiles
# Append stuff from it and delete the CONTROL directory since everything else should be migrated
if [ -f /workspaces/openwrt-radxa-rock5b-plus/openwrt/build_dir/target-aarch64_generic_musl/linux-rockchip_armv8/packages/ipkg-aarch64_generic/kmod-hwmon-core/CONTROL/conffiles ]; then echo $(IDIR_kmod-hwmon-core)/CONTROL/conffiles >> /workspaces/openwrt-radxa-rock5b-plus/openwrt/build_dir/target-aarch64_generic_musl/linux-rockchip_armv8/packages/ipkg-aarch64_generic/kmod-hwmon-core/lib/apk/packages/kmod-hwmon-core.conffiles; for file in $(cat /workspaces/openwrt-radxa-rock5b-plus/openwrt/build_dir/target-aarch64_generic_musl/linux-rockchip_armv8/packages/ipkg-aarch64_generic/kmod-hwmon-core/CONTROL/conffiles); do [ -f /workspaces/openwrt-radxa-rock5b-plus/openwrt/build_dir/target-aarch64_generic_musl/linux-rockchip_armv8/packages/ipkg-aarch64_generic/kmod-hwmon-core/$file ] || continue; csum=$(/workspaces/openwrt-radxa-rock5b-plus/openwrt/staging_dir/host/bin/mkhash sha256 /workspaces/openwrt-radxa-rock5b-plus/openwrt/build_dir/target-aarch64_generic_musl/linux-rockchip_armv8/packages/ipkg-aarch64_generic/kmod-hwmon-core/$file); echo $file $csum >> /workspaces/openwrt-radxa-rock5b-plus/openwrt/build_dir/target-aarch64_generic_musl/linux-rockchip_armv8/packages/ipkg-aarch64_generic/kmod-hwmon-core/lib/apk/packages/kmod-hwmon-core.conffiles_static; done; rm -rf /workspaces/openwrt-radxa-rock5b-plus/openwrt/build_dir/target-aarch64_generic_musl/linux-rockchip_armv8/packages/ipkg-aarch64_generic/kmod-hwmon-core/CONTROL/conffiles; fi
if [ -z "$(ls -A /workspaces/openwrt-radxa-rock5b-plus/openwrt/build_dir/target-aarch64_generic_musl/linux-rockchip_armv8/packages/ipkg-aarch64_generic/kmod-hwmon-core/CONTROL 2>/dev/null)" ]; then rm -rf /workspaces/openwrt-radxa-rock5b-plus/openwrt/build_dir/target-aarch64_generic_musl/linux-rockchip_armv8/packages/ipkg-aarch64_generic/kmod-hwmon-core/CONTROL; else echo "CONTROL directory /workspaces/openwrt-radxa-rock5b-plus/openwrt/build_dir/target-aarch64_generic_musl/linux-rockchip_armv8/packages/ipkg-aarch64_generic/kmod-hwmon-core/CONTROL is not empty! This is not right and should be checked!" >&2; exit 1; fi
/workspaces/openwrt-radxa-rock5b-plus/openwrt/staging_dir/host/bin/fakeroot /workspaces/openwrt-radxa-rock5b-plus/openwrt/staging_dir/host/bin/apk mkpkg --info "name:kmod-hwmon-core" --info "version:6.12.45-r1"  --info "description:Kernel modules for hardware monitoring" --info "arch:aarch64_generic" --info "license:GPL-2.0-only" --info "origin:feeds/base/kernel/linux" --info "url:" --info "maintainer:" --info "provides:"  --script "post-install:/workspaces/openwrt-radxa-rock5b-plus/openwrt/build_dir/target-aarch64_generic_musl/linux-rockchip_armv8/packages/apk-aarch64_generic/kmod-hwmon-core/post-install" --script "post-upgrade:/workspaces/openwrt-radxa-rock5b-plus/openwrt/build_dir/target-aarch64_generic_musl/linux-rockchip_armv8/packages/apk-aarch64_generic/kmod-hwmon-core/post-upgrade" --script "pre-deinstall:/workspaces/openwrt-radxa-rock5b-plus/openwrt/build_dir/target-aarch64_generic_musl/linux-rockchip_armv8/packages/apk-aarch64_generic/kmod-hwmon-core/pre-deinstall" --info "depends:kernel=6.12.45~bfdb4691414eb2d33b0186227f6f0e2d-r1 kmod-i2c-core" --files "/workspaces/openwrt-radxa-rock5b-plus/openwrt/build_dir/target-aarch64_generic_musl/linux-rockchip_armv8/packages/ipkg-aarch64_generic/kmod-hwmon-core" --output "/workspaces/openwrt-radxa-rock5b-plus/openwrt/bin/targets/rockchip/armv8/packages/kmod-hwmon-core-6.12.45-r1.apk" --sign "/workspaces/openwrt-radxa-rock5b-plus/openwrt/private-key.pem"
[ -f /workspaces/openwrt-radxa-rock5b-plus/openwrt/bin/targets/rockchip/armv8/packages/kmod-hwmon-core-6.12.45-r1.apk ]
removed '/workspaces/openwrt-radxa-rock5b-plus/openwrt/bin/targets/rockchip/armv8/packages/kmod-hwmon-core-6.12.45-r1.apk'
NOTICE: module '/workspaces/openwrt-radxa-rock5b-plus/openwrt/build_dir/target-aarch64_generic_musl/linux-rockchip_armv8/linux-6.12.45/drivers/hwmon/hwmon.ko' is built-in.
rm -rf /workspaces/openwrt-radxa-rock5b-plus/openwrt/build_dir/target-aarch64_generic_musl/linux-rockchip_armv8/packages/ipkg-aarch64_generic/kmod-nvme
/workspaces/openwrt-radxa-rock5b-plus/openwrt/scripts/ipkg-remove kmod-nvme /workspaces/openwrt-radxa-rock5b-plus/openwrt/bin/targets/rockchip/armv8/packages/kmod-nvme-6.12.45-r1.apk
mkdir -p /workspaces/openwrt-radxa-rock5b-plus/openwrt/bin/targets/rockchip/armv8/packages /workspaces/openwrt-radxa-rock5b-plus/openwrt/build_dir/target-aarch64_generic_musl/linux-rockchip_armv8/packages/ipkg-aarch64_generic/kmod-nvme /workspaces/openwrt-radxa-rock5b-plus/openwrt/staging_dir/target-aarch64_generic_musl/pkginfo
for mod in /workspaces/openwrt-radxa-rock5b-plus/openwrt/build_dir/target-aarch64_generic_musl/linux-rockchip_armv8/linux-6.12.45/drivers/nvme/host/nvme-core.ko /workspaces/openwrt-radxa-rock5b-plus/openwrt/build_dir/target-aarch64_generic_musl/linux-rockchip_armv8/linux-6.12.45/drivers/nvme/host/nvme.ko; do if grep -q "${mod##/workspaces/openwrt-radxa-rock5b-plus/openwrt/build_dir/target-aarch64_generic_musl/linux-rockchip_armv8/linux-6.12.45/}" "/workspaces/openwrt-radxa-rock5b-plus/openwrt/build_dir/target-aarch64_generic_musl/linux-rockchip_armv8/linux-6.12.45/modules.builtin"; then echo "NOTICE: module '$mod' is built-in."; elif [ -e $mod ]; then mkdir -p /workspaces/openwrt-radxa-rock5b-plus/openwrt/build_dir/target-aarch64_generic_musl/linux-rockchip_armv8/packages/ipkg-aarch64_generic/kmod-nvme/lib/modules/6.12.45 ; cp -fpR -L $mod /workspaces/openwrt-radxa-rock5b-plus/openwrt/build_dir/target-aarch64_generic_musl/linux-rockchip_armv8/packages/ipkg-aarch64_generic/kmod-nvme/lib/modules/6.12.45/ ; else echo "ERROR: module '$mod' is missing." >&2; exit 1; fi; done;
mkdir -p /workspaces/openwrt-radxa-rock5b-plus/openwrt/build_dir/target-aarch64_generic_musl/linux-rockchip_armv8/packages/ipkg-aarch64_generic/kmod-nvme/etc/modules.d; ( echo "nvme";   echo "nvme-core"; ) > /workspaces/openwrt-radxa-rock5b-plus/openwrt/build_dir/target-aarch64_generic_musl/linux-rockchip_armv8/packages/ipkg-aarch64_generic/kmod-nvme/etc/modules.d/30-nvme;  mkdir -p /workspaces/openwrt-radxa-rock5b-plus/openwrt/build_dir/target-aarch64_generic_musl/linux-rockchip_armv8/packages/ipkg-aarch64_generic/kmod-nvme/etc/modules-boot.d; ln -sf ../modules.d/30-nvme /workspaces/openwrt-radxa-rock5b-plus/openwrt/build_dir/target-aarch64_generic_musl/linux-rockchip_armv8/packages/ipkg-aarch64_generic/kmod-nvme/etc/modules-boot.d/;



find /workspaces/openwrt-radxa-rock5b-plus/openwrt/build_dir/target-aarch64_generic_musl/linux-rockchip_armv8/packages/ipkg-aarch64_generic/kmod-nvme -name 'CVS' -o -name '.svn' -o -name '.#*' -o -name '*~'| xargs -r rm -rf
( find /workspaces/openwrt-radxa-rock5b-plus/openwrt/build_dir/target-aarch64_generic_musl/linux-rockchip_armv8/packages/ipkg-aarch64_generic/kmod-nvme -name lib\*.so\* -or -name \*.ko | awk -F/ '{ print $NF }'; for file in /workspaces/openwrt-radxa-rock5b-plus/openwrt/staging_dir/target-aarch64_generic_musl/pkginfo/kmod-hwmon-core.provides; do if [ -f "$file" ]; then cat $file; fi; done;  ) | sort -u > /workspaces/openwrt-radxa-rock5b-plus/openwrt/staging_dir/target-aarch64_generic_musl/pkginfo/kmod-nvme.provides

( rm -f /workspaces/openwrt-radxa-rock5b-plus/openwrt/staging_dir/target-aarch64_generic_musl/pkginfo/kmod-nvme.missing; ( export READELF=aarch64-openwrt-linux-musl-readelf OBJCOPY=aarch64-openwrt-linux-musl-objcopy XARGS="xargs -r"; /workspaces/openwrt-radxa-rock5b-plus/openwrt/scripts/gen-dependencies.sh "/workspaces/openwrt-radxa-rock5b-plus/openwrt/build_dir/target-aarch64_generic_musl/linux-rockchip_armv8/packages/ipkg-aarch64_generic/kmod-nvme"; ) | while read FILE; do grep -qxF "$FILE" /workspaces/openwrt-radxa-rock5b-plus/openwrt/staging_dir/target-aarch64_generic_musl/pkginfo/kmod-nvme.provides || echo "$FILE" >> /workspaces/openwrt-radxa-rock5b-plus/openwrt/staging_dir/target-aarch64_generic_musl/pkginfo/kmod-nvme.missing; done; if [ -f "/workspaces/openwrt-radxa-rock5b-plus/openwrt/staging_dir/target-aarch64_generic_musl/pkginfo/kmod-nvme.missing" ]; then echo "Package kmod-nvme is missing dependencies for the following libraries:" >&2; cat "/workspaces/openwrt-radxa-rock5b-plus/openwrt/staging_dir/target-aarch64_generic_musl/pkginfo/kmod-nvme.missing" >&2; false; fi; )
export CROSS="aarch64-openwrt-linux-musl-"  NO_RENAME=1 ; NM="aarch64-openwrt-linux-musl-nm" STRIP="/workspaces/openwrt-radxa-rock5b-plus/openwrt/staging_dir/host/bin/sstrip -z" STRIP_KMOD="/workspaces/openwrt-radxa-rock5b-plus/openwrt/scripts/strip-kmod.sh" PATCHELF="/workspaces/openwrt-radxa-rock5b-plus/openwrt/staging_dir/host/bin/patchelf" /workspaces/openwrt-radxa-rock5b-plus/openwrt/scripts/rstrip.sh /workspaces/openwrt-radxa-rock5b-plus/openwrt/build_dir/target-aarch64_generic_musl/linux-rockchip_armv8/packages/ipkg-aarch64_generic/kmod-nvme
install -d -m0755 /workspaces/openwrt-radxa-rock5b-plus/openwrt/bin/targets/rockchip/armv8/packages/tmp
mkdir -p /workspaces/openwrt-radxa-rock5b-plus/openwrt/build_dir/target-aarch64_generic_musl/linux-rockchip_armv8/packages/apk-aarch64_generic/kmod-nvme/
mkdir -p /workspaces/openwrt-radxa-rock5b-plus/openwrt/build_dir/target-aarch64_generic_musl/linux-rockchip_armv8/packages/ipkg-aarch64_generic/kmod-nvme/lib/apk/packages/
(cd /workspaces/openwrt-radxa-rock5b-plus/openwrt/build_dir/target-aarch64_generic_musl/linux-rockchip_armv8/packages/apk-aarch64_generic/kmod-nvme; )
( echo "#!/bin/sh"; echo "[ \"\${IPKG_NO_SCRIPT}\" = \"1\" ] && exit 0"; echo "[ -s "\${IPKG_INSTROOT}/lib/functions.sh" ] || exit 0"; echo ". \${IPKG_INSTROOT}/lib/functions.sh"; echo 'export root="${IPKG_INSTROOT}"'; echo 'export pkgname="kmod-nvme"'; echo "add_group_and_user"; echo "default_postinst"; [ ! -f /workspaces/openwrt-radxa-rock5b-plus/openwrt/build_dir/target-aarch64_generic_musl/linux-rockchip_armv8/packages/apk-aarch64_generic/kmod-nvme/postinst-pkg ] || sed -z 's/^\s*#!/#!/' "/workspaces/openwrt-radxa-rock5b-plus/openwrt/build_dir/target-aarch64_generic_musl/linux-rockchip_armv8/packages/apk-aarch64_generic/kmod-nvme/postinst-pkg"; ) > /workspaces/openwrt-radxa-rock5b-plus/openwrt/build_dir/target-aarch64_generic_musl/linux-rockchip_armv8/packages/apk-aarch64_generic/kmod-nvme/post-install;
( echo "#!/bin/sh"; echo 'export PKG_UPGRADE=1'; [ ! -f /workspaces/openwrt-radxa-rock5b-plus/openwrt/build_dir/target-aarch64_generic_musl/linux-rockchip_armv8/packages/apk-aarch64_generic/kmod-nvme/post-install ] || sed -z 's/^\s*#!/#!/' "/workspaces/openwrt-radxa-rock5b-plus/openwrt/build_dir/target-aarch64_generic_musl/linux-rockchip_armv8/packages/apk-aarch64_generic/kmod-nvme/post-install"; ) > /workspaces/openwrt-radxa-rock5b-plus/openwrt/build_dir/target-aarch64_generic_musl/linux-rockchip_armv8/packages/apk-aarch64_generic/kmod-nvme/post-upgrade;
( echo "#!/bin/sh"; echo "[ -s "\${IPKG_INSTROOT}/lib/functions.sh" ] || exit 0"; echo ". \${IPKG_INSTROOT}/lib/functions.sh"; echo 'export root="${IPKG_INSTROOT}"'; echo 'export pkgname="kmod-nvme"'; echo "default_prerm"; [ ! -f /workspaces/openwrt-radxa-rock5b-plus/openwrt/build_dir/target-aarch64_generic_musl/linux-rockchip_armv8/packages/apk-aarch64_generic/kmod-nvme/prerm-pkg ] || sed -z 's/^\s*#!/#!/' "/workspaces/openwrt-radxa-rock5b-plus/openwrt/build_dir/target-aarch64_generic_musl/linux-rockchip_armv8/packages/apk-aarch64_generic/kmod-nvme/prerm-pkg"; ) > /workspaces/openwrt-radxa-rock5b-plus/openwrt/build_dir/target-aarch64_generic_musl/linux-rockchip_armv8/packages/apk-aarch64_generic/kmod-nvme/pre-deinstall;
[ ! -f /workspaces/openwrt-radxa-rock5b-plus/openwrt/build_dir/target-aarch64_generic_musl/linux-rockchip_armv8/packages/apk-aarch64_generic/kmod-nvme/postrm ] || sed -zi 's/^\s*#!/#!/' "/workspaces/openwrt-radxa-rock5b-plus/openwrt/build_dir/target-aarch64_generic_musl/linux-rockchip_armv8/packages/apk-aarch64_generic/kmod-nvme/postrm";
if [ -n "" ]; then echo  > /workspaces/openwrt-radxa-rock5b-plus/openwrt/build_dir/target-aarch64_generic_musl/linux-rockchip_armv8/packages/ipkg-aarch64_generic/kmod-nvme/lib/apk/packages/kmod-nvme.rusers; fi;
if [ -n "" ]; then echo  > /workspaces/openwrt-radxa-rock5b-plus/openwrt/build_dir/target-aarch64_generic_musl/linux-rockchip_armv8/packages/ipkg-aarch64_generic/kmod-nvme/lib/apk/packages/kmod-nvme.alternatives; fi;
(cd /workspaces/openwrt-radxa-rock5b-plus/openwrt/build_dir/target-aarch64_generic_musl/linux-rockchip_armv8/packages/ipkg-aarch64_generic/kmod-nvme && find . -type f,l -printf "/%P\n" | sort > /workspaces/openwrt-radxa-rock5b-plus/openwrt/tmp/kmod-nvme.list && mv /workspaces/openwrt-radxa-rock5b-plus/openwrt/tmp/kmod-nvme.list /workspaces/openwrt-radxa-rock5b-plus/openwrt/build_dir/target-aarch64_generic_musl/linux-rockchip_armv8/packages/ipkg-aarch64_generic/kmod-nvme/lib/apk/packages/kmod-nvme.list)
# Move conffiles to IDIR and build conffiles_static with csums
if [ -f /workspaces/openwrt-radxa-rock5b-plus/openwrt/build_dir/target-aarch64_generic_musl/linux-rockchip_armv8/packages/apk-aarch64_generic/kmod-nvme/conffiles ]; then mv -f /workspaces/openwrt-radxa-rock5b-plus/openwrt/build_dir/target-aarch64_generic_musl/linux-rockchip_armv8/packages/apk-aarch64_generic/kmod-nvme/conffiles /workspaces/openwrt-radxa-rock5b-plus/openwrt/build_dir/target-aarch64_generic_musl/linux-rockchip_armv8/packages/ipkg-aarch64_generic/kmod-nvme/lib/apk/packages/kmod-nvme.conffiles; for file in $(cat /workspaces/openwrt-radxa-rock5b-plus/openwrt/build_dir/target-aarch64_generic_musl/linux-rockchip_armv8/packages/ipkg-aarch64_generic/kmod-nvme/lib/apk/packages/kmod-nvme.conffiles); do [ -f /workspaces/openwrt-radxa-rock5b-plus/openwrt/build_dir/target-aarch64_generic_musl/linux-rockchip_armv8/packages/ipkg-aarch64_generic/kmod-nvme/$file ] || continue; csum=$(/workspaces/openwrt-radxa-rock5b-plus/openwrt/staging_dir/host/bin/mkhash sha256 /workspaces/openwrt-radxa-rock5b-plus/openwrt/build_dir/target-aarch64_generic_musl/linux-rockchip_armv8/packages/ipkg-aarch64_generic/kmod-nvme/$file); echo $file $csum >> /workspaces/openwrt-radxa-rock5b-plus/openwrt/build_dir/target-aarch64_generic_musl/linux-rockchip_armv8/packages/ipkg-aarch64_generic/kmod-nvme/lib/apk/packages/kmod-nvme.conffiles_static; done; fi
# Some package (base-files) manually append stuff to conffiles
# Append stuff from it and delete the CONTROL directory since everything else should be migrated
if [ -f /workspaces/openwrt-radxa-rock5b-plus/openwrt/build_dir/target-aarch64_generic_musl/linux-rockchip_armv8/packages/ipkg-aarch64_generic/kmod-nvme/CONTROL/conffiles ]; then echo $(IDIR_kmod-nvme)/CONTROL/conffiles >> /workspaces/openwrt-radxa-rock5b-plus/openwrt/build_dir/target-aarch64_generic_musl/linux-rockchip_armv8/packages/ipkg-aarch64_generic/kmod-nvme/lib/apk/packages/kmod-nvme.conffiles; for file in $(cat /workspaces/openwrt-radxa-rock5b-plus/openwrt/build_dir/target-aarch64_generic_musl/linux-rockchip_armv8/packages/ipkg-aarch64_generic/kmod-nvme/CONTROL/conffiles); do [ -f /workspaces/openwrt-radxa-rock5b-plus/openwrt/build_dir/target-aarch64_generic_musl/linux-rockchip_armv8/packages/ipkg-aarch64_generic/kmod-nvme/$file ] || continue; csum=$(/workspaces/openwrt-radxa-rock5b-plus/openwrt/staging_dir/host/bin/mkhash sha256 /workspaces/openwrt-radxa-rock5b-plus/openwrt/build_dir/target-aarch64_generic_musl/linux-rockchip_armv8/packages/ipkg-aarch64_generic/kmod-nvme/$file); echo $file $csum >> /workspaces/openwrt-radxa-rock5b-plus/openwrt/build_dir/target-aarch64_generic_musl/linux-rockchip_armv8/packages/ipkg-aarch64_generic/kmod-nvme/lib/apk/packages/kmod-nvme.conffiles_static; done; rm -rf /workspaces/openwrt-radxa-rock5b-plus/openwrt/build_dir/target-aarch64_generic_musl/linux-rockchip_armv8/packages/ipkg-aarch64_generic/kmod-nvme/CONTROL/conffiles; fi
if [ -z "$(ls -A /workspaces/openwrt-radxa-rock5b-plus/openwrt/build_dir/target-aarch64_generic_musl/linux-rockchip_armv8/packages/ipkg-aarch64_generic/kmod-nvme/CONTROL 2>/dev/null)" ]; then rm -rf /workspaces/openwrt-radxa-rock5b-plus/openwrt/build_dir/target-aarch64_generic_musl/linux-rockchip_armv8/packages/ipkg-aarch64_generic/kmod-nvme/CONTROL; else echo "CONTROL directory /workspaces/openwrt-radxa-rock5b-plus/openwrt/build_dir/target-aarch64_generic_musl/linux-rockchip_armv8/packages/ipkg-aarch64_generic/kmod-nvme/CONTROL is not empty! This is not right and should be checked!" >&2; exit 1; fi
/workspaces/openwrt-radxa-rock5b-plus/openwrt/staging_dir/host/bin/fakeroot /workspaces/openwrt-radxa-rock5b-plus/openwrt/staging_dir/host/bin/apk mkpkg --info "name:kmod-nvme" --info "version:6.12.45-r1"  --info "description:Kernel module for NVM Express solid state drives directly connected to the PCI or PCI Express bus." --info "arch:aarch64_generic" --info "license:GPL-2.0-only" --info "origin:feeds/base/kernel/linux" --info "url:" --info "maintainer:" --info "provides:"  --script "post-install:/workspaces/openwrt-radxa-rock5b-plus/openwrt/build_dir/target-aarch64_generic_musl/linux-rockchip_armv8/packages/apk-aarch64_generic/kmod-nvme/post-install" --script "post-upgrade:/workspaces/openwrt-radxa-rock5b-plus/openwrt/build_dir/target-aarch64_generic_musl/linux-rockchip_armv8/packages/apk-aarch64_generic/kmod-nvme/post-upgrade" --script "pre-deinstall:/workspaces/openwrt-radxa-rock5b-plus/openwrt/build_dir/target-aarch64_generic_musl/linux-rockchip_armv8/packages/apk-aarch64_generic/kmod-nvme/pre-deinstall" --info "depends:kernel=6.12.45~bfdb4691414eb2d33b0186227f6f0e2d-r1 kmod-hwmon-core" --files "/workspaces/openwrt-radxa-rock5b-plus/openwrt/build_dir/target-aarch64_generic_musl/linux-rockchip_armv8/packages/ipkg-aarch64_generic/kmod-nvme" --output "/workspaces/openwrt-radxa-rock5b-plus/openwrt/bin/targets/rockchip/armv8/packages/kmod-nvme-6.12.45-r1.apk" --sign "/workspaces/openwrt-radxa-rock5b-plus/openwrt/private-key.pem"
[ -f /workspaces/openwrt-radxa-rock5b-plus/openwrt/bin/targets/rockchip/armv8/packages/kmod-nvme-6.12.45-r1.apk ]
removed '/workspaces/openwrt-radxa-rock5b-plus/openwrt/bin/targets/rockchip/armv8/packages/kmod-nvme-6.12.45-r1.apk'
NOTICE: module '/workspaces/openwrt-radxa-rock5b-plus/openwrt/build_dir/target-aarch64_generic_musl/linux-rockchip_armv8/linux-6.12.45/drivers/nvme/host/nvme-core.ko' is built-in.
NOTICE: module '/workspaces/openwrt-radxa-rock5b-plus/openwrt/build_dir/target-aarch64_generic_musl/linux-rockchip_armv8/linux-6.12.45/drivers/nvme/host/nvme.ko' is built-in.
rm -rf /workspaces/openwrt-radxa-rock5b-plus/openwrt/build_dir/target-aarch64_generic_musl/linux-rockchip_armv8/packages/ipkg-aarch64_generic/kmod-scsi-core
/workspaces/openwrt-radxa-rock5b-plus/openwrt/scripts/ipkg-remove kmod-scsi-core /workspaces/openwrt-radxa-rock5b-plus/openwrt/bin/targets/rockchip/armv8/packages/kmod-scsi-core-6.12.45-r1.apk
mkdir -p /workspaces/openwrt-radxa-rock5b-plus/openwrt/bin/targets/rockchip/armv8/packages /workspaces/openwrt-radxa-rock5b-plus/openwrt/build_dir/target-aarch64_generic_musl/linux-rockchip_armv8/packages/ipkg-aarch64_generic/kmod-scsi-core /workspaces/openwrt-radxa-rock5b-plus/openwrt/staging_dir/target-aarch64_generic_musl/pkginfo
for mod in /workspaces/openwrt-radxa-rock5b-plus/openwrt/build_dir/target-aarch64_generic_musl/linux-rockchip_armv8/linux-6.12.45/drivers/scsi/scsi_mod.ko /workspaces/openwrt-radxa-rock5b-plus/openwrt/build_dir/target-aarch64_generic_musl/linux-rockchip_armv8/linux-6.12.45/drivers/scsi/scsi_common.ko /workspaces/openwrt-radxa-rock5b-plus/openwrt/build_dir/target-aarch64_generic_musl/linux-rockchip_armv8/linux-6.12.45/drivers/scsi/sd_mod.ko; do if grep -q "${mod##/workspaces/openwrt-radxa-rock5b-plus/openwrt/build_dir/target-aarch64_generic_musl/linux-rockchip_armv8/linux-6.12.45/}" "/workspaces/openwrt-radxa-rock5b-plus/openwrt/build_dir/target-aarch64_generic_musl/linux-rockchip_armv8/linux-6.12.45/modules.builtin"; then echo "NOTICE: module '$mod' is built-in."; elif [ -e $mod ]; then mkdir -p /workspaces/openwrt-radxa-rock5b-plus/openwrt/build_dir/target-aarch64_generic_musl/linux-rockchip_armv8/packages/ipkg-aarch64_generic/kmod-scsi-core/lib/modules/6.12.45 ; cp -fpR -L $mod /workspaces/openwrt-radxa-rock5b-plus/openwrt/build_dir/target-aarch64_generic_musl/linux-rockchip_armv8/packages/ipkg-aarch64_generic/kmod-scsi-core/lib/modules/6.12.45/ ; else echo "ERROR: module '$mod' is missing." >&2; exit 1; fi; done;
mkdir -p /workspaces/openwrt-radxa-rock5b-plus/openwrt/build_dir/target-aarch64_generic_musl/linux-rockchip_armv8/packages/ipkg-aarch64_generic/kmod-scsi-core/etc/modules.d; ( echo "scsi_common";   echo "scsi_mod";   echo "sd_mod"; ) > /workspaces/openwrt-radxa-rock5b-plus/openwrt/build_dir/target-aarch64_generic_musl/linux-rockchip_armv8/packages/ipkg-aarch64_generic/kmod-scsi-core/etc/modules.d/40-scsi-core;  mkdir -p /workspaces/openwrt-radxa-rock5b-plus/openwrt/build_dir/target-aarch64_generic_musl/linux-rockchip_armv8/packages/ipkg-aarch64_generic/kmod-scsi-core/etc/modules-boot.d; ln -sf ../modules.d/40-scsi-core /workspaces/openwrt-radxa-rock5b-plus/openwrt/build_dir/target-aarch64_generic_musl/linux-rockchip_armv8/packages/ipkg-aarch64_generic/kmod-scsi-core/etc/modules-boot.d/;



find /workspaces/openwrt-radxa-rock5b-plus/openwrt/build_dir/target-aarch64_generic_musl/linux-rockchip_armv8/packages/ipkg-aarch64_generic/kmod-scsi-core -name 'CVS' -o -name '.svn' -o -name '.#*' -o -name '*~'| xargs -r rm -rf
( find /workspaces/openwrt-radxa-rock5b-plus/openwrt/build_dir/target-aarch64_generic_musl/linux-rockchip_armv8/packages/ipkg-aarch64_generic/kmod-scsi-core -name lib\*.so\* -or -name \*.ko | awk -F/ '{ print $NF }'; for file in ; do if [ -f "$file" ]; then cat $file; fi; done;  ) | sort -u > /workspaces/openwrt-radxa-rock5b-plus/openwrt/staging_dir/target-aarch64_generic_musl/pkginfo/kmod-scsi-core.provides

( rm -f /workspaces/openwrt-radxa-rock5b-plus/openwrt/staging_dir/target-aarch64_generic_musl/pkginfo/kmod-scsi-core.missing; ( export READELF=aarch64-openwrt-linux-musl-readelf OBJCOPY=aarch64-openwrt-linux-musl-objcopy XARGS="xargs -r"; /workspaces/openwrt-radxa-rock5b-plus/openwrt/scripts/gen-dependencies.sh "/workspaces/openwrt-radxa-rock5b-plus/openwrt/build_dir/target-aarch64_generic_musl/linux-rockchip_armv8/packages/ipkg-aarch64_generic/kmod-scsi-core"; ) | while read FILE; do grep -qxF "$FILE" /workspaces/openwrt-radxa-rock5b-plus/openwrt/staging_dir/target-aarch64_generic_musl/pkginfo/kmod-scsi-core.provides || echo "$FILE" >> /workspaces/openwrt-radxa-rock5b-plus/openwrt/staging_dir/target-aarch64_generic_musl/pkginfo/kmod-scsi-core.missing; done; if [ -f "/workspaces/openwrt-radxa-rock5b-plus/openwrt/staging_dir/target-aarch64_generic_musl/pkginfo/kmod-scsi-core.missing" ]; then echo "Package kmod-scsi-core is missing dependencies for the following libraries:" >&2; cat "/workspaces/openwrt-radxa-rock5b-plus/openwrt/staging_dir/target-aarch64_generic_musl/pkginfo/kmod-scsi-core.missing" >&2; false; fi; )
export CROSS="aarch64-openwrt-linux-musl-"  NO_RENAME=1 ; NM="aarch64-openwrt-linux-musl-nm" STRIP="/workspaces/openwrt-radxa-rock5b-plus/openwrt/staging_dir/host/bin/sstrip -z" STRIP_KMOD="/workspaces/openwrt-radxa-rock5b-plus/openwrt/scripts/strip-kmod.sh" PATCHELF="/workspaces/openwrt-radxa-rock5b-plus/openwrt/staging_dir/host/bin/patchelf" /workspaces/openwrt-radxa-rock5b-plus/openwrt/scripts/rstrip.sh /workspaces/openwrt-radxa-rock5b-plus/openwrt/build_dir/target-aarch64_generic_musl/linux-rockchip_armv8/packages/ipkg-aarch64_generic/kmod-scsi-core
install -d -m0755 /workspaces/openwrt-radxa-rock5b-plus/openwrt/bin/targets/rockchip/armv8/packages/tmp
mkdir -p /workspaces/openwrt-radxa-rock5b-plus/openwrt/build_dir/target-aarch64_generic_musl/linux-rockchip_armv8/packages/apk-aarch64_generic/kmod-scsi-core/
mkdir -p /workspaces/openwrt-radxa-rock5b-plus/openwrt/build_dir/target-aarch64_generic_musl/linux-rockchip_armv8/packages/ipkg-aarch64_generic/kmod-scsi-core/lib/apk/packages/
(cd /workspaces/openwrt-radxa-rock5b-plus/openwrt/build_dir/target-aarch64_generic_musl/linux-rockchip_armv8/packages/apk-aarch64_generic/kmod-scsi-core; )
( echo "#!/bin/sh"; echo "[ \"\${IPKG_NO_SCRIPT}\" = \"1\" ] && exit 0"; echo "[ -s "\${IPKG_INSTROOT}/lib/functions.sh" ] || exit 0"; echo ". \${IPKG_INSTROOT}/lib/functions.sh"; echo 'export root="${IPKG_INSTROOT}"'; echo 'export pkgname="kmod-scsi-core"'; echo "add_group_and_user"; echo "default_postinst"; [ ! -f /workspaces/openwrt-radxa-rock5b-plus/openwrt/build_dir/target-aarch64_generic_musl/linux-rockchip_armv8/packages/apk-aarch64_generic/kmod-scsi-core/postinst-pkg ] || sed -z 's/^\s*#!/#!/' "/workspaces/openwrt-radxa-rock5b-plus/openwrt/build_dir/target-aarch64_generic_musl/linux-rockchip_armv8/packages/apk-aarch64_generic/kmod-scsi-core/postinst-pkg"; ) > /workspaces/openwrt-radxa-rock5b-plus/openwrt/build_dir/target-aarch64_generic_musl/linux-rockchip_armv8/packages/apk-aarch64_generic/kmod-scsi-core/post-install;
( echo "#!/bin/sh"; echo 'export PKG_UPGRADE=1'; [ ! -f /workspaces/openwrt-radxa-rock5b-plus/openwrt/build_dir/target-aarch64_generic_musl/linux-rockchip_armv8/packages/apk-aarch64_generic/kmod-scsi-core/post-install ] || sed -z 's/^\s*#!/#!/' "/workspaces/openwrt-radxa-rock5b-plus/openwrt/build_dir/target-aarch64_generic_musl/linux-rockchip_armv8/packages/apk-aarch64_generic/kmod-scsi-core/post-install"; ) > /workspaces/openwrt-radxa-rock5b-plus/openwrt/build_dir/target-aarch64_generic_musl/linux-rockchip_armv8/packages/apk-aarch64_generic/kmod-scsi-core/post-upgrade;
( echo "#!/bin/sh"; echo "[ -s "\${IPKG_INSTROOT}/lib/functions.sh" ] || exit 0"; echo ". \${IPKG_INSTROOT}/lib/functions.sh"; echo 'export root="${IPKG_INSTROOT}"'; echo 'export pkgname="kmod-scsi-core"'; echo "default_prerm"; [ ! -f /workspaces/openwrt-radxa-rock5b-plus/openwrt/build_dir/target-aarch64_generic_musl/linux-rockchip_armv8/packages/apk-aarch64_generic/kmod-scsi-core/prerm-pkg ] || sed -z 's/^\s*#!/#!/' "/workspaces/openwrt-radxa-rock5b-plus/openwrt/build_dir/target-aarch64_generic_musl/linux-rockchip_armv8/packages/apk-aarch64_generic/kmod-scsi-core/prerm-pkg"; ) > /workspaces/openwrt-radxa-rock5b-plus/openwrt/build_dir/target-aarch64_generic_musl/linux-rockchip_armv8/packages/apk-aarch64_generic/kmod-scsi-core/pre-deinstall;
[ ! -f /workspaces/openwrt-radxa-rock5b-plus/openwrt/build_dir/target-aarch64_generic_musl/linux-rockchip_armv8/packages/apk-aarch64_generic/kmod-scsi-core/postrm ] || sed -zi 's/^\s*#!/#!/' "/workspaces/openwrt-radxa-rock5b-plus/openwrt/build_dir/target-aarch64_generic_musl/linux-rockchip_armv8/packages/apk-aarch64_generic/kmod-scsi-core/postrm";
if [ -n "" ]; then echo  > /workspaces/openwrt-radxa-rock5b-plus/openwrt/build_dir/target-aarch64_generic_musl/linux-rockchip_armv8/packages/ipkg-aarch64_generic/kmod-scsi-core/lib/apk/packages/kmod-scsi-core.rusers; fi;
if [ -n "" ]; then echo  > /workspaces/openwrt-radxa-rock5b-plus/openwrt/build_dir/target-aarch64_generic_musl/linux-rockchip_armv8/packages/ipkg-aarch64_generic/kmod-scsi-core/lib/apk/packages/kmod-scsi-core.alternatives; fi;
(cd /workspaces/openwrt-radxa-rock5b-plus/openwrt/build_dir/target-aarch64_generic_musl/linux-rockchip_armv8/packages/ipkg-aarch64_generic/kmod-scsi-core && find . -type f,l -printf "/%P\n" | sort > /workspaces/openwrt-radxa-rock5b-plus/openwrt/tmp/kmod-scsi-core.list && mv /workspaces/openwrt-radxa-rock5b-plus/openwrt/tmp/kmod-scsi-core.list /workspaces/openwrt-radxa-rock5b-plus/openwrt/build_dir/target-aarch64_generic_musl/linux-rockchip_armv8/packages/ipkg-aarch64_generic/kmod-scsi-core/lib/apk/packages/kmod-scsi-core.list)
# Move conffiles to IDIR and build conffiles_static with csums
if [ -f /workspaces/openwrt-radxa-rock5b-plus/openwrt/build_dir/target-aarch64_generic_musl/linux-rockchip_armv8/packages/apk-aarch64_generic/kmod-scsi-core/conffiles ]; then mv -f /workspaces/openwrt-radxa-rock5b-plus/openwrt/build_dir/target-aarch64_generic_musl/linux-rockchip_armv8/packages/apk-aarch64_generic/kmod-scsi-core/conffiles /workspaces/openwrt-radxa-rock5b-plus/openwrt/build_dir/target-aarch64_generic_musl/linux-rockchip_armv8/packages/ipkg-aarch64_generic/kmod-scsi-core/lib/apk/packages/kmod-scsi-core.conffiles; for file in $(cat /workspaces/openwrt-radxa-rock5b-plus/openwrt/build_dir/target-aarch64_generic_musl/linux-rockchip_armv8/packages/ipkg-aarch64_generic/kmod-scsi-core/lib/apk/packages/kmod-scsi-core.conffiles); do [ -f /workspaces/openwrt-radxa-rock5b-plus/openwrt/build_dir/target-aarch64_generic_musl/linux-rockchip_armv8/packages/ipkg-aarch64_generic/kmod-scsi-core/$file ] || continue; csum=$(/workspaces/openwrt-radxa-rock5b-plus/openwrt/staging_dir/host/bin/mkhash sha256 /workspaces/openwrt-radxa-rock5b-plus/openwrt/build_dir/target-aarch64_generic_musl/linux-rockchip_armv8/packages/ipkg-aarch64_generic/kmod-scsi-core/$file); echo $file $csum >> /workspaces/openwrt-radxa-rock5b-plus/openwrt/build_dir/target-aarch64_generic_musl/linux-rockchip_armv8/packages/ipkg-aarch64_generic/kmod-scsi-core/lib/apk/packages/kmod-scsi-core.conffiles_static; done; fi
# Some package (base-files) manually append stuff to conffiles
# Append stuff from it and delete the CONTROL directory since everything else should be migrated
if [ -f /workspaces/openwrt-radxa-rock5b-plus/openwrt/build_dir/target-aarch64_generic_musl/linux-rockchip_armv8/packages/ipkg-aarch64_generic/kmod-scsi-core/CONTROL/conffiles ]; then echo $(IDIR_kmod-scsi-core)/CONTROL/conffiles >> /workspaces/openwrt-radxa-rock5b-plus/openwrt/build_dir/target-aarch64_generic_musl/linux-rockchip_armv8/packages/ipkg-aarch64_generic/kmod-scsi-core/lib/apk/packages/kmod-scsi-core.conffiles; for file in $(cat /workspaces/openwrt-radxa-rock5b-plus/openwrt/build_dir/target-aarch64_generic_musl/linux-rockchip_armv8/packages/ipkg-aarch64_generic/kmod-scsi-core/CONTROL/conffiles); do [ -f /workspaces/openwrt-radxa-rock5b-plus/openwrt/build_dir/target-aarch64_generic_musl/linux-rockchip_armv8/packages/ipkg-aarch64_generic/kmod-scsi-core/$file ] || continue; csum=$(/workspaces/openwrt-radxa-rock5b-plus/openwrt/staging_dir/host/bin/mkhash sha256 /workspaces/openwrt-radxa-rock5b-plus/openwrt/build_dir/target-aarch64_generic_musl/linux-rockchip_armv8/packages/ipkg-aarch64_generic/kmod-scsi-core/$file); echo $file $csum >> /workspaces/openwrt-radxa-rock5b-plus/openwrt/build_dir/target-aarch64_generic_musl/linux-rockchip_armv8/packages/ipkg-aarch64_generic/kmod-scsi-core/lib/apk/packages/kmod-scsi-core.conffiles_static; done; rm -rf /workspaces/openwrt-radxa-rock5b-plus/openwrt/build_dir/target-aarch64_generic_musl/linux-rockchip_armv8/packages/ipkg-aarch64_generic/kmod-scsi-core/CONTROL/conffiles; fi
if [ -z "$(ls -A /workspaces/openwrt-radxa-rock5b-plus/openwrt/build_dir/target-aarch64_generic_musl/linux-rockchip_armv8/packages/ipkg-aarch64_generic/kmod-scsi-core/CONTROL 2>/dev/null)" ]; then rm -rf /workspaces/openwrt-radxa-rock5b-plus/openwrt/build_dir/target-aarch64_generic_musl/linux-rockchip_armv8/packages/ipkg-aarch64_generic/kmod-scsi-core/CONTROL; else echo "CONTROL directory /workspaces/openwrt-radxa-rock5b-plus/openwrt/build_dir/target-aarch64_generic_musl/linux-rockchip_armv8/packages/ipkg-aarch64_generic/kmod-scsi-core/CONTROL is not empty! This is not right and should be checked!" >&2; exit 1; fi
/workspaces/openwrt-radxa-rock5b-plus/openwrt/staging_dir/host/bin/fakeroot /workspaces/openwrt-radxa-rock5b-plus/openwrt/staging_dir/host/bin/apk mkpkg --info "name:kmod-scsi-core" --info "version:6.12.45-r1"  --info "description:SCSI device support" --info "arch:aarch64_generic" --info "license:GPL-2.0-only" --info "origin:feeds/base/kernel/linux" --info "url:" --info "maintainer:" --info "provides:"  --script "post-install:/workspaces/openwrt-radxa-rock5b-plus/openwrt/build_dir/target-aarch64_generic_musl/linux-rockchip_armv8/packages/apk-aarch64_generic/kmod-scsi-core/post-install" --script "post-upgrade:/workspaces/openwrt-radxa-rock5b-plus/openwrt/build_dir/target-aarch64_generic_musl/linux-rockchip_armv8/packages/apk-aarch64_generic/kmod-scsi-core/post-upgrade" --script "pre-deinstall:/workspaces/openwrt-radxa-rock5b-plus/openwrt/build_dir/target-aarch64_generic_musl/linux-rockchip_armv8/packages/apk-aarch64_generic/kmod-scsi-core/pre-deinstall" --info "depends:kernel=6.12.45~bfdb4691414eb2d33b0186227f6f0e2d-r1" --files "/workspaces/openwrt-radxa-rock5b-plus/openwrt/build_dir/target-aarch64_generic_musl/linux-rockchip_armv8/packages/ipkg-aarch64_generic/kmod-scsi-core" --output "/workspaces/openwrt-radxa-rock5b-plus/openwrt/bin/targets/rockchip/armv8/packages/kmod-scsi-core-6.12.45-r1.apk" --sign "/workspaces/openwrt-radxa-rock5b-plus/openwrt/private-key.pem"
[ -f /workspaces/openwrt-radxa-rock5b-plus/openwrt/bin/targets/rockchip/armv8/packages/kmod-scsi-core-6.12.45-r1.apk ]
removed '/workspaces/openwrt-radxa-rock5b-plus/openwrt/bin/targets/rockchip/armv8/packages/kmod-scsi-core-6.12.45-r1.apk'
NOTICE: module '/workspaces/openwrt-radxa-rock5b-plus/openwrt/build_dir/target-aarch64_generic_musl/linux-rockchip_armv8/linux-6.12.45/drivers/scsi/scsi_mod.ko' is built-in.
NOTICE: module '/workspaces/openwrt-radxa-rock5b-plus/openwrt/build_dir/target-aarch64_generic_musl/linux-rockchip_armv8/linux-6.12.45/drivers/scsi/scsi_common.ko' is built-in.
NOTICE: module '/workspaces/openwrt-radxa-rock5b-plus/openwrt/build_dir/target-aarch64_generic_musl/linux-rockchip_armv8/linux-6.12.45/drivers/scsi/sd_mod.ko' is built-in.
rm -rf /workspaces/openwrt-radxa-rock5b-plus/openwrt/build_dir/target-aarch64_generic_musl/linux-rockchip_armv8/packages/ipkg-aarch64_generic/kmod-crypto-hash
/workspaces/openwrt-radxa-rock5b-plus/openwrt/scripts/ipkg-remove kmod-crypto-hash /workspaces/openwrt-radxa-rock5b-plus/openwrt/bin/targets/rockchip/armv8/packages/kmod-crypto-hash-6.12.45-r1.apk
mkdir -p /workspaces/openwrt-radxa-rock5b-plus/openwrt/bin/targets/rockchip/armv8/packages /workspaces/openwrt-radxa-rock5b-plus/openwrt/build_dir/target-aarch64_generic_musl/linux-rockchip_armv8/packages/ipkg-aarch64_generic/kmod-crypto-hash /workspaces/openwrt-radxa-rock5b-plus/openwrt/staging_dir/target-aarch64_generic_musl/pkginfo
for mod in /workspaces/openwrt-radxa-rock5b-plus/openwrt/build_dir/target-aarch64_generic_musl/linux-rockchip_armv8/linux-6.12.45/crypto/crypto_hash.ko; do if grep -q "${mod##/workspaces/openwrt-radxa-rock5b-plus/openwrt/build_dir/target-aarch64_generic_musl/linux-rockchip_armv8/linux-6.12.45/}" "/workspaces/openwrt-radxa-rock5b-plus/openwrt/build_dir/target-aarch64_generic_musl/linux-rockchip_armv8/linux-6.12.45/modules.builtin"; then echo "NOTICE: module '$mod' is built-in."; elif [ -e $mod ]; then mkdir -p /workspaces/openwrt-radxa-rock5b-plus/openwrt/build_dir/target-aarch64_generic_musl/linux-rockchip_armv8/packages/ipkg-aarch64_generic/kmod-crypto-hash/lib/modules/6.12.45 ; cp -fpR -L $mod /workspaces/openwrt-radxa-rock5b-plus/openwrt/build_dir/target-aarch64_generic_musl/linux-rockchip_armv8/packages/ipkg-aarch64_generic/kmod-crypto-hash/lib/modules/6.12.45/ ; else echo "ERROR: module '$mod' is missing." >&2; exit 1; fi; done;
mkdir -p /workspaces/openwrt-radxa-rock5b-plus/openwrt/build_dir/target-aarch64_generic_musl/linux-rockchip_armv8/packages/ipkg-aarch64_generic/kmod-crypto-hash/etc/modules.d; ( echo "crypto_hash"; ) > /workspaces/openwrt-radxa-rock5b-plus/openwrt/build_dir/target-aarch64_generic_musl/linux-rockchip_armv8/packages/ipkg-aarch64_generic/kmod-crypto-hash/etc/modules.d/02-crypto-hash;  mkdir -p /workspaces/openwrt-radxa-rock5b-plus/openwrt/build_dir/target-aarch64_generic_musl/linux-rockchip_armv8/packages/ipkg-aarch64_generic/kmod-crypto-hash/etc/modules-boot.d; ln -sf ../modules.d/02-crypto-hash /workspaces/openwrt-radxa-rock5b-plus/openwrt/build_dir/target-aarch64_generic_musl/linux-rockchip_armv8/packages/ipkg-aarch64_generic/kmod-crypto-hash/etc/modules-boot.d/;



find /workspaces/openwrt-radxa-rock5b-plus/openwrt/build_dir/target-aarch64_generic_musl/linux-rockchip_armv8/packages/ipkg-aarch64_generic/kmod-crypto-hash -name 'CVS' -o -name '.svn' -o -name '.#*' -o -name '*~'| xargs -r rm -rf
( find /workspaces/openwrt-radxa-rock5b-plus/openwrt/build_dir/target-aarch64_generic_musl/linux-rockchip_armv8/packages/ipkg-aarch64_generic/kmod-crypto-hash -name lib\*.so\* -or -name \*.ko | awk -F/ '{ print $NF }'; for file in ; do if [ -f "$file" ]; then cat $file; fi; done;  ) | sort -u > /workspaces/openwrt-radxa-rock5b-plus/openwrt/staging_dir/target-aarch64_generic_musl/pkginfo/kmod-crypto-hash.provides

( rm -f /workspaces/openwrt-radxa-rock5b-plus/openwrt/staging_dir/target-aarch64_generic_musl/pkginfo/kmod-crypto-hash.missing; ( export READELF=aarch64-openwrt-linux-musl-readelf OBJCOPY=aarch64-openwrt-linux-musl-objcopy XARGS="xargs -r"; /workspaces/openwrt-radxa-rock5b-plus/openwrt/scripts/gen-dependencies.sh "/workspaces/openwrt-radxa-rock5b-plus/openwrt/build_dir/target-aarch64_generic_musl/linux-rockchip_armv8/packages/ipkg-aarch64_generic/kmod-crypto-hash"; ) | while read FILE; do grep -qxF "$FILE" /workspaces/openwrt-radxa-rock5b-plus/openwrt/staging_dir/target-aarch64_generic_musl/pkginfo/kmod-crypto-hash.provides || echo "$FILE" >> /workspaces/openwrt-radxa-rock5b-plus/openwrt/staging_dir/target-aarch64_generic_musl/pkginfo/kmod-crypto-hash.missing; done; if [ -f "/workspaces/openwrt-radxa-rock5b-plus/openwrt/staging_dir/target-aarch64_generic_musl/pkginfo/kmod-crypto-hash.missing" ]; then echo "Package kmod-crypto-hash is missing dependencies for the following libraries:" >&2; cat "/workspaces/openwrt-radxa-rock5b-plus/openwrt/staging_dir/target-aarch64_generic_musl/pkginfo/kmod-crypto-hash.missing" >&2; false; fi; )
export CROSS="aarch64-openwrt-linux-musl-"  NO_RENAME=1 ; NM="aarch64-openwrt-linux-musl-nm" STRIP="/workspaces/openwrt-radxa-rock5b-plus/openwrt/staging_dir/host/bin/sstrip -z" STRIP_KMOD="/workspaces/openwrt-radxa-rock5b-plus/openwrt/scripts/strip-kmod.sh" PATCHELF="/workspaces/openwrt-radxa-rock5b-plus/openwrt/staging_dir/host/bin/patchelf" /workspaces/openwrt-radxa-rock5b-plus/openwrt/scripts/rstrip.sh /workspaces/openwrt-radxa-rock5b-plus/openwrt/build_dir/target-aarch64_generic_musl/linux-rockchip_armv8/packages/ipkg-aarch64_generic/kmod-crypto-hash
install -d -m0755 /workspaces/openwrt-radxa-rock5b-plus/openwrt/bin/targets/rockchip/armv8/packages/tmp
mkdir -p /workspaces/openwrt-radxa-rock5b-plus/openwrt/build_dir/target-aarch64_generic_musl/linux-rockchip_armv8/packages/apk-aarch64_generic/kmod-crypto-hash/
mkdir -p /workspaces/openwrt-radxa-rock5b-plus/openwrt/build_dir/target-aarch64_generic_musl/linux-rockchip_armv8/packages/ipkg-aarch64_generic/kmod-crypto-hash/lib/apk/packages/
(cd /workspaces/openwrt-radxa-rock5b-plus/openwrt/build_dir/target-aarch64_generic_musl/linux-rockchip_armv8/packages/apk-aarch64_generic/kmod-crypto-hash; )
( echo "#!/bin/sh"; echo "[ \"\${IPKG_NO_SCRIPT}\" = \"1\" ] && exit 0"; echo "[ -s "\${IPKG_INSTROOT}/lib/functions.sh" ] || exit 0"; echo ". \${IPKG_INSTROOT}/lib/functions.sh"; echo 'export root="${IPKG_INSTROOT}"'; echo 'export pkgname="kmod-crypto-hash"'; echo "add_group_and_user"; echo "default_postinst"; [ ! -f /workspaces/openwrt-radxa-rock5b-plus/openwrt/build_dir/target-aarch64_generic_musl/linux-rockchip_armv8/packages/apk-aarch64_generic/kmod-crypto-hash/postinst-pkg ] || sed -z 's/^\s*#!/#!/' "/workspaces/openwrt-radxa-rock5b-plus/openwrt/build_dir/target-aarch64_generic_musl/linux-rockchip_armv8/packages/apk-aarch64_generic/kmod-crypto-hash/postinst-pkg"; ) > /workspaces/openwrt-radxa-rock5b-plus/openwrt/build_dir/target-aarch64_generic_musl/linux-rockchip_armv8/packages/apk-aarch64_generic/kmod-crypto-hash/post-install;
( echo "#!/bin/sh"; echo 'export PKG_UPGRADE=1'; [ ! -f /workspaces/openwrt-radxa-rock5b-plus/openwrt/build_dir/target-aarch64_generic_musl/linux-rockchip_armv8/packages/apk-aarch64_generic/kmod-crypto-hash/post-install ] || sed -z 's/^\s*#!/#!/' "/workspaces/openwrt-radxa-rock5b-plus/openwrt/build_dir/target-aarch64_generic_musl/linux-rockchip_armv8/packages/apk-aarch64_generic/kmod-crypto-hash/post-install"; ) > /workspaces/openwrt-radxa-rock5b-plus/openwrt/build_dir/target-aarch64_generic_musl/linux-rockchip_armv8/packages/apk-aarch64_generic/kmod-crypto-hash/post-upgrade;
( echo "#!/bin/sh"; echo "[ -s "\${IPKG_INSTROOT}/lib/functions.sh" ] || exit 0"; echo ". \${IPKG_INSTROOT}/lib/functions.sh"; echo 'export root="${IPKG_INSTROOT}"'; echo 'export pkgname="kmod-crypto-hash"'; echo "default_prerm"; [ ! -f /workspaces/openwrt-radxa-rock5b-plus/openwrt/build_dir/target-aarch64_generic_musl/linux-rockchip_armv8/packages/apk-aarch64_generic/kmod-crypto-hash/prerm-pkg ] || sed -z 's/^\s*#!/#!/' "/workspaces/openwrt-radxa-rock5b-plus/openwrt/build_dir/target-aarch64_generic_musl/linux-rockchip_armv8/packages/apk-aarch64_generic/kmod-crypto-hash/prerm-pkg"; ) > /workspaces/openwrt-radxa-rock5b-plus/openwrt/build_dir/target-aarch64_generic_musl/linux-rockchip_armv8/packages/apk-aarch64_generic/kmod-crypto-hash/pre-deinstall;
[ ! -f /workspaces/openwrt-radxa-rock5b-plus/openwrt/build_dir/target-aarch64_generic_musl/linux-rockchip_armv8/packages/apk-aarch64_generic/kmod-crypto-hash/postrm ] || sed -zi 's/^\s*#!/#!/' "/workspaces/openwrt-radxa-rock5b-plus/openwrt/build_dir/target-aarch64_generic_musl/linux-rockchip_armv8/packages/apk-aarch64_generic/kmod-crypto-hash/postrm";
if [ -n "" ]; then echo  > /workspaces/openwrt-radxa-rock5b-plus/openwrt/build_dir/target-aarch64_generic_musl/linux-rockchip_armv8/packages/ipkg-aarch64_generic/kmod-crypto-hash/lib/apk/packages/kmod-crypto-hash.rusers; fi;
if [ -n "" ]; then echo  > /workspaces/openwrt-radxa-rock5b-plus/openwrt/build_dir/target-aarch64_generic_musl/linux-rockchip_armv8/packages/ipkg-aarch64_generic/kmod-crypto-hash/lib/apk/packages/kmod-crypto-hash.alternatives; fi;
(cd /workspaces/openwrt-radxa-rock5b-plus/openwrt/build_dir/target-aarch64_generic_musl/linux-rockchip_armv8/packages/ipkg-aarch64_generic/kmod-crypto-hash && find . -type f,l -printf "/%P\n" | sort > /workspaces/openwrt-radxa-rock5b-plus/openwrt/tmp/kmod-crypto-hash.list && mv /workspaces/openwrt-radxa-rock5b-plus/openwrt/tmp/kmod-crypto-hash.list /workspaces/openwrt-radxa-rock5b-plus/openwrt/build_dir/target-aarch64_generic_musl/linux-rockchip_armv8/packages/ipkg-aarch64_generic/kmod-crypto-hash/lib/apk/packages/kmod-crypto-hash.list)
# Move conffiles to IDIR and build conffiles_static with csums
if [ -f /workspaces/openwrt-radxa-rock5b-plus/openwrt/build_dir/target-aarch64_generic_musl/linux-rockchip_armv8/packages/apk-aarch64_generic/kmod-crypto-hash/conffiles ]; then mv -f /workspaces/openwrt-radxa-rock5b-plus/openwrt/build_dir/target-aarch64_generic_musl/linux-rockchip_armv8/packages/apk-aarch64_generic/kmod-crypto-hash/conffiles /workspaces/openwrt-radxa-rock5b-plus/openwrt/build_dir/target-aarch64_generic_musl/linux-rockchip_armv8/packages/ipkg-aarch64_generic/kmod-crypto-hash/lib/apk/packages/kmod-crypto-hash.conffiles; for file in $(cat /workspaces/openwrt-radxa-rock5b-plus/openwrt/build_dir/target-aarch64_generic_musl/linux-rockchip_armv8/packages/ipkg-aarch64_generic/kmod-crypto-hash/lib/apk/packages/kmod-crypto-hash.conffiles); do [ -f /workspaces/openwrt-radxa-rock5b-plus/openwrt/build_dir/target-aarch64_generic_musl/linux-rockchip_armv8/packages/ipkg-aarch64_generic/kmod-crypto-hash/$file ] || continue; csum=$(/workspaces/openwrt-radxa-rock5b-plus/openwrt/staging_dir/host/bin/mkhash sha256 /workspaces/openwrt-radxa-rock5b-plus/openwrt/build_dir/target-aarch64_generic_musl/linux-rockchip_armv8/packages/ipkg-aarch64_generic/kmod-crypto-hash/$file); echo $file $csum >> /workspaces/openwrt-radxa-rock5b-plus/openwrt/build_dir/target-aarch64_generic_musl/linux-rockchip_armv8/packages/ipkg-aarch64_generic/kmod-crypto-hash/lib/apk/packages/kmod-crypto-hash.conffiles_static; done; fi
# Some package (base-files) manually append stuff to conffiles
# Append stuff from it and delete the CONTROL directory since everything else should be migrated
if [ -f /workspaces/openwrt-radxa-rock5b-plus/openwrt/build_dir/target-aarch64_generic_musl/linux-rockchip_armv8/packages/ipkg-aarch64_generic/kmod-crypto-hash/CONTROL/conffiles ]; then echo $(IDIR_kmod-crypto-hash)/CONTROL/conffiles >> /workspaces/openwrt-radxa-rock5b-plus/openwrt/build_dir/target-aarch64_generic_musl/linux-rockchip_armv8/packages/ipkg-aarch64_generic/kmod-crypto-hash/lib/apk/packages/kmod-crypto-hash.conffiles; for file in $(cat /workspaces/openwrt-radxa-rock5b-plus/openwrt/build_dir/target-aarch64_generic_musl/linux-rockchip_armv8/packages/ipkg-aarch64_generic/kmod-crypto-hash/CONTROL/conffiles); do [ -f /workspaces/openwrt-radxa-rock5b-plus/openwrt/build_dir/target-aarch64_generic_musl/linux-rockchip_armv8/packages/ipkg-aarch64_generic/kmod-crypto-hash/$file ] || continue; csum=$(/workspaces/openwrt-radxa-rock5b-plus/openwrt/staging_dir/host/bin/mkhash sha256 /workspaces/openwrt-radxa-rock5b-plus/openwrt/build_dir/target-aarch64_generic_musl/linux-rockchip_armv8/packages/ipkg-aarch64_generic/kmod-crypto-hash/$file); echo $file $csum >> /workspaces/openwrt-radxa-rock5b-plus/openwrt/build_dir/target-aarch64_generic_musl/linux-rockchip_armv8/packages/ipkg-aarch64_generic/kmod-crypto-hash/lib/apk/packages/kmod-crypto-hash.conffiles_static; done; rm -rf /workspaces/openwrt-radxa-rock5b-plus/openwrt/build_dir/target-aarch64_generic_musl/linux-rockchip_armv8/packages/ipkg-aarch64_generic/kmod-crypto-hash/CONTROL/conffiles; fi
if [ -z "$(ls -A /workspaces/openwrt-radxa-rock5b-plus/openwrt/build_dir/target-aarch64_generic_musl/linux-rockchip_armv8/packages/ipkg-aarch64_generic/kmod-crypto-hash/CONTROL 2>/dev/null)" ]; then rm -rf /workspaces/openwrt-radxa-rock5b-plus/openwrt/build_dir/target-aarch64_generic_musl/linux-rockchip_armv8/packages/ipkg-aarch64_generic/kmod-crypto-hash/CONTROL; else echo "CONTROL directory /workspaces/openwrt-radxa-rock5b-plus/openwrt/build_dir/target-aarch64_generic_musl/linux-rockchip_armv8/packages/ipkg-aarch64_generic/kmod-crypto-hash/CONTROL is not empty! This is not right and should be checked!" >&2; exit 1; fi
/workspaces/openwrt-radxa-rock5b-plus/openwrt/staging_dir/host/bin/fakeroot /workspaces/openwrt-radxa-rock5b-plus/openwrt/staging_dir/host/bin/apk mkpkg --info "name:kmod-crypto-hash" --info "version:6.12.45-r1"  --info "description:CryptoAPI hash support" --info "arch:aarch64_generic" --info "license:GPL-2.0-only" --info "origin:feeds/base/kernel/linux" --info "url:" --info "maintainer:" --info "provides:"  --script "post-install:/workspaces/openwrt-radxa-rock5b-plus/openwrt/build_dir/target-aarch64_generic_musl/linux-rockchip_armv8/packages/apk-aarch64_generic/kmod-crypto-hash/post-install" --script "post-upgrade:/workspaces/openwrt-radxa-rock5b-plus/openwrt/build_dir/target-aarch64_generic_musl/linux-rockchip_armv8/packages/apk-aarch64_generic/kmod-crypto-hash/post-upgrade" --script "pre-deinstall:/workspaces/openwrt-radxa-rock5b-plus/openwrt/build_dir/target-aarch64_generic_musl/linux-rockchip_armv8/packages/apk-aarch64_generic/kmod-crypto-hash/pre-deinstall" --info "depends:kernel=6.12.45~bfdb4691414eb2d33b0186227f6f0e2d-r1" --files "/workspaces/openwrt-radxa-rock5b-plus/openwrt/build_dir/target-aarch64_generic_musl/linux-rockchip_armv8/packages/ipkg-aarch64_generic/kmod-crypto-hash" --output "/workspaces/openwrt-radxa-rock5b-plus/openwrt/bin/targets/rockchip/armv8/packages/kmod-crypto-hash-6.12.45-r1.apk" --sign "/workspaces/openwrt-radxa-rock5b-plus/openwrt/private-key.pem"
[ -f /workspaces/openwrt-radxa-rock5b-plus/openwrt/bin/targets/rockchip/armv8/packages/kmod-crypto-hash-6.12.45-r1.apk ]
removed '/workspaces/openwrt-radxa-rock5b-plus/openwrt/bin/targets/rockchip/armv8/packages/kmod-crypto-hash-6.12.45-r1.apk'
NOTICE: module '/workspaces/openwrt-radxa-rock5b-plus/openwrt/build_dir/target-aarch64_generic_musl/linux-rockchip_armv8/linux-6.12.45/crypto/crypto_hash.ko' is built-in.
1814 entries written to /workspaces/openwrt-radxa-rock5b-plus/openwrt/build_dir/target-aarch64_generic_musl/ncurses-6.4/ipkg-install/usr/share/terminfo
** built new /workspaces/openwrt-radxa-rock5b-plus/openwrt/build_dir/target-aarch64_generic_musl/ncurses-6.4/ipkg-install/usr/share/terminfo
** sym-linked /workspaces/openwrt-radxa-rock5b-plus/openwrt/build_dir/target-aarch64_generic_musl/ncurses-6.4/ipkg-install/usr/lib/terminfo for compatibility
installing std
installing stdcrt
installing vt100
installing vt300
finished install.data
make[5]: Leaving directory '/workspaces/openwrt-radxa-rock5b-plus/openwrt/build_dir/target-aarch64_generic_musl/ncurses-6.4/misc'
make[4]: Leaving directory '/workspaces/openwrt-radxa-rock5b-plus/openwrt/build_dir/target-aarch64_generic_musl/ncurses-6.4'
touch /workspaces/openwrt-radxa-rock5b-plus/openwrt/build_dir/target-aarch64_generic_musl/ncurses-6.4/.built
rm -rf /workspaces/openwrt-radxa-rock5b-plus/openwrt/build_dir/target-aarch64_generic_musl/ncurses-6.4/ipkg-aarch64_generic/terminfo
/workspaces/openwrt-radxa-rock5b-plus/openwrt/scripts/ipkg-remove terminfo /workspaces/openwrt-radxa-rock5b-plus/openwrt/bin/packages/aarch64_generic/base/terminfo-6.4-r3.apk
removed '/workspaces/openwrt-radxa-rock5b-plus/openwrt/bin/packages/aarch64_generic/base/terminfo-6.4-r3.apk'
mkdir -p /workspaces/openwrt-radxa-rock5b-plus/openwrt/bin/targets/rockchip/armv8/packages /workspaces/openwrt-radxa-rock5b-plus/openwrt/build_dir/target-aarch64_generic_musl/ncurses-6.4/ipkg-aarch64_generic/terminfo /workspaces/openwrt-radxa-rock5b-plus/openwrt/staging_dir/target-aarch64_generic_musl/pkginfo
echo ""

install -d -m0755 /workspaces/openwrt-radxa-rock5b-plus/openwrt/build_dir/target-aarch64_generic_musl/ncurses-6.4/ipkg-aarch64_generic/terminfo/usr/share/terminfo
(cd /workspaces/openwrt-radxa-rock5b-plus/openwrt/build_dir/target-aarch64_generic_musl/ncurses-6.4/ipkg-install/usr/share/terminfo; for dir in ??; do [ -d "$dir" ] || continue; mv $dir $(echo -ne "\x$dir"); done )
for file in a/ansi a/alacritty d/dumb f/foot l/linux r/rxvt r/rxvt-unicode s/screen s/screen-256color t/tmux t/tmux-256color v/vt100 v/vt102 x/xterm x/xterm-color x/xterm-256color; do install -d -m0755 /workspaces/openwrt-radxa-rock5b-plus/openwrt/build_dir/target-aarch64_generic_musl/ncurses-6.4/ipkg-aarch64_generic/terminfo/usr/share/terminfo/`dirname $file`; cp -fpR /workspaces/openwrt-radxa-rock5b-plus/openwrt/build_dir/target-aarch64_generic_musl/ncurses-6.4/ipkg-install/usr/share/terminfo/$file /workspaces/openwrt-radxa-rock5b-plus/openwrt/build_dir/target-aarch64_generic_musl/ncurses-6.4/ipkg-aarch64_generic/terminfo/usr/share/terminfo/$file; done
rm -rf /workspaces/openwrt-radxa-rock5b-plus/openwrt/build_dir/target-aarch64_generic_musl/linux-rockchip_armv8/packages/ipkg-aarch64_generic/kmod-crypto-null
/workspaces/openwrt-radxa-rock5b-plus/openwrt/scripts/ipkg-remove kmod-crypto-null /workspaces/openwrt-radxa-rock5b-plus/openwrt/bin/targets/rockchip/armv8/packages/kmod-crypto-null-6.12.45-r1.apk
mkdir -p /workspaces/openwrt-radxa-rock5b-plus/openwrt/bin/targets/rockchip/armv8/packages /workspaces/openwrt-radxa-rock5b-plus/openwrt/build_dir/target-aarch64_generic_musl/linux-rockchip_armv8/packages/ipkg-aarch64_generic/kmod-crypto-null /workspaces/openwrt-radxa-rock5b-plus/openwrt/staging_dir/target-aarch64_generic_musl/pkginfo
for mod in /workspaces/openwrt-radxa-rock5b-plus/openwrt/build_dir/target-aarch64_generic_musl/linux-rockchip_armv8/linux-6.12.45/crypto/crypto_null.ko; do if grep -q "${mod##/workspaces/openwrt-radxa-rock5b-plus/openwrt/build_dir/target-aarch64_generic_musl/linux-rockchip_armv8/linux-6.12.45/}" "/workspaces/openwrt-radxa-rock5b-plus/openwrt/build_dir/target-aarch64_generic_musl/linux-rockchip_armv8/linux-6.12.45/modules.builtin"; then echo "NOTICE: module '$mod' is built-in."; elif [ -e $mod ]; then mkdir -p /workspaces/openwrt-radxa-rock5b-plus/openwrt/build_dir/target-aarch64_generic_musl/linux-rockchip_armv8/packages/ipkg-aarch64_generic/kmod-crypto-null/lib/modules/6.12.45 ; cp -fpR -L $mod /workspaces/openwrt-radxa-rock5b-plus/openwrt/build_dir/target-aarch64_generic_musl/linux-rockchip_armv8/packages/ipkg-aarch64_generic/kmod-crypto-null/lib/modules/6.12.45/ ; else echo "ERROR: module '$mod' is missing." >&2; exit 1; fi; done;
mkdir -p /workspaces/openwrt-radxa-rock5b-plus/openwrt/build_dir/target-aarch64_generic_musl/linux-rockchip_armv8/packages/ipkg-aarch64_generic/kmod-crypto-null/etc/modules.d; ( echo "crypto_null"; ) > /workspaces/openwrt-radxa-rock5b-plus/openwrt/build_dir/target-aarch64_generic_musl/linux-rockchip_armv8/packages/ipkg-aarch64_generic/kmod-crypto-null/etc/modules.d/09-crypto-null; 



find /workspaces/openwrt-radxa-rock5b-plus/openwrt/build_dir/target-aarch64_generic_musl/linux-rockchip_armv8/packages/ipkg-aarch64_generic/kmod-crypto-null -name 'CVS' -o -name '.svn' -o -name '.#*' -o -name '*~'| xargs -r rm -rf
( find /workspaces/openwrt-radxa-rock5b-plus/openwrt/build_dir/target-aarch64_generic_musl/linux-rockchip_armv8/packages/ipkg-aarch64_generic/kmod-crypto-null -name lib\*.so\* -or -name \*.ko | awk -F/ '{ print $NF }'; for file in /workspaces/openwrt-radxa-rock5b-plus/openwrt/staging_dir/target-aarch64_generic_musl/pkginfo/kmod-crypto-hash.provides; do if [ -f "$file" ]; then cat $file; fi; done;  ) | sort -u > /workspaces/openwrt-radxa-rock5b-plus/openwrt/staging_dir/target-aarch64_generic_musl/pkginfo/kmod-crypto-null.provides

( rm -f /workspaces/openwrt-radxa-rock5b-plus/openwrt/staging_dir/target-aarch64_generic_musl/pkginfo/kmod-crypto-null.missing; ( export READELF=aarch64-openwrt-linux-musl-readelf OBJCOPY=aarch64-openwrt-linux-musl-objcopy XARGS="xargs -r"; /workspaces/openwrt-radxa-rock5b-plus/openwrt/scripts/gen-dependencies.sh "/workspaces/openwrt-radxa-rock5b-plus/openwrt/build_dir/target-aarch64_generic_musl/linux-rockchip_armv8/packages/ipkg-aarch64_generic/kmod-crypto-null"; ) | while read FILE; do grep -qxF "$FILE" /workspaces/openwrt-radxa-rock5b-plus/openwrt/staging_dir/target-aarch64_generic_musl/pkginfo/kmod-crypto-null.provides || echo "$FILE" >> /workspaces/openwrt-radxa-rock5b-plus/openwrt/staging_dir/target-aarch64_generic_musl/pkginfo/kmod-crypto-null.missing; done; if [ -f "/workspaces/openwrt-radxa-rock5b-plus/openwrt/staging_dir/target-aarch64_generic_musl/pkginfo/kmod-crypto-null.missing" ]; then echo "Package kmod-crypto-null is missing dependencies for the following libraries:" >&2; cat "/workspaces/openwrt-radxa-rock5b-plus/openwrt/staging_dir/target-aarch64_generic_musl/pkginfo/kmod-crypto-null.missing" >&2; false; fi; )
export CROSS="aarch64-openwrt-linux-musl-"  NO_RENAME=1 ; NM="aarch64-openwrt-linux-musl-nm" STRIP="/workspaces/openwrt-radxa-rock5b-plus/openwrt/staging_dir/host/bin/sstrip -z" STRIP_KMOD="/workspaces/openwrt-radxa-rock5b-plus/openwrt/scripts/strip-kmod.sh" PATCHELF="/workspaces/openwrt-radxa-rock5b-plus/openwrt/staging_dir/host/bin/patchelf" /workspaces/openwrt-radxa-rock5b-plus/openwrt/scripts/rstrip.sh /workspaces/openwrt-radxa-rock5b-plus/openwrt/build_dir/target-aarch64_generic_musl/linux-rockchip_armv8/packages/ipkg-aarch64_generic/kmod-crypto-null
install -d -m0755 /workspaces/openwrt-radxa-rock5b-plus/openwrt/bin/targets/rockchip/armv8/packages/tmp
mkdir -p /workspaces/openwrt-radxa-rock5b-plus/openwrt/build_dir/target-aarch64_generic_musl/linux-rockchip_armv8/packages/apk-aarch64_generic/kmod-crypto-null/
mkdir -p /workspaces/openwrt-radxa-rock5b-plus/openwrt/build_dir/target-aarch64_generic_musl/linux-rockchip_armv8/packages/ipkg-aarch64_generic/kmod-crypto-null/lib/apk/packages/
(cd /workspaces/openwrt-radxa-rock5b-plus/openwrt/build_dir/target-aarch64_generic_musl/linux-rockchip_armv8/packages/apk-aarch64_generic/kmod-crypto-null; )
( echo "#!/bin/sh"; echo "[ \"\${IPKG_NO_SCRIPT}\" = \"1\" ] && exit 0"; echo "[ -s "\${IPKG_INSTROOT}/lib/functions.sh" ] || exit 0"; echo ". \${IPKG_INSTROOT}/lib/functions.sh"; echo 'export root="${IPKG_INSTROOT}"'; echo 'export pkgname="kmod-crypto-null"'; echo "add_group_and_user"; echo "default_postinst"; [ ! -f /workspaces/openwrt-radxa-rock5b-plus/openwrt/build_dir/target-aarch64_generic_musl/linux-rockchip_armv8/packages/apk-aarch64_generic/kmod-crypto-null/postinst-pkg ] || sed -z 's/^\s*#!/#!/' "/workspaces/openwrt-radxa-rock5b-plus/openwrt/build_dir/target-aarch64_generic_musl/linux-rockchip_armv8/packages/apk-aarch64_generic/kmod-crypto-null/postinst-pkg"; ) > /workspaces/openwrt-radxa-rock5b-plus/openwrt/build_dir/target-aarch64_generic_musl/linux-rockchip_armv8/packages/apk-aarch64_generic/kmod-crypto-null/post-install;
( echo "#!/bin/sh"; echo 'export PKG_UPGRADE=1'; [ ! -f /workspaces/openwrt-radxa-rock5b-plus/openwrt/build_dir/target-aarch64_generic_musl/linux-rockchip_armv8/packages/apk-aarch64_generic/kmod-crypto-null/post-install ] || sed -z 's/^\s*#!/#!/' "/workspaces/openwrt-radxa-rock5b-plus/openwrt/build_dir/target-aarch64_generic_musl/linux-rockchip_armv8/packages/apk-aarch64_generic/kmod-crypto-null/post-install"; ) > /workspaces/openwrt-radxa-rock5b-plus/openwrt/build_dir/target-aarch64_generic_musl/linux-rockchip_armv8/packages/apk-aarch64_generic/kmod-crypto-null/post-upgrade;
( echo "#!/bin/sh"; echo "[ -s "\${IPKG_INSTROOT}/lib/functions.sh" ] || exit 0"; echo ". \${IPKG_INSTROOT}/lib/functions.sh"; echo 'export root="${IPKG_INSTROOT}"'; echo 'export pkgname="kmod-crypto-null"'; echo "default_prerm"; [ ! -f /workspaces/openwrt-radxa-rock5b-plus/openwrt/build_dir/target-aarch64_generic_musl/linux-rockchip_armv8/packages/apk-aarch64_generic/kmod-crypto-null/prerm-pkg ] || sed -z 's/^\s*#!/#!/' "/workspaces/openwrt-radxa-rock5b-plus/openwrt/build_dir/target-aarch64_generic_musl/linux-rockchip_armv8/packages/apk-aarch64_generic/kmod-crypto-null/prerm-pkg"; ) > /workspaces/openwrt-radxa-rock5b-plus/openwrt/build_dir/target-aarch64_generic_musl/linux-rockchip_armv8/packages/apk-aarch64_generic/kmod-crypto-null/pre-deinstall;
[ ! -f /workspaces/openwrt-radxa-rock5b-plus/openwrt/build_dir/target-aarch64_generic_musl/linux-rockchip_armv8/packages/apk-aarch64_generic/kmod-crypto-null/postrm ] || sed -zi 's/^\s*#!/#!/' "/workspaces/openwrt-radxa-rock5b-plus/openwrt/build_dir/target-aarch64_generic_musl/linux-rockchip_armv8/packages/apk-aarch64_generic/kmod-crypto-null/postrm";
if [ -n "" ]; then echo  > /workspaces/openwrt-radxa-rock5b-plus/openwrt/build_dir/target-aarch64_generic_musl/linux-rockchip_armv8/packages/ipkg-aarch64_generic/kmod-crypto-null/lib/apk/packages/kmod-crypto-null.rusers; fi;
if [ -n "" ]; then echo  > /workspaces/openwrt-radxa-rock5b-plus/openwrt/build_dir/target-aarch64_generic_musl/linux-rockchip_armv8/packages/ipkg-aarch64_generic/kmod-crypto-null/lib/apk/packages/kmod-crypto-null.alternatives; fi;
(cd /workspaces/openwrt-radxa-rock5b-plus/openwrt/build_dir/target-aarch64_generic_musl/linux-rockchip_armv8/packages/ipkg-aarch64_generic/kmod-crypto-null && find . -type f,l -printf "/%P\n" | sort > /workspaces/openwrt-radxa-rock5b-plus/openwrt/tmp/kmod-crypto-null.list && mv /workspaces/openwrt-radxa-rock5b-plus/openwrt/tmp/kmod-crypto-null.list /workspaces/openwrt-radxa-rock5b-plus/openwrt/build_dir/target-aarch64_generic_musl/linux-rockchip_armv8/packages/ipkg-aarch64_generic/kmod-crypto-null/lib/apk/packages/kmod-crypto-null.list)
# Move conffiles to IDIR and build conffiles_static with csums
if [ -f /workspaces/openwrt-radxa-rock5b-plus/openwrt/build_dir/target-aarch64_generic_musl/linux-rockchip_armv8/packages/apk-aarch64_generic/kmod-crypto-null/conffiles ]; then mv -f /workspaces/openwrt-radxa-rock5b-plus/openwrt/build_dir/target-aarch64_generic_musl/linux-rockchip_armv8/packages/apk-aarch64_generic/kmod-crypto-null/conffiles /workspaces/openwrt-radxa-rock5b-plus/openwrt/build_dir/target-aarch64_generic_musl/linux-rockchip_armv8/packages/ipkg-aarch64_generic/kmod-crypto-null/lib/apk/packages/kmod-crypto-null.conffiles; for file in $(cat /workspaces/openwrt-radxa-rock5b-plus/openwrt/build_dir/target-aarch64_generic_musl/linux-rockchip_armv8/packages/ipkg-aarch64_generic/kmod-crypto-null/lib/apk/packages/kmod-crypto-null.conffiles); do [ -f /workspaces/openwrt-radxa-rock5b-plus/openwrt/build_dir/target-aarch64_generic_musl/linux-rockchip_armv8/packages/ipkg-aarch64_generic/kmod-crypto-null/$file ] || continue; csum=$(/workspaces/openwrt-radxa-rock5b-plus/openwrt/staging_dir/host/bin/mkhash sha256 /workspaces/openwrt-radxa-rock5b-plus/openwrt/build_dir/target-aarch64_generic_musl/linux-rockchip_armv8/packages/ipkg-aarch64_generic/kmod-crypto-null/$file); echo $file $csum >> /workspaces/openwrt-radxa-rock5b-plus/openwrt/build_dir/target-aarch64_generic_musl/linux-rockchip_armv8/packages/ipkg-aarch64_generic/kmod-crypto-null/lib/apk/packages/kmod-crypto-null.conffiles_static; done; fi
# Some package (base-files) manually append stuff to conffiles
# Append stuff from it and delete the CONTROL directory since everything else should be migrated
if [ -f /workspaces/openwrt-radxa-rock5b-plus/openwrt/build_dir/target-aarch64_generic_musl/linux-rockchip_armv8/packages/ipkg-aarch64_generic/kmod-crypto-null/CONTROL/conffiles ]; then echo $(IDIR_kmod-crypto-null)/CONTROL/conffiles >> /workspaces/openwrt-radxa-rock5b-plus/openwrt/build_dir/target-aarch64_generic_musl/linux-rockchip_armv8/packages/ipkg-aarch64_generic/kmod-crypto-null/lib/apk/packages/kmod-crypto-null.conffiles; for file in $(cat /workspaces/openwrt-radxa-rock5b-plus/openwrt/build_dir/target-aarch64_generic_musl/linux-rockchip_armv8/packages/ipkg-aarch64_generic/kmod-crypto-null/CONTROL/conffiles); do [ -f /workspaces/openwrt-radxa-rock5b-plus/openwrt/build_dir/target-aarch64_generic_musl/linux-rockchip_armv8/packages/ipkg-aarch64_generic/kmod-crypto-null/$file ] || continue; csum=$(/workspaces/openwrt-radxa-rock5b-plus/openwrt/staging_dir/host/bin/mkhash sha256 /workspaces/openwrt-radxa-rock5b-plus/openwrt/build_dir/target-aarch64_generic_musl/linux-rockchip_armv8/packages/ipkg-aarch64_generic/kmod-crypto-null/$file); echo $file $csum >> /workspaces/openwrt-radxa-rock5b-plus/openwrt/build_dir/target-aarch64_generic_musl/linux-rockchip_armv8/packages/ipkg-aarch64_generic/kmod-crypto-null/lib/apk/packages/kmod-crypto-null.conffiles_static; done; rm -rf /workspaces/openwrt-radxa-rock5b-plus/openwrt/build_dir/target-aarch64_generic_musl/linux-rockchip_armv8/packages/ipkg-aarch64_generic/kmod-crypto-null/CONTROL/conffiles; fi
if [ -z "$(ls -A /workspaces/openwrt-radxa-rock5b-plus/openwrt/build_dir/target-aarch64_generic_musl/linux-rockchip_armv8/packages/ipkg-aarch64_generic/kmod-crypto-null/CONTROL 2>/dev/null)" ]; then rm -rf /workspaces/openwrt-radxa-rock5b-plus/openwrt/build_dir/target-aarch64_generic_musl/linux-rockchip_armv8/packages/ipkg-aarch64_generic/kmod-crypto-null/CONTROL; else echo "CONTROL directory /workspaces/openwrt-radxa-rock5b-plus/openwrt/build_dir/target-aarch64_generic_musl/linux-rockchip_armv8/packages/ipkg-aarch64_generic/kmod-crypto-null/CONTROL is not empty! This is not right and should be checked!" >&2; exit 1; fi
/workspaces/openwrt-radxa-rock5b-plus/openwrt/staging_dir/host/bin/fakeroot /workspaces/openwrt-radxa-rock5b-plus/openwrt/staging_dir/host/bin/apk mkpkg --info "name:kmod-crypto-null" --info "version:6.12.45-r1"  --info "description:Null CryptoAPI module" --info "arch:aarch64_generic" --info "license:GPL-2.0-only" --info "origin:feeds/base/kernel/linux" --info "url:" --info "maintainer:" --info "provides:"  --script "post-install:/workspaces/openwrt-radxa-rock5b-plus/openwrt/build_dir/target-aarch64_generic_musl/linux-rockchip_armv8/packages/apk-aarch64_generic/kmod-crypto-null/post-install" --script "post-upgrade:/workspaces/openwrt-radxa-rock5b-plus/openwrt/build_dir/target-aarch64_generic_musl/linux-rockchip_armv8/packages/apk-aarch64_generic/kmod-crypto-null/post-upgrade" --script "pre-deinstall:/workspaces/openwrt-radxa-rock5b-plus/openwrt/build_dir/target-aarch64_generic_musl/linux-rockchip_armv8/packages/apk-aarch64_generic/kmod-crypto-null/pre-deinstall" --info "depends:kernel=6.12.45~bfdb4691414eb2d33b0186227f6f0e2d-r1 kmod-crypto-hash" --files "/workspaces/openwrt-radxa-rock5b-plus/openwrt/build_dir/target-aarch64_generic_musl/linux-rockchip_armv8/packages/ipkg-aarch64_generic/kmod-crypto-null" --output "/workspaces/openwrt-radxa-rock5b-plus/openwrt/bin/targets/rockchip/armv8/packages/kmod-crypto-null-6.12.45-r1.apk" --sign "/workspaces/openwrt-radxa-rock5b-plus/openwrt/private-key.pem"
[ -f /workspaces/openwrt-radxa-rock5b-plus/openwrt/bin/targets/rockchip/armv8/packages/kmod-crypto-null-6.12.45-r1.apk ]
removed '/workspaces/openwrt-radxa-rock5b-plus/openwrt/bin/targets/rockchip/armv8/packages/kmod-crypto-null-6.12.45-r1.apk'
NOTICE: module '/workspaces/openwrt-radxa-rock5b-plus/openwrt/build_dir/target-aarch64_generic_musl/linux-rockchip_armv8/linux-6.12.45/crypto/crypto_null.ko' is built-in.
find /workspaces/openwrt-radxa-rock5b-plus/openwrt/build_dir/target-aarch64_generic_musl/ncurses-6.4/ipkg-aarch64_generic/terminfo -name 'CVS' -o -name '.svn' -o -name '.#*' -o -name '*~'| xargs -r rm -rf
rm -rf /workspaces/openwrt-radxa-rock5b-plus/openwrt/build_dir/target-aarch64_generic_musl/linux-rockchip_armv8/packages/ipkg-aarch64_generic/kmod-crypto-aead
/workspaces/openwrt-radxa-rock5b-plus/openwrt/scripts/ipkg-remove kmod-crypto-aead /workspaces/openwrt-radxa-rock5b-plus/openwrt/bin/targets/rockchip/armv8/packages/kmod-crypto-aead-6.12.45-r1.apk
mkdir -p /workspaces/openwrt-radxa-rock5b-plus/openwrt/bin/targets/rockchip/armv8/packages /workspaces/openwrt-radxa-rock5b-plus/openwrt/build_dir/target-aarch64_generic_musl/linux-rockchip_armv8/packages/ipkg-aarch64_generic/kmod-crypto-aead /workspaces/openwrt-radxa-rock5b-plus/openwrt/staging_dir/target-aarch64_generic_musl/pkginfo
for mod in /workspaces/openwrt-radxa-rock5b-plus/openwrt/build_dir/target-aarch64_generic_musl/linux-rockchip_armv8/linux-6.12.45/crypto/aead.ko; do if grep -q "${mod##/workspaces/openwrt-radxa-rock5b-plus/openwrt/build_dir/target-aarch64_generic_musl/linux-rockchip_armv8/linux-6.12.45/}" "/workspaces/openwrt-radxa-rock5b-plus/openwrt/build_dir/target-aarch64_generic_musl/linux-rockchip_armv8/linux-6.12.45/modules.builtin"; then echo "NOTICE: module '$mod' is built-in."; elif [ -e $mod ]; then mkdir -p /workspaces/openwrt-radxa-rock5b-plus/openwrt/build_dir/target-aarch64_generic_musl/linux-rockchip_armv8/packages/ipkg-aarch64_generic/kmod-crypto-aead/lib/modules/6.12.45 ; cp -fpR -L $mod /workspaces/openwrt-radxa-rock5b-plus/openwrt/build_dir/target-aarch64_generic_musl/linux-rockchip_armv8/packages/ipkg-aarch64_generic/kmod-crypto-aead/lib/modules/6.12.45/ ; else echo "ERROR: module '$mod' is missing." >&2; exit 1; fi; done;
mkdir -p /workspaces/openwrt-radxa-rock5b-plus/openwrt/build_dir/target-aarch64_generic_musl/linux-rockchip_armv8/packages/ipkg-aarch64_generic/kmod-crypto-aead/etc/modules.d; ( echo "aead"; ) > /workspaces/openwrt-radxa-rock5b-plus/openwrt/build_dir/target-aarch64_generic_musl/linux-rockchip_armv8/packages/ipkg-aarch64_generic/kmod-crypto-aead/etc/modules.d/09-crypto-aead;  mkdir -p /workspaces/openwrt-radxa-rock5b-plus/openwrt/build_dir/target-aarch64_generic_musl/linux-rockchip_armv8/packages/ipkg-aarch64_generic/kmod-crypto-aead/etc/modules-boot.d; ln -sf ../modules.d/09-crypto-aead /workspaces/openwrt-radxa-rock5b-plus/openwrt/build_dir/target-aarch64_generic_musl/linux-rockchip_armv8/packages/ipkg-aarch64_generic/kmod-crypto-aead/etc/modules-boot.d/;



find /workspaces/openwrt-radxa-rock5b-plus/openwrt/build_dir/target-aarch64_generic_musl/linux-rockchip_armv8/packages/ipkg-aarch64_generic/kmod-crypto-aead -name 'CVS' -o -name '.svn' -o -name '.#*' -o -name '*~'| xargs -r rm -rf
( find /workspaces/openwrt-radxa-rock5b-plus/openwrt/build_dir/target-aarch64_generic_musl/linux-rockchip_armv8/packages/ipkg-aarch64_generic/kmod-crypto-aead -name lib\*.so\* -or -name \*.ko | awk -F/ '{ print $NF }'; for file in /workspaces/openwrt-radxa-rock5b-plus/openwrt/staging_dir/target-aarch64_generic_musl/pkginfo/kmod-crypto-null.provides; do if [ -f "$file" ]; then cat $file; fi; done;  ) | sort -u > /workspaces/openwrt-radxa-rock5b-plus/openwrt/staging_dir/target-aarch64_generic_musl/pkginfo/kmod-crypto-aead.provides

( rm -f /workspaces/openwrt-radxa-rock5b-plus/openwrt/staging_dir/target-aarch64_generic_musl/pkginfo/kmod-crypto-aead.missing; ( export READELF=aarch64-openwrt-linux-musl-readelf OBJCOPY=aarch64-openwrt-linux-musl-objcopy XARGS="xargs -r"; /workspaces/openwrt-radxa-rock5b-plus/openwrt/scripts/gen-dependencies.sh "/workspaces/openwrt-radxa-rock5b-plus/openwrt/build_dir/target-aarch64_generic_musl/linux-rockchip_armv8/packages/ipkg-aarch64_generic/kmod-crypto-aead"; ) | while read FILE; do grep -qxF "$FILE" /workspaces/openwrt-radxa-rock5b-plus/openwrt/staging_dir/target-aarch64_generic_musl/pkginfo/kmod-crypto-aead.provides || echo "$FILE" >> /workspaces/openwrt-radxa-rock5b-plus/openwrt/staging_dir/target-aarch64_generic_musl/pkginfo/kmod-crypto-aead.missing; done; if [ -f "/workspaces/openwrt-radxa-rock5b-plus/openwrt/staging_dir/target-aarch64_generic_musl/pkginfo/kmod-crypto-aead.missing" ]; then echo "Package kmod-crypto-aead is missing dependencies for the following libraries:" >&2; cat "/workspaces/openwrt-radxa-rock5b-plus/openwrt/staging_dir/target-aarch64_generic_musl/pkginfo/kmod-crypto-aead.missing" >&2; false; fi; )
export CROSS="aarch64-openwrt-linux-musl-"  NO_RENAME=1 ; NM="aarch64-openwrt-linux-musl-nm" STRIP="/workspaces/openwrt-radxa-rock5b-plus/openwrt/staging_dir/host/bin/sstrip -z" STRIP_KMOD="/workspaces/openwrt-radxa-rock5b-plus/openwrt/scripts/strip-kmod.sh" PATCHELF="/workspaces/openwrt-radxa-rock5b-plus/openwrt/staging_dir/host/bin/patchelf" /workspaces/openwrt-radxa-rock5b-plus/openwrt/scripts/rstrip.sh /workspaces/openwrt-radxa-rock5b-plus/openwrt/build_dir/target-aarch64_generic_musl/linux-rockchip_armv8/packages/ipkg-aarch64_generic/kmod-crypto-aead
install -d -m0755 /workspaces/openwrt-radxa-rock5b-plus/openwrt/bin/targets/rockchip/armv8/packages/tmp
mkdir -p /workspaces/openwrt-radxa-rock5b-plus/openwrt/build_dir/target-aarch64_generic_musl/linux-rockchip_armv8/packages/apk-aarch64_generic/kmod-crypto-aead/
mkdir -p /workspaces/openwrt-radxa-rock5b-plus/openwrt/build_dir/target-aarch64_generic_musl/linux-rockchip_armv8/packages/ipkg-aarch64_generic/kmod-crypto-aead/lib/apk/packages/
(cd /workspaces/openwrt-radxa-rock5b-plus/openwrt/build_dir/target-aarch64_generic_musl/linux-rockchip_armv8/packages/apk-aarch64_generic/kmod-crypto-aead; )
( echo "#!/bin/sh"; echo "[ \"\${IPKG_NO_SCRIPT}\" = \"1\" ] && exit 0"; echo "[ -s "\${IPKG_INSTROOT}/lib/functions.sh" ] || exit 0"; echo ". \${IPKG_INSTROOT}/lib/functions.sh"; echo 'export root="${IPKG_INSTROOT}"'; echo 'export pkgname="kmod-crypto-aead"'; echo "add_group_and_user"; echo "default_postinst"; [ ! -f /workspaces/openwrt-radxa-rock5b-plus/openwrt/build_dir/target-aarch64_generic_musl/linux-rockchip_armv8/packages/apk-aarch64_generic/kmod-crypto-aead/postinst-pkg ] || sed -z 's/^\s*#!/#!/' "/workspaces/openwrt-radxa-rock5b-plus/openwrt/build_dir/target-aarch64_generic_musl/linux-rockchip_armv8/packages/apk-aarch64_generic/kmod-crypto-aead/postinst-pkg"; ) > /workspaces/openwrt-radxa-rock5b-plus/openwrt/build_dir/target-aarch64_generic_musl/linux-rockchip_armv8/packages/apk-aarch64_generic/kmod-crypto-aead/post-install;
( echo "#!/bin/sh"; echo 'export PKG_UPGRADE=1'; [ ! -f /workspaces/openwrt-radxa-rock5b-plus/openwrt/build_dir/target-aarch64_generic_musl/linux-rockchip_armv8/packages/apk-aarch64_generic/kmod-crypto-aead/post-install ] || sed -z 's/^\s*#!/#!/' "/workspaces/openwrt-radxa-rock5b-plus/openwrt/build_dir/target-aarch64_generic_musl/linux-rockchip_armv8/packages/apk-aarch64_generic/kmod-crypto-aead/post-install"; ) > /workspaces/openwrt-radxa-rock5b-plus/openwrt/build_dir/target-aarch64_generic_musl/linux-rockchip_armv8/packages/apk-aarch64_generic/kmod-crypto-aead/post-upgrade;
( echo "#!/bin/sh"; echo "[ -s "\${IPKG_INSTROOT}/lib/functions.sh" ] || exit 0"; echo ". \${IPKG_INSTROOT}/lib/functions.sh"; echo 'export root="${IPKG_INSTROOT}"'; echo 'export pkgname="kmod-crypto-aead"'; echo "default_prerm"; [ ! -f /workspaces/openwrt-radxa-rock5b-plus/openwrt/build_dir/target-aarch64_generic_musl/linux-rockchip_armv8/packages/apk-aarch64_generic/kmod-crypto-aead/prerm-pkg ] || sed -z 's/^\s*#!/#!/' "/workspaces/openwrt-radxa-rock5b-plus/openwrt/build_dir/target-aarch64_generic_musl/linux-rockchip_armv8/packages/apk-aarch64_generic/kmod-crypto-aead/prerm-pkg"; ) > /workspaces/openwrt-radxa-rock5b-plus/openwrt/build_dir/target-aarch64_generic_musl/linux-rockchip_armv8/packages/apk-aarch64_generic/kmod-crypto-aead/pre-deinstall;
[ ! -f /workspaces/openwrt-radxa-rock5b-plus/openwrt/build_dir/target-aarch64_generic_musl/linux-rockchip_armv8/packages/apk-aarch64_generic/kmod-crypto-aead/postrm ] || sed -zi 's/^\s*#!/#!/' "/workspaces/openwrt-radxa-rock5b-plus/openwrt/build_dir/target-aarch64_generic_musl/linux-rockchip_armv8/packages/apk-aarch64_generic/kmod-crypto-aead/postrm";
if [ -n "" ]; then echo  > /workspaces/openwrt-radxa-rock5b-plus/openwrt/build_dir/target-aarch64_generic_musl/linux-rockchip_armv8/packages/ipkg-aarch64_generic/kmod-crypto-aead/lib/apk/packages/kmod-crypto-aead.rusers; fi;
if [ -n "" ]; then echo  > /workspaces/openwrt-radxa-rock5b-plus/openwrt/build_dir/target-aarch64_generic_musl/linux-rockchip_armv8/packages/ipkg-aarch64_generic/kmod-crypto-aead/lib/apk/packages/kmod-crypto-aead.alternatives; fi;
(cd /workspaces/openwrt-radxa-rock5b-plus/openwrt/build_dir/target-aarch64_generic_musl/linux-rockchip_armv8/packages/ipkg-aarch64_generic/kmod-crypto-aead && find . -type f,l -printf "/%P\n" | sort > /workspaces/openwrt-radxa-rock5b-plus/openwrt/tmp/kmod-crypto-aead.list && mv /workspaces/openwrt-radxa-rock5b-plus/openwrt/tmp/kmod-crypto-aead.list /workspaces/openwrt-radxa-rock5b-plus/openwrt/build_dir/target-aarch64_generic_musl/linux-rockchip_armv8/packages/ipkg-aarch64_generic/kmod-crypto-aead/lib/apk/packages/kmod-crypto-aead.list)
# Move conffiles to IDIR and build conffiles_static with csums
if [ -f /workspaces/openwrt-radxa-rock5b-plus/openwrt/build_dir/target-aarch64_generic_musl/linux-rockchip_armv8/packages/apk-aarch64_generic/kmod-crypto-aead/conffiles ]; then mv -f /workspaces/openwrt-radxa-rock5b-plus/openwrt/build_dir/target-aarch64_generic_musl/linux-rockchip_armv8/packages/apk-aarch64_generic/kmod-crypto-aead/conffiles /workspaces/openwrt-radxa-rock5b-plus/openwrt/build_dir/target-aarch64_generic_musl/linux-rockchip_armv8/packages/ipkg-aarch64_generic/kmod-crypto-aead/lib/apk/packages/kmod-crypto-aead.conffiles; for file in $(cat /workspaces/openwrt-radxa-rock5b-plus/openwrt/build_dir/target-aarch64_generic_musl/linux-rockchip_armv8/packages/ipkg-aarch64_generic/kmod-crypto-aead/lib/apk/packages/kmod-crypto-aead.conffiles); do [ -f /workspaces/openwrt-radxa-rock5b-plus/openwrt/build_dir/target-aarch64_generic_musl/linux-rockchip_armv8/packages/ipkg-aarch64_generic/kmod-crypto-aead/$file ] || continue; csum=$(/workspaces/openwrt-radxa-rock5b-plus/openwrt/staging_dir/host/bin/mkhash sha256 /workspaces/openwrt-radxa-rock5b-plus/openwrt/build_dir/target-aarch64_generic_musl/linux-rockchip_armv8/packages/ipkg-aarch64_generic/kmod-crypto-aead/$file); echo $file $csum >> /workspaces/openwrt-radxa-rock5b-plus/openwrt/build_dir/target-aarch64_generic_musl/linux-rockchip_armv8/packages/ipkg-aarch64_generic/kmod-crypto-aead/lib/apk/packages/kmod-crypto-aead.conffiles_static; done; fi
# Some package (base-files) manually append stuff to conffiles
# Append stuff from it and delete the CONTROL directory since everything else should be migrated
if [ -f /workspaces/openwrt-radxa-rock5b-plus/openwrt/build_dir/target-aarch64_generic_musl/linux-rockchip_armv8/packages/ipkg-aarch64_generic/kmod-crypto-aead/CONTROL/conffiles ]; then echo $(IDIR_kmod-crypto-aead)/CONTROL/conffiles >> /workspaces/openwrt-radxa-rock5b-plus/openwrt/build_dir/target-aarch64_generic_musl/linux-rockchip_armv8/packages/ipkg-aarch64_generic/kmod-crypto-aead/lib/apk/packages/kmod-crypto-aead.conffiles; for file in $(cat /workspaces/openwrt-radxa-rock5b-plus/openwrt/build_dir/target-aarch64_generic_musl/linux-rockchip_armv8/packages/ipkg-aarch64_generic/kmod-crypto-aead/CONTROL/conffiles); do [ -f /workspaces/openwrt-radxa-rock5b-plus/openwrt/build_dir/target-aarch64_generic_musl/linux-rockchip_armv8/packages/ipkg-aarch64_generic/kmod-crypto-aead/$file ] || continue; csum=$(/workspaces/openwrt-radxa-rock5b-plus/openwrt/staging_dir/host/bin/mkhash sha256 /workspaces/openwrt-radxa-rock5b-plus/openwrt/build_dir/target-aarch64_generic_musl/linux-rockchip_armv8/packages/ipkg-aarch64_generic/kmod-crypto-aead/$file); echo $file $csum >> /workspaces/openwrt-radxa-rock5b-plus/openwrt/build_dir/target-aarch64_generic_musl/linux-rockchip_armv8/packages/ipkg-aarch64_generic/kmod-crypto-aead/lib/apk/packages/kmod-crypto-aead.conffiles_static; done; rm -rf /workspaces/openwrt-radxa-rock5b-plus/openwrt/build_dir/target-aarch64_generic_musl/linux-rockchip_armv8/packages/ipkg-aarch64_generic/kmod-crypto-aead/CONTROL/conffiles; fi
if [ -z "$(ls -A /workspaces/openwrt-radxa-rock5b-plus/openwrt/build_dir/target-aarch64_generic_musl/linux-rockchip_armv8/packages/ipkg-aarch64_generic/kmod-crypto-aead/CONTROL 2>/dev/null)" ]; then rm -rf /workspaces/openwrt-radxa-rock5b-plus/openwrt/build_dir/target-aarch64_generic_musl/linux-rockchip_armv8/packages/ipkg-aarch64_generic/kmod-crypto-aead/CONTROL; else echo "CONTROL directory /workspaces/openwrt-radxa-rock5b-plus/openwrt/build_dir/target-aarch64_generic_musl/linux-rockchip_armv8/packages/ipkg-aarch64_generic/kmod-crypto-aead/CONTROL is not empty! This is not right and should be checked!" >&2; exit 1; fi
/workspaces/openwrt-radxa-rock5b-plus/openwrt/staging_dir/host/bin/fakeroot /workspaces/openwrt-radxa-rock5b-plus/openwrt/staging_dir/host/bin/apk mkpkg --info "name:kmod-crypto-aead" --info "version:6.12.45-r1"  --info "description:CryptoAPI AEAD support" --info "arch:aarch64_generic" --info "license:GPL-2.0-only" --info "origin:feeds/base/kernel/linux" --info "url:" --info "maintainer:" --info "provides:"  --script "post-install:/workspaces/openwrt-radxa-rock5b-plus/openwrt/build_dir/target-aarch64_generic_musl/linux-rockchip_armv8/packages/apk-aarch64_generic/kmod-crypto-aead/post-install" --script "post-upgrade:/workspaces/openwrt-radxa-rock5b-plus/openwrt/build_dir/target-aarch64_generic_musl/linux-rockchip_armv8/packages/apk-aarch64_generic/kmod-crypto-aead/post-upgrade" --script "pre-deinstall:/workspaces/openwrt-radxa-rock5b-plus/openwrt/build_dir/target-aarch64_generic_musl/linux-rockchip_armv8/packages/apk-aarch64_generic/kmod-crypto-aead/pre-deinstall" --info "depends:kernel=6.12.45~bfdb4691414eb2d33b0186227f6f0e2d-r1 kmod-crypto-null" --files "/workspaces/openwrt-radxa-rock5b-plus/openwrt/build_dir/target-aarch64_generic_musl/linux-rockchip_armv8/packages/ipkg-aarch64_generic/kmod-crypto-aead" --output "/workspaces/openwrt-radxa-rock5b-plus/openwrt/bin/targets/rockchip/armv8/packages/kmod-crypto-aead-6.12.45-r1.apk" --sign "/workspaces/openwrt-radxa-rock5b-plus/openwrt/private-key.pem"
[ -f /workspaces/openwrt-radxa-rock5b-plus/openwrt/bin/targets/rockchip/armv8/packages/kmod-crypto-aead-6.12.45-r1.apk ]
removed '/workspaces/openwrt-radxa-rock5b-plus/openwrt/bin/targets/rockchip/armv8/packages/kmod-crypto-aead-6.12.45-r1.apk'
NOTICE: module '/workspaces/openwrt-radxa-rock5b-plus/openwrt/build_dir/target-aarch64_generic_musl/linux-rockchip_armv8/linux-6.12.45/crypto/aead.ko' is built-in.
export CROSS="aarch64-openwrt-linux-musl-"  NO_RENAME=1 ; NM="aarch64-openwrt-linux-musl-nm" STRIP="/workspaces/openwrt-radxa-rock5b-plus/openwrt/staging_dir/host/bin/sstrip -z" STRIP_KMOD="/workspaces/openwrt-radxa-rock5b-plus/openwrt/scripts/strip-kmod.sh" PATCHELF="/workspaces/openwrt-radxa-rock5b-plus/openwrt/staging_dir/host/bin/patchelf" /workspaces/openwrt-radxa-rock5b-plus/openwrt/scripts/rstrip.sh /workspaces/openwrt-radxa-rock5b-plus/openwrt/build_dir/target-aarch64_generic_musl/ncurses-6.4/ipkg-aarch64_generic/terminfo
install -d -m0755 /workspaces/openwrt-radxa-rock5b-plus/openwrt/bin/packages/aarch64_generic/base/tmp
mkdir -p /workspaces/openwrt-radxa-rock5b-plus/openwrt/build_dir/target-aarch64_generic_musl/ncurses-6.4/apk-aarch64_generic/terminfo/
mkdir -p /workspaces/openwrt-radxa-rock5b-plus/openwrt/build_dir/target-aarch64_generic_musl/ncurses-6.4/ipkg-aarch64_generic/terminfo/lib/apk/packages/
(cd /workspaces/openwrt-radxa-rock5b-plus/openwrt/build_dir/target-aarch64_generic_musl/ncurses-6.4/apk-aarch64_generic/terminfo; )
( echo "#!/bin/sh"; echo "[ \"\${IPKG_NO_SCRIPT}\" = \"1\" ] && exit 0"; echo "[ -s "\${IPKG_INSTROOT}/lib/functions.sh" ] || exit 0"; echo ". \${IPKG_INSTROOT}/lib/functions.sh"; echo 'export root="${IPKG_INSTROOT}"'; echo 'export pkgname="terminfo"'; echo "add_group_and_user"; echo "default_postinst"; [ ! -f /workspaces/openwrt-radxa-rock5b-plus/openwrt/build_dir/target-aarch64_generic_musl/ncurses-6.4/apk-aarch64_generic/terminfo/postinst-pkg ] || sed -z 's/^\s*#!/#!/' "/workspaces/openwrt-radxa-rock5b-plus/openwrt/build_dir/target-aarch64_generic_musl/ncurses-6.4/apk-aarch64_generic/terminfo/postinst-pkg"; ) > /workspaces/openwrt-radxa-rock5b-plus/openwrt/build_dir/target-aarch64_generic_musl/ncurses-6.4/apk-aarch64_generic/terminfo/post-install;
( echo "#!/bin/sh"; echo 'export PKG_UPGRADE=1'; [ ! -f /workspaces/openwrt-radxa-rock5b-plus/openwrt/build_dir/target-aarch64_generic_musl/ncurses-6.4/apk-aarch64_generic/terminfo/post-install ] || sed -z 's/^\s*#!/#!/' "/workspaces/openwrt-radxa-rock5b-plus/openwrt/build_dir/target-aarch64_generic_musl/ncurses-6.4/apk-aarch64_generic/terminfo/post-install"; ) > /workspaces/openwrt-radxa-rock5b-plus/openwrt/build_dir/target-aarch64_generic_musl/ncurses-6.4/apk-aarch64_generic/terminfo/post-upgrade;
rm -rf /workspaces/openwrt-radxa-rock5b-plus/openwrt/build_dir/target-aarch64_generic_musl/linux-rockchip_armv8/packages/ipkg-aarch64_generic/kmod-crypto-manager
/workspaces/openwrt-radxa-rock5b-plus/openwrt/scripts/ipkg-remove kmod-crypto-manager /workspaces/openwrt-radxa-rock5b-plus/openwrt/bin/targets/rockchip/armv8/packages/kmod-crypto-manager-6.12.45-r1.apk
mkdir -p /workspaces/openwrt-radxa-rock5b-plus/openwrt/bin/targets/rockchip/armv8/packages /workspaces/openwrt-radxa-rock5b-plus/openwrt/build_dir/target-aarch64_generic_musl/linux-rockchip_armv8/packages/ipkg-aarch64_generic/kmod-crypto-manager /workspaces/openwrt-radxa-rock5b-plus/openwrt/staging_dir/target-aarch64_generic_musl/pkginfo
for mod in /workspaces/openwrt-radxa-rock5b-plus/openwrt/build_dir/target-aarch64_generic_musl/linux-rockchip_armv8/linux-6.12.45/crypto/cryptomgr.ko; do if grep -q "${mod##/workspaces/openwrt-radxa-rock5b-plus/openwrt/build_dir/target-aarch64_generic_musl/linux-rockchip_armv8/linux-6.12.45/}" "/workspaces/openwrt-radxa-rock5b-plus/openwrt/build_dir/target-aarch64_generic_musl/linux-rockchip_armv8/linux-6.12.45/modules.builtin"; then echo "NOTICE: module '$mod' is built-in."; elif [ -e $mod ]; then mkdir -p /workspaces/openwrt-radxa-rock5b-plus/openwrt/build_dir/target-aarch64_generic_musl/linux-rockchip_armv8/packages/ipkg-aarch64_generic/kmod-crypto-manager/lib/modules/6.12.45 ; cp -fpR -L $mod /workspaces/openwrt-radxa-rock5b-plus/openwrt/build_dir/target-aarch64_generic_musl/linux-rockchip_armv8/packages/ipkg-aarch64_generic/kmod-crypto-manager/lib/modules/6.12.45/ ; else echo "ERROR: module '$mod' is missing." >&2; exit 1; fi; done;
mkdir -p /workspaces/openwrt-radxa-rock5b-plus/openwrt/build_dir/target-aarch64_generic_musl/linux-rockchip_armv8/packages/ipkg-aarch64_generic/kmod-crypto-manager/etc/modules.d; ( echo "cryptomgr"; ) > /workspaces/openwrt-radxa-rock5b-plus/openwrt/build_dir/target-aarch64_generic_musl/linux-rockchip_armv8/packages/ipkg-aarch64_generic/kmod-crypto-manager/etc/modules.d/09-crypto-manager;  mkdir -p /workspaces/openwrt-radxa-rock5b-plus/openwrt/build_dir/target-aarch64_generic_musl/linux-rockchip_armv8/packages/ipkg-aarch64_generic/kmod-crypto-manager/etc/modules-boot.d; ln -sf ../modules.d/09-crypto-manager /workspaces/openwrt-radxa-rock5b-plus/openwrt/build_dir/target-aarch64_generic_musl/linux-rockchip_armv8/packages/ipkg-aarch64_generic/kmod-crypto-manager/etc/modules-boot.d/;



find /workspaces/openwrt-radxa-rock5b-plus/openwrt/build_dir/target-aarch64_generic_musl/linux-rockchip_armv8/packages/ipkg-aarch64_generic/kmod-crypto-manager -name 'CVS' -o -name '.svn' -o -name '.#*' -o -name '*~'| xargs -r rm -rf
( find /workspaces/openwrt-radxa-rock5b-plus/openwrt/build_dir/target-aarch64_generic_musl/linux-rockchip_armv8/packages/ipkg-aarch64_generic/kmod-crypto-manager -name lib\*.so\* -or -name \*.ko | awk -F/ '{ print $NF }'; for file in /workspaces/openwrt-radxa-rock5b-plus/openwrt/staging_dir/target-aarch64_generic_musl/pkginfo/kmod-crypto-aead.provides /workspaces/openwrt-radxa-rock5b-plus/openwrt/staging_dir/target-aarch64_generic_musl/pkginfo/kmod-crypto-hash.provides; do if [ -f "$file" ]; then cat $file; fi; done;  ) | sort -u > /workspaces/openwrt-radxa-rock5b-plus/openwrt/staging_dir/target-aarch64_generic_musl/pkginfo/kmod-crypto-manager.provides

( rm -f /workspaces/openwrt-radxa-rock5b-plus/openwrt/staging_dir/target-aarch64_generic_musl/pkginfo/kmod-crypto-manager.missing; ( export READELF=aarch64-openwrt-linux-musl-readelf OBJCOPY=aarch64-openwrt-linux-musl-objcopy XARGS="xargs -r"; /workspaces/openwrt-radxa-rock5b-plus/openwrt/scripts/gen-dependencies.sh "/workspaces/openwrt-radxa-rock5b-plus/openwrt/build_dir/target-aarch64_generic_musl/linux-rockchip_armv8/packages/ipkg-aarch64_generic/kmod-crypto-manager"; ) | while read FILE; do grep -qxF "$FILE" /workspaces/openwrt-radxa-rock5b-plus/openwrt/staging_dir/target-aarch64_generic_musl/pkginfo/kmod-crypto-manager.provides || echo "$FILE" >> /workspaces/openwrt-radxa-rock5b-plus/openwrt/staging_dir/target-aarch64_generic_musl/pkginfo/kmod-crypto-manager.missing; done; if [ -f "/workspaces/openwrt-radxa-rock5b-plus/openwrt/staging_dir/target-aarch64_generic_musl/pkginfo/kmod-crypto-manager.missing" ]; then echo "Package kmod-crypto-manager is missing dependencies for the following libraries:" >&2; cat "/workspaces/openwrt-radxa-rock5b-plus/openwrt/staging_dir/target-aarch64_generic_musl/pkginfo/kmod-crypto-manager.missing" >&2; false; fi; )
export CROSS="aarch64-openwrt-linux-musl-"  NO_RENAME=1 ; NM="aarch64-openwrt-linux-musl-nm" STRIP="/workspaces/openwrt-radxa-rock5b-plus/openwrt/staging_dir/host/bin/sstrip -z" STRIP_KMOD="/workspaces/openwrt-radxa-rock5b-plus/openwrt/scripts/strip-kmod.sh" PATCHELF="/workspaces/openwrt-radxa-rock5b-plus/openwrt/staging_dir/host/bin/patchelf" /workspaces/openwrt-radxa-rock5b-plus/openwrt/scripts/rstrip.sh /workspaces/openwrt-radxa-rock5b-plus/openwrt/build_dir/target-aarch64_generic_musl/linux-rockchip_armv8/packages/ipkg-aarch64_generic/kmod-crypto-manager
install -d -m0755 /workspaces/openwrt-radxa-rock5b-plus/openwrt/bin/targets/rockchip/armv8/packages/tmp
mkdir -p /workspaces/openwrt-radxa-rock5b-plus/openwrt/build_dir/target-aarch64_generic_musl/linux-rockchip_armv8/packages/apk-aarch64_generic/kmod-crypto-manager/
mkdir -p /workspaces/openwrt-radxa-rock5b-plus/openwrt/build_dir/target-aarch64_generic_musl/linux-rockchip_armv8/packages/ipkg-aarch64_generic/kmod-crypto-manager/lib/apk/packages/
(cd /workspaces/openwrt-radxa-rock5b-plus/openwrt/build_dir/target-aarch64_generic_musl/linux-rockchip_armv8/packages/apk-aarch64_generic/kmod-crypto-manager; )
( echo "#!/bin/sh"; echo "[ \"\${IPKG_NO_SCRIPT}\" = \"1\" ] && exit 0"; echo "[ -s "\${IPKG_INSTROOT}/lib/functions.sh" ] || exit 0"; echo ". \${IPKG_INSTROOT}/lib/functions.sh"; echo 'export root="${IPKG_INSTROOT}"'; echo 'export pkgname="kmod-crypto-manager"'; echo "add_group_and_user"; echo "default_postinst"; [ ! -f /workspaces/openwrt-radxa-rock5b-plus/openwrt/build_dir/target-aarch64_generic_musl/linux-rockchip_armv8/packages/apk-aarch64_generic/kmod-crypto-manager/postinst-pkg ] || sed -z 's/^\s*#!/#!/' "/workspaces/openwrt-radxa-rock5b-plus/openwrt/build_dir/target-aarch64_generic_musl/linux-rockchip_armv8/packages/apk-aarch64_generic/kmod-crypto-manager/postinst-pkg"; ) > /workspaces/openwrt-radxa-rock5b-plus/openwrt/build_dir/target-aarch64_generic_musl/linux-rockchip_armv8/packages/apk-aarch64_generic/kmod-crypto-manager/post-install;
( echo "#!/bin/sh"; echo 'export PKG_UPGRADE=1'; [ ! -f /workspaces/openwrt-radxa-rock5b-plus/openwrt/build_dir/target-aarch64_generic_musl/linux-rockchip_armv8/packages/apk-aarch64_generic/kmod-crypto-manager/post-install ] || sed -z 's/^\s*#!/#!/' "/workspaces/openwrt-radxa-rock5b-plus/openwrt/build_dir/target-aarch64_generic_musl/linux-rockchip_armv8/packages/apk-aarch64_generic/kmod-crypto-manager/post-install"; ) > /workspaces/openwrt-radxa-rock5b-plus/openwrt/build_dir/target-aarch64_generic_musl/linux-rockchip_armv8/packages/apk-aarch64_generic/kmod-crypto-manager/post-upgrade;
( echo "#!/bin/sh"; echo "[ -s "\${IPKG_INSTROOT}/lib/functions.sh" ] || exit 0"; echo ". \${IPKG_INSTROOT}/lib/functions.sh"; echo 'export root="${IPKG_INSTROOT}"'; echo 'export pkgname="kmod-crypto-manager"'; echo "default_prerm"; [ ! -f /workspaces/openwrt-radxa-rock5b-plus/openwrt/build_dir/target-aarch64_generic_musl/linux-rockchip_armv8/packages/apk-aarch64_generic/kmod-crypto-manager/prerm-pkg ] || sed -z 's/^\s*#!/#!/' "/workspaces/openwrt-radxa-rock5b-plus/openwrt/build_dir/target-aarch64_generic_musl/linux-rockchip_armv8/packages/apk-aarch64_generic/kmod-crypto-manager/prerm-pkg"; ) > /workspaces/openwrt-radxa-rock5b-plus/openwrt/build_dir/target-aarch64_generic_musl/linux-rockchip_armv8/packages/apk-aarch64_generic/kmod-crypto-manager/pre-deinstall;
[ ! -f /workspaces/openwrt-radxa-rock5b-plus/openwrt/build_dir/target-aarch64_generic_musl/linux-rockchip_armv8/packages/apk-aarch64_generic/kmod-crypto-manager/postrm ] || sed -zi 's/^\s*#!/#!/' "/workspaces/openwrt-radxa-rock5b-plus/openwrt/build_dir/target-aarch64_generic_musl/linux-rockchip_armv8/packages/apk-aarch64_generic/kmod-crypto-manager/postrm";
if [ -n "" ]; then echo  > /workspaces/openwrt-radxa-rock5b-plus/openwrt/build_dir/target-aarch64_generic_musl/linux-rockchip_armv8/packages/ipkg-aarch64_generic/kmod-crypto-manager/lib/apk/packages/kmod-crypto-manager.rusers; fi;
if [ -n "" ]; then echo  > /workspaces/openwrt-radxa-rock5b-plus/openwrt/build_dir/target-aarch64_generic_musl/linux-rockchip_armv8/packages/ipkg-aarch64_generic/kmod-crypto-manager/lib/apk/packages/kmod-crypto-manager.alternatives; fi;
(cd /workspaces/openwrt-radxa-rock5b-plus/openwrt/build_dir/target-aarch64_generic_musl/linux-rockchip_armv8/packages/ipkg-aarch64_generic/kmod-crypto-manager && find . -type f,l -printf "/%P\n" | sort > /workspaces/openwrt-radxa-rock5b-plus/openwrt/tmp/kmod-crypto-manager.list && mv /workspaces/openwrt-radxa-rock5b-plus/openwrt/tmp/kmod-crypto-manager.list /workspaces/openwrt-radxa-rock5b-plus/openwrt/build_dir/target-aarch64_generic_musl/linux-rockchip_armv8/packages/ipkg-aarch64_generic/kmod-crypto-manager/lib/apk/packages/kmod-crypto-manager.list)
# Move conffiles to IDIR and build conffiles_static with csums
if [ -f /workspaces/openwrt-radxa-rock5b-plus/openwrt/build_dir/target-aarch64_generic_musl/linux-rockchip_armv8/packages/apk-aarch64_generic/kmod-crypto-manager/conffiles ]; then mv -f /workspaces/openwrt-radxa-rock5b-plus/openwrt/build_dir/target-aarch64_generic_musl/linux-rockchip_armv8/packages/apk-aarch64_generic/kmod-crypto-manager/conffiles /workspaces/openwrt-radxa-rock5b-plus/openwrt/build_dir/target-aarch64_generic_musl/linux-rockchip_armv8/packages/ipkg-aarch64_generic/kmod-crypto-manager/lib/apk/packages/kmod-crypto-manager.conffiles; for file in $(cat /workspaces/openwrt-radxa-rock5b-plus/openwrt/build_dir/target-aarch64_generic_musl/linux-rockchip_armv8/packages/ipkg-aarch64_generic/kmod-crypto-manager/lib/apk/packages/kmod-crypto-manager.conffiles); do [ -f /workspaces/openwrt-radxa-rock5b-plus/openwrt/build_dir/target-aarch64_generic_musl/linux-rockchip_armv8/packages/ipkg-aarch64_generic/kmod-crypto-manager/$file ] || continue; csum=$(/workspaces/openwrt-radxa-rock5b-plus/openwrt/staging_dir/host/bin/mkhash sha256 /workspaces/openwrt-radxa-rock5b-plus/openwrt/build_dir/target-aarch64_generic_musl/linux-rockchip_armv8/packages/ipkg-aarch64_generic/kmod-crypto-manager/$file); echo $file $csum >> /workspaces/openwrt-radxa-rock5b-plus/openwrt/build_dir/target-aarch64_generic_musl/linux-rockchip_armv8/packages/ipkg-aarch64_generic/kmod-crypto-manager/lib/apk/packages/kmod-crypto-manager.conffiles_static; done; fi
# Some package (base-files) manually append stuff to conffiles
# Append stuff from it and delete the CONTROL directory since everything else should be migrated
if [ -f /workspaces/openwrt-radxa-rock5b-plus/openwrt/build_dir/target-aarch64_generic_musl/linux-rockchip_armv8/packages/ipkg-aarch64_generic/kmod-crypto-manager/CONTROL/conffiles ]; then echo $(IDIR_kmod-crypto-manager)/CONTROL/conffiles >> /workspaces/openwrt-radxa-rock5b-plus/openwrt/build_dir/target-aarch64_generic_musl/linux-rockchip_armv8/packages/ipkg-aarch64_generic/kmod-crypto-manager/lib/apk/packages/kmod-crypto-manager.conffiles; for file in $(cat /workspaces/openwrt-radxa-rock5b-plus/openwrt/build_dir/target-aarch64_generic_musl/linux-rockchip_armv8/packages/ipkg-aarch64_generic/kmod-crypto-manager/CONTROL/conffiles); do [ -f /workspaces/openwrt-radxa-rock5b-plus/openwrt/build_dir/target-aarch64_generic_musl/linux-rockchip_armv8/packages/ipkg-aarch64_generic/kmod-crypto-manager/$file ] || continue; csum=$(/workspaces/openwrt-radxa-rock5b-plus/openwrt/staging_dir/host/bin/mkhash sha256 /workspaces/openwrt-radxa-rock5b-plus/openwrt/build_dir/target-aarch64_generic_musl/linux-rockchip_armv8/packages/ipkg-aarch64_generic/kmod-crypto-manager/$file); echo $file $csum >> /workspaces/openwrt-radxa-rock5b-plus/openwrt/build_dir/target-aarch64_generic_musl/linux-rockchip_armv8/packages/ipkg-aarch64_generic/kmod-crypto-manager/lib/apk/packages/kmod-crypto-manager.conffiles_static; done; rm -rf /workspaces/openwrt-radxa-rock5b-plus/openwrt/build_dir/target-aarch64_generic_musl/linux-rockchip_armv8/packages/ipkg-aarch64_generic/kmod-crypto-manager/CONTROL/conffiles; fi
if [ -z "$(ls -A /workspaces/openwrt-radxa-rock5b-plus/openwrt/build_dir/target-aarch64_generic_musl/linux-rockchip_armv8/packages/ipkg-aarch64_generic/kmod-crypto-manager/CONTROL 2>/dev/null)" ]; then rm -rf /workspaces/openwrt-radxa-rock5b-plus/openwrt/build_dir/target-aarch64_generic_musl/linux-rockchip_armv8/packages/ipkg-aarch64_generic/kmod-crypto-manager/CONTROL; else echo "CONTROL directory /workspaces/openwrt-radxa-rock5b-plus/openwrt/build_dir/target-aarch64_generic_musl/linux-rockchip_armv8/packages/ipkg-aarch64_generic/kmod-crypto-manager/CONTROL is not empty! This is not right and should be checked!" >&2; exit 1; fi
/workspaces/openwrt-radxa-rock5b-plus/openwrt/staging_dir/host/bin/fakeroot /workspaces/openwrt-radxa-rock5b-plus/openwrt/staging_dir/host/bin/apk mkpkg --info "name:kmod-crypto-manager" --info "version:6.12.45-r1"  --info "description:CryptoAPI algorithm manager" --info "arch:aarch64_generic" --info "license:GPL-2.0-only" --info "origin:feeds/base/kernel/linux" --info "url:" --info "maintainer:" --info "provides:"  --script "post-install:/workspaces/openwrt-radxa-rock5b-plus/openwrt/build_dir/target-aarch64_generic_musl/linux-rockchip_armv8/packages/apk-aarch64_generic/kmod-crypto-manager/post-install" --script "post-upgrade:/workspaces/openwrt-radxa-rock5b-plus/openwrt/build_dir/target-aarch64_generic_musl/linux-rockchip_armv8/packages/apk-aarch64_generic/kmod-crypto-manager/post-upgrade" --script "pre-deinstall:/workspaces/openwrt-radxa-rock5b-plus/openwrt/build_dir/target-aarch64_generic_musl/linux-rockchip_armv8/packages/apk-aarch64_generic/kmod-crypto-manager/pre-deinstall" --info "depends:kernel=6.12.45~bfdb4691414eb2d33b0186227f6f0e2d-r1 kmod-crypto-aead kmod-crypto-hash" --files "/workspaces/openwrt-radxa-rock5b-plus/openwrt/build_dir/target-aarch64_generic_musl/linux-rockchip_armv8/packages/ipkg-aarch64_generic/kmod-crypto-manager" --output "/workspaces/openwrt-radxa-rock5b-plus/openwrt/bin/targets/rockchip/armv8/packages/kmod-crypto-manager-6.12.45-r1.apk" --sign "/workspaces/openwrt-radxa-rock5b-plus/openwrt/private-key.pem"
[ -f /workspaces/openwrt-radxa-rock5b-plus/openwrt/bin/targets/rockchip/armv8/packages/kmod-crypto-manager-6.12.45-r1.apk ]
( echo "#!/bin/sh"; echo "[ -s "\${IPKG_INSTROOT}/lib/functions.sh" ] || exit 0"; echo ". \${IPKG_INSTROOT}/lib/functions.sh"; echo 'export root="${IPKG_INSTROOT}"'; echo 'export pkgname="terminfo"'; echo "default_prerm"; [ ! -f /workspaces/openwrt-radxa-rock5b-plus/openwrt/build_dir/target-aarch64_generic_musl/ncurses-6.4/apk-aarch64_generic/terminfo/prerm-pkg ] || sed -z 's/^\s*#!/#!/' "/workspaces/openwrt-radxa-rock5b-plus/openwrt/build_dir/target-aarch64_generic_musl/ncurses-6.4/apk-aarch64_generic/terminfo/prerm-pkg"; ) > /workspaces/openwrt-radxa-rock5b-plus/openwrt/build_dir/target-aarch64_generic_musl/ncurses-6.4/apk-aarch64_generic/terminfo/pre-deinstall;
[ ! -f /workspaces/openwrt-radxa-rock5b-plus/openwrt/build_dir/target-aarch64_generic_musl/ncurses-6.4/apk-aarch64_generic/terminfo/postrm ] || sed -zi 's/^\s*#!/#!/' "/workspaces/openwrt-radxa-rock5b-plus/openwrt/build_dir/target-aarch64_generic_musl/ncurses-6.4/apk-aarch64_generic/terminfo/postrm";
if [ -n "" ]; then echo  > /workspaces/openwrt-radxa-rock5b-plus/openwrt/build_dir/target-aarch64_generic_musl/ncurses-6.4/ipkg-aarch64_generic/terminfo/lib/apk/packages/terminfo.rusers; fi;
removed '/workspaces/openwrt-radxa-rock5b-plus/openwrt/bin/targets/rockchip/armv8/packages/kmod-crypto-manager-6.12.45-r1.apk'
if [ -n "" ]; then echo  > /workspaces/openwrt-radxa-rock5b-plus/openwrt/build_dir/target-aarch64_generic_musl/ncurses-6.4/ipkg-aarch64_generic/terminfo/lib/apk/packages/terminfo.alternatives; fi;
NOTICE: module '/workspaces/openwrt-radxa-rock5b-plus/openwrt/build_dir/target-aarch64_generic_musl/linux-rockchip_armv8/linux-6.12.45/crypto/cryptomgr.ko' is built-in.
(cd /workspaces/openwrt-radxa-rock5b-plus/openwrt/build_dir/target-aarch64_generic_musl/ncurses-6.4/ipkg-aarch64_generic/terminfo && find . -type f,l -printf "/%P\n" | sort > /workspaces/openwrt-radxa-rock5b-plus/openwrt/tmp/terminfo.list && mv /workspaces/openwrt-radxa-rock5b-plus/openwrt/tmp/terminfo.list /workspaces/openwrt-radxa-rock5b-plus/openwrt/build_dir/target-aarch64_generic_musl/ncurses-6.4/ipkg-aarch64_generic/terminfo/lib/apk/packages/terminfo.list)
# Move conffiles to IDIR and build conffiles_static with csums
if [ -f /workspaces/openwrt-radxa-rock5b-plus/openwrt/build_dir/target-aarch64_generic_musl/ncurses-6.4/apk-aarch64_generic/terminfo/conffiles ]; then mv -f /workspaces/openwrt-radxa-rock5b-plus/openwrt/build_dir/target-aarch64_generic_musl/ncurses-6.4/apk-aarch64_generic/terminfo/conffiles /workspaces/openwrt-radxa-rock5b-plus/openwrt/build_dir/target-aarch64_generic_musl/ncurses-6.4/ipkg-aarch64_generic/terminfo/lib/apk/packages/terminfo.conffiles; for file in $(cat /workspaces/openwrt-radxa-rock5b-plus/openwrt/build_dir/target-aarch64_generic_musl/ncurses-6.4/ipkg-aarch64_generic/terminfo/lib/apk/packages/terminfo.conffiles); do [ -f /workspaces/openwrt-radxa-rock5b-plus/openwrt/build_dir/target-aarch64_generic_musl/ncurses-6.4/ipkg-aarch64_generic/terminfo/$file ] || continue; csum=$(/workspaces/openwrt-radxa-rock5b-plus/openwrt/staging_dir/host/bin/mkhash sha256 /workspaces/openwrt-radxa-rock5b-plus/openwrt/build_dir/target-aarch64_generic_musl/ncurses-6.4/ipkg-aarch64_generic/terminfo/$file); echo $file $csum >> /workspaces/openwrt-radxa-rock5b-plus/openwrt/build_dir/target-aarch64_generic_musl/ncurses-6.4/ipkg-aarch64_generic/terminfo/lib/apk/packages/terminfo.conffiles_static; done; fi
# Some package (base-files) manually append stuff to conffiles
# Append stuff from it and delete the CONTROL directory since everything else should be migrated
if [ -f /workspaces/openwrt-radxa-rock5b-plus/openwrt/build_dir/target-aarch64_generic_musl/ncurses-6.4/ipkg-aarch64_generic/terminfo/CONTROL/conffiles ]; then echo $(IDIR_terminfo)/CONTROL/conffiles >> /workspaces/openwrt-radxa-rock5b-plus/openwrt/build_dir/target-aarch64_generic_musl/ncurses-6.4/ipkg-aarch64_generic/terminfo/lib/apk/packages/terminfo.conffiles; for file in $(cat /workspaces/openwrt-radxa-rock5b-plus/openwrt/build_dir/target-aarch64_generic_musl/ncurses-6.4/ipkg-aarch64_generic/terminfo/CONTROL/conffiles); do [ -f /workspaces/openwrt-radxa-rock5b-plus/openwrt/build_dir/target-aarch64_generic_musl/ncurses-6.4/ipkg-aarch64_generic/terminfo/$file ] || continue; csum=$(/workspaces/openwrt-radxa-rock5b-plus/openwrt/staging_dir/host/bin/mkhash sha256 /workspaces/openwrt-radxa-rock5b-plus/openwrt/build_dir/target-aarch64_generic_musl/ncurses-6.4/ipkg-aarch64_generic/terminfo/$file); echo $file $csum >> /workspaces/openwrt-radxa-rock5b-plus/openwrt/build_dir/target-aarch64_generic_musl/ncurses-6.4/ipkg-aarch64_generic/terminfo/lib/apk/packages/terminfo.conffiles_static; done; rm -rf /workspaces/openwrt-radxa-rock5b-plus/openwrt/build_dir/target-aarch64_generic_musl/ncurses-6.4/ipkg-aarch64_generic/terminfo/CONTROL/conffiles; fi
if [ -z "$(ls -A /workspaces/openwrt-radxa-rock5b-plus/openwrt/build_dir/target-aarch64_generic_musl/ncurses-6.4/ipkg-aarch64_generic/terminfo/CONTROL 2>/dev/null)" ]; then rm -rf /workspaces/openwrt-radxa-rock5b-plus/openwrt/build_dir/target-aarch64_generic_musl/ncurses-6.4/ipkg-aarch64_generic/terminfo/CONTROL; else echo "CONTROL directory /workspaces/openwrt-radxa-rock5b-plus/openwrt/build_dir/target-aarch64_generic_musl/ncurses-6.4/ipkg-aarch64_generic/terminfo/CONTROL is not empty! This is not right and should be checked!" >&2; exit 1; fi
/workspaces/openwrt-radxa-rock5b-plus/openwrt/staging_dir/host/bin/fakeroot /workspaces/openwrt-radxa-rock5b-plus/openwrt/staging_dir/host/bin/apk mkpkg --info "name:terminfo" --info "version:6.4-r3"  --info "description:Terminal Info Database (ncurses)" --info "arch:aarch64_generic" --info "license:MIT" --info "origin:feeds/base/libs/ncurses" --info "url:http://www.gnu.org/software/ncurses/" --info "maintainer:" --info "provides:"  --script "post-install:/workspaces/openwrt-radxa-rock5b-plus/openwrt/build_dir/target-aarch64_generic_musl/ncurses-6.4/apk-aarch64_generic/terminfo/post-install" --script "post-upgrade:/workspaces/openwrt-radxa-rock5b-plus/openwrt/build_dir/target-aarch64_generic_musl/ncurses-6.4/apk-aarch64_generic/terminfo/post-upgrade" --script "pre-deinstall:/workspaces/openwrt-radxa-rock5b-plus/openwrt/build_dir/target-aarch64_generic_musl/ncurses-6.4/apk-aarch64_generic/terminfo/pre-deinstall" --info "depends:libc" --files "/workspaces/openwrt-radxa-rock5b-plus/openwrt/build_dir/target-aarch64_generic_musl/ncurses-6.4/ipkg-aarch64_generic/terminfo" --output "/workspaces/openwrt-radxa-rock5b-plus/openwrt/bin/packages/aarch64_generic/base/terminfo-6.4-r3.apk" --sign "/workspaces/openwrt-radxa-rock5b-plus/openwrt/private-key.pem"
rm -rf /workspaces/openwrt-radxa-rock5b-plus/openwrt/build_dir/target-aarch64_generic_musl/ncurses-6.4/.pkgdir/terminfo.installed /workspaces/openwrt-radxa-rock5b-plus/openwrt/build_dir/target-aarch64_generic_musl/ncurses-6.4/.pkgdir/terminfo
mkdir -p /workspaces/openwrt-radxa-rock5b-plus/openwrt/build_dir/target-aarch64_generic_musl/ncurses-6.4/.pkgdir/terminfo
echo ""

install -d -m0755 /workspaces/openwrt-radxa-rock5b-plus/openwrt/build_dir/target-aarch64_generic_musl/ncurses-6.4/.pkgdir/terminfo/usr/share/terminfo
(cd /workspaces/openwrt-radxa-rock5b-plus/openwrt/build_dir/target-aarch64_generic_musl/ncurses-6.4/ipkg-install/usr/share/terminfo; for dir in ??; do [ -d "$dir" ] || continue; mv $dir $(echo -ne "\x$dir"); done )
for file in a/ansi a/alacritty d/dumb f/foot l/linux r/rxvt r/rxvt-unicode s/screen s/screen-256color t/tmux t/tmux-256color v/vt100 v/vt102 x/xterm x/xterm-color x/xterm-256color; do install -d -m0755 /workspaces/openwrt-radxa-rock5b-plus/openwrt/build_dir/target-aarch64_generic_musl/ncurses-6.4/.pkgdir/terminfo/usr/share/terminfo/`dirname $file`; cp -fpR /workspaces/openwrt-radxa-rock5b-plus/openwrt/build_dir/target-aarch64_generic_musl/ncurses-6.4/ipkg-install/usr/share/terminfo/$file /workspaces/openwrt-radxa-rock5b-plus/openwrt/build_dir/target-aarch64_generic_musl/ncurses-6.4/.pkgdir/terminfo/usr/share/terminfo/$file; done
rm -rf /workspaces/openwrt-radxa-rock5b-plus/openwrt/build_dir/target-aarch64_generic_musl/linux-rockchip_armv8/packages/ipkg-aarch64_generic/kmod-crypto-hmac
/workspaces/openwrt-radxa-rock5b-plus/openwrt/scripts/ipkg-remove kmod-crypto-hmac /workspaces/openwrt-radxa-rock5b-plus/openwrt/bin/targets/rockchip/armv8/packages/kmod-crypto-hmac-6.12.45-r1.apk
mkdir -p /workspaces/openwrt-radxa-rock5b-plus/openwrt/bin/targets/rockchip/armv8/packages /workspaces/openwrt-radxa-rock5b-plus/openwrt/build_dir/target-aarch64_generic_musl/linux-rockchip_armv8/packages/ipkg-aarch64_generic/kmod-crypto-hmac /workspaces/openwrt-radxa-rock5b-plus/openwrt/staging_dir/target-aarch64_generic_musl/pkginfo
for mod in /workspaces/openwrt-radxa-rock5b-plus/openwrt/build_dir/target-aarch64_generic_musl/linux-rockchip_armv8/linux-6.12.45/crypto/hmac.ko; do if grep -q "${mod##/workspaces/openwrt-radxa-rock5b-plus/openwrt/build_dir/target-aarch64_generic_musl/linux-rockchip_armv8/linux-6.12.45/}" "/workspaces/openwrt-radxa-rock5b-plus/openwrt/build_dir/target-aarch64_generic_musl/linux-rockchip_armv8/linux-6.12.45/modules.builtin"; then echo "NOTICE: module '$mod' is built-in."; elif [ -e $mod ]; then mkdir -p /workspaces/openwrt-radxa-rock5b-plus/openwrt/build_dir/target-aarch64_generic_musl/linux-rockchip_armv8/packages/ipkg-aarch64_generic/kmod-crypto-hmac/lib/modules/6.12.45 ; cp -fpR -L $mod /workspaces/openwrt-radxa-rock5b-plus/openwrt/build_dir/target-aarch64_generic_musl/linux-rockchip_armv8/packages/ipkg-aarch64_generic/kmod-crypto-hmac/lib/modules/6.12.45/ ; else echo "ERROR: module '$mod' is missing." >&2; exit 1; fi; done;
mkdir -p /workspaces/openwrt-radxa-rock5b-plus/openwrt/build_dir/target-aarch64_generic_musl/linux-rockchip_armv8/packages/ipkg-aarch64_generic/kmod-crypto-hmac/etc/modules.d; ( echo "hmac"; ) > /workspaces/openwrt-radxa-rock5b-plus/openwrt/build_dir/target-aarch64_generic_musl/linux-rockchip_armv8/packages/ipkg-aarch64_generic/kmod-crypto-hmac/etc/modules.d/09-crypto-hmac; 



find /workspaces/openwrt-radxa-rock5b-plus/openwrt/build_dir/target-aarch64_generic_musl/linux-rockchip_armv8/packages/ipkg-aarch64_generic/kmod-crypto-hmac -name 'CVS' -o -name '.svn' -o -name '.#*' -o -name '*~'| xargs -r rm -rf
( find /workspaces/openwrt-radxa-rock5b-plus/openwrt/build_dir/target-aarch64_generic_musl/linux-rockchip_armv8/packages/ipkg-aarch64_generic/kmod-crypto-hmac -name lib\*.so\* -or -name \*.ko | awk -F/ '{ print $NF }'; for file in /workspaces/openwrt-radxa-rock5b-plus/openwrt/staging_dir/target-aarch64_generic_musl/pkginfo/kmod-crypto-hash.provides /workspaces/openwrt-radxa-rock5b-plus/openwrt/staging_dir/target-aarch64_generic_musl/pkginfo/kmod-crypto-manager.provides; do if [ -f "$file" ]; then cat $file; fi; done;  ) | sort -u > /workspaces/openwrt-radxa-rock5b-plus/openwrt/staging_dir/target-aarch64_generic_musl/pkginfo/kmod-crypto-hmac.provides

( rm -f /workspaces/openwrt-radxa-rock5b-plus/openwrt/staging_dir/target-aarch64_generic_musl/pkginfo/kmod-crypto-hmac.missing; ( export READELF=aarch64-openwrt-linux-musl-readelf OBJCOPY=aarch64-openwrt-linux-musl-objcopy XARGS="xargs -r"; /workspaces/openwrt-radxa-rock5b-plus/openwrt/scripts/gen-dependencies.sh "/workspaces/openwrt-radxa-rock5b-plus/openwrt/build_dir/target-aarch64_generic_musl/linux-rockchip_armv8/packages/ipkg-aarch64_generic/kmod-crypto-hmac"; ) | while read FILE; do grep -qxF "$FILE" /workspaces/openwrt-radxa-rock5b-plus/openwrt/staging_dir/target-aarch64_generic_musl/pkginfo/kmod-crypto-hmac.provides || echo "$FILE" >> /workspaces/openwrt-radxa-rock5b-plus/openwrt/staging_dir/target-aarch64_generic_musl/pkginfo/kmod-crypto-hmac.missing; done; if [ -f "/workspaces/openwrt-radxa-rock5b-plus/openwrt/staging_dir/target-aarch64_generic_musl/pkginfo/kmod-crypto-hmac.missing" ]; then echo "Package kmod-crypto-hmac is missing dependencies for the following libraries:" >&2; cat "/workspaces/openwrt-radxa-rock5b-plus/openwrt/staging_dir/target-aarch64_generic_musl/pkginfo/kmod-crypto-hmac.missing" >&2; false; fi; )
export CROSS="aarch64-openwrt-linux-musl-"  NO_RENAME=1 ; NM="aarch64-openwrt-linux-musl-nm" STRIP="/workspaces/openwrt-radxa-rock5b-plus/openwrt/staging_dir/host/bin/sstrip -z" STRIP_KMOD="/workspaces/openwrt-radxa-rock5b-plus/openwrt/scripts/strip-kmod.sh" PATCHELF="/workspaces/openwrt-radxa-rock5b-plus/openwrt/staging_dir/host/bin/patchelf" /workspaces/openwrt-radxa-rock5b-plus/openwrt/scripts/rstrip.sh /workspaces/openwrt-radxa-rock5b-plus/openwrt/build_dir/target-aarch64_generic_musl/linux-rockchip_armv8/packages/ipkg-aarch64_generic/kmod-crypto-hmac
install -d -m0755 /workspaces/openwrt-radxa-rock5b-plus/openwrt/bin/targets/rockchip/armv8/packages/tmp
mkdir -p /workspaces/openwrt-radxa-rock5b-plus/openwrt/build_dir/target-aarch64_generic_musl/linux-rockchip_armv8/packages/apk-aarch64_generic/kmod-crypto-hmac/
mkdir -p /workspaces/openwrt-radxa-rock5b-plus/openwrt/build_dir/target-aarch64_generic_musl/linux-rockchip_armv8/packages/ipkg-aarch64_generic/kmod-crypto-hmac/lib/apk/packages/
(cd /workspaces/openwrt-radxa-rock5b-plus/openwrt/build_dir/target-aarch64_generic_musl/linux-rockchip_armv8/packages/apk-aarch64_generic/kmod-crypto-hmac; )
( echo "#!/bin/sh"; echo "[ \"\${IPKG_NO_SCRIPT}\" = \"1\" ] && exit 0"; echo "[ -s "\${IPKG_INSTROOT}/lib/functions.sh" ] || exit 0"; echo ". \${IPKG_INSTROOT}/lib/functions.sh"; echo 'export root="${IPKG_INSTROOT}"'; echo 'export pkgname="kmod-crypto-hmac"'; echo "add_group_and_user"; echo "default_postinst"; [ ! -f /workspaces/openwrt-radxa-rock5b-plus/openwrt/build_dir/target-aarch64_generic_musl/linux-rockchip_armv8/packages/apk-aarch64_generic/kmod-crypto-hmac/postinst-pkg ] || sed -z 's/^\s*#!/#!/' "/workspaces/openwrt-radxa-rock5b-plus/openwrt/build_dir/target-aarch64_generic_musl/linux-rockchip_armv8/packages/apk-aarch64_generic/kmod-crypto-hmac/postinst-pkg"; ) > /workspaces/openwrt-radxa-rock5b-plus/openwrt/build_dir/target-aarch64_generic_musl/linux-rockchip_armv8/packages/apk-aarch64_generic/kmod-crypto-hmac/post-install;
( echo "#!/bin/sh"; echo 'export PKG_UPGRADE=1'; [ ! -f /workspaces/openwrt-radxa-rock5b-plus/openwrt/build_dir/target-aarch64_generic_musl/linux-rockchip_armv8/packages/apk-aarch64_generic/kmod-crypto-hmac/post-install ] || sed -z 's/^\s*#!/#!/' "/workspaces/openwrt-radxa-rock5b-plus/openwrt/build_dir/target-aarch64_generic_musl/linux-rockchip_armv8/packages/apk-aarch64_generic/kmod-crypto-hmac/post-install"; ) > /workspaces/openwrt-radxa-rock5b-plus/openwrt/build_dir/target-aarch64_generic_musl/linux-rockchip_armv8/packages/apk-aarch64_generic/kmod-crypto-hmac/post-upgrade;
( echo "#!/bin/sh"; echo "[ -s "\${IPKG_INSTROOT}/lib/functions.sh" ] || exit 0"; echo ". \${IPKG_INSTROOT}/lib/functions.sh"; echo 'export root="${IPKG_INSTROOT}"'; echo 'export pkgname="kmod-crypto-hmac"'; echo "default_prerm"; [ ! -f /workspaces/openwrt-radxa-rock5b-plus/openwrt/build_dir/target-aarch64_generic_musl/linux-rockchip_armv8/packages/apk-aarch64_generic/kmod-crypto-hmac/prerm-pkg ] || sed -z 's/^\s*#!/#!/' "/workspaces/openwrt-radxa-rock5b-plus/openwrt/build_dir/target-aarch64_generic_musl/linux-rockchip_armv8/packages/apk-aarch64_generic/kmod-crypto-hmac/prerm-pkg"; ) > /workspaces/openwrt-radxa-rock5b-plus/openwrt/build_dir/target-aarch64_generic_musl/linux-rockchip_armv8/packages/apk-aarch64_generic/kmod-crypto-hmac/pre-deinstall;
[ ! -f /workspaces/openwrt-radxa-rock5b-plus/openwrt/build_dir/target-aarch64_generic_musl/linux-rockchip_armv8/packages/apk-aarch64_generic/kmod-crypto-hmac/postrm ] || sed -zi 's/^\s*#!/#!/' "/workspaces/openwrt-radxa-rock5b-plus/openwrt/build_dir/target-aarch64_generic_musl/linux-rockchip_armv8/packages/apk-aarch64_generic/kmod-crypto-hmac/postrm";
if [ -n "" ]; then echo  > /workspaces/openwrt-radxa-rock5b-plus/openwrt/build_dir/target-aarch64_generic_musl/linux-rockchip_armv8/packages/ipkg-aarch64_generic/kmod-crypto-hmac/lib/apk/packages/kmod-crypto-hmac.rusers; fi;
if [ -n "" ]; then echo  > /workspaces/openwrt-radxa-rock5b-plus/openwrt/build_dir/target-aarch64_generic_musl/linux-rockchip_armv8/packages/ipkg-aarch64_generic/kmod-crypto-hmac/lib/apk/packages/kmod-crypto-hmac.alternatives; fi;
(cd /workspaces/openwrt-radxa-rock5b-plus/openwrt/build_dir/target-aarch64_generic_musl/linux-rockchip_armv8/packages/ipkg-aarch64_generic/kmod-crypto-hmac && find . -type f,l -printf "/%P\n" | sort > /workspaces/openwrt-radxa-rock5b-plus/openwrt/tmp/kmod-crypto-hmac.list && mv /workspaces/openwrt-radxa-rock5b-plus/openwrt/tmp/kmod-crypto-hmac.list /workspaces/openwrt-radxa-rock5b-plus/openwrt/build_dir/target-aarch64_generic_musl/linux-rockchip_armv8/packages/ipkg-aarch64_generic/kmod-crypto-hmac/lib/apk/packages/kmod-crypto-hmac.list)
# Move conffiles to IDIR and build conffiles_static with csums
if [ -f /workspaces/openwrt-radxa-rock5b-plus/openwrt/build_dir/target-aarch64_generic_musl/linux-rockchip_armv8/packages/apk-aarch64_generic/kmod-crypto-hmac/conffiles ]; then mv -f /workspaces/openwrt-radxa-rock5b-plus/openwrt/build_dir/target-aarch64_generic_musl/linux-rockchip_armv8/packages/apk-aarch64_generic/kmod-crypto-hmac/conffiles /workspaces/openwrt-radxa-rock5b-plus/openwrt/build_dir/target-aarch64_generic_musl/linux-rockchip_armv8/packages/ipkg-aarch64_generic/kmod-crypto-hmac/lib/apk/packages/kmod-crypto-hmac.conffiles; for file in $(cat /workspaces/openwrt-radxa-rock5b-plus/openwrt/build_dir/target-aarch64_generic_musl/linux-rockchip_armv8/packages/ipkg-aarch64_generic/kmod-crypto-hmac/lib/apk/packages/kmod-crypto-hmac.conffiles); do [ -f /workspaces/openwrt-radxa-rock5b-plus/openwrt/build_dir/target-aarch64_generic_musl/linux-rockchip_armv8/packages/ipkg-aarch64_generic/kmod-crypto-hmac/$file ] || continue; csum=$(/workspaces/openwrt-radxa-rock5b-plus/openwrt/staging_dir/host/bin/mkhash sha256 /workspaces/openwrt-radxa-rock5b-plus/openwrt/build_dir/target-aarch64_generic_musl/linux-rockchip_armv8/packages/ipkg-aarch64_generic/kmod-crypto-hmac/$file); echo $file $csum >> /workspaces/openwrt-radxa-rock5b-plus/openwrt/build_dir/target-aarch64_generic_musl/linux-rockchip_armv8/packages/ipkg-aarch64_generic/kmod-crypto-hmac/lib/apk/packages/kmod-crypto-hmac.conffiles_static; done; fi
# Some package (base-files) manually append stuff to conffiles
# Append stuff from it and delete the CONTROL directory since everything else should be migrated
if [ -f /workspaces/openwrt-radxa-rock5b-plus/openwrt/build_dir/target-aarch64_generic_musl/linux-rockchip_armv8/packages/ipkg-aarch64_generic/kmod-crypto-hmac/CONTROL/conffiles ]; then echo $(IDIR_kmod-crypto-hmac)/CONTROL/conffiles >> /workspaces/openwrt-radxa-rock5b-plus/openwrt/build_dir/target-aarch64_generic_musl/linux-rockchip_armv8/packages/ipkg-aarch64_generic/kmod-crypto-hmac/lib/apk/packages/kmod-crypto-hmac.conffiles; for file in $(cat /workspaces/openwrt-radxa-rock5b-plus/openwrt/build_dir/target-aarch64_generic_musl/linux-rockchip_armv8/packages/ipkg-aarch64_generic/kmod-crypto-hmac/CONTROL/conffiles); do [ -f /workspaces/openwrt-radxa-rock5b-plus/openwrt/build_dir/target-aarch64_generic_musl/linux-rockchip_armv8/packages/ipkg-aarch64_generic/kmod-crypto-hmac/$file ] || continue; csum=$(/workspaces/openwrt-radxa-rock5b-plus/openwrt/staging_dir/host/bin/mkhash sha256 /workspaces/openwrt-radxa-rock5b-plus/openwrt/build_dir/target-aarch64_generic_musl/linux-rockchip_armv8/packages/ipkg-aarch64_generic/kmod-crypto-hmac/$file); echo $file $csum >> /workspaces/openwrt-radxa-rock5b-plus/openwrt/build_dir/target-aarch64_generic_musl/linux-rockchip_armv8/packages/ipkg-aarch64_generic/kmod-crypto-hmac/lib/apk/packages/kmod-crypto-hmac.conffiles_static; done; rm -rf /workspaces/openwrt-radxa-rock5b-plus/openwrt/build_dir/target-aarch64_generic_musl/linux-rockchip_armv8/packages/ipkg-aarch64_generic/kmod-crypto-hmac/CONTROL/conffiles; fi
if [ -z "$(ls -A /workspaces/openwrt-radxa-rock5b-plus/openwrt/build_dir/target-aarch64_generic_musl/linux-rockchip_armv8/packages/ipkg-aarch64_generic/kmod-crypto-hmac/CONTROL 2>/dev/null)" ]; then rm -rf /workspaces/openwrt-radxa-rock5b-plus/openwrt/build_dir/target-aarch64_generic_musl/linux-rockchip_armv8/packages/ipkg-aarch64_generic/kmod-crypto-hmac/CONTROL; else echo "CONTROL directory /workspaces/openwrt-radxa-rock5b-plus/openwrt/build_dir/target-aarch64_generic_musl/linux-rockchip_armv8/packages/ipkg-aarch64_generic/kmod-crypto-hmac/CONTROL is not empty! This is not right and should be checked!" >&2; exit 1; fi
/workspaces/openwrt-radxa-rock5b-plus/openwrt/staging_dir/host/bin/fakeroot /workspaces/openwrt-radxa-rock5b-plus/openwrt/staging_dir/host/bin/apk mkpkg --info "name:kmod-crypto-hmac" --info "version:6.12.45-r1"  --info "description:HMAC digest CryptoAPI module" --info "arch:aarch64_generic" --info "license:GPL-2.0-only" --info "origin:feeds/base/kernel/linux" --info "url:" --info "maintainer:" --info "provides:"  --script "post-install:/workspaces/openwrt-radxa-rock5b-plus/openwrt/build_dir/target-aarch64_generic_musl/linux-rockchip_armv8/packages/apk-aarch64_generic/kmod-crypto-hmac/post-install" --script "post-upgrade:/workspaces/openwrt-radxa-rock5b-plus/openwrt/build_dir/target-aarch64_generic_musl/linux-rockchip_armv8/packages/apk-aarch64_generic/kmod-crypto-hmac/post-upgrade" --script "pre-deinstall:/workspaces/openwrt-radxa-rock5b-plus/openwrt/build_dir/target-aarch64_generic_musl/linux-rockchip_armv8/packages/apk-aarch64_generic/kmod-crypto-hmac/pre-deinstall" --info "depends:kernel=6.12.45~bfdb4691414eb2d33b0186227f6f0e2d-r1 kmod-crypto-hash kmod-crypto-manager" --files "/workspaces/openwrt-radxa-rock5b-plus/openwrt/build_dir/target-aarch64_generic_musl/linux-rockchip_armv8/packages/ipkg-aarch64_generic/kmod-crypto-hmac" --output "/workspaces/openwrt-radxa-rock5b-plus/openwrt/bin/targets/rockchip/armv8/packages/kmod-crypto-hmac-6.12.45-r1.apk" --sign "/workspaces/openwrt-radxa-rock5b-plus/openwrt/private-key.pem"
[ -f /workspaces/openwrt-radxa-rock5b-plus/openwrt/bin/targets/rockchip/armv8/packages/kmod-crypto-hmac-6.12.45-r1.apk ]
removed '/workspaces/openwrt-radxa-rock5b-plus/openwrt/bin/targets/rockchip/armv8/packages/kmod-crypto-hmac-6.12.45-r1.apk'
rstrip.sh: /workspaces/openwrt-radxa-rock5b-plus/openwrt/build_dir/target-aarch64_generic_musl/linux-rockchip_armv8/packages/ipkg-aarch64_generic/kmod-crypto-hmac/lib/modules/6.12.45/hmac.ko: relocatable
touch /workspaces/openwrt-radxa-rock5b-plus/openwrt/build_dir/target-aarch64_generic_musl/ncurses-6.4/.pkgdir/terminfo.installed
rm -rf /workspaces/openwrt-radxa-rock5b-plus/openwrt/tmp/stage-ncurses
mkdir -p /workspaces/openwrt-radxa-rock5b-plus/openwrt/tmp/stage-ncurses/host /workspaces/openwrt-radxa-rock5b-plus/openwrt/staging_dir/target-aarch64_generic_musl/packages
cp -fpR /workspaces/openwrt-radxa-rock5b-plus/openwrt/build_dir/target-aarch64_generic_musl/ncurses-6.4/ipkg-install/* /workspaces/openwrt-radxa-rock5b-plus/openwrt/tmp/stage-ncurses
rm -rf /workspaces/openwrt-radxa-rock5b-plus/openwrt/build_dir/target-aarch64_generic_musl/linux-rockchip_armv8/packages/ipkg-aarch64_generic/kmod-crypto-sha3
/workspaces/openwrt-radxa-rock5b-plus/openwrt/scripts/ipkg-remove kmod-crypto-sha3 /workspaces/openwrt-radxa-rock5b-plus/openwrt/bin/targets/rockchip/armv8/packages/kmod-crypto-sha3-6.12.45-r1.apk
mkdir -p /workspaces/openwrt-radxa-rock5b-plus/openwrt/bin/targets/rockchip/armv8/packages /workspaces/openwrt-radxa-rock5b-plus/openwrt/build_dir/target-aarch64_generic_musl/linux-rockchip_armv8/packages/ipkg-aarch64_generic/kmod-crypto-sha3 /workspaces/openwrt-radxa-rock5b-plus/openwrt/staging_dir/target-aarch64_generic_musl/pkginfo
for mod in /workspaces/openwrt-radxa-rock5b-plus/openwrt/build_dir/target-aarch64_generic_musl/linux-rockchip_armv8/linux-6.12.45/crypto/sha3_generic.ko; do if grep -q "${mod##/workspaces/openwrt-radxa-rock5b-plus/openwrt/build_dir/target-aarch64_generic_musl/linux-rockchip_armv8/linux-6.12.45/}" "/workspaces/openwrt-radxa-rock5b-plus/openwrt/build_dir/target-aarch64_generic_musl/linux-rockchip_armv8/linux-6.12.45/modules.builtin"; then echo "NOTICE: module '$mod' is built-in."; elif [ -e $mod ]; then mkdir -p /workspaces/openwrt-radxa-rock5b-plus/openwrt/build_dir/target-aarch64_generic_musl/linux-rockchip_armv8/packages/ipkg-aarch64_generic/kmod-crypto-sha3/lib/modules/6.12.45 ; cp -fpR -L $mod /workspaces/openwrt-radxa-rock5b-plus/openwrt/build_dir/target-aarch64_generic_musl/linux-rockchip_armv8/packages/ipkg-aarch64_generic/kmod-crypto-sha3/lib/modules/6.12.45/ ; else echo "ERROR: module '$mod' is missing." >&2; exit 1; fi; done;
mkdir -p /workspaces/openwrt-radxa-rock5b-plus/openwrt/build_dir/target-aarch64_generic_musl/linux-rockchip_armv8/packages/ipkg-aarch64_generic/kmod-crypto-sha3/etc/modules.d; ( echo "sha3_generic"; ) > /workspaces/openwrt-radxa-rock5b-plus/openwrt/build_dir/target-aarch64_generic_musl/linux-rockchip_armv8/packages/ipkg-aarch64_generic/kmod-crypto-sha3/etc/modules.d/09-crypto-sha3; 



find /workspaces/openwrt-radxa-rock5b-plus/openwrt/build_dir/target-aarch64_generic_musl/linux-rockchip_armv8/packages/ipkg-aarch64_generic/kmod-crypto-sha3 -name 'CVS' -o -name '.svn' -o -name '.#*' -o -name '*~'| xargs -r rm -rf
( find /workspaces/openwrt-radxa-rock5b-plus/openwrt/build_dir/target-aarch64_generic_musl/linux-rockchip_armv8/packages/ipkg-aarch64_generic/kmod-crypto-sha3 -name lib\*.so\* -or -name \*.ko | awk -F/ '{ print $NF }'; for file in /workspaces/openwrt-radxa-rock5b-plus/openwrt/staging_dir/target-aarch64_generic_musl/pkginfo/kmod-crypto-hash.provides; do if [ -f "$file" ]; then cat $file; fi; done;  ) | sort -u > /workspaces/openwrt-radxa-rock5b-plus/openwrt/staging_dir/target-aarch64_generic_musl/pkginfo/kmod-crypto-sha3.provides

( rm -f /workspaces/openwrt-radxa-rock5b-plus/openwrt/staging_dir/target-aarch64_generic_musl/pkginfo/kmod-crypto-sha3.missing; ( export READELF=aarch64-openwrt-linux-musl-readelf OBJCOPY=aarch64-openwrt-linux-musl-objcopy XARGS="xargs -r"; /workspaces/openwrt-radxa-rock5b-plus/openwrt/scripts/gen-dependencies.sh "/workspaces/openwrt-radxa-rock5b-plus/openwrt/build_dir/target-aarch64_generic_musl/linux-rockchip_armv8/packages/ipkg-aarch64_generic/kmod-crypto-sha3"; ) | while read FILE; do grep -qxF "$FILE" /workspaces/openwrt-radxa-rock5b-plus/openwrt/staging_dir/target-aarch64_generic_musl/pkginfo/kmod-crypto-sha3.provides || echo "$FILE" >> /workspaces/openwrt-radxa-rock5b-plus/openwrt/staging_dir/target-aarch64_generic_musl/pkginfo/kmod-crypto-sha3.missing; done; if [ -f "/workspaces/openwrt-radxa-rock5b-plus/openwrt/staging_dir/target-aarch64_generic_musl/pkginfo/kmod-crypto-sha3.missing" ]; then echo "Package kmod-crypto-sha3 is missing dependencies for the following libraries:" >&2; cat "/workspaces/openwrt-radxa-rock5b-plus/openwrt/staging_dir/target-aarch64_generic_musl/pkginfo/kmod-crypto-sha3.missing" >&2; false; fi; )
export CROSS="aarch64-openwrt-linux-musl-"  NO_RENAME=1 ; NM="aarch64-openwrt-linux-musl-nm" STRIP="/workspaces/openwrt-radxa-rock5b-plus/openwrt/staging_dir/host/bin/sstrip -z" STRIP_KMOD="/workspaces/openwrt-radxa-rock5b-plus/openwrt/scripts/strip-kmod.sh" PATCHELF="/workspaces/openwrt-radxa-rock5b-plus/openwrt/staging_dir/host/bin/patchelf" /workspaces/openwrt-radxa-rock5b-plus/openwrt/scripts/rstrip.sh /workspaces/openwrt-radxa-rock5b-plus/openwrt/build_dir/target-aarch64_generic_musl/linux-rockchip_armv8/packages/ipkg-aarch64_generic/kmod-crypto-sha3
install -d -m0755 /workspaces/openwrt-radxa-rock5b-plus/openwrt/bin/targets/rockchip/armv8/packages/tmp
mkdir -p /workspaces/openwrt-radxa-rock5b-plus/openwrt/build_dir/target-aarch64_generic_musl/linux-rockchip_armv8/packages/apk-aarch64_generic/kmod-crypto-sha3/
mkdir -p /workspaces/openwrt-radxa-rock5b-plus/openwrt/build_dir/target-aarch64_generic_musl/linux-rockchip_armv8/packages/ipkg-aarch64_generic/kmod-crypto-sha3/lib/apk/packages/
(cd /workspaces/openwrt-radxa-rock5b-plus/openwrt/build_dir/target-aarch64_generic_musl/linux-rockchip_armv8/packages/apk-aarch64_generic/kmod-crypto-sha3; )
( echo "#!/bin/sh"; echo "[ \"\${IPKG_NO_SCRIPT}\" = \"1\" ] && exit 0"; echo "[ -s "\${IPKG_INSTROOT}/lib/functions.sh" ] || exit 0"; echo ". \${IPKG_INSTROOT}/lib/functions.sh"; echo 'export root="${IPKG_INSTROOT}"'; echo 'export pkgname="kmod-crypto-sha3"'; echo "add_group_and_user"; echo "default_postinst"; [ ! -f /workspaces/openwrt-radxa-rock5b-plus/openwrt/build_dir/target-aarch64_generic_musl/linux-rockchip_armv8/packages/apk-aarch64_generic/kmod-crypto-sha3/postinst-pkg ] || sed -z 's/^\s*#!/#!/' "/workspaces/openwrt-radxa-rock5b-plus/openwrt/build_dir/target-aarch64_generic_musl/linux-rockchip_armv8/packages/apk-aarch64_generic/kmod-crypto-sha3/postinst-pkg"; ) > /workspaces/openwrt-radxa-rock5b-plus/openwrt/build_dir/target-aarch64_generic_musl/linux-rockchip_armv8/packages/apk-aarch64_generic/kmod-crypto-sha3/post-install;
( echo "#!/bin/sh"; echo 'export PKG_UPGRADE=1'; [ ! -f /workspaces/openwrt-radxa-rock5b-plus/openwrt/build_dir/target-aarch64_generic_musl/linux-rockchip_armv8/packages/apk-aarch64_generic/kmod-crypto-sha3/post-install ] || sed -z 's/^\s*#!/#!/' "/workspaces/openwrt-radxa-rock5b-plus/openwrt/build_dir/target-aarch64_generic_musl/linux-rockchip_armv8/packages/apk-aarch64_generic/kmod-crypto-sha3/post-install"; ) > /workspaces/openwrt-radxa-rock5b-plus/openwrt/build_dir/target-aarch64_generic_musl/linux-rockchip_armv8/packages/apk-aarch64_generic/kmod-crypto-sha3/post-upgrade;
( echo "#!/bin/sh"; echo "[ -s "\${IPKG_INSTROOT}/lib/functions.sh" ] || exit 0"; echo ". \${IPKG_INSTROOT}/lib/functions.sh"; echo 'export root="${IPKG_INSTROOT}"'; echo 'export pkgname="kmod-crypto-sha3"'; echo "default_prerm"; [ ! -f /workspaces/openwrt-radxa-rock5b-plus/openwrt/build_dir/target-aarch64_generic_musl/linux-rockchip_armv8/packages/apk-aarch64_generic/kmod-crypto-sha3/prerm-pkg ] || sed -z 's/^\s*#!/#!/' "/workspaces/openwrt-radxa-rock5b-plus/openwrt/build_dir/target-aarch64_generic_musl/linux-rockchip_armv8/packages/apk-aarch64_generic/kmod-crypto-sha3/prerm-pkg"; ) > /workspaces/openwrt-radxa-rock5b-plus/openwrt/build_dir/target-aarch64_generic_musl/linux-rockchip_armv8/packages/apk-aarch64_generic/kmod-crypto-sha3/pre-deinstall;
[ ! -f /workspaces/openwrt-radxa-rock5b-plus/openwrt/build_dir/target-aarch64_generic_musl/linux-rockchip_armv8/packages/apk-aarch64_generic/kmod-crypto-sha3/postrm ] || sed -zi 's/^\s*#!/#!/' "/workspaces/openwrt-radxa-rock5b-plus/openwrt/build_dir/target-aarch64_generic_musl/linux-rockchip_armv8/packages/apk-aarch64_generic/kmod-crypto-sha3/postrm";
if [ -n "" ]; then echo  > /workspaces/openwrt-radxa-rock5b-plus/openwrt/build_dir/target-aarch64_generic_musl/linux-rockchip_armv8/packages/ipkg-aarch64_generic/kmod-crypto-sha3/lib/apk/packages/kmod-crypto-sha3.rusers; fi;
if [ -n "" ]; then echo  > /workspaces/openwrt-radxa-rock5b-plus/openwrt/build_dir/target-aarch64_generic_musl/linux-rockchip_armv8/packages/ipkg-aarch64_generic/kmod-crypto-sha3/lib/apk/packages/kmod-crypto-sha3.alternatives; fi;
(cd /workspaces/openwrt-radxa-rock5b-plus/openwrt/build_dir/target-aarch64_generic_musl/linux-rockchip_armv8/packages/ipkg-aarch64_generic/kmod-crypto-sha3 && find . -type f,l -printf "/%P\n" | sort > /workspaces/openwrt-radxa-rock5b-plus/openwrt/tmp/kmod-crypto-sha3.list && mv /workspaces/openwrt-radxa-rock5b-plus/openwrt/tmp/kmod-crypto-sha3.list /workspaces/openwrt-radxa-rock5b-plus/openwrt/build_dir/target-aarch64_generic_musl/linux-rockchip_armv8/packages/ipkg-aarch64_generic/kmod-crypto-sha3/lib/apk/packages/kmod-crypto-sha3.list)
# Move conffiles to IDIR and build conffiles_static with csums
if [ -f /workspaces/openwrt-radxa-rock5b-plus/openwrt/build_dir/target-aarch64_generic_musl/linux-rockchip_armv8/packages/apk-aarch64_generic/kmod-crypto-sha3/conffiles ]; then mv -f /workspaces/openwrt-radxa-rock5b-plus/openwrt/build_dir/target-aarch64_generic_musl/linux-rockchip_armv8/packages/apk-aarch64_generic/kmod-crypto-sha3/conffiles /workspaces/openwrt-radxa-rock5b-plus/openwrt/build_dir/target-aarch64_generic_musl/linux-rockchip_armv8/packages/ipkg-aarch64_generic/kmod-crypto-sha3/lib/apk/packages/kmod-crypto-sha3.conffiles; for file in $(cat /workspaces/openwrt-radxa-rock5b-plus/openwrt/build_dir/target-aarch64_generic_musl/linux-rockchip_armv8/packages/ipkg-aarch64_generic/kmod-crypto-sha3/lib/apk/packages/kmod-crypto-sha3.conffiles); do [ -f /workspaces/openwrt-radxa-rock5b-plus/openwrt/build_dir/target-aarch64_generic_musl/linux-rockchip_armv8/packages/ipkg-aarch64_generic/kmod-crypto-sha3/$file ] || continue; csum=$(/workspaces/openwrt-radxa-rock5b-plus/openwrt/staging_dir/host/bin/mkhash sha256 /workspaces/openwrt-radxa-rock5b-plus/openwrt/build_dir/target-aarch64_generic_musl/linux-rockchip_armv8/packages/ipkg-aarch64_generic/kmod-crypto-sha3/$file); echo $file $csum >> /workspaces/openwrt-radxa-rock5b-plus/openwrt/build_dir/target-aarch64_generic_musl/linux-rockchip_armv8/packages/ipkg-aarch64_generic/kmod-crypto-sha3/lib/apk/packages/kmod-crypto-sha3.conffiles_static; done; fi
# Some package (base-files) manually append stuff to conffiles
# Append stuff from it and delete the CONTROL directory since everything else should be migrated
if [ -f /workspaces/openwrt-radxa-rock5b-plus/openwrt/build_dir/target-aarch64_generic_musl/linux-rockchip_armv8/packages/ipkg-aarch64_generic/kmod-crypto-sha3/CONTROL/conffiles ]; then echo $(IDIR_kmod-crypto-sha3)/CONTROL/conffiles >> /workspaces/openwrt-radxa-rock5b-plus/openwrt/build_dir/target-aarch64_generic_musl/linux-rockchip_armv8/packages/ipkg-aarch64_generic/kmod-crypto-sha3/lib/apk/packages/kmod-crypto-sha3.conffiles; for file in $(cat /workspaces/openwrt-radxa-rock5b-plus/openwrt/build_dir/target-aarch64_generic_musl/linux-rockchip_armv8/packages/ipkg-aarch64_generic/kmod-crypto-sha3/CONTROL/conffiles); do [ -f /workspaces/openwrt-radxa-rock5b-plus/openwrt/build_dir/target-aarch64_generic_musl/linux-rockchip_armv8/packages/ipkg-aarch64_generic/kmod-crypto-sha3/$file ] || continue; csum=$(/workspaces/openwrt-radxa-rock5b-plus/openwrt/staging_dir/host/bin/mkhash sha256 /workspaces/openwrt-radxa-rock5b-plus/openwrt/build_dir/target-aarch64_generic_musl/linux-rockchip_armv8/packages/ipkg-aarch64_generic/kmod-crypto-sha3/$file); echo $file $csum >> /workspaces/openwrt-radxa-rock5b-plus/openwrt/build_dir/target-aarch64_generic_musl/linux-rockchip_armv8/packages/ipkg-aarch64_generic/kmod-crypto-sha3/lib/apk/packages/kmod-crypto-sha3.conffiles_static; done; rm -rf /workspaces/openwrt-radxa-rock5b-plus/openwrt/build_dir/target-aarch64_generic_musl/linux-rockchip_armv8/packages/ipkg-aarch64_generic/kmod-crypto-sha3/CONTROL/conffiles; fi
if [ -z "$(ls -A /workspaces/openwrt-radxa-rock5b-plus/openwrt/build_dir/target-aarch64_generic_musl/linux-rockchip_armv8/packages/ipkg-aarch64_generic/kmod-crypto-sha3/CONTROL 2>/dev/null)" ]; then rm -rf /workspaces/openwrt-radxa-rock5b-plus/openwrt/build_dir/target-aarch64_generic_musl/linux-rockchip_armv8/packages/ipkg-aarch64_generic/kmod-crypto-sha3/CONTROL; else echo "CONTROL directory /workspaces/openwrt-radxa-rock5b-plus/openwrt/build_dir/target-aarch64_generic_musl/linux-rockchip_armv8/packages/ipkg-aarch64_generic/kmod-crypto-sha3/CONTROL is not empty! This is not right and should be checked!" >&2; exit 1; fi
/workspaces/openwrt-radxa-rock5b-plus/openwrt/staging_dir/host/bin/fakeroot /workspaces/openwrt-radxa-rock5b-plus/openwrt/staging_dir/host/bin/apk mkpkg --info "name:kmod-crypto-sha3" --info "version:6.12.45-r1"  --info "description:SHA3 digest CryptoAPI module" --info "arch:aarch64_generic" --info "license:GPL-2.0-only" --info "origin:feeds/base/kernel/linux" --info "url:" --info "maintainer:" --info "provides:"  --script "post-install:/workspaces/openwrt-radxa-rock5b-plus/openwrt/build_dir/target-aarch64_generic_musl/linux-rockchip_armv8/packages/apk-aarch64_generic/kmod-crypto-sha3/post-install" --script "post-upgrade:/workspaces/openwrt-radxa-rock5b-plus/openwrt/build_dir/target-aarch64_generic_musl/linux-rockchip_armv8/packages/apk-aarch64_generic/kmod-crypto-sha3/post-upgrade" --script "pre-deinstall:/workspaces/openwrt-radxa-rock5b-plus/openwrt/build_dir/target-aarch64_generic_musl/linux-rockchip_armv8/packages/apk-aarch64_generic/kmod-crypto-sha3/pre-deinstall" --info "depends:kernel=6.12.45~bfdb4691414eb2d33b0186227f6f0e2d-r1 kmod-crypto-hash" --files "/workspaces/openwrt-radxa-rock5b-plus/openwrt/build_dir/target-aarch64_generic_musl/linux-rockchip_armv8/packages/ipkg-aarch64_generic/kmod-crypto-sha3" --output "/workspaces/openwrt-radxa-rock5b-plus/openwrt/bin/targets/rockchip/armv8/packages/kmod-crypto-sha3-6.12.45-r1.apk" --sign "/workspaces/openwrt-radxa-rock5b-plus/openwrt/private-key.pem"
[ -f /workspaces/openwrt-radxa-rock5b-plus/openwrt/bin/targets/rockchip/armv8/packages/kmod-crypto-sha3-6.12.45-r1.apk ]
removed '/workspaces/openwrt-radxa-rock5b-plus/openwrt/bin/targets/rockchip/armv8/packages/kmod-crypto-sha3-6.12.45-r1.apk'
rstrip.sh: /workspaces/openwrt-radxa-rock5b-plus/openwrt/build_dir/target-aarch64_generic_musl/linux-rockchip_armv8/packages/ipkg-aarch64_generic/kmod-crypto-sha3/lib/modules/6.12.45/sha3_generic.ko: relocatable
rm -rf /workspaces/openwrt-radxa-rock5b-plus/openwrt/build_dir/target-aarch64_generic_musl/linux-rockchip_armv8/packages/ipkg-aarch64_generic/kmod-crypto-sha512
/workspaces/openwrt-radxa-rock5b-plus/openwrt/scripts/ipkg-remove kmod-crypto-sha512 /workspaces/openwrt-radxa-rock5b-plus/openwrt/bin/targets/rockchip/armv8/packages/kmod-crypto-sha512-6.12.45-r1.apk
mkdir -p /workspaces/openwrt-radxa-rock5b-plus/openwrt/bin/targets/rockchip/armv8/packages /workspaces/openwrt-radxa-rock5b-plus/openwrt/build_dir/target-aarch64_generic_musl/linux-rockchip_armv8/packages/ipkg-aarch64_generic/kmod-crypto-sha512 /workspaces/openwrt-radxa-rock5b-plus/openwrt/staging_dir/target-aarch64_generic_musl/pkginfo
for mod in /workspaces/openwrt-radxa-rock5b-plus/openwrt/build_dir/target-aarch64_generic_musl/linux-rockchip_armv8/linux-6.12.45/crypto/sha512_generic.ko /workspaces/openwrt-radxa-rock5b-plus/openwrt/build_dir/target-aarch64_generic_musl/linux-rockchip_armv8/linux-6.12.45/arch/arm64/crypto/sha512-arm64.ko; do if grep -q "${mod##/workspaces/openwrt-radxa-rock5b-plus/openwrt/build_dir/target-aarch64_generic_musl/linux-rockchip_armv8/linux-6.12.45/}" "/workspaces/openwrt-radxa-rock5b-plus/openwrt/build_dir/target-aarch64_generic_musl/linux-rockchip_armv8/linux-6.12.45/modules.builtin"; then echo "NOTICE: module '$mod' is built-in."; elif [ -e $mod ]; then mkdir -p /workspaces/openwrt-radxa-rock5b-plus/openwrt/build_dir/target-aarch64_generic_musl/linux-rockchip_armv8/packages/ipkg-aarch64_generic/kmod-crypto-sha512/lib/modules/6.12.45 ; cp -fpR -L $mod /workspaces/openwrt-radxa-rock5b-plus/openwrt/build_dir/target-aarch64_generic_musl/linux-rockchip_armv8/packages/ipkg-aarch64_generic/kmod-crypto-sha512/lib/modules/6.12.45/ ; else echo "ERROR: module '$mod' is missing." >&2; exit 1; fi; done;
mkdir -p /workspaces/openwrt-radxa-rock5b-plus/openwrt/build_dir/target-aarch64_generic_musl/linux-rockchip_armv8/packages/ipkg-aarch64_generic/kmod-crypto-sha512/etc/modules.d; ( echo "0";   echo "09";   echo "sha512-arm64";   echo "sha512_generic"; ) > /workspaces/openwrt-radxa-rock5b-plus/openwrt/build_dir/target-aarch64_generic_musl/linux-rockchip_armv8/packages/ipkg-aarch64_generic/kmod-crypto-sha512/etc/modules.d/09-crypto-sha512; 



find /workspaces/openwrt-radxa-rock5b-plus/openwrt/build_dir/target-aarch64_generic_musl/linux-rockchip_armv8/packages/ipkg-aarch64_generic/kmod-crypto-sha512 -name 'CVS' -o -name '.svn' -o -name '.#*' -o -name '*~'| xargs -r rm -rf
( find /workspaces/openwrt-radxa-rock5b-plus/openwrt/build_dir/target-aarch64_generic_musl/linux-rockchip_armv8/packages/ipkg-aarch64_generic/kmod-crypto-sha512 -name lib\*.so\* -or -name \*.ko | awk -F/ '{ print $NF }'; for file in /workspaces/openwrt-radxa-rock5b-plus/openwrt/staging_dir/target-aarch64_generic_musl/pkginfo/kmod-crypto-hash.provides; do if [ -f "$file" ]; then cat $file; fi; done;  ) | sort -u > /workspaces/openwrt-radxa-rock5b-plus/openwrt/staging_dir/target-aarch64_generic_musl/pkginfo/kmod-crypto-sha512.provides

( rm -f /workspaces/openwrt-radxa-rock5b-plus/openwrt/staging_dir/target-aarch64_generic_musl/pkginfo/kmod-crypto-sha512.missing; ( export READELF=aarch64-openwrt-linux-musl-readelf OBJCOPY=aarch64-openwrt-linux-musl-objcopy XARGS="xargs -r"; /workspaces/openwrt-radxa-rock5b-plus/openwrt/scripts/gen-dependencies.sh "/workspaces/openwrt-radxa-rock5b-plus/openwrt/build_dir/target-aarch64_generic_musl/linux-rockchip_armv8/packages/ipkg-aarch64_generic/kmod-crypto-sha512"; ) | while read FILE; do grep -qxF "$FILE" /workspaces/openwrt-radxa-rock5b-plus/openwrt/staging_dir/target-aarch64_generic_musl/pkginfo/kmod-crypto-sha512.provides || echo "$FILE" >> /workspaces/openwrt-radxa-rock5b-plus/openwrt/staging_dir/target-aarch64_generic_musl/pkginfo/kmod-crypto-sha512.missing; done; if [ -f "/workspaces/openwrt-radxa-rock5b-plus/openwrt/staging_dir/target-aarch64_generic_musl/pkginfo/kmod-crypto-sha512.missing" ]; then echo "Package kmod-crypto-sha512 is missing dependencies for the following libraries:" >&2; cat "/workspaces/openwrt-radxa-rock5b-plus/openwrt/staging_dir/target-aarch64_generic_musl/pkginfo/kmod-crypto-sha512.missing" >&2; false; fi; )
export CROSS="aarch64-openwrt-linux-musl-"  NO_RENAME=1 ; NM="aarch64-openwrt-linux-musl-nm" STRIP="/workspaces/openwrt-radxa-rock5b-plus/openwrt/staging_dir/host/bin/sstrip -z" STRIP_KMOD="/workspaces/openwrt-radxa-rock5b-plus/openwrt/scripts/strip-kmod.sh" PATCHELF="/workspaces/openwrt-radxa-rock5b-plus/openwrt/staging_dir/host/bin/patchelf" /workspaces/openwrt-radxa-rock5b-plus/openwrt/scripts/rstrip.sh /workspaces/openwrt-radxa-rock5b-plus/openwrt/build_dir/target-aarch64_generic_musl/linux-rockchip_armv8/packages/ipkg-aarch64_generic/kmod-crypto-sha512
install -d -m0755 /workspaces/openwrt-radxa-rock5b-plus/openwrt/bin/targets/rockchip/armv8/packages/tmp
mkdir -p /workspaces/openwrt-radxa-rock5b-plus/openwrt/build_dir/target-aarch64_generic_musl/linux-rockchip_armv8/packages/apk-aarch64_generic/kmod-crypto-sha512/
mkdir -p /workspaces/openwrt-radxa-rock5b-plus/openwrt/build_dir/target-aarch64_generic_musl/linux-rockchip_armv8/packages/ipkg-aarch64_generic/kmod-crypto-sha512/lib/apk/packages/
(cd /workspaces/openwrt-radxa-rock5b-plus/openwrt/build_dir/target-aarch64_generic_musl/linux-rockchip_armv8/packages/apk-aarch64_generic/kmod-crypto-sha512; )
( echo "#!/bin/sh"; echo "[ \"\${IPKG_NO_SCRIPT}\" = \"1\" ] && exit 0"; echo "[ -s "\${IPKG_INSTROOT}/lib/functions.sh" ] || exit 0"; echo ". \${IPKG_INSTROOT}/lib/functions.sh"; echo 'export root="${IPKG_INSTROOT}"'; echo 'export pkgname="kmod-crypto-sha512"'; echo "add_group_and_user"; echo "default_postinst"; [ ! -f /workspaces/openwrt-radxa-rock5b-plus/openwrt/build_dir/target-aarch64_generic_musl/linux-rockchip_armv8/packages/apk-aarch64_generic/kmod-crypto-sha512/postinst-pkg ] || sed -z 's/^\s*#!/#!/' "/workspaces/openwrt-radxa-rock5b-plus/openwrt/build_dir/target-aarch64_generic_musl/linux-rockchip_armv8/packages/apk-aarch64_generic/kmod-crypto-sha512/postinst-pkg"; ) > /workspaces/openwrt-radxa-rock5b-plus/openwrt/build_dir/target-aarch64_generic_musl/linux-rockchip_armv8/packages/apk-aarch64_generic/kmod-crypto-sha512/post-install;
( echo "#!/bin/sh"; echo 'export PKG_UPGRADE=1'; [ ! -f /workspaces/openwrt-radxa-rock5b-plus/openwrt/build_dir/target-aarch64_generic_musl/linux-rockchip_armv8/packages/apk-aarch64_generic/kmod-crypto-sha512/post-install ] || sed -z 's/^\s*#!/#!/' "/workspaces/openwrt-radxa-rock5b-plus/openwrt/build_dir/target-aarch64_generic_musl/linux-rockchip_armv8/packages/apk-aarch64_generic/kmod-crypto-sha512/post-install"; ) > /workspaces/openwrt-radxa-rock5b-plus/openwrt/build_dir/target-aarch64_generic_musl/linux-rockchip_armv8/packages/apk-aarch64_generic/kmod-crypto-sha512/post-upgrade;
( echo "#!/bin/sh"; echo "[ -s "\${IPKG_INSTROOT}/lib/functions.sh" ] || exit 0"; echo ". \${IPKG_INSTROOT}/lib/functions.sh"; echo 'export root="${IPKG_INSTROOT}"'; echo 'export pkgname="kmod-crypto-sha512"'; echo "default_prerm"; [ ! -f /workspaces/openwrt-radxa-rock5b-plus/openwrt/build_dir/target-aarch64_generic_musl/linux-rockchip_armv8/packages/apk-aarch64_generic/kmod-crypto-sha512/prerm-pkg ] || sed -z 's/^\s*#!/#!/' "/workspaces/openwrt-radxa-rock5b-plus/openwrt/build_dir/target-aarch64_generic_musl/linux-rockchip_armv8/packages/apk-aarch64_generic/kmod-crypto-sha512/prerm-pkg"; ) > /workspaces/openwrt-radxa-rock5b-plus/openwrt/build_dir/target-aarch64_generic_musl/linux-rockchip_armv8/packages/apk-aarch64_generic/kmod-crypto-sha512/pre-deinstall;
[ ! -f /workspaces/openwrt-radxa-rock5b-plus/openwrt/build_dir/target-aarch64_generic_musl/linux-rockchip_armv8/packages/apk-aarch64_generic/kmod-crypto-sha512/postrm ] || sed -zi 's/^\s*#!/#!/' "/workspaces/openwrt-radxa-rock5b-plus/openwrt/build_dir/target-aarch64_generic_musl/linux-rockchip_armv8/packages/apk-aarch64_generic/kmod-crypto-sha512/postrm";
if [ -n "" ]; then echo  > /workspaces/openwrt-radxa-rock5b-plus/openwrt/build_dir/target-aarch64_generic_musl/linux-rockchip_armv8/packages/ipkg-aarch64_generic/kmod-crypto-sha512/lib/apk/packages/kmod-crypto-sha512.rusers; fi;
if [ -n "" ]; then echo  > /workspaces/openwrt-radxa-rock5b-plus/openwrt/build_dir/target-aarch64_generic_musl/linux-rockchip_armv8/packages/ipkg-aarch64_generic/kmod-crypto-sha512/lib/apk/packages/kmod-crypto-sha512.alternatives; fi;
(cd /workspaces/openwrt-radxa-rock5b-plus/openwrt/build_dir/target-aarch64_generic_musl/linux-rockchip_armv8/packages/ipkg-aarch64_generic/kmod-crypto-sha512 && find . -type f,l -printf "/%P\n" | sort > /workspaces/openwrt-radxa-rock5b-plus/openwrt/tmp/kmod-crypto-sha512.list && mv /workspaces/openwrt-radxa-rock5b-plus/openwrt/tmp/kmod-crypto-sha512.list /workspaces/openwrt-radxa-rock5b-plus/openwrt/build_dir/target-aarch64_generic_musl/linux-rockchip_armv8/packages/ipkg-aarch64_generic/kmod-crypto-sha512/lib/apk/packages/kmod-crypto-sha512.list)
# Move conffiles to IDIR and build conffiles_static with csums
if [ -f /workspaces/openwrt-radxa-rock5b-plus/openwrt/build_dir/target-aarch64_generic_musl/linux-rockchip_armv8/packages/apk-aarch64_generic/kmod-crypto-sha512/conffiles ]; then mv -f /workspaces/openwrt-radxa-rock5b-plus/openwrt/build_dir/target-aarch64_generic_musl/linux-rockchip_armv8/packages/apk-aarch64_generic/kmod-crypto-sha512/conffiles /workspaces/openwrt-radxa-rock5b-plus/openwrt/build_dir/target-aarch64_generic_musl/linux-rockchip_armv8/packages/ipkg-aarch64_generic/kmod-crypto-sha512/lib/apk/packages/kmod-crypto-sha512.conffiles; for file in $(cat /workspaces/openwrt-radxa-rock5b-plus/openwrt/build_dir/target-aarch64_generic_musl/linux-rockchip_armv8/packages/ipkg-aarch64_generic/kmod-crypto-sha512/lib/apk/packages/kmod-crypto-sha512.conffiles); do [ -f /workspaces/openwrt-radxa-rock5b-plus/openwrt/build_dir/target-aarch64_generic_musl/linux-rockchip_armv8/packages/ipkg-aarch64_generic/kmod-crypto-sha512/$file ] || continue; csum=$(/workspaces/openwrt-radxa-rock5b-plus/openwrt/staging_dir/host/bin/mkhash sha256 /workspaces/openwrt-radxa-rock5b-plus/openwrt/build_dir/target-aarch64_generic_musl/linux-rockchip_armv8/packages/ipkg-aarch64_generic/kmod-crypto-sha512/$file); echo $file $csum >> /workspaces/openwrt-radxa-rock5b-plus/openwrt/build_dir/target-aarch64_generic_musl/linux-rockchip_armv8/packages/ipkg-aarch64_generic/kmod-crypto-sha512/lib/apk/packages/kmod-crypto-sha512.conffiles_static; done; fi
# Some package (base-files) manually append stuff to conffiles
# Append stuff from it and delete the CONTROL directory since everything else should be migrated
if [ -f /workspaces/openwrt-radxa-rock5b-plus/openwrt/build_dir/target-aarch64_generic_musl/linux-rockchip_armv8/packages/ipkg-aarch64_generic/kmod-crypto-sha512/CONTROL/conffiles ]; then echo $(IDIR_kmod-crypto-sha512)/CONTROL/conffiles >> /workspaces/openwrt-radxa-rock5b-plus/openwrt/build_dir/target-aarch64_generic_musl/linux-rockchip_armv8/packages/ipkg-aarch64_generic/kmod-crypto-sha512/lib/apk/packages/kmod-crypto-sha512.conffiles; for file in $(cat /workspaces/openwrt-radxa-rock5b-plus/openwrt/build_dir/target-aarch64_generic_musl/linux-rockchip_armv8/packages/ipkg-aarch64_generic/kmod-crypto-sha512/CONTROL/conffiles); do [ -f /workspaces/openwrt-radxa-rock5b-plus/openwrt/build_dir/target-aarch64_generic_musl/linux-rockchip_armv8/packages/ipkg-aarch64_generic/kmod-crypto-sha512/$file ] || continue; csum=$(/workspaces/openwrt-radxa-rock5b-plus/openwrt/staging_dir/host/bin/mkhash sha256 /workspaces/openwrt-radxa-rock5b-plus/openwrt/build_dir/target-aarch64_generic_musl/linux-rockchip_armv8/packages/ipkg-aarch64_generic/kmod-crypto-sha512/$file); echo $file $csum >> /workspaces/openwrt-radxa-rock5b-plus/openwrt/build_dir/target-aarch64_generic_musl/linux-rockchip_armv8/packages/ipkg-aarch64_generic/kmod-crypto-sha512/lib/apk/packages/kmod-crypto-sha512.conffiles_static; done; rm -rf /workspaces/openwrt-radxa-rock5b-plus/openwrt/build_dir/target-aarch64_generic_musl/linux-rockchip_armv8/packages/ipkg-aarch64_generic/kmod-crypto-sha512/CONTROL/conffiles; fi
if [ -z "$(ls -A /workspaces/openwrt-radxa-rock5b-plus/openwrt/build_dir/target-aarch64_generic_musl/linux-rockchip_armv8/packages/ipkg-aarch64_generic/kmod-crypto-sha512/CONTROL 2>/dev/null)" ]; then rm -rf /workspaces/openwrt-radxa-rock5b-plus/openwrt/build_dir/target-aarch64_generic_musl/linux-rockchip_armv8/packages/ipkg-aarch64_generic/kmod-crypto-sha512/CONTROL; else echo "CONTROL directory /workspaces/openwrt-radxa-rock5b-plus/openwrt/build_dir/target-aarch64_generic_musl/linux-rockchip_armv8/packages/ipkg-aarch64_generic/kmod-crypto-sha512/CONTROL is not empty! This is not right and should be checked!" >&2; exit 1; fi
/workspaces/openwrt-radxa-rock5b-plus/openwrt/staging_dir/host/bin/fakeroot /workspaces/openwrt-radxa-rock5b-plus/openwrt/staging_dir/host/bin/apk mkpkg --info "name:kmod-crypto-sha512" --info "version:6.12.45-r1"  --info "description:SHA512 digest CryptoAPI module" --info "arch:aarch64_generic" --info "license:GPL-2.0-only" --info "origin:feeds/base/kernel/linux" --info "url:" --info "maintainer:" --info "provides:"  --script "post-install:/workspaces/openwrt-radxa-rock5b-plus/openwrt/build_dir/target-aarch64_generic_musl/linux-rockchip_armv8/packages/apk-aarch64_generic/kmod-crypto-sha512/post-install" --script "post-upgrade:/workspaces/openwrt-radxa-rock5b-plus/openwrt/build_dir/target-aarch64_generic_musl/linux-rockchip_armv8/packages/apk-aarch64_generic/kmod-crypto-sha512/post-upgrade" --script "pre-deinstall:/workspaces/openwrt-radxa-rock5b-plus/openwrt/build_dir/target-aarch64_generic_musl/linux-rockchip_armv8/packages/apk-aarch64_generic/kmod-crypto-sha512/pre-deinstall" --info "depends:kernel=6.12.45~bfdb4691414eb2d33b0186227f6f0e2d-r1 kmod-crypto-hash" --files "/workspaces/openwrt-radxa-rock5b-plus/openwrt/build_dir/target-aarch64_generic_musl/linux-rockchip_armv8/packages/ipkg-aarch64_generic/kmod-crypto-sha512" --output "/workspaces/openwrt-radxa-rock5b-plus/openwrt/bin/targets/rockchip/armv8/packages/kmod-crypto-sha512-6.12.45-r1.apk" --sign "/workspaces/openwrt-radxa-rock5b-plus/openwrt/private-key.pem"
[ -f /workspaces/openwrt-radxa-rock5b-plus/openwrt/bin/targets/rockchip/armv8/packages/kmod-crypto-sha512-6.12.45-r1.apk ]
removed '/workspaces/openwrt-radxa-rock5b-plus/openwrt/bin/targets/rockchip/armv8/packages/kmod-crypto-sha512-6.12.45-r1.apk'
for lib in ncurses panel menu form; do for so in /workspaces/openwrt-radxa-rock5b-plus/openwrt/tmp/stage-ncurses/usr/lib/lib${lib}w.so*; do ln -s ${so##*/} ${so%w.so*}.so${so##*w.so}; done; done
ln -s . /workspaces/openwrt-radxa-rock5b-plus/openwrt/tmp/stage-ncurses/usr/include/ncursesw
aarch64-openwrt-linux-musl-ar rc /workspaces/openwrt-radxa-rock5b-plus/openwrt/tmp/stage-ncurses/usr/lib/libtinfo.a
rstrip.sh: /workspaces/openwrt-radxa-rock5b-plus/openwrt/build_dir/target-aarch64_generic_musl/linux-rockchip_armv8/packages/ipkg-aarch64_generic/kmod-crypto-sha512/lib/modules/6.12.45/sha512_generic.ko: relocatable
rstrip.sh: /workspaces/openwrt-radxa-rock5b-plus/openwrt/build_dir/target-aarch64_generic_musl/linux-rockchip_armv8/packages/ipkg-aarch64_generic/kmod-crypto-sha512/lib/modules/6.12.45/sha512-arm64.ko: relocatable
rm -rf /workspaces/openwrt-radxa-rock5b-plus/openwrt/build_dir/target-aarch64_generic_musl/linux-rockchip_armv8/packages/ipkg-aarch64_generic/kmod-crypto-rng
/workspaces/openwrt-radxa-rock5b-plus/openwrt/scripts/ipkg-remove kmod-crypto-rng /workspaces/openwrt-radxa-rock5b-plus/openwrt/bin/targets/rockchip/armv8/packages/kmod-crypto-rng-6.12.45-r1.apk
mkdir -p /workspaces/openwrt-radxa-rock5b-plus/openwrt/bin/targets/rockchip/armv8/packages /workspaces/openwrt-radxa-rock5b-plus/openwrt/build_dir/target-aarch64_generic_musl/linux-rockchip_armv8/packages/ipkg-aarch64_generic/kmod-crypto-rng /workspaces/openwrt-radxa-rock5b-plus/openwrt/staging_dir/target-aarch64_generic_musl/pkginfo
for mod in /workspaces/openwrt-radxa-rock5b-plus/openwrt/build_dir/target-aarch64_generic_musl/linux-rockchip_armv8/linux-6.12.45/crypto/drbg.ko /workspaces/openwrt-radxa-rock5b-plus/openwrt/build_dir/target-aarch64_generic_musl/linux-rockchip_armv8/linux-6.12.45/crypto/jitterentropy_rng.ko /workspaces/openwrt-radxa-rock5b-plus/openwrt/build_dir/target-aarch64_generic_musl/linux-rockchip_armv8/linux-6.12.45/crypto/rng.ko; do if grep -q "${mod##/workspaces/openwrt-radxa-rock5b-plus/openwrt/build_dir/target-aarch64_generic_musl/linux-rockchip_armv8/linux-6.12.45/}" "/workspaces/openwrt-radxa-rock5b-plus/openwrt/build_dir/target-aarch64_generic_musl/linux-rockchip_armv8/linux-6.12.45/modules.builtin"; then echo "NOTICE: module '$mod' is built-in."; elif [ -e $mod ]; then mkdir -p /workspaces/openwrt-radxa-rock5b-plus/openwrt/build_dir/target-aarch64_generic_musl/linux-rockchip_armv8/packages/ipkg-aarch64_generic/kmod-crypto-rng/lib/modules/6.12.45 ; cp -fpR -L $mod /workspaces/openwrt-radxa-rock5b-plus/openwrt/build_dir/target-aarch64_generic_musl/linux-rockchip_armv8/packages/ipkg-aarch64_generic/kmod-crypto-rng/lib/modules/6.12.45/ ; else echo "ERROR: module '$mod' is missing." >&2; exit 1; fi; done;
mkdir -p /workspaces/openwrt-radxa-rock5b-plus/openwrt/build_dir/target-aarch64_generic_musl/linux-rockchip_armv8/packages/ipkg-aarch64_generic/kmod-crypto-rng/etc/modules.d; ( echo "drbg";   echo "jitterentropy_rng";   echo "rng"; ) > /workspaces/openwrt-radxa-rock5b-plus/openwrt/build_dir/target-aarch64_generic_musl/linux-rockchip_armv8/packages/ipkg-aarch64_generic/kmod-crypto-rng/etc/modules.d/09-crypto-rng; 



find /workspaces/openwrt-radxa-rock5b-plus/openwrt/build_dir/target-aarch64_generic_musl/linux-rockchip_armv8/packages/ipkg-aarch64_generic/kmod-crypto-rng -name 'CVS' -o -name '.svn' -o -name '.#*' -o -name '*~'| xargs -r rm -rf
( find /workspaces/openwrt-radxa-rock5b-plus/openwrt/build_dir/target-aarch64_generic_musl/linux-rockchip_armv8/packages/ipkg-aarch64_generic/kmod-crypto-rng -name lib\*.so\* -or -name \*.ko | awk -F/ '{ print $NF }'; for file in /workspaces/openwrt-radxa-rock5b-plus/openwrt/staging_dir/target-aarch64_generic_musl/pkginfo/kmod-crypto-hash.provides /workspaces/openwrt-radxa-rock5b-plus/openwrt/staging_dir/target-aarch64_generic_musl/pkginfo/kmod-crypto-hmac.provides /workspaces/openwrt-radxa-rock5b-plus/openwrt/staging_dir/target-aarch64_generic_musl/pkginfo/kmod-crypto-sha512.provides /workspaces/openwrt-radxa-rock5b-plus/openwrt/staging_dir/target-aarch64_generic_musl/pkginfo/kmod-crypto-sha3.provides; do if [ -f "$file" ]; then cat $file; fi; done;  ) | sort -u > /workspaces/openwrt-radxa-rock5b-plus/openwrt/staging_dir/target-aarch64_generic_musl/pkginfo/kmod-crypto-rng.provides

( rm -f /workspaces/openwrt-radxa-rock5b-plus/openwrt/staging_dir/target-aarch64_generic_musl/pkginfo/kmod-crypto-rng.missing; ( export READELF=aarch64-openwrt-linux-musl-readelf OBJCOPY=aarch64-openwrt-linux-musl-objcopy XARGS="xargs -r"; /workspaces/openwrt-radxa-rock5b-plus/openwrt/scripts/gen-dependencies.sh "/workspaces/openwrt-radxa-rock5b-plus/openwrt/build_dir/target-aarch64_generic_musl/linux-rockchip_armv8/packages/ipkg-aarch64_generic/kmod-crypto-rng"; ) | while read FILE; do grep -qxF "$FILE" /workspaces/openwrt-radxa-rock5b-plus/openwrt/staging_dir/target-aarch64_generic_musl/pkginfo/kmod-crypto-rng.provides || echo "$FILE" >> /workspaces/openwrt-radxa-rock5b-plus/openwrt/staging_dir/target-aarch64_generic_musl/pkginfo/kmod-crypto-rng.missing; done; if [ -f "/workspaces/openwrt-radxa-rock5b-plus/openwrt/staging_dir/target-aarch64_generic_musl/pkginfo/kmod-crypto-rng.missing" ]; then echo "Package kmod-crypto-rng is missing dependencies for the following libraries:" >&2; cat "/workspaces/openwrt-radxa-rock5b-plus/openwrt/staging_dir/target-aarch64_generic_musl/pkginfo/kmod-crypto-rng.missing" >&2; false; fi; )
export CROSS="aarch64-openwrt-linux-musl-"  NO_RENAME=1 ; NM="aarch64-openwrt-linux-musl-nm" STRIP="/workspaces/openwrt-radxa-rock5b-plus/openwrt/staging_dir/host/bin/sstrip -z" STRIP_KMOD="/workspaces/openwrt-radxa-rock5b-plus/openwrt/scripts/strip-kmod.sh" PATCHELF="/workspaces/openwrt-radxa-rock5b-plus/openwrt/staging_dir/host/bin/patchelf" /workspaces/openwrt-radxa-rock5b-plus/openwrt/scripts/rstrip.sh /workspaces/openwrt-radxa-rock5b-plus/openwrt/build_dir/target-aarch64_generic_musl/linux-rockchip_armv8/packages/ipkg-aarch64_generic/kmod-crypto-rng
install -d -m0755 /workspaces/openwrt-radxa-rock5b-plus/openwrt/bin/targets/rockchip/armv8/packages/tmp
mkdir -p /workspaces/openwrt-radxa-rock5b-plus/openwrt/build_dir/target-aarch64_generic_musl/linux-rockchip_armv8/packages/apk-aarch64_generic/kmod-crypto-rng/
mkdir -p /workspaces/openwrt-radxa-rock5b-plus/openwrt/build_dir/target-aarch64_generic_musl/linux-rockchip_armv8/packages/ipkg-aarch64_generic/kmod-crypto-rng/lib/apk/packages/
(cd /workspaces/openwrt-radxa-rock5b-plus/openwrt/build_dir/target-aarch64_generic_musl/linux-rockchip_armv8/packages/apk-aarch64_generic/kmod-crypto-rng; )
( echo "#!/bin/sh"; echo "[ \"\${IPKG_NO_SCRIPT}\" = \"1\" ] && exit 0"; echo "[ -s "\${IPKG_INSTROOT}/lib/functions.sh" ] || exit 0"; echo ". \${IPKG_INSTROOT}/lib/functions.sh"; echo 'export root="${IPKG_INSTROOT}"'; echo 'export pkgname="kmod-crypto-rng"'; echo "add_group_and_user"; echo "default_postinst"; [ ! -f /workspaces/openwrt-radxa-rock5b-plus/openwrt/build_dir/target-aarch64_generic_musl/linux-rockchip_armv8/packages/apk-aarch64_generic/kmod-crypto-rng/postinst-pkg ] || sed -z 's/^\s*#!/#!/' "/workspaces/openwrt-radxa-rock5b-plus/openwrt/build_dir/target-aarch64_generic_musl/linux-rockchip_armv8/packages/apk-aarch64_generic/kmod-crypto-rng/postinst-pkg"; ) > /workspaces/openwrt-radxa-rock5b-plus/openwrt/build_dir/target-aarch64_generic_musl/linux-rockchip_armv8/packages/apk-aarch64_generic/kmod-crypto-rng/post-install;
( echo "#!/bin/sh"; echo 'export PKG_UPGRADE=1'; [ ! -f /workspaces/openwrt-radxa-rock5b-plus/openwrt/build_dir/target-aarch64_generic_musl/linux-rockchip_armv8/packages/apk-aarch64_generic/kmod-crypto-rng/post-install ] || sed -z 's/^\s*#!/#!/' "/workspaces/openwrt-radxa-rock5b-plus/openwrt/build_dir/target-aarch64_generic_musl/linux-rockchip_armv8/packages/apk-aarch64_generic/kmod-crypto-rng/post-install"; ) > /workspaces/openwrt-radxa-rock5b-plus/openwrt/build_dir/target-aarch64_generic_musl/linux-rockchip_armv8/packages/apk-aarch64_generic/kmod-crypto-rng/post-upgrade;
( echo "#!/bin/sh"; echo "[ -s "\${IPKG_INSTROOT}/lib/functions.sh" ] || exit 0"; echo ". \${IPKG_INSTROOT}/lib/functions.sh"; echo 'export root="${IPKG_INSTROOT}"'; echo 'export pkgname="kmod-crypto-rng"'; echo "default_prerm"; [ ! -f /workspaces/openwrt-radxa-rock5b-plus/openwrt/build_dir/target-aarch64_generic_musl/linux-rockchip_armv8/packages/apk-aarch64_generic/kmod-crypto-rng/prerm-pkg ] || sed -z 's/^\s*#!/#!/' "/workspaces/openwrt-radxa-rock5b-plus/openwrt/build_dir/target-aarch64_generic_musl/linux-rockchip_armv8/packages/apk-aarch64_generic/kmod-crypto-rng/prerm-pkg"; ) > /workspaces/openwrt-radxa-rock5b-plus/openwrt/build_dir/target-aarch64_generic_musl/linux-rockchip_armv8/packages/apk-aarch64_generic/kmod-crypto-rng/pre-deinstall;
[ ! -f /workspaces/openwrt-radxa-rock5b-plus/openwrt/build_dir/target-aarch64_generic_musl/linux-rockchip_armv8/packages/apk-aarch64_generic/kmod-crypto-rng/postrm ] || sed -zi 's/^\s*#!/#!/' "/workspaces/openwrt-radxa-rock5b-plus/openwrt/build_dir/target-aarch64_generic_musl/linux-rockchip_armv8/packages/apk-aarch64_generic/kmod-crypto-rng/postrm";
if [ -n "" ]; then echo  > /workspaces/openwrt-radxa-rock5b-plus/openwrt/build_dir/target-aarch64_generic_musl/linux-rockchip_armv8/packages/ipkg-aarch64_generic/kmod-crypto-rng/lib/apk/packages/kmod-crypto-rng.rusers; fi;
if [ -n "" ]; then echo  > /workspaces/openwrt-radxa-rock5b-plus/openwrt/build_dir/target-aarch64_generic_musl/linux-rockchip_armv8/packages/ipkg-aarch64_generic/kmod-crypto-rng/lib/apk/packages/kmod-crypto-rng.alternatives; fi;
(cd /workspaces/openwrt-radxa-rock5b-plus/openwrt/build_dir/target-aarch64_generic_musl/linux-rockchip_armv8/packages/ipkg-aarch64_generic/kmod-crypto-rng && find . -type f,l -printf "/%P\n" | sort > /workspaces/openwrt-radxa-rock5b-plus/openwrt/tmp/kmod-crypto-rng.list && mv /workspaces/openwrt-radxa-rock5b-plus/openwrt/tmp/kmod-crypto-rng.list /workspaces/openwrt-radxa-rock5b-plus/openwrt/build_dir/target-aarch64_generic_musl/linux-rockchip_armv8/packages/ipkg-aarch64_generic/kmod-crypto-rng/lib/apk/packages/kmod-crypto-rng.list)
# Move conffiles to IDIR and build conffiles_static with csums
if [ -f /workspaces/openwrt-radxa-rock5b-plus/openwrt/build_dir/target-aarch64_generic_musl/linux-rockchip_armv8/packages/apk-aarch64_generic/kmod-crypto-rng/conffiles ]; then mv -f /workspaces/openwrt-radxa-rock5b-plus/openwrt/build_dir/target-aarch64_generic_musl/linux-rockchip_armv8/packages/apk-aarch64_generic/kmod-crypto-rng/conffiles /workspaces/openwrt-radxa-rock5b-plus/openwrt/build_dir/target-aarch64_generic_musl/linux-rockchip_armv8/packages/ipkg-aarch64_generic/kmod-crypto-rng/lib/apk/packages/kmod-crypto-rng.conffiles; for file in $(cat /workspaces/openwrt-radxa-rock5b-plus/openwrt/build_dir/target-aarch64_generic_musl/linux-rockchip_armv8/packages/ipkg-aarch64_generic/kmod-crypto-rng/lib/apk/packages/kmod-crypto-rng.conffiles); do [ -f /workspaces/openwrt-radxa-rock5b-plus/openwrt/build_dir/target-aarch64_generic_musl/linux-rockchip_armv8/packages/ipkg-aarch64_generic/kmod-crypto-rng/$file ] || continue; csum=$(/workspaces/openwrt-radxa-rock5b-plus/openwrt/staging_dir/host/bin/mkhash sha256 /workspaces/openwrt-radxa-rock5b-plus/openwrt/build_dir/target-aarch64_generic_musl/linux-rockchip_armv8/packages/ipkg-aarch64_generic/kmod-crypto-rng/$file); echo $file $csum >> /workspaces/openwrt-radxa-rock5b-plus/openwrt/build_dir/target-aarch64_generic_musl/linux-rockchip_armv8/packages/ipkg-aarch64_generic/kmod-crypto-rng/lib/apk/packages/kmod-crypto-rng.conffiles_static; done; fi
# Some package (base-files) manually append stuff to conffiles
# Append stuff from it and delete the CONTROL directory since everything else should be migrated
if [ -f /workspaces/openwrt-radxa-rock5b-plus/openwrt/build_dir/target-aarch64_generic_musl/linux-rockchip_armv8/packages/ipkg-aarch64_generic/kmod-crypto-rng/CONTROL/conffiles ]; then echo $(IDIR_kmod-crypto-rng)/CONTROL/conffiles >> /workspaces/openwrt-radxa-rock5b-plus/openwrt/build_dir/target-aarch64_generic_musl/linux-rockchip_armv8/packages/ipkg-aarch64_generic/kmod-crypto-rng/lib/apk/packages/kmod-crypto-rng.conffiles; for file in $(cat /workspaces/openwrt-radxa-rock5b-plus/openwrt/build_dir/target-aarch64_generic_musl/linux-rockchip_armv8/packages/ipkg-aarch64_generic/kmod-crypto-rng/CONTROL/conffiles); do [ -f /workspaces/openwrt-radxa-rock5b-plus/openwrt/build_dir/target-aarch64_generic_musl/linux-rockchip_armv8/packages/ipkg-aarch64_generic/kmod-crypto-rng/$file ] || continue; csum=$(/workspaces/openwrt-radxa-rock5b-plus/openwrt/staging_dir/host/bin/mkhash sha256 /workspaces/openwrt-radxa-rock5b-plus/openwrt/build_dir/target-aarch64_generic_musl/linux-rockchip_armv8/packages/ipkg-aarch64_generic/kmod-crypto-rng/$file); echo $file $csum >> /workspaces/openwrt-radxa-rock5b-plus/openwrt/build_dir/target-aarch64_generic_musl/linux-rockchip_armv8/packages/ipkg-aarch64_generic/kmod-crypto-rng/lib/apk/packages/kmod-crypto-rng.conffiles_static; done; rm -rf /workspaces/openwrt-radxa-rock5b-plus/openwrt/build_dir/target-aarch64_generic_musl/linux-rockchip_armv8/packages/ipkg-aarch64_generic/kmod-crypto-rng/CONTROL/conffiles; fi
if [ -z "$(ls -A /workspaces/openwrt-radxa-rock5b-plus/openwrt/build_dir/target-aarch64_generic_musl/linux-rockchip_armv8/packages/ipkg-aarch64_generic/kmod-crypto-rng/CONTROL 2>/dev/null)" ]; then rm -rf /workspaces/openwrt-radxa-rock5b-plus/openwrt/build_dir/target-aarch64_generic_musl/linux-rockchip_armv8/packages/ipkg-aarch64_generic/kmod-crypto-rng/CONTROL; else echo "CONTROL directory /workspaces/openwrt-radxa-rock5b-plus/openwrt/build_dir/target-aarch64_generic_musl/linux-rockchip_armv8/packages/ipkg-aarch64_generic/kmod-crypto-rng/CONTROL is not empty! This is not right and should be checked!" >&2; exit 1; fi
/workspaces/openwrt-radxa-rock5b-plus/openwrt/staging_dir/host/bin/fakeroot /workspaces/openwrt-radxa-rock5b-plus/openwrt/staging_dir/host/bin/apk mkpkg --info "name:kmod-crypto-rng" --info "version:6.12.45-r1"  --info "description:CryptoAPI random number generation" --info "arch:aarch64_generic" --info "license:GPL-2.0-only" --info "origin:feeds/base/kernel/linux" --info "url:" --info "maintainer:" --info "provides:"  --script "post-install:/workspaces/openwrt-radxa-rock5b-plus/openwrt/build_dir/target-aarch64_generic_musl/linux-rockchip_armv8/packages/apk-aarch64_generic/kmod-crypto-rng/post-install" --script "post-upgrade:/workspaces/openwrt-radxa-rock5b-plus/openwrt/build_dir/target-aarch64_generic_musl/linux-rockchip_armv8/packages/apk-aarch64_generic/kmod-crypto-rng/post-upgrade" --script "pre-deinstall:/workspaces/openwrt-radxa-rock5b-plus/openwrt/build_dir/target-aarch64_generic_musl/linux-rockchip_armv8/packages/apk-aarch64_generic/kmod-crypto-rng/pre-deinstall" --info "depends:kernel=6.12.45~bfdb4691414eb2d33b0186227f6f0e2d-r1 kmod-crypto-hash kmod-crypto-hmac kmod-crypto-sha512 kmod-crypto-sha3" --files "/workspaces/openwrt-radxa-rock5b-plus/openwrt/build_dir/target-aarch64_generic_musl/linux-rockchip_armv8/packages/ipkg-aarch64_generic/kmod-crypto-rng" --output "/workspaces/openwrt-radxa-rock5b-plus/openwrt/bin/targets/rockchip/armv8/packages/kmod-crypto-rng-6.12.45-r1.apk" --sign "/workspaces/openwrt-radxa-rock5b-plus/openwrt/private-key.pem"
[ -f /workspaces/openwrt-radxa-rock5b-plus/openwrt/bin/targets/rockchip/armv8/packages/kmod-crypto-rng-6.12.45-r1.apk ]
removed '/workspaces/openwrt-radxa-rock5b-plus/openwrt/bin/targets/rockchip/armv8/packages/kmod-crypto-rng-6.12.45-r1.apk'
install -d -m0755 /workspaces/openwrt-radxa-rock5b-plus/openwrt/tmp/stage-ncurses/host/bin
cp -fpR /workspaces/openwrt-radxa-rock5b-plus/openwrt/build_dir/target-aarch64_generic_musl/ncurses-6.4/ipkg-install/usr/bin/ncursesw6-config /workspaces/openwrt-radxa-rock5b-plus/openwrt/tmp/stage-ncurses/host/bin/
/workspaces/openwrt-radxa-rock5b-plus/openwrt/staging_dir/host/bin/sed -i -e 's,^\(prefix\|exec_prefix\)=.*,\1=/workspaces/openwrt-radxa-rock5b-plus/openwrt/staging_dir/target-aarch64_generic_musl/usr,g' -e 's/$INCS //g' /workspaces/openwrt-radxa-rock5b-plus/openwrt/tmp/stage-ncurses/host/bin/ncursesw6-config
ln -sf /workspaces/openwrt-radxa-rock5b-plus/openwrt/staging_dir/target-aarch64_generic_musl/host/bin/ncursesw6-config /workspaces/openwrt-radxa-rock5b-plus/openwrt/tmp/stage-ncurses/usr/bin/ncursesw6-config
/workspaces/openwrt-radxa-rock5b-plus/openwrt/staging_dir/host/bin/sed -i -e 's,/workspaces/openwrt-radxa-rock5b-plus/openwrt/staging_dir/toolchain-aarch64_generic_gcc-14.3.0_musl,/workspaces/openwrt-radxa-rock5b-plus/openwrt/staging_dir/target-aarch64_generic_musl,g' /workspaces/openwrt-radxa-rock5b-plus/openwrt/tmp/stage-ncurses/usr/lib/pkgconfig/ncursesw.pc
find /workspaces/openwrt-radxa-rock5b-plus/openwrt/tmp/stage-ncurses -name '*.la' | xargs -r rm -f; 
if [ -f /workspaces/openwrt-radxa-rock5b-plus/openwrt/staging_dir/target-aarch64_generic_musl/packages/ncurses.list ]; then /workspaces/openwrt-radxa-rock5b-plus/openwrt/scripts/clean-package.sh "/workspaces/openwrt-radxa-rock5b-plus/openwrt/staging_dir/target-aarch64_generic_musl/packages/ncurses.list" "/workspaces/openwrt-radxa-rock5b-plus/openwrt/staging_dir/target-aarch64_generic_musl"; fi
rstrip.sh: /workspaces/openwrt-radxa-rock5b-plus/openwrt/build_dir/target-aarch64_generic_musl/linux-rockchip_armv8/packages/ipkg-aarch64_generic/kmod-crypto-rng/lib/modules/6.12.45/drbg.ko: relocatable
rstrip.sh: /workspaces/openwrt-radxa-rock5b-plus/openwrt/build_dir/target-aarch64_generic_musl/linux-rockchip_armv8/packages/ipkg-aarch64_generic/kmod-crypto-rng/lib/modules/6.12.45/jitterentropy_rng.ko: relocatable
rstrip.sh: /workspaces/openwrt-radxa-rock5b-plus/openwrt/build_dir/target-aarch64_generic_musl/linux-rockchip_armv8/packages/ipkg-aarch64_generic/kmod-crypto-rng/lib/modules/6.12.45/rng.ko: relocatable
rm -rf /workspaces/openwrt-radxa-rock5b-plus/openwrt/build_dir/target-aarch64_generic_musl/linux-rockchip_armv8/packages/ipkg-aarch64_generic/kmod-crypto-geniv
/workspaces/openwrt-radxa-rock5b-plus/openwrt/scripts/ipkg-remove kmod-crypto-geniv /workspaces/openwrt-radxa-rock5b-plus/openwrt/bin/targets/rockchip/armv8/packages/kmod-crypto-geniv-6.12.45-r1.apk
mkdir -p /workspaces/openwrt-radxa-rock5b-plus/openwrt/bin/targets/rockchip/armv8/packages /workspaces/openwrt-radxa-rock5b-plus/openwrt/build_dir/target-aarch64_generic_musl/linux-rockchip_armv8/packages/ipkg-aarch64_generic/kmod-crypto-geniv /workspaces/openwrt-radxa-rock5b-plus/openwrt/staging_dir/target-aarch64_generic_musl/pkginfo
for mod in /workspaces/openwrt-radxa-rock5b-plus/openwrt/build_dir/target-aarch64_generic_musl/linux-rockchip_armv8/linux-6.12.45/crypto/geniv.ko; do if grep -q "${mod##/workspaces/openwrt-radxa-rock5b-plus/openwrt/build_dir/target-aarch64_generic_musl/linux-rockchip_armv8/linux-6.12.45/}" "/workspaces/openwrt-radxa-rock5b-plus/openwrt/build_dir/target-aarch64_generic_musl/linux-rockchip_armv8/linux-6.12.45/modules.builtin"; then echo "NOTICE: module '$mod' is built-in."; elif [ -e $mod ]; then mkdir -p /workspaces/openwrt-radxa-rock5b-plus/openwrt/build_dir/target-aarch64_generic_musl/linux-rockchip_armv8/packages/ipkg-aarch64_generic/kmod-crypto-geniv/lib/modules/6.12.45 ; cp -fpR -L $mod /workspaces/openwrt-radxa-rock5b-plus/openwrt/build_dir/target-aarch64_generic_musl/linux-rockchip_armv8/packages/ipkg-aarch64_generic/kmod-crypto-geniv/lib/modules/6.12.45/ ; else echo "ERROR: module '$mod' is missing." >&2; exit 1; fi; done;
mkdir -p /workspaces/openwrt-radxa-rock5b-plus/openwrt/build_dir/target-aarch64_generic_musl/linux-rockchip_armv8/packages/ipkg-aarch64_generic/kmod-crypto-geniv/etc/modules.d; ( echo "geniv"; ) > /workspaces/openwrt-radxa-rock5b-plus/openwrt/build_dir/target-aarch64_generic_musl/linux-rockchip_armv8/packages/ipkg-aarch64_generic/kmod-crypto-geniv/etc/modules.d/09-crypto-geniv; 



find /workspaces/openwrt-radxa-rock5b-plus/openwrt/build_dir/target-aarch64_generic_musl/linux-rockchip_armv8/packages/ipkg-aarch64_generic/kmod-crypto-geniv -name 'CVS' -o -name '.svn' -o -name '.#*' -o -name '*~'| xargs -r rm -rf
( find /workspaces/openwrt-radxa-rock5b-plus/openwrt/build_dir/target-aarch64_generic_musl/linux-rockchip_armv8/packages/ipkg-aarch64_generic/kmod-crypto-geniv -name lib\*.so\* -or -name \*.ko | awk -F/ '{ print $NF }'; for file in /workspaces/openwrt-radxa-rock5b-plus/openwrt/staging_dir/target-aarch64_generic_musl/pkginfo/kmod-crypto-rng.provides /workspaces/openwrt-radxa-rock5b-plus/openwrt/staging_dir/target-aarch64_generic_musl/pkginfo/kmod-crypto-aead.provides; do if [ -f "$file" ]; then cat $file; fi; done;  ) | sort -u > /workspaces/openwrt-radxa-rock5b-plus/openwrt/staging_dir/target-aarch64_generic_musl/pkginfo/kmod-crypto-geniv.provides

( rm -f /workspaces/openwrt-radxa-rock5b-plus/openwrt/staging_dir/target-aarch64_generic_musl/pkginfo/kmod-crypto-geniv.missing; ( export READELF=aarch64-openwrt-linux-musl-readelf OBJCOPY=aarch64-openwrt-linux-musl-objcopy XARGS="xargs -r"; /workspaces/openwrt-radxa-rock5b-plus/openwrt/scripts/gen-dependencies.sh "/workspaces/openwrt-radxa-rock5b-plus/openwrt/build_dir/target-aarch64_generic_musl/linux-rockchip_armv8/packages/ipkg-aarch64_generic/kmod-crypto-geniv"; ) | while read FILE; do grep -qxF "$FILE" /workspaces/openwrt-radxa-rock5b-plus/openwrt/staging_dir/target-aarch64_generic_musl/pkginfo/kmod-crypto-geniv.provides || echo "$FILE" >> /workspaces/openwrt-radxa-rock5b-plus/openwrt/staging_dir/target-aarch64_generic_musl/pkginfo/kmod-crypto-geniv.missing; done; if [ -f "/workspaces/openwrt-radxa-rock5b-plus/openwrt/staging_dir/target-aarch64_generic_musl/pkginfo/kmod-crypto-geniv.missing" ]; then echo "Package kmod-crypto-geniv is missing dependencies for the following libraries:" >&2; cat "/workspaces/openwrt-radxa-rock5b-plus/openwrt/staging_dir/target-aarch64_generic_musl/pkginfo/kmod-crypto-geniv.missing" >&2; false; fi; )
export CROSS="aarch64-openwrt-linux-musl-"  NO_RENAME=1 ; NM="aarch64-openwrt-linux-musl-nm" STRIP="/workspaces/openwrt-radxa-rock5b-plus/openwrt/staging_dir/host/bin/sstrip -z" STRIP_KMOD="/workspaces/openwrt-radxa-rock5b-plus/openwrt/scripts/strip-kmod.sh" PATCHELF="/workspaces/openwrt-radxa-rock5b-plus/openwrt/staging_dir/host/bin/patchelf" /workspaces/openwrt-radxa-rock5b-plus/openwrt/scripts/rstrip.sh /workspaces/openwrt-radxa-rock5b-plus/openwrt/build_dir/target-aarch64_generic_musl/linux-rockchip_armv8/packages/ipkg-aarch64_generic/kmod-crypto-geniv
install -d -m0755 /workspaces/openwrt-radxa-rock5b-plus/openwrt/bin/targets/rockchip/armv8/packages/tmp
mkdir -p /workspaces/openwrt-radxa-rock5b-plus/openwrt/build_dir/target-aarch64_generic_musl/linux-rockchip_armv8/packages/apk-aarch64_generic/kmod-crypto-geniv/
mkdir -p /workspaces/openwrt-radxa-rock5b-plus/openwrt/build_dir/target-aarch64_generic_musl/linux-rockchip_armv8/packages/ipkg-aarch64_generic/kmod-crypto-geniv/lib/apk/packages/
(cd /workspaces/openwrt-radxa-rock5b-plus/openwrt/build_dir/target-aarch64_generic_musl/linux-rockchip_armv8/packages/apk-aarch64_generic/kmod-crypto-geniv; )
( echo "#!/bin/sh"; echo "[ \"\${IPKG_NO_SCRIPT}\" = \"1\" ] && exit 0"; echo "[ -s "\${IPKG_INSTROOT}/lib/functions.sh" ] || exit 0"; echo ". \${IPKG_INSTROOT}/lib/functions.sh"; echo 'export root="${IPKG_INSTROOT}"'; echo 'export pkgname="kmod-crypto-geniv"'; echo "add_group_and_user"; echo "default_postinst"; [ ! -f /workspaces/openwrt-radxa-rock5b-plus/openwrt/build_dir/target-aarch64_generic_musl/linux-rockchip_armv8/packages/apk-aarch64_generic/kmod-crypto-geniv/postinst-pkg ] || sed -z 's/^\s*#!/#!/' "/workspaces/openwrt-radxa-rock5b-plus/openwrt/build_dir/target-aarch64_generic_musl/linux-rockchip_armv8/packages/apk-aarch64_generic/kmod-crypto-geniv/postinst-pkg"; ) > /workspaces/openwrt-radxa-rock5b-plus/openwrt/build_dir/target-aarch64_generic_musl/linux-rockchip_armv8/packages/apk-aarch64_generic/kmod-crypto-geniv/post-install;
( echo "#!/bin/sh"; echo 'export PKG_UPGRADE=1'; [ ! -f /workspaces/openwrt-radxa-rock5b-plus/openwrt/build_dir/target-aarch64_generic_musl/linux-rockchip_armv8/packages/apk-aarch64_generic/kmod-crypto-geniv/post-install ] || sed -z 's/^\s*#!/#!/' "/workspaces/openwrt-radxa-rock5b-plus/openwrt/build_dir/target-aarch64_generic_musl/linux-rockchip_armv8/packages/apk-aarch64_generic/kmod-crypto-geniv/post-install"; ) > /workspaces/openwrt-radxa-rock5b-plus/openwrt/build_dir/target-aarch64_generic_musl/linux-rockchip_armv8/packages/apk-aarch64_generic/kmod-crypto-geniv/post-upgrade;
( echo "#!/bin/sh"; echo "[ -s "\${IPKG_INSTROOT}/lib/functions.sh" ] || exit 0"; echo ". \${IPKG_INSTROOT}/lib/functions.sh"; echo 'export root="${IPKG_INSTROOT}"'; echo 'export pkgname="kmod-crypto-geniv"'; echo "default_prerm"; [ ! -f /workspaces/openwrt-radxa-rock5b-plus/openwrt/build_dir/target-aarch64_generic_musl/linux-rockchip_armv8/packages/apk-aarch64_generic/kmod-crypto-geniv/prerm-pkg ] || sed -z 's/^\s*#!/#!/' "/workspaces/openwrt-radxa-rock5b-plus/openwrt/build_dir/target-aarch64_generic_musl/linux-rockchip_armv8/packages/apk-aarch64_generic/kmod-crypto-geniv/prerm-pkg"; ) > /workspaces/openwrt-radxa-rock5b-plus/openwrt/build_dir/target-aarch64_generic_musl/linux-rockchip_armv8/packages/apk-aarch64_generic/kmod-crypto-geniv/pre-deinstall;
[ ! -f /workspaces/openwrt-radxa-rock5b-plus/openwrt/build_dir/target-aarch64_generic_musl/linux-rockchip_armv8/packages/apk-aarch64_generic/kmod-crypto-geniv/postrm ] || sed -zi 's/^\s*#!/#!/' "/workspaces/openwrt-radxa-rock5b-plus/openwrt/build_dir/target-aarch64_generic_musl/linux-rockchip_armv8/packages/apk-aarch64_generic/kmod-crypto-geniv/postrm";
if [ -n "" ]; then echo  > /workspaces/openwrt-radxa-rock5b-plus/openwrt/build_dir/target-aarch64_generic_musl/linux-rockchip_armv8/packages/ipkg-aarch64_generic/kmod-crypto-geniv/lib/apk/packages/kmod-crypto-geniv.rusers; fi;
if [ -n "" ]; then echo  > /workspaces/openwrt-radxa-rock5b-plus/openwrt/build_dir/target-aarch64_generic_musl/linux-rockchip_armv8/packages/ipkg-aarch64_generic/kmod-crypto-geniv/lib/apk/packages/kmod-crypto-geniv.alternatives; fi;
(cd /workspaces/openwrt-radxa-rock5b-plus/openwrt/build_dir/target-aarch64_generic_musl/linux-rockchip_armv8/packages/ipkg-aarch64_generic/kmod-crypto-geniv && find . -type f,l -printf "/%P\n" | sort > /workspaces/openwrt-radxa-rock5b-plus/openwrt/tmp/kmod-crypto-geniv.list && mv /workspaces/openwrt-radxa-rock5b-plus/openwrt/tmp/kmod-crypto-geniv.list /workspaces/openwrt-radxa-rock5b-plus/openwrt/build_dir/target-aarch64_generic_musl/linux-rockchip_armv8/packages/ipkg-aarch64_generic/kmod-crypto-geniv/lib/apk/packages/kmod-crypto-geniv.list)
# Move conffiles to IDIR and build conffiles_static with csums
if [ -f /workspaces/openwrt-radxa-rock5b-plus/openwrt/build_dir/target-aarch64_generic_musl/linux-rockchip_armv8/packages/apk-aarch64_generic/kmod-crypto-geniv/conffiles ]; then mv -f /workspaces/openwrt-radxa-rock5b-plus/openwrt/build_dir/target-aarch64_generic_musl/linux-rockchip_armv8/packages/apk-aarch64_generic/kmod-crypto-geniv/conffiles /workspaces/openwrt-radxa-rock5b-plus/openwrt/build_dir/target-aarch64_generic_musl/linux-rockchip_armv8/packages/ipkg-aarch64_generic/kmod-crypto-geniv/lib/apk/packages/kmod-crypto-geniv.conffiles; for file in $(cat /workspaces/openwrt-radxa-rock5b-plus/openwrt/build_dir/target-aarch64_generic_musl/linux-rockchip_armv8/packages/ipkg-aarch64_generic/kmod-crypto-geniv/lib/apk/packages/kmod-crypto-geniv.conffiles); do [ -f /workspaces/openwrt-radxa-rock5b-plus/openwrt/build_dir/target-aarch64_generic_musl/linux-rockchip_armv8/packages/ipkg-aarch64_generic/kmod-crypto-geniv/$file ] || continue; csum=$(/workspaces/openwrt-radxa-rock5b-plus/openwrt/staging_dir/host/bin/mkhash sha256 /workspaces/openwrt-radxa-rock5b-plus/openwrt/build_dir/target-aarch64_generic_musl/linux-rockchip_armv8/packages/ipkg-aarch64_generic/kmod-crypto-geniv/$file); echo $file $csum >> /workspaces/openwrt-radxa-rock5b-plus/openwrt/build_dir/target-aarch64_generic_musl/linux-rockchip_armv8/packages/ipkg-aarch64_generic/kmod-crypto-geniv/lib/apk/packages/kmod-crypto-geniv.conffiles_static; done; fi
# Some package (base-files) manually append stuff to conffiles
# Append stuff from it and delete the CONTROL directory since everything else should be migrated
if [ -f /workspaces/openwrt-radxa-rock5b-plus/openwrt/build_dir/target-aarch64_generic_musl/linux-rockchip_armv8/packages/ipkg-aarch64_generic/kmod-crypto-geniv/CONTROL/conffiles ]; then echo $(IDIR_kmod-crypto-geniv)/CONTROL/conffiles >> /workspaces/openwrt-radxa-rock5b-plus/openwrt/build_dir/target-aarch64_generic_musl/linux-rockchip_armv8/packages/ipkg-aarch64_generic/kmod-crypto-geniv/lib/apk/packages/kmod-crypto-geniv.conffiles; for file in $(cat /workspaces/openwrt-radxa-rock5b-plus/openwrt/build_dir/target-aarch64_generic_musl/linux-rockchip_armv8/packages/ipkg-aarch64_generic/kmod-crypto-geniv/CONTROL/conffiles); do [ -f /workspaces/openwrt-radxa-rock5b-plus/openwrt/build_dir/target-aarch64_generic_musl/linux-rockchip_armv8/packages/ipkg-aarch64_generic/kmod-crypto-geniv/$file ] || continue; csum=$(/workspaces/openwrt-radxa-rock5b-plus/openwrt/staging_dir/host/bin/mkhash sha256 /workspaces/openwrt-radxa-rock5b-plus/openwrt/build_dir/target-aarch64_generic_musl/linux-rockchip_armv8/packages/ipkg-aarch64_generic/kmod-crypto-geniv/$file); echo $file $csum >> /workspaces/openwrt-radxa-rock5b-plus/openwrt/build_dir/target-aarch64_generic_musl/linux-rockchip_armv8/packages/ipkg-aarch64_generic/kmod-crypto-geniv/lib/apk/packages/kmod-crypto-geniv.conffiles_static; done; rm -rf /workspaces/openwrt-radxa-rock5b-plus/openwrt/build_dir/target-aarch64_generic_musl/linux-rockchip_armv8/packages/ipkg-aarch64_generic/kmod-crypto-geniv/CONTROL/conffiles; fi
if [ -z "$(ls -A /workspaces/openwrt-radxa-rock5b-plus/openwrt/build_dir/target-aarch64_generic_musl/linux-rockchip_armv8/packages/ipkg-aarch64_generic/kmod-crypto-geniv/CONTROL 2>/dev/null)" ]; then rm -rf /workspaces/openwrt-radxa-rock5b-plus/openwrt/build_dir/target-aarch64_generic_musl/linux-rockchip_armv8/packages/ipkg-aarch64_generic/kmod-crypto-geniv/CONTROL; else echo "CONTROL directory /workspaces/openwrt-radxa-rock5b-plus/openwrt/build_dir/target-aarch64_generic_musl/linux-rockchip_armv8/packages/ipkg-aarch64_generic/kmod-crypto-geniv/CONTROL is not empty! This is not right and should be checked!" >&2; exit 1; fi
/workspaces/openwrt-radxa-rock5b-plus/openwrt/staging_dir/host/bin/fakeroot /workspaces/openwrt-radxa-rock5b-plus/openwrt/staging_dir/host/bin/apk mkpkg --info "name:kmod-crypto-geniv" --info "version:6.12.45-r1"  --info "description:CryptoAPI Shared IV generator" --info "arch:aarch64_generic" --info "license:GPL-2.0-only" --info "origin:feeds/base/kernel/linux" --info "url:" --info "maintainer:" --info "provides:"  --script "post-install:/workspaces/openwrt-radxa-rock5b-plus/openwrt/build_dir/target-aarch64_generic_musl/linux-rockchip_armv8/packages/apk-aarch64_generic/kmod-crypto-geniv/post-install" --script "post-upgrade:/workspaces/openwrt-radxa-rock5b-plus/openwrt/build_dir/target-aarch64_generic_musl/linux-rockchip_armv8/packages/apk-aarch64_generic/kmod-crypto-geniv/post-upgrade" --script "pre-deinstall:/workspaces/openwrt-radxa-rock5b-plus/openwrt/build_dir/target-aarch64_generic_musl/linux-rockchip_armv8/packages/apk-aarch64_generic/kmod-crypto-geniv/pre-deinstall" --info "depends:kernel=6.12.45~bfdb4691414eb2d33b0186227f6f0e2d-r1 kmod-crypto-rng kmod-crypto-aead" --files "/workspaces/openwrt-radxa-rock5b-plus/openwrt/build_dir/target-aarch64_generic_musl/linux-rockchip_armv8/packages/ipkg-aarch64_generic/kmod-crypto-geniv" --output "/workspaces/openwrt-radxa-rock5b-plus/openwrt/bin/targets/rockchip/armv8/packages/kmod-crypto-geniv-6.12.45-r1.apk" --sign "/workspaces/openwrt-radxa-rock5b-plus/openwrt/private-key.pem"
[ -f /workspaces/openwrt-radxa-rock5b-plus/openwrt/bin/targets/rockchip/armv8/packages/kmod-crypto-geniv-6.12.45-r1.apk ]
removed '/workspaces/openwrt-radxa-rock5b-plus/openwrt/bin/targets/rockchip/armv8/packages/kmod-crypto-geniv-6.12.45-r1.apk'
rstrip.sh: /workspaces/openwrt-radxa-rock5b-plus/openwrt/build_dir/target-aarch64_generic_musl/linux-rockchip_armv8/packages/ipkg-aarch64_generic/kmod-crypto-geniv/lib/modules/6.12.45/geniv.ko: relocatable
rm -rf /workspaces/openwrt-radxa-rock5b-plus/openwrt/build_dir/target-aarch64_generic_musl/linux-rockchip_armv8/packages/ipkg-aarch64_generic/kmod-crypto-seqiv
/workspaces/openwrt-radxa-rock5b-plus/openwrt/scripts/ipkg-remove kmod-crypto-seqiv /workspaces/openwrt-radxa-rock5b-plus/openwrt/bin/targets/rockchip/armv8/packages/kmod-crypto-seqiv-6.12.45-r1.apk
mkdir -p /workspaces/openwrt-radxa-rock5b-plus/openwrt/bin/targets/rockchip/armv8/packages /workspaces/openwrt-radxa-rock5b-plus/openwrt/build_dir/target-aarch64_generic_musl/linux-rockchip_armv8/packages/ipkg-aarch64_generic/kmod-crypto-seqiv /workspaces/openwrt-radxa-rock5b-plus/openwrt/staging_dir/target-aarch64_generic_musl/pkginfo
for mod in /workspaces/openwrt-radxa-rock5b-plus/openwrt/build_dir/target-aarch64_generic_musl/linux-rockchip_armv8/linux-6.12.45/crypto/seqiv.ko; do if grep -q "${mod##/workspaces/openwrt-radxa-rock5b-plus/openwrt/build_dir/target-aarch64_generic_musl/linux-rockchip_armv8/linux-6.12.45/}" "/workspaces/openwrt-radxa-rock5b-plus/openwrt/build_dir/target-aarch64_generic_musl/linux-rockchip_armv8/linux-6.12.45/modules.builtin"; then echo "NOTICE: module '$mod' is built-in."; elif [ -e $mod ]; then mkdir -p /workspaces/openwrt-radxa-rock5b-plus/openwrt/build_dir/target-aarch64_generic_musl/linux-rockchip_armv8/packages/ipkg-aarch64_generic/kmod-crypto-seqiv/lib/modules/6.12.45 ; cp -fpR -L $mod /workspaces/openwrt-radxa-rock5b-plus/openwrt/build_dir/target-aarch64_generic_musl/linux-rockchip_armv8/packages/ipkg-aarch64_generic/kmod-crypto-seqiv/lib/modules/6.12.45/ ; else echo "ERROR: module '$mod' is missing." >&2; exit 1; fi; done;
mkdir -p /workspaces/openwrt-radxa-rock5b-plus/openwrt/build_dir/target-aarch64_generic_musl/linux-rockchip_armv8/packages/ipkg-aarch64_generic/kmod-crypto-seqiv/etc/modules.d; ( echo "seqiv"; ) > /workspaces/openwrt-radxa-rock5b-plus/openwrt/build_dir/target-aarch64_generic_musl/linux-rockchip_armv8/packages/ipkg-aarch64_generic/kmod-crypto-seqiv/etc/modules.d/09-crypto-seqiv; 



find /workspaces/openwrt-radxa-rock5b-plus/openwrt/build_dir/target-aarch64_generic_musl/linux-rockchip_armv8/packages/ipkg-aarch64_generic/kmod-crypto-seqiv -name 'CVS' -o -name '.svn' -o -name '.#*' -o -name '*~'| xargs -r rm -rf
( find /workspaces/openwrt-radxa-rock5b-plus/openwrt/build_dir/target-aarch64_generic_musl/linux-rockchip_armv8/packages/ipkg-aarch64_generic/kmod-crypto-seqiv -name lib\*.so\* -or -name \*.ko | awk -F/ '{ print $NF }'; for file in /workspaces/openwrt-radxa-rock5b-plus/openwrt/staging_dir/target-aarch64_generic_musl/pkginfo/kmod-crypto-aead.provides /workspaces/openwrt-radxa-rock5b-plus/openwrt/staging_dir/target-aarch64_generic_musl/pkginfo/kmod-crypto-rng.provides /workspaces/openwrt-radxa-rock5b-plus/openwrt/staging_dir/target-aarch64_generic_musl/pkginfo/kmod-crypto-geniv.provides; do if [ -f "$file" ]; then cat $file; fi; done;  ) | sort -u > /workspaces/openwrt-radxa-rock5b-plus/openwrt/staging_dir/target-aarch64_generic_musl/pkginfo/kmod-crypto-seqiv.provides

( rm -f /workspaces/openwrt-radxa-rock5b-plus/openwrt/staging_dir/target-aarch64_generic_musl/pkginfo/kmod-crypto-seqiv.missing; ( export READELF=aarch64-openwrt-linux-musl-readelf OBJCOPY=aarch64-openwrt-linux-musl-objcopy XARGS="xargs -r"; /workspaces/openwrt-radxa-rock5b-plus/openwrt/scripts/gen-dependencies.sh "/workspaces/openwrt-radxa-rock5b-plus/openwrt/build_dir/target-aarch64_generic_musl/linux-rockchip_armv8/packages/ipkg-aarch64_generic/kmod-crypto-seqiv"; ) | while read FILE; do grep -qxF "$FILE" /workspaces/openwrt-radxa-rock5b-plus/openwrt/staging_dir/target-aarch64_generic_musl/pkginfo/kmod-crypto-seqiv.provides || echo "$FILE" >> /workspaces/openwrt-radxa-rock5b-plus/openwrt/staging_dir/target-aarch64_generic_musl/pkginfo/kmod-crypto-seqiv.missing; done; if [ -f "/workspaces/openwrt-radxa-rock5b-plus/openwrt/staging_dir/target-aarch64_generic_musl/pkginfo/kmod-crypto-seqiv.missing" ]; then echo "Package kmod-crypto-seqiv is missing dependencies for the following libraries:" >&2; cat "/workspaces/openwrt-radxa-rock5b-plus/openwrt/staging_dir/target-aarch64_generic_musl/pkginfo/kmod-crypto-seqiv.missing" >&2; false; fi; )
export CROSS="aarch64-openwrt-linux-musl-"  NO_RENAME=1 ; NM="aarch64-openwrt-linux-musl-nm" STRIP="/workspaces/openwrt-radxa-rock5b-plus/openwrt/staging_dir/host/bin/sstrip -z" STRIP_KMOD="/workspaces/openwrt-radxa-rock5b-plus/openwrt/scripts/strip-kmod.sh" PATCHELF="/workspaces/openwrt-radxa-rock5b-plus/openwrt/staging_dir/host/bin/patchelf" /workspaces/openwrt-radxa-rock5b-plus/openwrt/scripts/rstrip.sh /workspaces/openwrt-radxa-rock5b-plus/openwrt/build_dir/target-aarch64_generic_musl/linux-rockchip_armv8/packages/ipkg-aarch64_generic/kmod-crypto-seqiv
install -d -m0755 /workspaces/openwrt-radxa-rock5b-plus/openwrt/bin/targets/rockchip/armv8/packages/tmp
mkdir -p /workspaces/openwrt-radxa-rock5b-plus/openwrt/build_dir/target-aarch64_generic_musl/linux-rockchip_armv8/packages/apk-aarch64_generic/kmod-crypto-seqiv/
mkdir -p /workspaces/openwrt-radxa-rock5b-plus/openwrt/build_dir/target-aarch64_generic_musl/linux-rockchip_armv8/packages/ipkg-aarch64_generic/kmod-crypto-seqiv/lib/apk/packages/
(cd /workspaces/openwrt-radxa-rock5b-plus/openwrt/build_dir/target-aarch64_generic_musl/linux-rockchip_armv8/packages/apk-aarch64_generic/kmod-crypto-seqiv; )
( echo "#!/bin/sh"; echo "[ \"\${IPKG_NO_SCRIPT}\" = \"1\" ] && exit 0"; echo "[ -s "\${IPKG_INSTROOT}/lib/functions.sh" ] || exit 0"; echo ". \${IPKG_INSTROOT}/lib/functions.sh"; echo 'export root="${IPKG_INSTROOT}"'; echo 'export pkgname="kmod-crypto-seqiv"'; echo "add_group_and_user"; echo "default_postinst"; [ ! -f /workspaces/openwrt-radxa-rock5b-plus/openwrt/build_dir/target-aarch64_generic_musl/linux-rockchip_armv8/packages/apk-aarch64_generic/kmod-crypto-seqiv/postinst-pkg ] || sed -z 's/^\s*#!/#!/' "/workspaces/openwrt-radxa-rock5b-plus/openwrt/build_dir/target-aarch64_generic_musl/linux-rockchip_armv8/packages/apk-aarch64_generic/kmod-crypto-seqiv/postinst-pkg"; ) > /workspaces/openwrt-radxa-rock5b-plus/openwrt/build_dir/target-aarch64_generic_musl/linux-rockchip_armv8/packages/apk-aarch64_generic/kmod-crypto-seqiv/post-install;
( echo "#!/bin/sh"; echo 'export PKG_UPGRADE=1'; [ ! -f /workspaces/openwrt-radxa-rock5b-plus/openwrt/build_dir/target-aarch64_generic_musl/linux-rockchip_armv8/packages/apk-aarch64_generic/kmod-crypto-seqiv/post-install ] || sed -z 's/^\s*#!/#!/' "/workspaces/openwrt-radxa-rock5b-plus/openwrt/build_dir/target-aarch64_generic_musl/linux-rockchip_armv8/packages/apk-aarch64_generic/kmod-crypto-seqiv/post-install"; ) > /workspaces/openwrt-radxa-rock5b-plus/openwrt/build_dir/target-aarch64_generic_musl/linux-rockchip_armv8/packages/apk-aarch64_generic/kmod-crypto-seqiv/post-upgrade;
( echo "#!/bin/sh"; echo "[ -s "\${IPKG_INSTROOT}/lib/functions.sh" ] || exit 0"; echo ". \${IPKG_INSTROOT}/lib/functions.sh"; echo 'export root="${IPKG_INSTROOT}"'; echo 'export pkgname="kmod-crypto-seqiv"'; echo "default_prerm"; [ ! -f /workspaces/openwrt-radxa-rock5b-plus/openwrt/build_dir/target-aarch64_generic_musl/linux-rockchip_armv8/packages/apk-aarch64_generic/kmod-crypto-seqiv/prerm-pkg ] || sed -z 's/^\s*#!/#!/' "/workspaces/openwrt-radxa-rock5b-plus/openwrt/build_dir/target-aarch64_generic_musl/linux-rockchip_armv8/packages/apk-aarch64_generic/kmod-crypto-seqiv/prerm-pkg"; ) > /workspaces/openwrt-radxa-rock5b-plus/openwrt/build_dir/target-aarch64_generic_musl/linux-rockchip_armv8/packages/apk-aarch64_generic/kmod-crypto-seqiv/pre-deinstall;
[ ! -f /workspaces/openwrt-radxa-rock5b-plus/openwrt/build_dir/target-aarch64_generic_musl/linux-rockchip_armv8/packages/apk-aarch64_generic/kmod-crypto-seqiv/postrm ] || sed -zi 's/^\s*#!/#!/' "/workspaces/openwrt-radxa-rock5b-plus/openwrt/build_dir/target-aarch64_generic_musl/linux-rockchip_armv8/packages/apk-aarch64_generic/kmod-crypto-seqiv/postrm";
if [ -n "" ]; then echo  > /workspaces/openwrt-radxa-rock5b-plus/openwrt/build_dir/target-aarch64_generic_musl/linux-rockchip_armv8/packages/ipkg-aarch64_generic/kmod-crypto-seqiv/lib/apk/packages/kmod-crypto-seqiv.rusers; fi;
if [ -n "" ]; then echo  > /workspaces/openwrt-radxa-rock5b-plus/openwrt/build_dir/target-aarch64_generic_musl/linux-rockchip_armv8/packages/ipkg-aarch64_generic/kmod-crypto-seqiv/lib/apk/packages/kmod-crypto-seqiv.alternatives; fi;
(cd /workspaces/openwrt-radxa-rock5b-plus/openwrt/build_dir/target-aarch64_generic_musl/linux-rockchip_armv8/packages/ipkg-aarch64_generic/kmod-crypto-seqiv && find . -type f,l -printf "/%P\n" | sort > /workspaces/openwrt-radxa-rock5b-plus/openwrt/tmp/kmod-crypto-seqiv.list && mv /workspaces/openwrt-radxa-rock5b-plus/openwrt/tmp/kmod-crypto-seqiv.list /workspaces/openwrt-radxa-rock5b-plus/openwrt/build_dir/target-aarch64_generic_musl/linux-rockchip_armv8/packages/ipkg-aarch64_generic/kmod-crypto-seqiv/lib/apk/packages/kmod-crypto-seqiv.list)
# Move conffiles to IDIR and build conffiles_static with csums
if [ -f /workspaces/openwrt-radxa-rock5b-plus/openwrt/build_dir/target-aarch64_generic_musl/linux-rockchip_armv8/packages/apk-aarch64_generic/kmod-crypto-seqiv/conffiles ]; then mv -f /workspaces/openwrt-radxa-rock5b-plus/openwrt/build_dir/target-aarch64_generic_musl/linux-rockchip_armv8/packages/apk-aarch64_generic/kmod-crypto-seqiv/conffiles /workspaces/openwrt-radxa-rock5b-plus/openwrt/build_dir/target-aarch64_generic_musl/linux-rockchip_armv8/packages/ipkg-aarch64_generic/kmod-crypto-seqiv/lib/apk/packages/kmod-crypto-seqiv.conffiles; for file in $(cat /workspaces/openwrt-radxa-rock5b-plus/openwrt/build_dir/target-aarch64_generic_musl/linux-rockchip_armv8/packages/ipkg-aarch64_generic/kmod-crypto-seqiv/lib/apk/packages/kmod-crypto-seqiv.conffiles); do [ -f /workspaces/openwrt-radxa-rock5b-plus/openwrt/build_dir/target-aarch64_generic_musl/linux-rockchip_armv8/packages/ipkg-aarch64_generic/kmod-crypto-seqiv/$file ] || continue; csum=$(/workspaces/openwrt-radxa-rock5b-plus/openwrt/staging_dir/host/bin/mkhash sha256 /workspaces/openwrt-radxa-rock5b-plus/openwrt/build_dir/target-aarch64_generic_musl/linux-rockchip_armv8/packages/ipkg-aarch64_generic/kmod-crypto-seqiv/$file); echo $file $csum >> /workspaces/openwrt-radxa-rock5b-plus/openwrt/build_dir/target-aarch64_generic_musl/linux-rockchip_armv8/packages/ipkg-aarch64_generic/kmod-crypto-seqiv/lib/apk/packages/kmod-crypto-seqiv.conffiles_static; done; fi
# Some package (base-files) manually append stuff to conffiles
# Append stuff from it and delete the CONTROL directory since everything else should be migrated
if [ -f /workspaces/openwrt-radxa-rock5b-plus/openwrt/build_dir/target-aarch64_generic_musl/linux-rockchip_armv8/packages/ipkg-aarch64_generic/kmod-crypto-seqiv/CONTROL/conffiles ]; then echo $(IDIR_kmod-crypto-seqiv)/CONTROL/conffiles >> /workspaces/openwrt-radxa-rock5b-plus/openwrt/build_dir/target-aarch64_generic_musl/linux-rockchip_armv8/packages/ipkg-aarch64_generic/kmod-crypto-seqiv/lib/apk/packages/kmod-crypto-seqiv.conffiles; for file in $(cat /workspaces/openwrt-radxa-rock5b-plus/openwrt/build_dir/target-aarch64_generic_musl/linux-rockchip_armv8/packages/ipkg-aarch64_generic/kmod-crypto-seqiv/CONTROL/conffiles); do [ -f /workspaces/openwrt-radxa-rock5b-plus/openwrt/build_dir/target-aarch64_generic_musl/linux-rockchip_armv8/packages/ipkg-aarch64_generic/kmod-crypto-seqiv/$file ] || continue; csum=$(/workspaces/openwrt-radxa-rock5b-plus/openwrt/staging_dir/host/bin/mkhash sha256 /workspaces/openwrt-radxa-rock5b-plus/openwrt/build_dir/target-aarch64_generic_musl/linux-rockchip_armv8/packages/ipkg-aarch64_generic/kmod-crypto-seqiv/$file); echo $file $csum >> /workspaces/openwrt-radxa-rock5b-plus/openwrt/build_dir/target-aarch64_generic_musl/linux-rockchip_armv8/packages/ipkg-aarch64_generic/kmod-crypto-seqiv/lib/apk/packages/kmod-crypto-seqiv.conffiles_static; done; rm -rf /workspaces/openwrt-radxa-rock5b-plus/openwrt/build_dir/target-aarch64_generic_musl/linux-rockchip_armv8/packages/ipkg-aarch64_generic/kmod-crypto-seqiv/CONTROL/conffiles; fi
if [ -z "$(ls -A /workspaces/openwrt-radxa-rock5b-plus/openwrt/build_dir/target-aarch64_generic_musl/linux-rockchip_armv8/packages/ipkg-aarch64_generic/kmod-crypto-seqiv/CONTROL 2>/dev/null)" ]; then rm -rf /workspaces/openwrt-radxa-rock5b-plus/openwrt/build_dir/target-aarch64_generic_musl/linux-rockchip_armv8/packages/ipkg-aarch64_generic/kmod-crypto-seqiv/CONTROL; else echo "CONTROL directory /workspaces/openwrt-radxa-rock5b-plus/openwrt/build_dir/target-aarch64_generic_musl/linux-rockchip_armv8/packages/ipkg-aarch64_generic/kmod-crypto-seqiv/CONTROL is not empty! This is not right and should be checked!" >&2; exit 1; fi
/workspaces/openwrt-radxa-rock5b-plus/openwrt/staging_dir/host/bin/fakeroot /workspaces/openwrt-radxa-rock5b-plus/openwrt/staging_dir/host/bin/apk mkpkg --info "name:kmod-crypto-seqiv" --info "version:6.12.45-r1"  --info "description:CryptoAPI Sequence Number IV Generator" --info "arch:aarch64_generic" --info "license:GPL-2.0-only" --info "origin:feeds/base/kernel/linux" --info "url:" --info "maintainer:" --info "provides:"  --script "post-install:/workspaces/openwrt-radxa-rock5b-plus/openwrt/build_dir/target-aarch64_generic_musl/linux-rockchip_armv8/packages/apk-aarch64_generic/kmod-crypto-seqiv/post-install" --script "post-upgrade:/workspaces/openwrt-radxa-rock5b-plus/openwrt/build_dir/target-aarch64_generic_musl/linux-rockchip_armv8/packages/apk-aarch64_generic/kmod-crypto-seqiv/post-upgrade" --script "pre-deinstall:/workspaces/openwrt-radxa-rock5b-plus/openwrt/build_dir/target-aarch64_generic_musl/linux-rockchip_armv8/packages/apk-aarch64_generic/kmod-crypto-seqiv/pre-deinstall" --info "depends:kernel=6.12.45~bfdb4691414eb2d33b0186227f6f0e2d-r1 kmod-crypto-aead kmod-crypto-rng kmod-crypto-geniv" --files "/workspaces/openwrt-radxa-rock5b-plus/openwrt/build_dir/target-aarch64_generic_musl/linux-rockchip_armv8/packages/ipkg-aarch64_generic/kmod-crypto-seqiv" --output "/workspaces/openwrt-radxa-rock5b-plus/openwrt/bin/targets/rockchip/armv8/packages/kmod-crypto-seqiv-6.12.45-r1.apk" --sign "/workspaces/openwrt-radxa-rock5b-plus/openwrt/private-key.pem"
[ -f /workspaces/openwrt-radxa-rock5b-plus/openwrt/bin/targets/rockchip/armv8/packages/kmod-crypto-seqiv-6.12.45-r1.apk ]
removed '/workspaces/openwrt-radxa-rock5b-plus/openwrt/bin/targets/rockchip/armv8/packages/kmod-crypto-seqiv-6.12.45-r1.apk'
rstrip.sh: /workspaces/openwrt-radxa-rock5b-plus/openwrt/build_dir/target-aarch64_generic_musl/linux-rockchip_armv8/packages/ipkg-aarch64_generic/kmod-crypto-seqiv/lib/modules/6.12.45/seqiv.ko: relocatable
rm -rf /workspaces/openwrt-radxa-rock5b-plus/openwrt/build_dir/target-aarch64_generic_musl/linux-rockchip_armv8/packages/ipkg-aarch64_generic/kmod-crypto-ctr
/workspaces/openwrt-radxa-rock5b-plus/openwrt/scripts/ipkg-remove kmod-crypto-ctr /workspaces/openwrt-radxa-rock5b-plus/openwrt/bin/targets/rockchip/armv8/packages/kmod-crypto-ctr-6.12.45-r1.apk
mkdir -p /workspaces/openwrt-radxa-rock5b-plus/openwrt/bin/targets/rockchip/armv8/packages /workspaces/openwrt-radxa-rock5b-plus/openwrt/build_dir/target-aarch64_generic_musl/linux-rockchip_armv8/packages/ipkg-aarch64_generic/kmod-crypto-ctr /workspaces/openwrt-radxa-rock5b-plus/openwrt/staging_dir/target-aarch64_generic_musl/pkginfo
for mod in /workspaces/openwrt-radxa-rock5b-plus/openwrt/build_dir/target-aarch64_generic_musl/linux-rockchip_armv8/linux-6.12.45/crypto/ctr.ko; do if grep -q "${mod##/workspaces/openwrt-radxa-rock5b-plus/openwrt/build_dir/target-aarch64_generic_musl/linux-rockchip_armv8/linux-6.12.45/}" "/workspaces/openwrt-radxa-rock5b-plus/openwrt/build_dir/target-aarch64_generic_musl/linux-rockchip_armv8/linux-6.12.45/modules.builtin"; then echo "NOTICE: module '$mod' is built-in."; elif [ -e $mod ]; then mkdir -p /workspaces/openwrt-radxa-rock5b-plus/openwrt/build_dir/target-aarch64_generic_musl/linux-rockchip_armv8/packages/ipkg-aarch64_generic/kmod-crypto-ctr/lib/modules/6.12.45 ; cp -fpR -L $mod /workspaces/openwrt-radxa-rock5b-plus/openwrt/build_dir/target-aarch64_generic_musl/linux-rockchip_armv8/packages/ipkg-aarch64_generic/kmod-crypto-ctr/lib/modules/6.12.45/ ; else echo "ERROR: module '$mod' is missing." >&2; exit 1; fi; done;
mkdir -p /workspaces/openwrt-radxa-rock5b-plus/openwrt/build_dir/target-aarch64_generic_musl/linux-rockchip_armv8/packages/ipkg-aarch64_generic/kmod-crypto-ctr/etc/modules.d; ( echo "ctr"; ) > /workspaces/openwrt-radxa-rock5b-plus/openwrt/build_dir/target-aarch64_generic_musl/linux-rockchip_armv8/packages/ipkg-aarch64_generic/kmod-crypto-ctr/etc/modules.d/09-crypto-ctr; 



find /workspaces/openwrt-radxa-rock5b-plus/openwrt/build_dir/target-aarch64_generic_musl/linux-rockchip_armv8/packages/ipkg-aarch64_generic/kmod-crypto-ctr -name 'CVS' -o -name '.svn' -o -name '.#*' -o -name '*~'| xargs -r rm -rf
( find /workspaces/openwrt-radxa-rock5b-plus/openwrt/build_dir/target-aarch64_generic_musl/linux-rockchip_armv8/packages/ipkg-aarch64_generic/kmod-crypto-ctr -name lib\*.so\* -or -name \*.ko | awk -F/ '{ print $NF }'; for file in /workspaces/openwrt-radxa-rock5b-plus/openwrt/staging_dir/target-aarch64_generic_musl/pkginfo/kmod-crypto-manager.provides /workspaces/openwrt-radxa-rock5b-plus/openwrt/staging_dir/target-aarch64_generic_musl/pkginfo/kmod-crypto-seqiv.provides; do if [ -f "$file" ]; then cat $file; fi; done;  ) | sort -u > /workspaces/openwrt-radxa-rock5b-plus/openwrt/staging_dir/target-aarch64_generic_musl/pkginfo/kmod-crypto-ctr.provides

( rm -f /workspaces/openwrt-radxa-rock5b-plus/openwrt/staging_dir/target-aarch64_generic_musl/pkginfo/kmod-crypto-ctr.missing; ( export READELF=aarch64-openwrt-linux-musl-readelf OBJCOPY=aarch64-openwrt-linux-musl-objcopy XARGS="xargs -r"; /workspaces/openwrt-radxa-rock5b-plus/openwrt/scripts/gen-dependencies.sh "/workspaces/openwrt-radxa-rock5b-plus/openwrt/build_dir/target-aarch64_generic_musl/linux-rockchip_armv8/packages/ipkg-aarch64_generic/kmod-crypto-ctr"; ) | while read FILE; do grep -qxF "$FILE" /workspaces/openwrt-radxa-rock5b-plus/openwrt/staging_dir/target-aarch64_generic_musl/pkginfo/kmod-crypto-ctr.provides || echo "$FILE" >> /workspaces/openwrt-radxa-rock5b-plus/openwrt/staging_dir/target-aarch64_generic_musl/pkginfo/kmod-crypto-ctr.missing; done; if [ -f "/workspaces/openwrt-radxa-rock5b-plus/openwrt/staging_dir/target-aarch64_generic_musl/pkginfo/kmod-crypto-ctr.missing" ]; then echo "Package kmod-crypto-ctr is missing dependencies for the following libraries:" >&2; cat "/workspaces/openwrt-radxa-rock5b-plus/openwrt/staging_dir/target-aarch64_generic_musl/pkginfo/kmod-crypto-ctr.missing" >&2; false; fi; )
export CROSS="aarch64-openwrt-linux-musl-"  NO_RENAME=1 ; NM="aarch64-openwrt-linux-musl-nm" STRIP="/workspaces/openwrt-radxa-rock5b-plus/openwrt/staging_dir/host/bin/sstrip -z" STRIP_KMOD="/workspaces/openwrt-radxa-rock5b-plus/openwrt/scripts/strip-kmod.sh" PATCHELF="/workspaces/openwrt-radxa-rock5b-plus/openwrt/staging_dir/host/bin/patchelf" /workspaces/openwrt-radxa-rock5b-plus/openwrt/scripts/rstrip.sh /workspaces/openwrt-radxa-rock5b-plus/openwrt/build_dir/target-aarch64_generic_musl/linux-rockchip_armv8/packages/ipkg-aarch64_generic/kmod-crypto-ctr
install -d -m0755 /workspaces/openwrt-radxa-rock5b-plus/openwrt/bin/targets/rockchip/armv8/packages/tmp
mkdir -p /workspaces/openwrt-radxa-rock5b-plus/openwrt/build_dir/target-aarch64_generic_musl/linux-rockchip_armv8/packages/apk-aarch64_generic/kmod-crypto-ctr/
mkdir -p /workspaces/openwrt-radxa-rock5b-plus/openwrt/build_dir/target-aarch64_generic_musl/linux-rockchip_armv8/packages/ipkg-aarch64_generic/kmod-crypto-ctr/lib/apk/packages/
(cd /workspaces/openwrt-radxa-rock5b-plus/openwrt/build_dir/target-aarch64_generic_musl/linux-rockchip_armv8/packages/apk-aarch64_generic/kmod-crypto-ctr; )
( echo "#!/bin/sh"; echo "[ \"\${IPKG_NO_SCRIPT}\" = \"1\" ] && exit 0"; echo "[ -s "\${IPKG_INSTROOT}/lib/functions.sh" ] || exit 0"; echo ". \${IPKG_INSTROOT}/lib/functions.sh"; echo 'export root="${IPKG_INSTROOT}"'; echo 'export pkgname="kmod-crypto-ctr"'; echo "add_group_and_user"; echo "default_postinst"; [ ! -f /workspaces/openwrt-radxa-rock5b-plus/openwrt/build_dir/target-aarch64_generic_musl/linux-rockchip_armv8/packages/apk-aarch64_generic/kmod-crypto-ctr/postinst-pkg ] || sed -z 's/^\s*#!/#!/' "/workspaces/openwrt-radxa-rock5b-plus/openwrt/build_dir/target-aarch64_generic_musl/linux-rockchip_armv8/packages/apk-aarch64_generic/kmod-crypto-ctr/postinst-pkg"; ) > /workspaces/openwrt-radxa-rock5b-plus/openwrt/build_dir/target-aarch64_generic_musl/linux-rockchip_armv8/packages/apk-aarch64_generic/kmod-crypto-ctr/post-install;
( echo "#!/bin/sh"; echo 'export PKG_UPGRADE=1'; [ ! -f /workspaces/openwrt-radxa-rock5b-plus/openwrt/build_dir/target-aarch64_generic_musl/linux-rockchip_armv8/packages/apk-aarch64_generic/kmod-crypto-ctr/post-install ] || sed -z 's/^\s*#!/#!/' "/workspaces/openwrt-radxa-rock5b-plus/openwrt/build_dir/target-aarch64_generic_musl/linux-rockchip_armv8/packages/apk-aarch64_generic/kmod-crypto-ctr/post-install"; ) > /workspaces/openwrt-radxa-rock5b-plus/openwrt/build_dir/target-aarch64_generic_musl/linux-rockchip_armv8/packages/apk-aarch64_generic/kmod-crypto-ctr/post-upgrade;
( echo "#!/bin/sh"; echo "[ -s "\${IPKG_INSTROOT}/lib/functions.sh" ] || exit 0"; echo ". \${IPKG_INSTROOT}/lib/functions.sh"; echo 'export root="${IPKG_INSTROOT}"'; echo 'export pkgname="kmod-crypto-ctr"'; echo "default_prerm"; [ ! -f /workspaces/openwrt-radxa-rock5b-plus/openwrt/build_dir/target-aarch64_generic_musl/linux-rockchip_armv8/packages/apk-aarch64_generic/kmod-crypto-ctr/prerm-pkg ] || sed -z 's/^\s*#!/#!/' "/workspaces/openwrt-radxa-rock5b-plus/openwrt/build_dir/target-aarch64_generic_musl/linux-rockchip_armv8/packages/apk-aarch64_generic/kmod-crypto-ctr/prerm-pkg"; ) > /workspaces/openwrt-radxa-rock5b-plus/openwrt/build_dir/target-aarch64_generic_musl/linux-rockchip_armv8/packages/apk-aarch64_generic/kmod-crypto-ctr/pre-deinstall;
[ ! -f /workspaces/openwrt-radxa-rock5b-plus/openwrt/build_dir/target-aarch64_generic_musl/linux-rockchip_armv8/packages/apk-aarch64_generic/kmod-crypto-ctr/postrm ] || sed -zi 's/^\s*#!/#!/' "/workspaces/openwrt-radxa-rock5b-plus/openwrt/build_dir/target-aarch64_generic_musl/linux-rockchip_armv8/packages/apk-aarch64_generic/kmod-crypto-ctr/postrm";
if [ -n "" ]; then echo  > /workspaces/openwrt-radxa-rock5b-plus/openwrt/build_dir/target-aarch64_generic_musl/linux-rockchip_armv8/packages/ipkg-aarch64_generic/kmod-crypto-ctr/lib/apk/packages/kmod-crypto-ctr.rusers; fi;
if [ -n "" ]; then echo  > /workspaces/openwrt-radxa-rock5b-plus/openwrt/build_dir/target-aarch64_generic_musl/linux-rockchip_armv8/packages/ipkg-aarch64_generic/kmod-crypto-ctr/lib/apk/packages/kmod-crypto-ctr.alternatives; fi;
(cd /workspaces/openwrt-radxa-rock5b-plus/openwrt/build_dir/target-aarch64_generic_musl/linux-rockchip_armv8/packages/ipkg-aarch64_generic/kmod-crypto-ctr && find . -type f,l -printf "/%P\n" | sort > /workspaces/openwrt-radxa-rock5b-plus/openwrt/tmp/kmod-crypto-ctr.list && mv /workspaces/openwrt-radxa-rock5b-plus/openwrt/tmp/kmod-crypto-ctr.list /workspaces/openwrt-radxa-rock5b-plus/openwrt/build_dir/target-aarch64_generic_musl/linux-rockchip_armv8/packages/ipkg-aarch64_generic/kmod-crypto-ctr/lib/apk/packages/kmod-crypto-ctr.list)
# Move conffiles to IDIR and build conffiles_static with csums
if [ -f /workspaces/openwrt-radxa-rock5b-plus/openwrt/build_dir/target-aarch64_generic_musl/linux-rockchip_armv8/packages/apk-aarch64_generic/kmod-crypto-ctr/conffiles ]; then mv -f /workspaces/openwrt-radxa-rock5b-plus/openwrt/build_dir/target-aarch64_generic_musl/linux-rockchip_armv8/packages/apk-aarch64_generic/kmod-crypto-ctr/conffiles /workspaces/openwrt-radxa-rock5b-plus/openwrt/build_dir/target-aarch64_generic_musl/linux-rockchip_armv8/packages/ipkg-aarch64_generic/kmod-crypto-ctr/lib/apk/packages/kmod-crypto-ctr.conffiles; for file in $(cat /workspaces/openwrt-radxa-rock5b-plus/openwrt/build_dir/target-aarch64_generic_musl/linux-rockchip_armv8/packages/ipkg-aarch64_generic/kmod-crypto-ctr/lib/apk/packages/kmod-crypto-ctr.conffiles); do [ -f /workspaces/openwrt-radxa-rock5b-plus/openwrt/build_dir/target-aarch64_generic_musl/linux-rockchip_armv8/packages/ipkg-aarch64_generic/kmod-crypto-ctr/$file ] || continue; csum=$(/workspaces/openwrt-radxa-rock5b-plus/openwrt/staging_dir/host/bin/mkhash sha256 /workspaces/openwrt-radxa-rock5b-plus/openwrt/build_dir/target-aarch64_generic_musl/linux-rockchip_armv8/packages/ipkg-aarch64_generic/kmod-crypto-ctr/$file); echo $file $csum >> /workspaces/openwrt-radxa-rock5b-plus/openwrt/build_dir/target-aarch64_generic_musl/linux-rockchip_armv8/packages/ipkg-aarch64_generic/kmod-crypto-ctr/lib/apk/packages/kmod-crypto-ctr.conffiles_static; done; fi
# Some package (base-files) manually append stuff to conffiles
# Append stuff from it and delete the CONTROL directory since everything else should be migrated
if [ -f /workspaces/openwrt-radxa-rock5b-plus/openwrt/build_dir/target-aarch64_generic_musl/linux-rockchip_armv8/packages/ipkg-aarch64_generic/kmod-crypto-ctr/CONTROL/conffiles ]; then echo $(IDIR_kmod-crypto-ctr)/CONTROL/conffiles >> /workspaces/openwrt-radxa-rock5b-plus/openwrt/build_dir/target-aarch64_generic_musl/linux-rockchip_armv8/packages/ipkg-aarch64_generic/kmod-crypto-ctr/lib/apk/packages/kmod-crypto-ctr.conffiles; for file in $(cat /workspaces/openwrt-radxa-rock5b-plus/openwrt/build_dir/target-aarch64_generic_musl/linux-rockchip_armv8/packages/ipkg-aarch64_generic/kmod-crypto-ctr/CONTROL/conffiles); do [ -f /workspaces/openwrt-radxa-rock5b-plus/openwrt/build_dir/target-aarch64_generic_musl/linux-rockchip_armv8/packages/ipkg-aarch64_generic/kmod-crypto-ctr/$file ] || continue; csum=$(/workspaces/openwrt-radxa-rock5b-plus/openwrt/staging_dir/host/bin/mkhash sha256 /workspaces/openwrt-radxa-rock5b-plus/openwrt/build_dir/target-aarch64_generic_musl/linux-rockchip_armv8/packages/ipkg-aarch64_generic/kmod-crypto-ctr/$file); echo $file $csum >> /workspaces/openwrt-radxa-rock5b-plus/openwrt/build_dir/target-aarch64_generic_musl/linux-rockchip_armv8/packages/ipkg-aarch64_generic/kmod-crypto-ctr/lib/apk/packages/kmod-crypto-ctr.conffiles_static; done; rm -rf /workspaces/openwrt-radxa-rock5b-plus/openwrt/build_dir/target-aarch64_generic_musl/linux-rockchip_armv8/packages/ipkg-aarch64_generic/kmod-crypto-ctr/CONTROL/conffiles; fi
if [ -z "$(ls -A /workspaces/openwrt-radxa-rock5b-plus/openwrt/build_dir/target-aarch64_generic_musl/linux-rockchip_armv8/packages/ipkg-aarch64_generic/kmod-crypto-ctr/CONTROL 2>/dev/null)" ]; then rm -rf /workspaces/openwrt-radxa-rock5b-plus/openwrt/build_dir/target-aarch64_generic_musl/linux-rockchip_armv8/packages/ipkg-aarch64_generic/kmod-crypto-ctr/CONTROL; else echo "CONTROL directory /workspaces/openwrt-radxa-rock5b-plus/openwrt/build_dir/target-aarch64_generic_musl/linux-rockchip_armv8/packages/ipkg-aarch64_generic/kmod-crypto-ctr/CONTROL is not empty! This is not right and should be checked!" >&2; exit 1; fi
/workspaces/openwrt-radxa-rock5b-plus/openwrt/staging_dir/host/bin/fakeroot /workspaces/openwrt-radxa-rock5b-plus/openwrt/staging_dir/host/bin/apk mkpkg --info "name:kmod-crypto-ctr" --info "version:6.12.45-r1"  --info "description:Counter Mode CryptoAPI module" --info "arch:aarch64_generic" --info "license:GPL-2.0-only" --info "origin:feeds/base/kernel/linux" --info "url:" --info "maintainer:" --info "provides:"  --script "post-install:/workspaces/openwrt-radxa-rock5b-plus/openwrt/build_dir/target-aarch64_generic_musl/linux-rockchip_armv8/packages/apk-aarch64_generic/kmod-crypto-ctr/post-install" --script "post-upgrade:/workspaces/openwrt-radxa-rock5b-plus/openwrt/build_dir/target-aarch64_generic_musl/linux-rockchip_armv8/packages/apk-aarch64_generic/kmod-crypto-ctr/post-upgrade" --script "pre-deinstall:/workspaces/openwrt-radxa-rock5b-plus/openwrt/build_dir/target-aarch64_generic_musl/linux-rockchip_armv8/packages/apk-aarch64_generic/kmod-crypto-ctr/pre-deinstall" --info "depends:kernel=6.12.45~bfdb4691414eb2d33b0186227f6f0e2d-r1 kmod-crypto-manager kmod-crypto-seqiv" --files "/workspaces/openwrt-radxa-rock5b-plus/openwrt/build_dir/target-aarch64_generic_musl/linux-rockchip_armv8/packages/ipkg-aarch64_generic/kmod-crypto-ctr" --output "/workspaces/openwrt-radxa-rock5b-plus/openwrt/bin/targets/rockchip/armv8/packages/kmod-crypto-ctr-6.12.45-r1.apk" --sign "/workspaces/openwrt-radxa-rock5b-plus/openwrt/private-key.pem"
[ -f /workspaces/openwrt-radxa-rock5b-plus/openwrt/bin/targets/rockchip/armv8/packages/kmod-crypto-ctr-6.12.45-r1.apk ]
removed '/workspaces/openwrt-radxa-rock5b-plus/openwrt/bin/targets/rockchip/armv8/packages/kmod-crypto-ctr-6.12.45-r1.apk'
NOTICE: module '/workspaces/openwrt-radxa-rock5b-plus/openwrt/build_dir/target-aarch64_generic_musl/linux-rockchip_armv8/linux-6.12.45/crypto/ctr.ko' is built-in.
rm -rf /workspaces/openwrt-radxa-rock5b-plus/openwrt/build_dir/target-aarch64_generic_musl/linux-rockchip_armv8/packages/ipkg-aarch64_generic/kmod-crypto-ccm
/workspaces/openwrt-radxa-rock5b-plus/openwrt/scripts/ipkg-remove kmod-crypto-ccm /workspaces/openwrt-radxa-rock5b-plus/openwrt/bin/targets/rockchip/armv8/packages/kmod-crypto-ccm-6.12.45-r1.apk
mkdir -p /workspaces/openwrt-radxa-rock5b-plus/openwrt/bin/targets/rockchip/armv8/packages /workspaces/openwrt-radxa-rock5b-plus/openwrt/build_dir/target-aarch64_generic_musl/linux-rockchip_armv8/packages/ipkg-aarch64_generic/kmod-crypto-ccm /workspaces/openwrt-radxa-rock5b-plus/openwrt/staging_dir/target-aarch64_generic_musl/pkginfo
for mod in /workspaces/openwrt-radxa-rock5b-plus/openwrt/build_dir/target-aarch64_generic_musl/linux-rockchip_armv8/linux-6.12.45/crypto/ccm.ko; do if grep -q "${mod##/workspaces/openwrt-radxa-rock5b-plus/openwrt/build_dir/target-aarch64_generic_musl/linux-rockchip_armv8/linux-6.12.45/}" "/workspaces/openwrt-radxa-rock5b-plus/openwrt/build_dir/target-aarch64_generic_musl/linux-rockchip_armv8/linux-6.12.45/modules.builtin"; then echo "NOTICE: module '$mod' is built-in."; elif [ -e $mod ]; then mkdir -p /workspaces/openwrt-radxa-rock5b-plus/openwrt/build_dir/target-aarch64_generic_musl/linux-rockchip_armv8/packages/ipkg-aarch64_generic/kmod-crypto-ccm/lib/modules/6.12.45 ; cp -fpR -L $mod /workspaces/openwrt-radxa-rock5b-plus/openwrt/build_dir/target-aarch64_generic_musl/linux-rockchip_armv8/packages/ipkg-aarch64_generic/kmod-crypto-ccm/lib/modules/6.12.45/ ; else echo "ERROR: module '$mod' is missing." >&2; exit 1; fi; done;
mkdir -p /workspaces/openwrt-radxa-rock5b-plus/openwrt/build_dir/target-aarch64_generic_musl/linux-rockchip_armv8/packages/ipkg-aarch64_generic/kmod-crypto-ccm/etc/modules.d; ( echo "ccm"; ) > /workspaces/openwrt-radxa-rock5b-plus/openwrt/build_dir/target-aarch64_generic_musl/linux-rockchip_armv8/packages/ipkg-aarch64_generic/kmod-crypto-ccm/etc/modules.d/09-crypto-ccm; 



find /workspaces/openwrt-radxa-rock5b-plus/openwrt/build_dir/target-aarch64_generic_musl/linux-rockchip_armv8/packages/ipkg-aarch64_generic/kmod-crypto-ccm -name 'CVS' -o -name '.svn' -o -name '.#*' -o -name '*~'| xargs -r rm -rf
( find /workspaces/openwrt-radxa-rock5b-plus/openwrt/build_dir/target-aarch64_generic_musl/linux-rockchip_armv8/packages/ipkg-aarch64_generic/kmod-crypto-ccm -name lib\*.so\* -or -name \*.ko | awk -F/ '{ print $NF }'; for file in /workspaces/openwrt-radxa-rock5b-plus/openwrt/staging_dir/target-aarch64_generic_musl/pkginfo/kmod-crypto-ctr.provides /workspaces/openwrt-radxa-rock5b-plus/openwrt/staging_dir/target-aarch64_generic_musl/pkginfo/kmod-crypto-aead.provides; do if [ -f "$file" ]; then cat $file; fi; done;  ) | sort -u > /workspaces/openwrt-radxa-rock5b-plus/openwrt/staging_dir/target-aarch64_generic_musl/pkginfo/kmod-crypto-ccm.provides

( rm -f /workspaces/openwrt-radxa-rock5b-plus/openwrt/staging_dir/target-aarch64_generic_musl/pkginfo/kmod-crypto-ccm.missing; ( export READELF=aarch64-openwrt-linux-musl-readelf OBJCOPY=aarch64-openwrt-linux-musl-objcopy XARGS="xargs -r"; /workspaces/openwrt-radxa-rock5b-plus/openwrt/scripts/gen-dependencies.sh "/workspaces/openwrt-radxa-rock5b-plus/openwrt/build_dir/target-aarch64_generic_musl/linux-rockchip_armv8/packages/ipkg-aarch64_generic/kmod-crypto-ccm"; ) | while read FILE; do grep -qxF "$FILE" /workspaces/openwrt-radxa-rock5b-plus/openwrt/staging_dir/target-aarch64_generic_musl/pkginfo/kmod-crypto-ccm.provides || echo "$FILE" >> /workspaces/openwrt-radxa-rock5b-plus/openwrt/staging_dir/target-aarch64_generic_musl/pkginfo/kmod-crypto-ccm.missing; done; if [ -f "/workspaces/openwrt-radxa-rock5b-plus/openwrt/staging_dir/target-aarch64_generic_musl/pkginfo/kmod-crypto-ccm.missing" ]; then echo "Package kmod-crypto-ccm is missing dependencies for the following libraries:" >&2; cat "/workspaces/openwrt-radxa-rock5b-plus/openwrt/staging_dir/target-aarch64_generic_musl/pkginfo/kmod-crypto-ccm.missing" >&2; false; fi; )
export CROSS="aarch64-openwrt-linux-musl-"  NO_RENAME=1 ; NM="aarch64-openwrt-linux-musl-nm" STRIP="/workspaces/openwrt-radxa-rock5b-plus/openwrt/staging_dir/host/bin/sstrip -z" STRIP_KMOD="/workspaces/openwrt-radxa-rock5b-plus/openwrt/scripts/strip-kmod.sh" PATCHELF="/workspaces/openwrt-radxa-rock5b-plus/openwrt/staging_dir/host/bin/patchelf" /workspaces/openwrt-radxa-rock5b-plus/openwrt/scripts/rstrip.sh /workspaces/openwrt-radxa-rock5b-plus/openwrt/build_dir/target-aarch64_generic_musl/linux-rockchip_armv8/packages/ipkg-aarch64_generic/kmod-crypto-ccm
install -d -m0755 /workspaces/openwrt-radxa-rock5b-plus/openwrt/bin/targets/rockchip/armv8/packages/tmp
mkdir -p /workspaces/openwrt-radxa-rock5b-plus/openwrt/build_dir/target-aarch64_generic_musl/linux-rockchip_armv8/packages/apk-aarch64_generic/kmod-crypto-ccm/
mkdir -p /workspaces/openwrt-radxa-rock5b-plus/openwrt/build_dir/target-aarch64_generic_musl/linux-rockchip_armv8/packages/ipkg-aarch64_generic/kmod-crypto-ccm/lib/apk/packages/
(cd /workspaces/openwrt-radxa-rock5b-plus/openwrt/build_dir/target-aarch64_generic_musl/linux-rockchip_armv8/packages/apk-aarch64_generic/kmod-crypto-ccm; )
( echo "#!/bin/sh"; echo "[ \"\${IPKG_NO_SCRIPT}\" = \"1\" ] && exit 0"; echo "[ -s "\${IPKG_INSTROOT}/lib/functions.sh" ] || exit 0"; echo ". \${IPKG_INSTROOT}/lib/functions.sh"; echo 'export root="${IPKG_INSTROOT}"'; echo 'export pkgname="kmod-crypto-ccm"'; echo "add_group_and_user"; echo "default_postinst"; [ ! -f /workspaces/openwrt-radxa-rock5b-plus/openwrt/build_dir/target-aarch64_generic_musl/linux-rockchip_armv8/packages/apk-aarch64_generic/kmod-crypto-ccm/postinst-pkg ] || sed -z 's/^\s*#!/#!/' "/workspaces/openwrt-radxa-rock5b-plus/openwrt/build_dir/target-aarch64_generic_musl/linux-rockchip_armv8/packages/apk-aarch64_generic/kmod-crypto-ccm/postinst-pkg"; ) > /workspaces/openwrt-radxa-rock5b-plus/openwrt/build_dir/target-aarch64_generic_musl/linux-rockchip_armv8/packages/apk-aarch64_generic/kmod-crypto-ccm/post-install;
( echo "#!/bin/sh"; echo 'export PKG_UPGRADE=1'; [ ! -f /workspaces/openwrt-radxa-rock5b-plus/openwrt/build_dir/target-aarch64_generic_musl/linux-rockchip_armv8/packages/apk-aarch64_generic/kmod-crypto-ccm/post-install ] || sed -z 's/^\s*#!/#!/' "/workspaces/openwrt-radxa-rock5b-plus/openwrt/build_dir/target-aarch64_generic_musl/linux-rockchip_armv8/packages/apk-aarch64_generic/kmod-crypto-ccm/post-install"; ) > /workspaces/openwrt-radxa-rock5b-plus/openwrt/build_dir/target-aarch64_generic_musl/linux-rockchip_armv8/packages/apk-aarch64_generic/kmod-crypto-ccm/post-upgrade;
( echo "#!/bin/sh"; echo "[ -s "\${IPKG_INSTROOT}/lib/functions.sh" ] || exit 0"; echo ". \${IPKG_INSTROOT}/lib/functions.sh"; echo 'export root="${IPKG_INSTROOT}"'; echo 'export pkgname="kmod-crypto-ccm"'; echo "default_prerm"; [ ! -f /workspaces/openwrt-radxa-rock5b-plus/openwrt/build_dir/target-aarch64_generic_musl/linux-rockchip_armv8/packages/apk-aarch64_generic/kmod-crypto-ccm/prerm-pkg ] || sed -z 's/^\s*#!/#!/' "/workspaces/openwrt-radxa-rock5b-plus/openwrt/build_dir/target-aarch64_generic_musl/linux-rockchip_armv8/packages/apk-aarch64_generic/kmod-crypto-ccm/prerm-pkg"; ) > /workspaces/openwrt-radxa-rock5b-plus/openwrt/build_dir/target-aarch64_generic_musl/linux-rockchip_armv8/packages/apk-aarch64_generic/kmod-crypto-ccm/pre-deinstall;
[ ! -f /workspaces/openwrt-radxa-rock5b-plus/openwrt/build_dir/target-aarch64_generic_musl/linux-rockchip_armv8/packages/apk-aarch64_generic/kmod-crypto-ccm/postrm ] || sed -zi 's/^\s*#!/#!/' "/workspaces/openwrt-radxa-rock5b-plus/openwrt/build_dir/target-aarch64_generic_musl/linux-rockchip_armv8/packages/apk-aarch64_generic/kmod-crypto-ccm/postrm";
if [ -n "" ]; then echo  > /workspaces/openwrt-radxa-rock5b-plus/openwrt/build_dir/target-aarch64_generic_musl/linux-rockchip_armv8/packages/ipkg-aarch64_generic/kmod-crypto-ccm/lib/apk/packages/kmod-crypto-ccm.rusers; fi;
if [ -n "" ]; then echo  > /workspaces/openwrt-radxa-rock5b-plus/openwrt/build_dir/target-aarch64_generic_musl/linux-rockchip_armv8/packages/ipkg-aarch64_generic/kmod-crypto-ccm/lib/apk/packages/kmod-crypto-ccm.alternatives; fi;
(cd /workspaces/openwrt-radxa-rock5b-plus/openwrt/build_dir/target-aarch64_generic_musl/linux-rockchip_armv8/packages/ipkg-aarch64_generic/kmod-crypto-ccm && find . -type f,l -printf "/%P\n" | sort > /workspaces/openwrt-radxa-rock5b-plus/openwrt/tmp/kmod-crypto-ccm.list && mv /workspaces/openwrt-radxa-rock5b-plus/openwrt/tmp/kmod-crypto-ccm.list /workspaces/openwrt-radxa-rock5b-plus/openwrt/build_dir/target-aarch64_generic_musl/linux-rockchip_armv8/packages/ipkg-aarch64_generic/kmod-crypto-ccm/lib/apk/packages/kmod-crypto-ccm.list)
# Move conffiles to IDIR and build conffiles_static with csums
if [ -f /workspaces/openwrt-radxa-rock5b-plus/openwrt/build_dir/target-aarch64_generic_musl/linux-rockchip_armv8/packages/apk-aarch64_generic/kmod-crypto-ccm/conffiles ]; then mv -f /workspaces/openwrt-radxa-rock5b-plus/openwrt/build_dir/target-aarch64_generic_musl/linux-rockchip_armv8/packages/apk-aarch64_generic/kmod-crypto-ccm/conffiles /workspaces/openwrt-radxa-rock5b-plus/openwrt/build_dir/target-aarch64_generic_musl/linux-rockchip_armv8/packages/ipkg-aarch64_generic/kmod-crypto-ccm/lib/apk/packages/kmod-crypto-ccm.conffiles; for file in $(cat /workspaces/openwrt-radxa-rock5b-plus/openwrt/build_dir/target-aarch64_generic_musl/linux-rockchip_armv8/packages/ipkg-aarch64_generic/kmod-crypto-ccm/lib/apk/packages/kmod-crypto-ccm.conffiles); do [ -f /workspaces/openwrt-radxa-rock5b-plus/openwrt/build_dir/target-aarch64_generic_musl/linux-rockchip_armv8/packages/ipkg-aarch64_generic/kmod-crypto-ccm/$file ] || continue; csum=$(/workspaces/openwrt-radxa-rock5b-plus/openwrt/staging_dir/host/bin/mkhash sha256 /workspaces/openwrt-radxa-rock5b-plus/openwrt/build_dir/target-aarch64_generic_musl/linux-rockchip_armv8/packages/ipkg-aarch64_generic/kmod-crypto-ccm/$file); echo $file $csum >> /workspaces/openwrt-radxa-rock5b-plus/openwrt/build_dir/target-aarch64_generic_musl/linux-rockchip_armv8/packages/ipkg-aarch64_generic/kmod-crypto-ccm/lib/apk/packages/kmod-crypto-ccm.conffiles_static; done; fi
# Some package (base-files) manually append stuff to conffiles
# Append stuff from it and delete the CONTROL directory since everything else should be migrated
if [ -f /workspaces/openwrt-radxa-rock5b-plus/openwrt/build_dir/target-aarch64_generic_musl/linux-rockchip_armv8/packages/ipkg-aarch64_generic/kmod-crypto-ccm/CONTROL/conffiles ]; then echo $(IDIR_kmod-crypto-ccm)/CONTROL/conffiles >> /workspaces/openwrt-radxa-rock5b-plus/openwrt/build_dir/target-aarch64_generic_musl/linux-rockchip_armv8/packages/ipkg-aarch64_generic/kmod-crypto-ccm/lib/apk/packages/kmod-crypto-ccm.conffiles; for file in $(cat /workspaces/openwrt-radxa-rock5b-plus/openwrt/build_dir/target-aarch64_generic_musl/linux-rockchip_armv8/packages/ipkg-aarch64_generic/kmod-crypto-ccm/CONTROL/conffiles); do [ -f /workspaces/openwrt-radxa-rock5b-plus/openwrt/build_dir/target-aarch64_generic_musl/linux-rockchip_armv8/packages/ipkg-aarch64_generic/kmod-crypto-ccm/$file ] || continue; csum=$(/workspaces/openwrt-radxa-rock5b-plus/openwrt/staging_dir/host/bin/mkhash sha256 /workspaces/openwrt-radxa-rock5b-plus/openwrt/build_dir/target-aarch64_generic_musl/linux-rockchip_armv8/packages/ipkg-aarch64_generic/kmod-crypto-ccm/$file); echo $file $csum >> /workspaces/openwrt-radxa-rock5b-plus/openwrt/build_dir/target-aarch64_generic_musl/linux-rockchip_armv8/packages/ipkg-aarch64_generic/kmod-crypto-ccm/lib/apk/packages/kmod-crypto-ccm.conffiles_static; done; rm -rf /workspaces/openwrt-radxa-rock5b-plus/openwrt/build_dir/target-aarch64_generic_musl/linux-rockchip_armv8/packages/ipkg-aarch64_generic/kmod-crypto-ccm/CONTROL/conffiles; fi
if [ -z "$(ls -A /workspaces/openwrt-radxa-rock5b-plus/openwrt/build_dir/target-aarch64_generic_musl/linux-rockchip_armv8/packages/ipkg-aarch64_generic/kmod-crypto-ccm/CONTROL 2>/dev/null)" ]; then rm -rf /workspaces/openwrt-radxa-rock5b-plus/openwrt/build_dir/target-aarch64_generic_musl/linux-rockchip_armv8/packages/ipkg-aarch64_generic/kmod-crypto-ccm/CONTROL; else echo "CONTROL directory /workspaces/openwrt-radxa-rock5b-plus/openwrt/build_dir/target-aarch64_generic_musl/linux-rockchip_armv8/packages/ipkg-aarch64_generic/kmod-crypto-ccm/CONTROL is not empty! This is not right and should be checked!" >&2; exit 1; fi
/workspaces/openwrt-radxa-rock5b-plus/openwrt/staging_dir/host/bin/fakeroot /workspaces/openwrt-radxa-rock5b-plus/openwrt/staging_dir/host/bin/apk mkpkg --info "name:kmod-crypto-ccm" --info "version:6.12.45-r1"  --info "description:Support for Counter with CBC MAC (CCM)" --info "arch:aarch64_generic" --info "license:GPL-2.0-only" --info "origin:feeds/base/kernel/linux" --info "url:" --info "maintainer:" --info "provides:"  --script "post-install:/workspaces/openwrt-radxa-rock5b-plus/openwrt/build_dir/target-aarch64_generic_musl/linux-rockchip_armv8/packages/apk-aarch64_generic/kmod-crypto-ccm/post-install" --script "post-upgrade:/workspaces/openwrt-radxa-rock5b-plus/openwrt/build_dir/target-aarch64_generic_musl/linux-rockchip_armv8/packages/apk-aarch64_generic/kmod-crypto-ccm/post-upgrade" --script "pre-deinstall:/workspaces/openwrt-radxa-rock5b-plus/openwrt/build_dir/target-aarch64_generic_musl/linux-rockchip_armv8/packages/apk-aarch64_generic/kmod-crypto-ccm/pre-deinstall" --info "depends:kernel=6.12.45~bfdb4691414eb2d33b0186227f6f0e2d-r1 kmod-crypto-ctr kmod-crypto-aead" --files "/workspaces/openwrt-radxa-rock5b-plus/openwrt/build_dir/target-aarch64_generic_musl/linux-rockchip_armv8/packages/ipkg-aarch64_generic/kmod-crypto-ccm" --output "/workspaces/openwrt-radxa-rock5b-plus/openwrt/bin/targets/rockchip/armv8/packages/kmod-crypto-ccm-6.12.45-r1.apk" --sign "/workspaces/openwrt-radxa-rock5b-plus/openwrt/private-key.pem"
[ -f /workspaces/openwrt-radxa-rock5b-plus/openwrt/bin/targets/rockchip/armv8/packages/kmod-crypto-ccm-6.12.45-r1.apk ]
removed '/workspaces/openwrt-radxa-rock5b-plus/openwrt/bin/targets/rockchip/armv8/packages/kmod-crypto-ccm-6.12.45-r1.apk'
NOTICE: module '/workspaces/openwrt-radxa-rock5b-plus/openwrt/build_dir/target-aarch64_generic_musl/linux-rockchip_armv8/linux-6.12.45/crypto/ccm.ko' is built-in.
rm -rf /workspaces/openwrt-radxa-rock5b-plus/openwrt/build_dir/target-aarch64_generic_musl/linux-rockchip_armv8/packages/ipkg-aarch64_generic/kmod-crypto-cmac
/workspaces/openwrt-radxa-rock5b-plus/openwrt/scripts/ipkg-remove kmod-crypto-cmac /workspaces/openwrt-radxa-rock5b-plus/openwrt/bin/targets/rockchip/armv8/packages/kmod-crypto-cmac-6.12.45-r1.apk
mkdir -p /workspaces/openwrt-radxa-rock5b-plus/openwrt/bin/targets/rockchip/armv8/packages /workspaces/openwrt-radxa-rock5b-plus/openwrt/build_dir/target-aarch64_generic_musl/linux-rockchip_armv8/packages/ipkg-aarch64_generic/kmod-crypto-cmac /workspaces/openwrt-radxa-rock5b-plus/openwrt/staging_dir/target-aarch64_generic_musl/pkginfo
for mod in /workspaces/openwrt-radxa-rock5b-plus/openwrt/build_dir/target-aarch64_generic_musl/linux-rockchip_armv8/linux-6.12.45/crypto/cmac.ko; do if grep -q "${mod##/workspaces/openwrt-radxa-rock5b-plus/openwrt/build_dir/target-aarch64_generic_musl/linux-rockchip_armv8/linux-6.12.45/}" "/workspaces/openwrt-radxa-rock5b-plus/openwrt/build_dir/target-aarch64_generic_musl/linux-rockchip_armv8/linux-6.12.45/modules.builtin"; then echo "NOTICE: module '$mod' is built-in."; elif [ -e $mod ]; then mkdir -p /workspaces/openwrt-radxa-rock5b-plus/openwrt/build_dir/target-aarch64_generic_musl/linux-rockchip_armv8/packages/ipkg-aarch64_generic/kmod-crypto-cmac/lib/modules/6.12.45 ; cp -fpR -L $mod /workspaces/openwrt-radxa-rock5b-plus/openwrt/build_dir/target-aarch64_generic_musl/linux-rockchip_armv8/packages/ipkg-aarch64_generic/kmod-crypto-cmac/lib/modules/6.12.45/ ; else echo "ERROR: module '$mod' is missing." >&2; exit 1; fi; done;
mkdir -p /workspaces/openwrt-radxa-rock5b-plus/openwrt/build_dir/target-aarch64_generic_musl/linux-rockchip_armv8/packages/ipkg-aarch64_generic/kmod-crypto-cmac/etc/modules.d; ( echo "cmac"; ) > /workspaces/openwrt-radxa-rock5b-plus/openwrt/build_dir/target-aarch64_generic_musl/linux-rockchip_armv8/packages/ipkg-aarch64_generic/kmod-crypto-cmac/etc/modules.d/09-crypto-cmac; 



find /workspaces/openwrt-radxa-rock5b-plus/openwrt/build_dir/target-aarch64_generic_musl/linux-rockchip_armv8/packages/ipkg-aarch64_generic/kmod-crypto-cmac -name 'CVS' -o -name '.svn' -o -name '.#*' -o -name '*~'| xargs -r rm -rf
( find /workspaces/openwrt-radxa-rock5b-plus/openwrt/build_dir/target-aarch64_generic_musl/linux-rockchip_armv8/packages/ipkg-aarch64_generic/kmod-crypto-cmac -name lib\*.so\* -or -name \*.ko | awk -F/ '{ print $NF }'; for file in /workspaces/openwrt-radxa-rock5b-plus/openwrt/staging_dir/target-aarch64_generic_musl/pkginfo/kmod-crypto-hash.provides; do if [ -f "$file" ]; then cat $file; fi; done;  ) | sort -u > /workspaces/openwrt-radxa-rock5b-plus/openwrt/staging_dir/target-aarch64_generic_musl/pkginfo/kmod-crypto-cmac.provides

( rm -f /workspaces/openwrt-radxa-rock5b-plus/openwrt/staging_dir/target-aarch64_generic_musl/pkginfo/kmod-crypto-cmac.missing; ( export READELF=aarch64-openwrt-linux-musl-readelf OBJCOPY=aarch64-openwrt-linux-musl-objcopy XARGS="xargs -r"; /workspaces/openwrt-radxa-rock5b-plus/openwrt/scripts/gen-dependencies.sh "/workspaces/openwrt-radxa-rock5b-plus/openwrt/build_dir/target-aarch64_generic_musl/linux-rockchip_armv8/packages/ipkg-aarch64_generic/kmod-crypto-cmac"; ) | while read FILE; do grep -qxF "$FILE" /workspaces/openwrt-radxa-rock5b-plus/openwrt/staging_dir/target-aarch64_generic_musl/pkginfo/kmod-crypto-cmac.provides || echo "$FILE" >> /workspaces/openwrt-radxa-rock5b-plus/openwrt/staging_dir/target-aarch64_generic_musl/pkginfo/kmod-crypto-cmac.missing; done; if [ -f "/workspaces/openwrt-radxa-rock5b-plus/openwrt/staging_dir/target-aarch64_generic_musl/pkginfo/kmod-crypto-cmac.missing" ]; then echo "Package kmod-crypto-cmac is missing dependencies for the following libraries:" >&2; cat "/workspaces/openwrt-radxa-rock5b-plus/openwrt/staging_dir/target-aarch64_generic_musl/pkginfo/kmod-crypto-cmac.missing" >&2; false; fi; )
export CROSS="aarch64-openwrt-linux-musl-"  NO_RENAME=1 ; NM="aarch64-openwrt-linux-musl-nm" STRIP="/workspaces/openwrt-radxa-rock5b-plus/openwrt/staging_dir/host/bin/sstrip -z" STRIP_KMOD="/workspaces/openwrt-radxa-rock5b-plus/openwrt/scripts/strip-kmod.sh" PATCHELF="/workspaces/openwrt-radxa-rock5b-plus/openwrt/staging_dir/host/bin/patchelf" /workspaces/openwrt-radxa-rock5b-plus/openwrt/scripts/rstrip.sh /workspaces/openwrt-radxa-rock5b-plus/openwrt/build_dir/target-aarch64_generic_musl/linux-rockchip_armv8/packages/ipkg-aarch64_generic/kmod-crypto-cmac
install -d -m0755 /workspaces/openwrt-radxa-rock5b-plus/openwrt/bin/targets/rockchip/armv8/packages/tmp
mkdir -p /workspaces/openwrt-radxa-rock5b-plus/openwrt/build_dir/target-aarch64_generic_musl/linux-rockchip_armv8/packages/apk-aarch64_generic/kmod-crypto-cmac/
mkdir -p /workspaces/openwrt-radxa-rock5b-plus/openwrt/build_dir/target-aarch64_generic_musl/linux-rockchip_armv8/packages/ipkg-aarch64_generic/kmod-crypto-cmac/lib/apk/packages/
(cd /workspaces/openwrt-radxa-rock5b-plus/openwrt/build_dir/target-aarch64_generic_musl/linux-rockchip_armv8/packages/apk-aarch64_generic/kmod-crypto-cmac; )
( echo "#!/bin/sh"; echo "[ \"\${IPKG_NO_SCRIPT}\" = \"1\" ] && exit 0"; echo "[ -s "\${IPKG_INSTROOT}/lib/functions.sh" ] || exit 0"; echo ". \${IPKG_INSTROOT}/lib/functions.sh"; echo 'export root="${IPKG_INSTROOT}"'; echo 'export pkgname="kmod-crypto-cmac"'; echo "add_group_and_user"; echo "default_postinst"; [ ! -f /workspaces/openwrt-radxa-rock5b-plus/openwrt/build_dir/target-aarch64_generic_musl/linux-rockchip_armv8/packages/apk-aarch64_generic/kmod-crypto-cmac/postinst-pkg ] || sed -z 's/^\s*#!/#!/' "/workspaces/openwrt-radxa-rock5b-plus/openwrt/build_dir/target-aarch64_generic_musl/linux-rockchip_armv8/packages/apk-aarch64_generic/kmod-crypto-cmac/postinst-pkg"; ) > /workspaces/openwrt-radxa-rock5b-plus/openwrt/build_dir/target-aarch64_generic_musl/linux-rockchip_armv8/packages/apk-aarch64_generic/kmod-crypto-cmac/post-install;
( echo "#!/bin/sh"; echo 'export PKG_UPGRADE=1'; [ ! -f /workspaces/openwrt-radxa-rock5b-plus/openwrt/build_dir/target-aarch64_generic_musl/linux-rockchip_armv8/packages/apk-aarch64_generic/kmod-crypto-cmac/post-install ] || sed -z 's/^\s*#!/#!/' "/workspaces/openwrt-radxa-rock5b-plus/openwrt/build_dir/target-aarch64_generic_musl/linux-rockchip_armv8/packages/apk-aarch64_generic/kmod-crypto-cmac/post-install"; ) > /workspaces/openwrt-radxa-rock5b-plus/openwrt/build_dir/target-aarch64_generic_musl/linux-rockchip_armv8/packages/apk-aarch64_generic/kmod-crypto-cmac/post-upgrade;
( echo "#!/bin/sh"; echo "[ -s "\${IPKG_INSTROOT}/lib/functions.sh" ] || exit 0"; echo ". \${IPKG_INSTROOT}/lib/functions.sh"; echo 'export root="${IPKG_INSTROOT}"'; echo 'export pkgname="kmod-crypto-cmac"'; echo "default_prerm"; [ ! -f /workspaces/openwrt-radxa-rock5b-plus/openwrt/build_dir/target-aarch64_generic_musl/linux-rockchip_armv8/packages/apk-aarch64_generic/kmod-crypto-cmac/prerm-pkg ] || sed -z 's/^\s*#!/#!/' "/workspaces/openwrt-radxa-rock5b-plus/openwrt/build_dir/target-aarch64_generic_musl/linux-rockchip_armv8/packages/apk-aarch64_generic/kmod-crypto-cmac/prerm-pkg"; ) > /workspaces/openwrt-radxa-rock5b-plus/openwrt/build_dir/target-aarch64_generic_musl/linux-rockchip_armv8/packages/apk-aarch64_generic/kmod-crypto-cmac/pre-deinstall;
[ ! -f /workspaces/openwrt-radxa-rock5b-plus/openwrt/build_dir/target-aarch64_generic_musl/linux-rockchip_armv8/packages/apk-aarch64_generic/kmod-crypto-cmac/postrm ] || sed -zi 's/^\s*#!/#!/' "/workspaces/openwrt-radxa-rock5b-plus/openwrt/build_dir/target-aarch64_generic_musl/linux-rockchip_armv8/packages/apk-aarch64_generic/kmod-crypto-cmac/postrm";
if [ -n "" ]; then echo  > /workspaces/openwrt-radxa-rock5b-plus/openwrt/build_dir/target-aarch64_generic_musl/linux-rockchip_armv8/packages/ipkg-aarch64_generic/kmod-crypto-cmac/lib/apk/packages/kmod-crypto-cmac.rusers; fi;
if [ -n "" ]; then echo  > /workspaces/openwrt-radxa-rock5b-plus/openwrt/build_dir/target-aarch64_generic_musl/linux-rockchip_armv8/packages/ipkg-aarch64_generic/kmod-crypto-cmac/lib/apk/packages/kmod-crypto-cmac.alternatives; fi;
(cd /workspaces/openwrt-radxa-rock5b-plus/openwrt/build_dir/target-aarch64_generic_musl/linux-rockchip_armv8/packages/ipkg-aarch64_generic/kmod-crypto-cmac && find . -type f,l -printf "/%P\n" | sort > /workspaces/openwrt-radxa-rock5b-plus/openwrt/tmp/kmod-crypto-cmac.list && mv /workspaces/openwrt-radxa-rock5b-plus/openwrt/tmp/kmod-crypto-cmac.list /workspaces/openwrt-radxa-rock5b-plus/openwrt/build_dir/target-aarch64_generic_musl/linux-rockchip_armv8/packages/ipkg-aarch64_generic/kmod-crypto-cmac/lib/apk/packages/kmod-crypto-cmac.list)
# Move conffiles to IDIR and build conffiles_static with csums
if [ -f /workspaces/openwrt-radxa-rock5b-plus/openwrt/build_dir/target-aarch64_generic_musl/linux-rockchip_armv8/packages/apk-aarch64_generic/kmod-crypto-cmac/conffiles ]; then mv -f /workspaces/openwrt-radxa-rock5b-plus/openwrt/build_dir/target-aarch64_generic_musl/linux-rockchip_armv8/packages/apk-aarch64_generic/kmod-crypto-cmac/conffiles /workspaces/openwrt-radxa-rock5b-plus/openwrt/build_dir/target-aarch64_generic_musl/linux-rockchip_armv8/packages/ipkg-aarch64_generic/kmod-crypto-cmac/lib/apk/packages/kmod-crypto-cmac.conffiles; for file in $(cat /workspaces/openwrt-radxa-rock5b-plus/openwrt/build_dir/target-aarch64_generic_musl/linux-rockchip_armv8/packages/ipkg-aarch64_generic/kmod-crypto-cmac/lib/apk/packages/kmod-crypto-cmac.conffiles); do [ -f /workspaces/openwrt-radxa-rock5b-plus/openwrt/build_dir/target-aarch64_generic_musl/linux-rockchip_armv8/packages/ipkg-aarch64_generic/kmod-crypto-cmac/$file ] || continue; csum=$(/workspaces/openwrt-radxa-rock5b-plus/openwrt/staging_dir/host/bin/mkhash sha256 /workspaces/openwrt-radxa-rock5b-plus/openwrt/build_dir/target-aarch64_generic_musl/linux-rockchip_armv8/packages/ipkg-aarch64_generic/kmod-crypto-cmac/$file); echo $file $csum >> /workspaces/openwrt-radxa-rock5b-plus/openwrt/build_dir/target-aarch64_generic_musl/linux-rockchip_armv8/packages/ipkg-aarch64_generic/kmod-crypto-cmac/lib/apk/packages/kmod-crypto-cmac.conffiles_static; done; fi
# Some package (base-files) manually append stuff to conffiles
# Append stuff from it and delete the CONTROL directory since everything else should be migrated
if [ -f /workspaces/openwrt-radxa-rock5b-plus/openwrt/build_dir/target-aarch64_generic_musl/linux-rockchip_armv8/packages/ipkg-aarch64_generic/kmod-crypto-cmac/CONTROL/conffiles ]; then echo $(IDIR_kmod-crypto-cmac)/CONTROL/conffiles >> /workspaces/openwrt-radxa-rock5b-plus/openwrt/build_dir/target-aarch64_generic_musl/linux-rockchip_armv8/packages/ipkg-aarch64_generic/kmod-crypto-cmac/lib/apk/packages/kmod-crypto-cmac.conffiles; for file in $(cat /workspaces/openwrt-radxa-rock5b-plus/openwrt/build_dir/target-aarch64_generic_musl/linux-rockchip_armv8/packages/ipkg-aarch64_generic/kmod-crypto-cmac/CONTROL/conffiles); do [ -f /workspaces/openwrt-radxa-rock5b-plus/openwrt/build_dir/target-aarch64_generic_musl/linux-rockchip_armv8/packages/ipkg-aarch64_generic/kmod-crypto-cmac/$file ] || continue; csum=$(/workspaces/openwrt-radxa-rock5b-plus/openwrt/staging_dir/host/bin/mkhash sha256 /workspaces/openwrt-radxa-rock5b-plus/openwrt/build_dir/target-aarch64_generic_musl/linux-rockchip_armv8/packages/ipkg-aarch64_generic/kmod-crypto-cmac/$file); echo $file $csum >> /workspaces/openwrt-radxa-rock5b-plus/openwrt/build_dir/target-aarch64_generic_musl/linux-rockchip_armv8/packages/ipkg-aarch64_generic/kmod-crypto-cmac/lib/apk/packages/kmod-crypto-cmac.conffiles_static; done; rm -rf /workspaces/openwrt-radxa-rock5b-plus/openwrt/build_dir/target-aarch64_generic_musl/linux-rockchip_armv8/packages/ipkg-aarch64_generic/kmod-crypto-cmac/CONTROL/conffiles; fi
if [ -z "$(ls -A /workspaces/openwrt-radxa-rock5b-plus/openwrt/build_dir/target-aarch64_generic_musl/linux-rockchip_armv8/packages/ipkg-aarch64_generic/kmod-crypto-cmac/CONTROL 2>/dev/null)" ]; then rm -rf /workspaces/openwrt-radxa-rock5b-plus/openwrt/build_dir/target-aarch64_generic_musl/linux-rockchip_armv8/packages/ipkg-aarch64_generic/kmod-crypto-cmac/CONTROL; else echo "CONTROL directory /workspaces/openwrt-radxa-rock5b-plus/openwrt/build_dir/target-aarch64_generic_musl/linux-rockchip_armv8/packages/ipkg-aarch64_generic/kmod-crypto-cmac/CONTROL is not empty! This is not right and should be checked!" >&2; exit 1; fi
/workspaces/openwrt-radxa-rock5b-plus/openwrt/staging_dir/host/bin/fakeroot /workspaces/openwrt-radxa-rock5b-plus/openwrt/staging_dir/host/bin/apk mkpkg --info "name:kmod-crypto-cmac" --info "version:6.12.45-r1"  --info "description:Support for Cipher-based Message Authentication Code (CMAC)" --info "arch:aarch64_generic" --info "license:GPL-2.0-only" --info "origin:feeds/base/kernel/linux" --info "url:" --info "maintainer:" --info "provides:"  --script "post-install:/workspaces/openwrt-radxa-rock5b-plus/openwrt/build_dir/target-aarch64_generic_musl/linux-rockchip_armv8/packages/apk-aarch64_generic/kmod-crypto-cmac/post-install" --script "post-upgrade:/workspaces/openwrt-radxa-rock5b-plus/openwrt/build_dir/target-aarch64_generic_musl/linux-rockchip_armv8/packages/apk-aarch64_generic/kmod-crypto-cmac/post-upgrade" --script "pre-deinstall:/workspaces/openwrt-radxa-rock5b-plus/openwrt/build_dir/target-aarch64_generic_musl/linux-rockchip_armv8/packages/apk-aarch64_generic/kmod-crypto-cmac/pre-deinstall" --info "depends:kernel=6.12.45~bfdb4691414eb2d33b0186227f6f0e2d-r1 kmod-crypto-hash" --files "/workspaces/openwrt-radxa-rock5b-plus/openwrt/build_dir/target-aarch64_generic_musl/linux-rockchip_armv8/packages/ipkg-aarch64_generic/kmod-crypto-cmac" --output "/workspaces/openwrt-radxa-rock5b-plus/openwrt/bin/targets/rockchip/armv8/packages/kmod-crypto-cmac-6.12.45-r1.apk" --sign "/workspaces/openwrt-radxa-rock5b-plus/openwrt/private-key.pem"
[ -f /workspaces/openwrt-radxa-rock5b-plus/openwrt/bin/targets/rockchip/armv8/packages/kmod-crypto-cmac-6.12.45-r1.apk ]
removed '/workspaces/openwrt-radxa-rock5b-plus/openwrt/bin/targets/rockchip/armv8/packages/kmod-crypto-cmac-6.12.45-r1.apk'
rstrip.sh: /workspaces/openwrt-radxa-rock5b-plus/openwrt/build_dir/target-aarch64_generic_musl/linux-rockchip_armv8/packages/ipkg-aarch64_generic/kmod-crypto-cmac/lib/modules/6.12.45/cmac.ko: relocatable
rm -rf /workspaces/openwrt-radxa-rock5b-plus/openwrt/build_dir/target-aarch64_generic_musl/linux-rockchip_armv8/packages/ipkg-aarch64_generic/kmod-crypto-crc32c
/workspaces/openwrt-radxa-rock5b-plus/openwrt/scripts/ipkg-remove kmod-crypto-crc32c /workspaces/openwrt-radxa-rock5b-plus/openwrt/bin/targets/rockchip/armv8/packages/kmod-crypto-crc32c-6.12.45-r1.apk
mkdir -p /workspaces/openwrt-radxa-rock5b-plus/openwrt/bin/targets/rockchip/armv8/packages /workspaces/openwrt-radxa-rock5b-plus/openwrt/build_dir/target-aarch64_generic_musl/linux-rockchip_armv8/packages/ipkg-aarch64_generic/kmod-crypto-crc32c /workspaces/openwrt-radxa-rock5b-plus/openwrt/staging_dir/target-aarch64_generic_musl/pkginfo
for mod in /workspaces/openwrt-radxa-rock5b-plus/openwrt/build_dir/target-aarch64_generic_musl/linux-rockchip_armv8/linux-6.12.45/crypto/crc32c_generic.ko; do if grep -q "${mod##/workspaces/openwrt-radxa-rock5b-plus/openwrt/build_dir/target-aarch64_generic_musl/linux-rockchip_armv8/linux-6.12.45/}" "/workspaces/openwrt-radxa-rock5b-plus/openwrt/build_dir/target-aarch64_generic_musl/linux-rockchip_armv8/linux-6.12.45/modules.builtin"; then echo "NOTICE: module '$mod' is built-in."; elif [ -e $mod ]; then mkdir -p /workspaces/openwrt-radxa-rock5b-plus/openwrt/build_dir/target-aarch64_generic_musl/linux-rockchip_armv8/packages/ipkg-aarch64_generic/kmod-crypto-crc32c/lib/modules/6.12.45 ; cp -fpR -L $mod /workspaces/openwrt-radxa-rock5b-plus/openwrt/build_dir/target-aarch64_generic_musl/linux-rockchip_armv8/packages/ipkg-aarch64_generic/kmod-crypto-crc32c/lib/modules/6.12.45/ ; else echo "ERROR: module '$mod' is missing." >&2; exit 1; fi; done;
mkdir -p /workspaces/openwrt-radxa-rock5b-plus/openwrt/build_dir/target-aarch64_generic_musl/linux-rockchip_armv8/packages/ipkg-aarch64_generic/kmod-crypto-crc32c/etc/modules.d; ( echo "crc32c_generic"; ) > /workspaces/openwrt-radxa-rock5b-plus/openwrt/build_dir/target-aarch64_generic_musl/linux-rockchip_armv8/packages/ipkg-aarch64_generic/kmod-crypto-crc32c/etc/modules.d/04-crypto-crc32c;  mkdir -p /workspaces/openwrt-radxa-rock5b-plus/openwrt/build_dir/target-aarch64_generic_musl/linux-rockchip_armv8/packages/ipkg-aarch64_generic/kmod-crypto-crc32c/etc/modules-boot.d; ln -sf ../modules.d/04-crypto-crc32c /workspaces/openwrt-radxa-rock5b-plus/openwrt/build_dir/target-aarch64_generic_musl/linux-rockchip_armv8/packages/ipkg-aarch64_generic/kmod-crypto-crc32c/etc/modules-boot.d/;



find /workspaces/openwrt-radxa-rock5b-plus/openwrt/build_dir/target-aarch64_generic_musl/linux-rockchip_armv8/packages/ipkg-aarch64_generic/kmod-crypto-crc32c -name 'CVS' -o -name '.svn' -o -name '.#*' -o -name '*~'| xargs -r rm -rf
( find /workspaces/openwrt-radxa-rock5b-plus/openwrt/build_dir/target-aarch64_generic_musl/linux-rockchip_armv8/packages/ipkg-aarch64_generic/kmod-crypto-crc32c -name lib\*.so\* -or -name \*.ko | awk -F/ '{ print $NF }'; for file in /workspaces/openwrt-radxa-rock5b-plus/openwrt/staging_dir/target-aarch64_generic_musl/pkginfo/kmod-crypto-hash.provides; do if [ -f "$file" ]; then cat $file; fi; done;  ) | sort -u > /workspaces/openwrt-radxa-rock5b-plus/openwrt/staging_dir/target-aarch64_generic_musl/pkginfo/kmod-crypto-crc32c.provides

( rm -f /workspaces/openwrt-radxa-rock5b-plus/openwrt/staging_dir/target-aarch64_generic_musl/pkginfo/kmod-crypto-crc32c.missing; ( export READELF=aarch64-openwrt-linux-musl-readelf OBJCOPY=aarch64-openwrt-linux-musl-objcopy XARGS="xargs -r"; /workspaces/openwrt-radxa-rock5b-plus/openwrt/scripts/gen-dependencies.sh "/workspaces/openwrt-radxa-rock5b-plus/openwrt/build_dir/target-aarch64_generic_musl/linux-rockchip_armv8/packages/ipkg-aarch64_generic/kmod-crypto-crc32c"; ) | while read FILE; do grep -qxF "$FILE" /workspaces/openwrt-radxa-rock5b-plus/openwrt/staging_dir/target-aarch64_generic_musl/pkginfo/kmod-crypto-crc32c.provides || echo "$FILE" >> /workspaces/openwrt-radxa-rock5b-plus/openwrt/staging_dir/target-aarch64_generic_musl/pkginfo/kmod-crypto-crc32c.missing; done; if [ -f "/workspaces/openwrt-radxa-rock5b-plus/openwrt/staging_dir/target-aarch64_generic_musl/pkginfo/kmod-crypto-crc32c.missing" ]; then echo "Package kmod-crypto-crc32c is missing dependencies for the following libraries:" >&2; cat "/workspaces/openwrt-radxa-rock5b-plus/openwrt/staging_dir/target-aarch64_generic_musl/pkginfo/kmod-crypto-crc32c.missing" >&2; false; fi; )
export CROSS="aarch64-openwrt-linux-musl-"  NO_RENAME=1 ; NM="aarch64-openwrt-linux-musl-nm" STRIP="/workspaces/openwrt-radxa-rock5b-plus/openwrt/staging_dir/host/bin/sstrip -z" STRIP_KMOD="/workspaces/openwrt-radxa-rock5b-plus/openwrt/scripts/strip-kmod.sh" PATCHELF="/workspaces/openwrt-radxa-rock5b-plus/openwrt/staging_dir/host/bin/patchelf" /workspaces/openwrt-radxa-rock5b-plus/openwrt/scripts/rstrip.sh /workspaces/openwrt-radxa-rock5b-plus/openwrt/build_dir/target-aarch64_generic_musl/linux-rockchip_armv8/packages/ipkg-aarch64_generic/kmod-crypto-crc32c
install -d -m0755 /workspaces/openwrt-radxa-rock5b-plus/openwrt/bin/targets/rockchip/armv8/packages/tmp
mkdir -p /workspaces/openwrt-radxa-rock5b-plus/openwrt/build_dir/target-aarch64_generic_musl/linux-rockchip_armv8/packages/apk-aarch64_generic/kmod-crypto-crc32c/
mkdir -p /workspaces/openwrt-radxa-rock5b-plus/openwrt/build_dir/target-aarch64_generic_musl/linux-rockchip_armv8/packages/ipkg-aarch64_generic/kmod-crypto-crc32c/lib/apk/packages/
(cd /workspaces/openwrt-radxa-rock5b-plus/openwrt/build_dir/target-aarch64_generic_musl/linux-rockchip_armv8/packages/apk-aarch64_generic/kmod-crypto-crc32c; )
( echo "#!/bin/sh"; echo "[ \"\${IPKG_NO_SCRIPT}\" = \"1\" ] && exit 0"; echo "[ -s "\${IPKG_INSTROOT}/lib/functions.sh" ] || exit 0"; echo ". \${IPKG_INSTROOT}/lib/functions.sh"; echo 'export root="${IPKG_INSTROOT}"'; echo 'export pkgname="kmod-crypto-crc32c"'; echo "add_group_and_user"; echo "default_postinst"; [ ! -f /workspaces/openwrt-radxa-rock5b-plus/openwrt/build_dir/target-aarch64_generic_musl/linux-rockchip_armv8/packages/apk-aarch64_generic/kmod-crypto-crc32c/postinst-pkg ] || sed -z 's/^\s*#!/#!/' "/workspaces/openwrt-radxa-rock5b-plus/openwrt/build_dir/target-aarch64_generic_musl/linux-rockchip_armv8/packages/apk-aarch64_generic/kmod-crypto-crc32c/postinst-pkg"; ) > /workspaces/openwrt-radxa-rock5b-plus/openwrt/build_dir/target-aarch64_generic_musl/linux-rockchip_armv8/packages/apk-aarch64_generic/kmod-crypto-crc32c/post-install;
( echo "#!/bin/sh"; echo 'export PKG_UPGRADE=1'; [ ! -f /workspaces/openwrt-radxa-rock5b-plus/openwrt/build_dir/target-aarch64_generic_musl/linux-rockchip_armv8/packages/apk-aarch64_generic/kmod-crypto-crc32c/post-install ] || sed -z 's/^\s*#!/#!/' "/workspaces/openwrt-radxa-rock5b-plus/openwrt/build_dir/target-aarch64_generic_musl/linux-rockchip_armv8/packages/apk-aarch64_generic/kmod-crypto-crc32c/post-install"; ) > /workspaces/openwrt-radxa-rock5b-plus/openwrt/build_dir/target-aarch64_generic_musl/linux-rockchip_armv8/packages/apk-aarch64_generic/kmod-crypto-crc32c/post-upgrade;
( echo "#!/bin/sh"; echo "[ -s "\${IPKG_INSTROOT}/lib/functions.sh" ] || exit 0"; echo ". \${IPKG_INSTROOT}/lib/functions.sh"; echo 'export root="${IPKG_INSTROOT}"'; echo 'export pkgname="kmod-crypto-crc32c"'; echo "default_prerm"; [ ! -f /workspaces/openwrt-radxa-rock5b-plus/openwrt/build_dir/target-aarch64_generic_musl/linux-rockchip_armv8/packages/apk-aarch64_generic/kmod-crypto-crc32c/prerm-pkg ] || sed -z 's/^\s*#!/#!/' "/workspaces/openwrt-radxa-rock5b-plus/openwrt/build_dir/target-aarch64_generic_musl/linux-rockchip_armv8/packages/apk-aarch64_generic/kmod-crypto-crc32c/prerm-pkg"; ) > /workspaces/openwrt-radxa-rock5b-plus/openwrt/build_dir/target-aarch64_generic_musl/linux-rockchip_armv8/packages/apk-aarch64_generic/kmod-crypto-crc32c/pre-deinstall;
[ ! -f /workspaces/openwrt-radxa-rock5b-plus/openwrt/build_dir/target-aarch64_generic_musl/linux-rockchip_armv8/packages/apk-aarch64_generic/kmod-crypto-crc32c/postrm ] || sed -zi 's/^\s*#!/#!/' "/workspaces/openwrt-radxa-rock5b-plus/openwrt/build_dir/target-aarch64_generic_musl/linux-rockchip_armv8/packages/apk-aarch64_generic/kmod-crypto-crc32c/postrm";
if [ -n "" ]; then echo  > /workspaces/openwrt-radxa-rock5b-plus/openwrt/build_dir/target-aarch64_generic_musl/linux-rockchip_armv8/packages/ipkg-aarch64_generic/kmod-crypto-crc32c/lib/apk/packages/kmod-crypto-crc32c.rusers; fi;
if [ -n "" ]; then echo  > /workspaces/openwrt-radxa-rock5b-plus/openwrt/build_dir/target-aarch64_generic_musl/linux-rockchip_armv8/packages/ipkg-aarch64_generic/kmod-crypto-crc32c/lib/apk/packages/kmod-crypto-crc32c.alternatives; fi;
(cd /workspaces/openwrt-radxa-rock5b-plus/openwrt/build_dir/target-aarch64_generic_musl/linux-rockchip_armv8/packages/ipkg-aarch64_generic/kmod-crypto-crc32c && find . -type f,l -printf "/%P\n" | sort > /workspaces/openwrt-radxa-rock5b-plus/openwrt/tmp/kmod-crypto-crc32c.list && mv /workspaces/openwrt-radxa-rock5b-plus/openwrt/tmp/kmod-crypto-crc32c.list /workspaces/openwrt-radxa-rock5b-plus/openwrt/build_dir/target-aarch64_generic_musl/linux-rockchip_armv8/packages/ipkg-aarch64_generic/kmod-crypto-crc32c/lib/apk/packages/kmod-crypto-crc32c.list)
# Move conffiles to IDIR and build conffiles_static with csums
if [ -f /workspaces/openwrt-radxa-rock5b-plus/openwrt/build_dir/target-aarch64_generic_musl/linux-rockchip_armv8/packages/apk-aarch64_generic/kmod-crypto-crc32c/conffiles ]; then mv -f /workspaces/openwrt-radxa-rock5b-plus/openwrt/build_dir/target-aarch64_generic_musl/linux-rockchip_armv8/packages/apk-aarch64_generic/kmod-crypto-crc32c/conffiles /workspaces/openwrt-radxa-rock5b-plus/openwrt/build_dir/target-aarch64_generic_musl/linux-rockchip_armv8/packages/ipkg-aarch64_generic/kmod-crypto-crc32c/lib/apk/packages/kmod-crypto-crc32c.conffiles; for file in $(cat /workspaces/openwrt-radxa-rock5b-plus/openwrt/build_dir/target-aarch64_generic_musl/linux-rockchip_armv8/packages/ipkg-aarch64_generic/kmod-crypto-crc32c/lib/apk/packages/kmod-crypto-crc32c.conffiles); do [ -f /workspaces/openwrt-radxa-rock5b-plus/openwrt/build_dir/target-aarch64_generic_musl/linux-rockchip_armv8/packages/ipkg-aarch64_generic/kmod-crypto-crc32c/$file ] || continue; csum=$(/workspaces/openwrt-radxa-rock5b-plus/openwrt/staging_dir/host/bin/mkhash sha256 /workspaces/openwrt-radxa-rock5b-plus/openwrt/build_dir/target-aarch64_generic_musl/linux-rockchip_armv8/packages/ipkg-aarch64_generic/kmod-crypto-crc32c/$file); echo $file $csum >> /workspaces/openwrt-radxa-rock5b-plus/openwrt/build_dir/target-aarch64_generic_musl/linux-rockchip_armv8/packages/ipkg-aarch64_generic/kmod-crypto-crc32c/lib/apk/packages/kmod-crypto-crc32c.conffiles_static; done; fi
# Some package (base-files) manually append stuff to conffiles
# Append stuff from it and delete the CONTROL directory since everything else should be migrated
if [ -f /workspaces/openwrt-radxa-rock5b-plus/openwrt/build_dir/target-aarch64_generic_musl/linux-rockchip_armv8/packages/ipkg-aarch64_generic/kmod-crypto-crc32c/CONTROL/conffiles ]; then echo $(IDIR_kmod-crypto-crc32c)/CONTROL/conffiles >> /workspaces/openwrt-radxa-rock5b-plus/openwrt/build_dir/target-aarch64_generic_musl/linux-rockchip_armv8/packages/ipkg-aarch64_generic/kmod-crypto-crc32c/lib/apk/packages/kmod-crypto-crc32c.conffiles; for file in $(cat /workspaces/openwrt-radxa-rock5b-plus/openwrt/build_dir/target-aarch64_generic_musl/linux-rockchip_armv8/packages/ipkg-aarch64_generic/kmod-crypto-crc32c/CONTROL/conffiles); do [ -f /workspaces/openwrt-radxa-rock5b-plus/openwrt/build_dir/target-aarch64_generic_musl/linux-rockchip_armv8/packages/ipkg-aarch64_generic/kmod-crypto-crc32c/$file ] || continue; csum=$(/workspaces/openwrt-radxa-rock5b-plus/openwrt/staging_dir/host/bin/mkhash sha256 /workspaces/openwrt-radxa-rock5b-plus/openwrt/build_dir/target-aarch64_generic_musl/linux-rockchip_armv8/packages/ipkg-aarch64_generic/kmod-crypto-crc32c/$file); echo $file $csum >> /workspaces/openwrt-radxa-rock5b-plus/openwrt/build_dir/target-aarch64_generic_musl/linux-rockchip_armv8/packages/ipkg-aarch64_generic/kmod-crypto-crc32c/lib/apk/packages/kmod-crypto-crc32c.conffiles_static; done; rm -rf /workspaces/openwrt-radxa-rock5b-plus/openwrt/build_dir/target-aarch64_generic_musl/linux-rockchip_armv8/packages/ipkg-aarch64_generic/kmod-crypto-crc32c/CONTROL/conffiles; fi
if [ -z "$(ls -A /workspaces/openwrt-radxa-rock5b-plus/openwrt/build_dir/target-aarch64_generic_musl/linux-rockchip_armv8/packages/ipkg-aarch64_generic/kmod-crypto-crc32c/CONTROL 2>/dev/null)" ]; then rm -rf /workspaces/openwrt-radxa-rock5b-plus/openwrt/build_dir/target-aarch64_generic_musl/linux-rockchip_armv8/packages/ipkg-aarch64_generic/kmod-crypto-crc32c/CONTROL; else echo "CONTROL directory /workspaces/openwrt-radxa-rock5b-plus/openwrt/build_dir/target-aarch64_generic_musl/linux-rockchip_armv8/packages/ipkg-aarch64_generic/kmod-crypto-crc32c/CONTROL is not empty! This is not right and should be checked!" >&2; exit 1; fi
/workspaces/openwrt-radxa-rock5b-plus/openwrt/staging_dir/host/bin/fakeroot /workspaces/openwrt-radxa-rock5b-plus/openwrt/staging_dir/host/bin/apk mkpkg --info "name:kmod-crypto-crc32c" --info "version:6.12.45-r1"  --info "description:CRC32c CRC module" --info "arch:aarch64_generic" --info "license:GPL-2.0-only" --info "origin:feeds/base/kernel/linux" --info "url:" --info "maintainer:" --info "provides:"  --script "post-install:/workspaces/openwrt-radxa-rock5b-plus/openwrt/build_dir/target-aarch64_generic_musl/linux-rockchip_armv8/packages/apk-aarch64_generic/kmod-crypto-crc32c/post-install" --script "post-upgrade:/workspaces/openwrt-radxa-rock5b-plus/openwrt/build_dir/target-aarch64_generic_musl/linux-rockchip_armv8/packages/apk-aarch64_generic/kmod-crypto-crc32c/post-upgrade" --script "pre-deinstall:/workspaces/openwrt-radxa-rock5b-plus/openwrt/build_dir/target-aarch64_generic_musl/linux-rockchip_armv8/packages/apk-aarch64_generic/kmod-crypto-crc32c/pre-deinstall" --info "depends:kernel=6.12.45~bfdb4691414eb2d33b0186227f6f0e2d-r1 kmod-crypto-hash" --files "/workspaces/openwrt-radxa-rock5b-plus/openwrt/build_dir/target-aarch64_generic_musl/linux-rockchip_armv8/packages/ipkg-aarch64_generic/kmod-crypto-crc32c" --output "/workspaces/openwrt-radxa-rock5b-plus/openwrt/bin/targets/rockchip/armv8/packages/kmod-crypto-crc32c-6.12.45-r1.apk" --sign "/workspaces/openwrt-radxa-rock5b-plus/openwrt/private-key.pem"
[ -f /workspaces/openwrt-radxa-rock5b-plus/openwrt/bin/targets/rockchip/armv8/packages/kmod-crypto-crc32c-6.12.45-r1.apk ]
removed '/workspaces/openwrt-radxa-rock5b-plus/openwrt/bin/targets/rockchip/armv8/packages/kmod-crypto-crc32c-6.12.45-r1.apk'
NOTICE: module '/workspaces/openwrt-radxa-rock5b-plus/openwrt/build_dir/target-aarch64_generic_musl/linux-rockchip_armv8/linux-6.12.45/crypto/crc32c_generic.ko' is built-in.
rm -rf /workspaces/openwrt-radxa-rock5b-plus/openwrt/build_dir/target-aarch64_generic_musl/linux-rockchip_armv8/packages/ipkg-aarch64_generic/kmod-crypto-gf128
/workspaces/openwrt-radxa-rock5b-plus/openwrt/scripts/ipkg-remove kmod-crypto-gf128 /workspaces/openwrt-radxa-rock5b-plus/openwrt/bin/targets/rockchip/armv8/packages/kmod-crypto-gf128-6.12.45-r1.apk
mkdir -p /workspaces/openwrt-radxa-rock5b-plus/openwrt/bin/targets/rockchip/armv8/packages /workspaces/openwrt-radxa-rock5b-plus/openwrt/build_dir/target-aarch64_generic_musl/linux-rockchip_armv8/packages/ipkg-aarch64_generic/kmod-crypto-gf128 /workspaces/openwrt-radxa-rock5b-plus/openwrt/staging_dir/target-aarch64_generic_musl/pkginfo
for mod in /workspaces/openwrt-radxa-rock5b-plus/openwrt/build_dir/target-aarch64_generic_musl/linux-rockchip_armv8/linux-6.12.45/lib/crypto/gf128mul.ko; do if grep -q "${mod##/workspaces/openwrt-radxa-rock5b-plus/openwrt/build_dir/target-aarch64_generic_musl/linux-rockchip_armv8/linux-6.12.45/}" "/workspaces/openwrt-radxa-rock5b-plus/openwrt/build_dir/target-aarch64_generic_musl/linux-rockchip_armv8/linux-6.12.45/modules.builtin"; then echo "NOTICE: module '$mod' is built-in."; elif [ -e $mod ]; then mkdir -p /workspaces/openwrt-radxa-rock5b-plus/openwrt/build_dir/target-aarch64_generic_musl/linux-rockchip_armv8/packages/ipkg-aarch64_generic/kmod-crypto-gf128/lib/modules/6.12.45 ; cp -fpR -L $mod /workspaces/openwrt-radxa-rock5b-plus/openwrt/build_dir/target-aarch64_generic_musl/linux-rockchip_armv8/packages/ipkg-aarch64_generic/kmod-crypto-gf128/lib/modules/6.12.45/ ; else echo "ERROR: module '$mod' is missing." >&2; exit 1; fi; done;
mkdir -p /workspaces/openwrt-radxa-rock5b-plus/openwrt/build_dir/target-aarch64_generic_musl/linux-rockchip_armv8/packages/ipkg-aarch64_generic/kmod-crypto-gf128/etc/modules.d; ( echo "gf128mul"; ) > /workspaces/openwrt-radxa-rock5b-plus/openwrt/build_dir/target-aarch64_generic_musl/linux-rockchip_armv8/packages/ipkg-aarch64_generic/kmod-crypto-gf128/etc/modules.d/09-crypto-gf128; 



find /workspaces/openwrt-radxa-rock5b-plus/openwrt/build_dir/target-aarch64_generic_musl/linux-rockchip_armv8/packages/ipkg-aarch64_generic/kmod-crypto-gf128 -name 'CVS' -o -name '.svn' -o -name '.#*' -o -name '*~'| xargs -r rm -rf
( find /workspaces/openwrt-radxa-rock5b-plus/openwrt/build_dir/target-aarch64_generic_musl/linux-rockchip_armv8/packages/ipkg-aarch64_generic/kmod-crypto-gf128 -name lib\*.so\* -or -name \*.ko | awk -F/ '{ print $NF }'; for file in ; do if [ -f "$file" ]; then cat $file; fi; done;  ) | sort -u > /workspaces/openwrt-radxa-rock5b-plus/openwrt/staging_dir/target-aarch64_generic_musl/pkginfo/kmod-crypto-gf128.provides

( rm -f /workspaces/openwrt-radxa-rock5b-plus/openwrt/staging_dir/target-aarch64_generic_musl/pkginfo/kmod-crypto-gf128.missing; ( export READELF=aarch64-openwrt-linux-musl-readelf OBJCOPY=aarch64-openwrt-linux-musl-objcopy XARGS="xargs -r"; /workspaces/openwrt-radxa-rock5b-plus/openwrt/scripts/gen-dependencies.sh "/workspaces/openwrt-radxa-rock5b-plus/openwrt/build_dir/target-aarch64_generic_musl/linux-rockchip_armv8/packages/ipkg-aarch64_generic/kmod-crypto-gf128"; ) | while read FILE; do grep -qxF "$FILE" /workspaces/openwrt-radxa-rock5b-plus/openwrt/staging_dir/target-aarch64_generic_musl/pkginfo/kmod-crypto-gf128.provides || echo "$FILE" >> /workspaces/openwrt-radxa-rock5b-plus/openwrt/staging_dir/target-aarch64_generic_musl/pkginfo/kmod-crypto-gf128.missing; done; if [ -f "/workspaces/openwrt-radxa-rock5b-plus/openwrt/staging_dir/target-aarch64_generic_musl/pkginfo/kmod-crypto-gf128.missing" ]; then echo "Package kmod-crypto-gf128 is missing dependencies for the following libraries:" >&2; cat "/workspaces/openwrt-radxa-rock5b-plus/openwrt/staging_dir/target-aarch64_generic_musl/pkginfo/kmod-crypto-gf128.missing" >&2; false; fi; )
export CROSS="aarch64-openwrt-linux-musl-"  NO_RENAME=1 ; NM="aarch64-openwrt-linux-musl-nm" STRIP="/workspaces/openwrt-radxa-rock5b-plus/openwrt/staging_dir/host/bin/sstrip -z" STRIP_KMOD="/workspaces/openwrt-radxa-rock5b-plus/openwrt/scripts/strip-kmod.sh" PATCHELF="/workspaces/openwrt-radxa-rock5b-plus/openwrt/staging_dir/host/bin/patchelf" /workspaces/openwrt-radxa-rock5b-plus/openwrt/scripts/rstrip.sh /workspaces/openwrt-radxa-rock5b-plus/openwrt/build_dir/target-aarch64_generic_musl/linux-rockchip_armv8/packages/ipkg-aarch64_generic/kmod-crypto-gf128
install -d -m0755 /workspaces/openwrt-radxa-rock5b-plus/openwrt/bin/targets/rockchip/armv8/packages/tmp
mkdir -p /workspaces/openwrt-radxa-rock5b-plus/openwrt/build_dir/target-aarch64_generic_musl/linux-rockchip_armv8/packages/apk-aarch64_generic/kmod-crypto-gf128/
mkdir -p /workspaces/openwrt-radxa-rock5b-plus/openwrt/build_dir/target-aarch64_generic_musl/linux-rockchip_armv8/packages/ipkg-aarch64_generic/kmod-crypto-gf128/lib/apk/packages/
(cd /workspaces/openwrt-radxa-rock5b-plus/openwrt/build_dir/target-aarch64_generic_musl/linux-rockchip_armv8/packages/apk-aarch64_generic/kmod-crypto-gf128; )
( echo "#!/bin/sh"; echo "[ \"\${IPKG_NO_SCRIPT}\" = \"1\" ] && exit 0"; echo "[ -s "\${IPKG_INSTROOT}/lib/functions.sh" ] || exit 0"; echo ". \${IPKG_INSTROOT}/lib/functions.sh"; echo 'export root="${IPKG_INSTROOT}"'; echo 'export pkgname="kmod-crypto-gf128"'; echo "add_group_and_user"; echo "default_postinst"; [ ! -f /workspaces/openwrt-radxa-rock5b-plus/openwrt/build_dir/target-aarch64_generic_musl/linux-rockchip_armv8/packages/apk-aarch64_generic/kmod-crypto-gf128/postinst-pkg ] || sed -z 's/^\s*#!/#!/' "/workspaces/openwrt-radxa-rock5b-plus/openwrt/build_dir/target-aarch64_generic_musl/linux-rockchip_armv8/packages/apk-aarch64_generic/kmod-crypto-gf128/postinst-pkg"; ) > /workspaces/openwrt-radxa-rock5b-plus/openwrt/build_dir/target-aarch64_generic_musl/linux-rockchip_armv8/packages/apk-aarch64_generic/kmod-crypto-gf128/post-install;
( echo "#!/bin/sh"; echo 'export PKG_UPGRADE=1'; [ ! -f /workspaces/openwrt-radxa-rock5b-plus/openwrt/build_dir/target-aarch64_generic_musl/linux-rockchip_armv8/packages/apk-aarch64_generic/kmod-crypto-gf128/post-install ] || sed -z 's/^\s*#!/#!/' "/workspaces/openwrt-radxa-rock5b-plus/openwrt/build_dir/target-aarch64_generic_musl/linux-rockchip_armv8/packages/apk-aarch64_generic/kmod-crypto-gf128/post-install"; ) > /workspaces/openwrt-radxa-rock5b-plus/openwrt/build_dir/target-aarch64_generic_musl/linux-rockchip_armv8/packages/apk-aarch64_generic/kmod-crypto-gf128/post-upgrade;
( echo "#!/bin/sh"; echo "[ -s "\${IPKG_INSTROOT}/lib/functions.sh" ] || exit 0"; echo ". \${IPKG_INSTROOT}/lib/functions.sh"; echo 'export root="${IPKG_INSTROOT}"'; echo 'export pkgname="kmod-crypto-gf128"'; echo "default_prerm"; [ ! -f /workspaces/openwrt-radxa-rock5b-plus/openwrt/build_dir/target-aarch64_generic_musl/linux-rockchip_armv8/packages/apk-aarch64_generic/kmod-crypto-gf128/prerm-pkg ] || sed -z 's/^\s*#!/#!/' "/workspaces/openwrt-radxa-rock5b-plus/openwrt/build_dir/target-aarch64_generic_musl/linux-rockchip_armv8/packages/apk-aarch64_generic/kmod-crypto-gf128/prerm-pkg"; ) > /workspaces/openwrt-radxa-rock5b-plus/openwrt/build_dir/target-aarch64_generic_musl/linux-rockchip_armv8/packages/apk-aarch64_generic/kmod-crypto-gf128/pre-deinstall;
[ ! -f /workspaces/openwrt-radxa-rock5b-plus/openwrt/build_dir/target-aarch64_generic_musl/linux-rockchip_armv8/packages/apk-aarch64_generic/kmod-crypto-gf128/postrm ] || sed -zi 's/^\s*#!/#!/' "/workspaces/openwrt-radxa-rock5b-plus/openwrt/build_dir/target-aarch64_generic_musl/linux-rockchip_armv8/packages/apk-aarch64_generic/kmod-crypto-gf128/postrm";
if [ -n "" ]; then echo  > /workspaces/openwrt-radxa-rock5b-plus/openwrt/build_dir/target-aarch64_generic_musl/linux-rockchip_armv8/packages/ipkg-aarch64_generic/kmod-crypto-gf128/lib/apk/packages/kmod-crypto-gf128.rusers; fi;
if [ -n "" ]; then echo  > /workspaces/openwrt-radxa-rock5b-plus/openwrt/build_dir/target-aarch64_generic_musl/linux-rockchip_armv8/packages/ipkg-aarch64_generic/kmod-crypto-gf128/lib/apk/packages/kmod-crypto-gf128.alternatives; fi;
(cd /workspaces/openwrt-radxa-rock5b-plus/openwrt/build_dir/target-aarch64_generic_musl/linux-rockchip_armv8/packages/ipkg-aarch64_generic/kmod-crypto-gf128 && find . -type f,l -printf "/%P\n" | sort > /workspaces/openwrt-radxa-rock5b-plus/openwrt/tmp/kmod-crypto-gf128.list && mv /workspaces/openwrt-radxa-rock5b-plus/openwrt/tmp/kmod-crypto-gf128.list /workspaces/openwrt-radxa-rock5b-plus/openwrt/build_dir/target-aarch64_generic_musl/linux-rockchip_armv8/packages/ipkg-aarch64_generic/kmod-crypto-gf128/lib/apk/packages/kmod-crypto-gf128.list)
# Move conffiles to IDIR and build conffiles_static with csums
if [ -f /workspaces/openwrt-radxa-rock5b-plus/openwrt/build_dir/target-aarch64_generic_musl/linux-rockchip_armv8/packages/apk-aarch64_generic/kmod-crypto-gf128/conffiles ]; then mv -f /workspaces/openwrt-radxa-rock5b-plus/openwrt/build_dir/target-aarch64_generic_musl/linux-rockchip_armv8/packages/apk-aarch64_generic/kmod-crypto-gf128/conffiles /workspaces/openwrt-radxa-rock5b-plus/openwrt/build_dir/target-aarch64_generic_musl/linux-rockchip_armv8/packages/ipkg-aarch64_generic/kmod-crypto-gf128/lib/apk/packages/kmod-crypto-gf128.conffiles; for file in $(cat /workspaces/openwrt-radxa-rock5b-plus/openwrt/build_dir/target-aarch64_generic_musl/linux-rockchip_armv8/packages/ipkg-aarch64_generic/kmod-crypto-gf128/lib/apk/packages/kmod-crypto-gf128.conffiles); do [ -f /workspaces/openwrt-radxa-rock5b-plus/openwrt/build_dir/target-aarch64_generic_musl/linux-rockchip_armv8/packages/ipkg-aarch64_generic/kmod-crypto-gf128/$file ] || continue; csum=$(/workspaces/openwrt-radxa-rock5b-plus/openwrt/staging_dir/host/bin/mkhash sha256 /workspaces/openwrt-radxa-rock5b-plus/openwrt/build_dir/target-aarch64_generic_musl/linux-rockchip_armv8/packages/ipkg-aarch64_generic/kmod-crypto-gf128/$file); echo $file $csum >> /workspaces/openwrt-radxa-rock5b-plus/openwrt/build_dir/target-aarch64_generic_musl/linux-rockchip_armv8/packages/ipkg-aarch64_generic/kmod-crypto-gf128/lib/apk/packages/kmod-crypto-gf128.conffiles_static; done; fi
# Some package (base-files) manually append stuff to conffiles
# Append stuff from it and delete the CONTROL directory since everything else should be migrated
if [ -f /workspaces/openwrt-radxa-rock5b-plus/openwrt/build_dir/target-aarch64_generic_musl/linux-rockchip_armv8/packages/ipkg-aarch64_generic/kmod-crypto-gf128/CONTROL/conffiles ]; then echo $(IDIR_kmod-crypto-gf128)/CONTROL/conffiles >> /workspaces/openwrt-radxa-rock5b-plus/openwrt/build_dir/target-aarch64_generic_musl/linux-rockchip_armv8/packages/ipkg-aarch64_generic/kmod-crypto-gf128/lib/apk/packages/kmod-crypto-gf128.conffiles; for file in $(cat /workspaces/openwrt-radxa-rock5b-plus/openwrt/build_dir/target-aarch64_generic_musl/linux-rockchip_armv8/packages/ipkg-aarch64_generic/kmod-crypto-gf128/CONTROL/conffiles); do [ -f /workspaces/openwrt-radxa-rock5b-plus/openwrt/build_dir/target-aarch64_generic_musl/linux-rockchip_armv8/packages/ipkg-aarch64_generic/kmod-crypto-gf128/$file ] || continue; csum=$(/workspaces/openwrt-radxa-rock5b-plus/openwrt/staging_dir/host/bin/mkhash sha256 /workspaces/openwrt-radxa-rock5b-plus/openwrt/build_dir/target-aarch64_generic_musl/linux-rockchip_armv8/packages/ipkg-aarch64_generic/kmod-crypto-gf128/$file); echo $file $csum >> /workspaces/openwrt-radxa-rock5b-plus/openwrt/build_dir/target-aarch64_generic_musl/linux-rockchip_armv8/packages/ipkg-aarch64_generic/kmod-crypto-gf128/lib/apk/packages/kmod-crypto-gf128.conffiles_static; done; rm -rf /workspaces/openwrt-radxa-rock5b-plus/openwrt/build_dir/target-aarch64_generic_musl/linux-rockchip_armv8/packages/ipkg-aarch64_generic/kmod-crypto-gf128/CONTROL/conffiles; fi
if [ -z "$(ls -A /workspaces/openwrt-radxa-rock5b-plus/openwrt/build_dir/target-aarch64_generic_musl/linux-rockchip_armv8/packages/ipkg-aarch64_generic/kmod-crypto-gf128/CONTROL 2>/dev/null)" ]; then rm -rf /workspaces/openwrt-radxa-rock5b-plus/openwrt/build_dir/target-aarch64_generic_musl/linux-rockchip_armv8/packages/ipkg-aarch64_generic/kmod-crypto-gf128/CONTROL; else echo "CONTROL directory /workspaces/openwrt-radxa-rock5b-plus/openwrt/build_dir/target-aarch64_generic_musl/linux-rockchip_armv8/packages/ipkg-aarch64_generic/kmod-crypto-gf128/CONTROL is not empty! This is not right and should be checked!" >&2; exit 1; fi
/workspaces/openwrt-radxa-rock5b-plus/openwrt/staging_dir/host/bin/fakeroot /workspaces/openwrt-radxa-rock5b-plus/openwrt/staging_dir/host/bin/apk mkpkg --info "name:kmod-crypto-gf128" --info "version:6.12.45-r1"  --info "description:GF(2^128) multiplication functions CryptoAPI module" --info "arch:aarch64_generic" --info "license:GPL-2.0-only" --info "origin:feeds/base/kernel/linux" --info "url:" --info "maintainer:" --info "provides:"  --script "post-install:/workspaces/openwrt-radxa-rock5b-plus/openwrt/build_dir/target-aarch64_generic_musl/linux-rockchip_armv8/packages/apk-aarch64_generic/kmod-crypto-gf128/post-install" --script "post-upgrade:/workspaces/openwrt-radxa-rock5b-plus/openwrt/build_dir/target-aarch64_generic_musl/linux-rockchip_armv8/packages/apk-aarch64_generic/kmod-crypto-gf128/post-upgrade" --script "pre-deinstall:/workspaces/openwrt-radxa-rock5b-plus/openwrt/build_dir/target-aarch64_generic_musl/linux-rockchip_armv8/packages/apk-aarch64_generic/kmod-crypto-gf128/pre-deinstall" --info "depends:kernel=6.12.45~bfdb4691414eb2d33b0186227f6f0e2d-r1" --files "/workspaces/openwrt-radxa-rock5b-plus/openwrt/build_dir/target-aarch64_generic_musl/linux-rockchip_armv8/packages/ipkg-aarch64_generic/kmod-crypto-gf128" --output "/workspaces/openwrt-radxa-rock5b-plus/openwrt/bin/targets/rockchip/armv8/packages/kmod-crypto-gf128-6.12.45-r1.apk" --sign "/workspaces/openwrt-radxa-rock5b-plus/openwrt/private-key.pem"
[ -f /workspaces/openwrt-radxa-rock5b-plus/openwrt/bin/targets/rockchip/armv8/packages/kmod-crypto-gf128-6.12.45-r1.apk ]
removed '/workspaces/openwrt-radxa-rock5b-plus/openwrt/bin/targets/rockchip/armv8/packages/kmod-crypto-gf128-6.12.45-r1.apk'
NOTICE: module '/workspaces/openwrt-radxa-rock5b-plus/openwrt/build_dir/target-aarch64_generic_musl/linux-rockchip_armv8/linux-6.12.45/lib/crypto/gf128mul.ko' is built-in.
rm -rf /workspaces/openwrt-radxa-rock5b-plus/openwrt/build_dir/target-aarch64_generic_musl/linux-rockchip_armv8/packages/ipkg-aarch64_generic/kmod-crypto-ghash
/workspaces/openwrt-radxa-rock5b-plus/openwrt/scripts/ipkg-remove kmod-crypto-ghash /workspaces/openwrt-radxa-rock5b-plus/openwrt/bin/targets/rockchip/armv8/packages/kmod-crypto-ghash-6.12.45-r1.apk
mkdir -p /workspaces/openwrt-radxa-rock5b-plus/openwrt/bin/targets/rockchip/armv8/packages /workspaces/openwrt-radxa-rock5b-plus/openwrt/build_dir/target-aarch64_generic_musl/linux-rockchip_armv8/packages/ipkg-aarch64_generic/kmod-crypto-ghash /workspaces/openwrt-radxa-rock5b-plus/openwrt/staging_dir/target-aarch64_generic_musl/pkginfo
for mod in /workspaces/openwrt-radxa-rock5b-plus/openwrt/build_dir/target-aarch64_generic_musl/linux-rockchip_armv8/linux-6.12.45/crypto/ghash-generic.ko; do if grep -q "${mod##/workspaces/openwrt-radxa-rock5b-plus/openwrt/build_dir/target-aarch64_generic_musl/linux-rockchip_armv8/linux-6.12.45/}" "/workspaces/openwrt-radxa-rock5b-plus/openwrt/build_dir/target-aarch64_generic_musl/linux-rockchip_armv8/linux-6.12.45/modules.builtin"; then echo "NOTICE: module '$mod' is built-in."; elif [ -e $mod ]; then mkdir -p /workspaces/openwrt-radxa-rock5b-plus/openwrt/build_dir/target-aarch64_generic_musl/linux-rockchip_armv8/packages/ipkg-aarch64_generic/kmod-crypto-ghash/lib/modules/6.12.45 ; cp -fpR -L $mod /workspaces/openwrt-radxa-rock5b-plus/openwrt/build_dir/target-aarch64_generic_musl/linux-rockchip_armv8/packages/ipkg-aarch64_generic/kmod-crypto-ghash/lib/modules/6.12.45/ ; else echo "ERROR: module '$mod' is missing." >&2; exit 1; fi; done;
mkdir -p /workspaces/openwrt-radxa-rock5b-plus/openwrt/build_dir/target-aarch64_generic_musl/linux-rockchip_armv8/packages/ipkg-aarch64_generic/kmod-crypto-ghash/etc/modules.d; ( echo "ghash-generic"; ) > /workspaces/openwrt-radxa-rock5b-plus/openwrt/build_dir/target-aarch64_generic_musl/linux-rockchip_armv8/packages/ipkg-aarch64_generic/kmod-crypto-ghash/etc/modules.d/09-crypto-ghash; 



find /workspaces/openwrt-radxa-rock5b-plus/openwrt/build_dir/target-aarch64_generic_musl/linux-rockchip_armv8/packages/ipkg-aarch64_generic/kmod-crypto-ghash -name 'CVS' -o -name '.svn' -o -name '.#*' -o -name '*~'| xargs -r rm -rf
( find /workspaces/openwrt-radxa-rock5b-plus/openwrt/build_dir/target-aarch64_generic_musl/linux-rockchip_armv8/packages/ipkg-aarch64_generic/kmod-crypto-ghash -name lib\*.so\* -or -name \*.ko | awk -F/ '{ print $NF }'; for file in /workspaces/openwrt-radxa-rock5b-plus/openwrt/staging_dir/target-aarch64_generic_musl/pkginfo/kmod-crypto-gf128.provides /workspaces/openwrt-radxa-rock5b-plus/openwrt/staging_dir/target-aarch64_generic_musl/pkginfo/kmod-crypto-hash.provides; do if [ -f "$file" ]; then cat $file; fi; done;  ) | sort -u > /workspaces/openwrt-radxa-rock5b-plus/openwrt/staging_dir/target-aarch64_generic_musl/pkginfo/kmod-crypto-ghash.provides

( rm -f /workspaces/openwrt-radxa-rock5b-plus/openwrt/staging_dir/target-aarch64_generic_musl/pkginfo/kmod-crypto-ghash.missing; ( export READELF=aarch64-openwrt-linux-musl-readelf OBJCOPY=aarch64-openwrt-linux-musl-objcopy XARGS="xargs -r"; /workspaces/openwrt-radxa-rock5b-plus/openwrt/scripts/gen-dependencies.sh "/workspaces/openwrt-radxa-rock5b-plus/openwrt/build_dir/target-aarch64_generic_musl/linux-rockchip_armv8/packages/ipkg-aarch64_generic/kmod-crypto-ghash"; ) | while read FILE; do grep -qxF "$FILE" /workspaces/openwrt-radxa-rock5b-plus/openwrt/staging_dir/target-aarch64_generic_musl/pkginfo/kmod-crypto-ghash.provides || echo "$FILE" >> /workspaces/openwrt-radxa-rock5b-plus/openwrt/staging_dir/target-aarch64_generic_musl/pkginfo/kmod-crypto-ghash.missing; done; if [ -f "/workspaces/openwrt-radxa-rock5b-plus/openwrt/staging_dir/target-aarch64_generic_musl/pkginfo/kmod-crypto-ghash.missing" ]; then echo "Package kmod-crypto-ghash is missing dependencies for the following libraries:" >&2; cat "/workspaces/openwrt-radxa-rock5b-plus/openwrt/staging_dir/target-aarch64_generic_musl/pkginfo/kmod-crypto-ghash.missing" >&2; false; fi; )
export CROSS="aarch64-openwrt-linux-musl-"  NO_RENAME=1 ; NM="aarch64-openwrt-linux-musl-nm" STRIP="/workspaces/openwrt-radxa-rock5b-plus/openwrt/staging_dir/host/bin/sstrip -z" STRIP_KMOD="/workspaces/openwrt-radxa-rock5b-plus/openwrt/scripts/strip-kmod.sh" PATCHELF="/workspaces/openwrt-radxa-rock5b-plus/openwrt/staging_dir/host/bin/patchelf" /workspaces/openwrt-radxa-rock5b-plus/openwrt/scripts/rstrip.sh /workspaces/openwrt-radxa-rock5b-plus/openwrt/build_dir/target-aarch64_generic_musl/linux-rockchip_armv8/packages/ipkg-aarch64_generic/kmod-crypto-ghash
install -d -m0755 /workspaces/openwrt-radxa-rock5b-plus/openwrt/bin/targets/rockchip/armv8/packages/tmp
mkdir -p /workspaces/openwrt-radxa-rock5b-plus/openwrt/build_dir/target-aarch64_generic_musl/linux-rockchip_armv8/packages/apk-aarch64_generic/kmod-crypto-ghash/
mkdir -p /workspaces/openwrt-radxa-rock5b-plus/openwrt/build_dir/target-aarch64_generic_musl/linux-rockchip_armv8/packages/ipkg-aarch64_generic/kmod-crypto-ghash/lib/apk/packages/
(cd /workspaces/openwrt-radxa-rock5b-plus/openwrt/build_dir/target-aarch64_generic_musl/linux-rockchip_armv8/packages/apk-aarch64_generic/kmod-crypto-ghash; )
( echo "#!/bin/sh"; echo "[ \"\${IPKG_NO_SCRIPT}\" = \"1\" ] && exit 0"; echo "[ -s "\${IPKG_INSTROOT}/lib/functions.sh" ] || exit 0"; echo ". \${IPKG_INSTROOT}/lib/functions.sh"; echo 'export root="${IPKG_INSTROOT}"'; echo 'export pkgname="kmod-crypto-ghash"'; echo "add_group_and_user"; echo "default_postinst"; [ ! -f /workspaces/openwrt-radxa-rock5b-plus/openwrt/build_dir/target-aarch64_generic_musl/linux-rockchip_armv8/packages/apk-aarch64_generic/kmod-crypto-ghash/postinst-pkg ] || sed -z 's/^\s*#!/#!/' "/workspaces/openwrt-radxa-rock5b-plus/openwrt/build_dir/target-aarch64_generic_musl/linux-rockchip_armv8/packages/apk-aarch64_generic/kmod-crypto-ghash/postinst-pkg"; ) > /workspaces/openwrt-radxa-rock5b-plus/openwrt/build_dir/target-aarch64_generic_musl/linux-rockchip_armv8/packages/apk-aarch64_generic/kmod-crypto-ghash/post-install;
( echo "#!/bin/sh"; echo 'export PKG_UPGRADE=1'; [ ! -f /workspaces/openwrt-radxa-rock5b-plus/openwrt/build_dir/target-aarch64_generic_musl/linux-rockchip_armv8/packages/apk-aarch64_generic/kmod-crypto-ghash/post-install ] || sed -z 's/^\s*#!/#!/' "/workspaces/openwrt-radxa-rock5b-plus/openwrt/build_dir/target-aarch64_generic_musl/linux-rockchip_armv8/packages/apk-aarch64_generic/kmod-crypto-ghash/post-install"; ) > /workspaces/openwrt-radxa-rock5b-plus/openwrt/build_dir/target-aarch64_generic_musl/linux-rockchip_armv8/packages/apk-aarch64_generic/kmod-crypto-ghash/post-upgrade;
( echo "#!/bin/sh"; echo "[ -s "\${IPKG_INSTROOT}/lib/functions.sh" ] || exit 0"; echo ". \${IPKG_INSTROOT}/lib/functions.sh"; echo 'export root="${IPKG_INSTROOT}"'; echo 'export pkgname="kmod-crypto-ghash"'; echo "default_prerm"; [ ! -f /workspaces/openwrt-radxa-rock5b-plus/openwrt/build_dir/target-aarch64_generic_musl/linux-rockchip_armv8/packages/apk-aarch64_generic/kmod-crypto-ghash/prerm-pkg ] || sed -z 's/^\s*#!/#!/' "/workspaces/openwrt-radxa-rock5b-plus/openwrt/build_dir/target-aarch64_generic_musl/linux-rockchip_armv8/packages/apk-aarch64_generic/kmod-crypto-ghash/prerm-pkg"; ) > /workspaces/openwrt-radxa-rock5b-plus/openwrt/build_dir/target-aarch64_generic_musl/linux-rockchip_armv8/packages/apk-aarch64_generic/kmod-crypto-ghash/pre-deinstall;
[ ! -f /workspaces/openwrt-radxa-rock5b-plus/openwrt/build_dir/target-aarch64_generic_musl/linux-rockchip_armv8/packages/apk-aarch64_generic/kmod-crypto-ghash/postrm ] || sed -zi 's/^\s*#!/#!/' "/workspaces/openwrt-radxa-rock5b-plus/openwrt/build_dir/target-aarch64_generic_musl/linux-rockchip_armv8/packages/apk-aarch64_generic/kmod-crypto-ghash/postrm";
if [ -n "" ]; then echo  > /workspaces/openwrt-radxa-rock5b-plus/openwrt/build_dir/target-aarch64_generic_musl/linux-rockchip_armv8/packages/ipkg-aarch64_generic/kmod-crypto-ghash/lib/apk/packages/kmod-crypto-ghash.rusers; fi;
if [ -n "" ]; then echo  > /workspaces/openwrt-radxa-rock5b-plus/openwrt/build_dir/target-aarch64_generic_musl/linux-rockchip_armv8/packages/ipkg-aarch64_generic/kmod-crypto-ghash/lib/apk/packages/kmod-crypto-ghash.alternatives; fi;
(cd /workspaces/openwrt-radxa-rock5b-plus/openwrt/build_dir/target-aarch64_generic_musl/linux-rockchip_armv8/packages/ipkg-aarch64_generic/kmod-crypto-ghash && find . -type f,l -printf "/%P\n" | sort > /workspaces/openwrt-radxa-rock5b-plus/openwrt/tmp/kmod-crypto-ghash.list && mv /workspaces/openwrt-radxa-rock5b-plus/openwrt/tmp/kmod-crypto-ghash.list /workspaces/openwrt-radxa-rock5b-plus/openwrt/build_dir/target-aarch64_generic_musl/linux-rockchip_armv8/packages/ipkg-aarch64_generic/kmod-crypto-ghash/lib/apk/packages/kmod-crypto-ghash.list)
# Move conffiles to IDIR and build conffiles_static with csums
if [ -f /workspaces/openwrt-radxa-rock5b-plus/openwrt/build_dir/target-aarch64_generic_musl/linux-rockchip_armv8/packages/apk-aarch64_generic/kmod-crypto-ghash/conffiles ]; then mv -f /workspaces/openwrt-radxa-rock5b-plus/openwrt/build_dir/target-aarch64_generic_musl/linux-rockchip_armv8/packages/apk-aarch64_generic/kmod-crypto-ghash/conffiles /workspaces/openwrt-radxa-rock5b-plus/openwrt/build_dir/target-aarch64_generic_musl/linux-rockchip_armv8/packages/ipkg-aarch64_generic/kmod-crypto-ghash/lib/apk/packages/kmod-crypto-ghash.conffiles; for file in $(cat /workspaces/openwrt-radxa-rock5b-plus/openwrt/build_dir/target-aarch64_generic_musl/linux-rockchip_armv8/packages/ipkg-aarch64_generic/kmod-crypto-ghash/lib/apk/packages/kmod-crypto-ghash.conffiles); do [ -f /workspaces/openwrt-radxa-rock5b-plus/openwrt/build_dir/target-aarch64_generic_musl/linux-rockchip_armv8/packages/ipkg-aarch64_generic/kmod-crypto-ghash/$file ] || continue; csum=$(/workspaces/openwrt-radxa-rock5b-plus/openwrt/staging_dir/host/bin/mkhash sha256 /workspaces/openwrt-radxa-rock5b-plus/openwrt/build_dir/target-aarch64_generic_musl/linux-rockchip_armv8/packages/ipkg-aarch64_generic/kmod-crypto-ghash/$file); echo $file $csum >> /workspaces/openwrt-radxa-rock5b-plus/openwrt/build_dir/target-aarch64_generic_musl/linux-rockchip_armv8/packages/ipkg-aarch64_generic/kmod-crypto-ghash/lib/apk/packages/kmod-crypto-ghash.conffiles_static; done; fi
# Some package (base-files) manually append stuff to conffiles
# Append stuff from it and delete the CONTROL directory since everything else should be migrated
if [ -f /workspaces/openwrt-radxa-rock5b-plus/openwrt/build_dir/target-aarch64_generic_musl/linux-rockchip_armv8/packages/ipkg-aarch64_generic/kmod-crypto-ghash/CONTROL/conffiles ]; then echo $(IDIR_kmod-crypto-ghash)/CONTROL/conffiles >> /workspaces/openwrt-radxa-rock5b-plus/openwrt/build_dir/target-aarch64_generic_musl/linux-rockchip_armv8/packages/ipkg-aarch64_generic/kmod-crypto-ghash/lib/apk/packages/kmod-crypto-ghash.conffiles; for file in $(cat /workspaces/openwrt-radxa-rock5b-plus/openwrt/build_dir/target-aarch64_generic_musl/linux-rockchip_armv8/packages/ipkg-aarch64_generic/kmod-crypto-ghash/CONTROL/conffiles); do [ -f /workspaces/openwrt-radxa-rock5b-plus/openwrt/build_dir/target-aarch64_generic_musl/linux-rockchip_armv8/packages/ipkg-aarch64_generic/kmod-crypto-ghash/$file ] || continue; csum=$(/workspaces/openwrt-radxa-rock5b-plus/openwrt/staging_dir/host/bin/mkhash sha256 /workspaces/openwrt-radxa-rock5b-plus/openwrt/build_dir/target-aarch64_generic_musl/linux-rockchip_armv8/packages/ipkg-aarch64_generic/kmod-crypto-ghash/$file); echo $file $csum >> /workspaces/openwrt-radxa-rock5b-plus/openwrt/build_dir/target-aarch64_generic_musl/linux-rockchip_armv8/packages/ipkg-aarch64_generic/kmod-crypto-ghash/lib/apk/packages/kmod-crypto-ghash.conffiles_static; done; rm -rf /workspaces/openwrt-radxa-rock5b-plus/openwrt/build_dir/target-aarch64_generic_musl/linux-rockchip_armv8/packages/ipkg-aarch64_generic/kmod-crypto-ghash/CONTROL/conffiles; fi
if [ -z "$(ls -A /workspaces/openwrt-radxa-rock5b-plus/openwrt/build_dir/target-aarch64_generic_musl/linux-rockchip_armv8/packages/ipkg-aarch64_generic/kmod-crypto-ghash/CONTROL 2>/dev/null)" ]; then rm -rf /workspaces/openwrt-radxa-rock5b-plus/openwrt/build_dir/target-aarch64_generic_musl/linux-rockchip_armv8/packages/ipkg-aarch64_generic/kmod-crypto-ghash/CONTROL; else echo "CONTROL directory /workspaces/openwrt-radxa-rock5b-plus/openwrt/build_dir/target-aarch64_generic_musl/linux-rockchip_armv8/packages/ipkg-aarch64_generic/kmod-crypto-ghash/CONTROL is not empty! This is not right and should be checked!" >&2; exit 1; fi
/workspaces/openwrt-radxa-rock5b-plus/openwrt/staging_dir/host/bin/fakeroot /workspaces/openwrt-radxa-rock5b-plus/openwrt/staging_dir/host/bin/apk mkpkg --info "name:kmod-crypto-ghash" --info "version:6.12.45-r1"  --info "description:GHASH digest CryptoAPI module" --info "arch:aarch64_generic" --info "license:GPL-2.0-only" --info "origin:feeds/base/kernel/linux" --info "url:" --info "maintainer:" --info "provides:"  --script "post-install:/workspaces/openwrt-radxa-rock5b-plus/openwrt/build_dir/target-aarch64_generic_musl/linux-rockchip_armv8/packages/apk-aarch64_generic/kmod-crypto-ghash/post-install" --script "post-upgrade:/workspaces/openwrt-radxa-rock5b-plus/openwrt/build_dir/target-aarch64_generic_musl/linux-rockchip_armv8/packages/apk-aarch64_generic/kmod-crypto-ghash/post-upgrade" --script "pre-deinstall:/workspaces/openwrt-radxa-rock5b-plus/openwrt/build_dir/target-aarch64_generic_musl/linux-rockchip_armv8/packages/apk-aarch64_generic/kmod-crypto-ghash/pre-deinstall" --info "depends:kernel=6.12.45~bfdb4691414eb2d33b0186227f6f0e2d-r1 kmod-crypto-gf128 kmod-crypto-hash" --files "/workspaces/openwrt-radxa-rock5b-plus/openwrt/build_dir/target-aarch64_generic_musl/linux-rockchip_armv8/packages/ipkg-aarch64_generic/kmod-crypto-ghash" --output "/workspaces/openwrt-radxa-rock5b-plus/openwrt/bin/targets/rockchip/armv8/packages/kmod-crypto-ghash-6.12.45-r1.apk" --sign "/workspaces/openwrt-radxa-rock5b-plus/openwrt/private-key.pem"
[ -f /workspaces/openwrt-radxa-rock5b-plus/openwrt/bin/targets/rockchip/armv8/packages/kmod-crypto-ghash-6.12.45-r1.apk ]
removed '/workspaces/openwrt-radxa-rock5b-plus/openwrt/bin/targets/rockchip/armv8/packages/kmod-crypto-ghash-6.12.45-r1.apk'
NOTICE: module '/workspaces/openwrt-radxa-rock5b-plus/openwrt/build_dir/target-aarch64_generic_musl/linux-rockchip_armv8/linux-6.12.45/crypto/ghash-generic.ko' is built-in.
rm -rf /workspaces/openwrt-radxa-rock5b-plus/openwrt/build_dir/target-aarch64_generic_musl/linux-rockchip_armv8/packages/ipkg-aarch64_generic/kmod-crypto-gcm
/workspaces/openwrt-radxa-rock5b-plus/openwrt/scripts/ipkg-remove kmod-crypto-gcm /workspaces/openwrt-radxa-rock5b-plus/openwrt/bin/targets/rockchip/armv8/packages/kmod-crypto-gcm-6.12.45-r1.apk
mkdir -p /workspaces/openwrt-radxa-rock5b-plus/openwrt/bin/targets/rockchip/armv8/packages /workspaces/openwrt-radxa-rock5b-plus/openwrt/build_dir/target-aarch64_generic_musl/linux-rockchip_armv8/packages/ipkg-aarch64_generic/kmod-crypto-gcm /workspaces/openwrt-radxa-rock5b-plus/openwrt/staging_dir/target-aarch64_generic_musl/pkginfo
for mod in /workspaces/openwrt-radxa-rock5b-plus/openwrt/build_dir/target-aarch64_generic_musl/linux-rockchip_armv8/linux-6.12.45/crypto/gcm.ko; do if grep -q "${mod##/workspaces/openwrt-radxa-rock5b-plus/openwrt/build_dir/target-aarch64_generic_musl/linux-rockchip_armv8/linux-6.12.45/}" "/workspaces/openwrt-radxa-rock5b-plus/openwrt/build_dir/target-aarch64_generic_musl/linux-rockchip_armv8/linux-6.12.45/modules.builtin"; then echo "NOTICE: module '$mod' is built-in."; elif [ -e $mod ]; then mkdir -p /workspaces/openwrt-radxa-rock5b-plus/openwrt/build_dir/target-aarch64_generic_musl/linux-rockchip_armv8/packages/ipkg-aarch64_generic/kmod-crypto-gcm/lib/modules/6.12.45 ; cp -fpR -L $mod /workspaces/openwrt-radxa-rock5b-plus/openwrt/build_dir/target-aarch64_generic_musl/linux-rockchip_armv8/packages/ipkg-aarch64_generic/kmod-crypto-gcm/lib/modules/6.12.45/ ; else echo "ERROR: module '$mod' is missing." >&2; exit 1; fi; done;
mkdir -p /workspaces/openwrt-radxa-rock5b-plus/openwrt/build_dir/target-aarch64_generic_musl/linux-rockchip_armv8/packages/ipkg-aarch64_generic/kmod-crypto-gcm/etc/modules.d; ( echo "gcm"; ) > /workspaces/openwrt-radxa-rock5b-plus/openwrt/build_dir/target-aarch64_generic_musl/linux-rockchip_armv8/packages/ipkg-aarch64_generic/kmod-crypto-gcm/etc/modules.d/09-crypto-gcm; 



find /workspaces/openwrt-radxa-rock5b-plus/openwrt/build_dir/target-aarch64_generic_musl/linux-rockchip_armv8/packages/ipkg-aarch64_generic/kmod-crypto-gcm -name 'CVS' -o -name '.svn' -o -name '.#*' -o -name '*~'| xargs -r rm -rf
( find /workspaces/openwrt-radxa-rock5b-plus/openwrt/build_dir/target-aarch64_generic_musl/linux-rockchip_armv8/packages/ipkg-aarch64_generic/kmod-crypto-gcm -name lib\*.so\* -or -name \*.ko | awk -F/ '{ print $NF }'; for file in /workspaces/openwrt-radxa-rock5b-plus/openwrt/staging_dir/target-aarch64_generic_musl/pkginfo/kmod-crypto-ctr.provides /workspaces/openwrt-radxa-rock5b-plus/openwrt/staging_dir/target-aarch64_generic_musl/pkginfo/kmod-crypto-ghash.provides /workspaces/openwrt-radxa-rock5b-plus/openwrt/staging_dir/target-aarch64_generic_musl/pkginfo/kmod-crypto-null.provides; do if [ -f "$file" ]; then cat $file; fi; done;  ) | sort -u > /workspaces/openwrt-radxa-rock5b-plus/openwrt/staging_dir/target-aarch64_generic_musl/pkginfo/kmod-crypto-gcm.provides

( rm -f /workspaces/openwrt-radxa-rock5b-plus/openwrt/staging_dir/target-aarch64_generic_musl/pkginfo/kmod-crypto-gcm.missing; ( export READELF=aarch64-openwrt-linux-musl-readelf OBJCOPY=aarch64-openwrt-linux-musl-objcopy XARGS="xargs -r"; /workspaces/openwrt-radxa-rock5b-plus/openwrt/scripts/gen-dependencies.sh "/workspaces/openwrt-radxa-rock5b-plus/openwrt/build_dir/target-aarch64_generic_musl/linux-rockchip_armv8/packages/ipkg-aarch64_generic/kmod-crypto-gcm"; ) | while read FILE; do grep -qxF "$FILE" /workspaces/openwrt-radxa-rock5b-plus/openwrt/staging_dir/target-aarch64_generic_musl/pkginfo/kmod-crypto-gcm.provides || echo "$FILE" >> /workspaces/openwrt-radxa-rock5b-plus/openwrt/staging_dir/target-aarch64_generic_musl/pkginfo/kmod-crypto-gcm.missing; done; if [ -f "/workspaces/openwrt-radxa-rock5b-plus/openwrt/staging_dir/target-aarch64_generic_musl/pkginfo/kmod-crypto-gcm.missing" ]; then echo "Package kmod-crypto-gcm is missing dependencies for the following libraries:" >&2; cat "/workspaces/openwrt-radxa-rock5b-plus/openwrt/staging_dir/target-aarch64_generic_musl/pkginfo/kmod-crypto-gcm.missing" >&2; false; fi; )
export CROSS="aarch64-openwrt-linux-musl-"  NO_RENAME=1 ; NM="aarch64-openwrt-linux-musl-nm" STRIP="/workspaces/openwrt-radxa-rock5b-plus/openwrt/staging_dir/host/bin/sstrip -z" STRIP_KMOD="/workspaces/openwrt-radxa-rock5b-plus/openwrt/scripts/strip-kmod.sh" PATCHELF="/workspaces/openwrt-radxa-rock5b-plus/openwrt/staging_dir/host/bin/patchelf" /workspaces/openwrt-radxa-rock5b-plus/openwrt/scripts/rstrip.sh /workspaces/openwrt-radxa-rock5b-plus/openwrt/build_dir/target-aarch64_generic_musl/linux-rockchip_armv8/packages/ipkg-aarch64_generic/kmod-crypto-gcm
install -d -m0755 /workspaces/openwrt-radxa-rock5b-plus/openwrt/bin/targets/rockchip/armv8/packages/tmp
mkdir -p /workspaces/openwrt-radxa-rock5b-plus/openwrt/build_dir/target-aarch64_generic_musl/linux-rockchip_armv8/packages/apk-aarch64_generic/kmod-crypto-gcm/
mkdir -p /workspaces/openwrt-radxa-rock5b-plus/openwrt/build_dir/target-aarch64_generic_musl/linux-rockchip_armv8/packages/ipkg-aarch64_generic/kmod-crypto-gcm/lib/apk/packages/
(cd /workspaces/openwrt-radxa-rock5b-plus/openwrt/build_dir/target-aarch64_generic_musl/linux-rockchip_armv8/packages/apk-aarch64_generic/kmod-crypto-gcm; )
( echo "#!/bin/sh"; echo "[ \"\${IPKG_NO_SCRIPT}\" = \"1\" ] && exit 0"; echo "[ -s "\${IPKG_INSTROOT}/lib/functions.sh" ] || exit 0"; echo ". \${IPKG_INSTROOT}/lib/functions.sh"; echo 'export root="${IPKG_INSTROOT}"'; echo 'export pkgname="kmod-crypto-gcm"'; echo "add_group_and_user"; echo "default_postinst"; [ ! -f /workspaces/openwrt-radxa-rock5b-plus/openwrt/build_dir/target-aarch64_generic_musl/linux-rockchip_armv8/packages/apk-aarch64_generic/kmod-crypto-gcm/postinst-pkg ] || sed -z 's/^\s*#!/#!/' "/workspaces/openwrt-radxa-rock5b-plus/openwrt/build_dir/target-aarch64_generic_musl/linux-rockchip_armv8/packages/apk-aarch64_generic/kmod-crypto-gcm/postinst-pkg"; ) > /workspaces/openwrt-radxa-rock5b-plus/openwrt/build_dir/target-aarch64_generic_musl/linux-rockchip_armv8/packages/apk-aarch64_generic/kmod-crypto-gcm/post-install;
( echo "#!/bin/sh"; echo 'export PKG_UPGRADE=1'; [ ! -f /workspaces/openwrt-radxa-rock5b-plus/openwrt/build_dir/target-aarch64_generic_musl/linux-rockchip_armv8/packages/apk-aarch64_generic/kmod-crypto-gcm/post-install ] || sed -z 's/^\s*#!/#!/' "/workspaces/openwrt-radxa-rock5b-plus/openwrt/build_dir/target-aarch64_generic_musl/linux-rockchip_armv8/packages/apk-aarch64_generic/kmod-crypto-gcm/post-install"; ) > /workspaces/openwrt-radxa-rock5b-plus/openwrt/build_dir/target-aarch64_generic_musl/linux-rockchip_armv8/packages/apk-aarch64_generic/kmod-crypto-gcm/post-upgrade;
( echo "#!/bin/sh"; echo "[ -s "\${IPKG_INSTROOT}/lib/functions.sh" ] || exit 0"; echo ". \${IPKG_INSTROOT}/lib/functions.sh"; echo 'export root="${IPKG_INSTROOT}"'; echo 'export pkgname="kmod-crypto-gcm"'; echo "default_prerm"; [ ! -f /workspaces/openwrt-radxa-rock5b-plus/openwrt/build_dir/target-aarch64_generic_musl/linux-rockchip_armv8/packages/apk-aarch64_generic/kmod-crypto-gcm/prerm-pkg ] || sed -z 's/^\s*#!/#!/' "/workspaces/openwrt-radxa-rock5b-plus/openwrt/build_dir/target-aarch64_generic_musl/linux-rockchip_armv8/packages/apk-aarch64_generic/kmod-crypto-gcm/prerm-pkg"; ) > /workspaces/openwrt-radxa-rock5b-plus/openwrt/build_dir/target-aarch64_generic_musl/linux-rockchip_armv8/packages/apk-aarch64_generic/kmod-crypto-gcm/pre-deinstall;
[ ! -f /workspaces/openwrt-radxa-rock5b-plus/openwrt/build_dir/target-aarch64_generic_musl/linux-rockchip_armv8/packages/apk-aarch64_generic/kmod-crypto-gcm/postrm ] || sed -zi 's/^\s*#!/#!/' "/workspaces/openwrt-radxa-rock5b-plus/openwrt/build_dir/target-aarch64_generic_musl/linux-rockchip_armv8/packages/apk-aarch64_generic/kmod-crypto-gcm/postrm";
if [ -n "" ]; then echo  > /workspaces/openwrt-radxa-rock5b-plus/openwrt/build_dir/target-aarch64_generic_musl/linux-rockchip_armv8/packages/ipkg-aarch64_generic/kmod-crypto-gcm/lib/apk/packages/kmod-crypto-gcm.rusers; fi;
if [ -n "" ]; then echo  > /workspaces/openwrt-radxa-rock5b-plus/openwrt/build_dir/target-aarch64_generic_musl/linux-rockchip_armv8/packages/ipkg-aarch64_generic/kmod-crypto-gcm/lib/apk/packages/kmod-crypto-gcm.alternatives; fi;
(cd /workspaces/openwrt-radxa-rock5b-plus/openwrt/build_dir/target-aarch64_generic_musl/linux-rockchip_armv8/packages/ipkg-aarch64_generic/kmod-crypto-gcm && find . -type f,l -printf "/%P\n" | sort > /workspaces/openwrt-radxa-rock5b-plus/openwrt/tmp/kmod-crypto-gcm.list && mv /workspaces/openwrt-radxa-rock5b-plus/openwrt/tmp/kmod-crypto-gcm.list /workspaces/openwrt-radxa-rock5b-plus/openwrt/build_dir/target-aarch64_generic_musl/linux-rockchip_armv8/packages/ipkg-aarch64_generic/kmod-crypto-gcm/lib/apk/packages/kmod-crypto-gcm.list)
# Move conffiles to IDIR and build conffiles_static with csums
if [ -f /workspaces/openwrt-radxa-rock5b-plus/openwrt/build_dir/target-aarch64_generic_musl/linux-rockchip_armv8/packages/apk-aarch64_generic/kmod-crypto-gcm/conffiles ]; then mv -f /workspaces/openwrt-radxa-rock5b-plus/openwrt/build_dir/target-aarch64_generic_musl/linux-rockchip_armv8/packages/apk-aarch64_generic/kmod-crypto-gcm/conffiles /workspaces/openwrt-radxa-rock5b-plus/openwrt/build_dir/target-aarch64_generic_musl/linux-rockchip_armv8/packages/ipkg-aarch64_generic/kmod-crypto-gcm/lib/apk/packages/kmod-crypto-gcm.conffiles; for file in $(cat /workspaces/openwrt-radxa-rock5b-plus/openwrt/build_dir/target-aarch64_generic_musl/linux-rockchip_armv8/packages/ipkg-aarch64_generic/kmod-crypto-gcm/lib/apk/packages/kmod-crypto-gcm.conffiles); do [ -f /workspaces/openwrt-radxa-rock5b-plus/openwrt/build_dir/target-aarch64_generic_musl/linux-rockchip_armv8/packages/ipkg-aarch64_generic/kmod-crypto-gcm/$file ] || continue; csum=$(/workspaces/openwrt-radxa-rock5b-plus/openwrt/staging_dir/host/bin/mkhash sha256 /workspaces/openwrt-radxa-rock5b-plus/openwrt/build_dir/target-aarch64_generic_musl/linux-rockchip_armv8/packages/ipkg-aarch64_generic/kmod-crypto-gcm/$file); echo $file $csum >> /workspaces/openwrt-radxa-rock5b-plus/openwrt/build_dir/target-aarch64_generic_musl/linux-rockchip_armv8/packages/ipkg-aarch64_generic/kmod-crypto-gcm/lib/apk/packages/kmod-crypto-gcm.conffiles_static; done; fi
# Some package (base-files) manually append stuff to conffiles
# Append stuff from it and delete the CONTROL directory since everything else should be migrated
if [ -f /workspaces/openwrt-radxa-rock5b-plus/openwrt/build_dir/target-aarch64_generic_musl/linux-rockchip_armv8/packages/ipkg-aarch64_generic/kmod-crypto-gcm/CONTROL/conffiles ]; then echo $(IDIR_kmod-crypto-gcm)/CONTROL/conffiles >> /workspaces/openwrt-radxa-rock5b-plus/openwrt/build_dir/target-aarch64_generic_musl/linux-rockchip_armv8/packages/ipkg-aarch64_generic/kmod-crypto-gcm/lib/apk/packages/kmod-crypto-gcm.conffiles; for file in $(cat /workspaces/openwrt-radxa-rock5b-plus/openwrt/build_dir/target-aarch64_generic_musl/linux-rockchip_armv8/packages/ipkg-aarch64_generic/kmod-crypto-gcm/CONTROL/conffiles); do [ -f /workspaces/openwrt-radxa-rock5b-plus/openwrt/build_dir/target-aarch64_generic_musl/linux-rockchip_armv8/packages/ipkg-aarch64_generic/kmod-crypto-gcm/$file ] || continue; csum=$(/workspaces/openwrt-radxa-rock5b-plus/openwrt/staging_dir/host/bin/mkhash sha256 /workspaces/openwrt-radxa-rock5b-plus/openwrt/build_dir/target-aarch64_generic_musl/linux-rockchip_armv8/packages/ipkg-aarch64_generic/kmod-crypto-gcm/$file); echo $file $csum >> /workspaces/openwrt-radxa-rock5b-plus/openwrt/build_dir/target-aarch64_generic_musl/linux-rockchip_armv8/packages/ipkg-aarch64_generic/kmod-crypto-gcm/lib/apk/packages/kmod-crypto-gcm.conffiles_static; done; rm -rf /workspaces/openwrt-radxa-rock5b-plus/openwrt/build_dir/target-aarch64_generic_musl/linux-rockchip_armv8/packages/ipkg-aarch64_generic/kmod-crypto-gcm/CONTROL/conffiles; fi
if [ -z "$(ls -A /workspaces/openwrt-radxa-rock5b-plus/openwrt/build_dir/target-aarch64_generic_musl/linux-rockchip_armv8/packages/ipkg-aarch64_generic/kmod-crypto-gcm/CONTROL 2>/dev/null)" ]; then rm -rf /workspaces/openwrt-radxa-rock5b-plus/openwrt/build_dir/target-aarch64_generic_musl/linux-rockchip_armv8/packages/ipkg-aarch64_generic/kmod-crypto-gcm/CONTROL; else echo "CONTROL directory /workspaces/openwrt-radxa-rock5b-plus/openwrt/build_dir/target-aarch64_generic_musl/linux-rockchip_armv8/packages/ipkg-aarch64_generic/kmod-crypto-gcm/CONTROL is not empty! This is not right and should be checked!" >&2; exit 1; fi
/workspaces/openwrt-radxa-rock5b-plus/openwrt/staging_dir/host/bin/fakeroot /workspaces/openwrt-radxa-rock5b-plus/openwrt/staging_dir/host/bin/apk mkpkg --info "name:kmod-crypto-gcm" --info "version:6.12.45-r1"  --info "description:GCM/GMAC CryptoAPI module" --info "arch:aarch64_generic" --info "license:GPL-2.0-only" --info "origin:feeds/base/kernel/linux" --info "url:" --info "maintainer:" --info "provides:"  --script "post-install:/workspaces/openwrt-radxa-rock5b-plus/openwrt/build_dir/target-aarch64_generic_musl/linux-rockchip_armv8/packages/apk-aarch64_generic/kmod-crypto-gcm/post-install" --script "post-upgrade:/workspaces/openwrt-radxa-rock5b-plus/openwrt/build_dir/target-aarch64_generic_musl/linux-rockchip_armv8/packages/apk-aarch64_generic/kmod-crypto-gcm/post-upgrade" --script "pre-deinstall:/workspaces/openwrt-radxa-rock5b-plus/openwrt/build_dir/target-aarch64_generic_musl/linux-rockchip_armv8/packages/apk-aarch64_generic/kmod-crypto-gcm/pre-deinstall" --info "depends:kernel=6.12.45~bfdb4691414eb2d33b0186227f6f0e2d-r1 kmod-crypto-ctr kmod-crypto-ghash kmod-crypto-null" --files "/workspaces/openwrt-radxa-rock5b-plus/openwrt/build_dir/target-aarch64_generic_musl/linux-rockchip_armv8/packages/ipkg-aarch64_generic/kmod-crypto-gcm" --output "/workspaces/openwrt-radxa-rock5b-plus/openwrt/bin/targets/rockchip/armv8/packages/kmod-crypto-gcm-6.12.45-r1.apk" --sign "/workspaces/openwrt-radxa-rock5b-plus/openwrt/private-key.pem"
[ -f /workspaces/openwrt-radxa-rock5b-plus/openwrt/bin/targets/rockchip/armv8/packages/kmod-crypto-gcm-6.12.45-r1.apk ]
removed '/workspaces/openwrt-radxa-rock5b-plus/openwrt/bin/targets/rockchip/armv8/packages/kmod-crypto-gcm-6.12.45-r1.apk'
NOTICE: module '/workspaces/openwrt-radxa-rock5b-plus/openwrt/build_dir/target-aarch64_generic_musl/linux-rockchip_armv8/linux-6.12.45/crypto/gcm.ko' is built-in.
rm -rf /workspaces/openwrt-radxa-rock5b-plus/openwrt/build_dir/target-aarch64_generic_musl/linux-rockchip_armv8/packages/ipkg-aarch64_generic/kmod-crypto-sha256
/workspaces/openwrt-radxa-rock5b-plus/openwrt/scripts/ipkg-remove kmod-crypto-sha256 /workspaces/openwrt-radxa-rock5b-plus/openwrt/bin/targets/rockchip/armv8/packages/kmod-crypto-sha256-6.12.45-r1.apk
mkdir -p /workspaces/openwrt-radxa-rock5b-plus/openwrt/bin/targets/rockchip/armv8/packages /workspaces/openwrt-radxa-rock5b-plus/openwrt/build_dir/target-aarch64_generic_musl/linux-rockchip_armv8/packages/ipkg-aarch64_generic/kmod-crypto-sha256 /workspaces/openwrt-radxa-rock5b-plus/openwrt/staging_dir/target-aarch64_generic_musl/pkginfo
for mod in /workspaces/openwrt-radxa-rock5b-plus/openwrt/build_dir/target-aarch64_generic_musl/linux-rockchip_armv8/linux-6.12.45/crypto/sha256_generic.ko /workspaces/openwrt-radxa-rock5b-plus/openwrt/build_dir/target-aarch64_generic_musl/linux-rockchip_armv8/linux-6.12.45/lib/crypto/libsha256.ko /workspaces/openwrt-radxa-rock5b-plus/openwrt/build_dir/target-aarch64_generic_musl/linux-rockchip_armv8/linux-6.12.45/arch/arm64/crypto/sha256-arm64.ko; do if grep -q "${mod##/workspaces/openwrt-radxa-rock5b-plus/openwrt/build_dir/target-aarch64_generic_musl/linux-rockchip_armv8/linux-6.12.45/}" "/workspaces/openwrt-radxa-rock5b-plus/openwrt/build_dir/target-aarch64_generic_musl/linux-rockchip_armv8/linux-6.12.45/modules.builtin"; then echo "NOTICE: module '$mod' is built-in."; elif [ -e $mod ]; then mkdir -p /workspaces/openwrt-radxa-rock5b-plus/openwrt/build_dir/target-aarch64_generic_musl/linux-rockchip_armv8/packages/ipkg-aarch64_generic/kmod-crypto-sha256/lib/modules/6.12.45 ; cp -fpR -L $mod /workspaces/openwrt-radxa-rock5b-plus/openwrt/build_dir/target-aarch64_generic_musl/linux-rockchip_armv8/packages/ipkg-aarch64_generic/kmod-crypto-sha256/lib/modules/6.12.45/ ; else echo "ERROR: module '$mod' is missing." >&2; exit 1; fi; done;
mkdir -p /workspaces/openwrt-radxa-rock5b-plus/openwrt/build_dir/target-aarch64_generic_musl/linux-rockchip_armv8/packages/ipkg-aarch64_generic/kmod-crypto-sha256/etc/modules.d; ( echo "0";   echo "09";   echo "sha256-arm64";   echo "sha256_generic"; ) > /workspaces/openwrt-radxa-rock5b-plus/openwrt/build_dir/target-aarch64_generic_musl/linux-rockchip_armv8/packages/ipkg-aarch64_generic/kmod-crypto-sha256/etc/modules.d/09-crypto-sha256; 



find /workspaces/openwrt-radxa-rock5b-plus/openwrt/build_dir/target-aarch64_generic_musl/linux-rockchip_armv8/packages/ipkg-aarch64_generic/kmod-crypto-sha256 -name 'CVS' -o -name '.svn' -o -name '.#*' -o -name '*~'| xargs -r rm -rf
( find /workspaces/openwrt-radxa-rock5b-plus/openwrt/build_dir/target-aarch64_generic_musl/linux-rockchip_armv8/packages/ipkg-aarch64_generic/kmod-crypto-sha256 -name lib\*.so\* -or -name \*.ko | awk -F/ '{ print $NF }'; for file in /workspaces/openwrt-radxa-rock5b-plus/openwrt/staging_dir/target-aarch64_generic_musl/pkginfo/kmod-crypto-hash.provides; do if [ -f "$file" ]; then cat $file; fi; done;  ) | sort -u > /workspaces/openwrt-radxa-rock5b-plus/openwrt/staging_dir/target-aarch64_generic_musl/pkginfo/kmod-crypto-sha256.provides

( rm -f /workspaces/openwrt-radxa-rock5b-plus/openwrt/staging_dir/target-aarch64_generic_musl/pkginfo/kmod-crypto-sha256.missing; ( export READELF=aarch64-openwrt-linux-musl-readelf OBJCOPY=aarch64-openwrt-linux-musl-objcopy XARGS="xargs -r"; /workspaces/openwrt-radxa-rock5b-plus/openwrt/scripts/gen-dependencies.sh "/workspaces/openwrt-radxa-rock5b-plus/openwrt/build_dir/target-aarch64_generic_musl/linux-rockchip_armv8/packages/ipkg-aarch64_generic/kmod-crypto-sha256"; ) | while read FILE; do grep -qxF "$FILE" /workspaces/openwrt-radxa-rock5b-plus/openwrt/staging_dir/target-aarch64_generic_musl/pkginfo/kmod-crypto-sha256.provides || echo "$FILE" >> /workspaces/openwrt-radxa-rock5b-plus/openwrt/staging_dir/target-aarch64_generic_musl/pkginfo/kmod-crypto-sha256.missing; done; if [ -f "/workspaces/openwrt-radxa-rock5b-plus/openwrt/staging_dir/target-aarch64_generic_musl/pkginfo/kmod-crypto-sha256.missing" ]; then echo "Package kmod-crypto-sha256 is missing dependencies for the following libraries:" >&2; cat "/workspaces/openwrt-radxa-rock5b-plus/openwrt/staging_dir/target-aarch64_generic_musl/pkginfo/kmod-crypto-sha256.missing" >&2; false; fi; )
export CROSS="aarch64-openwrt-linux-musl-"  NO_RENAME=1 ; NM="aarch64-openwrt-linux-musl-nm" STRIP="/workspaces/openwrt-radxa-rock5b-plus/openwrt/staging_dir/host/bin/sstrip -z" STRIP_KMOD="/workspaces/openwrt-radxa-rock5b-plus/openwrt/scripts/strip-kmod.sh" PATCHELF="/workspaces/openwrt-radxa-rock5b-plus/openwrt/staging_dir/host/bin/patchelf" /workspaces/openwrt-radxa-rock5b-plus/openwrt/scripts/rstrip.sh /workspaces/openwrt-radxa-rock5b-plus/openwrt/build_dir/target-aarch64_generic_musl/linux-rockchip_armv8/packages/ipkg-aarch64_generic/kmod-crypto-sha256
install -d -m0755 /workspaces/openwrt-radxa-rock5b-plus/openwrt/bin/targets/rockchip/armv8/packages/tmp
mkdir -p /workspaces/openwrt-radxa-rock5b-plus/openwrt/build_dir/target-aarch64_generic_musl/linux-rockchip_armv8/packages/apk-aarch64_generic/kmod-crypto-sha256/
mkdir -p /workspaces/openwrt-radxa-rock5b-plus/openwrt/build_dir/target-aarch64_generic_musl/linux-rockchip_armv8/packages/ipkg-aarch64_generic/kmod-crypto-sha256/lib/apk/packages/
(cd /workspaces/openwrt-radxa-rock5b-plus/openwrt/build_dir/target-aarch64_generic_musl/linux-rockchip_armv8/packages/apk-aarch64_generic/kmod-crypto-sha256; )
( echo "#!/bin/sh"; echo "[ \"\${IPKG_NO_SCRIPT}\" = \"1\" ] && exit 0"; echo "[ -s "\${IPKG_INSTROOT}/lib/functions.sh" ] || exit 0"; echo ". \${IPKG_INSTROOT}/lib/functions.sh"; echo 'export root="${IPKG_INSTROOT}"'; echo 'export pkgname="kmod-crypto-sha256"'; echo "add_group_and_user"; echo "default_postinst"; [ ! -f /workspaces/openwrt-radxa-rock5b-plus/openwrt/build_dir/target-aarch64_generic_musl/linux-rockchip_armv8/packages/apk-aarch64_generic/kmod-crypto-sha256/postinst-pkg ] || sed -z 's/^\s*#!/#!/' "/workspaces/openwrt-radxa-rock5b-plus/openwrt/build_dir/target-aarch64_generic_musl/linux-rockchip_armv8/packages/apk-aarch64_generic/kmod-crypto-sha256/postinst-pkg"; ) > /workspaces/openwrt-radxa-rock5b-plus/openwrt/build_dir/target-aarch64_generic_musl/linux-rockchip_armv8/packages/apk-aarch64_generic/kmod-crypto-sha256/post-install;
( echo "#!/bin/sh"; echo 'export PKG_UPGRADE=1'; [ ! -f /workspaces/openwrt-radxa-rock5b-plus/openwrt/build_dir/target-aarch64_generic_musl/linux-rockchip_armv8/packages/apk-aarch64_generic/kmod-crypto-sha256/post-install ] || sed -z 's/^\s*#!/#!/' "/workspaces/openwrt-radxa-rock5b-plus/openwrt/build_dir/target-aarch64_generic_musl/linux-rockchip_armv8/packages/apk-aarch64_generic/kmod-crypto-sha256/post-install"; ) > /workspaces/openwrt-radxa-rock5b-plus/openwrt/build_dir/target-aarch64_generic_musl/linux-rockchip_armv8/packages/apk-aarch64_generic/kmod-crypto-sha256/post-upgrade;
( echo "#!/bin/sh"; echo "[ -s "\${IPKG_INSTROOT}/lib/functions.sh" ] || exit 0"; echo ". \${IPKG_INSTROOT}/lib/functions.sh"; echo 'export root="${IPKG_INSTROOT}"'; echo 'export pkgname="kmod-crypto-sha256"'; echo "default_prerm"; [ ! -f /workspaces/openwrt-radxa-rock5b-plus/openwrt/build_dir/target-aarch64_generic_musl/linux-rockchip_armv8/packages/apk-aarch64_generic/kmod-crypto-sha256/prerm-pkg ] || sed -z 's/^\s*#!/#!/' "/workspaces/openwrt-radxa-rock5b-plus/openwrt/build_dir/target-aarch64_generic_musl/linux-rockchip_armv8/packages/apk-aarch64_generic/kmod-crypto-sha256/prerm-pkg"; ) > /workspaces/openwrt-radxa-rock5b-plus/openwrt/build_dir/target-aarch64_generic_musl/linux-rockchip_armv8/packages/apk-aarch64_generic/kmod-crypto-sha256/pre-deinstall;
[ ! -f /workspaces/openwrt-radxa-rock5b-plus/openwrt/build_dir/target-aarch64_generic_musl/linux-rockchip_armv8/packages/apk-aarch64_generic/kmod-crypto-sha256/postrm ] || sed -zi 's/^\s*#!/#!/' "/workspaces/openwrt-radxa-rock5b-plus/openwrt/build_dir/target-aarch64_generic_musl/linux-rockchip_armv8/packages/apk-aarch64_generic/kmod-crypto-sha256/postrm";
if [ -n "" ]; then echo  > /workspaces/openwrt-radxa-rock5b-plus/openwrt/build_dir/target-aarch64_generic_musl/linux-rockchip_armv8/packages/ipkg-aarch64_generic/kmod-crypto-sha256/lib/apk/packages/kmod-crypto-sha256.rusers; fi;
if [ -n "" ]; then echo  > /workspaces/openwrt-radxa-rock5b-plus/openwrt/build_dir/target-aarch64_generic_musl/linux-rockchip_armv8/packages/ipkg-aarch64_generic/kmod-crypto-sha256/lib/apk/packages/kmod-crypto-sha256.alternatives; fi;
(cd /workspaces/openwrt-radxa-rock5b-plus/openwrt/build_dir/target-aarch64_generic_musl/linux-rockchip_armv8/packages/ipkg-aarch64_generic/kmod-crypto-sha256 && find . -type f,l -printf "/%P\n" | sort > /workspaces/openwrt-radxa-rock5b-plus/openwrt/tmp/kmod-crypto-sha256.list && mv /workspaces/openwrt-radxa-rock5b-plus/openwrt/tmp/kmod-crypto-sha256.list /workspaces/openwrt-radxa-rock5b-plus/openwrt/build_dir/target-aarch64_generic_musl/linux-rockchip_armv8/packages/ipkg-aarch64_generic/kmod-crypto-sha256/lib/apk/packages/kmod-crypto-sha256.list)
# Move conffiles to IDIR and build conffiles_static with csums
if [ -f /workspaces/openwrt-radxa-rock5b-plus/openwrt/build_dir/target-aarch64_generic_musl/linux-rockchip_armv8/packages/apk-aarch64_generic/kmod-crypto-sha256/conffiles ]; then mv -f /workspaces/openwrt-radxa-rock5b-plus/openwrt/build_dir/target-aarch64_generic_musl/linux-rockchip_armv8/packages/apk-aarch64_generic/kmod-crypto-sha256/conffiles /workspaces/openwrt-radxa-rock5b-plus/openwrt/build_dir/target-aarch64_generic_musl/linux-rockchip_armv8/packages/ipkg-aarch64_generic/kmod-crypto-sha256/lib/apk/packages/kmod-crypto-sha256.conffiles; for file in $(cat /workspaces/openwrt-radxa-rock5b-plus/openwrt/build_dir/target-aarch64_generic_musl/linux-rockchip_armv8/packages/ipkg-aarch64_generic/kmod-crypto-sha256/lib/apk/packages/kmod-crypto-sha256.conffiles); do [ -f /workspaces/openwrt-radxa-rock5b-plus/openwrt/build_dir/target-aarch64_generic_musl/linux-rockchip_armv8/packages/ipkg-aarch64_generic/kmod-crypto-sha256/$file ] || continue; csum=$(/workspaces/openwrt-radxa-rock5b-plus/openwrt/staging_dir/host/bin/mkhash sha256 /workspaces/openwrt-radxa-rock5b-plus/openwrt/build_dir/target-aarch64_generic_musl/linux-rockchip_armv8/packages/ipkg-aarch64_generic/kmod-crypto-sha256/$file); echo $file $csum >> /workspaces/openwrt-radxa-rock5b-plus/openwrt/build_dir/target-aarch64_generic_musl/linux-rockchip_armv8/packages/ipkg-aarch64_generic/kmod-crypto-sha256/lib/apk/packages/kmod-crypto-sha256.conffiles_static; done; fi
# Some package (base-files) manually append stuff to conffiles
# Append stuff from it and delete the CONTROL directory since everything else should be migrated
if [ -f /workspaces/openwrt-radxa-rock5b-plus/openwrt/build_dir/target-aarch64_generic_musl/linux-rockchip_armv8/packages/ipkg-aarch64_generic/kmod-crypto-sha256/CONTROL/conffiles ]; then echo $(IDIR_kmod-crypto-sha256)/CONTROL/conffiles >> /workspaces/openwrt-radxa-rock5b-plus/openwrt/build_dir/target-aarch64_generic_musl/linux-rockchip_armv8/packages/ipkg-aarch64_generic/kmod-crypto-sha256/lib/apk/packages/kmod-crypto-sha256.conffiles; for file in $(cat /workspaces/openwrt-radxa-rock5b-plus/openwrt/build_dir/target-aarch64_generic_musl/linux-rockchip_armv8/packages/ipkg-aarch64_generic/kmod-crypto-sha256/CONTROL/conffiles); do [ -f /workspaces/openwrt-radxa-rock5b-plus/openwrt/build_dir/target-aarch64_generic_musl/linux-rockchip_armv8/packages/ipkg-aarch64_generic/kmod-crypto-sha256/$file ] || continue; csum=$(/workspaces/openwrt-radxa-rock5b-plus/openwrt/staging_dir/host/bin/mkhash sha256 /workspaces/openwrt-radxa-rock5b-plus/openwrt/build_dir/target-aarch64_generic_musl/linux-rockchip_armv8/packages/ipkg-aarch64_generic/kmod-crypto-sha256/$file); echo $file $csum >> /workspaces/openwrt-radxa-rock5b-plus/openwrt/build_dir/target-aarch64_generic_musl/linux-rockchip_armv8/packages/ipkg-aarch64_generic/kmod-crypto-sha256/lib/apk/packages/kmod-crypto-sha256.conffiles_static; done; rm -rf /workspaces/openwrt-radxa-rock5b-plus/openwrt/build_dir/target-aarch64_generic_musl/linux-rockchip_armv8/packages/ipkg-aarch64_generic/kmod-crypto-sha256/CONTROL/conffiles; fi
if [ -z "$(ls -A /workspaces/openwrt-radxa-rock5b-plus/openwrt/build_dir/target-aarch64_generic_musl/linux-rockchip_armv8/packages/ipkg-aarch64_generic/kmod-crypto-sha256/CONTROL 2>/dev/null)" ]; then rm -rf /workspaces/openwrt-radxa-rock5b-plus/openwrt/build_dir/target-aarch64_generic_musl/linux-rockchip_armv8/packages/ipkg-aarch64_generic/kmod-crypto-sha256/CONTROL; else echo "CONTROL directory /workspaces/openwrt-radxa-rock5b-plus/openwrt/build_dir/target-aarch64_generic_musl/linux-rockchip_armv8/packages/ipkg-aarch64_generic/kmod-crypto-sha256/CONTROL is not empty! This is not right and should be checked!" >&2; exit 1; fi
/workspaces/openwrt-radxa-rock5b-plus/openwrt/staging_dir/host/bin/fakeroot /workspaces/openwrt-radxa-rock5b-plus/openwrt/staging_dir/host/bin/apk mkpkg --info "name:kmod-crypto-sha256" --info "version:6.12.45-r1"  --info "description:SHA224 SHA256 digest CryptoAPI module" --info "arch:aarch64_generic" --info "license:GPL-2.0-only" --info "origin:feeds/base/kernel/linux" --info "url:" --info "maintainer:" --info "provides:"  --script "post-install:/workspaces/openwrt-radxa-rock5b-plus/openwrt/build_dir/target-aarch64_generic_musl/linux-rockchip_armv8/packages/apk-aarch64_generic/kmod-crypto-sha256/post-install" --script "post-upgrade:/workspaces/openwrt-radxa-rock5b-plus/openwrt/build_dir/target-aarch64_generic_musl/linux-rockchip_armv8/packages/apk-aarch64_generic/kmod-crypto-sha256/post-upgrade" --script "pre-deinstall:/workspaces/openwrt-radxa-rock5b-plus/openwrt/build_dir/target-aarch64_generic_musl/linux-rockchip_armv8/packages/apk-aarch64_generic/kmod-crypto-sha256/pre-deinstall" --info "depends:kernel=6.12.45~bfdb4691414eb2d33b0186227f6f0e2d-r1 kmod-crypto-hash" --files "/workspaces/openwrt-radxa-rock5b-plus/openwrt/build_dir/target-aarch64_generic_musl/linux-rockchip_armv8/packages/ipkg-aarch64_generic/kmod-crypto-sha256" --output "/workspaces/openwrt-radxa-rock5b-plus/openwrt/bin/targets/rockchip/armv8/packages/kmod-crypto-sha256-6.12.45-r1.apk" --sign "/workspaces/openwrt-radxa-rock5b-plus/openwrt/private-key.pem"
[ -f /workspaces/openwrt-radxa-rock5b-plus/openwrt/bin/targets/rockchip/armv8/packages/kmod-crypto-sha256-6.12.45-r1.apk ]
removed '/workspaces/openwrt-radxa-rock5b-plus/openwrt/bin/targets/rockchip/armv8/packages/kmod-crypto-sha256-6.12.45-r1.apk'
NOTICE: module '/workspaces/openwrt-radxa-rock5b-plus/openwrt/build_dir/target-aarch64_generic_musl/linux-rockchip_armv8/linux-6.12.45/crypto/sha256_generic.ko' is built-in.
NOTICE: module '/workspaces/openwrt-radxa-rock5b-plus/openwrt/build_dir/target-aarch64_generic_musl/linux-rockchip_armv8/linux-6.12.45/lib/crypto/libsha256.ko' is built-in.
rstrip.sh: /workspaces/openwrt-radxa-rock5b-plus/openwrt/build_dir/target-aarch64_generic_musl/linux-rockchip_armv8/packages/ipkg-aarch64_generic/kmod-crypto-sha256/lib/modules/6.12.45/sha256-arm64.ko: relocatable
rm -rf /workspaces/openwrt-radxa-rock5b-plus/openwrt/build_dir/target-aarch64_generic_musl/linux-rockchip_armv8/packages/ipkg-aarch64_generic/kmod-nls-base
/workspaces/openwrt-radxa-rock5b-plus/openwrt/scripts/ipkg-remove kmod-nls-base /workspaces/openwrt-radxa-rock5b-plus/openwrt/bin/targets/rockchip/armv8/packages/kmod-nls-base-6.12.45-r1.apk
mkdir -p /workspaces/openwrt-radxa-rock5b-plus/openwrt/bin/targets/rockchip/armv8/packages /workspaces/openwrt-radxa-rock5b-plus/openwrt/build_dir/target-aarch64_generic_musl/linux-rockchip_armv8/packages/ipkg-aarch64_generic/kmod-nls-base /workspaces/openwrt-radxa-rock5b-plus/openwrt/staging_dir/target-aarch64_generic_musl/pkginfo
for mod in /workspaces/openwrt-radxa-rock5b-plus/openwrt/build_dir/target-aarch64_generic_musl/linux-rockchip_armv8/linux-6.12.45/fs/nls/nls_base.ko; do if grep -q "${mod##/workspaces/openwrt-radxa-rock5b-plus/openwrt/build_dir/target-aarch64_generic_musl/linux-rockchip_armv8/linux-6.12.45/}" "/workspaces/openwrt-radxa-rock5b-plus/openwrt/build_dir/target-aarch64_generic_musl/linux-rockchip_armv8/linux-6.12.45/modules.builtin"; then echo "NOTICE: module '$mod' is built-in."; elif [ -e $mod ]; then mkdir -p /workspaces/openwrt-radxa-rock5b-plus/openwrt/build_dir/target-aarch64_generic_musl/linux-rockchip_armv8/packages/ipkg-aarch64_generic/kmod-nls-base/lib/modules/6.12.45 ; cp -fpR -L $mod /workspaces/openwrt-radxa-rock5b-plus/openwrt/build_dir/target-aarch64_generic_musl/linux-rockchip_armv8/packages/ipkg-aarch64_generic/kmod-nls-base/lib/modules/6.12.45/ ; else echo "ERROR: module '$mod' is missing." >&2; exit 1; fi; done;




find /workspaces/openwrt-radxa-rock5b-plus/openwrt/build_dir/target-aarch64_generic_musl/linux-rockchip_armv8/packages/ipkg-aarch64_generic/kmod-nls-base -name 'CVS' -o -name '.svn' -o -name '.#*' -o -name '*~'| xargs -r rm -rf
( find /workspaces/openwrt-radxa-rock5b-plus/openwrt/build_dir/target-aarch64_generic_musl/linux-rockchip_armv8/packages/ipkg-aarch64_generic/kmod-nls-base -name lib\*.so\* -or -name \*.ko | awk -F/ '{ print $NF }'; for file in ; do if [ -f "$file" ]; then cat $file; fi; done;  ) | sort -u > /workspaces/openwrt-radxa-rock5b-plus/openwrt/staging_dir/target-aarch64_generic_musl/pkginfo/kmod-nls-base.provides

( rm -f /workspaces/openwrt-radxa-rock5b-plus/openwrt/staging_dir/target-aarch64_generic_musl/pkginfo/kmod-nls-base.missing; ( export READELF=aarch64-openwrt-linux-musl-readelf OBJCOPY=aarch64-openwrt-linux-musl-objcopy XARGS="xargs -r"; /workspaces/openwrt-radxa-rock5b-plus/openwrt/scripts/gen-dependencies.sh "/workspaces/openwrt-radxa-rock5b-plus/openwrt/build_dir/target-aarch64_generic_musl/linux-rockchip_armv8/packages/ipkg-aarch64_generic/kmod-nls-base"; ) | while read FILE; do grep -qxF "$FILE" /workspaces/openwrt-radxa-rock5b-plus/openwrt/staging_dir/target-aarch64_generic_musl/pkginfo/kmod-nls-base.provides || echo "$FILE" >> /workspaces/openwrt-radxa-rock5b-plus/openwrt/staging_dir/target-aarch64_generic_musl/pkginfo/kmod-nls-base.missing; done; if [ -f "/workspaces/openwrt-radxa-rock5b-plus/openwrt/staging_dir/target-aarch64_generic_musl/pkginfo/kmod-nls-base.missing" ]; then echo "Package kmod-nls-base is missing dependencies for the following libraries:" >&2; cat "/workspaces/openwrt-radxa-rock5b-plus/openwrt/staging_dir/target-aarch64_generic_musl/pkginfo/kmod-nls-base.missing" >&2; false; fi; )
export CROSS="aarch64-openwrt-linux-musl-"  NO_RENAME=1 ; NM="aarch64-openwrt-linux-musl-nm" STRIP="/workspaces/openwrt-radxa-rock5b-plus/openwrt/staging_dir/host/bin/sstrip -z" STRIP_KMOD="/workspaces/openwrt-radxa-rock5b-plus/openwrt/scripts/strip-kmod.sh" PATCHELF="/workspaces/openwrt-radxa-rock5b-plus/openwrt/staging_dir/host/bin/patchelf" /workspaces/openwrt-radxa-rock5b-plus/openwrt/scripts/rstrip.sh /workspaces/openwrt-radxa-rock5b-plus/openwrt/build_dir/target-aarch64_generic_musl/linux-rockchip_armv8/packages/ipkg-aarch64_generic/kmod-nls-base
install -d -m0755 /workspaces/openwrt-radxa-rock5b-plus/openwrt/bin/targets/rockchip/armv8/packages/tmp
mkdir -p /workspaces/openwrt-radxa-rock5b-plus/openwrt/build_dir/target-aarch64_generic_musl/linux-rockchip_armv8/packages/apk-aarch64_generic/kmod-nls-base/
mkdir -p /workspaces/openwrt-radxa-rock5b-plus/openwrt/build_dir/target-aarch64_generic_musl/linux-rockchip_armv8/packages/ipkg-aarch64_generic/kmod-nls-base/lib/apk/packages/
(cd /workspaces/openwrt-radxa-rock5b-plus/openwrt/build_dir/target-aarch64_generic_musl/linux-rockchip_armv8/packages/apk-aarch64_generic/kmod-nls-base; )
( echo "#!/bin/sh"; echo "[ \"\${IPKG_NO_SCRIPT}\" = \"1\" ] && exit 0"; echo "[ -s "\${IPKG_INSTROOT}/lib/functions.sh" ] || exit 0"; echo ". \${IPKG_INSTROOT}/lib/functions.sh"; echo 'export root="${IPKG_INSTROOT}"'; echo 'export pkgname="kmod-nls-base"'; echo "add_group_and_user"; echo "default_postinst"; [ ! -f /workspaces/openwrt-radxa-rock5b-plus/openwrt/build_dir/target-aarch64_generic_musl/linux-rockchip_armv8/packages/apk-aarch64_generic/kmod-nls-base/postinst-pkg ] || sed -z 's/^\s*#!/#!/' "/workspaces/openwrt-radxa-rock5b-plus/openwrt/build_dir/target-aarch64_generic_musl/linux-rockchip_armv8/packages/apk-aarch64_generic/kmod-nls-base/postinst-pkg"; ) > /workspaces/openwrt-radxa-rock5b-plus/openwrt/build_dir/target-aarch64_generic_musl/linux-rockchip_armv8/packages/apk-aarch64_generic/kmod-nls-base/post-install;
( echo "#!/bin/sh"; echo 'export PKG_UPGRADE=1'; [ ! -f /workspaces/openwrt-radxa-rock5b-plus/openwrt/build_dir/target-aarch64_generic_musl/linux-rockchip_armv8/packages/apk-aarch64_generic/kmod-nls-base/post-install ] || sed -z 's/^\s*#!/#!/' "/workspaces/openwrt-radxa-rock5b-plus/openwrt/build_dir/target-aarch64_generic_musl/linux-rockchip_armv8/packages/apk-aarch64_generic/kmod-nls-base/post-install"; ) > /workspaces/openwrt-radxa-rock5b-plus/openwrt/build_dir/target-aarch64_generic_musl/linux-rockchip_armv8/packages/apk-aarch64_generic/kmod-nls-base/post-upgrade;
( echo "#!/bin/sh"; echo "[ -s "\${IPKG_INSTROOT}/lib/functions.sh" ] || exit 0"; echo ". \${IPKG_INSTROOT}/lib/functions.sh"; echo 'export root="${IPKG_INSTROOT}"'; echo 'export pkgname="kmod-nls-base"'; echo "default_prerm"; [ ! -f /workspaces/openwrt-radxa-rock5b-plus/openwrt/build_dir/target-aarch64_generic_musl/linux-rockchip_armv8/packages/apk-aarch64_generic/kmod-nls-base/prerm-pkg ] || sed -z 's/^\s*#!/#!/' "/workspaces/openwrt-radxa-rock5b-plus/openwrt/build_dir/target-aarch64_generic_musl/linux-rockchip_armv8/packages/apk-aarch64_generic/kmod-nls-base/prerm-pkg"; ) > /workspaces/openwrt-radxa-rock5b-plus/openwrt/build_dir/target-aarch64_generic_musl/linux-rockchip_armv8/packages/apk-aarch64_generic/kmod-nls-base/pre-deinstall;
[ ! -f /workspaces/openwrt-radxa-rock5b-plus/openwrt/build_dir/target-aarch64_generic_musl/linux-rockchip_armv8/packages/apk-aarch64_generic/kmod-nls-base/postrm ] || sed -zi 's/^\s*#!/#!/' "/workspaces/openwrt-radxa-rock5b-plus/openwrt/build_dir/target-aarch64_generic_musl/linux-rockchip_armv8/packages/apk-aarch64_generic/kmod-nls-base/postrm";
if [ -n "" ]; then echo  > /workspaces/openwrt-radxa-rock5b-plus/openwrt/build_dir/target-aarch64_generic_musl/linux-rockchip_armv8/packages/ipkg-aarch64_generic/kmod-nls-base/lib/apk/packages/kmod-nls-base.rusers; fi;
if [ -n "" ]; then echo  > /workspaces/openwrt-radxa-rock5b-plus/openwrt/build_dir/target-aarch64_generic_musl/linux-rockchip_armv8/packages/ipkg-aarch64_generic/kmod-nls-base/lib/apk/packages/kmod-nls-base.alternatives; fi;
(cd /workspaces/openwrt-radxa-rock5b-plus/openwrt/build_dir/target-aarch64_generic_musl/linux-rockchip_armv8/packages/ipkg-aarch64_generic/kmod-nls-base && find . -type f,l -printf "/%P\n" | sort > /workspaces/openwrt-radxa-rock5b-plus/openwrt/tmp/kmod-nls-base.list && mv /workspaces/openwrt-radxa-rock5b-plus/openwrt/tmp/kmod-nls-base.list /workspaces/openwrt-radxa-rock5b-plus/openwrt/build_dir/target-aarch64_generic_musl/linux-rockchip_armv8/packages/ipkg-aarch64_generic/kmod-nls-base/lib/apk/packages/kmod-nls-base.list)
# Move conffiles to IDIR and build conffiles_static with csums
if [ -f /workspaces/openwrt-radxa-rock5b-plus/openwrt/build_dir/target-aarch64_generic_musl/linux-rockchip_armv8/packages/apk-aarch64_generic/kmod-nls-base/conffiles ]; then mv -f /workspaces/openwrt-radxa-rock5b-plus/openwrt/build_dir/target-aarch64_generic_musl/linux-rockchip_armv8/packages/apk-aarch64_generic/kmod-nls-base/conffiles /workspaces/openwrt-radxa-rock5b-plus/openwrt/build_dir/target-aarch64_generic_musl/linux-rockchip_armv8/packages/ipkg-aarch64_generic/kmod-nls-base/lib/apk/packages/kmod-nls-base.conffiles; for file in $(cat /workspaces/openwrt-radxa-rock5b-plus/openwrt/build_dir/target-aarch64_generic_musl/linux-rockchip_armv8/packages/ipkg-aarch64_generic/kmod-nls-base/lib/apk/packages/kmod-nls-base.conffiles); do [ -f /workspaces/openwrt-radxa-rock5b-plus/openwrt/build_dir/target-aarch64_generic_musl/linux-rockchip_armv8/packages/ipkg-aarch64_generic/kmod-nls-base/$file ] || continue; csum=$(/workspaces/openwrt-radxa-rock5b-plus/openwrt/staging_dir/host/bin/mkhash sha256 /workspaces/openwrt-radxa-rock5b-plus/openwrt/build_dir/target-aarch64_generic_musl/linux-rockchip_armv8/packages/ipkg-aarch64_generic/kmod-nls-base/$file); echo $file $csum >> /workspaces/openwrt-radxa-rock5b-plus/openwrt/build_dir/target-aarch64_generic_musl/linux-rockchip_armv8/packages/ipkg-aarch64_generic/kmod-nls-base/lib/apk/packages/kmod-nls-base.conffiles_static; done; fi
# Some package (base-files) manually append stuff to conffiles
# Append stuff from it and delete the CONTROL directory since everything else should be migrated
if [ -f /workspaces/openwrt-radxa-rock5b-plus/openwrt/build_dir/target-aarch64_generic_musl/linux-rockchip_armv8/packages/ipkg-aarch64_generic/kmod-nls-base/CONTROL/conffiles ]; then echo $(IDIR_kmod-nls-base)/CONTROL/conffiles >> /workspaces/openwrt-radxa-rock5b-plus/openwrt/build_dir/target-aarch64_generic_musl/linux-rockchip_armv8/packages/ipkg-aarch64_generic/kmod-nls-base/lib/apk/packages/kmod-nls-base.conffiles; for file in $(cat /workspaces/openwrt-radxa-rock5b-plus/openwrt/build_dir/target-aarch64_generic_musl/linux-rockchip_armv8/packages/ipkg-aarch64_generic/kmod-nls-base/CONTROL/conffiles); do [ -f /workspaces/openwrt-radxa-rock5b-plus/openwrt/build_dir/target-aarch64_generic_musl/linux-rockchip_armv8/packages/ipkg-aarch64_generic/kmod-nls-base/$file ] || continue; csum=$(/workspaces/openwrt-radxa-rock5b-plus/openwrt/staging_dir/host/bin/mkhash sha256 /workspaces/openwrt-radxa-rock5b-plus/openwrt/build_dir/target-aarch64_generic_musl/linux-rockchip_armv8/packages/ipkg-aarch64_generic/kmod-nls-base/$file); echo $file $csum >> /workspaces/openwrt-radxa-rock5b-plus/openwrt/build_dir/target-aarch64_generic_musl/linux-rockchip_armv8/packages/ipkg-aarch64_generic/kmod-nls-base/lib/apk/packages/kmod-nls-base.conffiles_static; done; rm -rf /workspaces/openwrt-radxa-rock5b-plus/openwrt/build_dir/target-aarch64_generic_musl/linux-rockchip_armv8/packages/ipkg-aarch64_generic/kmod-nls-base/CONTROL/conffiles; fi
if [ -z "$(ls -A /workspaces/openwrt-radxa-rock5b-plus/openwrt/build_dir/target-aarch64_generic_musl/linux-rockchip_armv8/packages/ipkg-aarch64_generic/kmod-nls-base/CONTROL 2>/dev/null)" ]; then rm -rf /workspaces/openwrt-radxa-rock5b-plus/openwrt/build_dir/target-aarch64_generic_musl/linux-rockchip_armv8/packages/ipkg-aarch64_generic/kmod-nls-base/CONTROL; else echo "CONTROL directory /workspaces/openwrt-radxa-rock5b-plus/openwrt/build_dir/target-aarch64_generic_musl/linux-rockchip_armv8/packages/ipkg-aarch64_generic/kmod-nls-base/CONTROL is not empty! This is not right and should be checked!" >&2; exit 1; fi
/workspaces/openwrt-radxa-rock5b-plus/openwrt/staging_dir/host/bin/fakeroot /workspaces/openwrt-radxa-rock5b-plus/openwrt/staging_dir/host/bin/apk mkpkg --info "name:kmod-nls-base" --info "version:6.12.45-r1"  --info "description:Kernel module for NLS (Native Language Support)" --info "arch:aarch64_generic" --info "license:GPL-2.0-only" --info "origin:feeds/base/kernel/linux" --info "url:" --info "maintainer:" --info "provides:"  --script "post-install:/workspaces/openwrt-radxa-rock5b-plus/openwrt/build_dir/target-aarch64_generic_musl/linux-rockchip_armv8/packages/apk-aarch64_generic/kmod-nls-base/post-install" --script "post-upgrade:/workspaces/openwrt-radxa-rock5b-plus/openwrt/build_dir/target-aarch64_generic_musl/linux-rockchip_armv8/packages/apk-aarch64_generic/kmod-nls-base/post-upgrade" --script "pre-deinstall:/workspaces/openwrt-radxa-rock5b-plus/openwrt/build_dir/target-aarch64_generic_musl/linux-rockchip_armv8/packages/apk-aarch64_generic/kmod-nls-base/pre-deinstall" --info "depends:kernel=6.12.45~bfdb4691414eb2d33b0186227f6f0e2d-r1" --files "/workspaces/openwrt-radxa-rock5b-plus/openwrt/build_dir/target-aarch64_generic_musl/linux-rockchip_armv8/packages/ipkg-aarch64_generic/kmod-nls-base" --output "/workspaces/openwrt-radxa-rock5b-plus/openwrt/bin/targets/rockchip/armv8/packages/kmod-nls-base-6.12.45-r1.apk" --sign "/workspaces/openwrt-radxa-rock5b-plus/openwrt/private-key.pem"
[ -f /workspaces/openwrt-radxa-rock5b-plus/openwrt/bin/targets/rockchip/armv8/packages/kmod-nls-base-6.12.45-r1.apk ]
removed '/workspaces/openwrt-radxa-rock5b-plus/openwrt/bin/targets/rockchip/armv8/packages/kmod-nls-base-6.12.45-r1.apk'
NOTICE: module '/workspaces/openwrt-radxa-rock5b-plus/openwrt/build_dir/target-aarch64_generic_musl/linux-rockchip_armv8/linux-6.12.45/fs/nls/nls_base.ko' is built-in.
rm -rf /workspaces/openwrt-radxa-rock5b-plus/openwrt/build_dir/target-aarch64_generic_musl/linux-rockchip_armv8/packages/ipkg-aarch64_generic/kmod-fs-exfat
/workspaces/openwrt-radxa-rock5b-plus/openwrt/scripts/ipkg-remove kmod-fs-exfat /workspaces/openwrt-radxa-rock5b-plus/openwrt/bin/targets/rockchip/armv8/packages/kmod-fs-exfat-6.12.45-r1.apk
mkdir -p /workspaces/openwrt-radxa-rock5b-plus/openwrt/bin/targets/rockchip/armv8/packages /workspaces/openwrt-radxa-rock5b-plus/openwrt/build_dir/target-aarch64_generic_musl/linux-rockchip_armv8/packages/ipkg-aarch64_generic/kmod-fs-exfat /workspaces/openwrt-radxa-rock5b-plus/openwrt/staging_dir/target-aarch64_generic_musl/pkginfo
for mod in /workspaces/openwrt-radxa-rock5b-plus/openwrt/build_dir/target-aarch64_generic_musl/linux-rockchip_armv8/linux-6.12.45/fs/exfat/exfat.ko; do if grep -q "${mod##/workspaces/openwrt-radxa-rock5b-plus/openwrt/build_dir/target-aarch64_generic_musl/linux-rockchip_armv8/linux-6.12.45/}" "/workspaces/openwrt-radxa-rock5b-plus/openwrt/build_dir/target-aarch64_generic_musl/linux-rockchip_armv8/linux-6.12.45/modules.builtin"; then echo "NOTICE: module '$mod' is built-in."; elif [ -e $mod ]; then mkdir -p /workspaces/openwrt-radxa-rock5b-plus/openwrt/build_dir/target-aarch64_generic_musl/linux-rockchip_armv8/packages/ipkg-aarch64_generic/kmod-fs-exfat/lib/modules/6.12.45 ; cp -fpR -L $mod /workspaces/openwrt-radxa-rock5b-plus/openwrt/build_dir/target-aarch64_generic_musl/linux-rockchip_armv8/packages/ipkg-aarch64_generic/kmod-fs-exfat/lib/modules/6.12.45/ ; else echo "ERROR: module '$mod' is missing." >&2; exit 1; fi; done;
mkdir -p /workspaces/openwrt-radxa-rock5b-plus/openwrt/build_dir/target-aarch64_generic_musl/linux-rockchip_armv8/packages/ipkg-aarch64_generic/kmod-fs-exfat/etc/modules.d; ( echo "exfat"; ) > /workspaces/openwrt-radxa-rock5b-plus/openwrt/build_dir/target-aarch64_generic_musl/linux-rockchip_armv8/packages/ipkg-aarch64_generic/kmod-fs-exfat/etc/modules.d/30-fs-exfat;  mkdir -p /workspaces/openwrt-radxa-rock5b-plus/openwrt/build_dir/target-aarch64_generic_musl/linux-rockchip_armv8/packages/ipkg-aarch64_generic/kmod-fs-exfat/etc/modules-boot.d; ln -sf ../modules.d/30-fs-exfat /workspaces/openwrt-radxa-rock5b-plus/openwrt/build_dir/target-aarch64_generic_musl/linux-rockchip_armv8/packages/ipkg-aarch64_generic/kmod-fs-exfat/etc/modules-boot.d/;



find /workspaces/openwrt-radxa-rock5b-plus/openwrt/build_dir/target-aarch64_generic_musl/linux-rockchip_armv8/packages/ipkg-aarch64_generic/kmod-fs-exfat -name 'CVS' -o -name '.svn' -o -name '.#*' -o -name '*~'| xargs -r rm -rf
( find /workspaces/openwrt-radxa-rock5b-plus/openwrt/build_dir/target-aarch64_generic_musl/linux-rockchip_armv8/packages/ipkg-aarch64_generic/kmod-fs-exfat -name lib\*.so\* -or -name \*.ko | awk -F/ '{ print $NF }'; for file in /workspaces/openwrt-radxa-rock5b-plus/openwrt/staging_dir/target-aarch64_generic_musl/pkginfo/kmod-nls-base.provides; do if [ -f "$file" ]; then cat $file; fi; done;  ) | sort -u > /workspaces/openwrt-radxa-rock5b-plus/openwrt/staging_dir/target-aarch64_generic_musl/pkginfo/kmod-fs-exfat.provides

( rm -f /workspaces/openwrt-radxa-rock5b-plus/openwrt/staging_dir/target-aarch64_generic_musl/pkginfo/kmod-fs-exfat.missing; ( export READELF=aarch64-openwrt-linux-musl-readelf OBJCOPY=aarch64-openwrt-linux-musl-objcopy XARGS="xargs -r"; /workspaces/openwrt-radxa-rock5b-plus/openwrt/scripts/gen-dependencies.sh "/workspaces/openwrt-radxa-rock5b-plus/openwrt/build_dir/target-aarch64_generic_musl/linux-rockchip_armv8/packages/ipkg-aarch64_generic/kmod-fs-exfat"; ) | while read FILE; do grep -qxF "$FILE" /workspaces/openwrt-radxa-rock5b-plus/openwrt/staging_dir/target-aarch64_generic_musl/pkginfo/kmod-fs-exfat.provides || echo "$FILE" >> /workspaces/openwrt-radxa-rock5b-plus/openwrt/staging_dir/target-aarch64_generic_musl/pkginfo/kmod-fs-exfat.missing; done; if [ -f "/workspaces/openwrt-radxa-rock5b-plus/openwrt/staging_dir/target-aarch64_generic_musl/pkginfo/kmod-fs-exfat.missing" ]; then echo "Package kmod-fs-exfat is missing dependencies for the following libraries:" >&2; cat "/workspaces/openwrt-radxa-rock5b-plus/openwrt/staging_dir/target-aarch64_generic_musl/pkginfo/kmod-fs-exfat.missing" >&2; false; fi; )
export CROSS="aarch64-openwrt-linux-musl-"  NO_RENAME=1 ; NM="aarch64-openwrt-linux-musl-nm" STRIP="/workspaces/openwrt-radxa-rock5b-plus/openwrt/staging_dir/host/bin/sstrip -z" STRIP_KMOD="/workspaces/openwrt-radxa-rock5b-plus/openwrt/scripts/strip-kmod.sh" PATCHELF="/workspaces/openwrt-radxa-rock5b-plus/openwrt/staging_dir/host/bin/patchelf" /workspaces/openwrt-radxa-rock5b-plus/openwrt/scripts/rstrip.sh /workspaces/openwrt-radxa-rock5b-plus/openwrt/build_dir/target-aarch64_generic_musl/linux-rockchip_armv8/packages/ipkg-aarch64_generic/kmod-fs-exfat
install -d -m0755 /workspaces/openwrt-radxa-rock5b-plus/openwrt/bin/targets/rockchip/armv8/packages/tmp
mkdir -p /workspaces/openwrt-radxa-rock5b-plus/openwrt/build_dir/target-aarch64_generic_musl/linux-rockchip_armv8/packages/apk-aarch64_generic/kmod-fs-exfat/
mkdir -p /workspaces/openwrt-radxa-rock5b-plus/openwrt/build_dir/target-aarch64_generic_musl/linux-rockchip_armv8/packages/ipkg-aarch64_generic/kmod-fs-exfat/lib/apk/packages/
(cd /workspaces/openwrt-radxa-rock5b-plus/openwrt/build_dir/target-aarch64_generic_musl/linux-rockchip_armv8/packages/apk-aarch64_generic/kmod-fs-exfat; )
( echo "#!/bin/sh"; echo "[ \"\${IPKG_NO_SCRIPT}\" = \"1\" ] && exit 0"; echo "[ -s "\${IPKG_INSTROOT}/lib/functions.sh" ] || exit 0"; echo ". \${IPKG_INSTROOT}/lib/functions.sh"; echo 'export root="${IPKG_INSTROOT}"'; echo 'export pkgname="kmod-fs-exfat"'; echo "add_group_and_user"; echo "default_postinst"; [ ! -f /workspaces/openwrt-radxa-rock5b-plus/openwrt/build_dir/target-aarch64_generic_musl/linux-rockchip_armv8/packages/apk-aarch64_generic/kmod-fs-exfat/postinst-pkg ] || sed -z 's/^\s*#!/#!/' "/workspaces/openwrt-radxa-rock5b-plus/openwrt/build_dir/target-aarch64_generic_musl/linux-rockchip_armv8/packages/apk-aarch64_generic/kmod-fs-exfat/postinst-pkg"; ) > /workspaces/openwrt-radxa-rock5b-plus/openwrt/build_dir/target-aarch64_generic_musl/linux-rockchip_armv8/packages/apk-aarch64_generic/kmod-fs-exfat/post-install;
( echo "#!/bin/sh"; echo 'export PKG_UPGRADE=1'; [ ! -f /workspaces/openwrt-radxa-rock5b-plus/openwrt/build_dir/target-aarch64_generic_musl/linux-rockchip_armv8/packages/apk-aarch64_generic/kmod-fs-exfat/post-install ] || sed -z 's/^\s*#!/#!/' "/workspaces/openwrt-radxa-rock5b-plus/openwrt/build_dir/target-aarch64_generic_musl/linux-rockchip_armv8/packages/apk-aarch64_generic/kmod-fs-exfat/post-install"; ) > /workspaces/openwrt-radxa-rock5b-plus/openwrt/build_dir/target-aarch64_generic_musl/linux-rockchip_armv8/packages/apk-aarch64_generic/kmod-fs-exfat/post-upgrade;
( echo "#!/bin/sh"; echo "[ -s "\${IPKG_INSTROOT}/lib/functions.sh" ] || exit 0"; echo ". \${IPKG_INSTROOT}/lib/functions.sh"; echo 'export root="${IPKG_INSTROOT}"'; echo 'export pkgname="kmod-fs-exfat"'; echo "default_prerm"; [ ! -f /workspaces/openwrt-radxa-rock5b-plus/openwrt/build_dir/target-aarch64_generic_musl/linux-rockchip_armv8/packages/apk-aarch64_generic/kmod-fs-exfat/prerm-pkg ] || sed -z 's/^\s*#!/#!/' "/workspaces/openwrt-radxa-rock5b-plus/openwrt/build_dir/target-aarch64_generic_musl/linux-rockchip_armv8/packages/apk-aarch64_generic/kmod-fs-exfat/prerm-pkg"; ) > /workspaces/openwrt-radxa-rock5b-plus/openwrt/build_dir/target-aarch64_generic_musl/linux-rockchip_armv8/packages/apk-aarch64_generic/kmod-fs-exfat/pre-deinstall;
[ ! -f /workspaces/openwrt-radxa-rock5b-plus/openwrt/build_dir/target-aarch64_generic_musl/linux-rockchip_armv8/packages/apk-aarch64_generic/kmod-fs-exfat/postrm ] || sed -zi 's/^\s*#!/#!/' "/workspaces/openwrt-radxa-rock5b-plus/openwrt/build_dir/target-aarch64_generic_musl/linux-rockchip_armv8/packages/apk-aarch64_generic/kmod-fs-exfat/postrm";
if [ -n "" ]; then echo  > /workspaces/openwrt-radxa-rock5b-plus/openwrt/build_dir/target-aarch64_generic_musl/linux-rockchip_armv8/packages/ipkg-aarch64_generic/kmod-fs-exfat/lib/apk/packages/kmod-fs-exfat.rusers; fi;
if [ -n "" ]; then echo  > /workspaces/openwrt-radxa-rock5b-plus/openwrt/build_dir/target-aarch64_generic_musl/linux-rockchip_armv8/packages/ipkg-aarch64_generic/kmod-fs-exfat/lib/apk/packages/kmod-fs-exfat.alternatives; fi;
(cd /workspaces/openwrt-radxa-rock5b-plus/openwrt/build_dir/target-aarch64_generic_musl/linux-rockchip_armv8/packages/ipkg-aarch64_generic/kmod-fs-exfat && find . -type f,l -printf "/%P\n" | sort > /workspaces/openwrt-radxa-rock5b-plus/openwrt/tmp/kmod-fs-exfat.list && mv /workspaces/openwrt-radxa-rock5b-plus/openwrt/tmp/kmod-fs-exfat.list /workspaces/openwrt-radxa-rock5b-plus/openwrt/build_dir/target-aarch64_generic_musl/linux-rockchip_armv8/packages/ipkg-aarch64_generic/kmod-fs-exfat/lib/apk/packages/kmod-fs-exfat.list)
# Move conffiles to IDIR and build conffiles_static with csums
if [ -f /workspaces/openwrt-radxa-rock5b-plus/openwrt/build_dir/target-aarch64_generic_musl/linux-rockchip_armv8/packages/apk-aarch64_generic/kmod-fs-exfat/conffiles ]; then mv -f /workspaces/openwrt-radxa-rock5b-plus/openwrt/build_dir/target-aarch64_generic_musl/linux-rockchip_armv8/packages/apk-aarch64_generic/kmod-fs-exfat/conffiles /workspaces/openwrt-radxa-rock5b-plus/openwrt/build_dir/target-aarch64_generic_musl/linux-rockchip_armv8/packages/ipkg-aarch64_generic/kmod-fs-exfat/lib/apk/packages/kmod-fs-exfat.conffiles; for file in $(cat /workspaces/openwrt-radxa-rock5b-plus/openwrt/build_dir/target-aarch64_generic_musl/linux-rockchip_armv8/packages/ipkg-aarch64_generic/kmod-fs-exfat/lib/apk/packages/kmod-fs-exfat.conffiles); do [ -f /workspaces/openwrt-radxa-rock5b-plus/openwrt/build_dir/target-aarch64_generic_musl/linux-rockchip_armv8/packages/ipkg-aarch64_generic/kmod-fs-exfat/$file ] || continue; csum=$(/workspaces/openwrt-radxa-rock5b-plus/openwrt/staging_dir/host/bin/mkhash sha256 /workspaces/openwrt-radxa-rock5b-plus/openwrt/build_dir/target-aarch64_generic_musl/linux-rockchip_armv8/packages/ipkg-aarch64_generic/kmod-fs-exfat/$file); echo $file $csum >> /workspaces/openwrt-radxa-rock5b-plus/openwrt/build_dir/target-aarch64_generic_musl/linux-rockchip_armv8/packages/ipkg-aarch64_generic/kmod-fs-exfat/lib/apk/packages/kmod-fs-exfat.conffiles_static; done; fi
# Some package (base-files) manually append stuff to conffiles
# Append stuff from it and delete the CONTROL directory since everything else should be migrated
if [ -f /workspaces/openwrt-radxa-rock5b-plus/openwrt/build_dir/target-aarch64_generic_musl/linux-rockchip_armv8/packages/ipkg-aarch64_generic/kmod-fs-exfat/CONTROL/conffiles ]; then echo $(IDIR_kmod-fs-exfat)/CONTROL/conffiles >> /workspaces/openwrt-radxa-rock5b-plus/openwrt/build_dir/target-aarch64_generic_musl/linux-rockchip_armv8/packages/ipkg-aarch64_generic/kmod-fs-exfat/lib/apk/packages/kmod-fs-exfat.conffiles; for file in $(cat /workspaces/openwrt-radxa-rock5b-plus/openwrt/build_dir/target-aarch64_generic_musl/linux-rockchip_armv8/packages/ipkg-aarch64_generic/kmod-fs-exfat/CONTROL/conffiles); do [ -f /workspaces/openwrt-radxa-rock5b-plus/openwrt/build_dir/target-aarch64_generic_musl/linux-rockchip_armv8/packages/ipkg-aarch64_generic/kmod-fs-exfat/$file ] || continue; csum=$(/workspaces/openwrt-radxa-rock5b-plus/openwrt/staging_dir/host/bin/mkhash sha256 /workspaces/openwrt-radxa-rock5b-plus/openwrt/build_dir/target-aarch64_generic_musl/linux-rockchip_armv8/packages/ipkg-aarch64_generic/kmod-fs-exfat/$file); echo $file $csum >> /workspaces/openwrt-radxa-rock5b-plus/openwrt/build_dir/target-aarch64_generic_musl/linux-rockchip_armv8/packages/ipkg-aarch64_generic/kmod-fs-exfat/lib/apk/packages/kmod-fs-exfat.conffiles_static; done; rm -rf /workspaces/openwrt-radxa-rock5b-plus/openwrt/build_dir/target-aarch64_generic_musl/linux-rockchip_armv8/packages/ipkg-aarch64_generic/kmod-fs-exfat/CONTROL/conffiles; fi
if [ -z "$(ls -A /workspaces/openwrt-radxa-rock5b-plus/openwrt/build_dir/target-aarch64_generic_musl/linux-rockchip_armv8/packages/ipkg-aarch64_generic/kmod-fs-exfat/CONTROL 2>/dev/null)" ]; then rm -rf /workspaces/openwrt-radxa-rock5b-plus/openwrt/build_dir/target-aarch64_generic_musl/linux-rockchip_armv8/packages/ipkg-aarch64_generic/kmod-fs-exfat/CONTROL; else echo "CONTROL directory /workspaces/openwrt-radxa-rock5b-plus/openwrt/build_dir/target-aarch64_generic_musl/linux-rockchip_armv8/packages/ipkg-aarch64_generic/kmod-fs-exfat/CONTROL is not empty! This is not right and should be checked!" >&2; exit 1; fi
/workspaces/openwrt-radxa-rock5b-plus/openwrt/staging_dir/host/bin/fakeroot /workspaces/openwrt-radxa-rock5b-plus/openwrt/staging_dir/host/bin/apk mkpkg --info "name:kmod-fs-exfat" --info "version:6.12.45-r1"  --info "description:Kernel module for exFAT filesystem support" --info "arch:aarch64_generic" --info "license:GPL-2.0-only" --info "origin:feeds/base/kernel/linux" --info "url:" --info "maintainer:" --info "provides:"  --script "post-install:/workspaces/openwrt-radxa-rock5b-plus/openwrt/build_dir/target-aarch64_generic_musl/linux-rockchip_armv8/packages/apk-aarch64_generic/kmod-fs-exfat/post-install" --script "post-upgrade:/workspaces/openwrt-radxa-rock5b-plus/openwrt/build_dir/target-aarch64_generic_musl/linux-rockchip_armv8/packages/apk-aarch64_generic/kmod-fs-exfat/post-upgrade" --script "pre-deinstall:/workspaces/openwrt-radxa-rock5b-plus/openwrt/build_dir/target-aarch64_generic_musl/linux-rockchip_armv8/packages/apk-aarch64_generic/kmod-fs-exfat/pre-deinstall" --info "depends:kernel=6.12.45~bfdb4691414eb2d33b0186227f6f0e2d-r1 kmod-nls-base" --files "/workspaces/openwrt-radxa-rock5b-plus/openwrt/build_dir/target-aarch64_generic_musl/linux-rockchip_armv8/packages/ipkg-aarch64_generic/kmod-fs-exfat" --output "/workspaces/openwrt-radxa-rock5b-plus/openwrt/bin/targets/rockchip/armv8/packages/kmod-fs-exfat-6.12.45-r1.apk" --sign "/workspaces/openwrt-radxa-rock5b-plus/openwrt/private-key.pem"
[ -f /workspaces/openwrt-radxa-rock5b-plus/openwrt/bin/targets/rockchip/armv8/packages/kmod-fs-exfat-6.12.45-r1.apk ]
removed '/workspaces/openwrt-radxa-rock5b-plus/openwrt/bin/targets/rockchip/armv8/packages/kmod-fs-exfat-6.12.45-r1.apk'
rstrip.sh: /workspaces/openwrt-radxa-rock5b-plus/openwrt/build_dir/target-aarch64_generic_musl/linux-rockchip_armv8/packages/ipkg-aarch64_generic/kmod-fs-exfat/lib/modules/6.12.45/exfat.ko: relocatable
rm -rf /workspaces/openwrt-radxa-rock5b-plus/openwrt/build_dir/target-aarch64_generic_musl/linux-rockchip_armv8/packages/ipkg-aarch64_generic/kmod-lib-crc16
/workspaces/openwrt-radxa-rock5b-plus/openwrt/scripts/ipkg-remove kmod-lib-crc16 /workspaces/openwrt-radxa-rock5b-plus/openwrt/bin/targets/rockchip/armv8/packages/kmod-lib-crc16-6.12.45-r1.apk
mkdir -p /workspaces/openwrt-radxa-rock5b-plus/openwrt/bin/targets/rockchip/armv8/packages /workspaces/openwrt-radxa-rock5b-plus/openwrt/build_dir/target-aarch64_generic_musl/linux-rockchip_armv8/packages/ipkg-aarch64_generic/kmod-lib-crc16 /workspaces/openwrt-radxa-rock5b-plus/openwrt/staging_dir/target-aarch64_generic_musl/pkginfo
for mod in /workspaces/openwrt-radxa-rock5b-plus/openwrt/build_dir/target-aarch64_generic_musl/linux-rockchip_armv8/linux-6.12.45/lib/crc16.ko; do if grep -q "${mod##/workspaces/openwrt-radxa-rock5b-plus/openwrt/build_dir/target-aarch64_generic_musl/linux-rockchip_armv8/linux-6.12.45/}" "/workspaces/openwrt-radxa-rock5b-plus/openwrt/build_dir/target-aarch64_generic_musl/linux-rockchip_armv8/linux-6.12.45/modules.builtin"; then echo "NOTICE: module '$mod' is built-in."; elif [ -e $mod ]; then mkdir -p /workspaces/openwrt-radxa-rock5b-plus/openwrt/build_dir/target-aarch64_generic_musl/linux-rockchip_armv8/packages/ipkg-aarch64_generic/kmod-lib-crc16/lib/modules/6.12.45 ; cp -fpR -L $mod /workspaces/openwrt-radxa-rock5b-plus/openwrt/build_dir/target-aarch64_generic_musl/linux-rockchip_armv8/packages/ipkg-aarch64_generic/kmod-lib-crc16/lib/modules/6.12.45/ ; else echo "ERROR: module '$mod' is missing." >&2; exit 1; fi; done;
mkdir -p /workspaces/openwrt-radxa-rock5b-plus/openwrt/build_dir/target-aarch64_generic_musl/linux-rockchip_armv8/packages/ipkg-aarch64_generic/kmod-lib-crc16/etc/modules.d; ( echo "crc16"; ) > /workspaces/openwrt-radxa-rock5b-plus/openwrt/build_dir/target-aarch64_generic_musl/linux-rockchip_armv8/packages/ipkg-aarch64_generic/kmod-lib-crc16/etc/modules.d/20-lib-crc16;  mkdir -p /workspaces/openwrt-radxa-rock5b-plus/openwrt/build_dir/target-aarch64_generic_musl/linux-rockchip_armv8/packages/ipkg-aarch64_generic/kmod-lib-crc16/etc/modules-boot.d; ln -sf ../modules.d/20-lib-crc16 /workspaces/openwrt-radxa-rock5b-plus/openwrt/build_dir/target-aarch64_generic_musl/linux-rockchip_armv8/packages/ipkg-aarch64_generic/kmod-lib-crc16/etc/modules-boot.d/;



find /workspaces/openwrt-radxa-rock5b-plus/openwrt/build_dir/target-aarch64_generic_musl/linux-rockchip_armv8/packages/ipkg-aarch64_generic/kmod-lib-crc16 -name 'CVS' -o -name '.svn' -o -name '.#*' -o -name '*~'| xargs -r rm -rf
( find /workspaces/openwrt-radxa-rock5b-plus/openwrt/build_dir/target-aarch64_generic_musl/linux-rockchip_armv8/packages/ipkg-aarch64_generic/kmod-lib-crc16 -name lib\*.so\* -or -name \*.ko | awk -F/ '{ print $NF }'; for file in ; do if [ -f "$file" ]; then cat $file; fi; done;  ) | sort -u > /workspaces/openwrt-radxa-rock5b-plus/openwrt/staging_dir/target-aarch64_generic_musl/pkginfo/kmod-lib-crc16.provides

( rm -f /workspaces/openwrt-radxa-rock5b-plus/openwrt/staging_dir/target-aarch64_generic_musl/pkginfo/kmod-lib-crc16.missing; ( export READELF=aarch64-openwrt-linux-musl-readelf OBJCOPY=aarch64-openwrt-linux-musl-objcopy XARGS="xargs -r"; /workspaces/openwrt-radxa-rock5b-plus/openwrt/scripts/gen-dependencies.sh "/workspaces/openwrt-radxa-rock5b-plus/openwrt/build_dir/target-aarch64_generic_musl/linux-rockchip_armv8/packages/ipkg-aarch64_generic/kmod-lib-crc16"; ) | while read FILE; do grep -qxF "$FILE" /workspaces/openwrt-radxa-rock5b-plus/openwrt/staging_dir/target-aarch64_generic_musl/pkginfo/kmod-lib-crc16.provides || echo "$FILE" >> /workspaces/openwrt-radxa-rock5b-plus/openwrt/staging_dir/target-aarch64_generic_musl/pkginfo/kmod-lib-crc16.missing; done; if [ -f "/workspaces/openwrt-radxa-rock5b-plus/openwrt/staging_dir/target-aarch64_generic_musl/pkginfo/kmod-lib-crc16.missing" ]; then echo "Package kmod-lib-crc16 is missing dependencies for the following libraries:" >&2; cat "/workspaces/openwrt-radxa-rock5b-plus/openwrt/staging_dir/target-aarch64_generic_musl/pkginfo/kmod-lib-crc16.missing" >&2; false; fi; )
export CROSS="aarch64-openwrt-linux-musl-"  NO_RENAME=1 ; NM="aarch64-openwrt-linux-musl-nm" STRIP="/workspaces/openwrt-radxa-rock5b-plus/openwrt/staging_dir/host/bin/sstrip -z" STRIP_KMOD="/workspaces/openwrt-radxa-rock5b-plus/openwrt/scripts/strip-kmod.sh" PATCHELF="/workspaces/openwrt-radxa-rock5b-plus/openwrt/staging_dir/host/bin/patchelf" /workspaces/openwrt-radxa-rock5b-plus/openwrt/scripts/rstrip.sh /workspaces/openwrt-radxa-rock5b-plus/openwrt/build_dir/target-aarch64_generic_musl/linux-rockchip_armv8/packages/ipkg-aarch64_generic/kmod-lib-crc16
install -d -m0755 /workspaces/openwrt-radxa-rock5b-plus/openwrt/bin/targets/rockchip/armv8/packages/tmp
mkdir -p /workspaces/openwrt-radxa-rock5b-plus/openwrt/build_dir/target-aarch64_generic_musl/linux-rockchip_armv8/packages/apk-aarch64_generic/kmod-lib-crc16/
mkdir -p /workspaces/openwrt-radxa-rock5b-plus/openwrt/build_dir/target-aarch64_generic_musl/linux-rockchip_armv8/packages/ipkg-aarch64_generic/kmod-lib-crc16/lib/apk/packages/
(cd /workspaces/openwrt-radxa-rock5b-plus/openwrt/build_dir/target-aarch64_generic_musl/linux-rockchip_armv8/packages/apk-aarch64_generic/kmod-lib-crc16; )
( echo "#!/bin/sh"; echo "[ \"\${IPKG_NO_SCRIPT}\" = \"1\" ] && exit 0"; echo "[ -s "\${IPKG_INSTROOT}/lib/functions.sh" ] || exit 0"; echo ". \${IPKG_INSTROOT}/lib/functions.sh"; echo 'export root="${IPKG_INSTROOT}"'; echo 'export pkgname="kmod-lib-crc16"'; echo "add_group_and_user"; echo "default_postinst"; [ ! -f /workspaces/openwrt-radxa-rock5b-plus/openwrt/build_dir/target-aarch64_generic_musl/linux-rockchip_armv8/packages/apk-aarch64_generic/kmod-lib-crc16/postinst-pkg ] || sed -z 's/^\s*#!/#!/' "/workspaces/openwrt-radxa-rock5b-plus/openwrt/build_dir/target-aarch64_generic_musl/linux-rockchip_armv8/packages/apk-aarch64_generic/kmod-lib-crc16/postinst-pkg"; ) > /workspaces/openwrt-radxa-rock5b-plus/openwrt/build_dir/target-aarch64_generic_musl/linux-rockchip_armv8/packages/apk-aarch64_generic/kmod-lib-crc16/post-install;
( echo "#!/bin/sh"; echo 'export PKG_UPGRADE=1'; [ ! -f /workspaces/openwrt-radxa-rock5b-plus/openwrt/build_dir/target-aarch64_generic_musl/linux-rockchip_armv8/packages/apk-aarch64_generic/kmod-lib-crc16/post-install ] || sed -z 's/^\s*#!/#!/' "/workspaces/openwrt-radxa-rock5b-plus/openwrt/build_dir/target-aarch64_generic_musl/linux-rockchip_armv8/packages/apk-aarch64_generic/kmod-lib-crc16/post-install"; ) > /workspaces/openwrt-radxa-rock5b-plus/openwrt/build_dir/target-aarch64_generic_musl/linux-rockchip_armv8/packages/apk-aarch64_generic/kmod-lib-crc16/post-upgrade;
( echo "#!/bin/sh"; echo "[ -s "\${IPKG_INSTROOT}/lib/functions.sh" ] || exit 0"; echo ". \${IPKG_INSTROOT}/lib/functions.sh"; echo 'export root="${IPKG_INSTROOT}"'; echo 'export pkgname="kmod-lib-crc16"'; echo "default_prerm"; [ ! -f /workspaces/openwrt-radxa-rock5b-plus/openwrt/build_dir/target-aarch64_generic_musl/linux-rockchip_armv8/packages/apk-aarch64_generic/kmod-lib-crc16/prerm-pkg ] || sed -z 's/^\s*#!/#!/' "/workspaces/openwrt-radxa-rock5b-plus/openwrt/build_dir/target-aarch64_generic_musl/linux-rockchip_armv8/packages/apk-aarch64_generic/kmod-lib-crc16/prerm-pkg"; ) > /workspaces/openwrt-radxa-rock5b-plus/openwrt/build_dir/target-aarch64_generic_musl/linux-rockchip_armv8/packages/apk-aarch64_generic/kmod-lib-crc16/pre-deinstall;
[ ! -f /workspaces/openwrt-radxa-rock5b-plus/openwrt/build_dir/target-aarch64_generic_musl/linux-rockchip_armv8/packages/apk-aarch64_generic/kmod-lib-crc16/postrm ] || sed -zi 's/^\s*#!/#!/' "/workspaces/openwrt-radxa-rock5b-plus/openwrt/build_dir/target-aarch64_generic_musl/linux-rockchip_armv8/packages/apk-aarch64_generic/kmod-lib-crc16/postrm";
if [ -n "" ]; then echo  > /workspaces/openwrt-radxa-rock5b-plus/openwrt/build_dir/target-aarch64_generic_musl/linux-rockchip_armv8/packages/ipkg-aarch64_generic/kmod-lib-crc16/lib/apk/packages/kmod-lib-crc16.rusers; fi;
if [ -n "" ]; then echo  > /workspaces/openwrt-radxa-rock5b-plus/openwrt/build_dir/target-aarch64_generic_musl/linux-rockchip_armv8/packages/ipkg-aarch64_generic/kmod-lib-crc16/lib/apk/packages/kmod-lib-crc16.alternatives; fi;
(cd /workspaces/openwrt-radxa-rock5b-plus/openwrt/build_dir/target-aarch64_generic_musl/linux-rockchip_armv8/packages/ipkg-aarch64_generic/kmod-lib-crc16 && find . -type f,l -printf "/%P\n" | sort > /workspaces/openwrt-radxa-rock5b-plus/openwrt/tmp/kmod-lib-crc16.list && mv /workspaces/openwrt-radxa-rock5b-plus/openwrt/tmp/kmod-lib-crc16.list /workspaces/openwrt-radxa-rock5b-plus/openwrt/build_dir/target-aarch64_generic_musl/linux-rockchip_armv8/packages/ipkg-aarch64_generic/kmod-lib-crc16/lib/apk/packages/kmod-lib-crc16.list)
# Move conffiles to IDIR and build conffiles_static with csums
if [ -f /workspaces/openwrt-radxa-rock5b-plus/openwrt/build_dir/target-aarch64_generic_musl/linux-rockchip_armv8/packages/apk-aarch64_generic/kmod-lib-crc16/conffiles ]; then mv -f /workspaces/openwrt-radxa-rock5b-plus/openwrt/build_dir/target-aarch64_generic_musl/linux-rockchip_armv8/packages/apk-aarch64_generic/kmod-lib-crc16/conffiles /workspaces/openwrt-radxa-rock5b-plus/openwrt/build_dir/target-aarch64_generic_musl/linux-rockchip_armv8/packages/ipkg-aarch64_generic/kmod-lib-crc16/lib/apk/packages/kmod-lib-crc16.conffiles; for file in $(cat /workspaces/openwrt-radxa-rock5b-plus/openwrt/build_dir/target-aarch64_generic_musl/linux-rockchip_armv8/packages/ipkg-aarch64_generic/kmod-lib-crc16/lib/apk/packages/kmod-lib-crc16.conffiles); do [ -f /workspaces/openwrt-radxa-rock5b-plus/openwrt/build_dir/target-aarch64_generic_musl/linux-rockchip_armv8/packages/ipkg-aarch64_generic/kmod-lib-crc16/$file ] || continue; csum=$(/workspaces/openwrt-radxa-rock5b-plus/openwrt/staging_dir/host/bin/mkhash sha256 /workspaces/openwrt-radxa-rock5b-plus/openwrt/build_dir/target-aarch64_generic_musl/linux-rockchip_armv8/packages/ipkg-aarch64_generic/kmod-lib-crc16/$file); echo $file $csum >> /workspaces/openwrt-radxa-rock5b-plus/openwrt/build_dir/target-aarch64_generic_musl/linux-rockchip_armv8/packages/ipkg-aarch64_generic/kmod-lib-crc16/lib/apk/packages/kmod-lib-crc16.conffiles_static; done; fi
# Some package (base-files) manually append stuff to conffiles
# Append stuff from it and delete the CONTROL directory since everything else should be migrated
if [ -f /workspaces/openwrt-radxa-rock5b-plus/openwrt/build_dir/target-aarch64_generic_musl/linux-rockchip_armv8/packages/ipkg-aarch64_generic/kmod-lib-crc16/CONTROL/conffiles ]; then echo $(IDIR_kmod-lib-crc16)/CONTROL/conffiles >> /workspaces/openwrt-radxa-rock5b-plus/openwrt/build_dir/target-aarch64_generic_musl/linux-rockchip_armv8/packages/ipkg-aarch64_generic/kmod-lib-crc16/lib/apk/packages/kmod-lib-crc16.conffiles; for file in $(cat /workspaces/openwrt-radxa-rock5b-plus/openwrt/build_dir/target-aarch64_generic_musl/linux-rockchip_armv8/packages/ipkg-aarch64_generic/kmod-lib-crc16/CONTROL/conffiles); do [ -f /workspaces/openwrt-radxa-rock5b-plus/openwrt/build_dir/target-aarch64_generic_musl/linux-rockchip_armv8/packages/ipkg-aarch64_generic/kmod-lib-crc16/$file ] || continue; csum=$(/workspaces/openwrt-radxa-rock5b-plus/openwrt/staging_dir/host/bin/mkhash sha256 /workspaces/openwrt-radxa-rock5b-plus/openwrt/build_dir/target-aarch64_generic_musl/linux-rockchip_armv8/packages/ipkg-aarch64_generic/kmod-lib-crc16/$file); echo $file $csum >> /workspaces/openwrt-radxa-rock5b-plus/openwrt/build_dir/target-aarch64_generic_musl/linux-rockchip_armv8/packages/ipkg-aarch64_generic/kmod-lib-crc16/lib/apk/packages/kmod-lib-crc16.conffiles_static; done; rm -rf /workspaces/openwrt-radxa-rock5b-plus/openwrt/build_dir/target-aarch64_generic_musl/linux-rockchip_armv8/packages/ipkg-aarch64_generic/kmod-lib-crc16/CONTROL/conffiles; fi
if [ -z "$(ls -A /workspaces/openwrt-radxa-rock5b-plus/openwrt/build_dir/target-aarch64_generic_musl/linux-rockchip_armv8/packages/ipkg-aarch64_generic/kmod-lib-crc16/CONTROL 2>/dev/null)" ]; then rm -rf /workspaces/openwrt-radxa-rock5b-plus/openwrt/build_dir/target-aarch64_generic_musl/linux-rockchip_armv8/packages/ipkg-aarch64_generic/kmod-lib-crc16/CONTROL; else echo "CONTROL directory /workspaces/openwrt-radxa-rock5b-plus/openwrt/build_dir/target-aarch64_generic_musl/linux-rockchip_armv8/packages/ipkg-aarch64_generic/kmod-lib-crc16/CONTROL is not empty! This is not right and should be checked!" >&2; exit 1; fi
/workspaces/openwrt-radxa-rock5b-plus/openwrt/staging_dir/host/bin/fakeroot /workspaces/openwrt-radxa-rock5b-plus/openwrt/staging_dir/host/bin/apk mkpkg --info "name:kmod-lib-crc16" --info "version:6.12.45-r1"  --info "description:Kernel module for CRC16 support" --info "arch:aarch64_generic" --info "license:GPL-2.0-only" --info "origin:feeds/base/kernel/linux" --info "url:" --info "maintainer:" --info "provides:"  --script "post-install:/workspaces/openwrt-radxa-rock5b-plus/openwrt/build_dir/target-aarch64_generic_musl/linux-rockchip_armv8/packages/apk-aarch64_generic/kmod-lib-crc16/post-install" --script "post-upgrade:/workspaces/openwrt-radxa-rock5b-plus/openwrt/build_dir/target-aarch64_generic_musl/linux-rockchip_armv8/packages/apk-aarch64_generic/kmod-lib-crc16/post-upgrade" --script "pre-deinstall:/workspaces/openwrt-radxa-rock5b-plus/openwrt/build_dir/target-aarch64_generic_musl/linux-rockchip_armv8/packages/apk-aarch64_generic/kmod-lib-crc16/pre-deinstall" --info "depends:kernel=6.12.45~bfdb4691414eb2d33b0186227f6f0e2d-r1" --files "/workspaces/openwrt-radxa-rock5b-plus/openwrt/build_dir/target-aarch64_generic_musl/linux-rockchip_armv8/packages/ipkg-aarch64_generic/kmod-lib-crc16" --output "/workspaces/openwrt-radxa-rock5b-plus/openwrt/bin/targets/rockchip/armv8/packages/kmod-lib-crc16-6.12.45-r1.apk" --sign "/workspaces/openwrt-radxa-rock5b-plus/openwrt/private-key.pem"
[ -f /workspaces/openwrt-radxa-rock5b-plus/openwrt/bin/targets/rockchip/armv8/packages/kmod-lib-crc16-6.12.45-r1.apk ]
removed '/workspaces/openwrt-radxa-rock5b-plus/openwrt/bin/targets/rockchip/armv8/packages/kmod-lib-crc16-6.12.45-r1.apk'
NOTICE: module '/workspaces/openwrt-radxa-rock5b-plus/openwrt/build_dir/target-aarch64_generic_musl/linux-rockchip_armv8/linux-6.12.45/lib/crc16.ko' is built-in.
rm -rf /workspaces/openwrt-radxa-rock5b-plus/openwrt/build_dir/target-aarch64_generic_musl/linux-rockchip_armv8/packages/ipkg-aarch64_generic/kmod-fs-ext4
/workspaces/openwrt-radxa-rock5b-plus/openwrt/scripts/ipkg-remove kmod-fs-ext4 /workspaces/openwrt-radxa-rock5b-plus/openwrt/bin/targets/rockchip/armv8/packages/kmod-fs-ext4-6.12.45-r1.apk
mkdir -p /workspaces/openwrt-radxa-rock5b-plus/openwrt/bin/targets/rockchip/armv8/packages /workspaces/openwrt-radxa-rock5b-plus/openwrt/build_dir/target-aarch64_generic_musl/linux-rockchip_armv8/packages/ipkg-aarch64_generic/kmod-fs-ext4 /workspaces/openwrt-radxa-rock5b-plus/openwrt/staging_dir/target-aarch64_generic_musl/pkginfo
for mod in /workspaces/openwrt-radxa-rock5b-plus/openwrt/build_dir/target-aarch64_generic_musl/linux-rockchip_armv8/linux-6.12.45/fs/ext4/ext4.ko /workspaces/openwrt-radxa-rock5b-plus/openwrt/build_dir/target-aarch64_generic_musl/linux-rockchip_armv8/linux-6.12.45/fs/jbd2/jbd2.ko /workspaces/openwrt-radxa-rock5b-plus/openwrt/build_dir/target-aarch64_generic_musl/linux-rockchip_armv8/linux-6.12.45/fs/mbcache.ko; do if grep -q "${mod##/workspaces/openwrt-radxa-rock5b-plus/openwrt/build_dir/target-aarch64_generic_musl/linux-rockchip_armv8/linux-6.12.45/}" "/workspaces/openwrt-radxa-rock5b-plus/openwrt/build_dir/target-aarch64_generic_musl/linux-rockchip_armv8/linux-6.12.45/modules.builtin"; then echo "NOTICE: module '$mod' is built-in."; elif [ -e $mod ]; then mkdir -p /workspaces/openwrt-radxa-rock5b-plus/openwrt/build_dir/target-aarch64_generic_musl/linux-rockchip_armv8/packages/ipkg-aarch64_generic/kmod-fs-ext4/lib/modules/6.12.45 ; cp -fpR -L $mod /workspaces/openwrt-radxa-rock5b-plus/openwrt/build_dir/target-aarch64_generic_musl/linux-rockchip_armv8/packages/ipkg-aarch64_generic/kmod-fs-ext4/lib/modules/6.12.45/ ; else echo "ERROR: module '$mod' is missing." >&2; exit 1; fi; done;
mkdir -p /workspaces/openwrt-radxa-rock5b-plus/openwrt/build_dir/target-aarch64_generic_musl/linux-rockchip_armv8/packages/ipkg-aarch64_generic/kmod-fs-ext4/etc/modules.d; ( echo "ext4";   echo "jbd2";   echo "mbcache"; ) > /workspaces/openwrt-radxa-rock5b-plus/openwrt/build_dir/target-aarch64_generic_musl/linux-rockchip_armv8/packages/ipkg-aarch64_generic/kmod-fs-ext4/etc/modules.d/30-fs-ext4;  mkdir -p /workspaces/openwrt-radxa-rock5b-plus/openwrt/build_dir/target-aarch64_generic_musl/linux-rockchip_armv8/packages/ipkg-aarch64_generic/kmod-fs-ext4/etc/modules-boot.d; ln -sf ../modules.d/30-fs-ext4 /workspaces/openwrt-radxa-rock5b-plus/openwrt/build_dir/target-aarch64_generic_musl/linux-rockchip_armv8/packages/ipkg-aarch64_generic/kmod-fs-ext4/etc/modules-boot.d/;



find /workspaces/openwrt-radxa-rock5b-plus/openwrt/build_dir/target-aarch64_generic_musl/linux-rockchip_armv8/packages/ipkg-aarch64_generic/kmod-fs-ext4 -name 'CVS' -o -name '.svn' -o -name '.#*' -o -name '*~'| xargs -r rm -rf
( find /workspaces/openwrt-radxa-rock5b-plus/openwrt/build_dir/target-aarch64_generic_musl/linux-rockchip_armv8/packages/ipkg-aarch64_generic/kmod-fs-ext4 -name lib\*.so\* -or -name \*.ko | awk -F/ '{ print $NF }'; for file in /workspaces/openwrt-radxa-rock5b-plus/openwrt/staging_dir/target-aarch64_generic_musl/pkginfo/kmod-lib-crc16.provides /workspaces/openwrt-radxa-rock5b-plus/openwrt/staging_dir/target-aarch64_generic_musl/pkginfo/kmod-crypto-hash.provides /workspaces/openwrt-radxa-rock5b-plus/openwrt/staging_dir/target-aarch64_generic_musl/pkginfo/kmod-crypto-crc32c.provides; do if [ -f "$file" ]; then cat $file; fi; done;  ) | sort -u > /workspaces/openwrt-radxa-rock5b-plus/openwrt/staging_dir/target-aarch64_generic_musl/pkginfo/kmod-fs-ext4.provides

( rm -f /workspaces/openwrt-radxa-rock5b-plus/openwrt/staging_dir/target-aarch64_generic_musl/pkginfo/kmod-fs-ext4.missing; ( export READELF=aarch64-openwrt-linux-musl-readelf OBJCOPY=aarch64-openwrt-linux-musl-objcopy XARGS="xargs -r"; /workspaces/openwrt-radxa-rock5b-plus/openwrt/scripts/gen-dependencies.sh "/workspaces/openwrt-radxa-rock5b-plus/openwrt/build_dir/target-aarch64_generic_musl/linux-rockchip_armv8/packages/ipkg-aarch64_generic/kmod-fs-ext4"; ) | while read FILE; do grep -qxF "$FILE" /workspaces/openwrt-radxa-rock5b-plus/openwrt/staging_dir/target-aarch64_generic_musl/pkginfo/kmod-fs-ext4.provides || echo "$FILE" >> /workspaces/openwrt-radxa-rock5b-plus/openwrt/staging_dir/target-aarch64_generic_musl/pkginfo/kmod-fs-ext4.missing; done; if [ -f "/workspaces/openwrt-radxa-rock5b-plus/openwrt/staging_dir/target-aarch64_generic_musl/pkginfo/kmod-fs-ext4.missing" ]; then echo "Package kmod-fs-ext4 is missing dependencies for the following libraries:" >&2; cat "/workspaces/openwrt-radxa-rock5b-plus/openwrt/staging_dir/target-aarch64_generic_musl/pkginfo/kmod-fs-ext4.missing" >&2; false; fi; )
export CROSS="aarch64-openwrt-linux-musl-"  NO_RENAME=1 ; NM="aarch64-openwrt-linux-musl-nm" STRIP="/workspaces/openwrt-radxa-rock5b-plus/openwrt/staging_dir/host/bin/sstrip -z" STRIP_KMOD="/workspaces/openwrt-radxa-rock5b-plus/openwrt/scripts/strip-kmod.sh" PATCHELF="/workspaces/openwrt-radxa-rock5b-plus/openwrt/staging_dir/host/bin/patchelf" /workspaces/openwrt-radxa-rock5b-plus/openwrt/scripts/rstrip.sh /workspaces/openwrt-radxa-rock5b-plus/openwrt/build_dir/target-aarch64_generic_musl/linux-rockchip_armv8/packages/ipkg-aarch64_generic/kmod-fs-ext4
install -d -m0755 /workspaces/openwrt-radxa-rock5b-plus/openwrt/bin/targets/rockchip/armv8/packages/tmp
mkdir -p /workspaces/openwrt-radxa-rock5b-plus/openwrt/build_dir/target-aarch64_generic_musl/linux-rockchip_armv8/packages/apk-aarch64_generic/kmod-fs-ext4/
mkdir -p /workspaces/openwrt-radxa-rock5b-plus/openwrt/build_dir/target-aarch64_generic_musl/linux-rockchip_armv8/packages/ipkg-aarch64_generic/kmod-fs-ext4/lib/apk/packages/
(cd /workspaces/openwrt-radxa-rock5b-plus/openwrt/build_dir/target-aarch64_generic_musl/linux-rockchip_armv8/packages/apk-aarch64_generic/kmod-fs-ext4; )
( echo "#!/bin/sh"; echo "[ \"\${IPKG_NO_SCRIPT}\" = \"1\" ] && exit 0"; echo "[ -s "\${IPKG_INSTROOT}/lib/functions.sh" ] || exit 0"; echo ". \${IPKG_INSTROOT}/lib/functions.sh"; echo 'export root="${IPKG_INSTROOT}"'; echo 'export pkgname="kmod-fs-ext4"'; echo "add_group_and_user"; echo "default_postinst"; [ ! -f /workspaces/openwrt-radxa-rock5b-plus/openwrt/build_dir/target-aarch64_generic_musl/linux-rockchip_armv8/packages/apk-aarch64_generic/kmod-fs-ext4/postinst-pkg ] || sed -z 's/^\s*#!/#!/' "/workspaces/openwrt-radxa-rock5b-plus/openwrt/build_dir/target-aarch64_generic_musl/linux-rockchip_armv8/packages/apk-aarch64_generic/kmod-fs-ext4/postinst-pkg"; ) > /workspaces/openwrt-radxa-rock5b-plus/openwrt/build_dir/target-aarch64_generic_musl/linux-rockchip_armv8/packages/apk-aarch64_generic/kmod-fs-ext4/post-install;
( echo "#!/bin/sh"; echo 'export PKG_UPGRADE=1'; [ ! -f /workspaces/openwrt-radxa-rock5b-plus/openwrt/build_dir/target-aarch64_generic_musl/linux-rockchip_armv8/packages/apk-aarch64_generic/kmod-fs-ext4/post-install ] || sed -z 's/^\s*#!/#!/' "/workspaces/openwrt-radxa-rock5b-plus/openwrt/build_dir/target-aarch64_generic_musl/linux-rockchip_armv8/packages/apk-aarch64_generic/kmod-fs-ext4/post-install"; ) > /workspaces/openwrt-radxa-rock5b-plus/openwrt/build_dir/target-aarch64_generic_musl/linux-rockchip_armv8/packages/apk-aarch64_generic/kmod-fs-ext4/post-upgrade;
( echo "#!/bin/sh"; echo "[ -s "\${IPKG_INSTROOT}/lib/functions.sh" ] || exit 0"; echo ". \${IPKG_INSTROOT}/lib/functions.sh"; echo 'export root="${IPKG_INSTROOT}"'; echo 'export pkgname="kmod-fs-ext4"'; echo "default_prerm"; [ ! -f /workspaces/openwrt-radxa-rock5b-plus/openwrt/build_dir/target-aarch64_generic_musl/linux-rockchip_armv8/packages/apk-aarch64_generic/kmod-fs-ext4/prerm-pkg ] || sed -z 's/^\s*#!/#!/' "/workspaces/openwrt-radxa-rock5b-plus/openwrt/build_dir/target-aarch64_generic_musl/linux-rockchip_armv8/packages/apk-aarch64_generic/kmod-fs-ext4/prerm-pkg"; ) > /workspaces/openwrt-radxa-rock5b-plus/openwrt/build_dir/target-aarch64_generic_musl/linux-rockchip_armv8/packages/apk-aarch64_generic/kmod-fs-ext4/pre-deinstall;
[ ! -f /workspaces/openwrt-radxa-rock5b-plus/openwrt/build_dir/target-aarch64_generic_musl/linux-rockchip_armv8/packages/apk-aarch64_generic/kmod-fs-ext4/postrm ] || sed -zi 's/^\s*#!/#!/' "/workspaces/openwrt-radxa-rock5b-plus/openwrt/build_dir/target-aarch64_generic_musl/linux-rockchip_armv8/packages/apk-aarch64_generic/kmod-fs-ext4/postrm";
if [ -n "" ]; then echo  > /workspaces/openwrt-radxa-rock5b-plus/openwrt/build_dir/target-aarch64_generic_musl/linux-rockchip_armv8/packages/ipkg-aarch64_generic/kmod-fs-ext4/lib/apk/packages/kmod-fs-ext4.rusers; fi;
if [ -n "" ]; then echo  > /workspaces/openwrt-radxa-rock5b-plus/openwrt/build_dir/target-aarch64_generic_musl/linux-rockchip_armv8/packages/ipkg-aarch64_generic/kmod-fs-ext4/lib/apk/packages/kmod-fs-ext4.alternatives; fi;
(cd /workspaces/openwrt-radxa-rock5b-plus/openwrt/build_dir/target-aarch64_generic_musl/linux-rockchip_armv8/packages/ipkg-aarch64_generic/kmod-fs-ext4 && find . -type f,l -printf "/%P\n" | sort > /workspaces/openwrt-radxa-rock5b-plus/openwrt/tmp/kmod-fs-ext4.list && mv /workspaces/openwrt-radxa-rock5b-plus/openwrt/tmp/kmod-fs-ext4.list /workspaces/openwrt-radxa-rock5b-plus/openwrt/build_dir/target-aarch64_generic_musl/linux-rockchip_armv8/packages/ipkg-aarch64_generic/kmod-fs-ext4/lib/apk/packages/kmod-fs-ext4.list)
# Move conffiles to IDIR and build conffiles_static with csums
if [ -f /workspaces/openwrt-radxa-rock5b-plus/openwrt/build_dir/target-aarch64_generic_musl/linux-rockchip_armv8/packages/apk-aarch64_generic/kmod-fs-ext4/conffiles ]; then mv -f /workspaces/openwrt-radxa-rock5b-plus/openwrt/build_dir/target-aarch64_generic_musl/linux-rockchip_armv8/packages/apk-aarch64_generic/kmod-fs-ext4/conffiles /workspaces/openwrt-radxa-rock5b-plus/openwrt/build_dir/target-aarch64_generic_musl/linux-rockchip_armv8/packages/ipkg-aarch64_generic/kmod-fs-ext4/lib/apk/packages/kmod-fs-ext4.conffiles; for file in $(cat /workspaces/openwrt-radxa-rock5b-plus/openwrt/build_dir/target-aarch64_generic_musl/linux-rockchip_armv8/packages/ipkg-aarch64_generic/kmod-fs-ext4/lib/apk/packages/kmod-fs-ext4.conffiles); do [ -f /workspaces/openwrt-radxa-rock5b-plus/openwrt/build_dir/target-aarch64_generic_musl/linux-rockchip_armv8/packages/ipkg-aarch64_generic/kmod-fs-ext4/$file ] || continue; csum=$(/workspaces/openwrt-radxa-rock5b-plus/openwrt/staging_dir/host/bin/mkhash sha256 /workspaces/openwrt-radxa-rock5b-plus/openwrt/build_dir/target-aarch64_generic_musl/linux-rockchip_armv8/packages/ipkg-aarch64_generic/kmod-fs-ext4/$file); echo $file $csum >> /workspaces/openwrt-radxa-rock5b-plus/openwrt/build_dir/target-aarch64_generic_musl/linux-rockchip_armv8/packages/ipkg-aarch64_generic/kmod-fs-ext4/lib/apk/packages/kmod-fs-ext4.conffiles_static; done; fi
# Some package (base-files) manually append stuff to conffiles
# Append stuff from it and delete the CONTROL directory since everything else should be migrated
if [ -f /workspaces/openwrt-radxa-rock5b-plus/openwrt/build_dir/target-aarch64_generic_musl/linux-rockchip_armv8/packages/ipkg-aarch64_generic/kmod-fs-ext4/CONTROL/conffiles ]; then echo $(IDIR_kmod-fs-ext4)/CONTROL/conffiles >> /workspaces/openwrt-radxa-rock5b-plus/openwrt/build_dir/target-aarch64_generic_musl/linux-rockchip_armv8/packages/ipkg-aarch64_generic/kmod-fs-ext4/lib/apk/packages/kmod-fs-ext4.conffiles; for file in $(cat /workspaces/openwrt-radxa-rock5b-plus/openwrt/build_dir/target-aarch64_generic_musl/linux-rockchip_armv8/packages/ipkg-aarch64_generic/kmod-fs-ext4/CONTROL/conffiles); do [ -f /workspaces/openwrt-radxa-rock5b-plus/openwrt/build_dir/target-aarch64_generic_musl/linux-rockchip_armv8/packages/ipkg-aarch64_generic/kmod-fs-ext4/$file ] || continue; csum=$(/workspaces/openwrt-radxa-rock5b-plus/openwrt/staging_dir/host/bin/mkhash sha256 /workspaces/openwrt-radxa-rock5b-plus/openwrt/build_dir/target-aarch64_generic_musl/linux-rockchip_armv8/packages/ipkg-aarch64_generic/kmod-fs-ext4/$file); echo $file $csum >> /workspaces/openwrt-radxa-rock5b-plus/openwrt/build_dir/target-aarch64_generic_musl/linux-rockchip_armv8/packages/ipkg-aarch64_generic/kmod-fs-ext4/lib/apk/packages/kmod-fs-ext4.conffiles_static; done; rm -rf /workspaces/openwrt-radxa-rock5b-plus/openwrt/build_dir/target-aarch64_generic_musl/linux-rockchip_armv8/packages/ipkg-aarch64_generic/kmod-fs-ext4/CONTROL/conffiles; fi
if [ -z "$(ls -A /workspaces/openwrt-radxa-rock5b-plus/openwrt/build_dir/target-aarch64_generic_musl/linux-rockchip_armv8/packages/ipkg-aarch64_generic/kmod-fs-ext4/CONTROL 2>/dev/null)" ]; then rm -rf /workspaces/openwrt-radxa-rock5b-plus/openwrt/build_dir/target-aarch64_generic_musl/linux-rockchip_armv8/packages/ipkg-aarch64_generic/kmod-fs-ext4/CONTROL; else echo "CONTROL directory /workspaces/openwrt-radxa-rock5b-plus/openwrt/build_dir/target-aarch64_generic_musl/linux-rockchip_armv8/packages/ipkg-aarch64_generic/kmod-fs-ext4/CONTROL is not empty! This is not right and should be checked!" >&2; exit 1; fi
/workspaces/openwrt-radxa-rock5b-plus/openwrt/staging_dir/host/bin/fakeroot /workspaces/openwrt-radxa-rock5b-plus/openwrt/staging_dir/host/bin/apk mkpkg --info "name:kmod-fs-ext4" --info "version:6.12.45-r1"  --info "description:Kernel module for EXT4 filesystem support" --info "arch:aarch64_generic" --info "license:GPL-2.0-only" --info "origin:feeds/base/kernel/linux" --info "url:" --info "maintainer:" --info "provides:"  --script "post-install:/workspaces/openwrt-radxa-rock5b-plus/openwrt/build_dir/target-aarch64_generic_musl/linux-rockchip_armv8/packages/apk-aarch64_generic/kmod-fs-ext4/post-install" --script "post-upgrade:/workspaces/openwrt-radxa-rock5b-plus/openwrt/build_dir/target-aarch64_generic_musl/linux-rockchip_armv8/packages/apk-aarch64_generic/kmod-fs-ext4/post-upgrade" --script "pre-deinstall:/workspaces/openwrt-radxa-rock5b-plus/openwrt/build_dir/target-aarch64_generic_musl/linux-rockchip_armv8/packages/apk-aarch64_generic/kmod-fs-ext4/pre-deinstall" --info "depends:kernel=6.12.45~bfdb4691414eb2d33b0186227f6f0e2d-r1 kmod-lib-crc16 kmod-crypto-hash kmod-crypto-crc32c" --files "/workspaces/openwrt-radxa-rock5b-plus/openwrt/build_dir/target-aarch64_generic_musl/linux-rockchip_armv8/packages/ipkg-aarch64_generic/kmod-fs-ext4" --output "/workspaces/openwrt-radxa-rock5b-plus/openwrt/bin/targets/rockchip/armv8/packages/kmod-fs-ext4-6.12.45-r1.apk" --sign "/workspaces/openwrt-radxa-rock5b-plus/openwrt/private-key.pem"
[ -f /workspaces/openwrt-radxa-rock5b-plus/openwrt/bin/targets/rockchip/armv8/packages/kmod-fs-ext4-6.12.45-r1.apk ]
removed '/workspaces/openwrt-radxa-rock5b-plus/openwrt/bin/targets/rockchip/armv8/packages/kmod-fs-ext4-6.12.45-r1.apk'
NOTICE: module '/workspaces/openwrt-radxa-rock5b-plus/openwrt/build_dir/target-aarch64_generic_musl/linux-rockchip_armv8/linux-6.12.45/fs/ext4/ext4.ko' is built-in.
NOTICE: module '/workspaces/openwrt-radxa-rock5b-plus/openwrt/build_dir/target-aarch64_generic_musl/linux-rockchip_armv8/linux-6.12.45/fs/jbd2/jbd2.ko' is built-in.
NOTICE: module '/workspaces/openwrt-radxa-rock5b-plus/openwrt/build_dir/target-aarch64_generic_musl/linux-rockchip_armv8/linux-6.12.45/fs/mbcache.ko' is built-in.
rm -rf /workspaces/openwrt-radxa-rock5b-plus/openwrt/build_dir/target-aarch64_generic_musl/linux-rockchip_armv8/packages/ipkg-aarch64_generic/kmod-nls-cp437
/workspaces/openwrt-radxa-rock5b-plus/openwrt/scripts/ipkg-remove kmod-nls-cp437 /workspaces/openwrt-radxa-rock5b-plus/openwrt/bin/targets/rockchip/armv8/packages/kmod-nls-cp437-6.12.45-r1.apk
mkdir -p /workspaces/openwrt-radxa-rock5b-plus/openwrt/bin/targets/rockchip/armv8/packages /workspaces/openwrt-radxa-rock5b-plus/openwrt/build_dir/target-aarch64_generic_musl/linux-rockchip_armv8/packages/ipkg-aarch64_generic/kmod-nls-cp437 /workspaces/openwrt-radxa-rock5b-plus/openwrt/staging_dir/target-aarch64_generic_musl/pkginfo
for mod in /workspaces/openwrt-radxa-rock5b-plus/openwrt/build_dir/target-aarch64_generic_musl/linux-rockchip_armv8/linux-6.12.45/fs/nls/nls_cp437.ko; do if grep -q "${mod##/workspaces/openwrt-radxa-rock5b-plus/openwrt/build_dir/target-aarch64_generic_musl/linux-rockchip_armv8/linux-6.12.45/}" "/workspaces/openwrt-radxa-rock5b-plus/openwrt/build_dir/target-aarch64_generic_musl/linux-rockchip_armv8/linux-6.12.45/modules.builtin"; then echo "NOTICE: module '$mod' is built-in."; elif [ -e $mod ]; then mkdir -p /workspaces/openwrt-radxa-rock5b-plus/openwrt/build_dir/target-aarch64_generic_musl/linux-rockchip_armv8/packages/ipkg-aarch64_generic/kmod-nls-cp437/lib/modules/6.12.45 ; cp -fpR -L $mod /workspaces/openwrt-radxa-rock5b-plus/openwrt/build_dir/target-aarch64_generic_musl/linux-rockchip_armv8/packages/ipkg-aarch64_generic/kmod-nls-cp437/lib/modules/6.12.45/ ; else echo "ERROR: module '$mod' is missing." >&2; exit 1; fi; done;
mkdir -p /workspaces/openwrt-radxa-rock5b-plus/openwrt/build_dir/target-aarch64_generic_musl/linux-rockchip_armv8/packages/ipkg-aarch64_generic/kmod-nls-cp437/etc/modules.d; ( echo "nls_cp437"; ) > /workspaces/openwrt-radxa-rock5b-plus/openwrt/build_dir/target-aarch64_generic_musl/linux-rockchip_armv8/packages/ipkg-aarch64_generic/kmod-nls-cp437/etc/modules.d/25-nls-cp437; 



find /workspaces/openwrt-radxa-rock5b-plus/openwrt/build_dir/target-aarch64_generic_musl/linux-rockchip_armv8/packages/ipkg-aarch64_generic/kmod-nls-cp437 -name 'CVS' -o -name '.svn' -o -name '.#*' -o -name '*~'| xargs -r rm -rf
( find /workspaces/openwrt-radxa-rock5b-plus/openwrt/build_dir/target-aarch64_generic_musl/linux-rockchip_armv8/packages/ipkg-aarch64_generic/kmod-nls-cp437 -name lib\*.so\* -or -name \*.ko | awk -F/ '{ print $NF }'; for file in /workspaces/openwrt-radxa-rock5b-plus/openwrt/staging_dir/target-aarch64_generic_musl/pkginfo/kmod-nls-base.provides; do if [ -f "$file" ]; then cat $file; fi; done;  ) | sort -u > /workspaces/openwrt-radxa-rock5b-plus/openwrt/staging_dir/target-aarch64_generic_musl/pkginfo/kmod-nls-cp437.provides

( rm -f /workspaces/openwrt-radxa-rock5b-plus/openwrt/staging_dir/target-aarch64_generic_musl/pkginfo/kmod-nls-cp437.missing; ( export READELF=aarch64-openwrt-linux-musl-readelf OBJCOPY=aarch64-openwrt-linux-musl-objcopy XARGS="xargs -r"; /workspaces/openwrt-radxa-rock5b-plus/openwrt/scripts/gen-dependencies.sh "/workspaces/openwrt-radxa-rock5b-plus/openwrt/build_dir/target-aarch64_generic_musl/linux-rockchip_armv8/packages/ipkg-aarch64_generic/kmod-nls-cp437"; ) | while read FILE; do grep -qxF "$FILE" /workspaces/openwrt-radxa-rock5b-plus/openwrt/staging_dir/target-aarch64_generic_musl/pkginfo/kmod-nls-cp437.provides || echo "$FILE" >> /workspaces/openwrt-radxa-rock5b-plus/openwrt/staging_dir/target-aarch64_generic_musl/pkginfo/kmod-nls-cp437.missing; done; if [ -f "/workspaces/openwrt-radxa-rock5b-plus/openwrt/staging_dir/target-aarch64_generic_musl/pkginfo/kmod-nls-cp437.missing" ]; then echo "Package kmod-nls-cp437 is missing dependencies for the following libraries:" >&2; cat "/workspaces/openwrt-radxa-rock5b-plus/openwrt/staging_dir/target-aarch64_generic_musl/pkginfo/kmod-nls-cp437.missing" >&2; false; fi; )
export CROSS="aarch64-openwrt-linux-musl-"  NO_RENAME=1 ; NM="aarch64-openwrt-linux-musl-nm" STRIP="/workspaces/openwrt-radxa-rock5b-plus/openwrt/staging_dir/host/bin/sstrip -z" STRIP_KMOD="/workspaces/openwrt-radxa-rock5b-plus/openwrt/scripts/strip-kmod.sh" PATCHELF="/workspaces/openwrt-radxa-rock5b-plus/openwrt/staging_dir/host/bin/patchelf" /workspaces/openwrt-radxa-rock5b-plus/openwrt/scripts/rstrip.sh /workspaces/openwrt-radxa-rock5b-plus/openwrt/build_dir/target-aarch64_generic_musl/linux-rockchip_armv8/packages/ipkg-aarch64_generic/kmod-nls-cp437
install -d -m0755 /workspaces/openwrt-radxa-rock5b-plus/openwrt/bin/targets/rockchip/armv8/packages/tmp
mkdir -p /workspaces/openwrt-radxa-rock5b-plus/openwrt/build_dir/target-aarch64_generic_musl/linux-rockchip_armv8/packages/apk-aarch64_generic/kmod-nls-cp437/
mkdir -p /workspaces/openwrt-radxa-rock5b-plus/openwrt/build_dir/target-aarch64_generic_musl/linux-rockchip_armv8/packages/ipkg-aarch64_generic/kmod-nls-cp437/lib/apk/packages/
(cd /workspaces/openwrt-radxa-rock5b-plus/openwrt/build_dir/target-aarch64_generic_musl/linux-rockchip_armv8/packages/apk-aarch64_generic/kmod-nls-cp437; )
( echo "#!/bin/sh"; echo "[ \"\${IPKG_NO_SCRIPT}\" = \"1\" ] && exit 0"; echo "[ -s "\${IPKG_INSTROOT}/lib/functions.sh" ] || exit 0"; echo ". \${IPKG_INSTROOT}/lib/functions.sh"; echo 'export root="${IPKG_INSTROOT}"'; echo 'export pkgname="kmod-nls-cp437"'; echo "add_group_and_user"; echo "default_postinst"; [ ! -f /workspaces/openwrt-radxa-rock5b-plus/openwrt/build_dir/target-aarch64_generic_musl/linux-rockchip_armv8/packages/apk-aarch64_generic/kmod-nls-cp437/postinst-pkg ] || sed -z 's/^\s*#!/#!/' "/workspaces/openwrt-radxa-rock5b-plus/openwrt/build_dir/target-aarch64_generic_musl/linux-rockchip_armv8/packages/apk-aarch64_generic/kmod-nls-cp437/postinst-pkg"; ) > /workspaces/openwrt-radxa-rock5b-plus/openwrt/build_dir/target-aarch64_generic_musl/linux-rockchip_armv8/packages/apk-aarch64_generic/kmod-nls-cp437/post-install;
( echo "#!/bin/sh"; echo 'export PKG_UPGRADE=1'; [ ! -f /workspaces/openwrt-radxa-rock5b-plus/openwrt/build_dir/target-aarch64_generic_musl/linux-rockchip_armv8/packages/apk-aarch64_generic/kmod-nls-cp437/post-install ] || sed -z 's/^\s*#!/#!/' "/workspaces/openwrt-radxa-rock5b-plus/openwrt/build_dir/target-aarch64_generic_musl/linux-rockchip_armv8/packages/apk-aarch64_generic/kmod-nls-cp437/post-install"; ) > /workspaces/openwrt-radxa-rock5b-plus/openwrt/build_dir/target-aarch64_generic_musl/linux-rockchip_armv8/packages/apk-aarch64_generic/kmod-nls-cp437/post-upgrade;
( echo "#!/bin/sh"; echo "[ -s "\${IPKG_INSTROOT}/lib/functions.sh" ] || exit 0"; echo ". \${IPKG_INSTROOT}/lib/functions.sh"; echo 'export root="${IPKG_INSTROOT}"'; echo 'export pkgname="kmod-nls-cp437"'; echo "default_prerm"; [ ! -f /workspaces/openwrt-radxa-rock5b-plus/openwrt/build_dir/target-aarch64_generic_musl/linux-rockchip_armv8/packages/apk-aarch64_generic/kmod-nls-cp437/prerm-pkg ] || sed -z 's/^\s*#!/#!/' "/workspaces/openwrt-radxa-rock5b-plus/openwrt/build_dir/target-aarch64_generic_musl/linux-rockchip_armv8/packages/apk-aarch64_generic/kmod-nls-cp437/prerm-pkg"; ) > /workspaces/openwrt-radxa-rock5b-plus/openwrt/build_dir/target-aarch64_generic_musl/linux-rockchip_armv8/packages/apk-aarch64_generic/kmod-nls-cp437/pre-deinstall;
[ ! -f /workspaces/openwrt-radxa-rock5b-plus/openwrt/build_dir/target-aarch64_generic_musl/linux-rockchip_armv8/packages/apk-aarch64_generic/kmod-nls-cp437/postrm ] || sed -zi 's/^\s*#!/#!/' "/workspaces/openwrt-radxa-rock5b-plus/openwrt/build_dir/target-aarch64_generic_musl/linux-rockchip_armv8/packages/apk-aarch64_generic/kmod-nls-cp437/postrm";
if [ -n "" ]; then echo  > /workspaces/openwrt-radxa-rock5b-plus/openwrt/build_dir/target-aarch64_generic_musl/linux-rockchip_armv8/packages/ipkg-aarch64_generic/kmod-nls-cp437/lib/apk/packages/kmod-nls-cp437.rusers; fi;
if [ -n "" ]; then echo  > /workspaces/openwrt-radxa-rock5b-plus/openwrt/build_dir/target-aarch64_generic_musl/linux-rockchip_armv8/packages/ipkg-aarch64_generic/kmod-nls-cp437/lib/apk/packages/kmod-nls-cp437.alternatives; fi;
(cd /workspaces/openwrt-radxa-rock5b-plus/openwrt/build_dir/target-aarch64_generic_musl/linux-rockchip_armv8/packages/ipkg-aarch64_generic/kmod-nls-cp437 && find . -type f,l -printf "/%P\n" | sort > /workspaces/openwrt-radxa-rock5b-plus/openwrt/tmp/kmod-nls-cp437.list && mv /workspaces/openwrt-radxa-rock5b-plus/openwrt/tmp/kmod-nls-cp437.list /workspaces/openwrt-radxa-rock5b-plus/openwrt/build_dir/target-aarch64_generic_musl/linux-rockchip_armv8/packages/ipkg-aarch64_generic/kmod-nls-cp437/lib/apk/packages/kmod-nls-cp437.list)
# Move conffiles to IDIR and build conffiles_static with csums
if [ -f /workspaces/openwrt-radxa-rock5b-plus/openwrt/build_dir/target-aarch64_generic_musl/linux-rockchip_armv8/packages/apk-aarch64_generic/kmod-nls-cp437/conffiles ]; then mv -f /workspaces/openwrt-radxa-rock5b-plus/openwrt/build_dir/target-aarch64_generic_musl/linux-rockchip_armv8/packages/apk-aarch64_generic/kmod-nls-cp437/conffiles /workspaces/openwrt-radxa-rock5b-plus/openwrt/build_dir/target-aarch64_generic_musl/linux-rockchip_armv8/packages/ipkg-aarch64_generic/kmod-nls-cp437/lib/apk/packages/kmod-nls-cp437.conffiles; for file in $(cat /workspaces/openwrt-radxa-rock5b-plus/openwrt/build_dir/target-aarch64_generic_musl/linux-rockchip_armv8/packages/ipkg-aarch64_generic/kmod-nls-cp437/lib/apk/packages/kmod-nls-cp437.conffiles); do [ -f /workspaces/openwrt-radxa-rock5b-plus/openwrt/build_dir/target-aarch64_generic_musl/linux-rockchip_armv8/packages/ipkg-aarch64_generic/kmod-nls-cp437/$file ] || continue; csum=$(/workspaces/openwrt-radxa-rock5b-plus/openwrt/staging_dir/host/bin/mkhash sha256 /workspaces/openwrt-radxa-rock5b-plus/openwrt/build_dir/target-aarch64_generic_musl/linux-rockchip_armv8/packages/ipkg-aarch64_generic/kmod-nls-cp437/$file); echo $file $csum >> /workspaces/openwrt-radxa-rock5b-plus/openwrt/build_dir/target-aarch64_generic_musl/linux-rockchip_armv8/packages/ipkg-aarch64_generic/kmod-nls-cp437/lib/apk/packages/kmod-nls-cp437.conffiles_static; done; fi
# Some package (base-files) manually append stuff to conffiles
# Append stuff from it and delete the CONTROL directory since everything else should be migrated
if [ -f /workspaces/openwrt-radxa-rock5b-plus/openwrt/build_dir/target-aarch64_generic_musl/linux-rockchip_armv8/packages/ipkg-aarch64_generic/kmod-nls-cp437/CONTROL/conffiles ]; then echo $(IDIR_kmod-nls-cp437)/CONTROL/conffiles >> /workspaces/openwrt-radxa-rock5b-plus/openwrt/build_dir/target-aarch64_generic_musl/linux-rockchip_armv8/packages/ipkg-aarch64_generic/kmod-nls-cp437/lib/apk/packages/kmod-nls-cp437.conffiles; for file in $(cat /workspaces/openwrt-radxa-rock5b-plus/openwrt/build_dir/target-aarch64_generic_musl/linux-rockchip_armv8/packages/ipkg-aarch64_generic/kmod-nls-cp437/CONTROL/conffiles); do [ -f /workspaces/openwrt-radxa-rock5b-plus/openwrt/build_dir/target-aarch64_generic_musl/linux-rockchip_armv8/packages/ipkg-aarch64_generic/kmod-nls-cp437/$file ] || continue; csum=$(/workspaces/openwrt-radxa-rock5b-plus/openwrt/staging_dir/host/bin/mkhash sha256 /workspaces/openwrt-radxa-rock5b-plus/openwrt/build_dir/target-aarch64_generic_musl/linux-rockchip_armv8/packages/ipkg-aarch64_generic/kmod-nls-cp437/$file); echo $file $csum >> /workspaces/openwrt-radxa-rock5b-plus/openwrt/build_dir/target-aarch64_generic_musl/linux-rockchip_armv8/packages/ipkg-aarch64_generic/kmod-nls-cp437/lib/apk/packages/kmod-nls-cp437.conffiles_static; done; rm -rf /workspaces/openwrt-radxa-rock5b-plus/openwrt/build_dir/target-aarch64_generic_musl/linux-rockchip_armv8/packages/ipkg-aarch64_generic/kmod-nls-cp437/CONTROL/conffiles; fi
if [ -z "$(ls -A /workspaces/openwrt-radxa-rock5b-plus/openwrt/build_dir/target-aarch64_generic_musl/linux-rockchip_armv8/packages/ipkg-aarch64_generic/kmod-nls-cp437/CONTROL 2>/dev/null)" ]; then rm -rf /workspaces/openwrt-radxa-rock5b-plus/openwrt/build_dir/target-aarch64_generic_musl/linux-rockchip_armv8/packages/ipkg-aarch64_generic/kmod-nls-cp437/CONTROL; else echo "CONTROL directory /workspaces/openwrt-radxa-rock5b-plus/openwrt/build_dir/target-aarch64_generic_musl/linux-rockchip_armv8/packages/ipkg-aarch64_generic/kmod-nls-cp437/CONTROL is not empty! This is not right and should be checked!" >&2; exit 1; fi
/workspaces/openwrt-radxa-rock5b-plus/openwrt/staging_dir/host/bin/fakeroot /workspaces/openwrt-radxa-rock5b-plus/openwrt/staging_dir/host/bin/apk mkpkg --info "name:kmod-nls-cp437" --info "version:6.12.45-r1"  --info "description:Kernel module for NLS Codepage 437 (United States, Canada)" --info "arch:aarch64_generic" --info "license:GPL-2.0-only" --info "origin:feeds/base/kernel/linux" --info "url:" --info "maintainer:" --info "provides:"  --script "post-install:/workspaces/openwrt-radxa-rock5b-plus/openwrt/build_dir/target-aarch64_generic_musl/linux-rockchip_armv8/packages/apk-aarch64_generic/kmod-nls-cp437/post-install" --script "post-upgrade:/workspaces/openwrt-radxa-rock5b-plus/openwrt/build_dir/target-aarch64_generic_musl/linux-rockchip_armv8/packages/apk-aarch64_generic/kmod-nls-cp437/post-upgrade" --script "pre-deinstall:/workspaces/openwrt-radxa-rock5b-plus/openwrt/build_dir/target-aarch64_generic_musl/linux-rockchip_armv8/packages/apk-aarch64_generic/kmod-nls-cp437/pre-deinstall" --info "depends:kernel=6.12.45~bfdb4691414eb2d33b0186227f6f0e2d-r1 kmod-nls-base" --files "/workspaces/openwrt-radxa-rock5b-plus/openwrt/build_dir/target-aarch64_generic_musl/linux-rockchip_armv8/packages/ipkg-aarch64_generic/kmod-nls-cp437" --output "/workspaces/openwrt-radxa-rock5b-plus/openwrt/bin/targets/rockchip/armv8/packages/kmod-nls-cp437-6.12.45-r1.apk" --sign "/workspaces/openwrt-radxa-rock5b-plus/openwrt/private-key.pem"
[ -f /workspaces/openwrt-radxa-rock5b-plus/openwrt/bin/targets/rockchip/armv8/packages/kmod-nls-cp437-6.12.45-r1.apk ]
removed '/workspaces/openwrt-radxa-rock5b-plus/openwrt/bin/targets/rockchip/armv8/packages/kmod-nls-cp437-6.12.45-r1.apk'
rstrip.sh: /workspaces/openwrt-radxa-rock5b-plus/openwrt/build_dir/target-aarch64_generic_musl/linux-rockchip_armv8/packages/ipkg-aarch64_generic/kmod-nls-cp437/lib/modules/6.12.45/nls_cp437.ko: relocatable
rm -rf /workspaces/openwrt-radxa-rock5b-plus/openwrt/build_dir/target-aarch64_generic_musl/linux-rockchip_armv8/packages/ipkg-aarch64_generic/kmod-nls-iso8859-1
/workspaces/openwrt-radxa-rock5b-plus/openwrt/scripts/ipkg-remove kmod-nls-iso8859-1 /workspaces/openwrt-radxa-rock5b-plus/openwrt/bin/targets/rockchip/armv8/packages/kmod-nls-iso8859-1-6.12.45-r1.apk
mkdir -p /workspaces/openwrt-radxa-rock5b-plus/openwrt/bin/targets/rockchip/armv8/packages /workspaces/openwrt-radxa-rock5b-plus/openwrt/build_dir/target-aarch64_generic_musl/linux-rockchip_armv8/packages/ipkg-aarch64_generic/kmod-nls-iso8859-1 /workspaces/openwrt-radxa-rock5b-plus/openwrt/staging_dir/target-aarch64_generic_musl/pkginfo
for mod in /workspaces/openwrt-radxa-rock5b-plus/openwrt/build_dir/target-aarch64_generic_musl/linux-rockchip_armv8/linux-6.12.45/fs/nls/nls_iso8859-1.ko; do if grep -q "${mod##/workspaces/openwrt-radxa-rock5b-plus/openwrt/build_dir/target-aarch64_generic_musl/linux-rockchip_armv8/linux-6.12.45/}" "/workspaces/openwrt-radxa-rock5b-plus/openwrt/build_dir/target-aarch64_generic_musl/linux-rockchip_armv8/linux-6.12.45/modules.builtin"; then echo "NOTICE: module '$mod' is built-in."; elif [ -e $mod ]; then mkdir -p /workspaces/openwrt-radxa-rock5b-plus/openwrt/build_dir/target-aarch64_generic_musl/linux-rockchip_armv8/packages/ipkg-aarch64_generic/kmod-nls-iso8859-1/lib/modules/6.12.45 ; cp -fpR -L $mod /workspaces/openwrt-radxa-rock5b-plus/openwrt/build_dir/target-aarch64_generic_musl/linux-rockchip_armv8/packages/ipkg-aarch64_generic/kmod-nls-iso8859-1/lib/modules/6.12.45/ ; else echo "ERROR: module '$mod' is missing." >&2; exit 1; fi; done;
mkdir -p /workspaces/openwrt-radxa-rock5b-plus/openwrt/build_dir/target-aarch64_generic_musl/linux-rockchip_armv8/packages/ipkg-aarch64_generic/kmod-nls-iso8859-1/etc/modules.d; ( echo "nls_iso8859-1"; ) > /workspaces/openwrt-radxa-rock5b-plus/openwrt/build_dir/target-aarch64_generic_musl/linux-rockchip_armv8/packages/ipkg-aarch64_generic/kmod-nls-iso8859-1/etc/modules.d/25-nls-iso8859-1; 



find /workspaces/openwrt-radxa-rock5b-plus/openwrt/build_dir/target-aarch64_generic_musl/linux-rockchip_armv8/packages/ipkg-aarch64_generic/kmod-nls-iso8859-1 -name 'CVS' -o -name '.svn' -o -name '.#*' -o -name '*~'| xargs -r rm -rf
( find /workspaces/openwrt-radxa-rock5b-plus/openwrt/build_dir/target-aarch64_generic_musl/linux-rockchip_armv8/packages/ipkg-aarch64_generic/kmod-nls-iso8859-1 -name lib\*.so\* -or -name \*.ko | awk -F/ '{ print $NF }'; for file in /workspaces/openwrt-radxa-rock5b-plus/openwrt/staging_dir/target-aarch64_generic_musl/pkginfo/kmod-nls-base.provides; do if [ -f "$file" ]; then cat $file; fi; done;  ) | sort -u > /workspaces/openwrt-radxa-rock5b-plus/openwrt/staging_dir/target-aarch64_generic_musl/pkginfo/kmod-nls-iso8859-1.provides

( rm -f /workspaces/openwrt-radxa-rock5b-plus/openwrt/staging_dir/target-aarch64_generic_musl/pkginfo/kmod-nls-iso8859-1.missing; ( export READELF=aarch64-openwrt-linux-musl-readelf OBJCOPY=aarch64-openwrt-linux-musl-objcopy XARGS="xargs -r"; /workspaces/openwrt-radxa-rock5b-plus/openwrt/scripts/gen-dependencies.sh "/workspaces/openwrt-radxa-rock5b-plus/openwrt/build_dir/target-aarch64_generic_musl/linux-rockchip_armv8/packages/ipkg-aarch64_generic/kmod-nls-iso8859-1"; ) | while read FILE; do grep -qxF "$FILE" /workspaces/openwrt-radxa-rock5b-plus/openwrt/staging_dir/target-aarch64_generic_musl/pkginfo/kmod-nls-iso8859-1.provides || echo "$FILE" >> /workspaces/openwrt-radxa-rock5b-plus/openwrt/staging_dir/target-aarch64_generic_musl/pkginfo/kmod-nls-iso8859-1.missing; done; if [ -f "/workspaces/openwrt-radxa-rock5b-plus/openwrt/staging_dir/target-aarch64_generic_musl/pkginfo/kmod-nls-iso8859-1.missing" ]; then echo "Package kmod-nls-iso8859-1 is missing dependencies for the following libraries:" >&2; cat "/workspaces/openwrt-radxa-rock5b-plus/openwrt/staging_dir/target-aarch64_generic_musl/pkginfo/kmod-nls-iso8859-1.missing" >&2; false; fi; )
export CROSS="aarch64-openwrt-linux-musl-"  NO_RENAME=1 ; NM="aarch64-openwrt-linux-musl-nm" STRIP="/workspaces/openwrt-radxa-rock5b-plus/openwrt/staging_dir/host/bin/sstrip -z" STRIP_KMOD="/workspaces/openwrt-radxa-rock5b-plus/openwrt/scripts/strip-kmod.sh" PATCHELF="/workspaces/openwrt-radxa-rock5b-plus/openwrt/staging_dir/host/bin/patchelf" /workspaces/openwrt-radxa-rock5b-plus/openwrt/scripts/rstrip.sh /workspaces/openwrt-radxa-rock5b-plus/openwrt/build_dir/target-aarch64_generic_musl/linux-rockchip_armv8/packages/ipkg-aarch64_generic/kmod-nls-iso8859-1
install -d -m0755 /workspaces/openwrt-radxa-rock5b-plus/openwrt/bin/targets/rockchip/armv8/packages/tmp
mkdir -p /workspaces/openwrt-radxa-rock5b-plus/openwrt/build_dir/target-aarch64_generic_musl/linux-rockchip_armv8/packages/apk-aarch64_generic/kmod-nls-iso8859-1/
mkdir -p /workspaces/openwrt-radxa-rock5b-plus/openwrt/build_dir/target-aarch64_generic_musl/linux-rockchip_armv8/packages/ipkg-aarch64_generic/kmod-nls-iso8859-1/lib/apk/packages/
(cd /workspaces/openwrt-radxa-rock5b-plus/openwrt/build_dir/target-aarch64_generic_musl/linux-rockchip_armv8/packages/apk-aarch64_generic/kmod-nls-iso8859-1; )
( echo "#!/bin/sh"; echo "[ \"\${IPKG_NO_SCRIPT}\" = \"1\" ] && exit 0"; echo "[ -s "\${IPKG_INSTROOT}/lib/functions.sh" ] || exit 0"; echo ". \${IPKG_INSTROOT}/lib/functions.sh"; echo 'export root="${IPKG_INSTROOT}"'; echo 'export pkgname="kmod-nls-iso8859-1"'; echo "add_group_and_user"; echo "default_postinst"; [ ! -f /workspaces/openwrt-radxa-rock5b-plus/openwrt/build_dir/target-aarch64_generic_musl/linux-rockchip_armv8/packages/apk-aarch64_generic/kmod-nls-iso8859-1/postinst-pkg ] || sed -z 's/^\s*#!/#!/' "/workspaces/openwrt-radxa-rock5b-plus/openwrt/build_dir/target-aarch64_generic_musl/linux-rockchip_armv8/packages/apk-aarch64_generic/kmod-nls-iso8859-1/postinst-pkg"; ) > /workspaces/openwrt-radxa-rock5b-plus/openwrt/build_dir/target-aarch64_generic_musl/linux-rockchip_armv8/packages/apk-aarch64_generic/kmod-nls-iso8859-1/post-install;
( echo "#!/bin/sh"; echo 'export PKG_UPGRADE=1'; [ ! -f /workspaces/openwrt-radxa-rock5b-plus/openwrt/build_dir/target-aarch64_generic_musl/linux-rockchip_armv8/packages/apk-aarch64_generic/kmod-nls-iso8859-1/post-install ] || sed -z 's/^\s*#!/#!/' "/workspaces/openwrt-radxa-rock5b-plus/openwrt/build_dir/target-aarch64_generic_musl/linux-rockchip_armv8/packages/apk-aarch64_generic/kmod-nls-iso8859-1/post-install"; ) > /workspaces/openwrt-radxa-rock5b-plus/openwrt/build_dir/target-aarch64_generic_musl/linux-rockchip_armv8/packages/apk-aarch64_generic/kmod-nls-iso8859-1/post-upgrade;
( echo "#!/bin/sh"; echo "[ -s "\${IPKG_INSTROOT}/lib/functions.sh" ] || exit 0"; echo ". \${IPKG_INSTROOT}/lib/functions.sh"; echo 'export root="${IPKG_INSTROOT}"'; echo 'export pkgname="kmod-nls-iso8859-1"'; echo "default_prerm"; [ ! -f /workspaces/openwrt-radxa-rock5b-plus/openwrt/build_dir/target-aarch64_generic_musl/linux-rockchip_armv8/packages/apk-aarch64_generic/kmod-nls-iso8859-1/prerm-pkg ] || sed -z 's/^\s*#!/#!/' "/workspaces/openwrt-radxa-rock5b-plus/openwrt/build_dir/target-aarch64_generic_musl/linux-rockchip_armv8/packages/apk-aarch64_generic/kmod-nls-iso8859-1/prerm-pkg"; ) > /workspaces/openwrt-radxa-rock5b-plus/openwrt/build_dir/target-aarch64_generic_musl/linux-rockchip_armv8/packages/apk-aarch64_generic/kmod-nls-iso8859-1/pre-deinstall;
[ ! -f /workspaces/openwrt-radxa-rock5b-plus/openwrt/build_dir/target-aarch64_generic_musl/linux-rockchip_armv8/packages/apk-aarch64_generic/kmod-nls-iso8859-1/postrm ] || sed -zi 's/^\s*#!/#!/' "/workspaces/openwrt-radxa-rock5b-plus/openwrt/build_dir/target-aarch64_generic_musl/linux-rockchip_armv8/packages/apk-aarch64_generic/kmod-nls-iso8859-1/postrm";
if [ -n "" ]; then echo  > /workspaces/openwrt-radxa-rock5b-plus/openwrt/build_dir/target-aarch64_generic_musl/linux-rockchip_armv8/packages/ipkg-aarch64_generic/kmod-nls-iso8859-1/lib/apk/packages/kmod-nls-iso8859-1.rusers; fi;
if [ -n "" ]; then echo  > /workspaces/openwrt-radxa-rock5b-plus/openwrt/build_dir/target-aarch64_generic_musl/linux-rockchip_armv8/packages/ipkg-aarch64_generic/kmod-nls-iso8859-1/lib/apk/packages/kmod-nls-iso8859-1.alternatives; fi;
(cd /workspaces/openwrt-radxa-rock5b-plus/openwrt/build_dir/target-aarch64_generic_musl/linux-rockchip_armv8/packages/ipkg-aarch64_generic/kmod-nls-iso8859-1 && find . -type f,l -printf "/%P\n" | sort > /workspaces/openwrt-radxa-rock5b-plus/openwrt/tmp/kmod-nls-iso8859-1.list && mv /workspaces/openwrt-radxa-rock5b-plus/openwrt/tmp/kmod-nls-iso8859-1.list /workspaces/openwrt-radxa-rock5b-plus/openwrt/build_dir/target-aarch64_generic_musl/linux-rockchip_armv8/packages/ipkg-aarch64_generic/kmod-nls-iso8859-1/lib/apk/packages/kmod-nls-iso8859-1.list)
# Move conffiles to IDIR and build conffiles_static with csums
if [ -f /workspaces/openwrt-radxa-rock5b-plus/openwrt/build_dir/target-aarch64_generic_musl/linux-rockchip_armv8/packages/apk-aarch64_generic/kmod-nls-iso8859-1/conffiles ]; then mv -f /workspaces/openwrt-radxa-rock5b-plus/openwrt/build_dir/target-aarch64_generic_musl/linux-rockchip_armv8/packages/apk-aarch64_generic/kmod-nls-iso8859-1/conffiles /workspaces/openwrt-radxa-rock5b-plus/openwrt/build_dir/target-aarch64_generic_musl/linux-rockchip_armv8/packages/ipkg-aarch64_generic/kmod-nls-iso8859-1/lib/apk/packages/kmod-nls-iso8859-1.conffiles; for file in $(cat /workspaces/openwrt-radxa-rock5b-plus/openwrt/build_dir/target-aarch64_generic_musl/linux-rockchip_armv8/packages/ipkg-aarch64_generic/kmod-nls-iso8859-1/lib/apk/packages/kmod-nls-iso8859-1.conffiles); do [ -f /workspaces/openwrt-radxa-rock5b-plus/openwrt/build_dir/target-aarch64_generic_musl/linux-rockchip_armv8/packages/ipkg-aarch64_generic/kmod-nls-iso8859-1/$file ] || continue; csum=$(/workspaces/openwrt-radxa-rock5b-plus/openwrt/staging_dir/host/bin/mkhash sha256 /workspaces/openwrt-radxa-rock5b-plus/openwrt/build_dir/target-aarch64_generic_musl/linux-rockchip_armv8/packages/ipkg-aarch64_generic/kmod-nls-iso8859-1/$file); echo $file $csum >> /workspaces/openwrt-radxa-rock5b-plus/openwrt/build_dir/target-aarch64_generic_musl/linux-rockchip_armv8/packages/ipkg-aarch64_generic/kmod-nls-iso8859-1/lib/apk/packages/kmod-nls-iso8859-1.conffiles_static; done; fi
# Some package (base-files) manually append stuff to conffiles
# Append stuff from it and delete the CONTROL directory since everything else should be migrated
if [ -f /workspaces/openwrt-radxa-rock5b-plus/openwrt/build_dir/target-aarch64_generic_musl/linux-rockchip_armv8/packages/ipkg-aarch64_generic/kmod-nls-iso8859-1/CONTROL/conffiles ]; then echo $(IDIR_kmod-nls-iso8859-1)/CONTROL/conffiles >> /workspaces/openwrt-radxa-rock5b-plus/openwrt/build_dir/target-aarch64_generic_musl/linux-rockchip_armv8/packages/ipkg-aarch64_generic/kmod-nls-iso8859-1/lib/apk/packages/kmod-nls-iso8859-1.conffiles; for file in $(cat /workspaces/openwrt-radxa-rock5b-plus/openwrt/build_dir/target-aarch64_generic_musl/linux-rockchip_armv8/packages/ipkg-aarch64_generic/kmod-nls-iso8859-1/CONTROL/conffiles); do [ -f /workspaces/openwrt-radxa-rock5b-plus/openwrt/build_dir/target-aarch64_generic_musl/linux-rockchip_armv8/packages/ipkg-aarch64_generic/kmod-nls-iso8859-1/$file ] || continue; csum=$(/workspaces/openwrt-radxa-rock5b-plus/openwrt/staging_dir/host/bin/mkhash sha256 /workspaces/openwrt-radxa-rock5b-plus/openwrt/build_dir/target-aarch64_generic_musl/linux-rockchip_armv8/packages/ipkg-aarch64_generic/kmod-nls-iso8859-1/$file); echo $file $csum >> /workspaces/openwrt-radxa-rock5b-plus/openwrt/build_dir/target-aarch64_generic_musl/linux-rockchip_armv8/packages/ipkg-aarch64_generic/kmod-nls-iso8859-1/lib/apk/packages/kmod-nls-iso8859-1.conffiles_static; done; rm -rf /workspaces/openwrt-radxa-rock5b-plus/openwrt/build_dir/target-aarch64_generic_musl/linux-rockchip_armv8/packages/ipkg-aarch64_generic/kmod-nls-iso8859-1/CONTROL/conffiles; fi
if [ -z "$(ls -A /workspaces/openwrt-radxa-rock5b-plus/openwrt/build_dir/target-aarch64_generic_musl/linux-rockchip_armv8/packages/ipkg-aarch64_generic/kmod-nls-iso8859-1/CONTROL 2>/dev/null)" ]; then rm -rf /workspaces/openwrt-radxa-rock5b-plus/openwrt/build_dir/target-aarch64_generic_musl/linux-rockchip_armv8/packages/ipkg-aarch64_generic/kmod-nls-iso8859-1/CONTROL; else echo "CONTROL directory /workspaces/openwrt-radxa-rock5b-plus/openwrt/build_dir/target-aarch64_generic_musl/linux-rockchip_armv8/packages/ipkg-aarch64_generic/kmod-nls-iso8859-1/CONTROL is not empty! This is not right and should be checked!" >&2; exit 1; fi
/workspaces/openwrt-radxa-rock5b-plus/openwrt/staging_dir/host/bin/fakeroot /workspaces/openwrt-radxa-rock5b-plus/openwrt/staging_dir/host/bin/apk mkpkg --info "name:kmod-nls-iso8859-1" --info "version:6.12.45-r1"  --info "description:Kernel module for NLS ISO 8859-1 (Latin 1)" --info "arch:aarch64_generic" --info "license:GPL-2.0-only" --info "origin:feeds/base/kernel/linux" --info "url:" --info "maintainer:" --info "provides:"  --script "post-install:/workspaces/openwrt-radxa-rock5b-plus/openwrt/build_dir/target-aarch64_generic_musl/linux-rockchip_armv8/packages/apk-aarch64_generic/kmod-nls-iso8859-1/post-install" --script "post-upgrade:/workspaces/openwrt-radxa-rock5b-plus/openwrt/build_dir/target-aarch64_generic_musl/linux-rockchip_armv8/packages/apk-aarch64_generic/kmod-nls-iso8859-1/post-upgrade" --script "pre-deinstall:/workspaces/openwrt-radxa-rock5b-plus/openwrt/build_dir/target-aarch64_generic_musl/linux-rockchip_armv8/packages/apk-aarch64_generic/kmod-nls-iso8859-1/pre-deinstall" --info "depends:kernel=6.12.45~bfdb4691414eb2d33b0186227f6f0e2d-r1 kmod-nls-base" --files "/workspaces/openwrt-radxa-rock5b-plus/openwrt/build_dir/target-aarch64_generic_musl/linux-rockchip_armv8/packages/ipkg-aarch64_generic/kmod-nls-iso8859-1" --output "/workspaces/openwrt-radxa-rock5b-plus/openwrt/bin/targets/rockchip/armv8/packages/kmod-nls-iso8859-1-6.12.45-r1.apk" --sign "/workspaces/openwrt-radxa-rock5b-plus/openwrt/private-key.pem"
[ -f /workspaces/openwrt-radxa-rock5b-plus/openwrt/bin/targets/rockchip/armv8/packages/kmod-nls-iso8859-1-6.12.45-r1.apk ]
removed '/workspaces/openwrt-radxa-rock5b-plus/openwrt/bin/targets/rockchip/armv8/packages/kmod-nls-iso8859-1-6.12.45-r1.apk'
NOTICE: module '/workspaces/openwrt-radxa-rock5b-plus/openwrt/build_dir/target-aarch64_generic_musl/linux-rockchip_armv8/linux-6.12.45/fs/nls/nls_iso8859-1.ko' is built-in.
rm -rf /workspaces/openwrt-radxa-rock5b-plus/openwrt/build_dir/target-aarch64_generic_musl/linux-rockchip_armv8/packages/ipkg-aarch64_generic/kmod-nls-utf8
/workspaces/openwrt-radxa-rock5b-plus/openwrt/scripts/ipkg-remove kmod-nls-utf8 /workspaces/openwrt-radxa-rock5b-plus/openwrt/bin/targets/rockchip/armv8/packages/kmod-nls-utf8-6.12.45-r1.apk
mkdir -p /workspaces/openwrt-radxa-rock5b-plus/openwrt/bin/targets/rockchip/armv8/packages /workspaces/openwrt-radxa-rock5b-plus/openwrt/build_dir/target-aarch64_generic_musl/linux-rockchip_armv8/packages/ipkg-aarch64_generic/kmod-nls-utf8 /workspaces/openwrt-radxa-rock5b-plus/openwrt/staging_dir/target-aarch64_generic_musl/pkginfo
for mod in /workspaces/openwrt-radxa-rock5b-plus/openwrt/build_dir/target-aarch64_generic_musl/linux-rockchip_armv8/linux-6.12.45/fs/nls/nls_utf8.ko; do if grep -q "${mod##/workspaces/openwrt-radxa-rock5b-plus/openwrt/build_dir/target-aarch64_generic_musl/linux-rockchip_armv8/linux-6.12.45/}" "/workspaces/openwrt-radxa-rock5b-plus/openwrt/build_dir/target-aarch64_generic_musl/linux-rockchip_armv8/linux-6.12.45/modules.builtin"; then echo "NOTICE: module '$mod' is built-in."; elif [ -e $mod ]; then mkdir -p /workspaces/openwrt-radxa-rock5b-plus/openwrt/build_dir/target-aarch64_generic_musl/linux-rockchip_armv8/packages/ipkg-aarch64_generic/kmod-nls-utf8/lib/modules/6.12.45 ; cp -fpR -L $mod /workspaces/openwrt-radxa-rock5b-plus/openwrt/build_dir/target-aarch64_generic_musl/linux-rockchip_armv8/packages/ipkg-aarch64_generic/kmod-nls-utf8/lib/modules/6.12.45/ ; else echo "ERROR: module '$mod' is missing." >&2; exit 1; fi; done;
mkdir -p /workspaces/openwrt-radxa-rock5b-plus/openwrt/build_dir/target-aarch64_generic_musl/linux-rockchip_armv8/packages/ipkg-aarch64_generic/kmod-nls-utf8/etc/modules.d; ( echo "nls_utf8"; ) > /workspaces/openwrt-radxa-rock5b-plus/openwrt/build_dir/target-aarch64_generic_musl/linux-rockchip_armv8/packages/ipkg-aarch64_generic/kmod-nls-utf8/etc/modules.d/25-nls-utf8; 



find /workspaces/openwrt-radxa-rock5b-plus/openwrt/build_dir/target-aarch64_generic_musl/linux-rockchip_armv8/packages/ipkg-aarch64_generic/kmod-nls-utf8 -name 'CVS' -o -name '.svn' -o -name '.#*' -o -name '*~'| xargs -r rm -rf
( find /workspaces/openwrt-radxa-rock5b-plus/openwrt/build_dir/target-aarch64_generic_musl/linux-rockchip_armv8/packages/ipkg-aarch64_generic/kmod-nls-utf8 -name lib\*.so\* -or -name \*.ko | awk -F/ '{ print $NF }'; for file in /workspaces/openwrt-radxa-rock5b-plus/openwrt/staging_dir/target-aarch64_generic_musl/pkginfo/kmod-nls-base.provides; do if [ -f "$file" ]; then cat $file; fi; done;  ) | sort -u > /workspaces/openwrt-radxa-rock5b-plus/openwrt/staging_dir/target-aarch64_generic_musl/pkginfo/kmod-nls-utf8.provides

( rm -f /workspaces/openwrt-radxa-rock5b-plus/openwrt/staging_dir/target-aarch64_generic_musl/pkginfo/kmod-nls-utf8.missing; ( export READELF=aarch64-openwrt-linux-musl-readelf OBJCOPY=aarch64-openwrt-linux-musl-objcopy XARGS="xargs -r"; /workspaces/openwrt-radxa-rock5b-plus/openwrt/scripts/gen-dependencies.sh "/workspaces/openwrt-radxa-rock5b-plus/openwrt/build_dir/target-aarch64_generic_musl/linux-rockchip_armv8/packages/ipkg-aarch64_generic/kmod-nls-utf8"; ) | while read FILE; do grep -qxF "$FILE" /workspaces/openwrt-radxa-rock5b-plus/openwrt/staging_dir/target-aarch64_generic_musl/pkginfo/kmod-nls-utf8.provides || echo "$FILE" >> /workspaces/openwrt-radxa-rock5b-plus/openwrt/staging_dir/target-aarch64_generic_musl/pkginfo/kmod-nls-utf8.missing; done; if [ -f "/workspaces/openwrt-radxa-rock5b-plus/openwrt/staging_dir/target-aarch64_generic_musl/pkginfo/kmod-nls-utf8.missing" ]; then echo "Package kmod-nls-utf8 is missing dependencies for the following libraries:" >&2; cat "/workspaces/openwrt-radxa-rock5b-plus/openwrt/staging_dir/target-aarch64_generic_musl/pkginfo/kmod-nls-utf8.missing" >&2; false; fi; )
export CROSS="aarch64-openwrt-linux-musl-"  NO_RENAME=1 ; NM="aarch64-openwrt-linux-musl-nm" STRIP="/workspaces/openwrt-radxa-rock5b-plus/openwrt/staging_dir/host/bin/sstrip -z" STRIP_KMOD="/workspaces/openwrt-radxa-rock5b-plus/openwrt/scripts/strip-kmod.sh" PATCHELF="/workspaces/openwrt-radxa-rock5b-plus/openwrt/staging_dir/host/bin/patchelf" /workspaces/openwrt-radxa-rock5b-plus/openwrt/scripts/rstrip.sh /workspaces/openwrt-radxa-rock5b-plus/openwrt/build_dir/target-aarch64_generic_musl/linux-rockchip_armv8/packages/ipkg-aarch64_generic/kmod-nls-utf8
install -d -m0755 /workspaces/openwrt-radxa-rock5b-plus/openwrt/bin/targets/rockchip/armv8/packages/tmp
mkdir -p /workspaces/openwrt-radxa-rock5b-plus/openwrt/build_dir/target-aarch64_generic_musl/linux-rockchip_armv8/packages/apk-aarch64_generic/kmod-nls-utf8/
mkdir -p /workspaces/openwrt-radxa-rock5b-plus/openwrt/build_dir/target-aarch64_generic_musl/linux-rockchip_armv8/packages/ipkg-aarch64_generic/kmod-nls-utf8/lib/apk/packages/
(cd /workspaces/openwrt-radxa-rock5b-plus/openwrt/build_dir/target-aarch64_generic_musl/linux-rockchip_armv8/packages/apk-aarch64_generic/kmod-nls-utf8; )
( echo "#!/bin/sh"; echo "[ \"\${IPKG_NO_SCRIPT}\" = \"1\" ] && exit 0"; echo "[ -s "\${IPKG_INSTROOT}/lib/functions.sh" ] || exit 0"; echo ". \${IPKG_INSTROOT}/lib/functions.sh"; echo 'export root="${IPKG_INSTROOT}"'; echo 'export pkgname="kmod-nls-utf8"'; echo "add_group_and_user"; echo "default_postinst"; [ ! -f /workspaces/openwrt-radxa-rock5b-plus/openwrt/build_dir/target-aarch64_generic_musl/linux-rockchip_armv8/packages/apk-aarch64_generic/kmod-nls-utf8/postinst-pkg ] || sed -z 's/^\s*#!/#!/' "/workspaces/openwrt-radxa-rock5b-plus/openwrt/build_dir/target-aarch64_generic_musl/linux-rockchip_armv8/packages/apk-aarch64_generic/kmod-nls-utf8/postinst-pkg"; ) > /workspaces/openwrt-radxa-rock5b-plus/openwrt/build_dir/target-aarch64_generic_musl/linux-rockchip_armv8/packages/apk-aarch64_generic/kmod-nls-utf8/post-install;
( echo "#!/bin/sh"; echo 'export PKG_UPGRADE=1'; [ ! -f /workspaces/openwrt-radxa-rock5b-plus/openwrt/build_dir/target-aarch64_generic_musl/linux-rockchip_armv8/packages/apk-aarch64_generic/kmod-nls-utf8/post-install ] || sed -z 's/^\s*#!/#!/' "/workspaces/openwrt-radxa-rock5b-plus/openwrt/build_dir/target-aarch64_generic_musl/linux-rockchip_armv8/packages/apk-aarch64_generic/kmod-nls-utf8/post-install"; ) > /workspaces/openwrt-radxa-rock5b-plus/openwrt/build_dir/target-aarch64_generic_musl/linux-rockchip_armv8/packages/apk-aarch64_generic/kmod-nls-utf8/post-upgrade;
( echo "#!/bin/sh"; echo "[ -s "\${IPKG_INSTROOT}/lib/functions.sh" ] || exit 0"; echo ". \${IPKG_INSTROOT}/lib/functions.sh"; echo 'export root="${IPKG_INSTROOT}"'; echo 'export pkgname="kmod-nls-utf8"'; echo "default_prerm"; [ ! -f /workspaces/openwrt-radxa-rock5b-plus/openwrt/build_dir/target-aarch64_generic_musl/linux-rockchip_armv8/packages/apk-aarch64_generic/kmod-nls-utf8/prerm-pkg ] || sed -z 's/^\s*#!/#!/' "/workspaces/openwrt-radxa-rock5b-plus/openwrt/build_dir/target-aarch64_generic_musl/linux-rockchip_armv8/packages/apk-aarch64_generic/kmod-nls-utf8/prerm-pkg"; ) > /workspaces/openwrt-radxa-rock5b-plus/openwrt/build_dir/target-aarch64_generic_musl/linux-rockchip_armv8/packages/apk-aarch64_generic/kmod-nls-utf8/pre-deinstall;
[ ! -f /workspaces/openwrt-radxa-rock5b-plus/openwrt/build_dir/target-aarch64_generic_musl/linux-rockchip_armv8/packages/apk-aarch64_generic/kmod-nls-utf8/postrm ] || sed -zi 's/^\s*#!/#!/' "/workspaces/openwrt-radxa-rock5b-plus/openwrt/build_dir/target-aarch64_generic_musl/linux-rockchip_armv8/packages/apk-aarch64_generic/kmod-nls-utf8/postrm";
if [ -n "" ]; then echo  > /workspaces/openwrt-radxa-rock5b-plus/openwrt/build_dir/target-aarch64_generic_musl/linux-rockchip_armv8/packages/ipkg-aarch64_generic/kmod-nls-utf8/lib/apk/packages/kmod-nls-utf8.rusers; fi;
if [ -n "" ]; then echo  > /workspaces/openwrt-radxa-rock5b-plus/openwrt/build_dir/target-aarch64_generic_musl/linux-rockchip_armv8/packages/ipkg-aarch64_generic/kmod-nls-utf8/lib/apk/packages/kmod-nls-utf8.alternatives; fi;
(cd /workspaces/openwrt-radxa-rock5b-plus/openwrt/build_dir/target-aarch64_generic_musl/linux-rockchip_armv8/packages/ipkg-aarch64_generic/kmod-nls-utf8 && find . -type f,l -printf "/%P\n" | sort > /workspaces/openwrt-radxa-rock5b-plus/openwrt/tmp/kmod-nls-utf8.list && mv /workspaces/openwrt-radxa-rock5b-plus/openwrt/tmp/kmod-nls-utf8.list /workspaces/openwrt-radxa-rock5b-plus/openwrt/build_dir/target-aarch64_generic_musl/linux-rockchip_armv8/packages/ipkg-aarch64_generic/kmod-nls-utf8/lib/apk/packages/kmod-nls-utf8.list)
# Move conffiles to IDIR and build conffiles_static with csums
if [ -f /workspaces/openwrt-radxa-rock5b-plus/openwrt/build_dir/target-aarch64_generic_musl/linux-rockchip_armv8/packages/apk-aarch64_generic/kmod-nls-utf8/conffiles ]; then mv -f /workspaces/openwrt-radxa-rock5b-plus/openwrt/build_dir/target-aarch64_generic_musl/linux-rockchip_armv8/packages/apk-aarch64_generic/kmod-nls-utf8/conffiles /workspaces/openwrt-radxa-rock5b-plus/openwrt/build_dir/target-aarch64_generic_musl/linux-rockchip_armv8/packages/ipkg-aarch64_generic/kmod-nls-utf8/lib/apk/packages/kmod-nls-utf8.conffiles; for file in $(cat /workspaces/openwrt-radxa-rock5b-plus/openwrt/build_dir/target-aarch64_generic_musl/linux-rockchip_armv8/packages/ipkg-aarch64_generic/kmod-nls-utf8/lib/apk/packages/kmod-nls-utf8.conffiles); do [ -f /workspaces/openwrt-radxa-rock5b-plus/openwrt/build_dir/target-aarch64_generic_musl/linux-rockchip_armv8/packages/ipkg-aarch64_generic/kmod-nls-utf8/$file ] || continue; csum=$(/workspaces/openwrt-radxa-rock5b-plus/openwrt/staging_dir/host/bin/mkhash sha256 /workspaces/openwrt-radxa-rock5b-plus/openwrt/build_dir/target-aarch64_generic_musl/linux-rockchip_armv8/packages/ipkg-aarch64_generic/kmod-nls-utf8/$file); echo $file $csum >> /workspaces/openwrt-radxa-rock5b-plus/openwrt/build_dir/target-aarch64_generic_musl/linux-rockchip_armv8/packages/ipkg-aarch64_generic/kmod-nls-utf8/lib/apk/packages/kmod-nls-utf8.conffiles_static; done; fi
# Some package (base-files) manually append stuff to conffiles
# Append stuff from it and delete the CONTROL directory since everything else should be migrated
if [ -f /workspaces/openwrt-radxa-rock5b-plus/openwrt/build_dir/target-aarch64_generic_musl/linux-rockchip_armv8/packages/ipkg-aarch64_generic/kmod-nls-utf8/CONTROL/conffiles ]; then echo $(IDIR_kmod-nls-utf8)/CONTROL/conffiles >> /workspaces/openwrt-radxa-rock5b-plus/openwrt/build_dir/target-aarch64_generic_musl/linux-rockchip_armv8/packages/ipkg-aarch64_generic/kmod-nls-utf8/lib/apk/packages/kmod-nls-utf8.conffiles; for file in $(cat /workspaces/openwrt-radxa-rock5b-plus/openwrt/build_dir/target-aarch64_generic_musl/linux-rockchip_armv8/packages/ipkg-aarch64_generic/kmod-nls-utf8/CONTROL/conffiles); do [ -f /workspaces/openwrt-radxa-rock5b-plus/openwrt/build_dir/target-aarch64_generic_musl/linux-rockchip_armv8/packages/ipkg-aarch64_generic/kmod-nls-utf8/$file ] || continue; csum=$(/workspaces/openwrt-radxa-rock5b-plus/openwrt/staging_dir/host/bin/mkhash sha256 /workspaces/openwrt-radxa-rock5b-plus/openwrt/build_dir/target-aarch64_generic_musl/linux-rockchip_armv8/packages/ipkg-aarch64_generic/kmod-nls-utf8/$file); echo $file $csum >> /workspaces/openwrt-radxa-rock5b-plus/openwrt/build_dir/target-aarch64_generic_musl/linux-rockchip_armv8/packages/ipkg-aarch64_generic/kmod-nls-utf8/lib/apk/packages/kmod-nls-utf8.conffiles_static; done; rm -rf /workspaces/openwrt-radxa-rock5b-plus/openwrt/build_dir/target-aarch64_generic_musl/linux-rockchip_armv8/packages/ipkg-aarch64_generic/kmod-nls-utf8/CONTROL/conffiles; fi
if [ -z "$(ls -A /workspaces/openwrt-radxa-rock5b-plus/openwrt/build_dir/target-aarch64_generic_musl/linux-rockchip_armv8/packages/ipkg-aarch64_generic/kmod-nls-utf8/CONTROL 2>/dev/null)" ]; then rm -rf /workspaces/openwrt-radxa-rock5b-plus/openwrt/build_dir/target-aarch64_generic_musl/linux-rockchip_armv8/packages/ipkg-aarch64_generic/kmod-nls-utf8/CONTROL; else echo "CONTROL directory /workspaces/openwrt-radxa-rock5b-plus/openwrt/build_dir/target-aarch64_generic_musl/linux-rockchip_armv8/packages/ipkg-aarch64_generic/kmod-nls-utf8/CONTROL is not empty! This is not right and should be checked!" >&2; exit 1; fi
/workspaces/openwrt-radxa-rock5b-plus/openwrt/staging_dir/host/bin/fakeroot /workspaces/openwrt-radxa-rock5b-plus/openwrt/staging_dir/host/bin/apk mkpkg --info "name:kmod-nls-utf8" --info "version:6.12.45-r1"  --info "description:Kernel module for NLS UTF-8" --info "arch:aarch64_generic" --info "license:GPL-2.0-only" --info "origin:feeds/base/kernel/linux" --info "url:" --info "maintainer:" --info "provides:"  --script "post-install:/workspaces/openwrt-radxa-rock5b-plus/openwrt/build_dir/target-aarch64_generic_musl/linux-rockchip_armv8/packages/apk-aarch64_generic/kmod-nls-utf8/post-install" --script "post-upgrade:/workspaces/openwrt-radxa-rock5b-plus/openwrt/build_dir/target-aarch64_generic_musl/linux-rockchip_armv8/packages/apk-aarch64_generic/kmod-nls-utf8/post-upgrade" --script "pre-deinstall:/workspaces/openwrt-radxa-rock5b-plus/openwrt/build_dir/target-aarch64_generic_musl/linux-rockchip_armv8/packages/apk-aarch64_generic/kmod-nls-utf8/pre-deinstall" --info "depends:kernel=6.12.45~bfdb4691414eb2d33b0186227f6f0e2d-r1 kmod-nls-base" --files "/workspaces/openwrt-radxa-rock5b-plus/openwrt/build_dir/target-aarch64_generic_musl/linux-rockchip_armv8/packages/ipkg-aarch64_generic/kmod-nls-utf8" --output "/workspaces/openwrt-radxa-rock5b-plus/openwrt/bin/targets/rockchip/armv8/packages/kmod-nls-utf8-6.12.45-r1.apk" --sign "/workspaces/openwrt-radxa-rock5b-plus/openwrt/private-key.pem"
[ -f /workspaces/openwrt-radxa-rock5b-plus/openwrt/bin/targets/rockchip/armv8/packages/kmod-nls-utf8-6.12.45-r1.apk ]
removed '/workspaces/openwrt-radxa-rock5b-plus/openwrt/bin/targets/rockchip/armv8/packages/kmod-nls-utf8-6.12.45-r1.apk'
rstrip.sh: /workspaces/openwrt-radxa-rock5b-plus/openwrt/build_dir/target-aarch64_generic_musl/linux-rockchip_armv8/packages/ipkg-aarch64_generic/kmod-nls-utf8/lib/modules/6.12.45/nls_utf8.ko: relocatable
rm -rf /workspaces/openwrt-radxa-rock5b-plus/openwrt/build_dir/target-aarch64_generic_musl/linux-rockchip_armv8/packages/ipkg-aarch64_generic/kmod-fs-vfat
/workspaces/openwrt-radxa-rock5b-plus/openwrt/scripts/ipkg-remove kmod-fs-vfat /workspaces/openwrt-radxa-rock5b-plus/openwrt/bin/targets/rockchip/armv8/packages/kmod-fs-vfat-6.12.45-r1.apk
mkdir -p /workspaces/openwrt-radxa-rock5b-plus/openwrt/bin/targets/rockchip/armv8/packages /workspaces/openwrt-radxa-rock5b-plus/openwrt/build_dir/target-aarch64_generic_musl/linux-rockchip_armv8/packages/ipkg-aarch64_generic/kmod-fs-vfat /workspaces/openwrt-radxa-rock5b-plus/openwrt/staging_dir/target-aarch64_generic_musl/pkginfo
for mod in /workspaces/openwrt-radxa-rock5b-plus/openwrt/build_dir/target-aarch64_generic_musl/linux-rockchip_armv8/linux-6.12.45/fs/fat/fat.ko /workspaces/openwrt-radxa-rock5b-plus/openwrt/build_dir/target-aarch64_generic_musl/linux-rockchip_armv8/linux-6.12.45/fs/fat/vfat.ko; do if grep -q "${mod##/workspaces/openwrt-radxa-rock5b-plus/openwrt/build_dir/target-aarch64_generic_musl/linux-rockchip_armv8/linux-6.12.45/}" "/workspaces/openwrt-radxa-rock5b-plus/openwrt/build_dir/target-aarch64_generic_musl/linux-rockchip_armv8/linux-6.12.45/modules.builtin"; then echo "NOTICE: module '$mod' is built-in."; elif [ -e $mod ]; then mkdir -p /workspaces/openwrt-radxa-rock5b-plus/openwrt/build_dir/target-aarch64_generic_musl/linux-rockchip_armv8/packages/ipkg-aarch64_generic/kmod-fs-vfat/lib/modules/6.12.45 ; cp -fpR -L $mod /workspaces/openwrt-radxa-rock5b-plus/openwrt/build_dir/target-aarch64_generic_musl/linux-rockchip_armv8/packages/ipkg-aarch64_generic/kmod-fs-vfat/lib/modules/6.12.45/ ; else echo "ERROR: module '$mod' is missing." >&2; exit 1; fi; done;
mkdir -p /workspaces/openwrt-radxa-rock5b-plus/openwrt/build_dir/target-aarch64_generic_musl/linux-rockchip_armv8/packages/ipkg-aarch64_generic/kmod-fs-vfat/etc/modules.d; ( echo "fat";   echo "vfat"; ) > /workspaces/openwrt-radxa-rock5b-plus/openwrt/build_dir/target-aarch64_generic_musl/linux-rockchip_armv8/packages/ipkg-aarch64_generic/kmod-fs-vfat/etc/modules.d/30-fs-vfat;  mkdir -p /workspaces/openwrt-radxa-rock5b-plus/openwrt/build_dir/target-aarch64_generic_musl/linux-rockchip_armv8/packages/ipkg-aarch64_generic/kmod-fs-vfat/etc/modules-boot.d; ln -sf ../modules.d/30-fs-vfat /workspaces/openwrt-radxa-rock5b-plus/openwrt/build_dir/target-aarch64_generic_musl/linux-rockchip_armv8/packages/ipkg-aarch64_generic/kmod-fs-vfat/etc/modules-boot.d/;



find /workspaces/openwrt-radxa-rock5b-plus/openwrt/build_dir/target-aarch64_generic_musl/linux-rockchip_armv8/packages/ipkg-aarch64_generic/kmod-fs-vfat -name 'CVS' -o -name '.svn' -o -name '.#*' -o -name '*~'| xargs -r rm -rf
( find /workspaces/openwrt-radxa-rock5b-plus/openwrt/build_dir/target-aarch64_generic_musl/linux-rockchip_armv8/packages/ipkg-aarch64_generic/kmod-fs-vfat -name lib\*.so\* -or -name \*.ko | awk -F/ '{ print $NF }'; for file in /workspaces/openwrt-radxa-rock5b-plus/openwrt/staging_dir/target-aarch64_generic_musl/pkginfo/kmod-nls-base.provides /workspaces/openwrt-radxa-rock5b-plus/openwrt/staging_dir/target-aarch64_generic_musl/pkginfo/kmod-nls-cp437.provides /workspaces/openwrt-radxa-rock5b-plus/openwrt/staging_dir/target-aarch64_generic_musl/pkginfo/kmod-nls-iso8859-1.provides /workspaces/openwrt-radxa-rock5b-plus/openwrt/staging_dir/target-aarch64_generic_musl/pkginfo/kmod-nls-utf8.provides; do if [ -f "$file" ]; then cat $file; fi; done;  ) | sort -u > /workspaces/openwrt-radxa-rock5b-plus/openwrt/staging_dir/target-aarch64_generic_musl/pkginfo/kmod-fs-vfat.provides

( rm -f /workspaces/openwrt-radxa-rock5b-plus/openwrt/staging_dir/target-aarch64_generic_musl/pkginfo/kmod-fs-vfat.missing; ( export READELF=aarch64-openwrt-linux-musl-readelf OBJCOPY=aarch64-openwrt-linux-musl-objcopy XARGS="xargs -r"; /workspaces/openwrt-radxa-rock5b-plus/openwrt/scripts/gen-dependencies.sh "/workspaces/openwrt-radxa-rock5b-plus/openwrt/build_dir/target-aarch64_generic_musl/linux-rockchip_armv8/packages/ipkg-aarch64_generic/kmod-fs-vfat"; ) | while read FILE; do grep -qxF "$FILE" /workspaces/openwrt-radxa-rock5b-plus/openwrt/staging_dir/target-aarch64_generic_musl/pkginfo/kmod-fs-vfat.provides || echo "$FILE" >> /workspaces/openwrt-radxa-rock5b-plus/openwrt/staging_dir/target-aarch64_generic_musl/pkginfo/kmod-fs-vfat.missing; done; if [ -f "/workspaces/openwrt-radxa-rock5b-plus/openwrt/staging_dir/target-aarch64_generic_musl/pkginfo/kmod-fs-vfat.missing" ]; then echo "Package kmod-fs-vfat is missing dependencies for the following libraries:" >&2; cat "/workspaces/openwrt-radxa-rock5b-plus/openwrt/staging_dir/target-aarch64_generic_musl/pkginfo/kmod-fs-vfat.missing" >&2; false; fi; )
export CROSS="aarch64-openwrt-linux-musl-"  NO_RENAME=1 ; NM="aarch64-openwrt-linux-musl-nm" STRIP="/workspaces/openwrt-radxa-rock5b-plus/openwrt/staging_dir/host/bin/sstrip -z" STRIP_KMOD="/workspaces/openwrt-radxa-rock5b-plus/openwrt/scripts/strip-kmod.sh" PATCHELF="/workspaces/openwrt-radxa-rock5b-plus/openwrt/staging_dir/host/bin/patchelf" /workspaces/openwrt-radxa-rock5b-plus/openwrt/scripts/rstrip.sh /workspaces/openwrt-radxa-rock5b-plus/openwrt/build_dir/target-aarch64_generic_musl/linux-rockchip_armv8/packages/ipkg-aarch64_generic/kmod-fs-vfat
install -d -m0755 /workspaces/openwrt-radxa-rock5b-plus/openwrt/bin/targets/rockchip/armv8/packages/tmp
mkdir -p /workspaces/openwrt-radxa-rock5b-plus/openwrt/build_dir/target-aarch64_generic_musl/linux-rockchip_armv8/packages/apk-aarch64_generic/kmod-fs-vfat/
mkdir -p /workspaces/openwrt-radxa-rock5b-plus/openwrt/build_dir/target-aarch64_generic_musl/linux-rockchip_armv8/packages/ipkg-aarch64_generic/kmod-fs-vfat/lib/apk/packages/
(cd /workspaces/openwrt-radxa-rock5b-plus/openwrt/build_dir/target-aarch64_generic_musl/linux-rockchip_armv8/packages/apk-aarch64_generic/kmod-fs-vfat; )
( echo "#!/bin/sh"; echo "[ \"\${IPKG_NO_SCRIPT}\" = \"1\" ] && exit 0"; echo "[ -s "\${IPKG_INSTROOT}/lib/functions.sh" ] || exit 0"; echo ". \${IPKG_INSTROOT}/lib/functions.sh"; echo 'export root="${IPKG_INSTROOT}"'; echo 'export pkgname="kmod-fs-vfat"'; echo "add_group_and_user"; echo "default_postinst"; [ ! -f /workspaces/openwrt-radxa-rock5b-plus/openwrt/build_dir/target-aarch64_generic_musl/linux-rockchip_armv8/packages/apk-aarch64_generic/kmod-fs-vfat/postinst-pkg ] || sed -z 's/^\s*#!/#!/' "/workspaces/openwrt-radxa-rock5b-plus/openwrt/build_dir/target-aarch64_generic_musl/linux-rockchip_armv8/packages/apk-aarch64_generic/kmod-fs-vfat/postinst-pkg"; ) > /workspaces/openwrt-radxa-rock5b-plus/openwrt/build_dir/target-aarch64_generic_musl/linux-rockchip_armv8/packages/apk-aarch64_generic/kmod-fs-vfat/post-install;
( echo "#!/bin/sh"; echo 'export PKG_UPGRADE=1'; [ ! -f /workspaces/openwrt-radxa-rock5b-plus/openwrt/build_dir/target-aarch64_generic_musl/linux-rockchip_armv8/packages/apk-aarch64_generic/kmod-fs-vfat/post-install ] || sed -z 's/^\s*#!/#!/' "/workspaces/openwrt-radxa-rock5b-plus/openwrt/build_dir/target-aarch64_generic_musl/linux-rockchip_armv8/packages/apk-aarch64_generic/kmod-fs-vfat/post-install"; ) > /workspaces/openwrt-radxa-rock5b-plus/openwrt/build_dir/target-aarch64_generic_musl/linux-rockchip_armv8/packages/apk-aarch64_generic/kmod-fs-vfat/post-upgrade;
( echo "#!/bin/sh"; echo "[ -s "\${IPKG_INSTROOT}/lib/functions.sh" ] || exit 0"; echo ". \${IPKG_INSTROOT}/lib/functions.sh"; echo 'export root="${IPKG_INSTROOT}"'; echo 'export pkgname="kmod-fs-vfat"'; echo "default_prerm"; [ ! -f /workspaces/openwrt-radxa-rock5b-plus/openwrt/build_dir/target-aarch64_generic_musl/linux-rockchip_armv8/packages/apk-aarch64_generic/kmod-fs-vfat/prerm-pkg ] || sed -z 's/^\s*#!/#!/' "/workspaces/openwrt-radxa-rock5b-plus/openwrt/build_dir/target-aarch64_generic_musl/linux-rockchip_armv8/packages/apk-aarch64_generic/kmod-fs-vfat/prerm-pkg"; ) > /workspaces/openwrt-radxa-rock5b-plus/openwrt/build_dir/target-aarch64_generic_musl/linux-rockchip_armv8/packages/apk-aarch64_generic/kmod-fs-vfat/pre-deinstall;
[ ! -f /workspaces/openwrt-radxa-rock5b-plus/openwrt/build_dir/target-aarch64_generic_musl/linux-rockchip_armv8/packages/apk-aarch64_generic/kmod-fs-vfat/postrm ] || sed -zi 's/^\s*#!/#!/' "/workspaces/openwrt-radxa-rock5b-plus/openwrt/build_dir/target-aarch64_generic_musl/linux-rockchip_armv8/packages/apk-aarch64_generic/kmod-fs-vfat/postrm";
if [ -n "" ]; then echo  > /workspaces/openwrt-radxa-rock5b-plus/openwrt/build_dir/target-aarch64_generic_musl/linux-rockchip_armv8/packages/ipkg-aarch64_generic/kmod-fs-vfat/lib/apk/packages/kmod-fs-vfat.rusers; fi;
if [ -n "" ]; then echo  > /workspaces/openwrt-radxa-rock5b-plus/openwrt/build_dir/target-aarch64_generic_musl/linux-rockchip_armv8/packages/ipkg-aarch64_generic/kmod-fs-vfat/lib/apk/packages/kmod-fs-vfat.alternatives; fi;
(cd /workspaces/openwrt-radxa-rock5b-plus/openwrt/build_dir/target-aarch64_generic_musl/linux-rockchip_armv8/packages/ipkg-aarch64_generic/kmod-fs-vfat && find . -type f,l -printf "/%P\n" | sort > /workspaces/openwrt-radxa-rock5b-plus/openwrt/tmp/kmod-fs-vfat.list && mv /workspaces/openwrt-radxa-rock5b-plus/openwrt/tmp/kmod-fs-vfat.list /workspaces/openwrt-radxa-rock5b-plus/openwrt/build_dir/target-aarch64_generic_musl/linux-rockchip_armv8/packages/ipkg-aarch64_generic/kmod-fs-vfat/lib/apk/packages/kmod-fs-vfat.list)
# Move conffiles to IDIR and build conffiles_static with csums
if [ -f /workspaces/openwrt-radxa-rock5b-plus/openwrt/build_dir/target-aarch64_generic_musl/linux-rockchip_armv8/packages/apk-aarch64_generic/kmod-fs-vfat/conffiles ]; then mv -f /workspaces/openwrt-radxa-rock5b-plus/openwrt/build_dir/target-aarch64_generic_musl/linux-rockchip_armv8/packages/apk-aarch64_generic/kmod-fs-vfat/conffiles /workspaces/openwrt-radxa-rock5b-plus/openwrt/build_dir/target-aarch64_generic_musl/linux-rockchip_armv8/packages/ipkg-aarch64_generic/kmod-fs-vfat/lib/apk/packages/kmod-fs-vfat.conffiles; for file in $(cat /workspaces/openwrt-radxa-rock5b-plus/openwrt/build_dir/target-aarch64_generic_musl/linux-rockchip_armv8/packages/ipkg-aarch64_generic/kmod-fs-vfat/lib/apk/packages/kmod-fs-vfat.conffiles); do [ -f /workspaces/openwrt-radxa-rock5b-plus/openwrt/build_dir/target-aarch64_generic_musl/linux-rockchip_armv8/packages/ipkg-aarch64_generic/kmod-fs-vfat/$file ] || continue; csum=$(/workspaces/openwrt-radxa-rock5b-plus/openwrt/staging_dir/host/bin/mkhash sha256 /workspaces/openwrt-radxa-rock5b-plus/openwrt/build_dir/target-aarch64_generic_musl/linux-rockchip_armv8/packages/ipkg-aarch64_generic/kmod-fs-vfat/$file); echo $file $csum >> /workspaces/openwrt-radxa-rock5b-plus/openwrt/build_dir/target-aarch64_generic_musl/linux-rockchip_armv8/packages/ipkg-aarch64_generic/kmod-fs-vfat/lib/apk/packages/kmod-fs-vfat.conffiles_static; done; fi
# Some package (base-files) manually append stuff to conffiles
# Append stuff from it and delete the CONTROL directory since everything else should be migrated
if [ -f /workspaces/openwrt-radxa-rock5b-plus/openwrt/build_dir/target-aarch64_generic_musl/linux-rockchip_armv8/packages/ipkg-aarch64_generic/kmod-fs-vfat/CONTROL/conffiles ]; then echo $(IDIR_kmod-fs-vfat)/CONTROL/conffiles >> /workspaces/openwrt-radxa-rock5b-plus/openwrt/build_dir/target-aarch64_generic_musl/linux-rockchip_armv8/packages/ipkg-aarch64_generic/kmod-fs-vfat/lib/apk/packages/kmod-fs-vfat.conffiles; for file in $(cat /workspaces/openwrt-radxa-rock5b-plus/openwrt/build_dir/target-aarch64_generic_musl/linux-rockchip_armv8/packages/ipkg-aarch64_generic/kmod-fs-vfat/CONTROL/conffiles); do [ -f /workspaces/openwrt-radxa-rock5b-plus/openwrt/build_dir/target-aarch64_generic_musl/linux-rockchip_armv8/packages/ipkg-aarch64_generic/kmod-fs-vfat/$file ] || continue; csum=$(/workspaces/openwrt-radxa-rock5b-plus/openwrt/staging_dir/host/bin/mkhash sha256 /workspaces/openwrt-radxa-rock5b-plus/openwrt/build_dir/target-aarch64_generic_musl/linux-rockchip_armv8/packages/ipkg-aarch64_generic/kmod-fs-vfat/$file); echo $file $csum >> /workspaces/openwrt-radxa-rock5b-plus/openwrt/build_dir/target-aarch64_generic_musl/linux-rockchip_armv8/packages/ipkg-aarch64_generic/kmod-fs-vfat/lib/apk/packages/kmod-fs-vfat.conffiles_static; done; rm -rf /workspaces/openwrt-radxa-rock5b-plus/openwrt/build_dir/target-aarch64_generic_musl/linux-rockchip_armv8/packages/ipkg-aarch64_generic/kmod-fs-vfat/CONTROL/conffiles; fi
if [ -z "$(ls -A /workspaces/openwrt-radxa-rock5b-plus/openwrt/build_dir/target-aarch64_generic_musl/linux-rockchip_armv8/packages/ipkg-aarch64_generic/kmod-fs-vfat/CONTROL 2>/dev/null)" ]; then rm -rf /workspaces/openwrt-radxa-rock5b-plus/openwrt/build_dir/target-aarch64_generic_musl/linux-rockchip_armv8/packages/ipkg-aarch64_generic/kmod-fs-vfat/CONTROL; else echo "CONTROL directory /workspaces/openwrt-radxa-rock5b-plus/openwrt/build_dir/target-aarch64_generic_musl/linux-rockchip_armv8/packages/ipkg-aarch64_generic/kmod-fs-vfat/CONTROL is not empty! This is not right and should be checked!" >&2; exit 1; fi
/workspaces/openwrt-radxa-rock5b-plus/openwrt/staging_dir/host/bin/fakeroot /workspaces/openwrt-radxa-rock5b-plus/openwrt/staging_dir/host/bin/apk mkpkg --info "name:kmod-fs-vfat" --info "version:6.12.45-r1"  --info "description:Kernel module for VFAT filesystem support" --info "arch:aarch64_generic" --info "license:GPL-2.0-only" --info "origin:feeds/base/kernel/linux" --info "url:" --info "maintainer:" --info "provides:"  --script "post-install:/workspaces/openwrt-radxa-rock5b-plus/openwrt/build_dir/target-aarch64_generic_musl/linux-rockchip_armv8/packages/apk-aarch64_generic/kmod-fs-vfat/post-install" --script "post-upgrade:/workspaces/openwrt-radxa-rock5b-plus/openwrt/build_dir/target-aarch64_generic_musl/linux-rockchip_armv8/packages/apk-aarch64_generic/kmod-fs-vfat/post-upgrade" --script "pre-deinstall:/workspaces/openwrt-radxa-rock5b-plus/openwrt/build_dir/target-aarch64_generic_musl/linux-rockchip_armv8/packages/apk-aarch64_generic/kmod-fs-vfat/pre-deinstall" --info "depends:kernel=6.12.45~bfdb4691414eb2d33b0186227f6f0e2d-r1 kmod-nls-base kmod-nls-cp437 kmod-nls-iso8859-1 kmod-nls-utf8" --files "/workspaces/openwrt-radxa-rock5b-plus/openwrt/build_dir/target-aarch64_generic_musl/linux-rockchip_armv8/packages/ipkg-aarch64_generic/kmod-fs-vfat" --output "/workspaces/openwrt-radxa-rock5b-plus/openwrt/bin/targets/rockchip/armv8/packages/kmod-fs-vfat-6.12.45-r1.apk" --sign "/workspaces/openwrt-radxa-rock5b-plus/openwrt/private-key.pem"
[ -f /workspaces/openwrt-radxa-rock5b-plus/openwrt/bin/targets/rockchip/armv8/packages/kmod-fs-vfat-6.12.45-r1.apk ]
removed '/workspaces/openwrt-radxa-rock5b-plus/openwrt/bin/targets/rockchip/armv8/packages/kmod-fs-vfat-6.12.45-r1.apk'
rstrip.sh: /workspaces/openwrt-radxa-rock5b-plus/openwrt/build_dir/target-aarch64_generic_musl/linux-rockchip_armv8/packages/ipkg-aarch64_generic/kmod-fs-vfat/lib/modules/6.12.45/fat.ko: relocatable
rstrip.sh: /workspaces/openwrt-radxa-rock5b-plus/openwrt/build_dir/target-aarch64_generic_musl/linux-rockchip_armv8/packages/ipkg-aarch64_generic/kmod-fs-vfat/lib/modules/6.12.45/vfat.ko: relocatable
rm -rf /workspaces/openwrt-radxa-rock5b-plus/openwrt/build_dir/target-aarch64_generic_musl/linux-rockchip_armv8/packages/ipkg-aarch64_generic/kmod-hwmon-pwmfan
/workspaces/openwrt-radxa-rock5b-plus/openwrt/scripts/ipkg-remove kmod-hwmon-pwmfan /workspaces/openwrt-radxa-rock5b-plus/openwrt/bin/targets/rockchip/armv8/packages/kmod-hwmon-pwmfan-6.12.45-r1.apk
mkdir -p /workspaces/openwrt-radxa-rock5b-plus/openwrt/bin/targets/rockchip/armv8/packages /workspaces/openwrt-radxa-rock5b-plus/openwrt/build_dir/target-aarch64_generic_musl/linux-rockchip_armv8/packages/ipkg-aarch64_generic/kmod-hwmon-pwmfan /workspaces/openwrt-radxa-rock5b-plus/openwrt/staging_dir/target-aarch64_generic_musl/pkginfo
for mod in /workspaces/openwrt-radxa-rock5b-plus/openwrt/build_dir/target-aarch64_generic_musl/linux-rockchip_armv8/linux-6.12.45/drivers/hwmon/pwm-fan.ko; do if grep -q "${mod##/workspaces/openwrt-radxa-rock5b-plus/openwrt/build_dir/target-aarch64_generic_musl/linux-rockchip_armv8/linux-6.12.45/}" "/workspaces/openwrt-radxa-rock5b-plus/openwrt/build_dir/target-aarch64_generic_musl/linux-rockchip_armv8/linux-6.12.45/modules.builtin"; then echo "NOTICE: module '$mod' is built-in."; elif [ -e $mod ]; then mkdir -p /workspaces/openwrt-radxa-rock5b-plus/openwrt/build_dir/target-aarch64_generic_musl/linux-rockchip_armv8/packages/ipkg-aarch64_generic/kmod-hwmon-pwmfan/lib/modules/6.12.45 ; cp -fpR -L $mod /workspaces/openwrt-radxa-rock5b-plus/openwrt/build_dir/target-aarch64_generic_musl/linux-rockchip_armv8/packages/ipkg-aarch64_generic/kmod-hwmon-pwmfan/lib/modules/6.12.45/ ; else echo "ERROR: module '$mod' is missing." >&2; exit 1; fi; done;
mkdir -p /workspaces/openwrt-radxa-rock5b-plus/openwrt/build_dir/target-aarch64_generic_musl/linux-rockchip_armv8/packages/ipkg-aarch64_generic/kmod-hwmon-pwmfan/etc/modules.d; ( echo "pwm-fan"; ) > /workspaces/openwrt-radxa-rock5b-plus/openwrt/build_dir/target-aarch64_generic_musl/linux-rockchip_armv8/packages/ipkg-aarch64_generic/kmod-hwmon-pwmfan/etc/modules.d/60-hwmon-pwmfan; 



find /workspaces/openwrt-radxa-rock5b-plus/openwrt/build_dir/target-aarch64_generic_musl/linux-rockchip_armv8/packages/ipkg-aarch64_generic/kmod-hwmon-pwmfan -name 'CVS' -o -name '.svn' -o -name '.#*' -o -name '*~'| xargs -r rm -rf
( find /workspaces/openwrt-radxa-rock5b-plus/openwrt/build_dir/target-aarch64_generic_musl/linux-rockchip_armv8/packages/ipkg-aarch64_generic/kmod-hwmon-pwmfan -name lib\*.so\* -or -name \*.ko | awk -F/ '{ print $NF }'; for file in /workspaces/openwrt-radxa-rock5b-plus/openwrt/staging_dir/target-aarch64_generic_musl/pkginfo/kmod-hwmon-core.provides; do if [ -f "$file" ]; then cat $file; fi; done;  ) | sort -u > /workspaces/openwrt-radxa-rock5b-plus/openwrt/staging_dir/target-aarch64_generic_musl/pkginfo/kmod-hwmon-pwmfan.provides

( rm -f /workspaces/openwrt-radxa-rock5b-plus/openwrt/staging_dir/target-aarch64_generic_musl/pkginfo/kmod-hwmon-pwmfan.missing; ( export READELF=aarch64-openwrt-linux-musl-readelf OBJCOPY=aarch64-openwrt-linux-musl-objcopy XARGS="xargs -r"; /workspaces/openwrt-radxa-rock5b-plus/openwrt/scripts/gen-dependencies.sh "/workspaces/openwrt-radxa-rock5b-plus/openwrt/build_dir/target-aarch64_generic_musl/linux-rockchip_armv8/packages/ipkg-aarch64_generic/kmod-hwmon-pwmfan"; ) | while read FILE; do grep -qxF "$FILE" /workspaces/openwrt-radxa-rock5b-plus/openwrt/staging_dir/target-aarch64_generic_musl/pkginfo/kmod-hwmon-pwmfan.provides || echo "$FILE" >> /workspaces/openwrt-radxa-rock5b-plus/openwrt/staging_dir/target-aarch64_generic_musl/pkginfo/kmod-hwmon-pwmfan.missing; done; if [ -f "/workspaces/openwrt-radxa-rock5b-plus/openwrt/staging_dir/target-aarch64_generic_musl/pkginfo/kmod-hwmon-pwmfan.missing" ]; then echo "Package kmod-hwmon-pwmfan is missing dependencies for the following libraries:" >&2; cat "/workspaces/openwrt-radxa-rock5b-plus/openwrt/staging_dir/target-aarch64_generic_musl/pkginfo/kmod-hwmon-pwmfan.missing" >&2; false; fi; )
export CROSS="aarch64-openwrt-linux-musl-"  NO_RENAME=1 ; NM="aarch64-openwrt-linux-musl-nm" STRIP="/workspaces/openwrt-radxa-rock5b-plus/openwrt/staging_dir/host/bin/sstrip -z" STRIP_KMOD="/workspaces/openwrt-radxa-rock5b-plus/openwrt/scripts/strip-kmod.sh" PATCHELF="/workspaces/openwrt-radxa-rock5b-plus/openwrt/staging_dir/host/bin/patchelf" /workspaces/openwrt-radxa-rock5b-plus/openwrt/scripts/rstrip.sh /workspaces/openwrt-radxa-rock5b-plus/openwrt/build_dir/target-aarch64_generic_musl/linux-rockchip_armv8/packages/ipkg-aarch64_generic/kmod-hwmon-pwmfan
install -d -m0755 /workspaces/openwrt-radxa-rock5b-plus/openwrt/bin/targets/rockchip/armv8/packages/tmp
mkdir -p /workspaces/openwrt-radxa-rock5b-plus/openwrt/build_dir/target-aarch64_generic_musl/linux-rockchip_armv8/packages/apk-aarch64_generic/kmod-hwmon-pwmfan/
mkdir -p /workspaces/openwrt-radxa-rock5b-plus/openwrt/build_dir/target-aarch64_generic_musl/linux-rockchip_armv8/packages/ipkg-aarch64_generic/kmod-hwmon-pwmfan/lib/apk/packages/
(cd /workspaces/openwrt-radxa-rock5b-plus/openwrt/build_dir/target-aarch64_generic_musl/linux-rockchip_armv8/packages/apk-aarch64_generic/kmod-hwmon-pwmfan; )
( echo "#!/bin/sh"; echo "[ \"\${IPKG_NO_SCRIPT}\" = \"1\" ] && exit 0"; echo "[ -s "\${IPKG_INSTROOT}/lib/functions.sh" ] || exit 0"; echo ". \${IPKG_INSTROOT}/lib/functions.sh"; echo 'export root="${IPKG_INSTROOT}"'; echo 'export pkgname="kmod-hwmon-pwmfan"'; echo "add_group_and_user"; echo "default_postinst"; [ ! -f /workspaces/openwrt-radxa-rock5b-plus/openwrt/build_dir/target-aarch64_generic_musl/linux-rockchip_armv8/packages/apk-aarch64_generic/kmod-hwmon-pwmfan/postinst-pkg ] || sed -z 's/^\s*#!/#!/' "/workspaces/openwrt-radxa-rock5b-plus/openwrt/build_dir/target-aarch64_generic_musl/linux-rockchip_armv8/packages/apk-aarch64_generic/kmod-hwmon-pwmfan/postinst-pkg"; ) > /workspaces/openwrt-radxa-rock5b-plus/openwrt/build_dir/target-aarch64_generic_musl/linux-rockchip_armv8/packages/apk-aarch64_generic/kmod-hwmon-pwmfan/post-install;
( echo "#!/bin/sh"; echo 'export PKG_UPGRADE=1'; [ ! -f /workspaces/openwrt-radxa-rock5b-plus/openwrt/build_dir/target-aarch64_generic_musl/linux-rockchip_armv8/packages/apk-aarch64_generic/kmod-hwmon-pwmfan/post-install ] || sed -z 's/^\s*#!/#!/' "/workspaces/openwrt-radxa-rock5b-plus/openwrt/build_dir/target-aarch64_generic_musl/linux-rockchip_armv8/packages/apk-aarch64_generic/kmod-hwmon-pwmfan/post-install"; ) > /workspaces/openwrt-radxa-rock5b-plus/openwrt/build_dir/target-aarch64_generic_musl/linux-rockchip_armv8/packages/apk-aarch64_generic/kmod-hwmon-pwmfan/post-upgrade;
( echo "#!/bin/sh"; echo "[ -s "\${IPKG_INSTROOT}/lib/functions.sh" ] || exit 0"; echo ". \${IPKG_INSTROOT}/lib/functions.sh"; echo 'export root="${IPKG_INSTROOT}"'; echo 'export pkgname="kmod-hwmon-pwmfan"'; echo "default_prerm"; [ ! -f /workspaces/openwrt-radxa-rock5b-plus/openwrt/build_dir/target-aarch64_generic_musl/linux-rockchip_armv8/packages/apk-aarch64_generic/kmod-hwmon-pwmfan/prerm-pkg ] || sed -z 's/^\s*#!/#!/' "/workspaces/openwrt-radxa-rock5b-plus/openwrt/build_dir/target-aarch64_generic_musl/linux-rockchip_armv8/packages/apk-aarch64_generic/kmod-hwmon-pwmfan/prerm-pkg"; ) > /workspaces/openwrt-radxa-rock5b-plus/openwrt/build_dir/target-aarch64_generic_musl/linux-rockchip_armv8/packages/apk-aarch64_generic/kmod-hwmon-pwmfan/pre-deinstall;
[ ! -f /workspaces/openwrt-radxa-rock5b-plus/openwrt/build_dir/target-aarch64_generic_musl/linux-rockchip_armv8/packages/apk-aarch64_generic/kmod-hwmon-pwmfan/postrm ] || sed -zi 's/^\s*#!/#!/' "/workspaces/openwrt-radxa-rock5b-plus/openwrt/build_dir/target-aarch64_generic_musl/linux-rockchip_armv8/packages/apk-aarch64_generic/kmod-hwmon-pwmfan/postrm";
if [ -n "" ]; then echo  > /workspaces/openwrt-radxa-rock5b-plus/openwrt/build_dir/target-aarch64_generic_musl/linux-rockchip_armv8/packages/ipkg-aarch64_generic/kmod-hwmon-pwmfan/lib/apk/packages/kmod-hwmon-pwmfan.rusers; fi;
if [ -n "" ]; then echo  > /workspaces/openwrt-radxa-rock5b-plus/openwrt/build_dir/target-aarch64_generic_musl/linux-rockchip_armv8/packages/ipkg-aarch64_generic/kmod-hwmon-pwmfan/lib/apk/packages/kmod-hwmon-pwmfan.alternatives; fi;
(cd /workspaces/openwrt-radxa-rock5b-plus/openwrt/build_dir/target-aarch64_generic_musl/linux-rockchip_armv8/packages/ipkg-aarch64_generic/kmod-hwmon-pwmfan && find . -type f,l -printf "/%P\n" | sort > /workspaces/openwrt-radxa-rock5b-plus/openwrt/tmp/kmod-hwmon-pwmfan.list && mv /workspaces/openwrt-radxa-rock5b-plus/openwrt/tmp/kmod-hwmon-pwmfan.list /workspaces/openwrt-radxa-rock5b-plus/openwrt/build_dir/target-aarch64_generic_musl/linux-rockchip_armv8/packages/ipkg-aarch64_generic/kmod-hwmon-pwmfan/lib/apk/packages/kmod-hwmon-pwmfan.list)
# Move conffiles to IDIR and build conffiles_static with csums
if [ -f /workspaces/openwrt-radxa-rock5b-plus/openwrt/build_dir/target-aarch64_generic_musl/linux-rockchip_armv8/packages/apk-aarch64_generic/kmod-hwmon-pwmfan/conffiles ]; then mv -f /workspaces/openwrt-radxa-rock5b-plus/openwrt/build_dir/target-aarch64_generic_musl/linux-rockchip_armv8/packages/apk-aarch64_generic/kmod-hwmon-pwmfan/conffiles /workspaces/openwrt-radxa-rock5b-plus/openwrt/build_dir/target-aarch64_generic_musl/linux-rockchip_armv8/packages/ipkg-aarch64_generic/kmod-hwmon-pwmfan/lib/apk/packages/kmod-hwmon-pwmfan.conffiles; for file in $(cat /workspaces/openwrt-radxa-rock5b-plus/openwrt/build_dir/target-aarch64_generic_musl/linux-rockchip_armv8/packages/ipkg-aarch64_generic/kmod-hwmon-pwmfan/lib/apk/packages/kmod-hwmon-pwmfan.conffiles); do [ -f /workspaces/openwrt-radxa-rock5b-plus/openwrt/build_dir/target-aarch64_generic_musl/linux-rockchip_armv8/packages/ipkg-aarch64_generic/kmod-hwmon-pwmfan/$file ] || continue; csum=$(/workspaces/openwrt-radxa-rock5b-plus/openwrt/staging_dir/host/bin/mkhash sha256 /workspaces/openwrt-radxa-rock5b-plus/openwrt/build_dir/target-aarch64_generic_musl/linux-rockchip_armv8/packages/ipkg-aarch64_generic/kmod-hwmon-pwmfan/$file); echo $file $csum >> /workspaces/openwrt-radxa-rock5b-plus/openwrt/build_dir/target-aarch64_generic_musl/linux-rockchip_armv8/packages/ipkg-aarch64_generic/kmod-hwmon-pwmfan/lib/apk/packages/kmod-hwmon-pwmfan.conffiles_static; done; fi
# Some package (base-files) manually append stuff to conffiles
# Append stuff from it and delete the CONTROL directory since everything else should be migrated
if [ -f /workspaces/openwrt-radxa-rock5b-plus/openwrt/build_dir/target-aarch64_generic_musl/linux-rockchip_armv8/packages/ipkg-aarch64_generic/kmod-hwmon-pwmfan/CONTROL/conffiles ]; then echo $(IDIR_kmod-hwmon-pwmfan)/CONTROL/conffiles >> /workspaces/openwrt-radxa-rock5b-plus/openwrt/build_dir/target-aarch64_generic_musl/linux-rockchip_armv8/packages/ipkg-aarch64_generic/kmod-hwmon-pwmfan/lib/apk/packages/kmod-hwmon-pwmfan.conffiles; for file in $(cat /workspaces/openwrt-radxa-rock5b-plus/openwrt/build_dir/target-aarch64_generic_musl/linux-rockchip_armv8/packages/ipkg-aarch64_generic/kmod-hwmon-pwmfan/CONTROL/conffiles); do [ -f /workspaces/openwrt-radxa-rock5b-plus/openwrt/build_dir/target-aarch64_generic_musl/linux-rockchip_armv8/packages/ipkg-aarch64_generic/kmod-hwmon-pwmfan/$file ] || continue; csum=$(/workspaces/openwrt-radxa-rock5b-plus/openwrt/staging_dir/host/bin/mkhash sha256 /workspaces/openwrt-radxa-rock5b-plus/openwrt/build_dir/target-aarch64_generic_musl/linux-rockchip_armv8/packages/ipkg-aarch64_generic/kmod-hwmon-pwmfan/$file); echo $file $csum >> /workspaces/openwrt-radxa-rock5b-plus/openwrt/build_dir/target-aarch64_generic_musl/linux-rockchip_armv8/packages/ipkg-aarch64_generic/kmod-hwmon-pwmfan/lib/apk/packages/kmod-hwmon-pwmfan.conffiles_static; done; rm -rf /workspaces/openwrt-radxa-rock5b-plus/openwrt/build_dir/target-aarch64_generic_musl/linux-rockchip_armv8/packages/ipkg-aarch64_generic/kmod-hwmon-pwmfan/CONTROL/conffiles; fi
if [ -z "$(ls -A /workspaces/openwrt-radxa-rock5b-plus/openwrt/build_dir/target-aarch64_generic_musl/linux-rockchip_armv8/packages/ipkg-aarch64_generic/kmod-hwmon-pwmfan/CONTROL 2>/dev/null)" ]; then rm -rf /workspaces/openwrt-radxa-rock5b-plus/openwrt/build_dir/target-aarch64_generic_musl/linux-rockchip_armv8/packages/ipkg-aarch64_generic/kmod-hwmon-pwmfan/CONTROL; else echo "CONTROL directory /workspaces/openwrt-radxa-rock5b-plus/openwrt/build_dir/target-aarch64_generic_musl/linux-rockchip_armv8/packages/ipkg-aarch64_generic/kmod-hwmon-pwmfan/CONTROL is not empty! This is not right and should be checked!" >&2; exit 1; fi
/workspaces/openwrt-radxa-rock5b-plus/openwrt/staging_dir/host/bin/fakeroot /workspaces/openwrt-radxa-rock5b-plus/openwrt/staging_dir/host/bin/apk mkpkg --info "name:kmod-hwmon-pwmfan" --info "version:6.12.45-r1"  --info "description:Kernel module for PWM controlled FANs" --info "arch:aarch64_generic" --info "license:GPL-2.0-only" --info "origin:feeds/base/kernel/linux" --info "url:" --info "maintainer:" --info "provides:"  --script "post-install:/workspaces/openwrt-radxa-rock5b-plus/openwrt/build_dir/target-aarch64_generic_musl/linux-rockchip_armv8/packages/apk-aarch64_generic/kmod-hwmon-pwmfan/post-install" --script "post-upgrade:/workspaces/openwrt-radxa-rock5b-plus/openwrt/build_dir/target-aarch64_generic_musl/linux-rockchip_armv8/packages/apk-aarch64_generic/kmod-hwmon-pwmfan/post-upgrade" --script "pre-deinstall:/workspaces/openwrt-radxa-rock5b-plus/openwrt/build_dir/target-aarch64_generic_musl/linux-rockchip_armv8/packages/apk-aarch64_generic/kmod-hwmon-pwmfan/pre-deinstall" --info "depends:kernel=6.12.45~bfdb4691414eb2d33b0186227f6f0e2d-r1 kmod-hwmon-core" --files "/workspaces/openwrt-radxa-rock5b-plus/openwrt/build_dir/target-aarch64_generic_musl/linux-rockchip_armv8/packages/ipkg-aarch64_generic/kmod-hwmon-pwmfan" --output "/workspaces/openwrt-radxa-rock5b-plus/openwrt/bin/targets/rockchip/armv8/packages/kmod-hwmon-pwmfan-6.12.45-r1.apk" --sign "/workspaces/openwrt-radxa-rock5b-plus/openwrt/private-key.pem"
[ -f /workspaces/openwrt-radxa-rock5b-plus/openwrt/bin/targets/rockchip/armv8/packages/kmod-hwmon-pwmfan-6.12.45-r1.apk ]
removed '/workspaces/openwrt-radxa-rock5b-plus/openwrt/bin/targets/rockchip/armv8/packages/kmod-hwmon-pwmfan-6.12.45-r1.apk'
rstrip.sh: /workspaces/openwrt-radxa-rock5b-plus/openwrt/build_dir/target-aarch64_generic_musl/linux-rockchip_armv8/packages/ipkg-aarch64_generic/kmod-hwmon-pwmfan/lib/modules/6.12.45/pwm-fan.ko: relocatable
rm -rf /workspaces/openwrt-radxa-rock5b-plus/openwrt/build_dir/target-aarch64_generic_musl/linux-rockchip_armv8/packages/ipkg-aarch64_generic/kmod-lib-crc-ccitt
/workspaces/openwrt-radxa-rock5b-plus/openwrt/scripts/ipkg-remove kmod-lib-crc-ccitt /workspaces/openwrt-radxa-rock5b-plus/openwrt/bin/targets/rockchip/armv8/packages/kmod-lib-crc-ccitt-6.12.45-r1.apk
mkdir -p /workspaces/openwrt-radxa-rock5b-plus/openwrt/bin/targets/rockchip/armv8/packages /workspaces/openwrt-radxa-rock5b-plus/openwrt/build_dir/target-aarch64_generic_musl/linux-rockchip_armv8/packages/ipkg-aarch64_generic/kmod-lib-crc-ccitt /workspaces/openwrt-radxa-rock5b-plus/openwrt/staging_dir/target-aarch64_generic_musl/pkginfo
for mod in /workspaces/openwrt-radxa-rock5b-plus/openwrt/build_dir/target-aarch64_generic_musl/linux-rockchip_armv8/linux-6.12.45/lib/crc-ccitt.ko; do if grep -q "${mod##/workspaces/openwrt-radxa-rock5b-plus/openwrt/build_dir/target-aarch64_generic_musl/linux-rockchip_armv8/linux-6.12.45/}" "/workspaces/openwrt-radxa-rock5b-plus/openwrt/build_dir/target-aarch64_generic_musl/linux-rockchip_armv8/linux-6.12.45/modules.builtin"; then echo "NOTICE: module '$mod' is built-in."; elif [ -e $mod ]; then mkdir -p /workspaces/openwrt-radxa-rock5b-plus/openwrt/build_dir/target-aarch64_generic_musl/linux-rockchip_armv8/packages/ipkg-aarch64_generic/kmod-lib-crc-ccitt/lib/modules/6.12.45 ; cp -fpR -L $mod /workspaces/openwrt-radxa-rock5b-plus/openwrt/build_dir/target-aarch64_generic_musl/linux-rockchip_armv8/packages/ipkg-aarch64_generic/kmod-lib-crc-ccitt/lib/modules/6.12.45/ ; else echo "ERROR: module '$mod' is missing." >&2; exit 1; fi; done;
mkdir -p /workspaces/openwrt-radxa-rock5b-plus/openwrt/build_dir/target-aarch64_generic_musl/linux-rockchip_armv8/packages/ipkg-aarch64_generic/kmod-lib-crc-ccitt/etc/modules.d; ( echo "crc-ccitt"; ) > /workspaces/openwrt-radxa-rock5b-plus/openwrt/build_dir/target-aarch64_generic_musl/linux-rockchip_armv8/packages/ipkg-aarch64_generic/kmod-lib-crc-ccitt/etc/modules.d/lib-crc-ccitt; 



find /workspaces/openwrt-radxa-rock5b-plus/openwrt/build_dir/target-aarch64_generic_musl/linux-rockchip_armv8/packages/ipkg-aarch64_generic/kmod-lib-crc-ccitt -name 'CVS' -o -name '.svn' -o -name '.#*' -o -name '*~'| xargs -r rm -rf
( find /workspaces/openwrt-radxa-rock5b-plus/openwrt/build_dir/target-aarch64_generic_musl/linux-rockchip_armv8/packages/ipkg-aarch64_generic/kmod-lib-crc-ccitt -name lib\*.so\* -or -name \*.ko | awk -F/ '{ print $NF }'; for file in ; do if [ -f "$file" ]; then cat $file; fi; done;  ) | sort -u > /workspaces/openwrt-radxa-rock5b-plus/openwrt/staging_dir/target-aarch64_generic_musl/pkginfo/kmod-lib-crc-ccitt.provides

( rm -f /workspaces/openwrt-radxa-rock5b-plus/openwrt/staging_dir/target-aarch64_generic_musl/pkginfo/kmod-lib-crc-ccitt.missing; ( export READELF=aarch64-openwrt-linux-musl-readelf OBJCOPY=aarch64-openwrt-linux-musl-objcopy XARGS="xargs -r"; /workspaces/openwrt-radxa-rock5b-plus/openwrt/scripts/gen-dependencies.sh "/workspaces/openwrt-radxa-rock5b-plus/openwrt/build_dir/target-aarch64_generic_musl/linux-rockchip_armv8/packages/ipkg-aarch64_generic/kmod-lib-crc-ccitt"; ) | while read FILE; do grep -qxF "$FILE" /workspaces/openwrt-radxa-rock5b-plus/openwrt/staging_dir/target-aarch64_generic_musl/pkginfo/kmod-lib-crc-ccitt.provides || echo "$FILE" >> /workspaces/openwrt-radxa-rock5b-plus/openwrt/staging_dir/target-aarch64_generic_musl/pkginfo/kmod-lib-crc-ccitt.missing; done; if [ -f "/workspaces/openwrt-radxa-rock5b-plus/openwrt/staging_dir/target-aarch64_generic_musl/pkginfo/kmod-lib-crc-ccitt.missing" ]; then echo "Package kmod-lib-crc-ccitt is missing dependencies for the following libraries:" >&2; cat "/workspaces/openwrt-radxa-rock5b-plus/openwrt/staging_dir/target-aarch64_generic_musl/pkginfo/kmod-lib-crc-ccitt.missing" >&2; false; fi; )
export CROSS="aarch64-openwrt-linux-musl-"  NO_RENAME=1 ; NM="aarch64-openwrt-linux-musl-nm" STRIP="/workspaces/openwrt-radxa-rock5b-plus/openwrt/staging_dir/host/bin/sstrip -z" STRIP_KMOD="/workspaces/openwrt-radxa-rock5b-plus/openwrt/scripts/strip-kmod.sh" PATCHELF="/workspaces/openwrt-radxa-rock5b-plus/openwrt/staging_dir/host/bin/patchelf" /workspaces/openwrt-radxa-rock5b-plus/openwrt/scripts/rstrip.sh /workspaces/openwrt-radxa-rock5b-plus/openwrt/build_dir/target-aarch64_generic_musl/linux-rockchip_armv8/packages/ipkg-aarch64_generic/kmod-lib-crc-ccitt
install -d -m0755 /workspaces/openwrt-radxa-rock5b-plus/openwrt/bin/targets/rockchip/armv8/packages/tmp
mkdir -p /workspaces/openwrt-radxa-rock5b-plus/openwrt/build_dir/target-aarch64_generic_musl/linux-rockchip_armv8/packages/apk-aarch64_generic/kmod-lib-crc-ccitt/
mkdir -p /workspaces/openwrt-radxa-rock5b-plus/openwrt/build_dir/target-aarch64_generic_musl/linux-rockchip_armv8/packages/ipkg-aarch64_generic/kmod-lib-crc-ccitt/lib/apk/packages/
(cd /workspaces/openwrt-radxa-rock5b-plus/openwrt/build_dir/target-aarch64_generic_musl/linux-rockchip_armv8/packages/apk-aarch64_generic/kmod-lib-crc-ccitt; )
( echo "#!/bin/sh"; echo "[ \"\${IPKG_NO_SCRIPT}\" = \"1\" ] && exit 0"; echo "[ -s "\${IPKG_INSTROOT}/lib/functions.sh" ] || exit 0"; echo ". \${IPKG_INSTROOT}/lib/functions.sh"; echo 'export root="${IPKG_INSTROOT}"'; echo 'export pkgname="kmod-lib-crc-ccitt"'; echo "add_group_and_user"; echo "default_postinst"; [ ! -f /workspaces/openwrt-radxa-rock5b-plus/openwrt/build_dir/target-aarch64_generic_musl/linux-rockchip_armv8/packages/apk-aarch64_generic/kmod-lib-crc-ccitt/postinst-pkg ] || sed -z 's/^\s*#!/#!/' "/workspaces/openwrt-radxa-rock5b-plus/openwrt/build_dir/target-aarch64_generic_musl/linux-rockchip_armv8/packages/apk-aarch64_generic/kmod-lib-crc-ccitt/postinst-pkg"; ) > /workspaces/openwrt-radxa-rock5b-plus/openwrt/build_dir/target-aarch64_generic_musl/linux-rockchip_armv8/packages/apk-aarch64_generic/kmod-lib-crc-ccitt/post-install;
( echo "#!/bin/sh"; echo 'export PKG_UPGRADE=1'; [ ! -f /workspaces/openwrt-radxa-rock5b-plus/openwrt/build_dir/target-aarch64_generic_musl/linux-rockchip_armv8/packages/apk-aarch64_generic/kmod-lib-crc-ccitt/post-install ] || sed -z 's/^\s*#!/#!/' "/workspaces/openwrt-radxa-rock5b-plus/openwrt/build_dir/target-aarch64_generic_musl/linux-rockchip_armv8/packages/apk-aarch64_generic/kmod-lib-crc-ccitt/post-install"; ) > /workspaces/openwrt-radxa-rock5b-plus/openwrt/build_dir/target-aarch64_generic_musl/linux-rockchip_armv8/packages/apk-aarch64_generic/kmod-lib-crc-ccitt/post-upgrade;
( echo "#!/bin/sh"; echo "[ -s "\${IPKG_INSTROOT}/lib/functions.sh" ] || exit 0"; echo ". \${IPKG_INSTROOT}/lib/functions.sh"; echo 'export root="${IPKG_INSTROOT}"'; echo 'export pkgname="kmod-lib-crc-ccitt"'; echo "default_prerm"; [ ! -f /workspaces/openwrt-radxa-rock5b-plus/openwrt/build_dir/target-aarch64_generic_musl/linux-rockchip_armv8/packages/apk-aarch64_generic/kmod-lib-crc-ccitt/prerm-pkg ] || sed -z 's/^\s*#!/#!/' "/workspaces/openwrt-radxa-rock5b-plus/openwrt/build_dir/target-aarch64_generic_musl/linux-rockchip_armv8/packages/apk-aarch64_generic/kmod-lib-crc-ccitt/prerm-pkg"; ) > /workspaces/openwrt-radxa-rock5b-plus/openwrt/build_dir/target-aarch64_generic_musl/linux-rockchip_armv8/packages/apk-aarch64_generic/kmod-lib-crc-ccitt/pre-deinstall;
[ ! -f /workspaces/openwrt-radxa-rock5b-plus/openwrt/build_dir/target-aarch64_generic_musl/linux-rockchip_armv8/packages/apk-aarch64_generic/kmod-lib-crc-ccitt/postrm ] || sed -zi 's/^\s*#!/#!/' "/workspaces/openwrt-radxa-rock5b-plus/openwrt/build_dir/target-aarch64_generic_musl/linux-rockchip_armv8/packages/apk-aarch64_generic/kmod-lib-crc-ccitt/postrm";
if [ -n "" ]; then echo  > /workspaces/openwrt-radxa-rock5b-plus/openwrt/build_dir/target-aarch64_generic_musl/linux-rockchip_armv8/packages/ipkg-aarch64_generic/kmod-lib-crc-ccitt/lib/apk/packages/kmod-lib-crc-ccitt.rusers; fi;
if [ -n "" ]; then echo  > /workspaces/openwrt-radxa-rock5b-plus/openwrt/build_dir/target-aarch64_generic_musl/linux-rockchip_armv8/packages/ipkg-aarch64_generic/kmod-lib-crc-ccitt/lib/apk/packages/kmod-lib-crc-ccitt.alternatives; fi;
(cd /workspaces/openwrt-radxa-rock5b-plus/openwrt/build_dir/target-aarch64_generic_musl/linux-rockchip_armv8/packages/ipkg-aarch64_generic/kmod-lib-crc-ccitt && find . -type f,l -printf "/%P\n" | sort > /workspaces/openwrt-radxa-rock5b-plus/openwrt/tmp/kmod-lib-crc-ccitt.list && mv /workspaces/openwrt-radxa-rock5b-plus/openwrt/tmp/kmod-lib-crc-ccitt.list /workspaces/openwrt-radxa-rock5b-plus/openwrt/build_dir/target-aarch64_generic_musl/linux-rockchip_armv8/packages/ipkg-aarch64_generic/kmod-lib-crc-ccitt/lib/apk/packages/kmod-lib-crc-ccitt.list)
# Move conffiles to IDIR and build conffiles_static with csums
if [ -f /workspaces/openwrt-radxa-rock5b-plus/openwrt/build_dir/target-aarch64_generic_musl/linux-rockchip_armv8/packages/apk-aarch64_generic/kmod-lib-crc-ccitt/conffiles ]; then mv -f /workspaces/openwrt-radxa-rock5b-plus/openwrt/build_dir/target-aarch64_generic_musl/linux-rockchip_armv8/packages/apk-aarch64_generic/kmod-lib-crc-ccitt/conffiles /workspaces/openwrt-radxa-rock5b-plus/openwrt/build_dir/target-aarch64_generic_musl/linux-rockchip_armv8/packages/ipkg-aarch64_generic/kmod-lib-crc-ccitt/lib/apk/packages/kmod-lib-crc-ccitt.conffiles; for file in $(cat /workspaces/openwrt-radxa-rock5b-plus/openwrt/build_dir/target-aarch64_generic_musl/linux-rockchip_armv8/packages/ipkg-aarch64_generic/kmod-lib-crc-ccitt/lib/apk/packages/kmod-lib-crc-ccitt.conffiles); do [ -f /workspaces/openwrt-radxa-rock5b-plus/openwrt/build_dir/target-aarch64_generic_musl/linux-rockchip_armv8/packages/ipkg-aarch64_generic/kmod-lib-crc-ccitt/$file ] || continue; csum=$(/workspaces/openwrt-radxa-rock5b-plus/openwrt/staging_dir/host/bin/mkhash sha256 /workspaces/openwrt-radxa-rock5b-plus/openwrt/build_dir/target-aarch64_generic_musl/linux-rockchip_armv8/packages/ipkg-aarch64_generic/kmod-lib-crc-ccitt/$file); echo $file $csum >> /workspaces/openwrt-radxa-rock5b-plus/openwrt/build_dir/target-aarch64_generic_musl/linux-rockchip_armv8/packages/ipkg-aarch64_generic/kmod-lib-crc-ccitt/lib/apk/packages/kmod-lib-crc-ccitt.conffiles_static; done; fi
# Some package (base-files) manually append stuff to conffiles
# Append stuff from it and delete the CONTROL directory since everything else should be migrated
if [ -f /workspaces/openwrt-radxa-rock5b-plus/openwrt/build_dir/target-aarch64_generic_musl/linux-rockchip_armv8/packages/ipkg-aarch64_generic/kmod-lib-crc-ccitt/CONTROL/conffiles ]; then echo $(IDIR_kmod-lib-crc-ccitt)/CONTROL/conffiles >> /workspaces/openwrt-radxa-rock5b-plus/openwrt/build_dir/target-aarch64_generic_musl/linux-rockchip_armv8/packages/ipkg-aarch64_generic/kmod-lib-crc-ccitt/lib/apk/packages/kmod-lib-crc-ccitt.conffiles; for file in $(cat /workspaces/openwrt-radxa-rock5b-plus/openwrt/build_dir/target-aarch64_generic_musl/linux-rockchip_armv8/packages/ipkg-aarch64_generic/kmod-lib-crc-ccitt/CONTROL/conffiles); do [ -f /workspaces/openwrt-radxa-rock5b-plus/openwrt/build_dir/target-aarch64_generic_musl/linux-rockchip_armv8/packages/ipkg-aarch64_generic/kmod-lib-crc-ccitt/$file ] || continue; csum=$(/workspaces/openwrt-radxa-rock5b-plus/openwrt/staging_dir/host/bin/mkhash sha256 /workspaces/openwrt-radxa-rock5b-plus/openwrt/build_dir/target-aarch64_generic_musl/linux-rockchip_armv8/packages/ipkg-aarch64_generic/kmod-lib-crc-ccitt/$file); echo $file $csum >> /workspaces/openwrt-radxa-rock5b-plus/openwrt/build_dir/target-aarch64_generic_musl/linux-rockchip_armv8/packages/ipkg-aarch64_generic/kmod-lib-crc-ccitt/lib/apk/packages/kmod-lib-crc-ccitt.conffiles_static; done; rm -rf /workspaces/openwrt-radxa-rock5b-plus/openwrt/build_dir/target-aarch64_generic_musl/linux-rockchip_armv8/packages/ipkg-aarch64_generic/kmod-lib-crc-ccitt/CONTROL/conffiles; fi
if [ -z "$(ls -A /workspaces/openwrt-radxa-rock5b-plus/openwrt/build_dir/target-aarch64_generic_musl/linux-rockchip_armv8/packages/ipkg-aarch64_generic/kmod-lib-crc-ccitt/CONTROL 2>/dev/null)" ]; then rm -rf /workspaces/openwrt-radxa-rock5b-plus/openwrt/build_dir/target-aarch64_generic_musl/linux-rockchip_armv8/packages/ipkg-aarch64_generic/kmod-lib-crc-ccitt/CONTROL; else echo "CONTROL directory /workspaces/openwrt-radxa-rock5b-plus/openwrt/build_dir/target-aarch64_generic_musl/linux-rockchip_armv8/packages/ipkg-aarch64_generic/kmod-lib-crc-ccitt/CONTROL is not empty! This is not right and should be checked!" >&2; exit 1; fi
/workspaces/openwrt-radxa-rock5b-plus/openwrt/staging_dir/host/bin/fakeroot /workspaces/openwrt-radxa-rock5b-plus/openwrt/staging_dir/host/bin/apk mkpkg --info "name:kmod-lib-crc-ccitt" --info "version:6.12.45-r1"  --info "description:Kernel module for CRC-CCITT support" --info "arch:aarch64_generic" --info "license:GPL-2.0-only" --info "origin:feeds/base/kernel/linux" --info "url:" --info "maintainer:" --info "provides:"  --script "post-install:/workspaces/openwrt-radxa-rock5b-plus/openwrt/build_dir/target-aarch64_generic_musl/linux-rockchip_armv8/packages/apk-aarch64_generic/kmod-lib-crc-ccitt/post-install" --script "post-upgrade:/workspaces/openwrt-radxa-rock5b-plus/openwrt/build_dir/target-aarch64_generic_musl/linux-rockchip_armv8/packages/apk-aarch64_generic/kmod-lib-crc-ccitt/post-upgrade" --script "pre-deinstall:/workspaces/openwrt-radxa-rock5b-plus/openwrt/build_dir/target-aarch64_generic_musl/linux-rockchip_armv8/packages/apk-aarch64_generic/kmod-lib-crc-ccitt/pre-deinstall" --info "depends:kernel=6.12.45~bfdb4691414eb2d33b0186227f6f0e2d-r1" --files "/workspaces/openwrt-radxa-rock5b-plus/openwrt/build_dir/target-aarch64_generic_musl/linux-rockchip_armv8/packages/ipkg-aarch64_generic/kmod-lib-crc-ccitt" --output "/workspaces/openwrt-radxa-rock5b-plus/openwrt/bin/targets/rockchip/armv8/packages/kmod-lib-crc-ccitt-6.12.45-r1.apk" --sign "/workspaces/openwrt-radxa-rock5b-plus/openwrt/private-key.pem"
[ -f /workspaces/openwrt-radxa-rock5b-plus/openwrt/bin/targets/rockchip/armv8/packages/kmod-lib-crc-ccitt-6.12.45-r1.apk ]
removed '/workspaces/openwrt-radxa-rock5b-plus/openwrt/bin/targets/rockchip/armv8/packages/kmod-lib-crc-ccitt-6.12.45-r1.apk'
rstrip.sh: /workspaces/openwrt-radxa-rock5b-plus/openwrt/build_dir/target-aarch64_generic_musl/linux-rockchip_armv8/packages/ipkg-aarch64_generic/kmod-lib-crc-ccitt/lib/modules/6.12.45/crc-ccitt.ko: relocatable
rm -rf /workspaces/openwrt-radxa-rock5b-plus/openwrt/build_dir/target-aarch64_generic_musl/linux-rockchip_armv8/packages/ipkg-aarch64_generic/kmod-lib-crc32c
/workspaces/openwrt-radxa-rock5b-plus/openwrt/scripts/ipkg-remove kmod-lib-crc32c /workspaces/openwrt-radxa-rock5b-plus/openwrt/bin/targets/rockchip/armv8/packages/kmod-lib-crc32c-6.12.45-r1.apk
mkdir -p /workspaces/openwrt-radxa-rock5b-plus/openwrt/bin/targets/rockchip/armv8/packages /workspaces/openwrt-radxa-rock5b-plus/openwrt/build_dir/target-aarch64_generic_musl/linux-rockchip_armv8/packages/ipkg-aarch64_generic/kmod-lib-crc32c /workspaces/openwrt-radxa-rock5b-plus/openwrt/staging_dir/target-aarch64_generic_musl/pkginfo
for mod in /workspaces/openwrt-radxa-rock5b-plus/openwrt/build_dir/target-aarch64_generic_musl/linux-rockchip_armv8/linux-6.12.45/lib/libcrc32c.ko; do if grep -q "${mod##/workspaces/openwrt-radxa-rock5b-plus/openwrt/build_dir/target-aarch64_generic_musl/linux-rockchip_armv8/linux-6.12.45/}" "/workspaces/openwrt-radxa-rock5b-plus/openwrt/build_dir/target-aarch64_generic_musl/linux-rockchip_armv8/linux-6.12.45/modules.builtin"; then echo "NOTICE: module '$mod' is built-in."; elif [ -e $mod ]; then mkdir -p /workspaces/openwrt-radxa-rock5b-plus/openwrt/build_dir/target-aarch64_generic_musl/linux-rockchip_armv8/packages/ipkg-aarch64_generic/kmod-lib-crc32c/lib/modules/6.12.45 ; cp -fpR -L $mod /workspaces/openwrt-radxa-rock5b-plus/openwrt/build_dir/target-aarch64_generic_musl/linux-rockchip_armv8/packages/ipkg-aarch64_generic/kmod-lib-crc32c/lib/modules/6.12.45/ ; else echo "ERROR: module '$mod' is missing." >&2; exit 1; fi; done;
mkdir -p /workspaces/openwrt-radxa-rock5b-plus/openwrt/build_dir/target-aarch64_generic_musl/linux-rockchip_armv8/packages/ipkg-aarch64_generic/kmod-lib-crc32c/etc/modules.d; ( echo "libcrc32c"; ) > /workspaces/openwrt-radxa-rock5b-plus/openwrt/build_dir/target-aarch64_generic_musl/linux-rockchip_armv8/packages/ipkg-aarch64_generic/kmod-lib-crc32c/etc/modules.d/lib-crc32c; 



find /workspaces/openwrt-radxa-rock5b-plus/openwrt/build_dir/target-aarch64_generic_musl/linux-rockchip_armv8/packages/ipkg-aarch64_generic/kmod-lib-crc32c -name 'CVS' -o -name '.svn' -o -name '.#*' -o -name '*~'| xargs -r rm -rf
( find /workspaces/openwrt-radxa-rock5b-plus/openwrt/build_dir/target-aarch64_generic_musl/linux-rockchip_armv8/packages/ipkg-aarch64_generic/kmod-lib-crc32c -name lib\*.so\* -or -name \*.ko | awk -F/ '{ print $NF }'; for file in /workspaces/openwrt-radxa-rock5b-plus/openwrt/staging_dir/target-aarch64_generic_musl/pkginfo/kmod-crypto-crc32c.provides; do if [ -f "$file" ]; then cat $file; fi; done;  ) | sort -u > /workspaces/openwrt-radxa-rock5b-plus/openwrt/staging_dir/target-aarch64_generic_musl/pkginfo/kmod-lib-crc32c.provides

( rm -f /workspaces/openwrt-radxa-rock5b-plus/openwrt/staging_dir/target-aarch64_generic_musl/pkginfo/kmod-lib-crc32c.missing; ( export READELF=aarch64-openwrt-linux-musl-readelf OBJCOPY=aarch64-openwrt-linux-musl-objcopy XARGS="xargs -r"; /workspaces/openwrt-radxa-rock5b-plus/openwrt/scripts/gen-dependencies.sh "/workspaces/openwrt-radxa-rock5b-plus/openwrt/build_dir/target-aarch64_generic_musl/linux-rockchip_armv8/packages/ipkg-aarch64_generic/kmod-lib-crc32c"; ) | while read FILE; do grep -qxF "$FILE" /workspaces/openwrt-radxa-rock5b-plus/openwrt/staging_dir/target-aarch64_generic_musl/pkginfo/kmod-lib-crc32c.provides || echo "$FILE" >> /workspaces/openwrt-radxa-rock5b-plus/openwrt/staging_dir/target-aarch64_generic_musl/pkginfo/kmod-lib-crc32c.missing; done; if [ -f "/workspaces/openwrt-radxa-rock5b-plus/openwrt/staging_dir/target-aarch64_generic_musl/pkginfo/kmod-lib-crc32c.missing" ]; then echo "Package kmod-lib-crc32c is missing dependencies for the following libraries:" >&2; cat "/workspaces/openwrt-radxa-rock5b-plus/openwrt/staging_dir/target-aarch64_generic_musl/pkginfo/kmod-lib-crc32c.missing" >&2; false; fi; )
export CROSS="aarch64-openwrt-linux-musl-"  NO_RENAME=1 ; NM="aarch64-openwrt-linux-musl-nm" STRIP="/workspaces/openwrt-radxa-rock5b-plus/openwrt/staging_dir/host/bin/sstrip -z" STRIP_KMOD="/workspaces/openwrt-radxa-rock5b-plus/openwrt/scripts/strip-kmod.sh" PATCHELF="/workspaces/openwrt-radxa-rock5b-plus/openwrt/staging_dir/host/bin/patchelf" /workspaces/openwrt-radxa-rock5b-plus/openwrt/scripts/rstrip.sh /workspaces/openwrt-radxa-rock5b-plus/openwrt/build_dir/target-aarch64_generic_musl/linux-rockchip_armv8/packages/ipkg-aarch64_generic/kmod-lib-crc32c
install -d -m0755 /workspaces/openwrt-radxa-rock5b-plus/openwrt/bin/targets/rockchip/armv8/packages/tmp
mkdir -p /workspaces/openwrt-radxa-rock5b-plus/openwrt/build_dir/target-aarch64_generic_musl/linux-rockchip_armv8/packages/apk-aarch64_generic/kmod-lib-crc32c/
mkdir -p /workspaces/openwrt-radxa-rock5b-plus/openwrt/build_dir/target-aarch64_generic_musl/linux-rockchip_armv8/packages/ipkg-aarch64_generic/kmod-lib-crc32c/lib/apk/packages/
(cd /workspaces/openwrt-radxa-rock5b-plus/openwrt/build_dir/target-aarch64_generic_musl/linux-rockchip_armv8/packages/apk-aarch64_generic/kmod-lib-crc32c; )
( echo "#!/bin/sh"; echo "[ \"\${IPKG_NO_SCRIPT}\" = \"1\" ] && exit 0"; echo "[ -s "\${IPKG_INSTROOT}/lib/functions.sh" ] || exit 0"; echo ". \${IPKG_INSTROOT}/lib/functions.sh"; echo 'export root="${IPKG_INSTROOT}"'; echo 'export pkgname="kmod-lib-crc32c"'; echo "add_group_and_user"; echo "default_postinst"; [ ! -f /workspaces/openwrt-radxa-rock5b-plus/openwrt/build_dir/target-aarch64_generic_musl/linux-rockchip_armv8/packages/apk-aarch64_generic/kmod-lib-crc32c/postinst-pkg ] || sed -z 's/^\s*#!/#!/' "/workspaces/openwrt-radxa-rock5b-plus/openwrt/build_dir/target-aarch64_generic_musl/linux-rockchip_armv8/packages/apk-aarch64_generic/kmod-lib-crc32c/postinst-pkg"; ) > /workspaces/openwrt-radxa-rock5b-plus/openwrt/build_dir/target-aarch64_generic_musl/linux-rockchip_armv8/packages/apk-aarch64_generic/kmod-lib-crc32c/post-install;
( echo "#!/bin/sh"; echo 'export PKG_UPGRADE=1'; [ ! -f /workspaces/openwrt-radxa-rock5b-plus/openwrt/build_dir/target-aarch64_generic_musl/linux-rockchip_armv8/packages/apk-aarch64_generic/kmod-lib-crc32c/post-install ] || sed -z 's/^\s*#!/#!/' "/workspaces/openwrt-radxa-rock5b-plus/openwrt/build_dir/target-aarch64_generic_musl/linux-rockchip_armv8/packages/apk-aarch64_generic/kmod-lib-crc32c/post-install"; ) > /workspaces/openwrt-radxa-rock5b-plus/openwrt/build_dir/target-aarch64_generic_musl/linux-rockchip_armv8/packages/apk-aarch64_generic/kmod-lib-crc32c/post-upgrade;
( echo "#!/bin/sh"; echo "[ -s "\${IPKG_INSTROOT}/lib/functions.sh" ] || exit 0"; echo ". \${IPKG_INSTROOT}/lib/functions.sh"; echo 'export root="${IPKG_INSTROOT}"'; echo 'export pkgname="kmod-lib-crc32c"'; echo "default_prerm"; [ ! -f /workspaces/openwrt-radxa-rock5b-plus/openwrt/build_dir/target-aarch64_generic_musl/linux-rockchip_armv8/packages/apk-aarch64_generic/kmod-lib-crc32c/prerm-pkg ] || sed -z 's/^\s*#!/#!/' "/workspaces/openwrt-radxa-rock5b-plus/openwrt/build_dir/target-aarch64_generic_musl/linux-rockchip_armv8/packages/apk-aarch64_generic/kmod-lib-crc32c/prerm-pkg"; ) > /workspaces/openwrt-radxa-rock5b-plus/openwrt/build_dir/target-aarch64_generic_musl/linux-rockchip_armv8/packages/apk-aarch64_generic/kmod-lib-crc32c/pre-deinstall;
[ ! -f /workspaces/openwrt-radxa-rock5b-plus/openwrt/build_dir/target-aarch64_generic_musl/linux-rockchip_armv8/packages/apk-aarch64_generic/kmod-lib-crc32c/postrm ] || sed -zi 's/^\s*#!/#!/' "/workspaces/openwrt-radxa-rock5b-plus/openwrt/build_dir/target-aarch64_generic_musl/linux-rockchip_armv8/packages/apk-aarch64_generic/kmod-lib-crc32c/postrm";
if [ -n "" ]; then echo  > /workspaces/openwrt-radxa-rock5b-plus/openwrt/build_dir/target-aarch64_generic_musl/linux-rockchip_armv8/packages/ipkg-aarch64_generic/kmod-lib-crc32c/lib/apk/packages/kmod-lib-crc32c.rusers; fi;
if [ -n "" ]; then echo  > /workspaces/openwrt-radxa-rock5b-plus/openwrt/build_dir/target-aarch64_generic_musl/linux-rockchip_armv8/packages/ipkg-aarch64_generic/kmod-lib-crc32c/lib/apk/packages/kmod-lib-crc32c.alternatives; fi;
(cd /workspaces/openwrt-radxa-rock5b-plus/openwrt/build_dir/target-aarch64_generic_musl/linux-rockchip_armv8/packages/ipkg-aarch64_generic/kmod-lib-crc32c && find . -type f,l -printf "/%P\n" | sort > /workspaces/openwrt-radxa-rock5b-plus/openwrt/tmp/kmod-lib-crc32c.list && mv /workspaces/openwrt-radxa-rock5b-plus/openwrt/tmp/kmod-lib-crc32c.list /workspaces/openwrt-radxa-rock5b-plus/openwrt/build_dir/target-aarch64_generic_musl/linux-rockchip_armv8/packages/ipkg-aarch64_generic/kmod-lib-crc32c/lib/apk/packages/kmod-lib-crc32c.list)
# Move conffiles to IDIR and build conffiles_static with csums
if [ -f /workspaces/openwrt-radxa-rock5b-plus/openwrt/build_dir/target-aarch64_generic_musl/linux-rockchip_armv8/packages/apk-aarch64_generic/kmod-lib-crc32c/conffiles ]; then mv -f /workspaces/openwrt-radxa-rock5b-plus/openwrt/build_dir/target-aarch64_generic_musl/linux-rockchip_armv8/packages/apk-aarch64_generic/kmod-lib-crc32c/conffiles /workspaces/openwrt-radxa-rock5b-plus/openwrt/build_dir/target-aarch64_generic_musl/linux-rockchip_armv8/packages/ipkg-aarch64_generic/kmod-lib-crc32c/lib/apk/packages/kmod-lib-crc32c.conffiles; for file in $(cat /workspaces/openwrt-radxa-rock5b-plus/openwrt/build_dir/target-aarch64_generic_musl/linux-rockchip_armv8/packages/ipkg-aarch64_generic/kmod-lib-crc32c/lib/apk/packages/kmod-lib-crc32c.conffiles); do [ -f /workspaces/openwrt-radxa-rock5b-plus/openwrt/build_dir/target-aarch64_generic_musl/linux-rockchip_armv8/packages/ipkg-aarch64_generic/kmod-lib-crc32c/$file ] || continue; csum=$(/workspaces/openwrt-radxa-rock5b-plus/openwrt/staging_dir/host/bin/mkhash sha256 /workspaces/openwrt-radxa-rock5b-plus/openwrt/build_dir/target-aarch64_generic_musl/linux-rockchip_armv8/packages/ipkg-aarch64_generic/kmod-lib-crc32c/$file); echo $file $csum >> /workspaces/openwrt-radxa-rock5b-plus/openwrt/build_dir/target-aarch64_generic_musl/linux-rockchip_armv8/packages/ipkg-aarch64_generic/kmod-lib-crc32c/lib/apk/packages/kmod-lib-crc32c.conffiles_static; done; fi
# Some package (base-files) manually append stuff to conffiles
# Append stuff from it and delete the CONTROL directory since everything else should be migrated
if [ -f /workspaces/openwrt-radxa-rock5b-plus/openwrt/build_dir/target-aarch64_generic_musl/linux-rockchip_armv8/packages/ipkg-aarch64_generic/kmod-lib-crc32c/CONTROL/conffiles ]; then echo $(IDIR_kmod-lib-crc32c)/CONTROL/conffiles >> /workspaces/openwrt-radxa-rock5b-plus/openwrt/build_dir/target-aarch64_generic_musl/linux-rockchip_armv8/packages/ipkg-aarch64_generic/kmod-lib-crc32c/lib/apk/packages/kmod-lib-crc32c.conffiles; for file in $(cat /workspaces/openwrt-radxa-rock5b-plus/openwrt/build_dir/target-aarch64_generic_musl/linux-rockchip_armv8/packages/ipkg-aarch64_generic/kmod-lib-crc32c/CONTROL/conffiles); do [ -f /workspaces/openwrt-radxa-rock5b-plus/openwrt/build_dir/target-aarch64_generic_musl/linux-rockchip_armv8/packages/ipkg-aarch64_generic/kmod-lib-crc32c/$file ] || continue; csum=$(/workspaces/openwrt-radxa-rock5b-plus/openwrt/staging_dir/host/bin/mkhash sha256 /workspaces/openwrt-radxa-rock5b-plus/openwrt/build_dir/target-aarch64_generic_musl/linux-rockchip_armv8/packages/ipkg-aarch64_generic/kmod-lib-crc32c/$file); echo $file $csum >> /workspaces/openwrt-radxa-rock5b-plus/openwrt/build_dir/target-aarch64_generic_musl/linux-rockchip_armv8/packages/ipkg-aarch64_generic/kmod-lib-crc32c/lib/apk/packages/kmod-lib-crc32c.conffiles_static; done; rm -rf /workspaces/openwrt-radxa-rock5b-plus/openwrt/build_dir/target-aarch64_generic_musl/linux-rockchip_armv8/packages/ipkg-aarch64_generic/kmod-lib-crc32c/CONTROL/conffiles; fi
if [ -z "$(ls -A /workspaces/openwrt-radxa-rock5b-plus/openwrt/build_dir/target-aarch64_generic_musl/linux-rockchip_armv8/packages/ipkg-aarch64_generic/kmod-lib-crc32c/CONTROL 2>/dev/null)" ]; then rm -rf /workspaces/openwrt-radxa-rock5b-plus/openwrt/build_dir/target-aarch64_generic_musl/linux-rockchip_armv8/packages/ipkg-aarch64_generic/kmod-lib-crc32c/CONTROL; else echo "CONTROL directory /workspaces/openwrt-radxa-rock5b-plus/openwrt/build_dir/target-aarch64_generic_musl/linux-rockchip_armv8/packages/ipkg-aarch64_generic/kmod-lib-crc32c/CONTROL is not empty! This is not right and should be checked!" >&2; exit 1; fi
/workspaces/openwrt-radxa-rock5b-plus/openwrt/staging_dir/host/bin/fakeroot /workspaces/openwrt-radxa-rock5b-plus/openwrt/staging_dir/host/bin/apk mkpkg --info "name:kmod-lib-crc32c" --info "version:6.12.45-r1"  --info "description:Kernel module for CRC32 support" --info "arch:aarch64_generic" --info "license:GPL-2.0-only" --info "origin:feeds/base/kernel/linux" --info "url:" --info "maintainer:" --info "provides:"  --script "post-install:/workspaces/openwrt-radxa-rock5b-plus/openwrt/build_dir/target-aarch64_generic_musl/linux-rockchip_armv8/packages/apk-aarch64_generic/kmod-lib-crc32c/post-install" --script "post-upgrade:/workspaces/openwrt-radxa-rock5b-plus/openwrt/build_dir/target-aarch64_generic_musl/linux-rockchip_armv8/packages/apk-aarch64_generic/kmod-lib-crc32c/post-upgrade" --script "pre-deinstall:/workspaces/openwrt-radxa-rock5b-plus/openwrt/build_dir/target-aarch64_generic_musl/linux-rockchip_armv8/packages/apk-aarch64_generic/kmod-lib-crc32c/pre-deinstall" --info "depends:kernel=6.12.45~bfdb4691414eb2d33b0186227f6f0e2d-r1 kmod-crypto-crc32c" --files "/workspaces/openwrt-radxa-rock5b-plus/openwrt/build_dir/target-aarch64_generic_musl/linux-rockchip_armv8/packages/ipkg-aarch64_generic/kmod-lib-crc32c" --output "/workspaces/openwrt-radxa-rock5b-plus/openwrt/bin/targets/rockchip/armv8/packages/kmod-lib-crc32c-6.12.45-r1.apk" --sign "/workspaces/openwrt-radxa-rock5b-plus/openwrt/private-key.pem"
[ -f /workspaces/openwrt-radxa-rock5b-plus/openwrt/bin/targets/rockchip/armv8/packages/kmod-lib-crc32c-6.12.45-r1.apk ]
removed '/workspaces/openwrt-radxa-rock5b-plus/openwrt/bin/targets/rockchip/armv8/packages/kmod-lib-crc32c-6.12.45-r1.apk'
NOTICE: module '/workspaces/openwrt-radxa-rock5b-plus/openwrt/build_dir/target-aarch64_generic_musl/linux-rockchip_armv8/linux-6.12.45/lib/libcrc32c.ko' is built-in.
rm -rf /workspaces/openwrt-radxa-rock5b-plus/openwrt/build_dir/target-aarch64_generic_musl/linux-rockchip_armv8/packages/ipkg-aarch64_generic/kmod-libphy
/workspaces/openwrt-radxa-rock5b-plus/openwrt/scripts/ipkg-remove kmod-libphy /workspaces/openwrt-radxa-rock5b-plus/openwrt/bin/targets/rockchip/armv8/packages/kmod-libphy-6.12.45-r1.apk
mkdir -p /workspaces/openwrt-radxa-rock5b-plus/openwrt/bin/targets/rockchip/armv8/packages /workspaces/openwrt-radxa-rock5b-plus/openwrt/build_dir/target-aarch64_generic_musl/linux-rockchip_armv8/packages/ipkg-aarch64_generic/kmod-libphy /workspaces/openwrt-radxa-rock5b-plus/openwrt/staging_dir/target-aarch64_generic_musl/pkginfo
for mod in /workspaces/openwrt-radxa-rock5b-plus/openwrt/build_dir/target-aarch64_generic_musl/linux-rockchip_armv8/linux-6.12.45/drivers/net/phy/libphy.ko; do if grep -q "${mod##/workspaces/openwrt-radxa-rock5b-plus/openwrt/build_dir/target-aarch64_generic_musl/linux-rockchip_armv8/linux-6.12.45/}" "/workspaces/openwrt-radxa-rock5b-plus/openwrt/build_dir/target-aarch64_generic_musl/linux-rockchip_armv8/linux-6.12.45/modules.builtin"; then echo "NOTICE: module '$mod' is built-in."; elif [ -e $mod ]; then mkdir -p /workspaces/openwrt-radxa-rock5b-plus/openwrt/build_dir/target-aarch64_generic_musl/linux-rockchip_armv8/packages/ipkg-aarch64_generic/kmod-libphy/lib/modules/6.12.45 ; cp -fpR -L $mod /workspaces/openwrt-radxa-rock5b-plus/openwrt/build_dir/target-aarch64_generic_musl/linux-rockchip_armv8/packages/ipkg-aarch64_generic/kmod-libphy/lib/modules/6.12.45/ ; else echo "ERROR: module '$mod' is missing." >&2; exit 1; fi; done;
mkdir -p /workspaces/openwrt-radxa-rock5b-plus/openwrt/build_dir/target-aarch64_generic_musl/linux-rockchip_armv8/packages/ipkg-aarch64_generic/kmod-libphy/etc/modules.d; ( echo "libphy"; ) > /workspaces/openwrt-radxa-rock5b-plus/openwrt/build_dir/target-aarch64_generic_musl/linux-rockchip_armv8/packages/ipkg-aarch64_generic/kmod-libphy/etc/modules.d/15-libphy;  mkdir -p /workspaces/openwrt-radxa-rock5b-plus/openwrt/build_dir/target-aarch64_generic_musl/linux-rockchip_armv8/packages/ipkg-aarch64_generic/kmod-libphy/etc/modules-boot.d; ln -sf ../modules.d/15-libphy /workspaces/openwrt-radxa-rock5b-plus/openwrt/build_dir/target-aarch64_generic_musl/linux-rockchip_armv8/packages/ipkg-aarch64_generic/kmod-libphy/etc/modules-boot.d/;



find /workspaces/openwrt-radxa-rock5b-plus/openwrt/build_dir/target-aarch64_generic_musl/linux-rockchip_armv8/packages/ipkg-aarch64_generic/kmod-libphy -name 'CVS' -o -name '.svn' -o -name '.#*' -o -name '*~'| xargs -r rm -rf
( find /workspaces/openwrt-radxa-rock5b-plus/openwrt/build_dir/target-aarch64_generic_musl/linux-rockchip_armv8/packages/ipkg-aarch64_generic/kmod-libphy -name lib\*.so\* -or -name \*.ko | awk -F/ '{ print $NF }'; for file in ; do if [ -f "$file" ]; then cat $file; fi; done;  ) | sort -u > /workspaces/openwrt-radxa-rock5b-plus/openwrt/staging_dir/target-aarch64_generic_musl/pkginfo/kmod-libphy.provides

( rm -f /workspaces/openwrt-radxa-rock5b-plus/openwrt/staging_dir/target-aarch64_generic_musl/pkginfo/kmod-libphy.missing; ( export READELF=aarch64-openwrt-linux-musl-readelf OBJCOPY=aarch64-openwrt-linux-musl-objcopy XARGS="xargs -r"; /workspaces/openwrt-radxa-rock5b-plus/openwrt/scripts/gen-dependencies.sh "/workspaces/openwrt-radxa-rock5b-plus/openwrt/build_dir/target-aarch64_generic_musl/linux-rockchip_armv8/packages/ipkg-aarch64_generic/kmod-libphy"; ) | while read FILE; do grep -qxF "$FILE" /workspaces/openwrt-radxa-rock5b-plus/openwrt/staging_dir/target-aarch64_generic_musl/pkginfo/kmod-libphy.provides || echo "$FILE" >> /workspaces/openwrt-radxa-rock5b-plus/openwrt/staging_dir/target-aarch64_generic_musl/pkginfo/kmod-libphy.missing; done; if [ -f "/workspaces/openwrt-radxa-rock5b-plus/openwrt/staging_dir/target-aarch64_generic_musl/pkginfo/kmod-libphy.missing" ]; then echo "Package kmod-libphy is missing dependencies for the following libraries:" >&2; cat "/workspaces/openwrt-radxa-rock5b-plus/openwrt/staging_dir/target-aarch64_generic_musl/pkginfo/kmod-libphy.missing" >&2; false; fi; )
export CROSS="aarch64-openwrt-linux-musl-"  NO_RENAME=1 ; NM="aarch64-openwrt-linux-musl-nm" STRIP="/workspaces/openwrt-radxa-rock5b-plus/openwrt/staging_dir/host/bin/sstrip -z" STRIP_KMOD="/workspaces/openwrt-radxa-rock5b-plus/openwrt/scripts/strip-kmod.sh" PATCHELF="/workspaces/openwrt-radxa-rock5b-plus/openwrt/staging_dir/host/bin/patchelf" /workspaces/openwrt-radxa-rock5b-plus/openwrt/scripts/rstrip.sh /workspaces/openwrt-radxa-rock5b-plus/openwrt/build_dir/target-aarch64_generic_musl/linux-rockchip_armv8/packages/ipkg-aarch64_generic/kmod-libphy
install -d -m0755 /workspaces/openwrt-radxa-rock5b-plus/openwrt/bin/targets/rockchip/armv8/packages/tmp
mkdir -p /workspaces/openwrt-radxa-rock5b-plus/openwrt/build_dir/target-aarch64_generic_musl/linux-rockchip_armv8/packages/apk-aarch64_generic/kmod-libphy/
mkdir -p /workspaces/openwrt-radxa-rock5b-plus/openwrt/build_dir/target-aarch64_generic_musl/linux-rockchip_armv8/packages/ipkg-aarch64_generic/kmod-libphy/lib/apk/packages/
(cd /workspaces/openwrt-radxa-rock5b-plus/openwrt/build_dir/target-aarch64_generic_musl/linux-rockchip_armv8/packages/apk-aarch64_generic/kmod-libphy; )
( echo "#!/bin/sh"; echo "[ \"\${IPKG_NO_SCRIPT}\" = \"1\" ] && exit 0"; echo "[ -s "\${IPKG_INSTROOT}/lib/functions.sh" ] || exit 0"; echo ". \${IPKG_INSTROOT}/lib/functions.sh"; echo 'export root="${IPKG_INSTROOT}"'; echo 'export pkgname="kmod-libphy"'; echo "add_group_and_user"; echo "default_postinst"; [ ! -f /workspaces/openwrt-radxa-rock5b-plus/openwrt/build_dir/target-aarch64_generic_musl/linux-rockchip_armv8/packages/apk-aarch64_generic/kmod-libphy/postinst-pkg ] || sed -z 's/^\s*#!/#!/' "/workspaces/openwrt-radxa-rock5b-plus/openwrt/build_dir/target-aarch64_generic_musl/linux-rockchip_armv8/packages/apk-aarch64_generic/kmod-libphy/postinst-pkg"; ) > /workspaces/openwrt-radxa-rock5b-plus/openwrt/build_dir/target-aarch64_generic_musl/linux-rockchip_armv8/packages/apk-aarch64_generic/kmod-libphy/post-install;
( echo "#!/bin/sh"; echo 'export PKG_UPGRADE=1'; [ ! -f /workspaces/openwrt-radxa-rock5b-plus/openwrt/build_dir/target-aarch64_generic_musl/linux-rockchip_armv8/packages/apk-aarch64_generic/kmod-libphy/post-install ] || sed -z 's/^\s*#!/#!/' "/workspaces/openwrt-radxa-rock5b-plus/openwrt/build_dir/target-aarch64_generic_musl/linux-rockchip_armv8/packages/apk-aarch64_generic/kmod-libphy/post-install"; ) > /workspaces/openwrt-radxa-rock5b-plus/openwrt/build_dir/target-aarch64_generic_musl/linux-rockchip_armv8/packages/apk-aarch64_generic/kmod-libphy/post-upgrade;
( echo "#!/bin/sh"; echo "[ -s "\${IPKG_INSTROOT}/lib/functions.sh" ] || exit 0"; echo ". \${IPKG_INSTROOT}/lib/functions.sh"; echo 'export root="${IPKG_INSTROOT}"'; echo 'export pkgname="kmod-libphy"'; echo "default_prerm"; [ ! -f /workspaces/openwrt-radxa-rock5b-plus/openwrt/build_dir/target-aarch64_generic_musl/linux-rockchip_armv8/packages/apk-aarch64_generic/kmod-libphy/prerm-pkg ] || sed -z 's/^\s*#!/#!/' "/workspaces/openwrt-radxa-rock5b-plus/openwrt/build_dir/target-aarch64_generic_musl/linux-rockchip_armv8/packages/apk-aarch64_generic/kmod-libphy/prerm-pkg"; ) > /workspaces/openwrt-radxa-rock5b-plus/openwrt/build_dir/target-aarch64_generic_musl/linux-rockchip_armv8/packages/apk-aarch64_generic/kmod-libphy/pre-deinstall;
[ ! -f /workspaces/openwrt-radxa-rock5b-plus/openwrt/build_dir/target-aarch64_generic_musl/linux-rockchip_armv8/packages/apk-aarch64_generic/kmod-libphy/postrm ] || sed -zi 's/^\s*#!/#!/' "/workspaces/openwrt-radxa-rock5b-plus/openwrt/build_dir/target-aarch64_generic_musl/linux-rockchip_armv8/packages/apk-aarch64_generic/kmod-libphy/postrm";
if [ -n "" ]; then echo  > /workspaces/openwrt-radxa-rock5b-plus/openwrt/build_dir/target-aarch64_generic_musl/linux-rockchip_armv8/packages/ipkg-aarch64_generic/kmod-libphy/lib/apk/packages/kmod-libphy.rusers; fi;
if [ -n "" ]; then echo  > /workspaces/openwrt-radxa-rock5b-plus/openwrt/build_dir/target-aarch64_generic_musl/linux-rockchip_armv8/packages/ipkg-aarch64_generic/kmod-libphy/lib/apk/packages/kmod-libphy.alternatives; fi;
(cd /workspaces/openwrt-radxa-rock5b-plus/openwrt/build_dir/target-aarch64_generic_musl/linux-rockchip_armv8/packages/ipkg-aarch64_generic/kmod-libphy && find . -type f,l -printf "/%P\n" | sort > /workspaces/openwrt-radxa-rock5b-plus/openwrt/tmp/kmod-libphy.list && mv /workspaces/openwrt-radxa-rock5b-plus/openwrt/tmp/kmod-libphy.list /workspaces/openwrt-radxa-rock5b-plus/openwrt/build_dir/target-aarch64_generic_musl/linux-rockchip_armv8/packages/ipkg-aarch64_generic/kmod-libphy/lib/apk/packages/kmod-libphy.list)
# Move conffiles to IDIR and build conffiles_static with csums
if [ -f /workspaces/openwrt-radxa-rock5b-plus/openwrt/build_dir/target-aarch64_generic_musl/linux-rockchip_armv8/packages/apk-aarch64_generic/kmod-libphy/conffiles ]; then mv -f /workspaces/openwrt-radxa-rock5b-plus/openwrt/build_dir/target-aarch64_generic_musl/linux-rockchip_armv8/packages/apk-aarch64_generic/kmod-libphy/conffiles /workspaces/openwrt-radxa-rock5b-plus/openwrt/build_dir/target-aarch64_generic_musl/linux-rockchip_armv8/packages/ipkg-aarch64_generic/kmod-libphy/lib/apk/packages/kmod-libphy.conffiles; for file in $(cat /workspaces/openwrt-radxa-rock5b-plus/openwrt/build_dir/target-aarch64_generic_musl/linux-rockchip_armv8/packages/ipkg-aarch64_generic/kmod-libphy/lib/apk/packages/kmod-libphy.conffiles); do [ -f /workspaces/openwrt-radxa-rock5b-plus/openwrt/build_dir/target-aarch64_generic_musl/linux-rockchip_armv8/packages/ipkg-aarch64_generic/kmod-libphy/$file ] || continue; csum=$(/workspaces/openwrt-radxa-rock5b-plus/openwrt/staging_dir/host/bin/mkhash sha256 /workspaces/openwrt-radxa-rock5b-plus/openwrt/build_dir/target-aarch64_generic_musl/linux-rockchip_armv8/packages/ipkg-aarch64_generic/kmod-libphy/$file); echo $file $csum >> /workspaces/openwrt-radxa-rock5b-plus/openwrt/build_dir/target-aarch64_generic_musl/linux-rockchip_armv8/packages/ipkg-aarch64_generic/kmod-libphy/lib/apk/packages/kmod-libphy.conffiles_static; done; fi
# Some package (base-files) manually append stuff to conffiles
# Append stuff from it and delete the CONTROL directory since everything else should be migrated
if [ -f /workspaces/openwrt-radxa-rock5b-plus/openwrt/build_dir/target-aarch64_generic_musl/linux-rockchip_armv8/packages/ipkg-aarch64_generic/kmod-libphy/CONTROL/conffiles ]; then echo $(IDIR_kmod-libphy)/CONTROL/conffiles >> /workspaces/openwrt-radxa-rock5b-plus/openwrt/build_dir/target-aarch64_generic_musl/linux-rockchip_armv8/packages/ipkg-aarch64_generic/kmod-libphy/lib/apk/packages/kmod-libphy.conffiles; for file in $(cat /workspaces/openwrt-radxa-rock5b-plus/openwrt/build_dir/target-aarch64_generic_musl/linux-rockchip_armv8/packages/ipkg-aarch64_generic/kmod-libphy/CONTROL/conffiles); do [ -f /workspaces/openwrt-radxa-rock5b-plus/openwrt/build_dir/target-aarch64_generic_musl/linux-rockchip_armv8/packages/ipkg-aarch64_generic/kmod-libphy/$file ] || continue; csum=$(/workspaces/openwrt-radxa-rock5b-plus/openwrt/staging_dir/host/bin/mkhash sha256 /workspaces/openwrt-radxa-rock5b-plus/openwrt/build_dir/target-aarch64_generic_musl/linux-rockchip_armv8/packages/ipkg-aarch64_generic/kmod-libphy/$file); echo $file $csum >> /workspaces/openwrt-radxa-rock5b-plus/openwrt/build_dir/target-aarch64_generic_musl/linux-rockchip_armv8/packages/ipkg-aarch64_generic/kmod-libphy/lib/apk/packages/kmod-libphy.conffiles_static; done; rm -rf /workspaces/openwrt-radxa-rock5b-plus/openwrt/build_dir/target-aarch64_generic_musl/linux-rockchip_armv8/packages/ipkg-aarch64_generic/kmod-libphy/CONTROL/conffiles; fi
if [ -z "$(ls -A /workspaces/openwrt-radxa-rock5b-plus/openwrt/build_dir/target-aarch64_generic_musl/linux-rockchip_armv8/packages/ipkg-aarch64_generic/kmod-libphy/CONTROL 2>/dev/null)" ]; then rm -rf /workspaces/openwrt-radxa-rock5b-plus/openwrt/build_dir/target-aarch64_generic_musl/linux-rockchip_armv8/packages/ipkg-aarch64_generic/kmod-libphy/CONTROL; else echo "CONTROL directory /workspaces/openwrt-radxa-rock5b-plus/openwrt/build_dir/target-aarch64_generic_musl/linux-rockchip_armv8/packages/ipkg-aarch64_generic/kmod-libphy/CONTROL is not empty! This is not right and should be checked!" >&2; exit 1; fi
/workspaces/openwrt-radxa-rock5b-plus/openwrt/staging_dir/host/bin/fakeroot /workspaces/openwrt-radxa-rock5b-plus/openwrt/staging_dir/host/bin/apk mkpkg --info "name:kmod-libphy" --info "version:6.12.45-r1"  --info "description:PHY library" --info "arch:aarch64_generic" --info "license:GPL-2.0-only" --info "origin:feeds/base/kernel/linux" --info "url:" --info "maintainer:" --info "provides:"  --script "post-install:/workspaces/openwrt-radxa-rock5b-plus/openwrt/build_dir/target-aarch64_generic_musl/linux-rockchip_armv8/packages/apk-aarch64_generic/kmod-libphy/post-install" --script "post-upgrade:/workspaces/openwrt-radxa-rock5b-plus/openwrt/build_dir/target-aarch64_generic_musl/linux-rockchip_armv8/packages/apk-aarch64_generic/kmod-libphy/post-upgrade" --script "pre-deinstall:/workspaces/openwrt-radxa-rock5b-plus/openwrt/build_dir/target-aarch64_generic_musl/linux-rockchip_armv8/packages/apk-aarch64_generic/kmod-libphy/pre-deinstall" --info "depends:kernel=6.12.45~bfdb4691414eb2d33b0186227f6f0e2d-r1" --files "/workspaces/openwrt-radxa-rock5b-plus/openwrt/build_dir/target-aarch64_generic_musl/linux-rockchip_armv8/packages/ipkg-aarch64_generic/kmod-libphy" --output "/workspaces/openwrt-radxa-rock5b-plus/openwrt/bin/targets/rockchip/armv8/packages/kmod-libphy-6.12.45-r1.apk" --sign "/workspaces/openwrt-radxa-rock5b-plus/openwrt/private-key.pem"
[ -f /workspaces/openwrt-radxa-rock5b-plus/openwrt/bin/targets/rockchip/armv8/packages/kmod-libphy-6.12.45-r1.apk ]
removed '/workspaces/openwrt-radxa-rock5b-plus/openwrt/bin/targets/rockchip/armv8/packages/kmod-libphy-6.12.45-r1.apk'
NOTICE: module '/workspaces/openwrt-radxa-rock5b-plus/openwrt/build_dir/target-aarch64_generic_musl/linux-rockchip_armv8/linux-6.12.45/drivers/net/phy/libphy.ko' is built-in.
rm -rf /workspaces/openwrt-radxa-rock5b-plus/openwrt/build_dir/target-aarch64_generic_musl/linux-rockchip_armv8/packages/ipkg-aarch64_generic/kmod-mii
/workspaces/openwrt-radxa-rock5b-plus/openwrt/scripts/ipkg-remove kmod-mii /workspaces/openwrt-radxa-rock5b-plus/openwrt/bin/targets/rockchip/armv8/packages/kmod-mii-6.12.45-r1.apk
mkdir -p /workspaces/openwrt-radxa-rock5b-plus/openwrt/bin/targets/rockchip/armv8/packages /workspaces/openwrt-radxa-rock5b-plus/openwrt/build_dir/target-aarch64_generic_musl/linux-rockchip_armv8/packages/ipkg-aarch64_generic/kmod-mii /workspaces/openwrt-radxa-rock5b-plus/openwrt/staging_dir/target-aarch64_generic_musl/pkginfo
for mod in /workspaces/openwrt-radxa-rock5b-plus/openwrt/build_dir/target-aarch64_generic_musl/linux-rockchip_armv8/linux-6.12.45/drivers/net/mii.ko; do if grep -q "${mod##/workspaces/openwrt-radxa-rock5b-plus/openwrt/build_dir/target-aarch64_generic_musl/linux-rockchip_armv8/linux-6.12.45/}" "/workspaces/openwrt-radxa-rock5b-plus/openwrt/build_dir/target-aarch64_generic_musl/linux-rockchip_armv8/linux-6.12.45/modules.builtin"; then echo "NOTICE: module '$mod' is built-in."; elif [ -e $mod ]; then mkdir -p /workspaces/openwrt-radxa-rock5b-plus/openwrt/build_dir/target-aarch64_generic_musl/linux-rockchip_armv8/packages/ipkg-aarch64_generic/kmod-mii/lib/modules/6.12.45 ; cp -fpR -L $mod /workspaces/openwrt-radxa-rock5b-plus/openwrt/build_dir/target-aarch64_generic_musl/linux-rockchip_armv8/packages/ipkg-aarch64_generic/kmod-mii/lib/modules/6.12.45/ ; else echo "ERROR: module '$mod' is missing." >&2; exit 1; fi; done;
mkdir -p /workspaces/openwrt-radxa-rock5b-plus/openwrt/build_dir/target-aarch64_generic_musl/linux-rockchip_armv8/packages/ipkg-aarch64_generic/kmod-mii/etc/modules.d; ( echo "mii"; ) > /workspaces/openwrt-radxa-rock5b-plus/openwrt/build_dir/target-aarch64_generic_musl/linux-rockchip_armv8/packages/ipkg-aarch64_generic/kmod-mii/etc/modules.d/15-mii;  mkdir -p /workspaces/openwrt-radxa-rock5b-plus/openwrt/build_dir/target-aarch64_generic_musl/linux-rockchip_armv8/packages/ipkg-aarch64_generic/kmod-mii/etc/modules-boot.d; ln -sf ../modules.d/15-mii /workspaces/openwrt-radxa-rock5b-plus/openwrt/build_dir/target-aarch64_generic_musl/linux-rockchip_armv8/packages/ipkg-aarch64_generic/kmod-mii/etc/modules-boot.d/;



find /workspaces/openwrt-radxa-rock5b-plus/openwrt/build_dir/target-aarch64_generic_musl/linux-rockchip_armv8/packages/ipkg-aarch64_generic/kmod-mii -name 'CVS' -o -name '.svn' -o -name '.#*' -o -name '*~'| xargs -r rm -rf
( find /workspaces/openwrt-radxa-rock5b-plus/openwrt/build_dir/target-aarch64_generic_musl/linux-rockchip_armv8/packages/ipkg-aarch64_generic/kmod-mii -name lib\*.so\* -or -name \*.ko | awk -F/ '{ print $NF }'; for file in ; do if [ -f "$file" ]; then cat $file; fi; done;  ) | sort -u > /workspaces/openwrt-radxa-rock5b-plus/openwrt/staging_dir/target-aarch64_generic_musl/pkginfo/kmod-mii.provides

( rm -f /workspaces/openwrt-radxa-rock5b-plus/openwrt/staging_dir/target-aarch64_generic_musl/pkginfo/kmod-mii.missing; ( export READELF=aarch64-openwrt-linux-musl-readelf OBJCOPY=aarch64-openwrt-linux-musl-objcopy XARGS="xargs -r"; /workspaces/openwrt-radxa-rock5b-plus/openwrt/scripts/gen-dependencies.sh "/workspaces/openwrt-radxa-rock5b-plus/openwrt/build_dir/target-aarch64_generic_musl/linux-rockchip_armv8/packages/ipkg-aarch64_generic/kmod-mii"; ) | while read FILE; do grep -qxF "$FILE" /workspaces/openwrt-radxa-rock5b-plus/openwrt/staging_dir/target-aarch64_generic_musl/pkginfo/kmod-mii.provides || echo "$FILE" >> /workspaces/openwrt-radxa-rock5b-plus/openwrt/staging_dir/target-aarch64_generic_musl/pkginfo/kmod-mii.missing; done; if [ -f "/workspaces/openwrt-radxa-rock5b-plus/openwrt/staging_dir/target-aarch64_generic_musl/pkginfo/kmod-mii.missing" ]; then echo "Package kmod-mii is missing dependencies for the following libraries:" >&2; cat "/workspaces/openwrt-radxa-rock5b-plus/openwrt/staging_dir/target-aarch64_generic_musl/pkginfo/kmod-mii.missing" >&2; false; fi; )
export CROSS="aarch64-openwrt-linux-musl-"  NO_RENAME=1 ; NM="aarch64-openwrt-linux-musl-nm" STRIP="/workspaces/openwrt-radxa-rock5b-plus/openwrt/staging_dir/host/bin/sstrip -z" STRIP_KMOD="/workspaces/openwrt-radxa-rock5b-plus/openwrt/scripts/strip-kmod.sh" PATCHELF="/workspaces/openwrt-radxa-rock5b-plus/openwrt/staging_dir/host/bin/patchelf" /workspaces/openwrt-radxa-rock5b-plus/openwrt/scripts/rstrip.sh /workspaces/openwrt-radxa-rock5b-plus/openwrt/build_dir/target-aarch64_generic_musl/linux-rockchip_armv8/packages/ipkg-aarch64_generic/kmod-mii
install -d -m0755 /workspaces/openwrt-radxa-rock5b-plus/openwrt/bin/targets/rockchip/armv8/packages/tmp
mkdir -p /workspaces/openwrt-radxa-rock5b-plus/openwrt/build_dir/target-aarch64_generic_musl/linux-rockchip_armv8/packages/apk-aarch64_generic/kmod-mii/
mkdir -p /workspaces/openwrt-radxa-rock5b-plus/openwrt/build_dir/target-aarch64_generic_musl/linux-rockchip_armv8/packages/ipkg-aarch64_generic/kmod-mii/lib/apk/packages/
(cd /workspaces/openwrt-radxa-rock5b-plus/openwrt/build_dir/target-aarch64_generic_musl/linux-rockchip_armv8/packages/apk-aarch64_generic/kmod-mii; )
( echo "#!/bin/sh"; echo "[ \"\${IPKG_NO_SCRIPT}\" = \"1\" ] && exit 0"; echo "[ -s "\${IPKG_INSTROOT}/lib/functions.sh" ] || exit 0"; echo ". \${IPKG_INSTROOT}/lib/functions.sh"; echo 'export root="${IPKG_INSTROOT}"'; echo 'export pkgname="kmod-mii"'; echo "add_group_and_user"; echo "default_postinst"; [ ! -f /workspaces/openwrt-radxa-rock5b-plus/openwrt/build_dir/target-aarch64_generic_musl/linux-rockchip_armv8/packages/apk-aarch64_generic/kmod-mii/postinst-pkg ] || sed -z 's/^\s*#!/#!/' "/workspaces/openwrt-radxa-rock5b-plus/openwrt/build_dir/target-aarch64_generic_musl/linux-rockchip_armv8/packages/apk-aarch64_generic/kmod-mii/postinst-pkg"; ) > /workspaces/openwrt-radxa-rock5b-plus/openwrt/build_dir/target-aarch64_generic_musl/linux-rockchip_armv8/packages/apk-aarch64_generic/kmod-mii/post-install;
( echo "#!/bin/sh"; echo 'export PKG_UPGRADE=1'; [ ! -f /workspaces/openwrt-radxa-rock5b-plus/openwrt/build_dir/target-aarch64_generic_musl/linux-rockchip_armv8/packages/apk-aarch64_generic/kmod-mii/post-install ] || sed -z 's/^\s*#!/#!/' "/workspaces/openwrt-radxa-rock5b-plus/openwrt/build_dir/target-aarch64_generic_musl/linux-rockchip_armv8/packages/apk-aarch64_generic/kmod-mii/post-install"; ) > /workspaces/openwrt-radxa-rock5b-plus/openwrt/build_dir/target-aarch64_generic_musl/linux-rockchip_armv8/packages/apk-aarch64_generic/kmod-mii/post-upgrade;
( echo "#!/bin/sh"; echo "[ -s "\${IPKG_INSTROOT}/lib/functions.sh" ] || exit 0"; echo ". \${IPKG_INSTROOT}/lib/functions.sh"; echo 'export root="${IPKG_INSTROOT}"'; echo 'export pkgname="kmod-mii"'; echo "default_prerm"; [ ! -f /workspaces/openwrt-radxa-rock5b-plus/openwrt/build_dir/target-aarch64_generic_musl/linux-rockchip_armv8/packages/apk-aarch64_generic/kmod-mii/prerm-pkg ] || sed -z 's/^\s*#!/#!/' "/workspaces/openwrt-radxa-rock5b-plus/openwrt/build_dir/target-aarch64_generic_musl/linux-rockchip_armv8/packages/apk-aarch64_generic/kmod-mii/prerm-pkg"; ) > /workspaces/openwrt-radxa-rock5b-plus/openwrt/build_dir/target-aarch64_generic_musl/linux-rockchip_armv8/packages/apk-aarch64_generic/kmod-mii/pre-deinstall;
[ ! -f /workspaces/openwrt-radxa-rock5b-plus/openwrt/build_dir/target-aarch64_generic_musl/linux-rockchip_armv8/packages/apk-aarch64_generic/kmod-mii/postrm ] || sed -zi 's/^\s*#!/#!/' "/workspaces/openwrt-radxa-rock5b-plus/openwrt/build_dir/target-aarch64_generic_musl/linux-rockchip_armv8/packages/apk-aarch64_generic/kmod-mii/postrm";
if [ -n "" ]; then echo  > /workspaces/openwrt-radxa-rock5b-plus/openwrt/build_dir/target-aarch64_generic_musl/linux-rockchip_armv8/packages/ipkg-aarch64_generic/kmod-mii/lib/apk/packages/kmod-mii.rusers; fi;
if [ -n "" ]; then echo  > /workspaces/openwrt-radxa-rock5b-plus/openwrt/build_dir/target-aarch64_generic_musl/linux-rockchip_armv8/packages/ipkg-aarch64_generic/kmod-mii/lib/apk/packages/kmod-mii.alternatives; fi;
(cd /workspaces/openwrt-radxa-rock5b-plus/openwrt/build_dir/target-aarch64_generic_musl/linux-rockchip_armv8/packages/ipkg-aarch64_generic/kmod-mii && find . -type f,l -printf "/%P\n" | sort > /workspaces/openwrt-radxa-rock5b-plus/openwrt/tmp/kmod-mii.list && mv /workspaces/openwrt-radxa-rock5b-plus/openwrt/tmp/kmod-mii.list /workspaces/openwrt-radxa-rock5b-plus/openwrt/build_dir/target-aarch64_generic_musl/linux-rockchip_armv8/packages/ipkg-aarch64_generic/kmod-mii/lib/apk/packages/kmod-mii.list)
# Move conffiles to IDIR and build conffiles_static with csums
if [ -f /workspaces/openwrt-radxa-rock5b-plus/openwrt/build_dir/target-aarch64_generic_musl/linux-rockchip_armv8/packages/apk-aarch64_generic/kmod-mii/conffiles ]; then mv -f /workspaces/openwrt-radxa-rock5b-plus/openwrt/build_dir/target-aarch64_generic_musl/linux-rockchip_armv8/packages/apk-aarch64_generic/kmod-mii/conffiles /workspaces/openwrt-radxa-rock5b-plus/openwrt/build_dir/target-aarch64_generic_musl/linux-rockchip_armv8/packages/ipkg-aarch64_generic/kmod-mii/lib/apk/packages/kmod-mii.conffiles; for file in $(cat /workspaces/openwrt-radxa-rock5b-plus/openwrt/build_dir/target-aarch64_generic_musl/linux-rockchip_armv8/packages/ipkg-aarch64_generic/kmod-mii/lib/apk/packages/kmod-mii.conffiles); do [ -f /workspaces/openwrt-radxa-rock5b-plus/openwrt/build_dir/target-aarch64_generic_musl/linux-rockchip_armv8/packages/ipkg-aarch64_generic/kmod-mii/$file ] || continue; csum=$(/workspaces/openwrt-radxa-rock5b-plus/openwrt/staging_dir/host/bin/mkhash sha256 /workspaces/openwrt-radxa-rock5b-plus/openwrt/build_dir/target-aarch64_generic_musl/linux-rockchip_armv8/packages/ipkg-aarch64_generic/kmod-mii/$file); echo $file $csum >> /workspaces/openwrt-radxa-rock5b-plus/openwrt/build_dir/target-aarch64_generic_musl/linux-rockchip_armv8/packages/ipkg-aarch64_generic/kmod-mii/lib/apk/packages/kmod-mii.conffiles_static; done; fi
# Some package (base-files) manually append stuff to conffiles
# Append stuff from it and delete the CONTROL directory since everything else should be migrated
if [ -f /workspaces/openwrt-radxa-rock5b-plus/openwrt/build_dir/target-aarch64_generic_musl/linux-rockchip_armv8/packages/ipkg-aarch64_generic/kmod-mii/CONTROL/conffiles ]; then echo $(IDIR_kmod-mii)/CONTROL/conffiles >> /workspaces/openwrt-radxa-rock5b-plus/openwrt/build_dir/target-aarch64_generic_musl/linux-rockchip_armv8/packages/ipkg-aarch64_generic/kmod-mii/lib/apk/packages/kmod-mii.conffiles; for file in $(cat /workspaces/openwrt-radxa-rock5b-plus/openwrt/build_dir/target-aarch64_generic_musl/linux-rockchip_armv8/packages/ipkg-aarch64_generic/kmod-mii/CONTROL/conffiles); do [ -f /workspaces/openwrt-radxa-rock5b-plus/openwrt/build_dir/target-aarch64_generic_musl/linux-rockchip_armv8/packages/ipkg-aarch64_generic/kmod-mii/$file ] || continue; csum=$(/workspaces/openwrt-radxa-rock5b-plus/openwrt/staging_dir/host/bin/mkhash sha256 /workspaces/openwrt-radxa-rock5b-plus/openwrt/build_dir/target-aarch64_generic_musl/linux-rockchip_armv8/packages/ipkg-aarch64_generic/kmod-mii/$file); echo $file $csum >> /workspaces/openwrt-radxa-rock5b-plus/openwrt/build_dir/target-aarch64_generic_musl/linux-rockchip_armv8/packages/ipkg-aarch64_generic/kmod-mii/lib/apk/packages/kmod-mii.conffiles_static; done; rm -rf /workspaces/openwrt-radxa-rock5b-plus/openwrt/build_dir/target-aarch64_generic_musl/linux-rockchip_armv8/packages/ipkg-aarch64_generic/kmod-mii/CONTROL/conffiles; fi
if [ -z "$(ls -A /workspaces/openwrt-radxa-rock5b-plus/openwrt/build_dir/target-aarch64_generic_musl/linux-rockchip_armv8/packages/ipkg-aarch64_generic/kmod-mii/CONTROL 2>/dev/null)" ]; then rm -rf /workspaces/openwrt-radxa-rock5b-plus/openwrt/build_dir/target-aarch64_generic_musl/linux-rockchip_armv8/packages/ipkg-aarch64_generic/kmod-mii/CONTROL; else echo "CONTROL directory /workspaces/openwrt-radxa-rock5b-plus/openwrt/build_dir/target-aarch64_generic_musl/linux-rockchip_armv8/packages/ipkg-aarch64_generic/kmod-mii/CONTROL is not empty! This is not right and should be checked!" >&2; exit 1; fi
/workspaces/openwrt-radxa-rock5b-plus/openwrt/staging_dir/host/bin/fakeroot /workspaces/openwrt-radxa-rock5b-plus/openwrt/staging_dir/host/bin/apk mkpkg --info "name:kmod-mii" --info "version:6.12.45-r1"  --info "description:MII library" --info "arch:aarch64_generic" --info "license:GPL-2.0-only" --info "origin:feeds/base/kernel/linux" --info "url:" --info "maintainer:" --info "provides:"  --script "post-install:/workspaces/openwrt-radxa-rock5b-plus/openwrt/build_dir/target-aarch64_generic_musl/linux-rockchip_armv8/packages/apk-aarch64_generic/kmod-mii/post-install" --script "post-upgrade:/workspaces/openwrt-radxa-rock5b-plus/openwrt/build_dir/target-aarch64_generic_musl/linux-rockchip_armv8/packages/apk-aarch64_generic/kmod-mii/post-upgrade" --script "pre-deinstall:/workspaces/openwrt-radxa-rock5b-plus/openwrt/build_dir/target-aarch64_generic_musl/linux-rockchip_armv8/packages/apk-aarch64_generic/kmod-mii/pre-deinstall" --info "depends:kernel=6.12.45~bfdb4691414eb2d33b0186227f6f0e2d-r1" --files "/workspaces/openwrt-radxa-rock5b-plus/openwrt/build_dir/target-aarch64_generic_musl/linux-rockchip_armv8/packages/ipkg-aarch64_generic/kmod-mii" --output "/workspaces/openwrt-radxa-rock5b-plus/openwrt/bin/targets/rockchip/armv8/packages/kmod-mii-6.12.45-r1.apk" --sign "/workspaces/openwrt-radxa-rock5b-plus/openwrt/private-key.pem"
[ -f /workspaces/openwrt-radxa-rock5b-plus/openwrt/bin/targets/rockchip/armv8/packages/kmod-mii-6.12.45-r1.apk ]
removed '/workspaces/openwrt-radxa-rock5b-plus/openwrt/bin/targets/rockchip/armv8/packages/kmod-mii-6.12.45-r1.apk'
NOTICE: module '/workspaces/openwrt-radxa-rock5b-plus/openwrt/build_dir/target-aarch64_generic_musl/linux-rockchip_armv8/linux-6.12.45/drivers/net/mii.ko' is built-in.
rm -rf /workspaces/openwrt-radxa-rock5b-plus/openwrt/build_dir/target-aarch64_generic_musl/linux-rockchip_armv8/packages/ipkg-aarch64_generic/kmod-mdio-devres
/workspaces/openwrt-radxa-rock5b-plus/openwrt/scripts/ipkg-remove kmod-mdio-devres /workspaces/openwrt-radxa-rock5b-plus/openwrt/bin/targets/rockchip/armv8/packages/kmod-mdio-devres-6.12.45-r1.apk
mkdir -p /workspaces/openwrt-radxa-rock5b-plus/openwrt/bin/targets/rockchip/armv8/packages /workspaces/openwrt-radxa-rock5b-plus/openwrt/build_dir/target-aarch64_generic_musl/linux-rockchip_armv8/packages/ipkg-aarch64_generic/kmod-mdio-devres /workspaces/openwrt-radxa-rock5b-plus/openwrt/staging_dir/target-aarch64_generic_musl/pkginfo
for mod in /workspaces/openwrt-radxa-rock5b-plus/openwrt/build_dir/target-aarch64_generic_musl/linux-rockchip_armv8/linux-6.12.45/drivers/net/phy/mdio_devres.ko; do if grep -q "${mod##/workspaces/openwrt-radxa-rock5b-plus/openwrt/build_dir/target-aarch64_generic_musl/linux-rockchip_armv8/linux-6.12.45/}" "/workspaces/openwrt-radxa-rock5b-plus/openwrt/build_dir/target-aarch64_generic_musl/linux-rockchip_armv8/linux-6.12.45/modules.builtin"; then echo "NOTICE: module '$mod' is built-in."; elif [ -e $mod ]; then mkdir -p /workspaces/openwrt-radxa-rock5b-plus/openwrt/build_dir/target-aarch64_generic_musl/linux-rockchip_armv8/packages/ipkg-aarch64_generic/kmod-mdio-devres/lib/modules/6.12.45 ; cp -fpR -L $mod /workspaces/openwrt-radxa-rock5b-plus/openwrt/build_dir/target-aarch64_generic_musl/linux-rockchip_armv8/packages/ipkg-aarch64_generic/kmod-mdio-devres/lib/modules/6.12.45/ ; else echo "ERROR: module '$mod' is missing." >&2; exit 1; fi; done;
mkdir -p /workspaces/openwrt-radxa-rock5b-plus/openwrt/build_dir/target-aarch64_generic_musl/linux-rockchip_armv8/packages/ipkg-aarch64_generic/kmod-mdio-devres/etc/modules.d; ( echo "mdio-devres"; ) > /workspaces/openwrt-radxa-rock5b-plus/openwrt/build_dir/target-aarch64_generic_musl/linux-rockchip_armv8/packages/ipkg-aarch64_generic/kmod-mdio-devres/etc/modules.d/mdio-devres; 



find /workspaces/openwrt-radxa-rock5b-plus/openwrt/build_dir/target-aarch64_generic_musl/linux-rockchip_armv8/packages/ipkg-aarch64_generic/kmod-mdio-devres -name 'CVS' -o -name '.svn' -o -name '.#*' -o -name '*~'| xargs -r rm -rf
( find /workspaces/openwrt-radxa-rock5b-plus/openwrt/build_dir/target-aarch64_generic_musl/linux-rockchip_armv8/packages/ipkg-aarch64_generic/kmod-mdio-devres -name lib\*.so\* -or -name \*.ko | awk -F/ '{ print $NF }'; for file in /workspaces/openwrt-radxa-rock5b-plus/openwrt/staging_dir/target-aarch64_generic_musl/pkginfo/kmod-libphy.provides; do if [ -f "$file" ]; then cat $file; fi; done;  ) | sort -u > /workspaces/openwrt-radxa-rock5b-plus/openwrt/staging_dir/target-aarch64_generic_musl/pkginfo/kmod-mdio-devres.provides

( rm -f /workspaces/openwrt-radxa-rock5b-plus/openwrt/staging_dir/target-aarch64_generic_musl/pkginfo/kmod-mdio-devres.missing; ( export READELF=aarch64-openwrt-linux-musl-readelf OBJCOPY=aarch64-openwrt-linux-musl-objcopy XARGS="xargs -r"; /workspaces/openwrt-radxa-rock5b-plus/openwrt/scripts/gen-dependencies.sh "/workspaces/openwrt-radxa-rock5b-plus/openwrt/build_dir/target-aarch64_generic_musl/linux-rockchip_armv8/packages/ipkg-aarch64_generic/kmod-mdio-devres"; ) | while read FILE; do grep -qxF "$FILE" /workspaces/openwrt-radxa-rock5b-plus/openwrt/staging_dir/target-aarch64_generic_musl/pkginfo/kmod-mdio-devres.provides || echo "$FILE" >> /workspaces/openwrt-radxa-rock5b-plus/openwrt/staging_dir/target-aarch64_generic_musl/pkginfo/kmod-mdio-devres.missing; done; if [ -f "/workspaces/openwrt-radxa-rock5b-plus/openwrt/staging_dir/target-aarch64_generic_musl/pkginfo/kmod-mdio-devres.missing" ]; then echo "Package kmod-mdio-devres is missing dependencies for the following libraries:" >&2; cat "/workspaces/openwrt-radxa-rock5b-plus/openwrt/staging_dir/target-aarch64_generic_musl/pkginfo/kmod-mdio-devres.missing" >&2; false; fi; )
export CROSS="aarch64-openwrt-linux-musl-"  NO_RENAME=1 ; NM="aarch64-openwrt-linux-musl-nm" STRIP="/workspaces/openwrt-radxa-rock5b-plus/openwrt/staging_dir/host/bin/sstrip -z" STRIP_KMOD="/workspaces/openwrt-radxa-rock5b-plus/openwrt/scripts/strip-kmod.sh" PATCHELF="/workspaces/openwrt-radxa-rock5b-plus/openwrt/staging_dir/host/bin/patchelf" /workspaces/openwrt-radxa-rock5b-plus/openwrt/scripts/rstrip.sh /workspaces/openwrt-radxa-rock5b-plus/openwrt/build_dir/target-aarch64_generic_musl/linux-rockchip_armv8/packages/ipkg-aarch64_generic/kmod-mdio-devres
install -d -m0755 /workspaces/openwrt-radxa-rock5b-plus/openwrt/bin/targets/rockchip/armv8/packages/tmp
mkdir -p /workspaces/openwrt-radxa-rock5b-plus/openwrt/build_dir/target-aarch64_generic_musl/linux-rockchip_armv8/packages/apk-aarch64_generic/kmod-mdio-devres/
mkdir -p /workspaces/openwrt-radxa-rock5b-plus/openwrt/build_dir/target-aarch64_generic_musl/linux-rockchip_armv8/packages/ipkg-aarch64_generic/kmod-mdio-devres/lib/apk/packages/
(cd /workspaces/openwrt-radxa-rock5b-plus/openwrt/build_dir/target-aarch64_generic_musl/linux-rockchip_armv8/packages/apk-aarch64_generic/kmod-mdio-devres; )
( echo "#!/bin/sh"; echo "[ \"\${IPKG_NO_SCRIPT}\" = \"1\" ] && exit 0"; echo "[ -s "\${IPKG_INSTROOT}/lib/functions.sh" ] || exit 0"; echo ". \${IPKG_INSTROOT}/lib/functions.sh"; echo 'export root="${IPKG_INSTROOT}"'; echo 'export pkgname="kmod-mdio-devres"'; echo "add_group_and_user"; echo "default_postinst"; [ ! -f /workspaces/openwrt-radxa-rock5b-plus/openwrt/build_dir/target-aarch64_generic_musl/linux-rockchip_armv8/packages/apk-aarch64_generic/kmod-mdio-devres/postinst-pkg ] || sed -z 's/^\s*#!/#!/' "/workspaces/openwrt-radxa-rock5b-plus/openwrt/build_dir/target-aarch64_generic_musl/linux-rockchip_armv8/packages/apk-aarch64_generic/kmod-mdio-devres/postinst-pkg"; ) > /workspaces/openwrt-radxa-rock5b-plus/openwrt/build_dir/target-aarch64_generic_musl/linux-rockchip_armv8/packages/apk-aarch64_generic/kmod-mdio-devres/post-install;
( echo "#!/bin/sh"; echo 'export PKG_UPGRADE=1'; [ ! -f /workspaces/openwrt-radxa-rock5b-plus/openwrt/build_dir/target-aarch64_generic_musl/linux-rockchip_armv8/packages/apk-aarch64_generic/kmod-mdio-devres/post-install ] || sed -z 's/^\s*#!/#!/' "/workspaces/openwrt-radxa-rock5b-plus/openwrt/build_dir/target-aarch64_generic_musl/linux-rockchip_armv8/packages/apk-aarch64_generic/kmod-mdio-devres/post-install"; ) > /workspaces/openwrt-radxa-rock5b-plus/openwrt/build_dir/target-aarch64_generic_musl/linux-rockchip_armv8/packages/apk-aarch64_generic/kmod-mdio-devres/post-upgrade;
( echo "#!/bin/sh"; echo "[ -s "\${IPKG_INSTROOT}/lib/functions.sh" ] || exit 0"; echo ". \${IPKG_INSTROOT}/lib/functions.sh"; echo 'export root="${IPKG_INSTROOT}"'; echo 'export pkgname="kmod-mdio-devres"'; echo "default_prerm"; [ ! -f /workspaces/openwrt-radxa-rock5b-plus/openwrt/build_dir/target-aarch64_generic_musl/linux-rockchip_armv8/packages/apk-aarch64_generic/kmod-mdio-devres/prerm-pkg ] || sed -z 's/^\s*#!/#!/' "/workspaces/openwrt-radxa-rock5b-plus/openwrt/build_dir/target-aarch64_generic_musl/linux-rockchip_armv8/packages/apk-aarch64_generic/kmod-mdio-devres/prerm-pkg"; ) > /workspaces/openwrt-radxa-rock5b-plus/openwrt/build_dir/target-aarch64_generic_musl/linux-rockchip_armv8/packages/apk-aarch64_generic/kmod-mdio-devres/pre-deinstall;
[ ! -f /workspaces/openwrt-radxa-rock5b-plus/openwrt/build_dir/target-aarch64_generic_musl/linux-rockchip_armv8/packages/apk-aarch64_generic/kmod-mdio-devres/postrm ] || sed -zi 's/^\s*#!/#!/' "/workspaces/openwrt-radxa-rock5b-plus/openwrt/build_dir/target-aarch64_generic_musl/linux-rockchip_armv8/packages/apk-aarch64_generic/kmod-mdio-devres/postrm";
if [ -n "" ]; then echo  > /workspaces/openwrt-radxa-rock5b-plus/openwrt/build_dir/target-aarch64_generic_musl/linux-rockchip_armv8/packages/ipkg-aarch64_generic/kmod-mdio-devres/lib/apk/packages/kmod-mdio-devres.rusers; fi;
if [ -n "" ]; then echo  > /workspaces/openwrt-radxa-rock5b-plus/openwrt/build_dir/target-aarch64_generic_musl/linux-rockchip_armv8/packages/ipkg-aarch64_generic/kmod-mdio-devres/lib/apk/packages/kmod-mdio-devres.alternatives; fi;
(cd /workspaces/openwrt-radxa-rock5b-plus/openwrt/build_dir/target-aarch64_generic_musl/linux-rockchip_armv8/packages/ipkg-aarch64_generic/kmod-mdio-devres && find . -type f,l -printf "/%P\n" | sort > /workspaces/openwrt-radxa-rock5b-plus/openwrt/tmp/kmod-mdio-devres.list && mv /workspaces/openwrt-radxa-rock5b-plus/openwrt/tmp/kmod-mdio-devres.list /workspaces/openwrt-radxa-rock5b-plus/openwrt/build_dir/target-aarch64_generic_musl/linux-rockchip_armv8/packages/ipkg-aarch64_generic/kmod-mdio-devres/lib/apk/packages/kmod-mdio-devres.list)
# Move conffiles to IDIR and build conffiles_static with csums
if [ -f /workspaces/openwrt-radxa-rock5b-plus/openwrt/build_dir/target-aarch64_generic_musl/linux-rockchip_armv8/packages/apk-aarch64_generic/kmod-mdio-devres/conffiles ]; then mv -f /workspaces/openwrt-radxa-rock5b-plus/openwrt/build_dir/target-aarch64_generic_musl/linux-rockchip_armv8/packages/apk-aarch64_generic/kmod-mdio-devres/conffiles /workspaces/openwrt-radxa-rock5b-plus/openwrt/build_dir/target-aarch64_generic_musl/linux-rockchip_armv8/packages/ipkg-aarch64_generic/kmod-mdio-devres/lib/apk/packages/kmod-mdio-devres.conffiles; for file in $(cat /workspaces/openwrt-radxa-rock5b-plus/openwrt/build_dir/target-aarch64_generic_musl/linux-rockchip_armv8/packages/ipkg-aarch64_generic/kmod-mdio-devres/lib/apk/packages/kmod-mdio-devres.conffiles); do [ -f /workspaces/openwrt-radxa-rock5b-plus/openwrt/build_dir/target-aarch64_generic_musl/linux-rockchip_armv8/packages/ipkg-aarch64_generic/kmod-mdio-devres/$file ] || continue; csum=$(/workspaces/openwrt-radxa-rock5b-plus/openwrt/staging_dir/host/bin/mkhash sha256 /workspaces/openwrt-radxa-rock5b-plus/openwrt/build_dir/target-aarch64_generic_musl/linux-rockchip_armv8/packages/ipkg-aarch64_generic/kmod-mdio-devres/$file); echo $file $csum >> /workspaces/openwrt-radxa-rock5b-plus/openwrt/build_dir/target-aarch64_generic_musl/linux-rockchip_armv8/packages/ipkg-aarch64_generic/kmod-mdio-devres/lib/apk/packages/kmod-mdio-devres.conffiles_static; done; fi
# Some package (base-files) manually append stuff to conffiles
# Append stuff from it and delete the CONTROL directory since everything else should be migrated
if [ -f /workspaces/openwrt-radxa-rock5b-plus/openwrt/build_dir/target-aarch64_generic_musl/linux-rockchip_armv8/packages/ipkg-aarch64_generic/kmod-mdio-devres/CONTROL/conffiles ]; then echo $(IDIR_kmod-mdio-devres)/CONTROL/conffiles >> /workspaces/openwrt-radxa-rock5b-plus/openwrt/build_dir/target-aarch64_generic_musl/linux-rockchip_armv8/packages/ipkg-aarch64_generic/kmod-mdio-devres/lib/apk/packages/kmod-mdio-devres.conffiles; for file in $(cat /workspaces/openwrt-radxa-rock5b-plus/openwrt/build_dir/target-aarch64_generic_musl/linux-rockchip_armv8/packages/ipkg-aarch64_generic/kmod-mdio-devres/CONTROL/conffiles); do [ -f /workspaces/openwrt-radxa-rock5b-plus/openwrt/build_dir/target-aarch64_generic_musl/linux-rockchip_armv8/packages/ipkg-aarch64_generic/kmod-mdio-devres/$file ] || continue; csum=$(/workspaces/openwrt-radxa-rock5b-plus/openwrt/staging_dir/host/bin/mkhash sha256 /workspaces/openwrt-radxa-rock5b-plus/openwrt/build_dir/target-aarch64_generic_musl/linux-rockchip_armv8/packages/ipkg-aarch64_generic/kmod-mdio-devres/$file); echo $file $csum >> /workspaces/openwrt-radxa-rock5b-plus/openwrt/build_dir/target-aarch64_generic_musl/linux-rockchip_armv8/packages/ipkg-aarch64_generic/kmod-mdio-devres/lib/apk/packages/kmod-mdio-devres.conffiles_static; done; rm -rf /workspaces/openwrt-radxa-rock5b-plus/openwrt/build_dir/target-aarch64_generic_musl/linux-rockchip_armv8/packages/ipkg-aarch64_generic/kmod-mdio-devres/CONTROL/conffiles; fi
if [ -z "$(ls -A /workspaces/openwrt-radxa-rock5b-plus/openwrt/build_dir/target-aarch64_generic_musl/linux-rockchip_armv8/packages/ipkg-aarch64_generic/kmod-mdio-devres/CONTROL 2>/dev/null)" ]; then rm -rf /workspaces/openwrt-radxa-rock5b-plus/openwrt/build_dir/target-aarch64_generic_musl/linux-rockchip_armv8/packages/ipkg-aarch64_generic/kmod-mdio-devres/CONTROL; else echo "CONTROL directory /workspaces/openwrt-radxa-rock5b-plus/openwrt/build_dir/target-aarch64_generic_musl/linux-rockchip_armv8/packages/ipkg-aarch64_generic/kmod-mdio-devres/CONTROL is not empty! This is not right and should be checked!" >&2; exit 1; fi
/workspaces/openwrt-radxa-rock5b-plus/openwrt/staging_dir/host/bin/fakeroot /workspaces/openwrt-radxa-rock5b-plus/openwrt/staging_dir/host/bin/apk mkpkg --info "name:kmod-mdio-devres" --info "version:6.12.45-r1"  --info "description:Supports MDIO device registration" --info "arch:aarch64_generic" --info "license:GPL-2.0-only" --info "origin:feeds/base/kernel/linux" --info "url:" --info "maintainer:" --info "provides:"  --script "post-install:/workspaces/openwrt-radxa-rock5b-plus/openwrt/build_dir/target-aarch64_generic_musl/linux-rockchip_armv8/packages/apk-aarch64_generic/kmod-mdio-devres/post-install" --script "post-upgrade:/workspaces/openwrt-radxa-rock5b-plus/openwrt/build_dir/target-aarch64_generic_musl/linux-rockchip_armv8/packages/apk-aarch64_generic/kmod-mdio-devres/post-upgrade" --script "pre-deinstall:/workspaces/openwrt-radxa-rock5b-plus/openwrt/build_dir/target-aarch64_generic_musl/linux-rockchip_armv8/packages/apk-aarch64_generic/kmod-mdio-devres/pre-deinstall" --info "depends:kernel=6.12.45~bfdb4691414eb2d33b0186227f6f0e2d-r1 kmod-libphy" --files "/workspaces/openwrt-radxa-rock5b-plus/openwrt/build_dir/target-aarch64_generic_musl/linux-rockchip_armv8/packages/ipkg-aarch64_generic/kmod-mdio-devres" --output "/workspaces/openwrt-radxa-rock5b-plus/openwrt/bin/targets/rockchip/armv8/packages/kmod-mdio-devres-6.12.45-r1.apk" --sign "/workspaces/openwrt-radxa-rock5b-plus/openwrt/private-key.pem"
[ -f /workspaces/openwrt-radxa-rock5b-plus/openwrt/bin/targets/rockchip/armv8/packages/kmod-mdio-devres-6.12.45-r1.apk ]
removed '/workspaces/openwrt-radxa-rock5b-plus/openwrt/bin/targets/rockchip/armv8/packages/kmod-mdio-devres-6.12.45-r1.apk'
NOTICE: module '/workspaces/openwrt-radxa-rock5b-plus/openwrt/build_dir/target-aarch64_generic_musl/linux-rockchip_armv8/linux-6.12.45/drivers/net/phy/mdio_devres.ko' is built-in.
rm -rf /workspaces/openwrt-radxa-rock5b-plus/openwrt/build_dir/target-aarch64_generic_musl/linux-rockchip_armv8/packages/ipkg-aarch64_generic/kmod-phy-realtek
/workspaces/openwrt-radxa-rock5b-plus/openwrt/scripts/ipkg-remove kmod-phy-realtek /workspaces/openwrt-radxa-rock5b-plus/openwrt/bin/targets/rockchip/armv8/packages/kmod-phy-realtek-6.12.45-r1.apk
mkdir -p /workspaces/openwrt-radxa-rock5b-plus/openwrt/bin/targets/rockchip/armv8/packages /workspaces/openwrt-radxa-rock5b-plus/openwrt/build_dir/target-aarch64_generic_musl/linux-rockchip_armv8/packages/ipkg-aarch64_generic/kmod-phy-realtek /workspaces/openwrt-radxa-rock5b-plus/openwrt/staging_dir/target-aarch64_generic_musl/pkginfo
for mod in /workspaces/openwrt-radxa-rock5b-plus/openwrt/build_dir/target-aarch64_generic_musl/linux-rockchip_armv8/linux-6.12.45/drivers/net/phy/realtek/realtek.ko; do if grep -q "${mod##/workspaces/openwrt-radxa-rock5b-plus/openwrt/build_dir/target-aarch64_generic_musl/linux-rockchip_armv8/linux-6.12.45/}" "/workspaces/openwrt-radxa-rock5b-plus/openwrt/build_dir/target-aarch64_generic_musl/linux-rockchip_armv8/linux-6.12.45/modules.builtin"; then echo "NOTICE: module '$mod' is built-in."; elif [ -e $mod ]; then mkdir -p /workspaces/openwrt-radxa-rock5b-plus/openwrt/build_dir/target-aarch64_generic_musl/linux-rockchip_armv8/packages/ipkg-aarch64_generic/kmod-phy-realtek/lib/modules/6.12.45 ; cp -fpR -L $mod /workspaces/openwrt-radxa-rock5b-plus/openwrt/build_dir/target-aarch64_generic_musl/linux-rockchip_armv8/packages/ipkg-aarch64_generic/kmod-phy-realtek/lib/modules/6.12.45/ ; else echo "ERROR: module '$mod' is missing." >&2; exit 1; fi; done;
mkdir -p /workspaces/openwrt-radxa-rock5b-plus/openwrt/build_dir/target-aarch64_generic_musl/linux-rockchip_armv8/packages/ipkg-aarch64_generic/kmod-phy-realtek/etc/modules.d; ( echo "realtek"; ) > /workspaces/openwrt-radxa-rock5b-plus/openwrt/build_dir/target-aarch64_generic_musl/linux-rockchip_armv8/packages/ipkg-aarch64_generic/kmod-phy-realtek/etc/modules.d/18-phy-realtek;  mkdir -p /workspaces/openwrt-radxa-rock5b-plus/openwrt/build_dir/target-aarch64_generic_musl/linux-rockchip_armv8/packages/ipkg-aarch64_generic/kmod-phy-realtek/etc/modules-boot.d; ln -sf ../modules.d/18-phy-realtek /workspaces/openwrt-radxa-rock5b-plus/openwrt/build_dir/target-aarch64_generic_musl/linux-rockchip_armv8/packages/ipkg-aarch64_generic/kmod-phy-realtek/etc/modules-boot.d/;



find /workspaces/openwrt-radxa-rock5b-plus/openwrt/build_dir/target-aarch64_generic_musl/linux-rockchip_armv8/packages/ipkg-aarch64_generic/kmod-phy-realtek -name 'CVS' -o -name '.svn' -o -name '.#*' -o -name '*~'| xargs -r rm -rf
( find /workspaces/openwrt-radxa-rock5b-plus/openwrt/build_dir/target-aarch64_generic_musl/linux-rockchip_armv8/packages/ipkg-aarch64_generic/kmod-phy-realtek -name lib\*.so\* -or -name \*.ko | awk -F/ '{ print $NF }'; for file in /workspaces/openwrt-radxa-rock5b-plus/openwrt/staging_dir/target-aarch64_generic_musl/pkginfo/kmod-libphy.provides /workspaces/openwrt-radxa-rock5b-plus/openwrt/staging_dir/target-aarch64_generic_musl/pkginfo/kmod-hwmon-core.provides; do if [ -f "$file" ]; then cat $file; fi; done;  ) | sort -u > /workspaces/openwrt-radxa-rock5b-plus/openwrt/staging_dir/target-aarch64_generic_musl/pkginfo/kmod-phy-realtek.provides

( rm -f /workspaces/openwrt-radxa-rock5b-plus/openwrt/staging_dir/target-aarch64_generic_musl/pkginfo/kmod-phy-realtek.missing; ( export READELF=aarch64-openwrt-linux-musl-readelf OBJCOPY=aarch64-openwrt-linux-musl-objcopy XARGS="xargs -r"; /workspaces/openwrt-radxa-rock5b-plus/openwrt/scripts/gen-dependencies.sh "/workspaces/openwrt-radxa-rock5b-plus/openwrt/build_dir/target-aarch64_generic_musl/linux-rockchip_armv8/packages/ipkg-aarch64_generic/kmod-phy-realtek"; ) | while read FILE; do grep -qxF "$FILE" /workspaces/openwrt-radxa-rock5b-plus/openwrt/staging_dir/target-aarch64_generic_musl/pkginfo/kmod-phy-realtek.provides || echo "$FILE" >> /workspaces/openwrt-radxa-rock5b-plus/openwrt/staging_dir/target-aarch64_generic_musl/pkginfo/kmod-phy-realtek.missing; done; if [ -f "/workspaces/openwrt-radxa-rock5b-plus/openwrt/staging_dir/target-aarch64_generic_musl/pkginfo/kmod-phy-realtek.missing" ]; then echo "Package kmod-phy-realtek is missing dependencies for the following libraries:" >&2; cat "/workspaces/openwrt-radxa-rock5b-plus/openwrt/staging_dir/target-aarch64_generic_musl/pkginfo/kmod-phy-realtek.missing" >&2; false; fi; )
export CROSS="aarch64-openwrt-linux-musl-"  NO_RENAME=1 ; NM="aarch64-openwrt-linux-musl-nm" STRIP="/workspaces/openwrt-radxa-rock5b-plus/openwrt/staging_dir/host/bin/sstrip -z" STRIP_KMOD="/workspaces/openwrt-radxa-rock5b-plus/openwrt/scripts/strip-kmod.sh" PATCHELF="/workspaces/openwrt-radxa-rock5b-plus/openwrt/staging_dir/host/bin/patchelf" /workspaces/openwrt-radxa-rock5b-plus/openwrt/scripts/rstrip.sh /workspaces/openwrt-radxa-rock5b-plus/openwrt/build_dir/target-aarch64_generic_musl/linux-rockchip_armv8/packages/ipkg-aarch64_generic/kmod-phy-realtek
install -d -m0755 /workspaces/openwrt-radxa-rock5b-plus/openwrt/bin/targets/rockchip/armv8/packages/tmp
mkdir -p /workspaces/openwrt-radxa-rock5b-plus/openwrt/build_dir/target-aarch64_generic_musl/linux-rockchip_armv8/packages/apk-aarch64_generic/kmod-phy-realtek/
mkdir -p /workspaces/openwrt-radxa-rock5b-plus/openwrt/build_dir/target-aarch64_generic_musl/linux-rockchip_armv8/packages/ipkg-aarch64_generic/kmod-phy-realtek/lib/apk/packages/
(cd /workspaces/openwrt-radxa-rock5b-plus/openwrt/build_dir/target-aarch64_generic_musl/linux-rockchip_armv8/packages/apk-aarch64_generic/kmod-phy-realtek; )
( echo "#!/bin/sh"; echo "[ \"\${IPKG_NO_SCRIPT}\" = \"1\" ] && exit 0"; echo "[ -s "\${IPKG_INSTROOT}/lib/functions.sh" ] || exit 0"; echo ". \${IPKG_INSTROOT}/lib/functions.sh"; echo 'export root="${IPKG_INSTROOT}"'; echo 'export pkgname="kmod-phy-realtek"'; echo "add_group_and_user"; echo "default_postinst"; [ ! -f /workspaces/openwrt-radxa-rock5b-plus/openwrt/build_dir/target-aarch64_generic_musl/linux-rockchip_armv8/packages/apk-aarch64_generic/kmod-phy-realtek/postinst-pkg ] || sed -z 's/^\s*#!/#!/' "/workspaces/openwrt-radxa-rock5b-plus/openwrt/build_dir/target-aarch64_generic_musl/linux-rockchip_armv8/packages/apk-aarch64_generic/kmod-phy-realtek/postinst-pkg"; ) > /workspaces/openwrt-radxa-rock5b-plus/openwrt/build_dir/target-aarch64_generic_musl/linux-rockchip_armv8/packages/apk-aarch64_generic/kmod-phy-realtek/post-install;
( echo "#!/bin/sh"; echo 'export PKG_UPGRADE=1'; [ ! -f /workspaces/openwrt-radxa-rock5b-plus/openwrt/build_dir/target-aarch64_generic_musl/linux-rockchip_armv8/packages/apk-aarch64_generic/kmod-phy-realtek/post-install ] || sed -z 's/^\s*#!/#!/' "/workspaces/openwrt-radxa-rock5b-plus/openwrt/build_dir/target-aarch64_generic_musl/linux-rockchip_armv8/packages/apk-aarch64_generic/kmod-phy-realtek/post-install"; ) > /workspaces/openwrt-radxa-rock5b-plus/openwrt/build_dir/target-aarch64_generic_musl/linux-rockchip_armv8/packages/apk-aarch64_generic/kmod-phy-realtek/post-upgrade;
( echo "#!/bin/sh"; echo "[ -s "\${IPKG_INSTROOT}/lib/functions.sh" ] || exit 0"; echo ". \${IPKG_INSTROOT}/lib/functions.sh"; echo 'export root="${IPKG_INSTROOT}"'; echo 'export pkgname="kmod-phy-realtek"'; echo "default_prerm"; [ ! -f /workspaces/openwrt-radxa-rock5b-plus/openwrt/build_dir/target-aarch64_generic_musl/linux-rockchip_armv8/packages/apk-aarch64_generic/kmod-phy-realtek/prerm-pkg ] || sed -z 's/^\s*#!/#!/' "/workspaces/openwrt-radxa-rock5b-plus/openwrt/build_dir/target-aarch64_generic_musl/linux-rockchip_armv8/packages/apk-aarch64_generic/kmod-phy-realtek/prerm-pkg"; ) > /workspaces/openwrt-radxa-rock5b-plus/openwrt/build_dir/target-aarch64_generic_musl/linux-rockchip_armv8/packages/apk-aarch64_generic/kmod-phy-realtek/pre-deinstall;
[ ! -f /workspaces/openwrt-radxa-rock5b-plus/openwrt/build_dir/target-aarch64_generic_musl/linux-rockchip_armv8/packages/apk-aarch64_generic/kmod-phy-realtek/postrm ] || sed -zi 's/^\s*#!/#!/' "/workspaces/openwrt-radxa-rock5b-plus/openwrt/build_dir/target-aarch64_generic_musl/linux-rockchip_armv8/packages/apk-aarch64_generic/kmod-phy-realtek/postrm";
if [ -n "" ]; then echo  > /workspaces/openwrt-radxa-rock5b-plus/openwrt/build_dir/target-aarch64_generic_musl/linux-rockchip_armv8/packages/ipkg-aarch64_generic/kmod-phy-realtek/lib/apk/packages/kmod-phy-realtek.rusers; fi;
if [ -n "" ]; then echo  > /workspaces/openwrt-radxa-rock5b-plus/openwrt/build_dir/target-aarch64_generic_musl/linux-rockchip_armv8/packages/ipkg-aarch64_generic/kmod-phy-realtek/lib/apk/packages/kmod-phy-realtek.alternatives; fi;
(cd /workspaces/openwrt-radxa-rock5b-plus/openwrt/build_dir/target-aarch64_generic_musl/linux-rockchip_armv8/packages/ipkg-aarch64_generic/kmod-phy-realtek && find . -type f,l -printf "/%P\n" | sort > /workspaces/openwrt-radxa-rock5b-plus/openwrt/tmp/kmod-phy-realtek.list && mv /workspaces/openwrt-radxa-rock5b-plus/openwrt/tmp/kmod-phy-realtek.list /workspaces/openwrt-radxa-rock5b-plus/openwrt/build_dir/target-aarch64_generic_musl/linux-rockchip_armv8/packages/ipkg-aarch64_generic/kmod-phy-realtek/lib/apk/packages/kmod-phy-realtek.list)
# Move conffiles to IDIR and build conffiles_static with csums
if [ -f /workspaces/openwrt-radxa-rock5b-plus/openwrt/build_dir/target-aarch64_generic_musl/linux-rockchip_armv8/packages/apk-aarch64_generic/kmod-phy-realtek/conffiles ]; then mv -f /workspaces/openwrt-radxa-rock5b-plus/openwrt/build_dir/target-aarch64_generic_musl/linux-rockchip_armv8/packages/apk-aarch64_generic/kmod-phy-realtek/conffiles /workspaces/openwrt-radxa-rock5b-plus/openwrt/build_dir/target-aarch64_generic_musl/linux-rockchip_armv8/packages/ipkg-aarch64_generic/kmod-phy-realtek/lib/apk/packages/kmod-phy-realtek.conffiles; for file in $(cat /workspaces/openwrt-radxa-rock5b-plus/openwrt/build_dir/target-aarch64_generic_musl/linux-rockchip_armv8/packages/ipkg-aarch64_generic/kmod-phy-realtek/lib/apk/packages/kmod-phy-realtek.conffiles); do [ -f /workspaces/openwrt-radxa-rock5b-plus/openwrt/build_dir/target-aarch64_generic_musl/linux-rockchip_armv8/packages/ipkg-aarch64_generic/kmod-phy-realtek/$file ] || continue; csum=$(/workspaces/openwrt-radxa-rock5b-plus/openwrt/staging_dir/host/bin/mkhash sha256 /workspaces/openwrt-radxa-rock5b-plus/openwrt/build_dir/target-aarch64_generic_musl/linux-rockchip_armv8/packages/ipkg-aarch64_generic/kmod-phy-realtek/$file); echo $file $csum >> /workspaces/openwrt-radxa-rock5b-plus/openwrt/build_dir/target-aarch64_generic_musl/linux-rockchip_armv8/packages/ipkg-aarch64_generic/kmod-phy-realtek/lib/apk/packages/kmod-phy-realtek.conffiles_static; done; fi
# Some package (base-files) manually append stuff to conffiles
# Append stuff from it and delete the CONTROL directory since everything else should be migrated
if [ -f /workspaces/openwrt-radxa-rock5b-plus/openwrt/build_dir/target-aarch64_generic_musl/linux-rockchip_armv8/packages/ipkg-aarch64_generic/kmod-phy-realtek/CONTROL/conffiles ]; then echo $(IDIR_kmod-phy-realtek)/CONTROL/conffiles >> /workspaces/openwrt-radxa-rock5b-plus/openwrt/build_dir/target-aarch64_generic_musl/linux-rockchip_armv8/packages/ipkg-aarch64_generic/kmod-phy-realtek/lib/apk/packages/kmod-phy-realtek.conffiles; for file in $(cat /workspaces/openwrt-radxa-rock5b-plus/openwrt/build_dir/target-aarch64_generic_musl/linux-rockchip_armv8/packages/ipkg-aarch64_generic/kmod-phy-realtek/CONTROL/conffiles); do [ -f /workspaces/openwrt-radxa-rock5b-plus/openwrt/build_dir/target-aarch64_generic_musl/linux-rockchip_armv8/packages/ipkg-aarch64_generic/kmod-phy-realtek/$file ] || continue; csum=$(/workspaces/openwrt-radxa-rock5b-plus/openwrt/staging_dir/host/bin/mkhash sha256 /workspaces/openwrt-radxa-rock5b-plus/openwrt/build_dir/target-aarch64_generic_musl/linux-rockchip_armv8/packages/ipkg-aarch64_generic/kmod-phy-realtek/$file); echo $file $csum >> /workspaces/openwrt-radxa-rock5b-plus/openwrt/build_dir/target-aarch64_generic_musl/linux-rockchip_armv8/packages/ipkg-aarch64_generic/kmod-phy-realtek/lib/apk/packages/kmod-phy-realtek.conffiles_static; done; rm -rf /workspaces/openwrt-radxa-rock5b-plus/openwrt/build_dir/target-aarch64_generic_musl/linux-rockchip_armv8/packages/ipkg-aarch64_generic/kmod-phy-realtek/CONTROL/conffiles; fi
if [ -z "$(ls -A /workspaces/openwrt-radxa-rock5b-plus/openwrt/build_dir/target-aarch64_generic_musl/linux-rockchip_armv8/packages/ipkg-aarch64_generic/kmod-phy-realtek/CONTROL 2>/dev/null)" ]; then rm -rf /workspaces/openwrt-radxa-rock5b-plus/openwrt/build_dir/target-aarch64_generic_musl/linux-rockchip_armv8/packages/ipkg-aarch64_generic/kmod-phy-realtek/CONTROL; else echo "CONTROL directory /workspaces/openwrt-radxa-rock5b-plus/openwrt/build_dir/target-aarch64_generic_musl/linux-rockchip_armv8/packages/ipkg-aarch64_generic/kmod-phy-realtek/CONTROL is not empty! This is not right and should be checked!" >&2; exit 1; fi
/workspaces/openwrt-radxa-rock5b-plus/openwrt/staging_dir/host/bin/fakeroot /workspaces/openwrt-radxa-rock5b-plus/openwrt/staging_dir/host/bin/apk mkpkg --info "name:kmod-phy-realtek" --info "version:6.12.45-r1"  --info "description:Supports the Realtek 821x PHY." --info "arch:aarch64_generic" --info "license:GPL-2.0-only" --info "origin:feeds/base/kernel/linux" --info "url:" --info "maintainer:" --info "provides:"  --script "post-install:/workspaces/openwrt-radxa-rock5b-plus/openwrt/build_dir/target-aarch64_generic_musl/linux-rockchip_armv8/packages/apk-aarch64_generic/kmod-phy-realtek/post-install" --script "post-upgrade:/workspaces/openwrt-radxa-rock5b-plus/openwrt/build_dir/target-aarch64_generic_musl/linux-rockchip_armv8/packages/apk-aarch64_generic/kmod-phy-realtek/post-upgrade" --script "pre-deinstall:/workspaces/openwrt-radxa-rock5b-plus/openwrt/build_dir/target-aarch64_generic_musl/linux-rockchip_armv8/packages/apk-aarch64_generic/kmod-phy-realtek/pre-deinstall" --info "depends:kernel=6.12.45~bfdb4691414eb2d33b0186227f6f0e2d-r1 kmod-libphy kmod-hwmon-core" --files "/workspaces/openwrt-radxa-rock5b-plus/openwrt/build_dir/target-aarch64_generic_musl/linux-rockchip_armv8/packages/ipkg-aarch64_generic/kmod-phy-realtek" --output "/workspaces/openwrt-radxa-rock5b-plus/openwrt/bin/targets/rockchip/armv8/packages/kmod-phy-realtek-6.12.45-r1.apk" --sign "/workspaces/openwrt-radxa-rock5b-plus/openwrt/private-key.pem"
[ -f /workspaces/openwrt-radxa-rock5b-plus/openwrt/bin/targets/rockchip/armv8/packages/kmod-phy-realtek-6.12.45-r1.apk ]
removed '/workspaces/openwrt-radxa-rock5b-plus/openwrt/bin/targets/rockchip/armv8/packages/kmod-phy-realtek-6.12.45-r1.apk'
NOTICE: module '/workspaces/openwrt-radxa-rock5b-plus/openwrt/build_dir/target-aarch64_generic_musl/linux-rockchip_armv8/linux-6.12.45/drivers/net/phy/realtek/realtek.ko' is built-in.
rm -rf /workspaces/openwrt-radxa-rock5b-plus/openwrt/build_dir/target-aarch64_generic_musl/linux-rockchip_armv8/packages/ipkg-aarch64_generic/kmod-r8169
/workspaces/openwrt-radxa-rock5b-plus/openwrt/scripts/ipkg-remove kmod-r8169 /workspaces/openwrt-radxa-rock5b-plus/openwrt/bin/targets/rockchip/armv8/packages/kmod-r8169-6.12.45-r1.apk
mkdir -p /workspaces/openwrt-radxa-rock5b-plus/openwrt/bin/targets/rockchip/armv8/packages /workspaces/openwrt-radxa-rock5b-plus/openwrt/build_dir/target-aarch64_generic_musl/linux-rockchip_armv8/packages/ipkg-aarch64_generic/kmod-r8169 /workspaces/openwrt-radxa-rock5b-plus/openwrt/staging_dir/target-aarch64_generic_musl/pkginfo
for mod in /workspaces/openwrt-radxa-rock5b-plus/openwrt/build_dir/target-aarch64_generic_musl/linux-rockchip_armv8/linux-6.12.45/drivers/net/ethernet/realtek/r8169.ko; do if grep -q "${mod##/workspaces/openwrt-radxa-rock5b-plus/openwrt/build_dir/target-aarch64_generic_musl/linux-rockchip_armv8/linux-6.12.45/}" "/workspaces/openwrt-radxa-rock5b-plus/openwrt/build_dir/target-aarch64_generic_musl/linux-rockchip_armv8/linux-6.12.45/modules.builtin"; then echo "NOTICE: module '$mod' is built-in."; elif [ -e $mod ]; then mkdir -p /workspaces/openwrt-radxa-rock5b-plus/openwrt/build_dir/target-aarch64_generic_musl/linux-rockchip_armv8/packages/ipkg-aarch64_generic/kmod-r8169/lib/modules/6.12.45 ; cp -fpR -L $mod /workspaces/openwrt-radxa-rock5b-plus/openwrt/build_dir/target-aarch64_generic_musl/linux-rockchip_armv8/packages/ipkg-aarch64_generic/kmod-r8169/lib/modules/6.12.45/ ; else echo "ERROR: module '$mod' is missing." >&2; exit 1; fi; done;
mkdir -p /workspaces/openwrt-radxa-rock5b-plus/openwrt/build_dir/target-aarch64_generic_musl/linux-rockchip_armv8/packages/ipkg-aarch64_generic/kmod-r8169/etc/modules.d; ( echo "r8169"; ) > /workspaces/openwrt-radxa-rock5b-plus/openwrt/build_dir/target-aarch64_generic_musl/linux-rockchip_armv8/packages/ipkg-aarch64_generic/kmod-r8169/etc/modules.d/r8169;  mkdir -p /workspaces/openwrt-radxa-rock5b-plus/openwrt/build_dir/target-aarch64_generic_musl/linux-rockchip_armv8/packages/ipkg-aarch64_generic/kmod-r8169/etc/modules-boot.d; ln -sf ../modules.d/r8169 /workspaces/openwrt-radxa-rock5b-plus/openwrt/build_dir/target-aarch64_generic_musl/linux-rockchip_armv8/packages/ipkg-aarch64_generic/kmod-r8169/etc/modules-boot.d/;



find /workspaces/openwrt-radxa-rock5b-plus/openwrt/build_dir/target-aarch64_generic_musl/linux-rockchip_armv8/packages/ipkg-aarch64_generic/kmod-r8169 -name 'CVS' -o -name '.svn' -o -name '.#*' -o -name '*~'| xargs -r rm -rf
( find /workspaces/openwrt-radxa-rock5b-plus/openwrt/build_dir/target-aarch64_generic_musl/linux-rockchip_armv8/packages/ipkg-aarch64_generic/kmod-r8169 -name lib\*.so\* -or -name \*.ko | awk -F/ '{ print $NF }'; for file in /workspaces/openwrt-radxa-rock5b-plus/openwrt/staging_dir/target-aarch64_generic_musl/pkginfo/kmod-mii.provides /workspaces/openwrt-radxa-rock5b-plus/openwrt/staging_dir/target-aarch64_generic_musl/pkginfo/r8169-firmware.provides /workspaces/openwrt-radxa-rock5b-plus/openwrt/staging_dir/target-aarch64_generic_musl/pkginfo/kmod-phy-realtek.provides /workspaces/openwrt-radxa-rock5b-plus/openwrt/staging_dir/target-aarch64_generic_musl/pkginfo/kmod-mdio-devres.provides; do if [ -f "$file" ]; then cat $file; fi; done;  ) | sort -u > /workspaces/openwrt-radxa-rock5b-plus/openwrt/staging_dir/target-aarch64_generic_musl/pkginfo/kmod-r8169.provides

( rm -f /workspaces/openwrt-radxa-rock5b-plus/openwrt/staging_dir/target-aarch64_generic_musl/pkginfo/kmod-r8169.missing; ( export READELF=aarch64-openwrt-linux-musl-readelf OBJCOPY=aarch64-openwrt-linux-musl-objcopy XARGS="xargs -r"; /workspaces/openwrt-radxa-rock5b-plus/openwrt/scripts/gen-dependencies.sh "/workspaces/openwrt-radxa-rock5b-plus/openwrt/build_dir/target-aarch64_generic_musl/linux-rockchip_armv8/packages/ipkg-aarch64_generic/kmod-r8169"; ) | while read FILE; do grep -qxF "$FILE" /workspaces/openwrt-radxa-rock5b-plus/openwrt/staging_dir/target-aarch64_generic_musl/pkginfo/kmod-r8169.provides || echo "$FILE" >> /workspaces/openwrt-radxa-rock5b-plus/openwrt/staging_dir/target-aarch64_generic_musl/pkginfo/kmod-r8169.missing; done; if [ -f "/workspaces/openwrt-radxa-rock5b-plus/openwrt/staging_dir/target-aarch64_generic_musl/pkginfo/kmod-r8169.missing" ]; then echo "Package kmod-r8169 is missing dependencies for the following libraries:" >&2; cat "/workspaces/openwrt-radxa-rock5b-plus/openwrt/staging_dir/target-aarch64_generic_musl/pkginfo/kmod-r8169.missing" >&2; false; fi; )
export CROSS="aarch64-openwrt-linux-musl-"  NO_RENAME=1 ; NM="aarch64-openwrt-linux-musl-nm" STRIP="/workspaces/openwrt-radxa-rock5b-plus/openwrt/staging_dir/host/bin/sstrip -z" STRIP_KMOD="/workspaces/openwrt-radxa-rock5b-plus/openwrt/scripts/strip-kmod.sh" PATCHELF="/workspaces/openwrt-radxa-rock5b-plus/openwrt/staging_dir/host/bin/patchelf" /workspaces/openwrt-radxa-rock5b-plus/openwrt/scripts/rstrip.sh /workspaces/openwrt-radxa-rock5b-plus/openwrt/build_dir/target-aarch64_generic_musl/linux-rockchip_armv8/packages/ipkg-aarch64_generic/kmod-r8169
install -d -m0755 /workspaces/openwrt-radxa-rock5b-plus/openwrt/bin/targets/rockchip/armv8/packages/tmp
mkdir -p /workspaces/openwrt-radxa-rock5b-plus/openwrt/build_dir/target-aarch64_generic_musl/linux-rockchip_armv8/packages/apk-aarch64_generic/kmod-r8169/
mkdir -p /workspaces/openwrt-radxa-rock5b-plus/openwrt/build_dir/target-aarch64_generic_musl/linux-rockchip_armv8/packages/ipkg-aarch64_generic/kmod-r8169/lib/apk/packages/
(cd /workspaces/openwrt-radxa-rock5b-plus/openwrt/build_dir/target-aarch64_generic_musl/linux-rockchip_armv8/packages/apk-aarch64_generic/kmod-r8169; )
( echo "#!/bin/sh"; echo "[ \"\${IPKG_NO_SCRIPT}\" = \"1\" ] && exit 0"; echo "[ -s "\${IPKG_INSTROOT}/lib/functions.sh" ] || exit 0"; echo ". \${IPKG_INSTROOT}/lib/functions.sh"; echo 'export root="${IPKG_INSTROOT}"'; echo 'export pkgname="kmod-r8169"'; echo "add_group_and_user"; echo "default_postinst"; [ ! -f /workspaces/openwrt-radxa-rock5b-plus/openwrt/build_dir/target-aarch64_generic_musl/linux-rockchip_armv8/packages/apk-aarch64_generic/kmod-r8169/postinst-pkg ] || sed -z 's/^\s*#!/#!/' "/workspaces/openwrt-radxa-rock5b-plus/openwrt/build_dir/target-aarch64_generic_musl/linux-rockchip_armv8/packages/apk-aarch64_generic/kmod-r8169/postinst-pkg"; ) > /workspaces/openwrt-radxa-rock5b-plus/openwrt/build_dir/target-aarch64_generic_musl/linux-rockchip_armv8/packages/apk-aarch64_generic/kmod-r8169/post-install;
( echo "#!/bin/sh"; echo 'export PKG_UPGRADE=1'; [ ! -f /workspaces/openwrt-radxa-rock5b-plus/openwrt/build_dir/target-aarch64_generic_musl/linux-rockchip_armv8/packages/apk-aarch64_generic/kmod-r8169/post-install ] || sed -z 's/^\s*#!/#!/' "/workspaces/openwrt-radxa-rock5b-plus/openwrt/build_dir/target-aarch64_generic_musl/linux-rockchip_armv8/packages/apk-aarch64_generic/kmod-r8169/post-install"; ) > /workspaces/openwrt-radxa-rock5b-plus/openwrt/build_dir/target-aarch64_generic_musl/linux-rockchip_armv8/packages/apk-aarch64_generic/kmod-r8169/post-upgrade;
( echo "#!/bin/sh"; echo "[ -s "\${IPKG_INSTROOT}/lib/functions.sh" ] || exit 0"; echo ". \${IPKG_INSTROOT}/lib/functions.sh"; echo 'export root="${IPKG_INSTROOT}"'; echo 'export pkgname="kmod-r8169"'; echo "default_prerm"; [ ! -f /workspaces/openwrt-radxa-rock5b-plus/openwrt/build_dir/target-aarch64_generic_musl/linux-rockchip_armv8/packages/apk-aarch64_generic/kmod-r8169/prerm-pkg ] || sed -z 's/^\s*#!/#!/' "/workspaces/openwrt-radxa-rock5b-plus/openwrt/build_dir/target-aarch64_generic_musl/linux-rockchip_armv8/packages/apk-aarch64_generic/kmod-r8169/prerm-pkg"; ) > /workspaces/openwrt-radxa-rock5b-plus/openwrt/build_dir/target-aarch64_generic_musl/linux-rockchip_armv8/packages/apk-aarch64_generic/kmod-r8169/pre-deinstall;
[ ! -f /workspaces/openwrt-radxa-rock5b-plus/openwrt/build_dir/target-aarch64_generic_musl/linux-rockchip_armv8/packages/apk-aarch64_generic/kmod-r8169/postrm ] || sed -zi 's/^\s*#!/#!/' "/workspaces/openwrt-radxa-rock5b-plus/openwrt/build_dir/target-aarch64_generic_musl/linux-rockchip_armv8/packages/apk-aarch64_generic/kmod-r8169/postrm";
if [ -n "" ]; then echo  > /workspaces/openwrt-radxa-rock5b-plus/openwrt/build_dir/target-aarch64_generic_musl/linux-rockchip_armv8/packages/ipkg-aarch64_generic/kmod-r8169/lib/apk/packages/kmod-r8169.rusers; fi;
if [ -n "" ]; then echo  > /workspaces/openwrt-radxa-rock5b-plus/openwrt/build_dir/target-aarch64_generic_musl/linux-rockchip_armv8/packages/ipkg-aarch64_generic/kmod-r8169/lib/apk/packages/kmod-r8169.alternatives; fi;
(cd /workspaces/openwrt-radxa-rock5b-plus/openwrt/build_dir/target-aarch64_generic_musl/linux-rockchip_armv8/packages/ipkg-aarch64_generic/kmod-r8169 && find . -type f,l -printf "/%P\n" | sort > /workspaces/openwrt-radxa-rock5b-plus/openwrt/tmp/kmod-r8169.list && mv /workspaces/openwrt-radxa-rock5b-plus/openwrt/tmp/kmod-r8169.list /workspaces/openwrt-radxa-rock5b-plus/openwrt/build_dir/target-aarch64_generic_musl/linux-rockchip_armv8/packages/ipkg-aarch64_generic/kmod-r8169/lib/apk/packages/kmod-r8169.list)
# Move conffiles to IDIR and build conffiles_static with csums
if [ -f /workspaces/openwrt-radxa-rock5b-plus/openwrt/build_dir/target-aarch64_generic_musl/linux-rockchip_armv8/packages/apk-aarch64_generic/kmod-r8169/conffiles ]; then mv -f /workspaces/openwrt-radxa-rock5b-plus/openwrt/build_dir/target-aarch64_generic_musl/linux-rockchip_armv8/packages/apk-aarch64_generic/kmod-r8169/conffiles /workspaces/openwrt-radxa-rock5b-plus/openwrt/build_dir/target-aarch64_generic_musl/linux-rockchip_armv8/packages/ipkg-aarch64_generic/kmod-r8169/lib/apk/packages/kmod-r8169.conffiles; for file in $(cat /workspaces/openwrt-radxa-rock5b-plus/openwrt/build_dir/target-aarch64_generic_musl/linux-rockchip_armv8/packages/ipkg-aarch64_generic/kmod-r8169/lib/apk/packages/kmod-r8169.conffiles); do [ -f /workspaces/openwrt-radxa-rock5b-plus/openwrt/build_dir/target-aarch64_generic_musl/linux-rockchip_armv8/packages/ipkg-aarch64_generic/kmod-r8169/$file ] || continue; csum=$(/workspaces/openwrt-radxa-rock5b-plus/openwrt/staging_dir/host/bin/mkhash sha256 /workspaces/openwrt-radxa-rock5b-plus/openwrt/build_dir/target-aarch64_generic_musl/linux-rockchip_armv8/packages/ipkg-aarch64_generic/kmod-r8169/$file); echo $file $csum >> /workspaces/openwrt-radxa-rock5b-plus/openwrt/build_dir/target-aarch64_generic_musl/linux-rockchip_armv8/packages/ipkg-aarch64_generic/kmod-r8169/lib/apk/packages/kmod-r8169.conffiles_static; done; fi
# Some package (base-files) manually append stuff to conffiles
# Append stuff from it and delete the CONTROL directory since everything else should be migrated
if [ -f /workspaces/openwrt-radxa-rock5b-plus/openwrt/build_dir/target-aarch64_generic_musl/linux-rockchip_armv8/packages/ipkg-aarch64_generic/kmod-r8169/CONTROL/conffiles ]; then echo $(IDIR_kmod-r8169)/CONTROL/conffiles >> /workspaces/openwrt-radxa-rock5b-plus/openwrt/build_dir/target-aarch64_generic_musl/linux-rockchip_armv8/packages/ipkg-aarch64_generic/kmod-r8169/lib/apk/packages/kmod-r8169.conffiles; for file in $(cat /workspaces/openwrt-radxa-rock5b-plus/openwrt/build_dir/target-aarch64_generic_musl/linux-rockchip_armv8/packages/ipkg-aarch64_generic/kmod-r8169/CONTROL/conffiles); do [ -f /workspaces/openwrt-radxa-rock5b-plus/openwrt/build_dir/target-aarch64_generic_musl/linux-rockchip_armv8/packages/ipkg-aarch64_generic/kmod-r8169/$file ] || continue; csum=$(/workspaces/openwrt-radxa-rock5b-plus/openwrt/staging_dir/host/bin/mkhash sha256 /workspaces/openwrt-radxa-rock5b-plus/openwrt/build_dir/target-aarch64_generic_musl/linux-rockchip_armv8/packages/ipkg-aarch64_generic/kmod-r8169/$file); echo $file $csum >> /workspaces/openwrt-radxa-rock5b-plus/openwrt/build_dir/target-aarch64_generic_musl/linux-rockchip_armv8/packages/ipkg-aarch64_generic/kmod-r8169/lib/apk/packages/kmod-r8169.conffiles_static; done; rm -rf /workspaces/openwrt-radxa-rock5b-plus/openwrt/build_dir/target-aarch64_generic_musl/linux-rockchip_armv8/packages/ipkg-aarch64_generic/kmod-r8169/CONTROL/conffiles; fi
if [ -z "$(ls -A /workspaces/openwrt-radxa-rock5b-plus/openwrt/build_dir/target-aarch64_generic_musl/linux-rockchip_armv8/packages/ipkg-aarch64_generic/kmod-r8169/CONTROL 2>/dev/null)" ]; then rm -rf /workspaces/openwrt-radxa-rock5b-plus/openwrt/build_dir/target-aarch64_generic_musl/linux-rockchip_armv8/packages/ipkg-aarch64_generic/kmod-r8169/CONTROL; else echo "CONTROL directory /workspaces/openwrt-radxa-rock5b-plus/openwrt/build_dir/target-aarch64_generic_musl/linux-rockchip_armv8/packages/ipkg-aarch64_generic/kmod-r8169/CONTROL is not empty! This is not right and should be checked!" >&2; exit 1; fi
/workspaces/openwrt-radxa-rock5b-plus/openwrt/staging_dir/host/bin/fakeroot /workspaces/openwrt-radxa-rock5b-plus/openwrt/staging_dir/host/bin/apk mkpkg --info "name:kmod-r8169" --info "version:6.12.45-r1"  --info "description:Kernel modules for RealTek RTL-8169 PCI Gigabit Ethernet adapters" --info "arch:aarch64_generic" --info "license:GPL-2.0-only" --info "origin:feeds/base/kernel/linux" --info "url:" --info "maintainer:" --info "provides:"  --script "post-install:/workspaces/openwrt-radxa-rock5b-plus/openwrt/build_dir/target-aarch64_generic_musl/linux-rockchip_armv8/packages/apk-aarch64_generic/kmod-r8169/post-install" --script "post-upgrade:/workspaces/openwrt-radxa-rock5b-plus/openwrt/build_dir/target-aarch64_generic_musl/linux-rockchip_armv8/packages/apk-aarch64_generic/kmod-r8169/post-upgrade" --script "pre-deinstall:/workspaces/openwrt-radxa-rock5b-plus/openwrt/build_dir/target-aarch64_generic_musl/linux-rockchip_armv8/packages/apk-aarch64_generic/kmod-r8169/pre-deinstall" --info "depends:kernel=6.12.45~bfdb4691414eb2d33b0186227f6f0e2d-r1 kmod-mii r8169-firmware kmod-phy-realtek kmod-mdio-devres" --files "/workspaces/openwrt-radxa-rock5b-plus/openwrt/build_dir/target-aarch64_generic_musl/linux-rockchip_armv8/packages/ipkg-aarch64_generic/kmod-r8169" --output "/workspaces/openwrt-radxa-rock5b-plus/openwrt/bin/targets/rockchip/armv8/packages/kmod-r8169-6.12.45-r1.apk" --sign "/workspaces/openwrt-radxa-rock5b-plus/openwrt/private-key.pem"
[ -f /workspaces/openwrt-radxa-rock5b-plus/openwrt/bin/targets/rockchip/armv8/packages/kmod-r8169-6.12.45-r1.apk ]
removed '/workspaces/openwrt-radxa-rock5b-plus/openwrt/bin/targets/rockchip/armv8/packages/kmod-r8169-6.12.45-r1.apk'
rstrip.sh: /workspaces/openwrt-radxa-rock5b-plus/openwrt/build_dir/target-aarch64_generic_musl/linux-rockchip_armv8/packages/ipkg-aarch64_generic/kmod-r8169/lib/modules/6.12.45/r8169.ko: relocatable
rm -rf /workspaces/openwrt-radxa-rock5b-plus/openwrt/build_dir/target-aarch64_generic_musl/linux-rockchip_armv8/packages/ipkg-aarch64_generic/kmod-nf-reject
/workspaces/openwrt-radxa-rock5b-plus/openwrt/scripts/ipkg-remove kmod-nf-reject /workspaces/openwrt-radxa-rock5b-plus/openwrt/bin/targets/rockchip/armv8/packages/kmod-nf-reject-6.12.45-r1.apk /workspaces/openwrt-radxa-rock5b-plus/openwrt/bin/targets/rockchip/armv8/packages/kmod-nf-reject6-6.12.45-r1.apk
mkdir -p /workspaces/openwrt-radxa-rock5b-plus/openwrt/bin/targets/rockchip/armv8/packages /workspaces/openwrt-radxa-rock5b-plus/openwrt/build_dir/target-aarch64_generic_musl/linux-rockchip_armv8/packages/ipkg-aarch64_generic/kmod-nf-reject /workspaces/openwrt-radxa-rock5b-plus/openwrt/staging_dir/target-aarch64_generic_musl/pkginfo
for mod in /workspaces/openwrt-radxa-rock5b-plus/openwrt/build_dir/target-aarch64_generic_musl/linux-rockchip_armv8/linux-6.12.45/net/ipv4/netfilter/nf_reject_ipv4.ko; do if grep -q "${mod##/workspaces/openwrt-radxa-rock5b-plus/openwrt/build_dir/target-aarch64_generic_musl/linux-rockchip_armv8/linux-6.12.45/}" "/workspaces/openwrt-radxa-rock5b-plus/openwrt/build_dir/target-aarch64_generic_musl/linux-rockchip_armv8/linux-6.12.45/modules.builtin"; then echo "NOTICE: module '$mod' is built-in."; elif [ -e $mod ]; then mkdir -p /workspaces/openwrt-radxa-rock5b-plus/openwrt/build_dir/target-aarch64_generic_musl/linux-rockchip_armv8/packages/ipkg-aarch64_generic/kmod-nf-reject/lib/modules/6.12.45 ; cp -fpR -L $mod /workspaces/openwrt-radxa-rock5b-plus/openwrt/build_dir/target-aarch64_generic_musl/linux-rockchip_armv8/packages/ipkg-aarch64_generic/kmod-nf-reject/lib/modules/6.12.45/ ; else echo "ERROR: module '$mod' is missing." >&2; exit 1; fi; done;
mkdir -p /workspaces/openwrt-radxa-rock5b-plus/openwrt/build_dir/target-aarch64_generic_musl/linux-rockchip_armv8/packages/ipkg-aarch64_generic/kmod-nf-reject/etc/modules.d; ( echo "nf_reject_ipv4"; ) > /workspaces/openwrt-radxa-rock5b-plus/openwrt/build_dir/target-aarch64_generic_musl/linux-rockchip_armv8/packages/ipkg-aarch64_generic/kmod-nf-reject/etc/modules.d/nf-reject; 



find /workspaces/openwrt-radxa-rock5b-plus/openwrt/build_dir/target-aarch64_generic_musl/linux-rockchip_armv8/packages/ipkg-aarch64_generic/kmod-nf-reject -name 'CVS' -o -name '.svn' -o -name '.#*' -o -name '*~'| xargs -r rm -rf
( find /workspaces/openwrt-radxa-rock5b-plus/openwrt/build_dir/target-aarch64_generic_musl/linux-rockchip_armv8/packages/ipkg-aarch64_generic/kmod-nf-reject -name lib\*.so\* -or -name \*.ko | awk -F/ '{ print $NF }'; for file in ; do if [ -f "$file" ]; then cat $file; fi; done;  ) | sort -u > /workspaces/openwrt-radxa-rock5b-plus/openwrt/staging_dir/target-aarch64_generic_musl/pkginfo/kmod-nf-reject.provides

( rm -f /workspaces/openwrt-radxa-rock5b-plus/openwrt/staging_dir/target-aarch64_generic_musl/pkginfo/kmod-nf-reject.missing; ( export READELF=aarch64-openwrt-linux-musl-readelf OBJCOPY=aarch64-openwrt-linux-musl-objcopy XARGS="xargs -r"; /workspaces/openwrt-radxa-rock5b-plus/openwrt/scripts/gen-dependencies.sh "/workspaces/openwrt-radxa-rock5b-plus/openwrt/build_dir/target-aarch64_generic_musl/linux-rockchip_armv8/packages/ipkg-aarch64_generic/kmod-nf-reject"; ) | while read FILE; do grep -qxF "$FILE" /workspaces/openwrt-radxa-rock5b-plus/openwrt/staging_dir/target-aarch64_generic_musl/pkginfo/kmod-nf-reject.provides || echo "$FILE" >> /workspaces/openwrt-radxa-rock5b-plus/openwrt/staging_dir/target-aarch64_generic_musl/pkginfo/kmod-nf-reject.missing; done; if [ -f "/workspaces/openwrt-radxa-rock5b-plus/openwrt/staging_dir/target-aarch64_generic_musl/pkginfo/kmod-nf-reject.missing" ]; then echo "Package kmod-nf-reject is missing dependencies for the following libraries:" >&2; cat "/workspaces/openwrt-radxa-rock5b-plus/openwrt/staging_dir/target-aarch64_generic_musl/pkginfo/kmod-nf-reject.missing" >&2; false; fi; )
export CROSS="aarch64-openwrt-linux-musl-"  NO_RENAME=1 ; NM="aarch64-openwrt-linux-musl-nm" STRIP="/workspaces/openwrt-radxa-rock5b-plus/openwrt/staging_dir/host/bin/sstrip -z" STRIP_KMOD="/workspaces/openwrt-radxa-rock5b-plus/openwrt/scripts/strip-kmod.sh" PATCHELF="/workspaces/openwrt-radxa-rock5b-plus/openwrt/staging_dir/host/bin/patchelf" /workspaces/openwrt-radxa-rock5b-plus/openwrt/scripts/rstrip.sh /workspaces/openwrt-radxa-rock5b-plus/openwrt/build_dir/target-aarch64_generic_musl/linux-rockchip_armv8/packages/ipkg-aarch64_generic/kmod-nf-reject
install -d -m0755 /workspaces/openwrt-radxa-rock5b-plus/openwrt/bin/targets/rockchip/armv8/packages/tmp
mkdir -p /workspaces/openwrt-radxa-rock5b-plus/openwrt/build_dir/target-aarch64_generic_musl/linux-rockchip_armv8/packages/apk-aarch64_generic/kmod-nf-reject/
mkdir -p /workspaces/openwrt-radxa-rock5b-plus/openwrt/build_dir/target-aarch64_generic_musl/linux-rockchip_armv8/packages/ipkg-aarch64_generic/kmod-nf-reject/lib/apk/packages/
(cd /workspaces/openwrt-radxa-rock5b-plus/openwrt/build_dir/target-aarch64_generic_musl/linux-rockchip_armv8/packages/apk-aarch64_generic/kmod-nf-reject; )
( echo "#!/bin/sh"; echo "[ \"\${IPKG_NO_SCRIPT}\" = \"1\" ] && exit 0"; echo "[ -s "\${IPKG_INSTROOT}/lib/functions.sh" ] || exit 0"; echo ". \${IPKG_INSTROOT}/lib/functions.sh"; echo 'export root="${IPKG_INSTROOT}"'; echo 'export pkgname="kmod-nf-reject"'; echo "add_group_and_user"; echo "default_postinst"; [ ! -f /workspaces/openwrt-radxa-rock5b-plus/openwrt/build_dir/target-aarch64_generic_musl/linux-rockchip_armv8/packages/apk-aarch64_generic/kmod-nf-reject/postinst-pkg ] || sed -z 's/^\s*#!/#!/' "/workspaces/openwrt-radxa-rock5b-plus/openwrt/build_dir/target-aarch64_generic_musl/linux-rockchip_armv8/packages/apk-aarch64_generic/kmod-nf-reject/postinst-pkg"; ) > /workspaces/openwrt-radxa-rock5b-plus/openwrt/build_dir/target-aarch64_generic_musl/linux-rockchip_armv8/packages/apk-aarch64_generic/kmod-nf-reject/post-install;
( echo "#!/bin/sh"; echo 'export PKG_UPGRADE=1'; [ ! -f /workspaces/openwrt-radxa-rock5b-plus/openwrt/build_dir/target-aarch64_generic_musl/linux-rockchip_armv8/packages/apk-aarch64_generic/kmod-nf-reject/post-install ] || sed -z 's/^\s*#!/#!/' "/workspaces/openwrt-radxa-rock5b-plus/openwrt/build_dir/target-aarch64_generic_musl/linux-rockchip_armv8/packages/apk-aarch64_generic/kmod-nf-reject/post-install"; ) > /workspaces/openwrt-radxa-rock5b-plus/openwrt/build_dir/target-aarch64_generic_musl/linux-rockchip_armv8/packages/apk-aarch64_generic/kmod-nf-reject/post-upgrade;
( echo "#!/bin/sh"; echo "[ -s "\${IPKG_INSTROOT}/lib/functions.sh" ] || exit 0"; echo ". \${IPKG_INSTROOT}/lib/functions.sh"; echo 'export root="${IPKG_INSTROOT}"'; echo 'export pkgname="kmod-nf-reject"'; echo "default_prerm"; [ ! -f /workspaces/openwrt-radxa-rock5b-plus/openwrt/build_dir/target-aarch64_generic_musl/linux-rockchip_armv8/packages/apk-aarch64_generic/kmod-nf-reject/prerm-pkg ] || sed -z 's/^\s*#!/#!/' "/workspaces/openwrt-radxa-rock5b-plus/openwrt/build_dir/target-aarch64_generic_musl/linux-rockchip_armv8/packages/apk-aarch64_generic/kmod-nf-reject/prerm-pkg"; ) > /workspaces/openwrt-radxa-rock5b-plus/openwrt/build_dir/target-aarch64_generic_musl/linux-rockchip_armv8/packages/apk-aarch64_generic/kmod-nf-reject/pre-deinstall;
[ ! -f /workspaces/openwrt-radxa-rock5b-plus/openwrt/build_dir/target-aarch64_generic_musl/linux-rockchip_armv8/packages/apk-aarch64_generic/kmod-nf-reject/postrm ] || sed -zi 's/^\s*#!/#!/' "/workspaces/openwrt-radxa-rock5b-plus/openwrt/build_dir/target-aarch64_generic_musl/linux-rockchip_armv8/packages/apk-aarch64_generic/kmod-nf-reject/postrm";
if [ -n "" ]; then echo  > /workspaces/openwrt-radxa-rock5b-plus/openwrt/build_dir/target-aarch64_generic_musl/linux-rockchip_armv8/packages/ipkg-aarch64_generic/kmod-nf-reject/lib/apk/packages/kmod-nf-reject.rusers; fi;
if [ -n "" ]; then echo  > /workspaces/openwrt-radxa-rock5b-plus/openwrt/build_dir/target-aarch64_generic_musl/linux-rockchip_armv8/packages/ipkg-aarch64_generic/kmod-nf-reject/lib/apk/packages/kmod-nf-reject.alternatives; fi;
(cd /workspaces/openwrt-radxa-rock5b-plus/openwrt/build_dir/target-aarch64_generic_musl/linux-rockchip_armv8/packages/ipkg-aarch64_generic/kmod-nf-reject && find . -type f,l -printf "/%P\n" | sort > /workspaces/openwrt-radxa-rock5b-plus/openwrt/tmp/kmod-nf-reject.list && mv /workspaces/openwrt-radxa-rock5b-plus/openwrt/tmp/kmod-nf-reject.list /workspaces/openwrt-radxa-rock5b-plus/openwrt/build_dir/target-aarch64_generic_musl/linux-rockchip_armv8/packages/ipkg-aarch64_generic/kmod-nf-reject/lib/apk/packages/kmod-nf-reject.list)
# Move conffiles to IDIR and build conffiles_static with csums
if [ -f /workspaces/openwrt-radxa-rock5b-plus/openwrt/build_dir/target-aarch64_generic_musl/linux-rockchip_armv8/packages/apk-aarch64_generic/kmod-nf-reject/conffiles ]; then mv -f /workspaces/openwrt-radxa-rock5b-plus/openwrt/build_dir/target-aarch64_generic_musl/linux-rockchip_armv8/packages/apk-aarch64_generic/kmod-nf-reject/conffiles /workspaces/openwrt-radxa-rock5b-plus/openwrt/build_dir/target-aarch64_generic_musl/linux-rockchip_armv8/packages/ipkg-aarch64_generic/kmod-nf-reject/lib/apk/packages/kmod-nf-reject.conffiles; for file in $(cat /workspaces/openwrt-radxa-rock5b-plus/openwrt/build_dir/target-aarch64_generic_musl/linux-rockchip_armv8/packages/ipkg-aarch64_generic/kmod-nf-reject/lib/apk/packages/kmod-nf-reject.conffiles); do [ -f /workspaces/openwrt-radxa-rock5b-plus/openwrt/build_dir/target-aarch64_generic_musl/linux-rockchip_armv8/packages/ipkg-aarch64_generic/kmod-nf-reject/$file ] || continue; csum=$(/workspaces/openwrt-radxa-rock5b-plus/openwrt/staging_dir/host/bin/mkhash sha256 /workspaces/openwrt-radxa-rock5b-plus/openwrt/build_dir/target-aarch64_generic_musl/linux-rockchip_armv8/packages/ipkg-aarch64_generic/kmod-nf-reject/$file); echo $file $csum >> /workspaces/openwrt-radxa-rock5b-plus/openwrt/build_dir/target-aarch64_generic_musl/linux-rockchip_armv8/packages/ipkg-aarch64_generic/kmod-nf-reject/lib/apk/packages/kmod-nf-reject.conffiles_static; done; fi
# Some package (base-files) manually append stuff to conffiles
# Append stuff from it and delete the CONTROL directory since everything else should be migrated
if [ -f /workspaces/openwrt-radxa-rock5b-plus/openwrt/build_dir/target-aarch64_generic_musl/linux-rockchip_armv8/packages/ipkg-aarch64_generic/kmod-nf-reject/CONTROL/conffiles ]; then echo $(IDIR_kmod-nf-reject)/CONTROL/conffiles >> /workspaces/openwrt-radxa-rock5b-plus/openwrt/build_dir/target-aarch64_generic_musl/linux-rockchip_armv8/packages/ipkg-aarch64_generic/kmod-nf-reject/lib/apk/packages/kmod-nf-reject.conffiles; for file in $(cat /workspaces/openwrt-radxa-rock5b-plus/openwrt/build_dir/target-aarch64_generic_musl/linux-rockchip_armv8/packages/ipkg-aarch64_generic/kmod-nf-reject/CONTROL/conffiles); do [ -f /workspaces/openwrt-radxa-rock5b-plus/openwrt/build_dir/target-aarch64_generic_musl/linux-rockchip_armv8/packages/ipkg-aarch64_generic/kmod-nf-reject/$file ] || continue; csum=$(/workspaces/openwrt-radxa-rock5b-plus/openwrt/staging_dir/host/bin/mkhash sha256 /workspaces/openwrt-radxa-rock5b-plus/openwrt/build_dir/target-aarch64_generic_musl/linux-rockchip_armv8/packages/ipkg-aarch64_generic/kmod-nf-reject/$file); echo $file $csum >> /workspaces/openwrt-radxa-rock5b-plus/openwrt/build_dir/target-aarch64_generic_musl/linux-rockchip_armv8/packages/ipkg-aarch64_generic/kmod-nf-reject/lib/apk/packages/kmod-nf-reject.conffiles_static; done; rm -rf /workspaces/openwrt-radxa-rock5b-plus/openwrt/build_dir/target-aarch64_generic_musl/linux-rockchip_armv8/packages/ipkg-aarch64_generic/kmod-nf-reject/CONTROL/conffiles; fi
if [ -z "$(ls -A /workspaces/openwrt-radxa-rock5b-plus/openwrt/build_dir/target-aarch64_generic_musl/linux-rockchip_armv8/packages/ipkg-aarch64_generic/kmod-nf-reject/CONTROL 2>/dev/null)" ]; then rm -rf /workspaces/openwrt-radxa-rock5b-plus/openwrt/build_dir/target-aarch64_generic_musl/linux-rockchip_armv8/packages/ipkg-aarch64_generic/kmod-nf-reject/CONTROL; else echo "CONTROL directory /workspaces/openwrt-radxa-rock5b-plus/openwrt/build_dir/target-aarch64_generic_musl/linux-rockchip_armv8/packages/ipkg-aarch64_generic/kmod-nf-reject/CONTROL is not empty! This is not right and should be checked!" >&2; exit 1; fi
/workspaces/openwrt-radxa-rock5b-plus/openwrt/staging_dir/host/bin/fakeroot /workspaces/openwrt-radxa-rock5b-plus/openwrt/staging_dir/host/bin/apk mkpkg --info "name:kmod-nf-reject" --info "version:6.12.45-r1"  --info "description:Netfilter IPv4 reject support" --info "arch:aarch64_generic" --info "license:GPL-2.0-only" --info "origin:feeds/base/kernel/linux" --info "url:" --info "maintainer:" --info "provides:"  --script "post-install:/workspaces/openwrt-radxa-rock5b-plus/openwrt/build_dir/target-aarch64_generic_musl/linux-rockchip_armv8/packages/apk-aarch64_generic/kmod-nf-reject/post-install" --script "post-upgrade:/workspaces/openwrt-radxa-rock5b-plus/openwrt/build_dir/target-aarch64_generic_musl/linux-rockchip_armv8/packages/apk-aarch64_generic/kmod-nf-reject/post-upgrade" --script "pre-deinstall:/workspaces/openwrt-radxa-rock5b-plus/openwrt/build_dir/target-aarch64_generic_musl/linux-rockchip_armv8/packages/apk-aarch64_generic/kmod-nf-reject/pre-deinstall" --info "depends:kernel=6.12.45~bfdb4691414eb2d33b0186227f6f0e2d-r1" --files "/workspaces/openwrt-radxa-rock5b-plus/openwrt/build_dir/target-aarch64_generic_musl/linux-rockchip_armv8/packages/ipkg-aarch64_generic/kmod-nf-reject" --output "/workspaces/openwrt-radxa-rock5b-plus/openwrt/bin/targets/rockchip/armv8/packages/kmod-nf-reject-6.12.45-r1.apk" --sign "/workspaces/openwrt-radxa-rock5b-plus/openwrt/private-key.pem"
[ -f /workspaces/openwrt-radxa-rock5b-plus/openwrt/bin/targets/rockchip/armv8/packages/kmod-nf-reject-6.12.45-r1.apk ]
removed '/workspaces/openwrt-radxa-rock5b-plus/openwrt/bin/targets/rockchip/armv8/packages/kmod-nf-reject-6.12.45-r1.apk'
rstrip.sh: /workspaces/openwrt-radxa-rock5b-plus/openwrt/build_dir/target-aarch64_generic_musl/linux-rockchip_armv8/packages/ipkg-aarch64_generic/kmod-nf-reject/lib/modules/6.12.45/nf_reject_ipv4.ko: relocatable
rm -rf /workspaces/openwrt-radxa-rock5b-plus/openwrt/build_dir/target-aarch64_generic_musl/linux-rockchip_armv8/packages/ipkg-aarch64_generic/kmod-nf-reject6
/workspaces/openwrt-radxa-rock5b-plus/openwrt/scripts/ipkg-remove kmod-nf-reject6 /workspaces/openwrt-radxa-rock5b-plus/openwrt/bin/targets/rockchip/armv8/packages/kmod-nf-reject6-6.12.45-r1.apk
mkdir -p /workspaces/openwrt-radxa-rock5b-plus/openwrt/bin/targets/rockchip/armv8/packages /workspaces/openwrt-radxa-rock5b-plus/openwrt/build_dir/target-aarch64_generic_musl/linux-rockchip_armv8/packages/ipkg-aarch64_generic/kmod-nf-reject6 /workspaces/openwrt-radxa-rock5b-plus/openwrt/staging_dir/target-aarch64_generic_musl/pkginfo
for mod in /workspaces/openwrt-radxa-rock5b-plus/openwrt/build_dir/target-aarch64_generic_musl/linux-rockchip_armv8/linux-6.12.45/net/ipv6/netfilter/nf_reject_ipv6.ko; do if grep -q "${mod##/workspaces/openwrt-radxa-rock5b-plus/openwrt/build_dir/target-aarch64_generic_musl/linux-rockchip_armv8/linux-6.12.45/}" "/workspaces/openwrt-radxa-rock5b-plus/openwrt/build_dir/target-aarch64_generic_musl/linux-rockchip_armv8/linux-6.12.45/modules.builtin"; then echo "NOTICE: module '$mod' is built-in."; elif [ -e $mod ]; then mkdir -p /workspaces/openwrt-radxa-rock5b-plus/openwrt/build_dir/target-aarch64_generic_musl/linux-rockchip_armv8/packages/ipkg-aarch64_generic/kmod-nf-reject6/lib/modules/6.12.45 ; cp -fpR -L $mod /workspaces/openwrt-radxa-rock5b-plus/openwrt/build_dir/target-aarch64_generic_musl/linux-rockchip_armv8/packages/ipkg-aarch64_generic/kmod-nf-reject6/lib/modules/6.12.45/ ; else echo "ERROR: module '$mod' is missing." >&2; exit 1; fi; done;
mkdir -p /workspaces/openwrt-radxa-rock5b-plus/openwrt/build_dir/target-aarch64_generic_musl/linux-rockchip_armv8/packages/ipkg-aarch64_generic/kmod-nf-reject6/etc/modules.d; ( echo "nf_reject_ipv6"; ) > /workspaces/openwrt-radxa-rock5b-plus/openwrt/build_dir/target-aarch64_generic_musl/linux-rockchip_armv8/packages/ipkg-aarch64_generic/kmod-nf-reject6/etc/modules.d/nf-reject6; 



find /workspaces/openwrt-radxa-rock5b-plus/openwrt/build_dir/target-aarch64_generic_musl/linux-rockchip_armv8/packages/ipkg-aarch64_generic/kmod-nf-reject6 -name 'CVS' -o -name '.svn' -o -name '.#*' -o -name '*~'| xargs -r rm -rf
( find /workspaces/openwrt-radxa-rock5b-plus/openwrt/build_dir/target-aarch64_generic_musl/linux-rockchip_armv8/packages/ipkg-aarch64_generic/kmod-nf-reject6 -name lib\*.so\* -or -name \*.ko | awk -F/ '{ print $NF }'; for file in ; do if [ -f "$file" ]; then cat $file; fi; done;  ) | sort -u > /workspaces/openwrt-radxa-rock5b-plus/openwrt/staging_dir/target-aarch64_generic_musl/pkginfo/kmod-nf-reject6.provides

( rm -f /workspaces/openwrt-radxa-rock5b-plus/openwrt/staging_dir/target-aarch64_generic_musl/pkginfo/kmod-nf-reject6.missing; ( export READELF=aarch64-openwrt-linux-musl-readelf OBJCOPY=aarch64-openwrt-linux-musl-objcopy XARGS="xargs -r"; /workspaces/openwrt-radxa-rock5b-plus/openwrt/scripts/gen-dependencies.sh "/workspaces/openwrt-radxa-rock5b-plus/openwrt/build_dir/target-aarch64_generic_musl/linux-rockchip_armv8/packages/ipkg-aarch64_generic/kmod-nf-reject6"; ) | while read FILE; do grep -qxF "$FILE" /workspaces/openwrt-radxa-rock5b-plus/openwrt/staging_dir/target-aarch64_generic_musl/pkginfo/kmod-nf-reject6.provides || echo "$FILE" >> /workspaces/openwrt-radxa-rock5b-plus/openwrt/staging_dir/target-aarch64_generic_musl/pkginfo/kmod-nf-reject6.missing; done; if [ -f "/workspaces/openwrt-radxa-rock5b-plus/openwrt/staging_dir/target-aarch64_generic_musl/pkginfo/kmod-nf-reject6.missing" ]; then echo "Package kmod-nf-reject6 is missing dependencies for the following libraries:" >&2; cat "/workspaces/openwrt-radxa-rock5b-plus/openwrt/staging_dir/target-aarch64_generic_musl/pkginfo/kmod-nf-reject6.missing" >&2; false; fi; )
export CROSS="aarch64-openwrt-linux-musl-"  NO_RENAME=1 ; NM="aarch64-openwrt-linux-musl-nm" STRIP="/workspaces/openwrt-radxa-rock5b-plus/openwrt/staging_dir/host/bin/sstrip -z" STRIP_KMOD="/workspaces/openwrt-radxa-rock5b-plus/openwrt/scripts/strip-kmod.sh" PATCHELF="/workspaces/openwrt-radxa-rock5b-plus/openwrt/staging_dir/host/bin/patchelf" /workspaces/openwrt-radxa-rock5b-plus/openwrt/scripts/rstrip.sh /workspaces/openwrt-radxa-rock5b-plus/openwrt/build_dir/target-aarch64_generic_musl/linux-rockchip_armv8/packages/ipkg-aarch64_generic/kmod-nf-reject6
install -d -m0755 /workspaces/openwrt-radxa-rock5b-plus/openwrt/bin/targets/rockchip/armv8/packages/tmp
mkdir -p /workspaces/openwrt-radxa-rock5b-plus/openwrt/build_dir/target-aarch64_generic_musl/linux-rockchip_armv8/packages/apk-aarch64_generic/kmod-nf-reject6/
mkdir -p /workspaces/openwrt-radxa-rock5b-plus/openwrt/build_dir/target-aarch64_generic_musl/linux-rockchip_armv8/packages/ipkg-aarch64_generic/kmod-nf-reject6/lib/apk/packages/
(cd /workspaces/openwrt-radxa-rock5b-plus/openwrt/build_dir/target-aarch64_generic_musl/linux-rockchip_armv8/packages/apk-aarch64_generic/kmod-nf-reject6; )
( echo "#!/bin/sh"; echo "[ \"\${IPKG_NO_SCRIPT}\" = \"1\" ] && exit 0"; echo "[ -s "\${IPKG_INSTROOT}/lib/functions.sh" ] || exit 0"; echo ". \${IPKG_INSTROOT}/lib/functions.sh"; echo 'export root="${IPKG_INSTROOT}"'; echo 'export pkgname="kmod-nf-reject6"'; echo "add_group_and_user"; echo "default_postinst"; [ ! -f /workspaces/openwrt-radxa-rock5b-plus/openwrt/build_dir/target-aarch64_generic_musl/linux-rockchip_armv8/packages/apk-aarch64_generic/kmod-nf-reject6/postinst-pkg ] || sed -z 's/^\s*#!/#!/' "/workspaces/openwrt-radxa-rock5b-plus/openwrt/build_dir/target-aarch64_generic_musl/linux-rockchip_armv8/packages/apk-aarch64_generic/kmod-nf-reject6/postinst-pkg"; ) > /workspaces/openwrt-radxa-rock5b-plus/openwrt/build_dir/target-aarch64_generic_musl/linux-rockchip_armv8/packages/apk-aarch64_generic/kmod-nf-reject6/post-install;
( echo "#!/bin/sh"; echo 'export PKG_UPGRADE=1'; [ ! -f /workspaces/openwrt-radxa-rock5b-plus/openwrt/build_dir/target-aarch64_generic_musl/linux-rockchip_armv8/packages/apk-aarch64_generic/kmod-nf-reject6/post-install ] || sed -z 's/^\s*#!/#!/' "/workspaces/openwrt-radxa-rock5b-plus/openwrt/build_dir/target-aarch64_generic_musl/linux-rockchip_armv8/packages/apk-aarch64_generic/kmod-nf-reject6/post-install"; ) > /workspaces/openwrt-radxa-rock5b-plus/openwrt/build_dir/target-aarch64_generic_musl/linux-rockchip_armv8/packages/apk-aarch64_generic/kmod-nf-reject6/post-upgrade;
( echo "#!/bin/sh"; echo "[ -s "\${IPKG_INSTROOT}/lib/functions.sh" ] || exit 0"; echo ". \${IPKG_INSTROOT}/lib/functions.sh"; echo 'export root="${IPKG_INSTROOT}"'; echo 'export pkgname="kmod-nf-reject6"'; echo "default_prerm"; [ ! -f /workspaces/openwrt-radxa-rock5b-plus/openwrt/build_dir/target-aarch64_generic_musl/linux-rockchip_armv8/packages/apk-aarch64_generic/kmod-nf-reject6/prerm-pkg ] || sed -z 's/^\s*#!/#!/' "/workspaces/openwrt-radxa-rock5b-plus/openwrt/build_dir/target-aarch64_generic_musl/linux-rockchip_armv8/packages/apk-aarch64_generic/kmod-nf-reject6/prerm-pkg"; ) > /workspaces/openwrt-radxa-rock5b-plus/openwrt/build_dir/target-aarch64_generic_musl/linux-rockchip_armv8/packages/apk-aarch64_generic/kmod-nf-reject6/pre-deinstall;
[ ! -f /workspaces/openwrt-radxa-rock5b-plus/openwrt/build_dir/target-aarch64_generic_musl/linux-rockchip_armv8/packages/apk-aarch64_generic/kmod-nf-reject6/postrm ] || sed -zi 's/^\s*#!/#!/' "/workspaces/openwrt-radxa-rock5b-plus/openwrt/build_dir/target-aarch64_generic_musl/linux-rockchip_armv8/packages/apk-aarch64_generic/kmod-nf-reject6/postrm";
if [ -n "" ]; then echo  > /workspaces/openwrt-radxa-rock5b-plus/openwrt/build_dir/target-aarch64_generic_musl/linux-rockchip_armv8/packages/ipkg-aarch64_generic/kmod-nf-reject6/lib/apk/packages/kmod-nf-reject6.rusers; fi;
if [ -n "" ]; then echo  > /workspaces/openwrt-radxa-rock5b-plus/openwrt/build_dir/target-aarch64_generic_musl/linux-rockchip_armv8/packages/ipkg-aarch64_generic/kmod-nf-reject6/lib/apk/packages/kmod-nf-reject6.alternatives; fi;
(cd /workspaces/openwrt-radxa-rock5b-plus/openwrt/build_dir/target-aarch64_generic_musl/linux-rockchip_armv8/packages/ipkg-aarch64_generic/kmod-nf-reject6 && find . -type f,l -printf "/%P\n" | sort > /workspaces/openwrt-radxa-rock5b-plus/openwrt/tmp/kmod-nf-reject6.list && mv /workspaces/openwrt-radxa-rock5b-plus/openwrt/tmp/kmod-nf-reject6.list /workspaces/openwrt-radxa-rock5b-plus/openwrt/build_dir/target-aarch64_generic_musl/linux-rockchip_armv8/packages/ipkg-aarch64_generic/kmod-nf-reject6/lib/apk/packages/kmod-nf-reject6.list)
# Move conffiles to IDIR and build conffiles_static with csums
if [ -f /workspaces/openwrt-radxa-rock5b-plus/openwrt/build_dir/target-aarch64_generic_musl/linux-rockchip_armv8/packages/apk-aarch64_generic/kmod-nf-reject6/conffiles ]; then mv -f /workspaces/openwrt-radxa-rock5b-plus/openwrt/build_dir/target-aarch64_generic_musl/linux-rockchip_armv8/packages/apk-aarch64_generic/kmod-nf-reject6/conffiles /workspaces/openwrt-radxa-rock5b-plus/openwrt/build_dir/target-aarch64_generic_musl/linux-rockchip_armv8/packages/ipkg-aarch64_generic/kmod-nf-reject6/lib/apk/packages/kmod-nf-reject6.conffiles; for file in $(cat /workspaces/openwrt-radxa-rock5b-plus/openwrt/build_dir/target-aarch64_generic_musl/linux-rockchip_armv8/packages/ipkg-aarch64_generic/kmod-nf-reject6/lib/apk/packages/kmod-nf-reject6.conffiles); do [ -f /workspaces/openwrt-radxa-rock5b-plus/openwrt/build_dir/target-aarch64_generic_musl/linux-rockchip_armv8/packages/ipkg-aarch64_generic/kmod-nf-reject6/$file ] || continue; csum=$(/workspaces/openwrt-radxa-rock5b-plus/openwrt/staging_dir/host/bin/mkhash sha256 /workspaces/openwrt-radxa-rock5b-plus/openwrt/build_dir/target-aarch64_generic_musl/linux-rockchip_armv8/packages/ipkg-aarch64_generic/kmod-nf-reject6/$file); echo $file $csum >> /workspaces/openwrt-radxa-rock5b-plus/openwrt/build_dir/target-aarch64_generic_musl/linux-rockchip_armv8/packages/ipkg-aarch64_generic/kmod-nf-reject6/lib/apk/packages/kmod-nf-reject6.conffiles_static; done; fi
# Some package (base-files) manually append stuff to conffiles
# Append stuff from it and delete the CONTROL directory since everything else should be migrated
if [ -f /workspaces/openwrt-radxa-rock5b-plus/openwrt/build_dir/target-aarch64_generic_musl/linux-rockchip_armv8/packages/ipkg-aarch64_generic/kmod-nf-reject6/CONTROL/conffiles ]; then echo $(IDIR_kmod-nf-reject6)/CONTROL/conffiles >> /workspaces/openwrt-radxa-rock5b-plus/openwrt/build_dir/target-aarch64_generic_musl/linux-rockchip_armv8/packages/ipkg-aarch64_generic/kmod-nf-reject6/lib/apk/packages/kmod-nf-reject6.conffiles; for file in $(cat /workspaces/openwrt-radxa-rock5b-plus/openwrt/build_dir/target-aarch64_generic_musl/linux-rockchip_armv8/packages/ipkg-aarch64_generic/kmod-nf-reject6/CONTROL/conffiles); do [ -f /workspaces/openwrt-radxa-rock5b-plus/openwrt/build_dir/target-aarch64_generic_musl/linux-rockchip_armv8/packages/ipkg-aarch64_generic/kmod-nf-reject6/$file ] || continue; csum=$(/workspaces/openwrt-radxa-rock5b-plus/openwrt/staging_dir/host/bin/mkhash sha256 /workspaces/openwrt-radxa-rock5b-plus/openwrt/build_dir/target-aarch64_generic_musl/linux-rockchip_armv8/packages/ipkg-aarch64_generic/kmod-nf-reject6/$file); echo $file $csum >> /workspaces/openwrt-radxa-rock5b-plus/openwrt/build_dir/target-aarch64_generic_musl/linux-rockchip_armv8/packages/ipkg-aarch64_generic/kmod-nf-reject6/lib/apk/packages/kmod-nf-reject6.conffiles_static; done; rm -rf /workspaces/openwrt-radxa-rock5b-plus/openwrt/build_dir/target-aarch64_generic_musl/linux-rockchip_armv8/packages/ipkg-aarch64_generic/kmod-nf-reject6/CONTROL/conffiles; fi
if [ -z "$(ls -A /workspaces/openwrt-radxa-rock5b-plus/openwrt/build_dir/target-aarch64_generic_musl/linux-rockchip_armv8/packages/ipkg-aarch64_generic/kmod-nf-reject6/CONTROL 2>/dev/null)" ]; then rm -rf /workspaces/openwrt-radxa-rock5b-plus/openwrt/build_dir/target-aarch64_generic_musl/linux-rockchip_armv8/packages/ipkg-aarch64_generic/kmod-nf-reject6/CONTROL; else echo "CONTROL directory /workspaces/openwrt-radxa-rock5b-plus/openwrt/build_dir/target-aarch64_generic_musl/linux-rockchip_armv8/packages/ipkg-aarch64_generic/kmod-nf-reject6/CONTROL is not empty! This is not right and should be checked!" >&2; exit 1; fi
/workspaces/openwrt-radxa-rock5b-plus/openwrt/staging_dir/host/bin/fakeroot /workspaces/openwrt-radxa-rock5b-plus/openwrt/staging_dir/host/bin/apk mkpkg --info "name:kmod-nf-reject6" --info "version:6.12.45-r1"  --info "description:Netfilter IPv6 reject support" --info "arch:aarch64_generic" --info "license:GPL-2.0-only" --info "origin:feeds/base/kernel/linux" --info "url:" --info "maintainer:" --info "provides:"  --script "post-install:/workspaces/openwrt-radxa-rock5b-plus/openwrt/build_dir/target-aarch64_generic_musl/linux-rockchip_armv8/packages/apk-aarch64_generic/kmod-nf-reject6/post-install" --script "post-upgrade:/workspaces/openwrt-radxa-rock5b-plus/openwrt/build_dir/target-aarch64_generic_musl/linux-rockchip_armv8/packages/apk-aarch64_generic/kmod-nf-reject6/post-upgrade" --script "pre-deinstall:/workspaces/openwrt-radxa-rock5b-plus/openwrt/build_dir/target-aarch64_generic_musl/linux-rockchip_armv8/packages/apk-aarch64_generic/kmod-nf-reject6/pre-deinstall" --info "depends:kernel=6.12.45~bfdb4691414eb2d33b0186227f6f0e2d-r1" --files "/workspaces/openwrt-radxa-rock5b-plus/openwrt/build_dir/target-aarch64_generic_musl/linux-rockchip_armv8/packages/ipkg-aarch64_generic/kmod-nf-reject6" --output "/workspaces/openwrt-radxa-rock5b-plus/openwrt/bin/targets/rockchip/armv8/packages/kmod-nf-reject6-6.12.45-r1.apk" --sign "/workspaces/openwrt-radxa-rock5b-plus/openwrt/private-key.pem"
[ -f /workspaces/openwrt-radxa-rock5b-plus/openwrt/bin/targets/rockchip/armv8/packages/kmod-nf-reject6-6.12.45-r1.apk ]
removed '/workspaces/openwrt-radxa-rock5b-plus/openwrt/bin/targets/rockchip/armv8/packages/kmod-nf-reject6-6.12.45-r1.apk'
rstrip.sh: /workspaces/openwrt-radxa-rock5b-plus/openwrt/build_dir/target-aarch64_generic_musl/linux-rockchip_armv8/packages/ipkg-aarch64_generic/kmod-nf-reject6/lib/modules/6.12.45/nf_reject_ipv6.ko: relocatable
rm -rf /workspaces/openwrt-radxa-rock5b-plus/openwrt/build_dir/target-aarch64_generic_musl/linux-rockchip_armv8/packages/ipkg-aarch64_generic/kmod-nf-conntrack
/workspaces/openwrt-radxa-rock5b-plus/openwrt/scripts/ipkg-remove kmod-nf-conntrack /workspaces/openwrt-radxa-rock5b-plus/openwrt/bin/targets/rockchip/armv8/packages/kmod-nf-conntrack-6.12.45-r1.apk /workspaces/openwrt-radxa-rock5b-plus/openwrt/bin/targets/rockchip/armv8/packages/kmod-nf-conntrack6-6.12.45-r1.apk
mkdir -p /workspaces/openwrt-radxa-rock5b-plus/openwrt/bin/targets/rockchip/armv8/packages /workspaces/openwrt-radxa-rock5b-plus/openwrt/build_dir/target-aarch64_generic_musl/linux-rockchip_armv8/packages/ipkg-aarch64_generic/kmod-nf-conntrack /workspaces/openwrt-radxa-rock5b-plus/openwrt/staging_dir/target-aarch64_generic_musl/pkginfo
for mod in /workspaces/openwrt-radxa-rock5b-plus/openwrt/build_dir/target-aarch64_generic_musl/linux-rockchip_armv8/linux-6.12.45/net/netfilter/nf_conntrack.ko /workspaces/openwrt-radxa-rock5b-plus/openwrt/build_dir/target-aarch64_generic_musl/linux-rockchip_armv8/linux-6.12.45/net/ipv4/netfilter/nf_defrag_ipv4.ko /workspaces/openwrt-radxa-rock5b-plus/openwrt/build_dir/target-aarch64_generic_musl/linux-rockchip_armv8/linux-6.12.45/net/ipv6/netfilter/nf_defrag_ipv6.ko; do if grep -q "${mod##/workspaces/openwrt-radxa-rock5b-plus/openwrt/build_dir/target-aarch64_generic_musl/linux-rockchip_armv8/linux-6.12.45/}" "/workspaces/openwrt-radxa-rock5b-plus/openwrt/build_dir/target-aarch64_generic_musl/linux-rockchip_armv8/linux-6.12.45/modules.builtin"; then echo "NOTICE: module '$mod' is built-in."; elif [ -e $mod ]; then mkdir -p /workspaces/openwrt-radxa-rock5b-plus/openwrt/build_dir/target-aarch64_generic_musl/linux-rockchip_armv8/packages/ipkg-aarch64_generic/kmod-nf-conntrack/lib/modules/6.12.45 ; cp -fpR -L $mod /workspaces/openwrt-radxa-rock5b-plus/openwrt/build_dir/target-aarch64_generic_musl/linux-rockchip_armv8/packages/ipkg-aarch64_generic/kmod-nf-conntrack/lib/modules/6.12.45/ ; else echo "ERROR: module '$mod' is missing." >&2; exit 1; fi; done;
mkdir -p /workspaces/openwrt-radxa-rock5b-plus/openwrt/build_dir/target-aarch64_generic_musl/linux-rockchip_armv8/packages/ipkg-aarch64_generic/kmod-nf-conntrack/etc/modules.d; ( echo "nf_conntrack";   echo "nf_defrag_ipv4";   echo "nf_defrag_ipv6"; ) > /workspaces/openwrt-radxa-rock5b-plus/openwrt/build_dir/target-aarch64_generic_musl/linux-rockchip_armv8/packages/ipkg-aarch64_generic/kmod-nf-conntrack/etc/modules.d/nf-conntrack; 
install -d -m0755 /workspaces/openwrt-radxa-rock5b-plus/openwrt/build_dir/target-aarch64_generic_musl/linux-rockchip_armv8/packages/ipkg-aarch64_generic/kmod-nf-conntrack/etc/sysctl.d
install -m0644 ./files/sysctl-nf-conntrack.conf /workspaces/openwrt-radxa-rock5b-plus/openwrt/build_dir/target-aarch64_generic_musl/linux-rockchip_armv8/packages/ipkg-aarch64_generic/kmod-nf-conntrack/etc/sysctl.d/11-nf-conntrack.conf


find /workspaces/openwrt-radxa-rock5b-plus/openwrt/build_dir/target-aarch64_generic_musl/linux-rockchip_armv8/packages/ipkg-aarch64_generic/kmod-nf-conntrack -name 'CVS' -o -name '.svn' -o -name '.#*' -o -name '*~'| xargs -r rm -rf
( find /workspaces/openwrt-radxa-rock5b-plus/openwrt/build_dir/target-aarch64_generic_musl/linux-rockchip_armv8/packages/ipkg-aarch64_generic/kmod-nf-conntrack -name lib\*.so\* -or -name \*.ko | awk -F/ '{ print $NF }'; for file in ; do if [ -f "$file" ]; then cat $file; fi; done;  ) | sort -u > /workspaces/openwrt-radxa-rock5b-plus/openwrt/staging_dir/target-aarch64_generic_musl/pkginfo/kmod-nf-conntrack.provides

( rm -f /workspaces/openwrt-radxa-rock5b-plus/openwrt/staging_dir/target-aarch64_generic_musl/pkginfo/kmod-nf-conntrack.missing; ( export READELF=aarch64-openwrt-linux-musl-readelf OBJCOPY=aarch64-openwrt-linux-musl-objcopy XARGS="xargs -r"; /workspaces/openwrt-radxa-rock5b-plus/openwrt/scripts/gen-dependencies.sh "/workspaces/openwrt-radxa-rock5b-plus/openwrt/build_dir/target-aarch64_generic_musl/linux-rockchip_armv8/packages/ipkg-aarch64_generic/kmod-nf-conntrack"; ) | while read FILE; do grep -qxF "$FILE" /workspaces/openwrt-radxa-rock5b-plus/openwrt/staging_dir/target-aarch64_generic_musl/pkginfo/kmod-nf-conntrack.provides || echo "$FILE" >> /workspaces/openwrt-radxa-rock5b-plus/openwrt/staging_dir/target-aarch64_generic_musl/pkginfo/kmod-nf-conntrack.missing; done; if [ -f "/workspaces/openwrt-radxa-rock5b-plus/openwrt/staging_dir/target-aarch64_generic_musl/pkginfo/kmod-nf-conntrack.missing" ]; then echo "Package kmod-nf-conntrack is missing dependencies for the following libraries:" >&2; cat "/workspaces/openwrt-radxa-rock5b-plus/openwrt/staging_dir/target-aarch64_generic_musl/pkginfo/kmod-nf-conntrack.missing" >&2; false; fi; )
export CROSS="aarch64-openwrt-linux-musl-"  NO_RENAME=1 ; NM="aarch64-openwrt-linux-musl-nm" STRIP="/workspaces/openwrt-radxa-rock5b-plus/openwrt/staging_dir/host/bin/sstrip -z" STRIP_KMOD="/workspaces/openwrt-radxa-rock5b-plus/openwrt/scripts/strip-kmod.sh" PATCHELF="/workspaces/openwrt-radxa-rock5b-plus/openwrt/staging_dir/host/bin/patchelf" /workspaces/openwrt-radxa-rock5b-plus/openwrt/scripts/rstrip.sh /workspaces/openwrt-radxa-rock5b-plus/openwrt/build_dir/target-aarch64_generic_musl/linux-rockchip_armv8/packages/ipkg-aarch64_generic/kmod-nf-conntrack
install -d -m0755 /workspaces/openwrt-radxa-rock5b-plus/openwrt/bin/targets/rockchip/armv8/packages/tmp
mkdir -p /workspaces/openwrt-radxa-rock5b-plus/openwrt/build_dir/target-aarch64_generic_musl/linux-rockchip_armv8/packages/apk-aarch64_generic/kmod-nf-conntrack/
mkdir -p /workspaces/openwrt-radxa-rock5b-plus/openwrt/build_dir/target-aarch64_generic_musl/linux-rockchip_armv8/packages/ipkg-aarch64_generic/kmod-nf-conntrack/lib/apk/packages/
(cd /workspaces/openwrt-radxa-rock5b-plus/openwrt/build_dir/target-aarch64_generic_musl/linux-rockchip_armv8/packages/apk-aarch64_generic/kmod-nf-conntrack; )
( echo "#!/bin/sh"; echo "[ \"\${IPKG_NO_SCRIPT}\" = \"1\" ] && exit 0"; echo "[ -s "\${IPKG_INSTROOT}/lib/functions.sh" ] || exit 0"; echo ". \${IPKG_INSTROOT}/lib/functions.sh"; echo 'export root="${IPKG_INSTROOT}"'; echo 'export pkgname="kmod-nf-conntrack"'; echo "add_group_and_user"; echo "default_postinst"; [ ! -f /workspaces/openwrt-radxa-rock5b-plus/openwrt/build_dir/target-aarch64_generic_musl/linux-rockchip_armv8/packages/apk-aarch64_generic/kmod-nf-conntrack/postinst-pkg ] || sed -z 's/^\s*#!/#!/' "/workspaces/openwrt-radxa-rock5b-plus/openwrt/build_dir/target-aarch64_generic_musl/linux-rockchip_armv8/packages/apk-aarch64_generic/kmod-nf-conntrack/postinst-pkg"; ) > /workspaces/openwrt-radxa-rock5b-plus/openwrt/build_dir/target-aarch64_generic_musl/linux-rockchip_armv8/packages/apk-aarch64_generic/kmod-nf-conntrack/post-install;
( echo "#!/bin/sh"; echo 'export PKG_UPGRADE=1'; [ ! -f /workspaces/openwrt-radxa-rock5b-plus/openwrt/build_dir/target-aarch64_generic_musl/linux-rockchip_armv8/packages/apk-aarch64_generic/kmod-nf-conntrack/post-install ] || sed -z 's/^\s*#!/#!/' "/workspaces/openwrt-radxa-rock5b-plus/openwrt/build_dir/target-aarch64_generic_musl/linux-rockchip_armv8/packages/apk-aarch64_generic/kmod-nf-conntrack/post-install"; ) > /workspaces/openwrt-radxa-rock5b-plus/openwrt/build_dir/target-aarch64_generic_musl/linux-rockchip_armv8/packages/apk-aarch64_generic/kmod-nf-conntrack/post-upgrade;
( echo "#!/bin/sh"; echo "[ -s "\${IPKG_INSTROOT}/lib/functions.sh" ] || exit 0"; echo ". \${IPKG_INSTROOT}/lib/functions.sh"; echo 'export root="${IPKG_INSTROOT}"'; echo 'export pkgname="kmod-nf-conntrack"'; echo "default_prerm"; [ ! -f /workspaces/openwrt-radxa-rock5b-plus/openwrt/build_dir/target-aarch64_generic_musl/linux-rockchip_armv8/packages/apk-aarch64_generic/kmod-nf-conntrack/prerm-pkg ] || sed -z 's/^\s*#!/#!/' "/workspaces/openwrt-radxa-rock5b-plus/openwrt/build_dir/target-aarch64_generic_musl/linux-rockchip_armv8/packages/apk-aarch64_generic/kmod-nf-conntrack/prerm-pkg"; ) > /workspaces/openwrt-radxa-rock5b-plus/openwrt/build_dir/target-aarch64_generic_musl/linux-rockchip_armv8/packages/apk-aarch64_generic/kmod-nf-conntrack/pre-deinstall;
[ ! -f /workspaces/openwrt-radxa-rock5b-plus/openwrt/build_dir/target-aarch64_generic_musl/linux-rockchip_armv8/packages/apk-aarch64_generic/kmod-nf-conntrack/postrm ] || sed -zi 's/^\s*#!/#!/' "/workspaces/openwrt-radxa-rock5b-plus/openwrt/build_dir/target-aarch64_generic_musl/linux-rockchip_armv8/packages/apk-aarch64_generic/kmod-nf-conntrack/postrm";
if [ -n "" ]; then echo  > /workspaces/openwrt-radxa-rock5b-plus/openwrt/build_dir/target-aarch64_generic_musl/linux-rockchip_armv8/packages/ipkg-aarch64_generic/kmod-nf-conntrack/lib/apk/packages/kmod-nf-conntrack.rusers; fi;
if [ -n "" ]; then echo  > /workspaces/openwrt-radxa-rock5b-plus/openwrt/build_dir/target-aarch64_generic_musl/linux-rockchip_armv8/packages/ipkg-aarch64_generic/kmod-nf-conntrack/lib/apk/packages/kmod-nf-conntrack.alternatives; fi;
(cd /workspaces/openwrt-radxa-rock5b-plus/openwrt/build_dir/target-aarch64_generic_musl/linux-rockchip_armv8/packages/ipkg-aarch64_generic/kmod-nf-conntrack && find . -type f,l -printf "/%P\n" | sort > /workspaces/openwrt-radxa-rock5b-plus/openwrt/tmp/kmod-nf-conntrack.list && mv /workspaces/openwrt-radxa-rock5b-plus/openwrt/tmp/kmod-nf-conntrack.list /workspaces/openwrt-radxa-rock5b-plus/openwrt/build_dir/target-aarch64_generic_musl/linux-rockchip_armv8/packages/ipkg-aarch64_generic/kmod-nf-conntrack/lib/apk/packages/kmod-nf-conntrack.list)
# Move conffiles to IDIR and build conffiles_static with csums
if [ -f /workspaces/openwrt-radxa-rock5b-plus/openwrt/build_dir/target-aarch64_generic_musl/linux-rockchip_armv8/packages/apk-aarch64_generic/kmod-nf-conntrack/conffiles ]; then mv -f /workspaces/openwrt-radxa-rock5b-plus/openwrt/build_dir/target-aarch64_generic_musl/linux-rockchip_armv8/packages/apk-aarch64_generic/kmod-nf-conntrack/conffiles /workspaces/openwrt-radxa-rock5b-plus/openwrt/build_dir/target-aarch64_generic_musl/linux-rockchip_armv8/packages/ipkg-aarch64_generic/kmod-nf-conntrack/lib/apk/packages/kmod-nf-conntrack.conffiles; for file in $(cat /workspaces/openwrt-radxa-rock5b-plus/openwrt/build_dir/target-aarch64_generic_musl/linux-rockchip_armv8/packages/ipkg-aarch64_generic/kmod-nf-conntrack/lib/apk/packages/kmod-nf-conntrack.conffiles); do [ -f /workspaces/openwrt-radxa-rock5b-plus/openwrt/build_dir/target-aarch64_generic_musl/linux-rockchip_armv8/packages/ipkg-aarch64_generic/kmod-nf-conntrack/$file ] || continue; csum=$(/workspaces/openwrt-radxa-rock5b-plus/openwrt/staging_dir/host/bin/mkhash sha256 /workspaces/openwrt-radxa-rock5b-plus/openwrt/build_dir/target-aarch64_generic_musl/linux-rockchip_armv8/packages/ipkg-aarch64_generic/kmod-nf-conntrack/$file); echo $file $csum >> /workspaces/openwrt-radxa-rock5b-plus/openwrt/build_dir/target-aarch64_generic_musl/linux-rockchip_armv8/packages/ipkg-aarch64_generic/kmod-nf-conntrack/lib/apk/packages/kmod-nf-conntrack.conffiles_static; done; fi
# Some package (base-files) manually append stuff to conffiles
# Append stuff from it and delete the CONTROL directory since everything else should be migrated
if [ -f /workspaces/openwrt-radxa-rock5b-plus/openwrt/build_dir/target-aarch64_generic_musl/linux-rockchip_armv8/packages/ipkg-aarch64_generic/kmod-nf-conntrack/CONTROL/conffiles ]; then echo $(IDIR_kmod-nf-conntrack)/CONTROL/conffiles >> /workspaces/openwrt-radxa-rock5b-plus/openwrt/build_dir/target-aarch64_generic_musl/linux-rockchip_armv8/packages/ipkg-aarch64_generic/kmod-nf-conntrack/lib/apk/packages/kmod-nf-conntrack.conffiles; for file in $(cat /workspaces/openwrt-radxa-rock5b-plus/openwrt/build_dir/target-aarch64_generic_musl/linux-rockchip_armv8/packages/ipkg-aarch64_generic/kmod-nf-conntrack/CONTROL/conffiles); do [ -f /workspaces/openwrt-radxa-rock5b-plus/openwrt/build_dir/target-aarch64_generic_musl/linux-rockchip_armv8/packages/ipkg-aarch64_generic/kmod-nf-conntrack/$file ] || continue; csum=$(/workspaces/openwrt-radxa-rock5b-plus/openwrt/staging_dir/host/bin/mkhash sha256 /workspaces/openwrt-radxa-rock5b-plus/openwrt/build_dir/target-aarch64_generic_musl/linux-rockchip_armv8/packages/ipkg-aarch64_generic/kmod-nf-conntrack/$file); echo $file $csum >> /workspaces/openwrt-radxa-rock5b-plus/openwrt/build_dir/target-aarch64_generic_musl/linux-rockchip_armv8/packages/ipkg-aarch64_generic/kmod-nf-conntrack/lib/apk/packages/kmod-nf-conntrack.conffiles_static; done; rm -rf /workspaces/openwrt-radxa-rock5b-plus/openwrt/build_dir/target-aarch64_generic_musl/linux-rockchip_armv8/packages/ipkg-aarch64_generic/kmod-nf-conntrack/CONTROL/conffiles; fi
if [ -z "$(ls -A /workspaces/openwrt-radxa-rock5b-plus/openwrt/build_dir/target-aarch64_generic_musl/linux-rockchip_armv8/packages/ipkg-aarch64_generic/kmod-nf-conntrack/CONTROL 2>/dev/null)" ]; then rm -rf /workspaces/openwrt-radxa-rock5b-plus/openwrt/build_dir/target-aarch64_generic_musl/linux-rockchip_armv8/packages/ipkg-aarch64_generic/kmod-nf-conntrack/CONTROL; else echo "CONTROL directory /workspaces/openwrt-radxa-rock5b-plus/openwrt/build_dir/target-aarch64_generic_musl/linux-rockchip_armv8/packages/ipkg-aarch64_generic/kmod-nf-conntrack/CONTROL is not empty! This is not right and should be checked!" >&2; exit 1; fi
/workspaces/openwrt-radxa-rock5b-plus/openwrt/staging_dir/host/bin/fakeroot /workspaces/openwrt-radxa-rock5b-plus/openwrt/staging_dir/host/bin/apk mkpkg --info "name:kmod-nf-conntrack" --info "version:6.12.45-r1"  --info "description:Netfilter connection tracking" --info "arch:aarch64_generic" --info "license:GPL-2.0-only" --info "origin:feeds/base/kernel/linux" --info "url:" --info "maintainer:" --info "provides:"  --script "post-install:/workspaces/openwrt-radxa-rock5b-plus/openwrt/build_dir/target-aarch64_generic_musl/linux-rockchip_armv8/packages/apk-aarch64_generic/kmod-nf-conntrack/post-install" --script "post-upgrade:/workspaces/openwrt-radxa-rock5b-plus/openwrt/build_dir/target-aarch64_generic_musl/linux-rockchip_armv8/packages/apk-aarch64_generic/kmod-nf-conntrack/post-upgrade" --script "pre-deinstall:/workspaces/openwrt-radxa-rock5b-plus/openwrt/build_dir/target-aarch64_generic_musl/linux-rockchip_armv8/packages/apk-aarch64_generic/kmod-nf-conntrack/pre-deinstall" --info "depends:kernel=6.12.45~bfdb4691414eb2d33b0186227f6f0e2d-r1" --files "/workspaces/openwrt-radxa-rock5b-plus/openwrt/build_dir/target-aarch64_generic_musl/linux-rockchip_armv8/packages/ipkg-aarch64_generic/kmod-nf-conntrack" --output "/workspaces/openwrt-radxa-rock5b-plus/openwrt/bin/targets/rockchip/armv8/packages/kmod-nf-conntrack-6.12.45-r1.apk" --sign "/workspaces/openwrt-radxa-rock5b-plus/openwrt/private-key.pem"
[ -f /workspaces/openwrt-radxa-rock5b-plus/openwrt/bin/targets/rockchip/armv8/packages/kmod-nf-conntrack-6.12.45-r1.apk ]
removed '/workspaces/openwrt-radxa-rock5b-plus/openwrt/bin/targets/rockchip/armv8/packages/kmod-nf-conntrack-6.12.45-r1.apk'
rstrip.sh: /workspaces/openwrt-radxa-rock5b-plus/openwrt/build_dir/target-aarch64_generic_musl/linux-rockchip_armv8/packages/ipkg-aarch64_generic/kmod-nf-conntrack/lib/modules/6.12.45/nf_defrag_ipv4.ko: relocatable
rstrip.sh: /workspaces/openwrt-radxa-rock5b-plus/openwrt/build_dir/target-aarch64_generic_musl/linux-rockchip_armv8/packages/ipkg-aarch64_generic/kmod-nf-conntrack/lib/modules/6.12.45/nf_defrag_ipv6.ko: relocatable
rstrip.sh: /workspaces/openwrt-radxa-rock5b-plus/openwrt/build_dir/target-aarch64_generic_musl/linux-rockchip_armv8/packages/ipkg-aarch64_generic/kmod-nf-conntrack/lib/modules/6.12.45/nf_conntrack.ko: relocatable
rm -rf /workspaces/openwrt-radxa-rock5b-plus/openwrt/build_dir/target-aarch64_generic_musl/linux-rockchip_armv8/packages/ipkg-aarch64_generic/kmod-nf-conntrack6
/workspaces/openwrt-radxa-rock5b-plus/openwrt/scripts/ipkg-remove kmod-nf-conntrack6 /workspaces/openwrt-radxa-rock5b-plus/openwrt/bin/targets/rockchip/armv8/packages/kmod-nf-conntrack6-6.12.45-r1.apk
mkdir -p /workspaces/openwrt-radxa-rock5b-plus/openwrt/bin/targets/rockchip/armv8/packages /workspaces/openwrt-radxa-rock5b-plus/openwrt/build_dir/target-aarch64_generic_musl/linux-rockchip_armv8/packages/ipkg-aarch64_generic/kmod-nf-conntrack6 /workspaces/openwrt-radxa-rock5b-plus/openwrt/staging_dir/target-aarch64_generic_musl/pkginfo
for mod in ; do if grep -q "${mod##/workspaces/openwrt-radxa-rock5b-plus/openwrt/build_dir/target-aarch64_generic_musl/linux-rockchip_armv8/linux-6.12.45/}" "/workspaces/openwrt-radxa-rock5b-plus/openwrt/build_dir/target-aarch64_generic_musl/linux-rockchip_armv8/linux-6.12.45/modules.builtin"; then echo "NOTICE: module '$mod' is built-in."; elif [ -e $mod ]; then mkdir -p /workspaces/openwrt-radxa-rock5b-plus/openwrt/build_dir/target-aarch64_generic_musl/linux-rockchip_armv8/packages/ipkg-aarch64_generic/kmod-nf-conntrack6/lib/modules/6.12.45 ; cp -fpR -L $mod /workspaces/openwrt-radxa-rock5b-plus/openwrt/build_dir/target-aarch64_generic_musl/linux-rockchip_armv8/packages/ipkg-aarch64_generic/kmod-nf-conntrack6/lib/modules/6.12.45/ ; else echo "ERROR: module '$mod' is missing." >&2; exit 1; fi; done;




find /workspaces/openwrt-radxa-rock5b-plus/openwrt/build_dir/target-aarch64_generic_musl/linux-rockchip_armv8/packages/ipkg-aarch64_generic/kmod-nf-conntrack6 -name 'CVS' -o -name '.svn' -o -name '.#*' -o -name '*~'| xargs -r rm -rf
( find /workspaces/openwrt-radxa-rock5b-plus/openwrt/build_dir/target-aarch64_generic_musl/linux-rockchip_armv8/packages/ipkg-aarch64_generic/kmod-nf-conntrack6 -name lib\*.so\* -or -name \*.ko | awk -F/ '{ print $NF }'; for file in /workspaces/openwrt-radxa-rock5b-plus/openwrt/staging_dir/target-aarch64_generic_musl/pkginfo/kmod-nf-conntrack.provides; do if [ -f "$file" ]; then cat $file; fi; done;  ) | sort -u > /workspaces/openwrt-radxa-rock5b-plus/openwrt/staging_dir/target-aarch64_generic_musl/pkginfo/kmod-nf-conntrack6.provides

( rm -f /workspaces/openwrt-radxa-rock5b-plus/openwrt/staging_dir/target-aarch64_generic_musl/pkginfo/kmod-nf-conntrack6.missing; ( export READELF=aarch64-openwrt-linux-musl-readelf OBJCOPY=aarch64-openwrt-linux-musl-objcopy XARGS="xargs -r"; /workspaces/openwrt-radxa-rock5b-plus/openwrt/scripts/gen-dependencies.sh "/workspaces/openwrt-radxa-rock5b-plus/openwrt/build_dir/target-aarch64_generic_musl/linux-rockchip_armv8/packages/ipkg-aarch64_generic/kmod-nf-conntrack6"; ) | while read FILE; do grep -qxF "$FILE" /workspaces/openwrt-radxa-rock5b-plus/openwrt/staging_dir/target-aarch64_generic_musl/pkginfo/kmod-nf-conntrack6.provides || echo "$FILE" >> /workspaces/openwrt-radxa-rock5b-plus/openwrt/staging_dir/target-aarch64_generic_musl/pkginfo/kmod-nf-conntrack6.missing; done; if [ -f "/workspaces/openwrt-radxa-rock5b-plus/openwrt/staging_dir/target-aarch64_generic_musl/pkginfo/kmod-nf-conntrack6.missing" ]; then echo "Package kmod-nf-conntrack6 is missing dependencies for the following libraries:" >&2; cat "/workspaces/openwrt-radxa-rock5b-plus/openwrt/staging_dir/target-aarch64_generic_musl/pkginfo/kmod-nf-conntrack6.missing" >&2; false; fi; )
export CROSS="aarch64-openwrt-linux-musl-"  NO_RENAME=1 ; NM="aarch64-openwrt-linux-musl-nm" STRIP="/workspaces/openwrt-radxa-rock5b-plus/openwrt/staging_dir/host/bin/sstrip -z" STRIP_KMOD="/workspaces/openwrt-radxa-rock5b-plus/openwrt/scripts/strip-kmod.sh" PATCHELF="/workspaces/openwrt-radxa-rock5b-plus/openwrt/staging_dir/host/bin/patchelf" /workspaces/openwrt-radxa-rock5b-plus/openwrt/scripts/rstrip.sh /workspaces/openwrt-radxa-rock5b-plus/openwrt/build_dir/target-aarch64_generic_musl/linux-rockchip_armv8/packages/ipkg-aarch64_generic/kmod-nf-conntrack6
install -d -m0755 /workspaces/openwrt-radxa-rock5b-plus/openwrt/bin/targets/rockchip/armv8/packages/tmp
mkdir -p /workspaces/openwrt-radxa-rock5b-plus/openwrt/build_dir/target-aarch64_generic_musl/linux-rockchip_armv8/packages/apk-aarch64_generic/kmod-nf-conntrack6/
mkdir -p /workspaces/openwrt-radxa-rock5b-plus/openwrt/build_dir/target-aarch64_generic_musl/linux-rockchip_armv8/packages/ipkg-aarch64_generic/kmod-nf-conntrack6/lib/apk/packages/
(cd /workspaces/openwrt-radxa-rock5b-plus/openwrt/build_dir/target-aarch64_generic_musl/linux-rockchip_armv8/packages/apk-aarch64_generic/kmod-nf-conntrack6; )
( echo "#!/bin/sh"; echo "[ \"\${IPKG_NO_SCRIPT}\" = \"1\" ] && exit 0"; echo "[ -s "\${IPKG_INSTROOT}/lib/functions.sh" ] || exit 0"; echo ". \${IPKG_INSTROOT}/lib/functions.sh"; echo 'export root="${IPKG_INSTROOT}"'; echo 'export pkgname="kmod-nf-conntrack6"'; echo "add_group_and_user"; echo "default_postinst"; [ ! -f /workspaces/openwrt-radxa-rock5b-plus/openwrt/build_dir/target-aarch64_generic_musl/linux-rockchip_armv8/packages/apk-aarch64_generic/kmod-nf-conntrack6/postinst-pkg ] || sed -z 's/^\s*#!/#!/' "/workspaces/openwrt-radxa-rock5b-plus/openwrt/build_dir/target-aarch64_generic_musl/linux-rockchip_armv8/packages/apk-aarch64_generic/kmod-nf-conntrack6/postinst-pkg"; ) > /workspaces/openwrt-radxa-rock5b-plus/openwrt/build_dir/target-aarch64_generic_musl/linux-rockchip_armv8/packages/apk-aarch64_generic/kmod-nf-conntrack6/post-install;
( echo "#!/bin/sh"; echo 'export PKG_UPGRADE=1'; [ ! -f /workspaces/openwrt-radxa-rock5b-plus/openwrt/build_dir/target-aarch64_generic_musl/linux-rockchip_armv8/packages/apk-aarch64_generic/kmod-nf-conntrack6/post-install ] || sed -z 's/^\s*#!/#!/' "/workspaces/openwrt-radxa-rock5b-plus/openwrt/build_dir/target-aarch64_generic_musl/linux-rockchip_armv8/packages/apk-aarch64_generic/kmod-nf-conntrack6/post-install"; ) > /workspaces/openwrt-radxa-rock5b-plus/openwrt/build_dir/target-aarch64_generic_musl/linux-rockchip_armv8/packages/apk-aarch64_generic/kmod-nf-conntrack6/post-upgrade;
( echo "#!/bin/sh"; echo "[ -s "\${IPKG_INSTROOT}/lib/functions.sh" ] || exit 0"; echo ". \${IPKG_INSTROOT}/lib/functions.sh"; echo 'export root="${IPKG_INSTROOT}"'; echo 'export pkgname="kmod-nf-conntrack6"'; echo "default_prerm"; [ ! -f /workspaces/openwrt-radxa-rock5b-plus/openwrt/build_dir/target-aarch64_generic_musl/linux-rockchip_armv8/packages/apk-aarch64_generic/kmod-nf-conntrack6/prerm-pkg ] || sed -z 's/^\s*#!/#!/' "/workspaces/openwrt-radxa-rock5b-plus/openwrt/build_dir/target-aarch64_generic_musl/linux-rockchip_armv8/packages/apk-aarch64_generic/kmod-nf-conntrack6/prerm-pkg"; ) > /workspaces/openwrt-radxa-rock5b-plus/openwrt/build_dir/target-aarch64_generic_musl/linux-rockchip_armv8/packages/apk-aarch64_generic/kmod-nf-conntrack6/pre-deinstall;
[ ! -f /workspaces/openwrt-radxa-rock5b-plus/openwrt/build_dir/target-aarch64_generic_musl/linux-rockchip_armv8/packages/apk-aarch64_generic/kmod-nf-conntrack6/postrm ] || sed -zi 's/^\s*#!/#!/' "/workspaces/openwrt-radxa-rock5b-plus/openwrt/build_dir/target-aarch64_generic_musl/linux-rockchip_armv8/packages/apk-aarch64_generic/kmod-nf-conntrack6/postrm";
if [ -n "" ]; then echo  > /workspaces/openwrt-radxa-rock5b-plus/openwrt/build_dir/target-aarch64_generic_musl/linux-rockchip_armv8/packages/ipkg-aarch64_generic/kmod-nf-conntrack6/lib/apk/packages/kmod-nf-conntrack6.rusers; fi;
if [ -n "" ]; then echo  > /workspaces/openwrt-radxa-rock5b-plus/openwrt/build_dir/target-aarch64_generic_musl/linux-rockchip_armv8/packages/ipkg-aarch64_generic/kmod-nf-conntrack6/lib/apk/packages/kmod-nf-conntrack6.alternatives; fi;
(cd /workspaces/openwrt-radxa-rock5b-plus/openwrt/build_dir/target-aarch64_generic_musl/linux-rockchip_armv8/packages/ipkg-aarch64_generic/kmod-nf-conntrack6 && find . -type f,l -printf "/%P\n" | sort > /workspaces/openwrt-radxa-rock5b-plus/openwrt/tmp/kmod-nf-conntrack6.list && mv /workspaces/openwrt-radxa-rock5b-plus/openwrt/tmp/kmod-nf-conntrack6.list /workspaces/openwrt-radxa-rock5b-plus/openwrt/build_dir/target-aarch64_generic_musl/linux-rockchip_armv8/packages/ipkg-aarch64_generic/kmod-nf-conntrack6/lib/apk/packages/kmod-nf-conntrack6.list)
# Move conffiles to IDIR and build conffiles_static with csums
if [ -f /workspaces/openwrt-radxa-rock5b-plus/openwrt/build_dir/target-aarch64_generic_musl/linux-rockchip_armv8/packages/apk-aarch64_generic/kmod-nf-conntrack6/conffiles ]; then mv -f /workspaces/openwrt-radxa-rock5b-plus/openwrt/build_dir/target-aarch64_generic_musl/linux-rockchip_armv8/packages/apk-aarch64_generic/kmod-nf-conntrack6/conffiles /workspaces/openwrt-radxa-rock5b-plus/openwrt/build_dir/target-aarch64_generic_musl/linux-rockchip_armv8/packages/ipkg-aarch64_generic/kmod-nf-conntrack6/lib/apk/packages/kmod-nf-conntrack6.conffiles; for file in $(cat /workspaces/openwrt-radxa-rock5b-plus/openwrt/build_dir/target-aarch64_generic_musl/linux-rockchip_armv8/packages/ipkg-aarch64_generic/kmod-nf-conntrack6/lib/apk/packages/kmod-nf-conntrack6.conffiles); do [ -f /workspaces/openwrt-radxa-rock5b-plus/openwrt/build_dir/target-aarch64_generic_musl/linux-rockchip_armv8/packages/ipkg-aarch64_generic/kmod-nf-conntrack6/$file ] || continue; csum=$(/workspaces/openwrt-radxa-rock5b-plus/openwrt/staging_dir/host/bin/mkhash sha256 /workspaces/openwrt-radxa-rock5b-plus/openwrt/build_dir/target-aarch64_generic_musl/linux-rockchip_armv8/packages/ipkg-aarch64_generic/kmod-nf-conntrack6/$file); echo $file $csum >> /workspaces/openwrt-radxa-rock5b-plus/openwrt/build_dir/target-aarch64_generic_musl/linux-rockchip_armv8/packages/ipkg-aarch64_generic/kmod-nf-conntrack6/lib/apk/packages/kmod-nf-conntrack6.conffiles_static; done; fi
# Some package (base-files) manually append stuff to conffiles
# Append stuff from it and delete the CONTROL directory since everything else should be migrated
if [ -f /workspaces/openwrt-radxa-rock5b-plus/openwrt/build_dir/target-aarch64_generic_musl/linux-rockchip_armv8/packages/ipkg-aarch64_generic/kmod-nf-conntrack6/CONTROL/conffiles ]; then echo $(IDIR_kmod-nf-conntrack6)/CONTROL/conffiles >> /workspaces/openwrt-radxa-rock5b-plus/openwrt/build_dir/target-aarch64_generic_musl/linux-rockchip_armv8/packages/ipkg-aarch64_generic/kmod-nf-conntrack6/lib/apk/packages/kmod-nf-conntrack6.conffiles; for file in $(cat /workspaces/openwrt-radxa-rock5b-plus/openwrt/build_dir/target-aarch64_generic_musl/linux-rockchip_armv8/packages/ipkg-aarch64_generic/kmod-nf-conntrack6/CONTROL/conffiles); do [ -f /workspaces/openwrt-radxa-rock5b-plus/openwrt/build_dir/target-aarch64_generic_musl/linux-rockchip_armv8/packages/ipkg-aarch64_generic/kmod-nf-conntrack6/$file ] || continue; csum=$(/workspaces/openwrt-radxa-rock5b-plus/openwrt/staging_dir/host/bin/mkhash sha256 /workspaces/openwrt-radxa-rock5b-plus/openwrt/build_dir/target-aarch64_generic_musl/linux-rockchip_armv8/packages/ipkg-aarch64_generic/kmod-nf-conntrack6/$file); echo $file $csum >> /workspaces/openwrt-radxa-rock5b-plus/openwrt/build_dir/target-aarch64_generic_musl/linux-rockchip_armv8/packages/ipkg-aarch64_generic/kmod-nf-conntrack6/lib/apk/packages/kmod-nf-conntrack6.conffiles_static; done; rm -rf /workspaces/openwrt-radxa-rock5b-plus/openwrt/build_dir/target-aarch64_generic_musl/linux-rockchip_armv8/packages/ipkg-aarch64_generic/kmod-nf-conntrack6/CONTROL/conffiles; fi
if [ -z "$(ls -A /workspaces/openwrt-radxa-rock5b-plus/openwrt/build_dir/target-aarch64_generic_musl/linux-rockchip_armv8/packages/ipkg-aarch64_generic/kmod-nf-conntrack6/CONTROL 2>/dev/null)" ]; then rm -rf /workspaces/openwrt-radxa-rock5b-plus/openwrt/build_dir/target-aarch64_generic_musl/linux-rockchip_armv8/packages/ipkg-aarch64_generic/kmod-nf-conntrack6/CONTROL; else echo "CONTROL directory /workspaces/openwrt-radxa-rock5b-plus/openwrt/build_dir/target-aarch64_generic_musl/linux-rockchip_armv8/packages/ipkg-aarch64_generic/kmod-nf-conntrack6/CONTROL is not empty! This is not right and should be checked!" >&2; exit 1; fi
/workspaces/openwrt-radxa-rock5b-plus/openwrt/staging_dir/host/bin/fakeroot /workspaces/openwrt-radxa-rock5b-plus/openwrt/staging_dir/host/bin/apk mkpkg --info "name:kmod-nf-conntrack6" --info "version:6.12.45-r1"  --info "description:Netfilter IPv6 connection tracking" --info "arch:aarch64_generic" --info "license:GPL-2.0-only" --info "origin:feeds/base/kernel/linux" --info "url:" --info "maintainer:" --info "provides:"  --script "post-install:/workspaces/openwrt-radxa-rock5b-plus/openwrt/build_dir/target-aarch64_generic_musl/linux-rockchip_armv8/packages/apk-aarch64_generic/kmod-nf-conntrack6/post-install" --script "post-upgrade:/workspaces/openwrt-radxa-rock5b-plus/openwrt/build_dir/target-aarch64_generic_musl/linux-rockchip_armv8/packages/apk-aarch64_generic/kmod-nf-conntrack6/post-upgrade" --script "pre-deinstall:/workspaces/openwrt-radxa-rock5b-plus/openwrt/build_dir/target-aarch64_generic_musl/linux-rockchip_armv8/packages/apk-aarch64_generic/kmod-nf-conntrack6/pre-deinstall" --info "depends:kernel=6.12.45~bfdb4691414eb2d33b0186227f6f0e2d-r1 kmod-nf-conntrack" --files "/workspaces/openwrt-radxa-rock5b-plus/openwrt/build_dir/target-aarch64_generic_musl/linux-rockchip_armv8/packages/ipkg-aarch64_generic/kmod-nf-conntrack6" --output "/workspaces/openwrt-radxa-rock5b-plus/openwrt/bin/targets/rockchip/armv8/packages/kmod-nf-conntrack6-6.12.45-r1.apk" --sign "/workspaces/openwrt-radxa-rock5b-plus/openwrt/private-key.pem"
[ -f /workspaces/openwrt-radxa-rock5b-plus/openwrt/bin/targets/rockchip/armv8/packages/kmod-nf-conntrack6-6.12.45-r1.apk ]
removed '/workspaces/openwrt-radxa-rock5b-plus/openwrt/bin/targets/rockchip/armv8/packages/kmod-nf-conntrack6-6.12.45-r1.apk'
rm -rf /workspaces/openwrt-radxa-rock5b-plus/openwrt/build_dir/target-aarch64_generic_musl/linux-rockchip_armv8/packages/ipkg-aarch64_generic/kmod-nf-log
/workspaces/openwrt-radxa-rock5b-plus/openwrt/scripts/ipkg-remove kmod-nf-log /workspaces/openwrt-radxa-rock5b-plus/openwrt/bin/targets/rockchip/armv8/packages/kmod-nf-log-6.12.45-r1.apk /workspaces/openwrt-radxa-rock5b-plus/openwrt/bin/targets/rockchip/armv8/packages/kmod-nf-log6-6.12.45-r1.apk
mkdir -p /workspaces/openwrt-radxa-rock5b-plus/openwrt/bin/targets/rockchip/armv8/packages /workspaces/openwrt-radxa-rock5b-plus/openwrt/build_dir/target-aarch64_generic_musl/linux-rockchip_armv8/packages/ipkg-aarch64_generic/kmod-nf-log /workspaces/openwrt-radxa-rock5b-plus/openwrt/staging_dir/target-aarch64_generic_musl/pkginfo
for mod in /workspaces/openwrt-radxa-rock5b-plus/openwrt/build_dir/target-aarch64_generic_musl/linux-rockchip_armv8/linux-6.12.45/net/netfilter/nf_log_syslog.ko; do if grep -q "${mod##/workspaces/openwrt-radxa-rock5b-plus/openwrt/build_dir/target-aarch64_generic_musl/linux-rockchip_armv8/linux-6.12.45/}" "/workspaces/openwrt-radxa-rock5b-plus/openwrt/build_dir/target-aarch64_generic_musl/linux-rockchip_armv8/linux-6.12.45/modules.builtin"; then echo "NOTICE: module '$mod' is built-in."; elif [ -e $mod ]; then mkdir -p /workspaces/openwrt-radxa-rock5b-plus/openwrt/build_dir/target-aarch64_generic_musl/linux-rockchip_armv8/packages/ipkg-aarch64_generic/kmod-nf-log/lib/modules/6.12.45 ; cp -fpR -L $mod /workspaces/openwrt-radxa-rock5b-plus/openwrt/build_dir/target-aarch64_generic_musl/linux-rockchip_armv8/packages/ipkg-aarch64_generic/kmod-nf-log/lib/modules/6.12.45/ ; else echo "ERROR: module '$mod' is missing." >&2; exit 1; fi; done;
mkdir -p /workspaces/openwrt-radxa-rock5b-plus/openwrt/build_dir/target-aarch64_generic_musl/linux-rockchip_armv8/packages/ipkg-aarch64_generic/kmod-nf-log/etc/modules.d; ( echo "nf_log_syslog"; ) > /workspaces/openwrt-radxa-rock5b-plus/openwrt/build_dir/target-aarch64_generic_musl/linux-rockchip_armv8/packages/ipkg-aarch64_generic/kmod-nf-log/etc/modules.d/nf-log; 



find /workspaces/openwrt-radxa-rock5b-plus/openwrt/build_dir/target-aarch64_generic_musl/linux-rockchip_armv8/packages/ipkg-aarch64_generic/kmod-nf-log -name 'CVS' -o -name '.svn' -o -name '.#*' -o -name '*~'| xargs -r rm -rf
( find /workspaces/openwrt-radxa-rock5b-plus/openwrt/build_dir/target-aarch64_generic_musl/linux-rockchip_armv8/packages/ipkg-aarch64_generic/kmod-nf-log -name lib\*.so\* -or -name \*.ko | awk -F/ '{ print $NF }'; for file in ; do if [ -f "$file" ]; then cat $file; fi; done;  ) | sort -u > /workspaces/openwrt-radxa-rock5b-plus/openwrt/staging_dir/target-aarch64_generic_musl/pkginfo/kmod-nf-log.provides

( rm -f /workspaces/openwrt-radxa-rock5b-plus/openwrt/staging_dir/target-aarch64_generic_musl/pkginfo/kmod-nf-log.missing; ( export READELF=aarch64-openwrt-linux-musl-readelf OBJCOPY=aarch64-openwrt-linux-musl-objcopy XARGS="xargs -r"; /workspaces/openwrt-radxa-rock5b-plus/openwrt/scripts/gen-dependencies.sh "/workspaces/openwrt-radxa-rock5b-plus/openwrt/build_dir/target-aarch64_generic_musl/linux-rockchip_armv8/packages/ipkg-aarch64_generic/kmod-nf-log"; ) | while read FILE; do grep -qxF "$FILE" /workspaces/openwrt-radxa-rock5b-plus/openwrt/staging_dir/target-aarch64_generic_musl/pkginfo/kmod-nf-log.provides || echo "$FILE" >> /workspaces/openwrt-radxa-rock5b-plus/openwrt/staging_dir/target-aarch64_generic_musl/pkginfo/kmod-nf-log.missing; done; if [ -f "/workspaces/openwrt-radxa-rock5b-plus/openwrt/staging_dir/target-aarch64_generic_musl/pkginfo/kmod-nf-log.missing" ]; then echo "Package kmod-nf-log is missing dependencies for the following libraries:" >&2; cat "/workspaces/openwrt-radxa-rock5b-plus/openwrt/staging_dir/target-aarch64_generic_musl/pkginfo/kmod-nf-log.missing" >&2; false; fi; )
export CROSS="aarch64-openwrt-linux-musl-"  NO_RENAME=1 ; NM="aarch64-openwrt-linux-musl-nm" STRIP="/workspaces/openwrt-radxa-rock5b-plus/openwrt/staging_dir/host/bin/sstrip -z" STRIP_KMOD="/workspaces/openwrt-radxa-rock5b-plus/openwrt/scripts/strip-kmod.sh" PATCHELF="/workspaces/openwrt-radxa-rock5b-plus/openwrt/staging_dir/host/bin/patchelf" /workspaces/openwrt-radxa-rock5b-plus/openwrt/scripts/rstrip.sh /workspaces/openwrt-radxa-rock5b-plus/openwrt/build_dir/target-aarch64_generic_musl/linux-rockchip_armv8/packages/ipkg-aarch64_generic/kmod-nf-log
install -d -m0755 /workspaces/openwrt-radxa-rock5b-plus/openwrt/bin/targets/rockchip/armv8/packages/tmp
mkdir -p /workspaces/openwrt-radxa-rock5b-plus/openwrt/build_dir/target-aarch64_generic_musl/linux-rockchip_armv8/packages/apk-aarch64_generic/kmod-nf-log/
mkdir -p /workspaces/openwrt-radxa-rock5b-plus/openwrt/build_dir/target-aarch64_generic_musl/linux-rockchip_armv8/packages/ipkg-aarch64_generic/kmod-nf-log/lib/apk/packages/
(cd /workspaces/openwrt-radxa-rock5b-plus/openwrt/build_dir/target-aarch64_generic_musl/linux-rockchip_armv8/packages/apk-aarch64_generic/kmod-nf-log; )
( echo "#!/bin/sh"; echo "[ \"\${IPKG_NO_SCRIPT}\" = \"1\" ] && exit 0"; echo "[ -s "\${IPKG_INSTROOT}/lib/functions.sh" ] || exit 0"; echo ". \${IPKG_INSTROOT}/lib/functions.sh"; echo 'export root="${IPKG_INSTROOT}"'; echo 'export pkgname="kmod-nf-log"'; echo "add_group_and_user"; echo "default_postinst"; [ ! -f /workspaces/openwrt-radxa-rock5b-plus/openwrt/build_dir/target-aarch64_generic_musl/linux-rockchip_armv8/packages/apk-aarch64_generic/kmod-nf-log/postinst-pkg ] || sed -z 's/^\s*#!/#!/' "/workspaces/openwrt-radxa-rock5b-plus/openwrt/build_dir/target-aarch64_generic_musl/linux-rockchip_armv8/packages/apk-aarch64_generic/kmod-nf-log/postinst-pkg"; ) > /workspaces/openwrt-radxa-rock5b-plus/openwrt/build_dir/target-aarch64_generic_musl/linux-rockchip_armv8/packages/apk-aarch64_generic/kmod-nf-log/post-install;
( echo "#!/bin/sh"; echo 'export PKG_UPGRADE=1'; [ ! -f /workspaces/openwrt-radxa-rock5b-plus/openwrt/build_dir/target-aarch64_generic_musl/linux-rockchip_armv8/packages/apk-aarch64_generic/kmod-nf-log/post-install ] || sed -z 's/^\s*#!/#!/' "/workspaces/openwrt-radxa-rock5b-plus/openwrt/build_dir/target-aarch64_generic_musl/linux-rockchip_armv8/packages/apk-aarch64_generic/kmod-nf-log/post-install"; ) > /workspaces/openwrt-radxa-rock5b-plus/openwrt/build_dir/target-aarch64_generic_musl/linux-rockchip_armv8/packages/apk-aarch64_generic/kmod-nf-log/post-upgrade;
( echo "#!/bin/sh"; echo "[ -s "\${IPKG_INSTROOT}/lib/functions.sh" ] || exit 0"; echo ". \${IPKG_INSTROOT}/lib/functions.sh"; echo 'export root="${IPKG_INSTROOT}"'; echo 'export pkgname="kmod-nf-log"'; echo "default_prerm"; [ ! -f /workspaces/openwrt-radxa-rock5b-plus/openwrt/build_dir/target-aarch64_generic_musl/linux-rockchip_armv8/packages/apk-aarch64_generic/kmod-nf-log/prerm-pkg ] || sed -z 's/^\s*#!/#!/' "/workspaces/openwrt-radxa-rock5b-plus/openwrt/build_dir/target-aarch64_generic_musl/linux-rockchip_armv8/packages/apk-aarch64_generic/kmod-nf-log/prerm-pkg"; ) > /workspaces/openwrt-radxa-rock5b-plus/openwrt/build_dir/target-aarch64_generic_musl/linux-rockchip_armv8/packages/apk-aarch64_generic/kmod-nf-log/pre-deinstall;
[ ! -f /workspaces/openwrt-radxa-rock5b-plus/openwrt/build_dir/target-aarch64_generic_musl/linux-rockchip_armv8/packages/apk-aarch64_generic/kmod-nf-log/postrm ] || sed -zi 's/^\s*#!/#!/' "/workspaces/openwrt-radxa-rock5b-plus/openwrt/build_dir/target-aarch64_generic_musl/linux-rockchip_armv8/packages/apk-aarch64_generic/kmod-nf-log/postrm";
if [ -n "" ]; then echo  > /workspaces/openwrt-radxa-rock5b-plus/openwrt/build_dir/target-aarch64_generic_musl/linux-rockchip_armv8/packages/ipkg-aarch64_generic/kmod-nf-log/lib/apk/packages/kmod-nf-log.rusers; fi;
if [ -n "" ]; then echo  > /workspaces/openwrt-radxa-rock5b-plus/openwrt/build_dir/target-aarch64_generic_musl/linux-rockchip_armv8/packages/ipkg-aarch64_generic/kmod-nf-log/lib/apk/packages/kmod-nf-log.alternatives; fi;
(cd /workspaces/openwrt-radxa-rock5b-plus/openwrt/build_dir/target-aarch64_generic_musl/linux-rockchip_armv8/packages/ipkg-aarch64_generic/kmod-nf-log && find . -type f,l -printf "/%P\n" | sort > /workspaces/openwrt-radxa-rock5b-plus/openwrt/tmp/kmod-nf-log.list && mv /workspaces/openwrt-radxa-rock5b-plus/openwrt/tmp/kmod-nf-log.list /workspaces/openwrt-radxa-rock5b-plus/openwrt/build_dir/target-aarch64_generic_musl/linux-rockchip_armv8/packages/ipkg-aarch64_generic/kmod-nf-log/lib/apk/packages/kmod-nf-log.list)
# Move conffiles to IDIR and build conffiles_static with csums
if [ -f /workspaces/openwrt-radxa-rock5b-plus/openwrt/build_dir/target-aarch64_generic_musl/linux-rockchip_armv8/packages/apk-aarch64_generic/kmod-nf-log/conffiles ]; then mv -f /workspaces/openwrt-radxa-rock5b-plus/openwrt/build_dir/target-aarch64_generic_musl/linux-rockchip_armv8/packages/apk-aarch64_generic/kmod-nf-log/conffiles /workspaces/openwrt-radxa-rock5b-plus/openwrt/build_dir/target-aarch64_generic_musl/linux-rockchip_armv8/packages/ipkg-aarch64_generic/kmod-nf-log/lib/apk/packages/kmod-nf-log.conffiles; for file in $(cat /workspaces/openwrt-radxa-rock5b-plus/openwrt/build_dir/target-aarch64_generic_musl/linux-rockchip_armv8/packages/ipkg-aarch64_generic/kmod-nf-log/lib/apk/packages/kmod-nf-log.conffiles); do [ -f /workspaces/openwrt-radxa-rock5b-plus/openwrt/build_dir/target-aarch64_generic_musl/linux-rockchip_armv8/packages/ipkg-aarch64_generic/kmod-nf-log/$file ] || continue; csum=$(/workspaces/openwrt-radxa-rock5b-plus/openwrt/staging_dir/host/bin/mkhash sha256 /workspaces/openwrt-radxa-rock5b-plus/openwrt/build_dir/target-aarch64_generic_musl/linux-rockchip_armv8/packages/ipkg-aarch64_generic/kmod-nf-log/$file); echo $file $csum >> /workspaces/openwrt-radxa-rock5b-plus/openwrt/build_dir/target-aarch64_generic_musl/linux-rockchip_armv8/packages/ipkg-aarch64_generic/kmod-nf-log/lib/apk/packages/kmod-nf-log.conffiles_static; done; fi
# Some package (base-files) manually append stuff to conffiles
# Append stuff from it and delete the CONTROL directory since everything else should be migrated
if [ -f /workspaces/openwrt-radxa-rock5b-plus/openwrt/build_dir/target-aarch64_generic_musl/linux-rockchip_armv8/packages/ipkg-aarch64_generic/kmod-nf-log/CONTROL/conffiles ]; then echo $(IDIR_kmod-nf-log)/CONTROL/conffiles >> /workspaces/openwrt-radxa-rock5b-plus/openwrt/build_dir/target-aarch64_generic_musl/linux-rockchip_armv8/packages/ipkg-aarch64_generic/kmod-nf-log/lib/apk/packages/kmod-nf-log.conffiles; for file in $(cat /workspaces/openwrt-radxa-rock5b-plus/openwrt/build_dir/target-aarch64_generic_musl/linux-rockchip_armv8/packages/ipkg-aarch64_generic/kmod-nf-log/CONTROL/conffiles); do [ -f /workspaces/openwrt-radxa-rock5b-plus/openwrt/build_dir/target-aarch64_generic_musl/linux-rockchip_armv8/packages/ipkg-aarch64_generic/kmod-nf-log/$file ] || continue; csum=$(/workspaces/openwrt-radxa-rock5b-plus/openwrt/staging_dir/host/bin/mkhash sha256 /workspaces/openwrt-radxa-rock5b-plus/openwrt/build_dir/target-aarch64_generic_musl/linux-rockchip_armv8/packages/ipkg-aarch64_generic/kmod-nf-log/$file); echo $file $csum >> /workspaces/openwrt-radxa-rock5b-plus/openwrt/build_dir/target-aarch64_generic_musl/linux-rockchip_armv8/packages/ipkg-aarch64_generic/kmod-nf-log/lib/apk/packages/kmod-nf-log.conffiles_static; done; rm -rf /workspaces/openwrt-radxa-rock5b-plus/openwrt/build_dir/target-aarch64_generic_musl/linux-rockchip_armv8/packages/ipkg-aarch64_generic/kmod-nf-log/CONTROL/conffiles; fi
if [ -z "$(ls -A /workspaces/openwrt-radxa-rock5b-plus/openwrt/build_dir/target-aarch64_generic_musl/linux-rockchip_armv8/packages/ipkg-aarch64_generic/kmod-nf-log/CONTROL 2>/dev/null)" ]; then rm -rf /workspaces/openwrt-radxa-rock5b-plus/openwrt/build_dir/target-aarch64_generic_musl/linux-rockchip_armv8/packages/ipkg-aarch64_generic/kmod-nf-log/CONTROL; else echo "CONTROL directory /workspaces/openwrt-radxa-rock5b-plus/openwrt/build_dir/target-aarch64_generic_musl/linux-rockchip_armv8/packages/ipkg-aarch64_generic/kmod-nf-log/CONTROL is not empty! This is not right and should be checked!" >&2; exit 1; fi
/workspaces/openwrt-radxa-rock5b-plus/openwrt/staging_dir/host/bin/fakeroot /workspaces/openwrt-radxa-rock5b-plus/openwrt/staging_dir/host/bin/apk mkpkg --info "name:kmod-nf-log" --info "version:6.12.45-r1"  --info "description:Netfilter Logging" --info "arch:aarch64_generic" --info "license:GPL-2.0-only" --info "origin:feeds/base/kernel/linux" --info "url:" --info "maintainer:" --info "provides:"  --script "post-install:/workspaces/openwrt-radxa-rock5b-plus/openwrt/build_dir/target-aarch64_generic_musl/linux-rockchip_armv8/packages/apk-aarch64_generic/kmod-nf-log/post-install" --script "post-upgrade:/workspaces/openwrt-radxa-rock5b-plus/openwrt/build_dir/target-aarch64_generic_musl/linux-rockchip_armv8/packages/apk-aarch64_generic/kmod-nf-log/post-upgrade" --script "pre-deinstall:/workspaces/openwrt-radxa-rock5b-plus/openwrt/build_dir/target-aarch64_generic_musl/linux-rockchip_armv8/packages/apk-aarch64_generic/kmod-nf-log/pre-deinstall" --info "depends:kernel=6.12.45~bfdb4691414eb2d33b0186227f6f0e2d-r1" --files "/workspaces/openwrt-radxa-rock5b-plus/openwrt/build_dir/target-aarch64_generic_musl/linux-rockchip_armv8/packages/ipkg-aarch64_generic/kmod-nf-log" --output "/workspaces/openwrt-radxa-rock5b-plus/openwrt/bin/targets/rockchip/armv8/packages/kmod-nf-log-6.12.45-r1.apk" --sign "/workspaces/openwrt-radxa-rock5b-plus/openwrt/private-key.pem"
[ -f /workspaces/openwrt-radxa-rock5b-plus/openwrt/bin/targets/rockchip/armv8/packages/kmod-nf-log-6.12.45-r1.apk ]
removed '/workspaces/openwrt-radxa-rock5b-plus/openwrt/bin/targets/rockchip/armv8/packages/kmod-nf-log-6.12.45-r1.apk'
rstrip.sh: /workspaces/openwrt-radxa-rock5b-plus/openwrt/build_dir/target-aarch64_generic_musl/linux-rockchip_armv8/packages/ipkg-aarch64_generic/kmod-nf-log/lib/modules/6.12.45/nf_log_syslog.ko: relocatable
rm -rf /workspaces/openwrt-radxa-rock5b-plus/openwrt/build_dir/target-aarch64_generic_musl/linux-rockchip_armv8/packages/ipkg-aarch64_generic/kmod-nf-log6
/workspaces/openwrt-radxa-rock5b-plus/openwrt/scripts/ipkg-remove kmod-nf-log6 /workspaces/openwrt-radxa-rock5b-plus/openwrt/bin/targets/rockchip/armv8/packages/kmod-nf-log6-6.12.45-r1.apk
mkdir -p /workspaces/openwrt-radxa-rock5b-plus/openwrt/bin/targets/rockchip/armv8/packages /workspaces/openwrt-radxa-rock5b-plus/openwrt/build_dir/target-aarch64_generic_musl/linux-rockchip_armv8/packages/ipkg-aarch64_generic/kmod-nf-log6 /workspaces/openwrt-radxa-rock5b-plus/openwrt/staging_dir/target-aarch64_generic_musl/pkginfo
for mod in ; do if grep -q "${mod##/workspaces/openwrt-radxa-rock5b-plus/openwrt/build_dir/target-aarch64_generic_musl/linux-rockchip_armv8/linux-6.12.45/}" "/workspaces/openwrt-radxa-rock5b-plus/openwrt/build_dir/target-aarch64_generic_musl/linux-rockchip_armv8/linux-6.12.45/modules.builtin"; then echo "NOTICE: module '$mod' is built-in."; elif [ -e $mod ]; then mkdir -p /workspaces/openwrt-radxa-rock5b-plus/openwrt/build_dir/target-aarch64_generic_musl/linux-rockchip_armv8/packages/ipkg-aarch64_generic/kmod-nf-log6/lib/modules/6.12.45 ; cp -fpR -L $mod /workspaces/openwrt-radxa-rock5b-plus/openwrt/build_dir/target-aarch64_generic_musl/linux-rockchip_armv8/packages/ipkg-aarch64_generic/kmod-nf-log6/lib/modules/6.12.45/ ; else echo "ERROR: module '$mod' is missing." >&2; exit 1; fi; done;




find /workspaces/openwrt-radxa-rock5b-plus/openwrt/build_dir/target-aarch64_generic_musl/linux-rockchip_armv8/packages/ipkg-aarch64_generic/kmod-nf-log6 -name 'CVS' -o -name '.svn' -o -name '.#*' -o -name '*~'| xargs -r rm -rf
( find /workspaces/openwrt-radxa-rock5b-plus/openwrt/build_dir/target-aarch64_generic_musl/linux-rockchip_armv8/packages/ipkg-aarch64_generic/kmod-nf-log6 -name lib\*.so\* -or -name \*.ko | awk -F/ '{ print $NF }'; for file in /workspaces/openwrt-radxa-rock5b-plus/openwrt/staging_dir/target-aarch64_generic_musl/pkginfo/kmod-nf-log.provides; do if [ -f "$file" ]; then cat $file; fi; done;  ) | sort -u > /workspaces/openwrt-radxa-rock5b-plus/openwrt/staging_dir/target-aarch64_generic_musl/pkginfo/kmod-nf-log6.provides

( rm -f /workspaces/openwrt-radxa-rock5b-plus/openwrt/staging_dir/target-aarch64_generic_musl/pkginfo/kmod-nf-log6.missing; ( export READELF=aarch64-openwrt-linux-musl-readelf OBJCOPY=aarch64-openwrt-linux-musl-objcopy XARGS="xargs -r"; /workspaces/openwrt-radxa-rock5b-plus/openwrt/scripts/gen-dependencies.sh "/workspaces/openwrt-radxa-rock5b-plus/openwrt/build_dir/target-aarch64_generic_musl/linux-rockchip_armv8/packages/ipkg-aarch64_generic/kmod-nf-log6"; ) | while read FILE; do grep -qxF "$FILE" /workspaces/openwrt-radxa-rock5b-plus/openwrt/staging_dir/target-aarch64_generic_musl/pkginfo/kmod-nf-log6.provides || echo "$FILE" >> /workspaces/openwrt-radxa-rock5b-plus/openwrt/staging_dir/target-aarch64_generic_musl/pkginfo/kmod-nf-log6.missing; done; if [ -f "/workspaces/openwrt-radxa-rock5b-plus/openwrt/staging_dir/target-aarch64_generic_musl/pkginfo/kmod-nf-log6.missing" ]; then echo "Package kmod-nf-log6 is missing dependencies for the following libraries:" >&2; cat "/workspaces/openwrt-radxa-rock5b-plus/openwrt/staging_dir/target-aarch64_generic_musl/pkginfo/kmod-nf-log6.missing" >&2; false; fi; )
export CROSS="aarch64-openwrt-linux-musl-"  NO_RENAME=1 ; NM="aarch64-openwrt-linux-musl-nm" STRIP="/workspaces/openwrt-radxa-rock5b-plus/openwrt/staging_dir/host/bin/sstrip -z" STRIP_KMOD="/workspaces/openwrt-radxa-rock5b-plus/openwrt/scripts/strip-kmod.sh" PATCHELF="/workspaces/openwrt-radxa-rock5b-plus/openwrt/staging_dir/host/bin/patchelf" /workspaces/openwrt-radxa-rock5b-plus/openwrt/scripts/rstrip.sh /workspaces/openwrt-radxa-rock5b-plus/openwrt/build_dir/target-aarch64_generic_musl/linux-rockchip_armv8/packages/ipkg-aarch64_generic/kmod-nf-log6
install -d -m0755 /workspaces/openwrt-radxa-rock5b-plus/openwrt/bin/targets/rockchip/armv8/packages/tmp
mkdir -p /workspaces/openwrt-radxa-rock5b-plus/openwrt/build_dir/target-aarch64_generic_musl/linux-rockchip_armv8/packages/apk-aarch64_generic/kmod-nf-log6/
mkdir -p /workspaces/openwrt-radxa-rock5b-plus/openwrt/build_dir/target-aarch64_generic_musl/linux-rockchip_armv8/packages/ipkg-aarch64_generic/kmod-nf-log6/lib/apk/packages/
(cd /workspaces/openwrt-radxa-rock5b-plus/openwrt/build_dir/target-aarch64_generic_musl/linux-rockchip_armv8/packages/apk-aarch64_generic/kmod-nf-log6; )
( echo "#!/bin/sh"; echo "[ \"\${IPKG_NO_SCRIPT}\" = \"1\" ] && exit 0"; echo "[ -s "\${IPKG_INSTROOT}/lib/functions.sh" ] || exit 0"; echo ". \${IPKG_INSTROOT}/lib/functions.sh"; echo 'export root="${IPKG_INSTROOT}"'; echo 'export pkgname="kmod-nf-log6"'; echo "add_group_and_user"; echo "default_postinst"; [ ! -f /workspaces/openwrt-radxa-rock5b-plus/openwrt/build_dir/target-aarch64_generic_musl/linux-rockchip_armv8/packages/apk-aarch64_generic/kmod-nf-log6/postinst-pkg ] || sed -z 's/^\s*#!/#!/' "/workspaces/openwrt-radxa-rock5b-plus/openwrt/build_dir/target-aarch64_generic_musl/linux-rockchip_armv8/packages/apk-aarch64_generic/kmod-nf-log6/postinst-pkg"; ) > /workspaces/openwrt-radxa-rock5b-plus/openwrt/build_dir/target-aarch64_generic_musl/linux-rockchip_armv8/packages/apk-aarch64_generic/kmod-nf-log6/post-install;
( echo "#!/bin/sh"; echo 'export PKG_UPGRADE=1'; [ ! -f /workspaces/openwrt-radxa-rock5b-plus/openwrt/build_dir/target-aarch64_generic_musl/linux-rockchip_armv8/packages/apk-aarch64_generic/kmod-nf-log6/post-install ] || sed -z 's/^\s*#!/#!/' "/workspaces/openwrt-radxa-rock5b-plus/openwrt/build_dir/target-aarch64_generic_musl/linux-rockchip_armv8/packages/apk-aarch64_generic/kmod-nf-log6/post-install"; ) > /workspaces/openwrt-radxa-rock5b-plus/openwrt/build_dir/target-aarch64_generic_musl/linux-rockchip_armv8/packages/apk-aarch64_generic/kmod-nf-log6/post-upgrade;
( echo "#!/bin/sh"; echo "[ -s "\${IPKG_INSTROOT}/lib/functions.sh" ] || exit 0"; echo ". \${IPKG_INSTROOT}/lib/functions.sh"; echo 'export root="${IPKG_INSTROOT}"'; echo 'export pkgname="kmod-nf-log6"'; echo "default_prerm"; [ ! -f /workspaces/openwrt-radxa-rock5b-plus/openwrt/build_dir/target-aarch64_generic_musl/linux-rockchip_armv8/packages/apk-aarch64_generic/kmod-nf-log6/prerm-pkg ] || sed -z 's/^\s*#!/#!/' "/workspaces/openwrt-radxa-rock5b-plus/openwrt/build_dir/target-aarch64_generic_musl/linux-rockchip_armv8/packages/apk-aarch64_generic/kmod-nf-log6/prerm-pkg"; ) > /workspaces/openwrt-radxa-rock5b-plus/openwrt/build_dir/target-aarch64_generic_musl/linux-rockchip_armv8/packages/apk-aarch64_generic/kmod-nf-log6/pre-deinstall;
[ ! -f /workspaces/openwrt-radxa-rock5b-plus/openwrt/build_dir/target-aarch64_generic_musl/linux-rockchip_armv8/packages/apk-aarch64_generic/kmod-nf-log6/postrm ] || sed -zi 's/^\s*#!/#!/' "/workspaces/openwrt-radxa-rock5b-plus/openwrt/build_dir/target-aarch64_generic_musl/linux-rockchip_armv8/packages/apk-aarch64_generic/kmod-nf-log6/postrm";
if [ -n "" ]; then echo  > /workspaces/openwrt-radxa-rock5b-plus/openwrt/build_dir/target-aarch64_generic_musl/linux-rockchip_armv8/packages/ipkg-aarch64_generic/kmod-nf-log6/lib/apk/packages/kmod-nf-log6.rusers; fi;
if [ -n "" ]; then echo  > /workspaces/openwrt-radxa-rock5b-plus/openwrt/build_dir/target-aarch64_generic_musl/linux-rockchip_armv8/packages/ipkg-aarch64_generic/kmod-nf-log6/lib/apk/packages/kmod-nf-log6.alternatives; fi;
(cd /workspaces/openwrt-radxa-rock5b-plus/openwrt/build_dir/target-aarch64_generic_musl/linux-rockchip_armv8/packages/ipkg-aarch64_generic/kmod-nf-log6 && find . -type f,l -printf "/%P\n" | sort > /workspaces/openwrt-radxa-rock5b-plus/openwrt/tmp/kmod-nf-log6.list && mv /workspaces/openwrt-radxa-rock5b-plus/openwrt/tmp/kmod-nf-log6.list /workspaces/openwrt-radxa-rock5b-plus/openwrt/build_dir/target-aarch64_generic_musl/linux-rockchip_armv8/packages/ipkg-aarch64_generic/kmod-nf-log6/lib/apk/packages/kmod-nf-log6.list)
# Move conffiles to IDIR and build conffiles_static with csums
if [ -f /workspaces/openwrt-radxa-rock5b-plus/openwrt/build_dir/target-aarch64_generic_musl/linux-rockchip_armv8/packages/apk-aarch64_generic/kmod-nf-log6/conffiles ]; then mv -f /workspaces/openwrt-radxa-rock5b-plus/openwrt/build_dir/target-aarch64_generic_musl/linux-rockchip_armv8/packages/apk-aarch64_generic/kmod-nf-log6/conffiles /workspaces/openwrt-radxa-rock5b-plus/openwrt/build_dir/target-aarch64_generic_musl/linux-rockchip_armv8/packages/ipkg-aarch64_generic/kmod-nf-log6/lib/apk/packages/kmod-nf-log6.conffiles; for file in $(cat /workspaces/openwrt-radxa-rock5b-plus/openwrt/build_dir/target-aarch64_generic_musl/linux-rockchip_armv8/packages/ipkg-aarch64_generic/kmod-nf-log6/lib/apk/packages/kmod-nf-log6.conffiles); do [ -f /workspaces/openwrt-radxa-rock5b-plus/openwrt/build_dir/target-aarch64_generic_musl/linux-rockchip_armv8/packages/ipkg-aarch64_generic/kmod-nf-log6/$file ] || continue; csum=$(/workspaces/openwrt-radxa-rock5b-plus/openwrt/staging_dir/host/bin/mkhash sha256 /workspaces/openwrt-radxa-rock5b-plus/openwrt/build_dir/target-aarch64_generic_musl/linux-rockchip_armv8/packages/ipkg-aarch64_generic/kmod-nf-log6/$file); echo $file $csum >> /workspaces/openwrt-radxa-rock5b-plus/openwrt/build_dir/target-aarch64_generic_musl/linux-rockchip_armv8/packages/ipkg-aarch64_generic/kmod-nf-log6/lib/apk/packages/kmod-nf-log6.conffiles_static; done; fi
# Some package (base-files) manually append stuff to conffiles
# Append stuff from it and delete the CONTROL directory since everything else should be migrated
if [ -f /workspaces/openwrt-radxa-rock5b-plus/openwrt/build_dir/target-aarch64_generic_musl/linux-rockchip_armv8/packages/ipkg-aarch64_generic/kmod-nf-log6/CONTROL/conffiles ]; then echo $(IDIR_kmod-nf-log6)/CONTROL/conffiles >> /workspaces/openwrt-radxa-rock5b-plus/openwrt/build_dir/target-aarch64_generic_musl/linux-rockchip_armv8/packages/ipkg-aarch64_generic/kmod-nf-log6/lib/apk/packages/kmod-nf-log6.conffiles; for file in $(cat /workspaces/openwrt-radxa-rock5b-plus/openwrt/build_dir/target-aarch64_generic_musl/linux-rockchip_armv8/packages/ipkg-aarch64_generic/kmod-nf-log6/CONTROL/conffiles); do [ -f /workspaces/openwrt-radxa-rock5b-plus/openwrt/build_dir/target-aarch64_generic_musl/linux-rockchip_armv8/packages/ipkg-aarch64_generic/kmod-nf-log6/$file ] || continue; csum=$(/workspaces/openwrt-radxa-rock5b-plus/openwrt/staging_dir/host/bin/mkhash sha256 /workspaces/openwrt-radxa-rock5b-plus/openwrt/build_dir/target-aarch64_generic_musl/linux-rockchip_armv8/packages/ipkg-aarch64_generic/kmod-nf-log6/$file); echo $file $csum >> /workspaces/openwrt-radxa-rock5b-plus/openwrt/build_dir/target-aarch64_generic_musl/linux-rockchip_armv8/packages/ipkg-aarch64_generic/kmod-nf-log6/lib/apk/packages/kmod-nf-log6.conffiles_static; done; rm -rf /workspaces/openwrt-radxa-rock5b-plus/openwrt/build_dir/target-aarch64_generic_musl/linux-rockchip_armv8/packages/ipkg-aarch64_generic/kmod-nf-log6/CONTROL/conffiles; fi
if [ -z "$(ls -A /workspaces/openwrt-radxa-rock5b-plus/openwrt/build_dir/target-aarch64_generic_musl/linux-rockchip_armv8/packages/ipkg-aarch64_generic/kmod-nf-log6/CONTROL 2>/dev/null)" ]; then rm -rf /workspaces/openwrt-radxa-rock5b-plus/openwrt/build_dir/target-aarch64_generic_musl/linux-rockchip_armv8/packages/ipkg-aarch64_generic/kmod-nf-log6/CONTROL; else echo "CONTROL directory /workspaces/openwrt-radxa-rock5b-plus/openwrt/build_dir/target-aarch64_generic_musl/linux-rockchip_armv8/packages/ipkg-aarch64_generic/kmod-nf-log6/CONTROL is not empty! This is not right and should be checked!" >&2; exit 1; fi
/workspaces/openwrt-radxa-rock5b-plus/openwrt/staging_dir/host/bin/fakeroot /workspaces/openwrt-radxa-rock5b-plus/openwrt/staging_dir/host/bin/apk mkpkg --info "name:kmod-nf-log6" --info "version:6.12.45-r1"  --info "description:Netfilter IPV6 Logging" --info "arch:aarch64_generic" --info "license:GPL-2.0-only" --info "origin:feeds/base/kernel/linux" --info "url:" --info "maintainer:" --info "provides:"  --script "post-install:/workspaces/openwrt-radxa-rock5b-plus/openwrt/build_dir/target-aarch64_generic_musl/linux-rockchip_armv8/packages/apk-aarch64_generic/kmod-nf-log6/post-install" --script "post-upgrade:/workspaces/openwrt-radxa-rock5b-plus/openwrt/build_dir/target-aarch64_generic_musl/linux-rockchip_armv8/packages/apk-aarch64_generic/kmod-nf-log6/post-upgrade" --script "pre-deinstall:/workspaces/openwrt-radxa-rock5b-plus/openwrt/build_dir/target-aarch64_generic_musl/linux-rockchip_armv8/packages/apk-aarch64_generic/kmod-nf-log6/pre-deinstall" --info "depends:kernel=6.12.45~bfdb4691414eb2d33b0186227f6f0e2d-r1 kmod-nf-log" --files "/workspaces/openwrt-radxa-rock5b-plus/openwrt/build_dir/target-aarch64_generic_musl/linux-rockchip_armv8/packages/ipkg-aarch64_generic/kmod-nf-log6" --output "/workspaces/openwrt-radxa-rock5b-plus/openwrt/bin/targets/rockchip/armv8/packages/kmod-nf-log6-6.12.45-r1.apk" --sign "/workspaces/openwrt-radxa-rock5b-plus/openwrt/private-key.pem"
[ -f /workspaces/openwrt-radxa-rock5b-plus/openwrt/bin/targets/rockchip/armv8/packages/kmod-nf-log6-6.12.45-r1.apk ]
removed '/workspaces/openwrt-radxa-rock5b-plus/openwrt/bin/targets/rockchip/armv8/packages/kmod-nf-log6-6.12.45-r1.apk'
rm -rf /workspaces/openwrt-radxa-rock5b-plus/openwrt/build_dir/target-aarch64_generic_musl/linux-rockchip_armv8/packages/ipkg-aarch64_generic/kmod-nf-nat
/workspaces/openwrt-radxa-rock5b-plus/openwrt/scripts/ipkg-remove kmod-nf-nat /workspaces/openwrt-radxa-rock5b-plus/openwrt/bin/targets/rockchip/armv8/packages/kmod-nf-nat-6.12.45-r1.apk
mkdir -p /workspaces/openwrt-radxa-rock5b-plus/openwrt/bin/targets/rockchip/armv8/packages /workspaces/openwrt-radxa-rock5b-plus/openwrt/build_dir/target-aarch64_generic_musl/linux-rockchip_armv8/packages/ipkg-aarch64_generic/kmod-nf-nat /workspaces/openwrt-radxa-rock5b-plus/openwrt/staging_dir/target-aarch64_generic_musl/pkginfo
for mod in /workspaces/openwrt-radxa-rock5b-plus/openwrt/build_dir/target-aarch64_generic_musl/linux-rockchip_armv8/linux-6.12.45/net/netfilter/nf_nat.ko; do if grep -q "${mod##/workspaces/openwrt-radxa-rock5b-plus/openwrt/build_dir/target-aarch64_generic_musl/linux-rockchip_armv8/linux-6.12.45/}" "/workspaces/openwrt-radxa-rock5b-plus/openwrt/build_dir/target-aarch64_generic_musl/linux-rockchip_armv8/linux-6.12.45/modules.builtin"; then echo "NOTICE: module '$mod' is built-in."; elif [ -e $mod ]; then mkdir -p /workspaces/openwrt-radxa-rock5b-plus/openwrt/build_dir/target-aarch64_generic_musl/linux-rockchip_armv8/packages/ipkg-aarch64_generic/kmod-nf-nat/lib/modules/6.12.45 ; cp -fpR -L $mod /workspaces/openwrt-radxa-rock5b-plus/openwrt/build_dir/target-aarch64_generic_musl/linux-rockchip_armv8/packages/ipkg-aarch64_generic/kmod-nf-nat/lib/modules/6.12.45/ ; else echo "ERROR: module '$mod' is missing." >&2; exit 1; fi; done;
mkdir -p /workspaces/openwrt-radxa-rock5b-plus/openwrt/build_dir/target-aarch64_generic_musl/linux-rockchip_armv8/packages/ipkg-aarch64_generic/kmod-nf-nat/etc/modules.d; ( echo "nf_nat"; ) > /workspaces/openwrt-radxa-rock5b-plus/openwrt/build_dir/target-aarch64_generic_musl/linux-rockchip_armv8/packages/ipkg-aarch64_generic/kmod-nf-nat/etc/modules.d/nf-nat; 



find /workspaces/openwrt-radxa-rock5b-plus/openwrt/build_dir/target-aarch64_generic_musl/linux-rockchip_armv8/packages/ipkg-aarch64_generic/kmod-nf-nat -name 'CVS' -o -name '.svn' -o -name '.#*' -o -name '*~'| xargs -r rm -rf
( find /workspaces/openwrt-radxa-rock5b-plus/openwrt/build_dir/target-aarch64_generic_musl/linux-rockchip_armv8/packages/ipkg-aarch64_generic/kmod-nf-nat -name lib\*.so\* -or -name \*.ko | awk -F/ '{ print $NF }'; for file in /workspaces/openwrt-radxa-rock5b-plus/openwrt/staging_dir/target-aarch64_generic_musl/pkginfo/kmod-nf-conntrack.provides; do if [ -f "$file" ]; then cat $file; fi; done;  ) | sort -u > /workspaces/openwrt-radxa-rock5b-plus/openwrt/staging_dir/target-aarch64_generic_musl/pkginfo/kmod-nf-nat.provides

( rm -f /workspaces/openwrt-radxa-rock5b-plus/openwrt/staging_dir/target-aarch64_generic_musl/pkginfo/kmod-nf-nat.missing; ( export READELF=aarch64-openwrt-linux-musl-readelf OBJCOPY=aarch64-openwrt-linux-musl-objcopy XARGS="xargs -r"; /workspaces/openwrt-radxa-rock5b-plus/openwrt/scripts/gen-dependencies.sh "/workspaces/openwrt-radxa-rock5b-plus/openwrt/build_dir/target-aarch64_generic_musl/linux-rockchip_armv8/packages/ipkg-aarch64_generic/kmod-nf-nat"; ) | while read FILE; do grep -qxF "$FILE" /workspaces/openwrt-radxa-rock5b-plus/openwrt/staging_dir/target-aarch64_generic_musl/pkginfo/kmod-nf-nat.provides || echo "$FILE" >> /workspaces/openwrt-radxa-rock5b-plus/openwrt/staging_dir/target-aarch64_generic_musl/pkginfo/kmod-nf-nat.missing; done; if [ -f "/workspaces/openwrt-radxa-rock5b-plus/openwrt/staging_dir/target-aarch64_generic_musl/pkginfo/kmod-nf-nat.missing" ]; then echo "Package kmod-nf-nat is missing dependencies for the following libraries:" >&2; cat "/workspaces/openwrt-radxa-rock5b-plus/openwrt/staging_dir/target-aarch64_generic_musl/pkginfo/kmod-nf-nat.missing" >&2; false; fi; )
export CROSS="aarch64-openwrt-linux-musl-"  NO_RENAME=1 ; NM="aarch64-openwrt-linux-musl-nm" STRIP="/workspaces/openwrt-radxa-rock5b-plus/openwrt/staging_dir/host/bin/sstrip -z" STRIP_KMOD="/workspaces/openwrt-radxa-rock5b-plus/openwrt/scripts/strip-kmod.sh" PATCHELF="/workspaces/openwrt-radxa-rock5b-plus/openwrt/staging_dir/host/bin/patchelf" /workspaces/openwrt-radxa-rock5b-plus/openwrt/scripts/rstrip.sh /workspaces/openwrt-radxa-rock5b-plus/openwrt/build_dir/target-aarch64_generic_musl/linux-rockchip_armv8/packages/ipkg-aarch64_generic/kmod-nf-nat
install -d -m0755 /workspaces/openwrt-radxa-rock5b-plus/openwrt/bin/targets/rockchip/armv8/packages/tmp
mkdir -p /workspaces/openwrt-radxa-rock5b-plus/openwrt/build_dir/target-aarch64_generic_musl/linux-rockchip_armv8/packages/apk-aarch64_generic/kmod-nf-nat/
mkdir -p /workspaces/openwrt-radxa-rock5b-plus/openwrt/build_dir/target-aarch64_generic_musl/linux-rockchip_armv8/packages/ipkg-aarch64_generic/kmod-nf-nat/lib/apk/packages/
(cd /workspaces/openwrt-radxa-rock5b-plus/openwrt/build_dir/target-aarch64_generic_musl/linux-rockchip_armv8/packages/apk-aarch64_generic/kmod-nf-nat; )
( echo "#!/bin/sh"; echo "[ \"\${IPKG_NO_SCRIPT}\" = \"1\" ] && exit 0"; echo "[ -s "\${IPKG_INSTROOT}/lib/functions.sh" ] || exit 0"; echo ". \${IPKG_INSTROOT}/lib/functions.sh"; echo 'export root="${IPKG_INSTROOT}"'; echo 'export pkgname="kmod-nf-nat"'; echo "add_group_and_user"; echo "default_postinst"; [ ! -f /workspaces/openwrt-radxa-rock5b-plus/openwrt/build_dir/target-aarch64_generic_musl/linux-rockchip_armv8/packages/apk-aarch64_generic/kmod-nf-nat/postinst-pkg ] || sed -z 's/^\s*#!/#!/' "/workspaces/openwrt-radxa-rock5b-plus/openwrt/build_dir/target-aarch64_generic_musl/linux-rockchip_armv8/packages/apk-aarch64_generic/kmod-nf-nat/postinst-pkg"; ) > /workspaces/openwrt-radxa-rock5b-plus/openwrt/build_dir/target-aarch64_generic_musl/linux-rockchip_armv8/packages/apk-aarch64_generic/kmod-nf-nat/post-install;
( echo "#!/bin/sh"; echo 'export PKG_UPGRADE=1'; [ ! -f /workspaces/openwrt-radxa-rock5b-plus/openwrt/build_dir/target-aarch64_generic_musl/linux-rockchip_armv8/packages/apk-aarch64_generic/kmod-nf-nat/post-install ] || sed -z 's/^\s*#!/#!/' "/workspaces/openwrt-radxa-rock5b-plus/openwrt/build_dir/target-aarch64_generic_musl/linux-rockchip_armv8/packages/apk-aarch64_generic/kmod-nf-nat/post-install"; ) > /workspaces/openwrt-radxa-rock5b-plus/openwrt/build_dir/target-aarch64_generic_musl/linux-rockchip_armv8/packages/apk-aarch64_generic/kmod-nf-nat/post-upgrade;
( echo "#!/bin/sh"; echo "[ -s "\${IPKG_INSTROOT}/lib/functions.sh" ] || exit 0"; echo ". \${IPKG_INSTROOT}/lib/functions.sh"; echo 'export root="${IPKG_INSTROOT}"'; echo 'export pkgname="kmod-nf-nat"'; echo "default_prerm"; [ ! -f /workspaces/openwrt-radxa-rock5b-plus/openwrt/build_dir/target-aarch64_generic_musl/linux-rockchip_armv8/packages/apk-aarch64_generic/kmod-nf-nat/prerm-pkg ] || sed -z 's/^\s*#!/#!/' "/workspaces/openwrt-radxa-rock5b-plus/openwrt/build_dir/target-aarch64_generic_musl/linux-rockchip_armv8/packages/apk-aarch64_generic/kmod-nf-nat/prerm-pkg"; ) > /workspaces/openwrt-radxa-rock5b-plus/openwrt/build_dir/target-aarch64_generic_musl/linux-rockchip_armv8/packages/apk-aarch64_generic/kmod-nf-nat/pre-deinstall;
[ ! -f /workspaces/openwrt-radxa-rock5b-plus/openwrt/build_dir/target-aarch64_generic_musl/linux-rockchip_armv8/packages/apk-aarch64_generic/kmod-nf-nat/postrm ] || sed -zi 's/^\s*#!/#!/' "/workspaces/openwrt-radxa-rock5b-plus/openwrt/build_dir/target-aarch64_generic_musl/linux-rockchip_armv8/packages/apk-aarch64_generic/kmod-nf-nat/postrm";
if [ -n "" ]; then echo  > /workspaces/openwrt-radxa-rock5b-plus/openwrt/build_dir/target-aarch64_generic_musl/linux-rockchip_armv8/packages/ipkg-aarch64_generic/kmod-nf-nat/lib/apk/packages/kmod-nf-nat.rusers; fi;
if [ -n "" ]; then echo  > /workspaces/openwrt-radxa-rock5b-plus/openwrt/build_dir/target-aarch64_generic_musl/linux-rockchip_armv8/packages/ipkg-aarch64_generic/kmod-nf-nat/lib/apk/packages/kmod-nf-nat.alternatives; fi;
(cd /workspaces/openwrt-radxa-rock5b-plus/openwrt/build_dir/target-aarch64_generic_musl/linux-rockchip_armv8/packages/ipkg-aarch64_generic/kmod-nf-nat && find . -type f,l -printf "/%P\n" | sort > /workspaces/openwrt-radxa-rock5b-plus/openwrt/tmp/kmod-nf-nat.list && mv /workspaces/openwrt-radxa-rock5b-plus/openwrt/tmp/kmod-nf-nat.list /workspaces/openwrt-radxa-rock5b-plus/openwrt/build_dir/target-aarch64_generic_musl/linux-rockchip_armv8/packages/ipkg-aarch64_generic/kmod-nf-nat/lib/apk/packages/kmod-nf-nat.list)
# Move conffiles to IDIR and build conffiles_static with csums
if [ -f /workspaces/openwrt-radxa-rock5b-plus/openwrt/build_dir/target-aarch64_generic_musl/linux-rockchip_armv8/packages/apk-aarch64_generic/kmod-nf-nat/conffiles ]; then mv -f /workspaces/openwrt-radxa-rock5b-plus/openwrt/build_dir/target-aarch64_generic_musl/linux-rockchip_armv8/packages/apk-aarch64_generic/kmod-nf-nat/conffiles /workspaces/openwrt-radxa-rock5b-plus/openwrt/build_dir/target-aarch64_generic_musl/linux-rockchip_armv8/packages/ipkg-aarch64_generic/kmod-nf-nat/lib/apk/packages/kmod-nf-nat.conffiles; for file in $(cat /workspaces/openwrt-radxa-rock5b-plus/openwrt/build_dir/target-aarch64_generic_musl/linux-rockchip_armv8/packages/ipkg-aarch64_generic/kmod-nf-nat/lib/apk/packages/kmod-nf-nat.conffiles); do [ -f /workspaces/openwrt-radxa-rock5b-plus/openwrt/build_dir/target-aarch64_generic_musl/linux-rockchip_armv8/packages/ipkg-aarch64_generic/kmod-nf-nat/$file ] || continue; csum=$(/workspaces/openwrt-radxa-rock5b-plus/openwrt/staging_dir/host/bin/mkhash sha256 /workspaces/openwrt-radxa-rock5b-plus/openwrt/build_dir/target-aarch64_generic_musl/linux-rockchip_armv8/packages/ipkg-aarch64_generic/kmod-nf-nat/$file); echo $file $csum >> /workspaces/openwrt-radxa-rock5b-plus/openwrt/build_dir/target-aarch64_generic_musl/linux-rockchip_armv8/packages/ipkg-aarch64_generic/kmod-nf-nat/lib/apk/packages/kmod-nf-nat.conffiles_static; done; fi
# Some package (base-files) manually append stuff to conffiles
# Append stuff from it and delete the CONTROL directory since everything else should be migrated
if [ -f /workspaces/openwrt-radxa-rock5b-plus/openwrt/build_dir/target-aarch64_generic_musl/linux-rockchip_armv8/packages/ipkg-aarch64_generic/kmod-nf-nat/CONTROL/conffiles ]; then echo $(IDIR_kmod-nf-nat)/CONTROL/conffiles >> /workspaces/openwrt-radxa-rock5b-plus/openwrt/build_dir/target-aarch64_generic_musl/linux-rockchip_armv8/packages/ipkg-aarch64_generic/kmod-nf-nat/lib/apk/packages/kmod-nf-nat.conffiles; for file in $(cat /workspaces/openwrt-radxa-rock5b-plus/openwrt/build_dir/target-aarch64_generic_musl/linux-rockchip_armv8/packages/ipkg-aarch64_generic/kmod-nf-nat/CONTROL/conffiles); do [ -f /workspaces/openwrt-radxa-rock5b-plus/openwrt/build_dir/target-aarch64_generic_musl/linux-rockchip_armv8/packages/ipkg-aarch64_generic/kmod-nf-nat/$file ] || continue; csum=$(/workspaces/openwrt-radxa-rock5b-plus/openwrt/staging_dir/host/bin/mkhash sha256 /workspaces/openwrt-radxa-rock5b-plus/openwrt/build_dir/target-aarch64_generic_musl/linux-rockchip_armv8/packages/ipkg-aarch64_generic/kmod-nf-nat/$file); echo $file $csum >> /workspaces/openwrt-radxa-rock5b-plus/openwrt/build_dir/target-aarch64_generic_musl/linux-rockchip_armv8/packages/ipkg-aarch64_generic/kmod-nf-nat/lib/apk/packages/kmod-nf-nat.conffiles_static; done; rm -rf /workspaces/openwrt-radxa-rock5b-plus/openwrt/build_dir/target-aarch64_generic_musl/linux-rockchip_armv8/packages/ipkg-aarch64_generic/kmod-nf-nat/CONTROL/conffiles; fi
if [ -z "$(ls -A /workspaces/openwrt-radxa-rock5b-plus/openwrt/build_dir/target-aarch64_generic_musl/linux-rockchip_armv8/packages/ipkg-aarch64_generic/kmod-nf-nat/CONTROL 2>/dev/null)" ]; then rm -rf /workspaces/openwrt-radxa-rock5b-plus/openwrt/build_dir/target-aarch64_generic_musl/linux-rockchip_armv8/packages/ipkg-aarch64_generic/kmod-nf-nat/CONTROL; else echo "CONTROL directory /workspaces/openwrt-radxa-rock5b-plus/openwrt/build_dir/target-aarch64_generic_musl/linux-rockchip_armv8/packages/ipkg-aarch64_generic/kmod-nf-nat/CONTROL is not empty! This is not right and should be checked!" >&2; exit 1; fi
/workspaces/openwrt-radxa-rock5b-plus/openwrt/staging_dir/host/bin/fakeroot /workspaces/openwrt-radxa-rock5b-plus/openwrt/staging_dir/host/bin/apk mkpkg --info "name:kmod-nf-nat" --info "version:6.12.45-r1"  --info "description:Netfilter NAT" --info "arch:aarch64_generic" --info "license:GPL-2.0-only" --info "origin:feeds/base/kernel/linux" --info "url:" --info "maintainer:" --info "provides:"  --script "post-install:/workspaces/openwrt-radxa-rock5b-plus/openwrt/build_dir/target-aarch64_generic_musl/linux-rockchip_armv8/packages/apk-aarch64_generic/kmod-nf-nat/post-install" --script "post-upgrade:/workspaces/openwrt-radxa-rock5b-plus/openwrt/build_dir/target-aarch64_generic_musl/linux-rockchip_armv8/packages/apk-aarch64_generic/kmod-nf-nat/post-upgrade" --script "pre-deinstall:/workspaces/openwrt-radxa-rock5b-plus/openwrt/build_dir/target-aarch64_generic_musl/linux-rockchip_armv8/packages/apk-aarch64_generic/kmod-nf-nat/pre-deinstall" --info "depends:kernel=6.12.45~bfdb4691414eb2d33b0186227f6f0e2d-r1 kmod-nf-conntrack" --files "/workspaces/openwrt-radxa-rock5b-plus/openwrt/build_dir/target-aarch64_generic_musl/linux-rockchip_armv8/packages/ipkg-aarch64_generic/kmod-nf-nat" --output "/workspaces/openwrt-radxa-rock5b-plus/openwrt/bin/targets/rockchip/armv8/packages/kmod-nf-nat-6.12.45-r1.apk" --sign "/workspaces/openwrt-radxa-rock5b-plus/openwrt/private-key.pem"
[ -f /workspaces/openwrt-radxa-rock5b-plus/openwrt/bin/targets/rockchip/armv8/packages/kmod-nf-nat-6.12.45-r1.apk ]
removed '/workspaces/openwrt-radxa-rock5b-plus/openwrt/bin/targets/rockchip/armv8/packages/kmod-nf-nat-6.12.45-r1.apk'
rstrip.sh: /workspaces/openwrt-radxa-rock5b-plus/openwrt/build_dir/target-aarch64_generic_musl/linux-rockchip_armv8/packages/ipkg-aarch64_generic/kmod-nf-nat/lib/modules/6.12.45/nf_nat.ko: relocatable
rm -rf /workspaces/openwrt-radxa-rock5b-plus/openwrt/build_dir/target-aarch64_generic_musl/linux-rockchip_armv8/packages/ipkg-aarch64_generic/kmod-nf-flow
/workspaces/openwrt-radxa-rock5b-plus/openwrt/scripts/ipkg-remove kmod-nf-flow /workspaces/openwrt-radxa-rock5b-plus/openwrt/bin/targets/rockchip/armv8/packages/kmod-nf-flow-6.12.45-r1.apk
mkdir -p /workspaces/openwrt-radxa-rock5b-plus/openwrt/bin/targets/rockchip/armv8/packages /workspaces/openwrt-radxa-rock5b-plus/openwrt/build_dir/target-aarch64_generic_musl/linux-rockchip_armv8/packages/ipkg-aarch64_generic/kmod-nf-flow /workspaces/openwrt-radxa-rock5b-plus/openwrt/staging_dir/target-aarch64_generic_musl/pkginfo
for mod in /workspaces/openwrt-radxa-rock5b-plus/openwrt/build_dir/target-aarch64_generic_musl/linux-rockchip_armv8/linux-6.12.45/net/netfilter/nf_flow_table.ko; do if grep -q "${mod##/workspaces/openwrt-radxa-rock5b-plus/openwrt/build_dir/target-aarch64_generic_musl/linux-rockchip_armv8/linux-6.12.45/}" "/workspaces/openwrt-radxa-rock5b-plus/openwrt/build_dir/target-aarch64_generic_musl/linux-rockchip_armv8/linux-6.12.45/modules.builtin"; then echo "NOTICE: module '$mod' is built-in."; elif [ -e $mod ]; then mkdir -p /workspaces/openwrt-radxa-rock5b-plus/openwrt/build_dir/target-aarch64_generic_musl/linux-rockchip_armv8/packages/ipkg-aarch64_generic/kmod-nf-flow/lib/modules/6.12.45 ; cp -fpR -L $mod /workspaces/openwrt-radxa-rock5b-plus/openwrt/build_dir/target-aarch64_generic_musl/linux-rockchip_armv8/packages/ipkg-aarch64_generic/kmod-nf-flow/lib/modules/6.12.45/ ; else echo "ERROR: module '$mod' is missing." >&2; exit 1; fi; done;
mkdir -p /workspaces/openwrt-radxa-rock5b-plus/openwrt/build_dir/target-aarch64_generic_musl/linux-rockchip_armv8/packages/ipkg-aarch64_generic/kmod-nf-flow/etc/modules.d; ( echo "nf_flow_table";   echo "nf_flow_table_hw"; ) > /workspaces/openwrt-radxa-rock5b-plus/openwrt/build_dir/target-aarch64_generic_musl/linux-rockchip_armv8/packages/ipkg-aarch64_generic/kmod-nf-flow/etc/modules.d/nf-flow; 



find /workspaces/openwrt-radxa-rock5b-plus/openwrt/build_dir/target-aarch64_generic_musl/linux-rockchip_armv8/packages/ipkg-aarch64_generic/kmod-nf-flow -name 'CVS' -o -name '.svn' -o -name '.#*' -o -name '*~'| xargs -r rm -rf
( find /workspaces/openwrt-radxa-rock5b-plus/openwrt/build_dir/target-aarch64_generic_musl/linux-rockchip_armv8/packages/ipkg-aarch64_generic/kmod-nf-flow -name lib\*.so\* -or -name \*.ko | awk -F/ '{ print $NF }'; for file in /workspaces/openwrt-radxa-rock5b-plus/openwrt/staging_dir/target-aarch64_generic_musl/pkginfo/kmod-nf-conntrack.provides; do if [ -f "$file" ]; then cat $file; fi; done;  ) | sort -u > /workspaces/openwrt-radxa-rock5b-plus/openwrt/staging_dir/target-aarch64_generic_musl/pkginfo/kmod-nf-flow.provides

( rm -f /workspaces/openwrt-radxa-rock5b-plus/openwrt/staging_dir/target-aarch64_generic_musl/pkginfo/kmod-nf-flow.missing; ( export READELF=aarch64-openwrt-linux-musl-readelf OBJCOPY=aarch64-openwrt-linux-musl-objcopy XARGS="xargs -r"; /workspaces/openwrt-radxa-rock5b-plus/openwrt/scripts/gen-dependencies.sh "/workspaces/openwrt-radxa-rock5b-plus/openwrt/build_dir/target-aarch64_generic_musl/linux-rockchip_armv8/packages/ipkg-aarch64_generic/kmod-nf-flow"; ) | while read FILE; do grep -qxF "$FILE" /workspaces/openwrt-radxa-rock5b-plus/openwrt/staging_dir/target-aarch64_generic_musl/pkginfo/kmod-nf-flow.provides || echo "$FILE" >> /workspaces/openwrt-radxa-rock5b-plus/openwrt/staging_dir/target-aarch64_generic_musl/pkginfo/kmod-nf-flow.missing; done; if [ -f "/workspaces/openwrt-radxa-rock5b-plus/openwrt/staging_dir/target-aarch64_generic_musl/pkginfo/kmod-nf-flow.missing" ]; then echo "Package kmod-nf-flow is missing dependencies for the following libraries:" >&2; cat "/workspaces/openwrt-radxa-rock5b-plus/openwrt/staging_dir/target-aarch64_generic_musl/pkginfo/kmod-nf-flow.missing" >&2; false; fi; )
export CROSS="aarch64-openwrt-linux-musl-"  NO_RENAME=1 ; NM="aarch64-openwrt-linux-musl-nm" STRIP="/workspaces/openwrt-radxa-rock5b-plus/openwrt/staging_dir/host/bin/sstrip -z" STRIP_KMOD="/workspaces/openwrt-radxa-rock5b-plus/openwrt/scripts/strip-kmod.sh" PATCHELF="/workspaces/openwrt-radxa-rock5b-plus/openwrt/staging_dir/host/bin/patchelf" /workspaces/openwrt-radxa-rock5b-plus/openwrt/scripts/rstrip.sh /workspaces/openwrt-radxa-rock5b-plus/openwrt/build_dir/target-aarch64_generic_musl/linux-rockchip_armv8/packages/ipkg-aarch64_generic/kmod-nf-flow
install -d -m0755 /workspaces/openwrt-radxa-rock5b-plus/openwrt/bin/targets/rockchip/armv8/packages/tmp
mkdir -p /workspaces/openwrt-radxa-rock5b-plus/openwrt/build_dir/target-aarch64_generic_musl/linux-rockchip_armv8/packages/apk-aarch64_generic/kmod-nf-flow/
mkdir -p /workspaces/openwrt-radxa-rock5b-plus/openwrt/build_dir/target-aarch64_generic_musl/linux-rockchip_armv8/packages/ipkg-aarch64_generic/kmod-nf-flow/lib/apk/packages/
(cd /workspaces/openwrt-radxa-rock5b-plus/openwrt/build_dir/target-aarch64_generic_musl/linux-rockchip_armv8/packages/apk-aarch64_generic/kmod-nf-flow; )
( echo "#!/bin/sh"; echo "[ \"\${IPKG_NO_SCRIPT}\" = \"1\" ] && exit 0"; echo "[ -s "\${IPKG_INSTROOT}/lib/functions.sh" ] || exit 0"; echo ". \${IPKG_INSTROOT}/lib/functions.sh"; echo 'export root="${IPKG_INSTROOT}"'; echo 'export pkgname="kmod-nf-flow"'; echo "add_group_and_user"; echo "default_postinst"; [ ! -f /workspaces/openwrt-radxa-rock5b-plus/openwrt/build_dir/target-aarch64_generic_musl/linux-rockchip_armv8/packages/apk-aarch64_generic/kmod-nf-flow/postinst-pkg ] || sed -z 's/^\s*#!/#!/' "/workspaces/openwrt-radxa-rock5b-plus/openwrt/build_dir/target-aarch64_generic_musl/linux-rockchip_armv8/packages/apk-aarch64_generic/kmod-nf-flow/postinst-pkg"; ) > /workspaces/openwrt-radxa-rock5b-plus/openwrt/build_dir/target-aarch64_generic_musl/linux-rockchip_armv8/packages/apk-aarch64_generic/kmod-nf-flow/post-install;
( echo "#!/bin/sh"; echo 'export PKG_UPGRADE=1'; [ ! -f /workspaces/openwrt-radxa-rock5b-plus/openwrt/build_dir/target-aarch64_generic_musl/linux-rockchip_armv8/packages/apk-aarch64_generic/kmod-nf-flow/post-install ] || sed -z 's/^\s*#!/#!/' "/workspaces/openwrt-radxa-rock5b-plus/openwrt/build_dir/target-aarch64_generic_musl/linux-rockchip_armv8/packages/apk-aarch64_generic/kmod-nf-flow/post-install"; ) > /workspaces/openwrt-radxa-rock5b-plus/openwrt/build_dir/target-aarch64_generic_musl/linux-rockchip_armv8/packages/apk-aarch64_generic/kmod-nf-flow/post-upgrade;
( echo "#!/bin/sh"; echo "[ -s "\${IPKG_INSTROOT}/lib/functions.sh" ] || exit 0"; echo ". \${IPKG_INSTROOT}/lib/functions.sh"; echo 'export root="${IPKG_INSTROOT}"'; echo 'export pkgname="kmod-nf-flow"'; echo "default_prerm"; [ ! -f /workspaces/openwrt-radxa-rock5b-plus/openwrt/build_dir/target-aarch64_generic_musl/linux-rockchip_armv8/packages/apk-aarch64_generic/kmod-nf-flow/prerm-pkg ] || sed -z 's/^\s*#!/#!/' "/workspaces/openwrt-radxa-rock5b-plus/openwrt/build_dir/target-aarch64_generic_musl/linux-rockchip_armv8/packages/apk-aarch64_generic/kmod-nf-flow/prerm-pkg"; ) > /workspaces/openwrt-radxa-rock5b-plus/openwrt/build_dir/target-aarch64_generic_musl/linux-rockchip_armv8/packages/apk-aarch64_generic/kmod-nf-flow/pre-deinstall;
[ ! -f /workspaces/openwrt-radxa-rock5b-plus/openwrt/build_dir/target-aarch64_generic_musl/linux-rockchip_armv8/packages/apk-aarch64_generic/kmod-nf-flow/postrm ] || sed -zi 's/^\s*#!/#!/' "/workspaces/openwrt-radxa-rock5b-plus/openwrt/build_dir/target-aarch64_generic_musl/linux-rockchip_armv8/packages/apk-aarch64_generic/kmod-nf-flow/postrm";
if [ -n "" ]; then echo  > /workspaces/openwrt-radxa-rock5b-plus/openwrt/build_dir/target-aarch64_generic_musl/linux-rockchip_armv8/packages/ipkg-aarch64_generic/kmod-nf-flow/lib/apk/packages/kmod-nf-flow.rusers; fi;
if [ -n "" ]; then echo  > /workspaces/openwrt-radxa-rock5b-plus/openwrt/build_dir/target-aarch64_generic_musl/linux-rockchip_armv8/packages/ipkg-aarch64_generic/kmod-nf-flow/lib/apk/packages/kmod-nf-flow.alternatives; fi;
(cd /workspaces/openwrt-radxa-rock5b-plus/openwrt/build_dir/target-aarch64_generic_musl/linux-rockchip_armv8/packages/ipkg-aarch64_generic/kmod-nf-flow && find . -type f,l -printf "/%P\n" | sort > /workspaces/openwrt-radxa-rock5b-plus/openwrt/tmp/kmod-nf-flow.list && mv /workspaces/openwrt-radxa-rock5b-plus/openwrt/tmp/kmod-nf-flow.list /workspaces/openwrt-radxa-rock5b-plus/openwrt/build_dir/target-aarch64_generic_musl/linux-rockchip_armv8/packages/ipkg-aarch64_generic/kmod-nf-flow/lib/apk/packages/kmod-nf-flow.list)
# Move conffiles to IDIR and build conffiles_static with csums
if [ -f /workspaces/openwrt-radxa-rock5b-plus/openwrt/build_dir/target-aarch64_generic_musl/linux-rockchip_armv8/packages/apk-aarch64_generic/kmod-nf-flow/conffiles ]; then mv -f /workspaces/openwrt-radxa-rock5b-plus/openwrt/build_dir/target-aarch64_generic_musl/linux-rockchip_armv8/packages/apk-aarch64_generic/kmod-nf-flow/conffiles /workspaces/openwrt-radxa-rock5b-plus/openwrt/build_dir/target-aarch64_generic_musl/linux-rockchip_armv8/packages/ipkg-aarch64_generic/kmod-nf-flow/lib/apk/packages/kmod-nf-flow.conffiles; for file in $(cat /workspaces/openwrt-radxa-rock5b-plus/openwrt/build_dir/target-aarch64_generic_musl/linux-rockchip_armv8/packages/ipkg-aarch64_generic/kmod-nf-flow/lib/apk/packages/kmod-nf-flow.conffiles); do [ -f /workspaces/openwrt-radxa-rock5b-plus/openwrt/build_dir/target-aarch64_generic_musl/linux-rockchip_armv8/packages/ipkg-aarch64_generic/kmod-nf-flow/$file ] || continue; csum=$(/workspaces/openwrt-radxa-rock5b-plus/openwrt/staging_dir/host/bin/mkhash sha256 /workspaces/openwrt-radxa-rock5b-plus/openwrt/build_dir/target-aarch64_generic_musl/linux-rockchip_armv8/packages/ipkg-aarch64_generic/kmod-nf-flow/$file); echo $file $csum >> /workspaces/openwrt-radxa-rock5b-plus/openwrt/build_dir/target-aarch64_generic_musl/linux-rockchip_armv8/packages/ipkg-aarch64_generic/kmod-nf-flow/lib/apk/packages/kmod-nf-flow.conffiles_static; done; fi
# Some package (base-files) manually append stuff to conffiles
# Append stuff from it and delete the CONTROL directory since everything else should be migrated
if [ -f /workspaces/openwrt-radxa-rock5b-plus/openwrt/build_dir/target-aarch64_generic_musl/linux-rockchip_armv8/packages/ipkg-aarch64_generic/kmod-nf-flow/CONTROL/conffiles ]; then echo $(IDIR_kmod-nf-flow)/CONTROL/conffiles >> /workspaces/openwrt-radxa-rock5b-plus/openwrt/build_dir/target-aarch64_generic_musl/linux-rockchip_armv8/packages/ipkg-aarch64_generic/kmod-nf-flow/lib/apk/packages/kmod-nf-flow.conffiles; for file in $(cat /workspaces/openwrt-radxa-rock5b-plus/openwrt/build_dir/target-aarch64_generic_musl/linux-rockchip_armv8/packages/ipkg-aarch64_generic/kmod-nf-flow/CONTROL/conffiles); do [ -f /workspaces/openwrt-radxa-rock5b-plus/openwrt/build_dir/target-aarch64_generic_musl/linux-rockchip_armv8/packages/ipkg-aarch64_generic/kmod-nf-flow/$file ] || continue; csum=$(/workspaces/openwrt-radxa-rock5b-plus/openwrt/staging_dir/host/bin/mkhash sha256 /workspaces/openwrt-radxa-rock5b-plus/openwrt/build_dir/target-aarch64_generic_musl/linux-rockchip_armv8/packages/ipkg-aarch64_generic/kmod-nf-flow/$file); echo $file $csum >> /workspaces/openwrt-radxa-rock5b-plus/openwrt/build_dir/target-aarch64_generic_musl/linux-rockchip_armv8/packages/ipkg-aarch64_generic/kmod-nf-flow/lib/apk/packages/kmod-nf-flow.conffiles_static; done; rm -rf /workspaces/openwrt-radxa-rock5b-plus/openwrt/build_dir/target-aarch64_generic_musl/linux-rockchip_armv8/packages/ipkg-aarch64_generic/kmod-nf-flow/CONTROL/conffiles; fi
if [ -z "$(ls -A /workspaces/openwrt-radxa-rock5b-plus/openwrt/build_dir/target-aarch64_generic_musl/linux-rockchip_armv8/packages/ipkg-aarch64_generic/kmod-nf-flow/CONTROL 2>/dev/null)" ]; then rm -rf /workspaces/openwrt-radxa-rock5b-plus/openwrt/build_dir/target-aarch64_generic_musl/linux-rockchip_armv8/packages/ipkg-aarch64_generic/kmod-nf-flow/CONTROL; else echo "CONTROL directory /workspaces/openwrt-radxa-rock5b-plus/openwrt/build_dir/target-aarch64_generic_musl/linux-rockchip_armv8/packages/ipkg-aarch64_generic/kmod-nf-flow/CONTROL is not empty! This is not right and should be checked!" >&2; exit 1; fi
/workspaces/openwrt-radxa-rock5b-plus/openwrt/staging_dir/host/bin/fakeroot /workspaces/openwrt-radxa-rock5b-plus/openwrt/staging_dir/host/bin/apk mkpkg --info "name:kmod-nf-flow" --info "version:6.12.45-r1"  --info "description:Netfilter flowtable support" --info "arch:aarch64_generic" --info "license:GPL-2.0-only" --info "origin:feeds/base/kernel/linux" --info "url:" --info "maintainer:" --info "provides:"  --script "post-install:/workspaces/openwrt-radxa-rock5b-plus/openwrt/build_dir/target-aarch64_generic_musl/linux-rockchip_armv8/packages/apk-aarch64_generic/kmod-nf-flow/post-install" --script "post-upgrade:/workspaces/openwrt-radxa-rock5b-plus/openwrt/build_dir/target-aarch64_generic_musl/linux-rockchip_armv8/packages/apk-aarch64_generic/kmod-nf-flow/post-upgrade" --script "pre-deinstall:/workspaces/openwrt-radxa-rock5b-plus/openwrt/build_dir/target-aarch64_generic_musl/linux-rockchip_armv8/packages/apk-aarch64_generic/kmod-nf-flow/pre-deinstall" --info "depends:kernel=6.12.45~bfdb4691414eb2d33b0186227f6f0e2d-r1 kmod-nf-conntrack" --files "/workspaces/openwrt-radxa-rock5b-plus/openwrt/build_dir/target-aarch64_generic_musl/linux-rockchip_armv8/packages/ipkg-aarch64_generic/kmod-nf-flow" --output "/workspaces/openwrt-radxa-rock5b-plus/openwrt/bin/targets/rockchip/armv8/packages/kmod-nf-flow-6.12.45-r1.apk" --sign "/workspaces/openwrt-radxa-rock5b-plus/openwrt/private-key.pem"
[ -f /workspaces/openwrt-radxa-rock5b-plus/openwrt/bin/targets/rockchip/armv8/packages/kmod-nf-flow-6.12.45-r1.apk ]
removed '/workspaces/openwrt-radxa-rock5b-plus/openwrt/bin/targets/rockchip/armv8/packages/kmod-nf-flow-6.12.45-r1.apk'
rstrip.sh: /workspaces/openwrt-radxa-rock5b-plus/openwrt/build_dir/target-aarch64_generic_musl/linux-rockchip_armv8/packages/ipkg-aarch64_generic/kmod-nf-flow/lib/modules/6.12.45/nf_flow_table.ko: relocatable
rm -rf /workspaces/openwrt-radxa-rock5b-plus/openwrt/build_dir/target-aarch64_generic_musl/linux-rockchip_armv8/packages/ipkg-aarch64_generic/kmod-nfnetlink
/workspaces/openwrt-radxa-rock5b-plus/openwrt/scripts/ipkg-remove kmod-nfnetlink /workspaces/openwrt-radxa-rock5b-plus/openwrt/bin/targets/rockchip/armv8/packages/kmod-nfnetlink-6.12.45-r1.apk
mkdir -p /workspaces/openwrt-radxa-rock5b-plus/openwrt/bin/targets/rockchip/armv8/packages /workspaces/openwrt-radxa-rock5b-plus/openwrt/build_dir/target-aarch64_generic_musl/linux-rockchip_armv8/packages/ipkg-aarch64_generic/kmod-nfnetlink /workspaces/openwrt-radxa-rock5b-plus/openwrt/staging_dir/target-aarch64_generic_musl/pkginfo
for mod in /workspaces/openwrt-radxa-rock5b-plus/openwrt/build_dir/target-aarch64_generic_musl/linux-rockchip_armv8/linux-6.12.45/net/netfilter/nfnetlink.ko; do if grep -q "${mod##/workspaces/openwrt-radxa-rock5b-plus/openwrt/build_dir/target-aarch64_generic_musl/linux-rockchip_armv8/linux-6.12.45/}" "/workspaces/openwrt-radxa-rock5b-plus/openwrt/build_dir/target-aarch64_generic_musl/linux-rockchip_armv8/linux-6.12.45/modules.builtin"; then echo "NOTICE: module '$mod' is built-in."; elif [ -e $mod ]; then mkdir -p /workspaces/openwrt-radxa-rock5b-plus/openwrt/build_dir/target-aarch64_generic_musl/linux-rockchip_armv8/packages/ipkg-aarch64_generic/kmod-nfnetlink/lib/modules/6.12.45 ; cp -fpR -L $mod /workspaces/openwrt-radxa-rock5b-plus/openwrt/build_dir/target-aarch64_generic_musl/linux-rockchip_armv8/packages/ipkg-aarch64_generic/kmod-nfnetlink/lib/modules/6.12.45/ ; else echo "ERROR: module '$mod' is missing." >&2; exit 1; fi; done;
mkdir -p /workspaces/openwrt-radxa-rock5b-plus/openwrt/build_dir/target-aarch64_generic_musl/linux-rockchip_armv8/packages/ipkg-aarch64_generic/kmod-nfnetlink/etc/modules.d; ( echo "nfnetlink"; ) > /workspaces/openwrt-radxa-rock5b-plus/openwrt/build_dir/target-aarch64_generic_musl/linux-rockchip_armv8/packages/ipkg-aarch64_generic/kmod-nfnetlink/etc/modules.d/nfnetlink; 



find /workspaces/openwrt-radxa-rock5b-plus/openwrt/build_dir/target-aarch64_generic_musl/linux-rockchip_armv8/packages/ipkg-aarch64_generic/kmod-nfnetlink -name 'CVS' -o -name '.svn' -o -name '.#*' -o -name '*~'| xargs -r rm -rf
( find /workspaces/openwrt-radxa-rock5b-plus/openwrt/build_dir/target-aarch64_generic_musl/linux-rockchip_armv8/packages/ipkg-aarch64_generic/kmod-nfnetlink -name lib\*.so\* -or -name \*.ko | awk -F/ '{ print $NF }'; for file in ; do if [ -f "$file" ]; then cat $file; fi; done;  ) | sort -u > /workspaces/openwrt-radxa-rock5b-plus/openwrt/staging_dir/target-aarch64_generic_musl/pkginfo/kmod-nfnetlink.provides

( rm -f /workspaces/openwrt-radxa-rock5b-plus/openwrt/staging_dir/target-aarch64_generic_musl/pkginfo/kmod-nfnetlink.missing; ( export READELF=aarch64-openwrt-linux-musl-readelf OBJCOPY=aarch64-openwrt-linux-musl-objcopy XARGS="xargs -r"; /workspaces/openwrt-radxa-rock5b-plus/openwrt/scripts/gen-dependencies.sh "/workspaces/openwrt-radxa-rock5b-plus/openwrt/build_dir/target-aarch64_generic_musl/linux-rockchip_armv8/packages/ipkg-aarch64_generic/kmod-nfnetlink"; ) | while read FILE; do grep -qxF "$FILE" /workspaces/openwrt-radxa-rock5b-plus/openwrt/staging_dir/target-aarch64_generic_musl/pkginfo/kmod-nfnetlink.provides || echo "$FILE" >> /workspaces/openwrt-radxa-rock5b-plus/openwrt/staging_dir/target-aarch64_generic_musl/pkginfo/kmod-nfnetlink.missing; done; if [ -f "/workspaces/openwrt-radxa-rock5b-plus/openwrt/staging_dir/target-aarch64_generic_musl/pkginfo/kmod-nfnetlink.missing" ]; then echo "Package kmod-nfnetlink is missing dependencies for the following libraries:" >&2; cat "/workspaces/openwrt-radxa-rock5b-plus/openwrt/staging_dir/target-aarch64_generic_musl/pkginfo/kmod-nfnetlink.missing" >&2; false; fi; )
export CROSS="aarch64-openwrt-linux-musl-"  NO_RENAME=1 ; NM="aarch64-openwrt-linux-musl-nm" STRIP="/workspaces/openwrt-radxa-rock5b-plus/openwrt/staging_dir/host/bin/sstrip -z" STRIP_KMOD="/workspaces/openwrt-radxa-rock5b-plus/openwrt/scripts/strip-kmod.sh" PATCHELF="/workspaces/openwrt-radxa-rock5b-plus/openwrt/staging_dir/host/bin/patchelf" /workspaces/openwrt-radxa-rock5b-plus/openwrt/scripts/rstrip.sh /workspaces/openwrt-radxa-rock5b-plus/openwrt/build_dir/target-aarch64_generic_musl/linux-rockchip_armv8/packages/ipkg-aarch64_generic/kmod-nfnetlink
install -d -m0755 /workspaces/openwrt-radxa-rock5b-plus/openwrt/bin/targets/rockchip/armv8/packages/tmp
mkdir -p /workspaces/openwrt-radxa-rock5b-plus/openwrt/build_dir/target-aarch64_generic_musl/linux-rockchip_armv8/packages/apk-aarch64_generic/kmod-nfnetlink/
mkdir -p /workspaces/openwrt-radxa-rock5b-plus/openwrt/build_dir/target-aarch64_generic_musl/linux-rockchip_armv8/packages/ipkg-aarch64_generic/kmod-nfnetlink/lib/apk/packages/
(cd /workspaces/openwrt-radxa-rock5b-plus/openwrt/build_dir/target-aarch64_generic_musl/linux-rockchip_armv8/packages/apk-aarch64_generic/kmod-nfnetlink; )
( echo "#!/bin/sh"; echo "[ \"\${IPKG_NO_SCRIPT}\" = \"1\" ] && exit 0"; echo "[ -s "\${IPKG_INSTROOT}/lib/functions.sh" ] || exit 0"; echo ". \${IPKG_INSTROOT}/lib/functions.sh"; echo 'export root="${IPKG_INSTROOT}"'; echo 'export pkgname="kmod-nfnetlink"'; echo "add_group_and_user"; echo "default_postinst"; [ ! -f /workspaces/openwrt-radxa-rock5b-plus/openwrt/build_dir/target-aarch64_generic_musl/linux-rockchip_armv8/packages/apk-aarch64_generic/kmod-nfnetlink/postinst-pkg ] || sed -z 's/^\s*#!/#!/' "/workspaces/openwrt-radxa-rock5b-plus/openwrt/build_dir/target-aarch64_generic_musl/linux-rockchip_armv8/packages/apk-aarch64_generic/kmod-nfnetlink/postinst-pkg"; ) > /workspaces/openwrt-radxa-rock5b-plus/openwrt/build_dir/target-aarch64_generic_musl/linux-rockchip_armv8/packages/apk-aarch64_generic/kmod-nfnetlink/post-install;
( echo "#!/bin/sh"; echo 'export PKG_UPGRADE=1'; [ ! -f /workspaces/openwrt-radxa-rock5b-plus/openwrt/build_dir/target-aarch64_generic_musl/linux-rockchip_armv8/packages/apk-aarch64_generic/kmod-nfnetlink/post-install ] || sed -z 's/^\s*#!/#!/' "/workspaces/openwrt-radxa-rock5b-plus/openwrt/build_dir/target-aarch64_generic_musl/linux-rockchip_armv8/packages/apk-aarch64_generic/kmod-nfnetlink/post-install"; ) > /workspaces/openwrt-radxa-rock5b-plus/openwrt/build_dir/target-aarch64_generic_musl/linux-rockchip_armv8/packages/apk-aarch64_generic/kmod-nfnetlink/post-upgrade;
( echo "#!/bin/sh"; echo "[ -s "\${IPKG_INSTROOT}/lib/functions.sh" ] || exit 0"; echo ". \${IPKG_INSTROOT}/lib/functions.sh"; echo 'export root="${IPKG_INSTROOT}"'; echo 'export pkgname="kmod-nfnetlink"'; echo "default_prerm"; [ ! -f /workspaces/openwrt-radxa-rock5b-plus/openwrt/build_dir/target-aarch64_generic_musl/linux-rockchip_armv8/packages/apk-aarch64_generic/kmod-nfnetlink/prerm-pkg ] || sed -z 's/^\s*#!/#!/' "/workspaces/openwrt-radxa-rock5b-plus/openwrt/build_dir/target-aarch64_generic_musl/linux-rockchip_armv8/packages/apk-aarch64_generic/kmod-nfnetlink/prerm-pkg"; ) > /workspaces/openwrt-radxa-rock5b-plus/openwrt/build_dir/target-aarch64_generic_musl/linux-rockchip_armv8/packages/apk-aarch64_generic/kmod-nfnetlink/pre-deinstall;
[ ! -f /workspaces/openwrt-radxa-rock5b-plus/openwrt/build_dir/target-aarch64_generic_musl/linux-rockchip_armv8/packages/apk-aarch64_generic/kmod-nfnetlink/postrm ] || sed -zi 's/^\s*#!/#!/' "/workspaces/openwrt-radxa-rock5b-plus/openwrt/build_dir/target-aarch64_generic_musl/linux-rockchip_armv8/packages/apk-aarch64_generic/kmod-nfnetlink/postrm";
if [ -n "" ]; then echo  > /workspaces/openwrt-radxa-rock5b-plus/openwrt/build_dir/target-aarch64_generic_musl/linux-rockchip_armv8/packages/ipkg-aarch64_generic/kmod-nfnetlink/lib/apk/packages/kmod-nfnetlink.rusers; fi;
if [ -n "" ]; then echo  > /workspaces/openwrt-radxa-rock5b-plus/openwrt/build_dir/target-aarch64_generic_musl/linux-rockchip_armv8/packages/ipkg-aarch64_generic/kmod-nfnetlink/lib/apk/packages/kmod-nfnetlink.alternatives; fi;
(cd /workspaces/openwrt-radxa-rock5b-plus/openwrt/build_dir/target-aarch64_generic_musl/linux-rockchip_armv8/packages/ipkg-aarch64_generic/kmod-nfnetlink && find . -type f,l -printf "/%P\n" | sort > /workspaces/openwrt-radxa-rock5b-plus/openwrt/tmp/kmod-nfnetlink.list && mv /workspaces/openwrt-radxa-rock5b-plus/openwrt/tmp/kmod-nfnetlink.list /workspaces/openwrt-radxa-rock5b-plus/openwrt/build_dir/target-aarch64_generic_musl/linux-rockchip_armv8/packages/ipkg-aarch64_generic/kmod-nfnetlink/lib/apk/packages/kmod-nfnetlink.list)
# Move conffiles to IDIR and build conffiles_static with csums
if [ -f /workspaces/openwrt-radxa-rock5b-plus/openwrt/build_dir/target-aarch64_generic_musl/linux-rockchip_armv8/packages/apk-aarch64_generic/kmod-nfnetlink/conffiles ]; then mv -f /workspaces/openwrt-radxa-rock5b-plus/openwrt/build_dir/target-aarch64_generic_musl/linux-rockchip_armv8/packages/apk-aarch64_generic/kmod-nfnetlink/conffiles /workspaces/openwrt-radxa-rock5b-plus/openwrt/build_dir/target-aarch64_generic_musl/linux-rockchip_armv8/packages/ipkg-aarch64_generic/kmod-nfnetlink/lib/apk/packages/kmod-nfnetlink.conffiles; for file in $(cat /workspaces/openwrt-radxa-rock5b-plus/openwrt/build_dir/target-aarch64_generic_musl/linux-rockchip_armv8/packages/ipkg-aarch64_generic/kmod-nfnetlink/lib/apk/packages/kmod-nfnetlink.conffiles); do [ -f /workspaces/openwrt-radxa-rock5b-plus/openwrt/build_dir/target-aarch64_generic_musl/linux-rockchip_armv8/packages/ipkg-aarch64_generic/kmod-nfnetlink/$file ] || continue; csum=$(/workspaces/openwrt-radxa-rock5b-plus/openwrt/staging_dir/host/bin/mkhash sha256 /workspaces/openwrt-radxa-rock5b-plus/openwrt/build_dir/target-aarch64_generic_musl/linux-rockchip_armv8/packages/ipkg-aarch64_generic/kmod-nfnetlink/$file); echo $file $csum >> /workspaces/openwrt-radxa-rock5b-plus/openwrt/build_dir/target-aarch64_generic_musl/linux-rockchip_armv8/packages/ipkg-aarch64_generic/kmod-nfnetlink/lib/apk/packages/kmod-nfnetlink.conffiles_static; done; fi
# Some package (base-files) manually append stuff to conffiles
# Append stuff from it and delete the CONTROL directory since everything else should be migrated
if [ -f /workspaces/openwrt-radxa-rock5b-plus/openwrt/build_dir/target-aarch64_generic_musl/linux-rockchip_armv8/packages/ipkg-aarch64_generic/kmod-nfnetlink/CONTROL/conffiles ]; then echo $(IDIR_kmod-nfnetlink)/CONTROL/conffiles >> /workspaces/openwrt-radxa-rock5b-plus/openwrt/build_dir/target-aarch64_generic_musl/linux-rockchip_armv8/packages/ipkg-aarch64_generic/kmod-nfnetlink/lib/apk/packages/kmod-nfnetlink.conffiles; for file in $(cat /workspaces/openwrt-radxa-rock5b-plus/openwrt/build_dir/target-aarch64_generic_musl/linux-rockchip_armv8/packages/ipkg-aarch64_generic/kmod-nfnetlink/CONTROL/conffiles); do [ -f /workspaces/openwrt-radxa-rock5b-plus/openwrt/build_dir/target-aarch64_generic_musl/linux-rockchip_armv8/packages/ipkg-aarch64_generic/kmod-nfnetlink/$file ] || continue; csum=$(/workspaces/openwrt-radxa-rock5b-plus/openwrt/staging_dir/host/bin/mkhash sha256 /workspaces/openwrt-radxa-rock5b-plus/openwrt/build_dir/target-aarch64_generic_musl/linux-rockchip_armv8/packages/ipkg-aarch64_generic/kmod-nfnetlink/$file); echo $file $csum >> /workspaces/openwrt-radxa-rock5b-plus/openwrt/build_dir/target-aarch64_generic_musl/linux-rockchip_armv8/packages/ipkg-aarch64_generic/kmod-nfnetlink/lib/apk/packages/kmod-nfnetlink.conffiles_static; done; rm -rf /workspaces/openwrt-radxa-rock5b-plus/openwrt/build_dir/target-aarch64_generic_musl/linux-rockchip_armv8/packages/ipkg-aarch64_generic/kmod-nfnetlink/CONTROL/conffiles; fi
if [ -z "$(ls -A /workspaces/openwrt-radxa-rock5b-plus/openwrt/build_dir/target-aarch64_generic_musl/linux-rockchip_armv8/packages/ipkg-aarch64_generic/kmod-nfnetlink/CONTROL 2>/dev/null)" ]; then rm -rf /workspaces/openwrt-radxa-rock5b-plus/openwrt/build_dir/target-aarch64_generic_musl/linux-rockchip_armv8/packages/ipkg-aarch64_generic/kmod-nfnetlink/CONTROL; else echo "CONTROL directory /workspaces/openwrt-radxa-rock5b-plus/openwrt/build_dir/target-aarch64_generic_musl/linux-rockchip_armv8/packages/ipkg-aarch64_generic/kmod-nfnetlink/CONTROL is not empty! This is not right and should be checked!" >&2; exit 1; fi
/workspaces/openwrt-radxa-rock5b-plus/openwrt/staging_dir/host/bin/fakeroot /workspaces/openwrt-radxa-rock5b-plus/openwrt/staging_dir/host/bin/apk mkpkg --info "name:kmod-nfnetlink" --info "version:6.12.45-r1"  --info "description:Kernel modules support for a netlink-based userspace interface" --info "arch:aarch64_generic" --info "license:GPL-2.0-only" --info "origin:feeds/base/kernel/linux" --info "url:" --info "maintainer:" --info "provides:"  --script "post-install:/workspaces/openwrt-radxa-rock5b-plus/openwrt/build_dir/target-aarch64_generic_musl/linux-rockchip_armv8/packages/apk-aarch64_generic/kmod-nfnetlink/post-install" --script "post-upgrade:/workspaces/openwrt-radxa-rock5b-plus/openwrt/build_dir/target-aarch64_generic_musl/linux-rockchip_armv8/packages/apk-aarch64_generic/kmod-nfnetlink/post-upgrade" --script "pre-deinstall:/workspaces/openwrt-radxa-rock5b-plus/openwrt/build_dir/target-aarch64_generic_musl/linux-rockchip_armv8/packages/apk-aarch64_generic/kmod-nfnetlink/pre-deinstall" --info "depends:kernel=6.12.45~bfdb4691414eb2d33b0186227f6f0e2d-r1" --files "/workspaces/openwrt-radxa-rock5b-plus/openwrt/build_dir/target-aarch64_generic_musl/linux-rockchip_armv8/packages/ipkg-aarch64_generic/kmod-nfnetlink" --output "/workspaces/openwrt-radxa-rock5b-plus/openwrt/bin/targets/rockchip/armv8/packages/kmod-nfnetlink-6.12.45-r1.apk" --sign "/workspaces/openwrt-radxa-rock5b-plus/openwrt/private-key.pem"
[ -f /workspaces/openwrt-radxa-rock5b-plus/openwrt/bin/targets/rockchip/armv8/packages/kmod-nfnetlink-6.12.45-r1.apk ]
removed '/workspaces/openwrt-radxa-rock5b-plus/openwrt/bin/targets/rockchip/armv8/packages/kmod-nfnetlink-6.12.45-r1.apk'
rstrip.sh: /workspaces/openwrt-radxa-rock5b-plus/openwrt/build_dir/target-aarch64_generic_musl/linux-rockchip_armv8/packages/ipkg-aarch64_generic/kmod-nfnetlink/lib/modules/6.12.45/nfnetlink.ko: relocatable
rm -rf /workspaces/openwrt-radxa-rock5b-plus/openwrt/build_dir/target-aarch64_generic_musl/linux-rockchip_armv8/packages/ipkg-aarch64_generic/kmod-nft-core
/workspaces/openwrt-radxa-rock5b-plus/openwrt/scripts/ipkg-remove kmod-nft-core /workspaces/openwrt-radxa-rock5b-plus/openwrt/bin/targets/rockchip/armv8/packages/kmod-nft-core-6.12.45-r1.apk
mkdir -p /workspaces/openwrt-radxa-rock5b-plus/openwrt/bin/targets/rockchip/armv8/packages /workspaces/openwrt-radxa-rock5b-plus/openwrt/build_dir/target-aarch64_generic_musl/linux-rockchip_armv8/packages/ipkg-aarch64_generic/kmod-nft-core /workspaces/openwrt-radxa-rock5b-plus/openwrt/staging_dir/target-aarch64_generic_musl/pkginfo
for mod in /workspaces/openwrt-radxa-rock5b-plus/openwrt/build_dir/target-aarch64_generic_musl/linux-rockchip_armv8/linux-6.12.45/net/netfilter/nf_tables.ko /workspaces/openwrt-radxa-rock5b-plus/openwrt/build_dir/target-aarch64_generic_musl/linux-rockchip_armv8/linux-6.12.45/net/netfilter/nft_ct.ko /workspaces/openwrt-radxa-rock5b-plus/openwrt/build_dir/target-aarch64_generic_musl/linux-rockchip_armv8/linux-6.12.45/net/netfilter/nft_hash.ko /workspaces/openwrt-radxa-rock5b-plus/openwrt/build_dir/target-aarch64_generic_musl/linux-rockchip_armv8/linux-6.12.45/net/netfilter/nft_limit.ko /workspaces/openwrt-radxa-rock5b-plus/openwrt/build_dir/target-aarch64_generic_musl/linux-rockchip_armv8/linux-6.12.45/net/netfilter/nft_log.ko /workspaces/openwrt-radxa-rock5b-plus/openwrt/build_dir/target-aarch64_generic_musl/linux-rockchip_armv8/linux-6.12.45/net/netfilter/nft_numgen.ko /workspaces/openwrt-radxa-rock5b-plus/openwrt/build_dir/target-aarch64_generic_musl/linux-rockchip_armv8/linux-6.12.45/net/netfilter/nft_quota.ko /workspaces/openwrt-radxa-rock5b-plus/openwrt/build_dir/target-aarch64_generic_musl/linux-rockchip_armv8/linux-6.12.45/net/netfilter/nft_redir.ko /workspaces/openwrt-radxa-rock5b-plus/openwrt/build_dir/target-aarch64_generic_musl/linux-rockchip_armv8/linux-6.12.45/net/netfilter/nft_reject.ko /workspaces/openwrt-radxa-rock5b-plus/openwrt/build_dir/target-aarch64_generic_musl/linux-rockchip_armv8/linux-6.12.45/net/ipv4/netfilter/nft_reject_ipv4.ko /workspaces/openwrt-radxa-rock5b-plus/openwrt/build_dir/target-aarch64_generic_musl/linux-rockchip_armv8/linux-6.12.45/net/ipv6/netfilter/nft_reject_ipv6.ko /workspaces/openwrt-radxa-rock5b-plus/openwrt/build_dir/target-aarch64_generic_musl/linux-rockchip_armv8/linux-6.12.45/net/netfilter/nft_reject_inet.ko; do if grep -q "${mod##/workspaces/openwrt-radxa-rock5b-plus/openwrt/build_dir/target-aarch64_generic_musl/linux-rockchip_armv8/linux-6.12.45/}" "/workspaces/openwrt-radxa-rock5b-plus/openwrt/build_dir/target-aarch64_generic_musl/linux-rockchip_armv8/linux-6.12.45/modules.builtin"; then echo "NOTICE: module '$mod' is built-in."; elif [ -e $mod ]; then mkdir -p /workspaces/openwrt-radxa-rock5b-plus/openwrt/build_dir/target-aarch64_generic_musl/linux-rockchip_armv8/packages/ipkg-aarch64_generic/kmod-nft-core/lib/modules/6.12.45 ; cp -fpR -L $mod /workspaces/openwrt-radxa-rock5b-plus/openwrt/build_dir/target-aarch64_generic_musl/linux-rockchip_armv8/packages/ipkg-aarch64_generic/kmod-nft-core/lib/modules/6.12.45/ ; else echo "ERROR: module '$mod' is missing." >&2; exit 1; fi; done;
mkdir -p /workspaces/openwrt-radxa-rock5b-plus/openwrt/build_dir/target-aarch64_generic_musl/linux-rockchip_armv8/packages/ipkg-aarch64_generic/kmod-nft-core/etc/modules.d; ( echo "nf_tables";   echo "nft_ct";   echo "nft_hash";   echo "nft_limit";   echo "nft_log";   echo "nft_numgen";   echo "nft_quota";   echo "nft_redir";   echo "nft_reject";   echo "nft_reject_inet";   echo "nft_reject_ipv4";   echo "nft_reject_ipv6"; ) > /workspaces/openwrt-radxa-rock5b-plus/openwrt/build_dir/target-aarch64_generic_musl/linux-rockchip_armv8/packages/ipkg-aarch64_generic/kmod-nft-core/etc/modules.d/nft-core; 



find /workspaces/openwrt-radxa-rock5b-plus/openwrt/build_dir/target-aarch64_generic_musl/linux-rockchip_armv8/packages/ipkg-aarch64_generic/kmod-nft-core -name 'CVS' -o -name '.svn' -o -name '.#*' -o -name '*~'| xargs -r rm -rf
( find /workspaces/openwrt-radxa-rock5b-plus/openwrt/build_dir/target-aarch64_generic_musl/linux-rockchip_armv8/packages/ipkg-aarch64_generic/kmod-nft-core -name lib\*.so\* -or -name \*.ko | awk -F/ '{ print $NF }'; for file in /workspaces/openwrt-radxa-rock5b-plus/openwrt/staging_dir/target-aarch64_generic_musl/pkginfo/kmod-nfnetlink.provides /workspaces/openwrt-radxa-rock5b-plus/openwrt/staging_dir/target-aarch64_generic_musl/pkginfo/kmod-nf-reject.provides /workspaces/openwrt-radxa-rock5b-plus/openwrt/staging_dir/target-aarch64_generic_musl/pkginfo/kmod-nf-reject6.provides /workspaces/openwrt-radxa-rock5b-plus/openwrt/staging_dir/target-aarch64_generic_musl/pkginfo/kmod-nf-conntrack6.provides /workspaces/openwrt-radxa-rock5b-plus/openwrt/staging_dir/target-aarch64_generic_musl/pkginfo/kmod-nf-nat.provides /workspaces/openwrt-radxa-rock5b-plus/openwrt/staging_dir/target-aarch64_generic_musl/pkginfo/kmod-nf-log.provides /workspaces/openwrt-radxa-rock5b-plus/openwrt/staging_dir/target-aarch64_generic_musl/pkginfo/kmod-nf-log6.provides /workspaces/openwrt-radxa-rock5b-plus/openwrt/staging_dir/target-aarch64_generic_musl/pkginfo/kmod-lib-crc32c.provides; do if [ -f "$file" ]; then cat $file; fi; done;  ) | sort -u > /workspaces/openwrt-radxa-rock5b-plus/openwrt/staging_dir/target-aarch64_generic_musl/pkginfo/kmod-nft-core.provides

( rm -f /workspaces/openwrt-radxa-rock5b-plus/openwrt/staging_dir/target-aarch64_generic_musl/pkginfo/kmod-nft-core.missing; ( export READELF=aarch64-openwrt-linux-musl-readelf OBJCOPY=aarch64-openwrt-linux-musl-objcopy XARGS="xargs -r"; /workspaces/openwrt-radxa-rock5b-plus/openwrt/scripts/gen-dependencies.sh "/workspaces/openwrt-radxa-rock5b-plus/openwrt/build_dir/target-aarch64_generic_musl/linux-rockchip_armv8/packages/ipkg-aarch64_generic/kmod-nft-core"; ) | while read FILE; do grep -qxF "$FILE" /workspaces/openwrt-radxa-rock5b-plus/openwrt/staging_dir/target-aarch64_generic_musl/pkginfo/kmod-nft-core.provides || echo "$FILE" >> /workspaces/openwrt-radxa-rock5b-plus/openwrt/staging_dir/target-aarch64_generic_musl/pkginfo/kmod-nft-core.missing; done; if [ -f "/workspaces/openwrt-radxa-rock5b-plus/openwrt/staging_dir/target-aarch64_generic_musl/pkginfo/kmod-nft-core.missing" ]; then echo "Package kmod-nft-core is missing dependencies for the following libraries:" >&2; cat "/workspaces/openwrt-radxa-rock5b-plus/openwrt/staging_dir/target-aarch64_generic_musl/pkginfo/kmod-nft-core.missing" >&2; false; fi; )
export CROSS="aarch64-openwrt-linux-musl-"  NO_RENAME=1 ; NM="aarch64-openwrt-linux-musl-nm" STRIP="/workspaces/openwrt-radxa-rock5b-plus/openwrt/staging_dir/host/bin/sstrip -z" STRIP_KMOD="/workspaces/openwrt-radxa-rock5b-plus/openwrt/scripts/strip-kmod.sh" PATCHELF="/workspaces/openwrt-radxa-rock5b-plus/openwrt/staging_dir/host/bin/patchelf" /workspaces/openwrt-radxa-rock5b-plus/openwrt/scripts/rstrip.sh /workspaces/openwrt-radxa-rock5b-plus/openwrt/build_dir/target-aarch64_generic_musl/linux-rockchip_armv8/packages/ipkg-aarch64_generic/kmod-nft-core
install -d -m0755 /workspaces/openwrt-radxa-rock5b-plus/openwrt/bin/targets/rockchip/armv8/packages/tmp
mkdir -p /workspaces/openwrt-radxa-rock5b-plus/openwrt/build_dir/target-aarch64_generic_musl/linux-rockchip_armv8/packages/apk-aarch64_generic/kmod-nft-core/
mkdir -p /workspaces/openwrt-radxa-rock5b-plus/openwrt/build_dir/target-aarch64_generic_musl/linux-rockchip_armv8/packages/ipkg-aarch64_generic/kmod-nft-core/lib/apk/packages/
(cd /workspaces/openwrt-radxa-rock5b-plus/openwrt/build_dir/target-aarch64_generic_musl/linux-rockchip_armv8/packages/apk-aarch64_generic/kmod-nft-core; )
( echo "#!/bin/sh"; echo "[ \"\${IPKG_NO_SCRIPT}\" = \"1\" ] && exit 0"; echo "[ -s "\${IPKG_INSTROOT}/lib/functions.sh" ] || exit 0"; echo ". \${IPKG_INSTROOT}/lib/functions.sh"; echo 'export root="${IPKG_INSTROOT}"'; echo 'export pkgname="kmod-nft-core"'; echo "add_group_and_user"; echo "default_postinst"; [ ! -f /workspaces/openwrt-radxa-rock5b-plus/openwrt/build_dir/target-aarch64_generic_musl/linux-rockchip_armv8/packages/apk-aarch64_generic/kmod-nft-core/postinst-pkg ] || sed -z 's/^\s*#!/#!/' "/workspaces/openwrt-radxa-rock5b-plus/openwrt/build_dir/target-aarch64_generic_musl/linux-rockchip_armv8/packages/apk-aarch64_generic/kmod-nft-core/postinst-pkg"; ) > /workspaces/openwrt-radxa-rock5b-plus/openwrt/build_dir/target-aarch64_generic_musl/linux-rockchip_armv8/packages/apk-aarch64_generic/kmod-nft-core/post-install;
( echo "#!/bin/sh"; echo 'export PKG_UPGRADE=1'; [ ! -f /workspaces/openwrt-radxa-rock5b-plus/openwrt/build_dir/target-aarch64_generic_musl/linux-rockchip_armv8/packages/apk-aarch64_generic/kmod-nft-core/post-install ] || sed -z 's/^\s*#!/#!/' "/workspaces/openwrt-radxa-rock5b-plus/openwrt/build_dir/target-aarch64_generic_musl/linux-rockchip_armv8/packages/apk-aarch64_generic/kmod-nft-core/post-install"; ) > /workspaces/openwrt-radxa-rock5b-plus/openwrt/build_dir/target-aarch64_generic_musl/linux-rockchip_armv8/packages/apk-aarch64_generic/kmod-nft-core/post-upgrade;
( echo "#!/bin/sh"; echo "[ -s "\${IPKG_INSTROOT}/lib/functions.sh" ] || exit 0"; echo ". \${IPKG_INSTROOT}/lib/functions.sh"; echo 'export root="${IPKG_INSTROOT}"'; echo 'export pkgname="kmod-nft-core"'; echo "default_prerm"; [ ! -f /workspaces/openwrt-radxa-rock5b-plus/openwrt/build_dir/target-aarch64_generic_musl/linux-rockchip_armv8/packages/apk-aarch64_generic/kmod-nft-core/prerm-pkg ] || sed -z 's/^\s*#!/#!/' "/workspaces/openwrt-radxa-rock5b-plus/openwrt/build_dir/target-aarch64_generic_musl/linux-rockchip_armv8/packages/apk-aarch64_generic/kmod-nft-core/prerm-pkg"; ) > /workspaces/openwrt-radxa-rock5b-plus/openwrt/build_dir/target-aarch64_generic_musl/linux-rockchip_armv8/packages/apk-aarch64_generic/kmod-nft-core/pre-deinstall;
[ ! -f /workspaces/openwrt-radxa-rock5b-plus/openwrt/build_dir/target-aarch64_generic_musl/linux-rockchip_armv8/packages/apk-aarch64_generic/kmod-nft-core/postrm ] || sed -zi 's/^\s*#!/#!/' "/workspaces/openwrt-radxa-rock5b-plus/openwrt/build_dir/target-aarch64_generic_musl/linux-rockchip_armv8/packages/apk-aarch64_generic/kmod-nft-core/postrm";
if [ -n "" ]; then echo  > /workspaces/openwrt-radxa-rock5b-plus/openwrt/build_dir/target-aarch64_generic_musl/linux-rockchip_armv8/packages/ipkg-aarch64_generic/kmod-nft-core/lib/apk/packages/kmod-nft-core.rusers; fi;
if [ -n "" ]; then echo  > /workspaces/openwrt-radxa-rock5b-plus/openwrt/build_dir/target-aarch64_generic_musl/linux-rockchip_armv8/packages/ipkg-aarch64_generic/kmod-nft-core/lib/apk/packages/kmod-nft-core.alternatives; fi;
(cd /workspaces/openwrt-radxa-rock5b-plus/openwrt/build_dir/target-aarch64_generic_musl/linux-rockchip_armv8/packages/ipkg-aarch64_generic/kmod-nft-core && find . -type f,l -printf "/%P\n" | sort > /workspaces/openwrt-radxa-rock5b-plus/openwrt/tmp/kmod-nft-core.list && mv /workspaces/openwrt-radxa-rock5b-plus/openwrt/tmp/kmod-nft-core.list /workspaces/openwrt-radxa-rock5b-plus/openwrt/build_dir/target-aarch64_generic_musl/linux-rockchip_armv8/packages/ipkg-aarch64_generic/kmod-nft-core/lib/apk/packages/kmod-nft-core.list)
# Move conffiles to IDIR and build conffiles_static with csums
if [ -f /workspaces/openwrt-radxa-rock5b-plus/openwrt/build_dir/target-aarch64_generic_musl/linux-rockchip_armv8/packages/apk-aarch64_generic/kmod-nft-core/conffiles ]; then mv -f /workspaces/openwrt-radxa-rock5b-plus/openwrt/build_dir/target-aarch64_generic_musl/linux-rockchip_armv8/packages/apk-aarch64_generic/kmod-nft-core/conffiles /workspaces/openwrt-radxa-rock5b-plus/openwrt/build_dir/target-aarch64_generic_musl/linux-rockchip_armv8/packages/ipkg-aarch64_generic/kmod-nft-core/lib/apk/packages/kmod-nft-core.conffiles; for file in $(cat /workspaces/openwrt-radxa-rock5b-plus/openwrt/build_dir/target-aarch64_generic_musl/linux-rockchip_armv8/packages/ipkg-aarch64_generic/kmod-nft-core/lib/apk/packages/kmod-nft-core.conffiles); do [ -f /workspaces/openwrt-radxa-rock5b-plus/openwrt/build_dir/target-aarch64_generic_musl/linux-rockchip_armv8/packages/ipkg-aarch64_generic/kmod-nft-core/$file ] || continue; csum=$(/workspaces/openwrt-radxa-rock5b-plus/openwrt/staging_dir/host/bin/mkhash sha256 /workspaces/openwrt-radxa-rock5b-plus/openwrt/build_dir/target-aarch64_generic_musl/linux-rockchip_armv8/packages/ipkg-aarch64_generic/kmod-nft-core/$file); echo $file $csum >> /workspaces/openwrt-radxa-rock5b-plus/openwrt/build_dir/target-aarch64_generic_musl/linux-rockchip_armv8/packages/ipkg-aarch64_generic/kmod-nft-core/lib/apk/packages/kmod-nft-core.conffiles_static; done; fi
# Some package (base-files) manually append stuff to conffiles
# Append stuff from it and delete the CONTROL directory since everything else should be migrated
if [ -f /workspaces/openwrt-radxa-rock5b-plus/openwrt/build_dir/target-aarch64_generic_musl/linux-rockchip_armv8/packages/ipkg-aarch64_generic/kmod-nft-core/CONTROL/conffiles ]; then echo $(IDIR_kmod-nft-core)/CONTROL/conffiles >> /workspaces/openwrt-radxa-rock5b-plus/openwrt/build_dir/target-aarch64_generic_musl/linux-rockchip_armv8/packages/ipkg-aarch64_generic/kmod-nft-core/lib/apk/packages/kmod-nft-core.conffiles; for file in $(cat /workspaces/openwrt-radxa-rock5b-plus/openwrt/build_dir/target-aarch64_generic_musl/linux-rockchip_armv8/packages/ipkg-aarch64_generic/kmod-nft-core/CONTROL/conffiles); do [ -f /workspaces/openwrt-radxa-rock5b-plus/openwrt/build_dir/target-aarch64_generic_musl/linux-rockchip_armv8/packages/ipkg-aarch64_generic/kmod-nft-core/$file ] || continue; csum=$(/workspaces/openwrt-radxa-rock5b-plus/openwrt/staging_dir/host/bin/mkhash sha256 /workspaces/openwrt-radxa-rock5b-plus/openwrt/build_dir/target-aarch64_generic_musl/linux-rockchip_armv8/packages/ipkg-aarch64_generic/kmod-nft-core/$file); echo $file $csum >> /workspaces/openwrt-radxa-rock5b-plus/openwrt/build_dir/target-aarch64_generic_musl/linux-rockchip_armv8/packages/ipkg-aarch64_generic/kmod-nft-core/lib/apk/packages/kmod-nft-core.conffiles_static; done; rm -rf /workspaces/openwrt-radxa-rock5b-plus/openwrt/build_dir/target-aarch64_generic_musl/linux-rockchip_armv8/packages/ipkg-aarch64_generic/kmod-nft-core/CONTROL/conffiles; fi
if [ -z "$(ls -A /workspaces/openwrt-radxa-rock5b-plus/openwrt/build_dir/target-aarch64_generic_musl/linux-rockchip_armv8/packages/ipkg-aarch64_generic/kmod-nft-core/CONTROL 2>/dev/null)" ]; then rm -rf /workspaces/openwrt-radxa-rock5b-plus/openwrt/build_dir/target-aarch64_generic_musl/linux-rockchip_armv8/packages/ipkg-aarch64_generic/kmod-nft-core/CONTROL; else echo "CONTROL directory /workspaces/openwrt-radxa-rock5b-plus/openwrt/build_dir/target-aarch64_generic_musl/linux-rockchip_armv8/packages/ipkg-aarch64_generic/kmod-nft-core/CONTROL is not empty! This is not right and should be checked!" >&2; exit 1; fi
/workspaces/openwrt-radxa-rock5b-plus/openwrt/staging_dir/host/bin/fakeroot /workspaces/openwrt-radxa-rock5b-plus/openwrt/staging_dir/host/bin/apk mkpkg --info "name:kmod-nft-core" --info "version:6.12.45-r1"  --info "description:Kernel module support for nftables" --info "arch:aarch64_generic" --info "license:GPL-2.0-only" --info "origin:feeds/base/kernel/linux" --info "url:" --info "maintainer:" --info "provides:"  --script "post-install:/workspaces/openwrt-radxa-rock5b-plus/openwrt/build_dir/target-aarch64_generic_musl/linux-rockchip_armv8/packages/apk-aarch64_generic/kmod-nft-core/post-install" --script "post-upgrade:/workspaces/openwrt-radxa-rock5b-plus/openwrt/build_dir/target-aarch64_generic_musl/linux-rockchip_armv8/packages/apk-aarch64_generic/kmod-nft-core/post-upgrade" --script "pre-deinstall:/workspaces/openwrt-radxa-rock5b-plus/openwrt/build_dir/target-aarch64_generic_musl/linux-rockchip_armv8/packages/apk-aarch64_generic/kmod-nft-core/pre-deinstall" --info "depends:kernel=6.12.45~bfdb4691414eb2d33b0186227f6f0e2d-r1 kmod-nfnetlink kmod-nf-reject kmod-nf-reject6 kmod-nf-conntrack6 kmod-nf-nat kmod-nf-log kmod-nf-log6 kmod-lib-crc32c" --files "/workspaces/openwrt-radxa-rock5b-plus/openwrt/build_dir/target-aarch64_generic_musl/linux-rockchip_armv8/packages/ipkg-aarch64_generic/kmod-nft-core" --output "/workspaces/openwrt-radxa-rock5b-plus/openwrt/bin/targets/rockchip/armv8/packages/kmod-nft-core-6.12.45-r1.apk" --sign "/workspaces/openwrt-radxa-rock5b-plus/openwrt/private-key.pem"
[ -f /workspaces/openwrt-radxa-rock5b-plus/openwrt/bin/targets/rockchip/armv8/packages/kmod-nft-core-6.12.45-r1.apk ]
removed '/workspaces/openwrt-radxa-rock5b-plus/openwrt/bin/targets/rockchip/armv8/packages/kmod-nft-core-6.12.45-r1.apk'
if [ -d /workspaces/openwrt-radxa-rock5b-plus/openwrt/tmp/stage-ncurses ]; then (cd /workspaces/openwrt-radxa-rock5b-plus/openwrt/tmp/stage-ncurses; find ./ > /workspaces/openwrt-radxa-rock5b-plus/openwrt/tmp/stage-ncurses.files); 	SHELL= flock /workspaces/openwrt-radxa-rock5b-plus/openwrt/tmp/.staging-dir.flock -c ' mv /workspaces/openwrt-radxa-rock5b-plus/openwrt/tmp/stage-ncurses.files /workspaces/openwrt-radxa-rock5b-plus/openwrt/staging_dir/target-aarch64_generic_musl/packages/ncurses.list && cp -fpR /workspaces/openwrt-radxa-rock5b-plus/openwrt/tmp/stage-ncurses/* /workspaces/openwrt-radxa-rock5b-plus/openwrt/staging_dir/target-aarch64_generic_musl/; '; fi
rstrip.sh: /workspaces/openwrt-radxa-rock5b-plus/openwrt/build_dir/target-aarch64_generic_musl/linux-rockchip_armv8/packages/ipkg-aarch64_generic/kmod-nft-core/lib/modules/6.12.45/nft_limit.ko: relocatable
rstrip.sh: /workspaces/openwrt-radxa-rock5b-plus/openwrt/build_dir/target-aarch64_generic_musl/linux-rockchip_armv8/packages/ipkg-aarch64_generic/kmod-nft-core/lib/modules/6.12.45/nf_tables.ko: relocatable
rstrip.sh: /workspaces/openwrt-radxa-rock5b-plus/openwrt/build_dir/target-aarch64_generic_musl/linux-rockchip_armv8/packages/ipkg-aarch64_generic/kmod-nft-core/lib/modules/6.12.45/nft_log.ko: relocatable
rstrip.sh: /workspaces/openwrt-radxa-rock5b-plus/openwrt/build_dir/target-aarch64_generic_musl/linux-rockchip_armv8/packages/ipkg-aarch64_generic/kmod-nft-core/lib/modules/6.12.45/nft_reject_ipv4.ko: relocatable
rstrip.sh: /workspaces/openwrt-radxa-rock5b-plus/openwrt/build_dir/target-aarch64_generic_musl/linux-rockchip_armv8/packages/ipkg-aarch64_generic/kmod-nft-core/lib/modules/6.12.45/nft_reject.ko: relocatable
rm -rf /workspaces/openwrt-radxa-rock5b-plus/openwrt/tmp/stage-ncurses
rstrip.sh: /workspaces/openwrt-radxa-rock5b-plus/openwrt/build_dir/target-aarch64_generic_musl/linux-rockchip_armv8/packages/ipkg-aarch64_generic/kmod-nft-core/lib/modules/6.12.45/nft_reject_inet.ko: relocatable
rstrip.sh: /workspaces/openwrt-radxa-rock5b-plus/openwrt/build_dir/target-aarch64_generic_musl/linux-rockchip_armv8/packages/ipkg-aarch64_generic/kmod-nft-core/lib/modules/6.12.45/nft_reject_ipv6.ko: relocatable
rstrip.sh: /workspaces/openwrt-radxa-rock5b-plus/openwrt/build_dir/target-aarch64_generic_musl/linux-rockchip_armv8/packages/ipkg-aarch64_generic/kmod-nft-core/lib/modules/6.12.45/nft_ct.ko: relocatable
rstrip.sh: /workspaces/openwrt-radxa-rock5b-plus/openwrt/build_dir/target-aarch64_generic_musl/linux-rockchip_armv8/packages/ipkg-aarch64_generic/kmod-nft-core/lib/modules/6.12.45/nft_numgen.ko: relocatable
rstrip.sh: /workspaces/openwrt-radxa-rock5b-plus/openwrt/build_dir/target-aarch64_generic_musl/linux-rockchip_armv8/packages/ipkg-aarch64_generic/kmod-nft-core/lib/modules/6.12.45/nft_quota.ko: relocatable
rstrip.sh: /workspaces/openwrt-radxa-rock5b-plus/openwrt/build_dir/target-aarch64_generic_musl/linux-rockchip_armv8/packages/ipkg-aarch64_generic/kmod-nft-core/lib/modules/6.12.45/nft_redir.ko: relocatable
rstrip.sh: /workspaces/openwrt-radxa-rock5b-plus/openwrt/build_dir/target-aarch64_generic_musl/linux-rockchip_armv8/packages/ipkg-aarch64_generic/kmod-nft-core/lib/modules/6.12.45/nft_hash.ko: relocatable
touch /workspaces/openwrt-radxa-rock5b-plus/openwrt/staging_dir/target-aarch64_generic_musl/stamp/.ncurses_installed
rm -rf /workspaces/openwrt-radxa-rock5b-plus/openwrt/build_dir/target-aarch64_generic_musl/ncurses-6.4/ipkg-aarch64_generic/libncurses
/workspaces/openwrt-radxa-rock5b-plus/openwrt/scripts/ipkg-remove libncurses /workspaces/openwrt-radxa-rock5b-plus/openwrt/bin/packages/aarch64_generic/base/libncurses6-6.4-r3.apk
removed '/workspaces/openwrt-radxa-rock5b-plus/openwrt/bin/packages/aarch64_generic/base/libncurses6-6.4-r3.apk'
mkdir -p /workspaces/openwrt-radxa-rock5b-plus/openwrt/bin/targets/rockchip/armv8/packages /workspaces/openwrt-radxa-rock5b-plus/openwrt/build_dir/target-aarch64_generic_musl/ncurses-6.4/ipkg-aarch64_generic/libncurses /workspaces/openwrt-radxa-rock5b-plus/openwrt/staging_dir/target-aarch64_generic_musl/pkginfo
install -d -m0755 /workspaces/openwrt-radxa-rock5b-plus/openwrt/build_dir/target-aarch64_generic_musl/ncurses-6.4/ipkg-aarch64_generic/libncurses/usr/lib
for lib in ncurses panel menu form; do cp -fpR /workspaces/openwrt-radxa-rock5b-plus/openwrt/build_dir/target-aarch64_generic_musl/ncurses-6.4/ipkg-install/usr/lib/lib${lib}w.so.* /workspaces/openwrt-radxa-rock5b-plus/openwrt/build_dir/target-aarch64_generic_musl/ncurses-6.4/ipkg-aarch64_generic/libncurses/usr/lib/; for so in /workspaces/openwrt-radxa-rock5b-plus/openwrt/build_dir/target-aarch64_generic_musl/ncurses-6.4/ipkg-aarch64_generic/libncurses/usr/lib/lib${lib}w.so.*; do ln -s ${so##*/} ${so%w.so*}.so${so##*w.so}; done; done
rm -rf /workspaces/openwrt-radxa-rock5b-plus/openwrt/build_dir/target-aarch64_generic_musl/linux-rockchip_armv8/packages/ipkg-aarch64_generic/kmod-nft-nat
/workspaces/openwrt-radxa-rock5b-plus/openwrt/scripts/ipkg-remove kmod-nft-nat /workspaces/openwrt-radxa-rock5b-plus/openwrt/bin/targets/rockchip/armv8/packages/kmod-nft-nat-6.12.45-r1.apk
mkdir -p /workspaces/openwrt-radxa-rock5b-plus/openwrt/bin/targets/rockchip/armv8/packages /workspaces/openwrt-radxa-rock5b-plus/openwrt/build_dir/target-aarch64_generic_musl/linux-rockchip_armv8/packages/ipkg-aarch64_generic/kmod-nft-nat /workspaces/openwrt-radxa-rock5b-plus/openwrt/staging_dir/target-aarch64_generic_musl/pkginfo
for mod in /workspaces/openwrt-radxa-rock5b-plus/openwrt/build_dir/target-aarch64_generic_musl/linux-rockchip_armv8/linux-6.12.45/net/netfilter/nft_nat.ko /workspaces/openwrt-radxa-rock5b-plus/openwrt/build_dir/target-aarch64_generic_musl/linux-rockchip_armv8/linux-6.12.45/net/netfilter/nft_chain_nat.ko /workspaces/openwrt-radxa-rock5b-plus/openwrt/build_dir/target-aarch64_generic_musl/linux-rockchip_armv8/linux-6.12.45/net/netfilter/nft_masq.ko; do if grep -q "${mod##/workspaces/openwrt-radxa-rock5b-plus/openwrt/build_dir/target-aarch64_generic_musl/linux-rockchip_armv8/linux-6.12.45/}" "/workspaces/openwrt-radxa-rock5b-plus/openwrt/build_dir/target-aarch64_generic_musl/linux-rockchip_armv8/linux-6.12.45/modules.builtin"; then echo "NOTICE: module '$mod' is built-in."; elif [ -e $mod ]; then mkdir -p /workspaces/openwrt-radxa-rock5b-plus/openwrt/build_dir/target-aarch64_generic_musl/linux-rockchip_armv8/packages/ipkg-aarch64_generic/kmod-nft-nat/lib/modules/6.12.45 ; cp -fpR -L $mod /workspaces/openwrt-radxa-rock5b-plus/openwrt/build_dir/target-aarch64_generic_musl/linux-rockchip_armv8/packages/ipkg-aarch64_generic/kmod-nft-nat/lib/modules/6.12.45/ ; else echo "ERROR: module '$mod' is missing." >&2; exit 1; fi; done;
mkdir -p /workspaces/openwrt-radxa-rock5b-plus/openwrt/build_dir/target-aarch64_generic_musl/linux-rockchip_armv8/packages/ipkg-aarch64_generic/kmod-nft-nat/etc/modules.d; ( echo "nft_chain_nat";   echo "nft_masq";   echo "nft_nat"; ) > /workspaces/openwrt-radxa-rock5b-plus/openwrt/build_dir/target-aarch64_generic_musl/linux-rockchip_armv8/packages/ipkg-aarch64_generic/kmod-nft-nat/etc/modules.d/nft-nat; 



find /workspaces/openwrt-radxa-rock5b-plus/openwrt/build_dir/target-aarch64_generic_musl/linux-rockchip_armv8/packages/ipkg-aarch64_generic/kmod-nft-nat -name 'CVS' -o -name '.svn' -o -name '.#*' -o -name '*~'| xargs -r rm -rf
( find /workspaces/openwrt-radxa-rock5b-plus/openwrt/build_dir/target-aarch64_generic_musl/linux-rockchip_armv8/packages/ipkg-aarch64_generic/kmod-nft-nat -name lib\*.so\* -or -name \*.ko | awk -F/ '{ print $NF }'; for file in /workspaces/openwrt-radxa-rock5b-plus/openwrt/staging_dir/target-aarch64_generic_musl/pkginfo/kmod-nft-core.provides /workspaces/openwrt-radxa-rock5b-plus/openwrt/staging_dir/target-aarch64_generic_musl/pkginfo/kmod-nf-nat.provides; do if [ -f "$file" ]; then cat $file; fi; done;  ) | sort -u > /workspaces/openwrt-radxa-rock5b-plus/openwrt/staging_dir/target-aarch64_generic_musl/pkginfo/kmod-nft-nat.provides

( rm -f /workspaces/openwrt-radxa-rock5b-plus/openwrt/staging_dir/target-aarch64_generic_musl/pkginfo/kmod-nft-nat.missing; ( export READELF=aarch64-openwrt-linux-musl-readelf OBJCOPY=aarch64-openwrt-linux-musl-objcopy XARGS="xargs -r"; /workspaces/openwrt-radxa-rock5b-plus/openwrt/scripts/gen-dependencies.sh "/workspaces/openwrt-radxa-rock5b-plus/openwrt/build_dir/target-aarch64_generic_musl/linux-rockchip_armv8/packages/ipkg-aarch64_generic/kmod-nft-nat"; ) | while read FILE; do grep -qxF "$FILE" /workspaces/openwrt-radxa-rock5b-plus/openwrt/staging_dir/target-aarch64_generic_musl/pkginfo/kmod-nft-nat.provides || echo "$FILE" >> /workspaces/openwrt-radxa-rock5b-plus/openwrt/staging_dir/target-aarch64_generic_musl/pkginfo/kmod-nft-nat.missing; done; if [ -f "/workspaces/openwrt-radxa-rock5b-plus/openwrt/staging_dir/target-aarch64_generic_musl/pkginfo/kmod-nft-nat.missing" ]; then echo "Package kmod-nft-nat is missing dependencies for the following libraries:" >&2; cat "/workspaces/openwrt-radxa-rock5b-plus/openwrt/staging_dir/target-aarch64_generic_musl/pkginfo/kmod-nft-nat.missing" >&2; false; fi; )
export CROSS="aarch64-openwrt-linux-musl-"  NO_RENAME=1 ; NM="aarch64-openwrt-linux-musl-nm" STRIP="/workspaces/openwrt-radxa-rock5b-plus/openwrt/staging_dir/host/bin/sstrip -z" STRIP_KMOD="/workspaces/openwrt-radxa-rock5b-plus/openwrt/scripts/strip-kmod.sh" PATCHELF="/workspaces/openwrt-radxa-rock5b-plus/openwrt/staging_dir/host/bin/patchelf" /workspaces/openwrt-radxa-rock5b-plus/openwrt/scripts/rstrip.sh /workspaces/openwrt-radxa-rock5b-plus/openwrt/build_dir/target-aarch64_generic_musl/linux-rockchip_armv8/packages/ipkg-aarch64_generic/kmod-nft-nat
install -d -m0755 /workspaces/openwrt-radxa-rock5b-plus/openwrt/bin/targets/rockchip/armv8/packages/tmp
mkdir -p /workspaces/openwrt-radxa-rock5b-plus/openwrt/build_dir/target-aarch64_generic_musl/linux-rockchip_armv8/packages/apk-aarch64_generic/kmod-nft-nat/
mkdir -p /workspaces/openwrt-radxa-rock5b-plus/openwrt/build_dir/target-aarch64_generic_musl/linux-rockchip_armv8/packages/ipkg-aarch64_generic/kmod-nft-nat/lib/apk/packages/
(cd /workspaces/openwrt-radxa-rock5b-plus/openwrt/build_dir/target-aarch64_generic_musl/linux-rockchip_armv8/packages/apk-aarch64_generic/kmod-nft-nat; )
( echo "#!/bin/sh"; echo "[ \"\${IPKG_NO_SCRIPT}\" = \"1\" ] && exit 0"; echo "[ -s "\${IPKG_INSTROOT}/lib/functions.sh" ] || exit 0"; echo ". \${IPKG_INSTROOT}/lib/functions.sh"; echo 'export root="${IPKG_INSTROOT}"'; echo 'export pkgname="kmod-nft-nat"'; echo "add_group_and_user"; echo "default_postinst"; [ ! -f /workspaces/openwrt-radxa-rock5b-plus/openwrt/build_dir/target-aarch64_generic_musl/linux-rockchip_armv8/packages/apk-aarch64_generic/kmod-nft-nat/postinst-pkg ] || sed -z 's/^\s*#!/#!/' "/workspaces/openwrt-radxa-rock5b-plus/openwrt/build_dir/target-aarch64_generic_musl/linux-rockchip_armv8/packages/apk-aarch64_generic/kmod-nft-nat/postinst-pkg"; ) > /workspaces/openwrt-radxa-rock5b-plus/openwrt/build_dir/target-aarch64_generic_musl/linux-rockchip_armv8/packages/apk-aarch64_generic/kmod-nft-nat/post-install;
( echo "#!/bin/sh"; echo 'export PKG_UPGRADE=1'; [ ! -f /workspaces/openwrt-radxa-rock5b-plus/openwrt/build_dir/target-aarch64_generic_musl/linux-rockchip_armv8/packages/apk-aarch64_generic/kmod-nft-nat/post-install ] || sed -z 's/^\s*#!/#!/' "/workspaces/openwrt-radxa-rock5b-plus/openwrt/build_dir/target-aarch64_generic_musl/linux-rockchip_armv8/packages/apk-aarch64_generic/kmod-nft-nat/post-install"; ) > /workspaces/openwrt-radxa-rock5b-plus/openwrt/build_dir/target-aarch64_generic_musl/linux-rockchip_armv8/packages/apk-aarch64_generic/kmod-nft-nat/post-upgrade;
( echo "#!/bin/sh"; echo "[ -s "\${IPKG_INSTROOT}/lib/functions.sh" ] || exit 0"; echo ". \${IPKG_INSTROOT}/lib/functions.sh"; echo 'export root="${IPKG_INSTROOT}"'; echo 'export pkgname="kmod-nft-nat"'; echo "default_prerm"; [ ! -f /workspaces/openwrt-radxa-rock5b-plus/openwrt/build_dir/target-aarch64_generic_musl/linux-rockchip_armv8/packages/apk-aarch64_generic/kmod-nft-nat/prerm-pkg ] || sed -z 's/^\s*#!/#!/' "/workspaces/openwrt-radxa-rock5b-plus/openwrt/build_dir/target-aarch64_generic_musl/linux-rockchip_armv8/packages/apk-aarch64_generic/kmod-nft-nat/prerm-pkg"; ) > /workspaces/openwrt-radxa-rock5b-plus/openwrt/build_dir/target-aarch64_generic_musl/linux-rockchip_armv8/packages/apk-aarch64_generic/kmod-nft-nat/pre-deinstall;
[ ! -f /workspaces/openwrt-radxa-rock5b-plus/openwrt/build_dir/target-aarch64_generic_musl/linux-rockchip_armv8/packages/apk-aarch64_generic/kmod-nft-nat/postrm ] || sed -zi 's/^\s*#!/#!/' "/workspaces/openwrt-radxa-rock5b-plus/openwrt/build_dir/target-aarch64_generic_musl/linux-rockchip_armv8/packages/apk-aarch64_generic/kmod-nft-nat/postrm";
if [ -n "" ]; then echo  > /workspaces/openwrt-radxa-rock5b-plus/openwrt/build_dir/target-aarch64_generic_musl/linux-rockchip_armv8/packages/ipkg-aarch64_generic/kmod-nft-nat/lib/apk/packages/kmod-nft-nat.rusers; fi;
if [ -n "" ]; then echo  > /workspaces/openwrt-radxa-rock5b-plus/openwrt/build_dir/target-aarch64_generic_musl/linux-rockchip_armv8/packages/ipkg-aarch64_generic/kmod-nft-nat/lib/apk/packages/kmod-nft-nat.alternatives; fi;
(cd /workspaces/openwrt-radxa-rock5b-plus/openwrt/build_dir/target-aarch64_generic_musl/linux-rockchip_armv8/packages/ipkg-aarch64_generic/kmod-nft-nat && find . -type f,l -printf "/%P\n" | sort > /workspaces/openwrt-radxa-rock5b-plus/openwrt/tmp/kmod-nft-nat.list && mv /workspaces/openwrt-radxa-rock5b-plus/openwrt/tmp/kmod-nft-nat.list /workspaces/openwrt-radxa-rock5b-plus/openwrt/build_dir/target-aarch64_generic_musl/linux-rockchip_armv8/packages/ipkg-aarch64_generic/kmod-nft-nat/lib/apk/packages/kmod-nft-nat.list)
# Move conffiles to IDIR and build conffiles_static with csums
if [ -f /workspaces/openwrt-radxa-rock5b-plus/openwrt/build_dir/target-aarch64_generic_musl/linux-rockchip_armv8/packages/apk-aarch64_generic/kmod-nft-nat/conffiles ]; then mv -f /workspaces/openwrt-radxa-rock5b-plus/openwrt/build_dir/target-aarch64_generic_musl/linux-rockchip_armv8/packages/apk-aarch64_generic/kmod-nft-nat/conffiles /workspaces/openwrt-radxa-rock5b-plus/openwrt/build_dir/target-aarch64_generic_musl/linux-rockchip_armv8/packages/ipkg-aarch64_generic/kmod-nft-nat/lib/apk/packages/kmod-nft-nat.conffiles; for file in $(cat /workspaces/openwrt-radxa-rock5b-plus/openwrt/build_dir/target-aarch64_generic_musl/linux-rockchip_armv8/packages/ipkg-aarch64_generic/kmod-nft-nat/lib/apk/packages/kmod-nft-nat.conffiles); do [ -f /workspaces/openwrt-radxa-rock5b-plus/openwrt/build_dir/target-aarch64_generic_musl/linux-rockchip_armv8/packages/ipkg-aarch64_generic/kmod-nft-nat/$file ] || continue; csum=$(/workspaces/openwrt-radxa-rock5b-plus/openwrt/staging_dir/host/bin/mkhash sha256 /workspaces/openwrt-radxa-rock5b-plus/openwrt/build_dir/target-aarch64_generic_musl/linux-rockchip_armv8/packages/ipkg-aarch64_generic/kmod-nft-nat/$file); echo $file $csum >> /workspaces/openwrt-radxa-rock5b-plus/openwrt/build_dir/target-aarch64_generic_musl/linux-rockchip_armv8/packages/ipkg-aarch64_generic/kmod-nft-nat/lib/apk/packages/kmod-nft-nat.conffiles_static; done; fi
# Some package (base-files) manually append stuff to conffiles
# Append stuff from it and delete the CONTROL directory since everything else should be migrated
if [ -f /workspaces/openwrt-radxa-rock5b-plus/openwrt/build_dir/target-aarch64_generic_musl/linux-rockchip_armv8/packages/ipkg-aarch64_generic/kmod-nft-nat/CONTROL/conffiles ]; then echo $(IDIR_kmod-nft-nat)/CONTROL/conffiles >> /workspaces/openwrt-radxa-rock5b-plus/openwrt/build_dir/target-aarch64_generic_musl/linux-rockchip_armv8/packages/ipkg-aarch64_generic/kmod-nft-nat/lib/apk/packages/kmod-nft-nat.conffiles; for file in $(cat /workspaces/openwrt-radxa-rock5b-plus/openwrt/build_dir/target-aarch64_generic_musl/linux-rockchip_armv8/packages/ipkg-aarch64_generic/kmod-nft-nat/CONTROL/conffiles); do [ -f /workspaces/openwrt-radxa-rock5b-plus/openwrt/build_dir/target-aarch64_generic_musl/linux-rockchip_armv8/packages/ipkg-aarch64_generic/kmod-nft-nat/$file ] || continue; csum=$(/workspaces/openwrt-radxa-rock5b-plus/openwrt/staging_dir/host/bin/mkhash sha256 /workspaces/openwrt-radxa-rock5b-plus/openwrt/build_dir/target-aarch64_generic_musl/linux-rockchip_armv8/packages/ipkg-aarch64_generic/kmod-nft-nat/$file); echo $file $csum >> /workspaces/openwrt-radxa-rock5b-plus/openwrt/build_dir/target-aarch64_generic_musl/linux-rockchip_armv8/packages/ipkg-aarch64_generic/kmod-nft-nat/lib/apk/packages/kmod-nft-nat.conffiles_static; done; rm -rf /workspaces/openwrt-radxa-rock5b-plus/openwrt/build_dir/target-aarch64_generic_musl/linux-rockchip_armv8/packages/ipkg-aarch64_generic/kmod-nft-nat/CONTROL/conffiles; fi
if [ -z "$(ls -A /workspaces/openwrt-radxa-rock5b-plus/openwrt/build_dir/target-aarch64_generic_musl/linux-rockchip_armv8/packages/ipkg-aarch64_generic/kmod-nft-nat/CONTROL 2>/dev/null)" ]; then rm -rf /workspaces/openwrt-radxa-rock5b-plus/openwrt/build_dir/target-aarch64_generic_musl/linux-rockchip_armv8/packages/ipkg-aarch64_generic/kmod-nft-nat/CONTROL; else echo "CONTROL directory /workspaces/openwrt-radxa-rock5b-plus/openwrt/build_dir/target-aarch64_generic_musl/linux-rockchip_armv8/packages/ipkg-aarch64_generic/kmod-nft-nat/CONTROL is not empty! This is not right and should be checked!" >&2; exit 1; fi
/workspaces/openwrt-radxa-rock5b-plus/openwrt/staging_dir/host/bin/fakeroot /workspaces/openwrt-radxa-rock5b-plus/openwrt/staging_dir/host/bin/apk mkpkg --info "name:kmod-nft-nat" --info "version:6.12.45-r1"  --info "description:Netfilter nf_tables NAT support" --info "arch:aarch64_generic" --info "license:GPL-2.0-only" --info "origin:feeds/base/kernel/linux" --info "url:" --info "maintainer:" --info "provides:"  --script "post-install:/workspaces/openwrt-radxa-rock5b-plus/openwrt/build_dir/target-aarch64_generic_musl/linux-rockchip_armv8/packages/apk-aarch64_generic/kmod-nft-nat/post-install" --script "post-upgrade:/workspaces/openwrt-radxa-rock5b-plus/openwrt/build_dir/target-aarch64_generic_musl/linux-rockchip_armv8/packages/apk-aarch64_generic/kmod-nft-nat/post-upgrade" --script "pre-deinstall:/workspaces/openwrt-radxa-rock5b-plus/openwrt/build_dir/target-aarch64_generic_musl/linux-rockchip_armv8/packages/apk-aarch64_generic/kmod-nft-nat/pre-deinstall" --info "depends:kernel=6.12.45~bfdb4691414eb2d33b0186227f6f0e2d-r1 kmod-nft-core kmod-nf-nat" --files "/workspaces/openwrt-radxa-rock5b-plus/openwrt/build_dir/target-aarch64_generic_musl/linux-rockchip_armv8/packages/ipkg-aarch64_generic/kmod-nft-nat" --output "/workspaces/openwrt-radxa-rock5b-plus/openwrt/bin/targets/rockchip/armv8/packages/kmod-nft-nat-6.12.45-r1.apk" --sign "/workspaces/openwrt-radxa-rock5b-plus/openwrt/private-key.pem"
[ -f /workspaces/openwrt-radxa-rock5b-plus/openwrt/bin/targets/rockchip/armv8/packages/kmod-nft-nat-6.12.45-r1.apk ]
find /workspaces/openwrt-radxa-rock5b-plus/openwrt/build_dir/target-aarch64_generic_musl/ncurses-6.4/ipkg-aarch64_generic/libncurses -name 'CVS' -o -name '.svn' -o -name '.#*' -o -name '*~'| xargs -r rm -rf
removed '/workspaces/openwrt-radxa-rock5b-plus/openwrt/bin/targets/rockchip/armv8/packages/kmod-nft-nat-6.12.45-r1.apk'
export CROSS="aarch64-openwrt-linux-musl-"  NO_RENAME=1 ; NM="aarch64-openwrt-linux-musl-nm" STRIP="/workspaces/openwrt-radxa-rock5b-plus/openwrt/staging_dir/host/bin/sstrip -z" STRIP_KMOD="/workspaces/openwrt-radxa-rock5b-plus/openwrt/scripts/strip-kmod.sh" PATCHELF="/workspaces/openwrt-radxa-rock5b-plus/openwrt/staging_dir/host/bin/patchelf" /workspaces/openwrt-radxa-rock5b-plus/openwrt/scripts/rstrip.sh /workspaces/openwrt-radxa-rock5b-plus/openwrt/build_dir/target-aarch64_generic_musl/ncurses-6.4/ipkg-aarch64_generic/libncurses
rstrip.sh: /workspaces/openwrt-radxa-rock5b-plus/openwrt/build_dir/target-aarch64_generic_musl/ncurses-6.4/ipkg-aarch64_generic/libncurses/usr/lib/libncursesw.so.6.4: shared object
rstrip.sh: /workspaces/openwrt-radxa-rock5b-plus/openwrt/build_dir/target-aarch64_generic_musl/ncurses-6.4/ipkg-aarch64_generic/libncurses/usr/lib/libformw.so.6.4: shared object
rstrip.sh: /workspaces/openwrt-radxa-rock5b-plus/openwrt/build_dir/target-aarch64_generic_musl/ncurses-6.4/ipkg-aarch64_generic/libncurses/usr/lib/libmenuw.so.6.4: shared object
rstrip.sh: /workspaces/openwrt-radxa-rock5b-plus/openwrt/build_dir/target-aarch64_generic_musl/ncurses-6.4/ipkg-aarch64_generic/libncurses/usr/lib/libpanelw.so.6.4: shared object
install -d -m0755 /workspaces/openwrt-radxa-rock5b-plus/openwrt/bin/packages/aarch64_generic/base/tmp
rstrip.sh: /workspaces/openwrt-radxa-rock5b-plus/openwrt/build_dir/target-aarch64_generic_musl/linux-rockchip_armv8/packages/ipkg-aarch64_generic/kmod-nft-nat/lib/modules/6.12.45/nft_masq.ko: relocatable
mkdir -p /workspaces/openwrt-radxa-rock5b-plus/openwrt/build_dir/target-aarch64_generic_musl/ncurses-6.4/apk-aarch64_generic/libncurses/
rstrip.sh: /workspaces/openwrt-radxa-rock5b-plus/openwrt/build_dir/target-aarch64_generic_musl/linux-rockchip_armv8/packages/ipkg-aarch64_generic/kmod-nft-nat/lib/modules/6.12.45/nft_chain_nat.ko: relocatable
mkdir -p /workspaces/openwrt-radxa-rock5b-plus/openwrt/build_dir/target-aarch64_generic_musl/ncurses-6.4/ipkg-aarch64_generic/libncurses/lib/apk/packages/
(cd /workspaces/openwrt-radxa-rock5b-plus/openwrt/build_dir/target-aarch64_generic_musl/ncurses-6.4/apk-aarch64_generic/libncurses; )
rstrip.sh: /workspaces/openwrt-radxa-rock5b-plus/openwrt/build_dir/target-aarch64_generic_musl/linux-rockchip_armv8/packages/ipkg-aarch64_generic/kmod-nft-nat/lib/modules/6.12.45/nft_nat.ko: relocatable
( echo "#!/bin/sh"; echo "[ \"\${IPKG_NO_SCRIPT}\" = \"1\" ] && exit 0"; echo "[ -s "\${IPKG_INSTROOT}/lib/functions.sh" ] || exit 0"; echo ". \${IPKG_INSTROOT}/lib/functions.sh"; echo 'export root="${IPKG_INSTROOT}"'; echo 'export pkgname="libncurses"'; echo "add_group_and_user"; echo "default_postinst"; [ ! -f /workspaces/openwrt-radxa-rock5b-plus/openwrt/build_dir/target-aarch64_generic_musl/ncurses-6.4/apk-aarch64_generic/libncurses/postinst-pkg ] || sed -z 's/^\s*#!/#!/' "/workspaces/openwrt-radxa-rock5b-plus/openwrt/build_dir/target-aarch64_generic_musl/ncurses-6.4/apk-aarch64_generic/libncurses/postinst-pkg"; ) > /workspaces/openwrt-radxa-rock5b-plus/openwrt/build_dir/target-aarch64_generic_musl/ncurses-6.4/apk-aarch64_generic/libncurses/post-install;
( echo "#!/bin/sh"; echo 'export PKG_UPGRADE=1'; [ ! -f /workspaces/openwrt-radxa-rock5b-plus/openwrt/build_dir/target-aarch64_generic_musl/ncurses-6.4/apk-aarch64_generic/libncurses/post-install ] || sed -z 's/^\s*#!/#!/' "/workspaces/openwrt-radxa-rock5b-plus/openwrt/build_dir/target-aarch64_generic_musl/ncurses-6.4/apk-aarch64_generic/libncurses/post-install"; ) > /workspaces/openwrt-radxa-rock5b-plus/openwrt/build_dir/target-aarch64_generic_musl/ncurses-6.4/apk-aarch64_generic/libncurses/post-upgrade;
( echo "#!/bin/sh"; echo "[ -s "\${IPKG_INSTROOT}/lib/functions.sh" ] || exit 0"; echo ". \${IPKG_INSTROOT}/lib/functions.sh"; echo 'export root="${IPKG_INSTROOT}"'; echo 'export pkgname="libncurses"'; echo "default_prerm"; [ ! -f /workspaces/openwrt-radxa-rock5b-plus/openwrt/build_dir/target-aarch64_generic_musl/ncurses-6.4/apk-aarch64_generic/libncurses/prerm-pkg ] || sed -z 's/^\s*#!/#!/' "/workspaces/openwrt-radxa-rock5b-plus/openwrt/build_dir/target-aarch64_generic_musl/ncurses-6.4/apk-aarch64_generic/libncurses/prerm-pkg"; ) > /workspaces/openwrt-radxa-rock5b-plus/openwrt/build_dir/target-aarch64_generic_musl/ncurses-6.4/apk-aarch64_generic/libncurses/pre-deinstall;
[ ! -f /workspaces/openwrt-radxa-rock5b-plus/openwrt/build_dir/target-aarch64_generic_musl/ncurses-6.4/apk-aarch64_generic/libncurses/postrm ] || sed -zi 's/^\s*#!/#!/' "/workspaces/openwrt-radxa-rock5b-plus/openwrt/build_dir/target-aarch64_generic_musl/ncurses-6.4/apk-aarch64_generic/libncurses/postrm";
if [ -n "" ]; then echo  > /workspaces/openwrt-radxa-rock5b-plus/openwrt/build_dir/target-aarch64_generic_musl/ncurses-6.4/ipkg-aarch64_generic/libncurses/lib/apk/packages/libncurses.rusers; fi;
if [ -n "" ]; then echo  > /workspaces/openwrt-radxa-rock5b-plus/openwrt/build_dir/target-aarch64_generic_musl/ncurses-6.4/ipkg-aarch64_generic/libncurses/lib/apk/packages/libncurses.alternatives; fi;
(cd /workspaces/openwrt-radxa-rock5b-plus/openwrt/build_dir/target-aarch64_generic_musl/ncurses-6.4/ipkg-aarch64_generic/libncurses && find . -type f,l -printf "/%P\n" | sort > /workspaces/openwrt-radxa-rock5b-plus/openwrt/tmp/libncurses.list && mv /workspaces/openwrt-radxa-rock5b-plus/openwrt/tmp/libncurses.list /workspaces/openwrt-radxa-rock5b-plus/openwrt/build_dir/target-aarch64_generic_musl/ncurses-6.4/ipkg-aarch64_generic/libncurses/lib/apk/packages/libncurses.list)
# Move conffiles to IDIR and build conffiles_static with csums
if [ -f /workspaces/openwrt-radxa-rock5b-plus/openwrt/build_dir/target-aarch64_generic_musl/ncurses-6.4/apk-aarch64_generic/libncurses/conffiles ]; then mv -f /workspaces/openwrt-radxa-rock5b-plus/openwrt/build_dir/target-aarch64_generic_musl/ncurses-6.4/apk-aarch64_generic/libncurses/conffiles /workspaces/openwrt-radxa-rock5b-plus/openwrt/build_dir/target-aarch64_generic_musl/ncurses-6.4/ipkg-aarch64_generic/libncurses/lib/apk/packages/libncurses.conffiles; for file in $(cat /workspaces/openwrt-radxa-rock5b-plus/openwrt/build_dir/target-aarch64_generic_musl/ncurses-6.4/ipkg-aarch64_generic/libncurses/lib/apk/packages/libncurses.conffiles); do [ -f /workspaces/openwrt-radxa-rock5b-plus/openwrt/build_dir/target-aarch64_generic_musl/ncurses-6.4/ipkg-aarch64_generic/libncurses/$file ] || continue; csum=$(/workspaces/openwrt-radxa-rock5b-plus/openwrt/staging_dir/host/bin/mkhash sha256 /workspaces/openwrt-radxa-rock5b-plus/openwrt/build_dir/target-aarch64_generic_musl/ncurses-6.4/ipkg-aarch64_generic/libncurses/$file); echo $file $csum >> /workspaces/openwrt-radxa-rock5b-plus/openwrt/build_dir/target-aarch64_generic_musl/ncurses-6.4/ipkg-aarch64_generic/libncurses/lib/apk/packages/libncurses.conffiles_static; done; fi
# Some package (base-files) manually append stuff to conffiles
# Append stuff from it and delete the CONTROL directory since everything else should be migrated
if [ -f /workspaces/openwrt-radxa-rock5b-plus/openwrt/build_dir/target-aarch64_generic_musl/ncurses-6.4/ipkg-aarch64_generic/libncurses/CONTROL/conffiles ]; then echo $(IDIR_libncurses)/CONTROL/conffiles >> /workspaces/openwrt-radxa-rock5b-plus/openwrt/build_dir/target-aarch64_generic_musl/ncurses-6.4/ipkg-aarch64_generic/libncurses/lib/apk/packages/libncurses.conffiles; for file in $(cat /workspaces/openwrt-radxa-rock5b-plus/openwrt/build_dir/target-aarch64_generic_musl/ncurses-6.4/ipkg-aarch64_generic/libncurses/CONTROL/conffiles); do [ -f /workspaces/openwrt-radxa-rock5b-plus/openwrt/build_dir/target-aarch64_generic_musl/ncurses-6.4/ipkg-aarch64_generic/libncurses/$file ] || continue; csum=$(/workspaces/openwrt-radxa-rock5b-plus/openwrt/staging_dir/host/bin/mkhash sha256 /workspaces/openwrt-radxa-rock5b-plus/openwrt/build_dir/target-aarch64_generic_musl/ncurses-6.4/ipkg-aarch64_generic/libncurses/$file); echo $file $csum >> /workspaces/openwrt-radxa-rock5b-plus/openwrt/build_dir/target-aarch64_generic_musl/ncurses-6.4/ipkg-aarch64_generic/libncurses/lib/apk/packages/libncurses.conffiles_static; done; rm -rf /workspaces/openwrt-radxa-rock5b-plus/openwrt/build_dir/target-aarch64_generic_musl/ncurses-6.4/ipkg-aarch64_generic/libncurses/CONTROL/conffiles; fi
if [ -z "$(ls -A /workspaces/openwrt-radxa-rock5b-plus/openwrt/build_dir/target-aarch64_generic_musl/ncurses-6.4/ipkg-aarch64_generic/libncurses/CONTROL 2>/dev/null)" ]; then rm -rf /workspaces/openwrt-radxa-rock5b-plus/openwrt/build_dir/target-aarch64_generic_musl/ncurses-6.4/ipkg-aarch64_generic/libncurses/CONTROL; else echo "CONTROL directory /workspaces/openwrt-radxa-rock5b-plus/openwrt/build_dir/target-aarch64_generic_musl/ncurses-6.4/ipkg-aarch64_generic/libncurses/CONTROL is not empty! This is not right and should be checked!" >&2; exit 1; fi
/workspaces/openwrt-radxa-rock5b-plus/openwrt/staging_dir/host/bin/fakeroot /workspaces/openwrt-radxa-rock5b-plus/openwrt/staging_dir/host/bin/apk mkpkg --info "name:libncurses6" --info "version:6.4-r3" --info "tags:openwrt:abiversion=6" --info "description:Terminal handling library (Unicode)" --info "arch:aarch64_generic" --info "license:MIT" --info "origin:feeds/base/libs/ncurses" --info "url:http://www.gnu.org/software/ncurses/" --info "maintainer:" --info "provides: libncursesw   libncurses=6.4-r3   libncursesw6=6.4-r3 " --info "provider-priority:1" --script "post-install:/workspaces/openwrt-radxa-rock5b-plus/openwrt/build_dir/target-aarch64_generic_musl/ncurses-6.4/apk-aarch64_generic/libncurses/post-install" --script "post-upgrade:/workspaces/openwrt-radxa-rock5b-plus/openwrt/build_dir/target-aarch64_generic_musl/ncurses-6.4/apk-aarch64_generic/libncurses/post-upgrade" --script "pre-deinstall:/workspaces/openwrt-radxa-rock5b-plus/openwrt/build_dir/target-aarch64_generic_musl/ncurses-6.4/apk-aarch64_generic/libncurses/pre-deinstall" --info "depends:libc terminfo" --files "/workspaces/openwrt-radxa-rock5b-plus/openwrt/build_dir/target-aarch64_generic_musl/ncurses-6.4/ipkg-aarch64_generic/libncurses" --output "/workspaces/openwrt-radxa-rock5b-plus/openwrt/bin/packages/aarch64_generic/base/libncurses6-6.4-r3.apk" --sign "/workspaces/openwrt-radxa-rock5b-plus/openwrt/private-key.pem"
rm -rf /workspaces/openwrt-radxa-rock5b-plus/openwrt/build_dir/target-aarch64_generic_musl/linux-rockchip_armv8/packages/ipkg-aarch64_generic/kmod-nft-offload
/workspaces/openwrt-radxa-rock5b-plus/openwrt/scripts/ipkg-remove kmod-nft-offload /workspaces/openwrt-radxa-rock5b-plus/openwrt/bin/targets/rockchip/armv8/packages/kmod-nft-offload-6.12.45-r1.apk
mkdir -p /workspaces/openwrt-radxa-rock5b-plus/openwrt/bin/targets/rockchip/armv8/packages /workspaces/openwrt-radxa-rock5b-plus/openwrt/build_dir/target-aarch64_generic_musl/linux-rockchip_armv8/packages/ipkg-aarch64_generic/kmod-nft-offload /workspaces/openwrt-radxa-rock5b-plus/openwrt/staging_dir/target-aarch64_generic_musl/pkginfo
for mod in /workspaces/openwrt-radxa-rock5b-plus/openwrt/build_dir/target-aarch64_generic_musl/linux-rockchip_armv8/linux-6.12.45/net/netfilter/nf_flow_table_inet.ko /workspaces/openwrt-radxa-rock5b-plus/openwrt/build_dir/target-aarch64_generic_musl/linux-rockchip_armv8/linux-6.12.45/net/netfilter/nft_flow_offload.ko; do if grep -q "${mod##/workspaces/openwrt-radxa-rock5b-plus/openwrt/build_dir/target-aarch64_generic_musl/linux-rockchip_armv8/linux-6.12.45/}" "/workspaces/openwrt-radxa-rock5b-plus/openwrt/build_dir/target-aarch64_generic_musl/linux-rockchip_armv8/linux-6.12.45/modules.builtin"; then echo "NOTICE: module '$mod' is built-in."; elif [ -e $mod ]; then mkdir -p /workspaces/openwrt-radxa-rock5b-plus/openwrt/build_dir/target-aarch64_generic_musl/linux-rockchip_armv8/packages/ipkg-aarch64_generic/kmod-nft-offload/lib/modules/6.12.45 ; cp -fpR -L $mod /workspaces/openwrt-radxa-rock5b-plus/openwrt/build_dir/target-aarch64_generic_musl/linux-rockchip_armv8/packages/ipkg-aarch64_generic/kmod-nft-offload/lib/modules/6.12.45/ ; else echo "ERROR: module '$mod' is missing." >&2; exit 1; fi; done;
mkdir -p /workspaces/openwrt-radxa-rock5b-plus/openwrt/build_dir/target-aarch64_generic_musl/linux-rockchip_armv8/packages/ipkg-aarch64_generic/kmod-nft-offload/etc/modules.d; ( echo "nf_flow_table_inet";   echo "nft_flow_offload"; ) > /workspaces/openwrt-radxa-rock5b-plus/openwrt/build_dir/target-aarch64_generic_musl/linux-rockchip_armv8/packages/ipkg-aarch64_generic/kmod-nft-offload/etc/modules.d/nft-offload; 



find /workspaces/openwrt-radxa-rock5b-plus/openwrt/build_dir/target-aarch64_generic_musl/linux-rockchip_armv8/packages/ipkg-aarch64_generic/kmod-nft-offload -name 'CVS' -o -name '.svn' -o -name '.#*' -o -name '*~'| xargs -r rm -rf
( find /workspaces/openwrt-radxa-rock5b-plus/openwrt/build_dir/target-aarch64_generic_musl/linux-rockchip_armv8/packages/ipkg-aarch64_generic/kmod-nft-offload -name lib\*.so\* -or -name \*.ko | awk -F/ '{ print $NF }'; for file in /workspaces/openwrt-radxa-rock5b-plus/openwrt/staging_dir/target-aarch64_generic_musl/pkginfo/kmod-nf-flow.provides /workspaces/openwrt-radxa-rock5b-plus/openwrt/staging_dir/target-aarch64_generic_musl/pkginfo/kmod-nft-nat.provides; do if [ -f "$file" ]; then cat $file; fi; done;  ) | sort -u > /workspaces/openwrt-radxa-rock5b-plus/openwrt/staging_dir/target-aarch64_generic_musl/pkginfo/kmod-nft-offload.provides

( rm -f /workspaces/openwrt-radxa-rock5b-plus/openwrt/staging_dir/target-aarch64_generic_musl/pkginfo/kmod-nft-offload.missing; ( export READELF=aarch64-openwrt-linux-musl-readelf OBJCOPY=aarch64-openwrt-linux-musl-objcopy XARGS="xargs -r"; /workspaces/openwrt-radxa-rock5b-plus/openwrt/scripts/gen-dependencies.sh "/workspaces/openwrt-radxa-rock5b-plus/openwrt/build_dir/target-aarch64_generic_musl/linux-rockchip_armv8/packages/ipkg-aarch64_generic/kmod-nft-offload"; ) | while read FILE; do grep -qxF "$FILE" /workspaces/openwrt-radxa-rock5b-plus/openwrt/staging_dir/target-aarch64_generic_musl/pkginfo/kmod-nft-offload.provides || echo "$FILE" >> /workspaces/openwrt-radxa-rock5b-plus/openwrt/staging_dir/target-aarch64_generic_musl/pkginfo/kmod-nft-offload.missing; done; if [ -f "/workspaces/openwrt-radxa-rock5b-plus/openwrt/staging_dir/target-aarch64_generic_musl/pkginfo/kmod-nft-offload.missing" ]; then echo "Package kmod-nft-offload is missing dependencies for the following libraries:" >&2; cat "/workspaces/openwrt-radxa-rock5b-plus/openwrt/staging_dir/target-aarch64_generic_musl/pkginfo/kmod-nft-offload.missing" >&2; false; fi; )
export CROSS="aarch64-openwrt-linux-musl-"  NO_RENAME=1 ; NM="aarch64-openwrt-linux-musl-nm" STRIP="/workspaces/openwrt-radxa-rock5b-plus/openwrt/staging_dir/host/bin/sstrip -z" STRIP_KMOD="/workspaces/openwrt-radxa-rock5b-plus/openwrt/scripts/strip-kmod.sh" PATCHELF="/workspaces/openwrt-radxa-rock5b-plus/openwrt/staging_dir/host/bin/patchelf" /workspaces/openwrt-radxa-rock5b-plus/openwrt/scripts/rstrip.sh /workspaces/openwrt-radxa-rock5b-plus/openwrt/build_dir/target-aarch64_generic_musl/linux-rockchip_armv8/packages/ipkg-aarch64_generic/kmod-nft-offload
install -d -m0755 /workspaces/openwrt-radxa-rock5b-plus/openwrt/bin/targets/rockchip/armv8/packages/tmp
mkdir -p /workspaces/openwrt-radxa-rock5b-plus/openwrt/build_dir/target-aarch64_generic_musl/linux-rockchip_armv8/packages/apk-aarch64_generic/kmod-nft-offload/
mkdir -p /workspaces/openwrt-radxa-rock5b-plus/openwrt/build_dir/target-aarch64_generic_musl/linux-rockchip_armv8/packages/ipkg-aarch64_generic/kmod-nft-offload/lib/apk/packages/
(cd /workspaces/openwrt-radxa-rock5b-plus/openwrt/build_dir/target-aarch64_generic_musl/linux-rockchip_armv8/packages/apk-aarch64_generic/kmod-nft-offload; )
( echo "#!/bin/sh"; echo "[ \"\${IPKG_NO_SCRIPT}\" = \"1\" ] && exit 0"; echo "[ -s "\${IPKG_INSTROOT}/lib/functions.sh" ] || exit 0"; echo ". \${IPKG_INSTROOT}/lib/functions.sh"; echo 'export root="${IPKG_INSTROOT}"'; echo 'export pkgname="kmod-nft-offload"'; echo "add_group_and_user"; echo "default_postinst"; [ ! -f /workspaces/openwrt-radxa-rock5b-plus/openwrt/build_dir/target-aarch64_generic_musl/linux-rockchip_armv8/packages/apk-aarch64_generic/kmod-nft-offload/postinst-pkg ] || sed -z 's/^\s*#!/#!/' "/workspaces/openwrt-radxa-rock5b-plus/openwrt/build_dir/target-aarch64_generic_musl/linux-rockchip_armv8/packages/apk-aarch64_generic/kmod-nft-offload/postinst-pkg"; ) > /workspaces/openwrt-radxa-rock5b-plus/openwrt/build_dir/target-aarch64_generic_musl/linux-rockchip_armv8/packages/apk-aarch64_generic/kmod-nft-offload/post-install;
( echo "#!/bin/sh"; echo 'export PKG_UPGRADE=1'; [ ! -f /workspaces/openwrt-radxa-rock5b-plus/openwrt/build_dir/target-aarch64_generic_musl/linux-rockchip_armv8/packages/apk-aarch64_generic/kmod-nft-offload/post-install ] || sed -z 's/^\s*#!/#!/' "/workspaces/openwrt-radxa-rock5b-plus/openwrt/build_dir/target-aarch64_generic_musl/linux-rockchip_armv8/packages/apk-aarch64_generic/kmod-nft-offload/post-install"; ) > /workspaces/openwrt-radxa-rock5b-plus/openwrt/build_dir/target-aarch64_generic_musl/linux-rockchip_armv8/packages/apk-aarch64_generic/kmod-nft-offload/post-upgrade;
( echo "#!/bin/sh"; echo "[ -s "\${IPKG_INSTROOT}/lib/functions.sh" ] || exit 0"; echo ". \${IPKG_INSTROOT}/lib/functions.sh"; echo 'export root="${IPKG_INSTROOT}"'; echo 'export pkgname="kmod-nft-offload"'; echo "default_prerm"; [ ! -f /workspaces/openwrt-radxa-rock5b-plus/openwrt/build_dir/target-aarch64_generic_musl/linux-rockchip_armv8/packages/apk-aarch64_generic/kmod-nft-offload/prerm-pkg ] || sed -z 's/^\s*#!/#!/' "/workspaces/openwrt-radxa-rock5b-plus/openwrt/build_dir/target-aarch64_generic_musl/linux-rockchip_armv8/packages/apk-aarch64_generic/kmod-nft-offload/prerm-pkg"; ) > /workspaces/openwrt-radxa-rock5b-plus/openwrt/build_dir/target-aarch64_generic_musl/linux-rockchip_armv8/packages/apk-aarch64_generic/kmod-nft-offload/pre-deinstall;
[ ! -f /workspaces/openwrt-radxa-rock5b-plus/openwrt/build_dir/target-aarch64_generic_musl/linux-rockchip_armv8/packages/apk-aarch64_generic/kmod-nft-offload/postrm ] || sed -zi 's/^\s*#!/#!/' "/workspaces/openwrt-radxa-rock5b-plus/openwrt/build_dir/target-aarch64_generic_musl/linux-rockchip_armv8/packages/apk-aarch64_generic/kmod-nft-offload/postrm";
if [ -n "" ]; then echo  > /workspaces/openwrt-radxa-rock5b-plus/openwrt/build_dir/target-aarch64_generic_musl/linux-rockchip_armv8/packages/ipkg-aarch64_generic/kmod-nft-offload/lib/apk/packages/kmod-nft-offload.rusers; fi;
if [ -n "" ]; then echo  > /workspaces/openwrt-radxa-rock5b-plus/openwrt/build_dir/target-aarch64_generic_musl/linux-rockchip_armv8/packages/ipkg-aarch64_generic/kmod-nft-offload/lib/apk/packages/kmod-nft-offload.alternatives; fi;
(cd /workspaces/openwrt-radxa-rock5b-plus/openwrt/build_dir/target-aarch64_generic_musl/linux-rockchip_armv8/packages/ipkg-aarch64_generic/kmod-nft-offload && find . -type f,l -printf "/%P\n" | sort > /workspaces/openwrt-radxa-rock5b-plus/openwrt/tmp/kmod-nft-offload.list && mv /workspaces/openwrt-radxa-rock5b-plus/openwrt/tmp/kmod-nft-offload.list /workspaces/openwrt-radxa-rock5b-plus/openwrt/build_dir/target-aarch64_generic_musl/linux-rockchip_armv8/packages/ipkg-aarch64_generic/kmod-nft-offload/lib/apk/packages/kmod-nft-offload.list)
# Move conffiles to IDIR and build conffiles_static with csums
if [ -f /workspaces/openwrt-radxa-rock5b-plus/openwrt/build_dir/target-aarch64_generic_musl/linux-rockchip_armv8/packages/apk-aarch64_generic/kmod-nft-offload/conffiles ]; then mv -f /workspaces/openwrt-radxa-rock5b-plus/openwrt/build_dir/target-aarch64_generic_musl/linux-rockchip_armv8/packages/apk-aarch64_generic/kmod-nft-offload/conffiles /workspaces/openwrt-radxa-rock5b-plus/openwrt/build_dir/target-aarch64_generic_musl/linux-rockchip_armv8/packages/ipkg-aarch64_generic/kmod-nft-offload/lib/apk/packages/kmod-nft-offload.conffiles; for file in $(cat /workspaces/openwrt-radxa-rock5b-plus/openwrt/build_dir/target-aarch64_generic_musl/linux-rockchip_armv8/packages/ipkg-aarch64_generic/kmod-nft-offload/lib/apk/packages/kmod-nft-offload.conffiles); do [ -f /workspaces/openwrt-radxa-rock5b-plus/openwrt/build_dir/target-aarch64_generic_musl/linux-rockchip_armv8/packages/ipkg-aarch64_generic/kmod-nft-offload/$file ] || continue; csum=$(/workspaces/openwrt-radxa-rock5b-plus/openwrt/staging_dir/host/bin/mkhash sha256 /workspaces/openwrt-radxa-rock5b-plus/openwrt/build_dir/target-aarch64_generic_musl/linux-rockchip_armv8/packages/ipkg-aarch64_generic/kmod-nft-offload/$file); echo $file $csum >> /workspaces/openwrt-radxa-rock5b-plus/openwrt/build_dir/target-aarch64_generic_musl/linux-rockchip_armv8/packages/ipkg-aarch64_generic/kmod-nft-offload/lib/apk/packages/kmod-nft-offload.conffiles_static; done; fi
# Some package (base-files) manually append stuff to conffiles
# Append stuff from it and delete the CONTROL directory since everything else should be migrated
if [ -f /workspaces/openwrt-radxa-rock5b-plus/openwrt/build_dir/target-aarch64_generic_musl/linux-rockchip_armv8/packages/ipkg-aarch64_generic/kmod-nft-offload/CONTROL/conffiles ]; then echo $(IDIR_kmod-nft-offload)/CONTROL/conffiles >> /workspaces/openwrt-radxa-rock5b-plus/openwrt/build_dir/target-aarch64_generic_musl/linux-rockchip_armv8/packages/ipkg-aarch64_generic/kmod-nft-offload/lib/apk/packages/kmod-nft-offload.conffiles; for file in $(cat /workspaces/openwrt-radxa-rock5b-plus/openwrt/build_dir/target-aarch64_generic_musl/linux-rockchip_armv8/packages/ipkg-aarch64_generic/kmod-nft-offload/CONTROL/conffiles); do [ -f /workspaces/openwrt-radxa-rock5b-plus/openwrt/build_dir/target-aarch64_generic_musl/linux-rockchip_armv8/packages/ipkg-aarch64_generic/kmod-nft-offload/$file ] || continue; csum=$(/workspaces/openwrt-radxa-rock5b-plus/openwrt/staging_dir/host/bin/mkhash sha256 /workspaces/openwrt-radxa-rock5b-plus/openwrt/build_dir/target-aarch64_generic_musl/linux-rockchip_armv8/packages/ipkg-aarch64_generic/kmod-nft-offload/$file); echo $file $csum >> /workspaces/openwrt-radxa-rock5b-plus/openwrt/build_dir/target-aarch64_generic_musl/linux-rockchip_armv8/packages/ipkg-aarch64_generic/kmod-nft-offload/lib/apk/packages/kmod-nft-offload.conffiles_static; done; rm -rf /workspaces/openwrt-radxa-rock5b-plus/openwrt/build_dir/target-aarch64_generic_musl/linux-rockchip_armv8/packages/ipkg-aarch64_generic/kmod-nft-offload/CONTROL/conffiles; fi
if [ -z "$(ls -A /workspaces/openwrt-radxa-rock5b-plus/openwrt/build_dir/target-aarch64_generic_musl/linux-rockchip_armv8/packages/ipkg-aarch64_generic/kmod-nft-offload/CONTROL 2>/dev/null)" ]; then rm -rf /workspaces/openwrt-radxa-rock5b-plus/openwrt/build_dir/target-aarch64_generic_musl/linux-rockchip_armv8/packages/ipkg-aarch64_generic/kmod-nft-offload/CONTROL; else echo "CONTROL directory /workspaces/openwrt-radxa-rock5b-plus/openwrt/build_dir/target-aarch64_generic_musl/linux-rockchip_armv8/packages/ipkg-aarch64_generic/kmod-nft-offload/CONTROL is not empty! This is not right and should be checked!" >&2; exit 1; fi
/workspaces/openwrt-radxa-rock5b-plus/openwrt/staging_dir/host/bin/fakeroot /workspaces/openwrt-radxa-rock5b-plus/openwrt/staging_dir/host/bin/apk mkpkg --info "name:kmod-nft-offload" --info "version:6.12.45-r1"  --info "description:Netfilter nf_tables routing/NAT offload support" --info "arch:aarch64_generic" --info "license:GPL-2.0-only" --info "origin:feeds/base/kernel/linux" --info "url:" --info "maintainer:" --info "provides:"  --script "post-install:/workspaces/openwrt-radxa-rock5b-plus/openwrt/build_dir/target-aarch64_generic_musl/linux-rockchip_armv8/packages/apk-aarch64_generic/kmod-nft-offload/post-install" --script "post-upgrade:/workspaces/openwrt-radxa-rock5b-plus/openwrt/build_dir/target-aarch64_generic_musl/linux-rockchip_armv8/packages/apk-aarch64_generic/kmod-nft-offload/post-upgrade" --script "pre-deinstall:/workspaces/openwrt-radxa-rock5b-plus/openwrt/build_dir/target-aarch64_generic_musl/linux-rockchip_armv8/packages/apk-aarch64_generic/kmod-nft-offload/pre-deinstall" --info "depends:kernel=6.12.45~bfdb4691414eb2d33b0186227f6f0e2d-r1 kmod-nf-flow kmod-nft-nat" --files "/workspaces/openwrt-radxa-rock5b-plus/openwrt/build_dir/target-aarch64_generic_musl/linux-rockchip_armv8/packages/ipkg-aarch64_generic/kmod-nft-offload" --output "/workspaces/openwrt-radxa-rock5b-plus/openwrt/bin/targets/rockchip/armv8/packages/kmod-nft-offload-6.12.45-r1.apk" --sign "/workspaces/openwrt-radxa-rock5b-plus/openwrt/private-key.pem"
[ -f /workspaces/openwrt-radxa-rock5b-plus/openwrt/bin/targets/rockchip/armv8/packages/kmod-nft-offload-6.12.45-r1.apk ]
removed '/workspaces/openwrt-radxa-rock5b-plus/openwrt/bin/targets/rockchip/armv8/packages/kmod-nft-offload-6.12.45-r1.apk'
rm -rf /workspaces/openwrt-radxa-rock5b-plus/openwrt/build_dir/target-aarch64_generic_musl/ncurses-6.4/.pkgdir/libncurses.installed /workspaces/openwrt-radxa-rock5b-plus/openwrt/build_dir/target-aarch64_generic_musl/ncurses-6.4/.pkgdir/libncurses
mkdir -p /workspaces/openwrt-radxa-rock5b-plus/openwrt/build_dir/target-aarch64_generic_musl/ncurses-6.4/.pkgdir/libncurses
install -d -m0755 /workspaces/openwrt-radxa-rock5b-plus/openwrt/build_dir/target-aarch64_generic_musl/ncurses-6.4/.pkgdir/libncurses/usr/lib
for lib in ncurses panel menu form; do cp -fpR /workspaces/openwrt-radxa-rock5b-plus/openwrt/build_dir/target-aarch64_generic_musl/ncurses-6.4/ipkg-install/usr/lib/lib${lib}w.so.* /workspaces/openwrt-radxa-rock5b-plus/openwrt/build_dir/target-aarch64_generic_musl/ncurses-6.4/.pkgdir/libncurses/usr/lib/; for so in /workspaces/openwrt-radxa-rock5b-plus/openwrt/build_dir/target-aarch64_generic_musl/ncurses-6.4/.pkgdir/libncurses/usr/lib/lib${lib}w.so.*; do ln -s ${so##*/} ${so%w.so*}.so${so##*w.so}; done; done
rstrip.sh: /workspaces/openwrt-radxa-rock5b-plus/openwrt/build_dir/target-aarch64_generic_musl/linux-rockchip_armv8/packages/ipkg-aarch64_generic/kmod-nft-offload/lib/modules/6.12.45/nft_flow_offload.ko: relocatable
touch /workspaces/openwrt-radxa-rock5b-plus/openwrt/build_dir/target-aarch64_generic_musl/ncurses-6.4/.pkgdir/libncurses.installed
rstrip.sh: /workspaces/openwrt-radxa-rock5b-plus/openwrt/build_dir/target-aarch64_generic_musl/linux-rockchip_armv8/packages/ipkg-aarch64_generic/kmod-nft-offload/lib/modules/6.12.45/nf_flow_table_inet.ko: relocatable
mkdir -p /workspaces/openwrt-radxa-rock5b-plus/openwrt/staging_dir/target-aarch64_generic_musl/root-rockchip/stamp
SHELL= flock /workspaces/openwrt-radxa-rock5b-plus/openwrt/tmp/.root-copy.flock -c 'cp -fpR /workspaces/openwrt-radxa-rock5b-plus/openwrt/build_dir/target-aarch64_generic_musl/ncurses-6.4/.pkgdir/terminfo/. /workspaces/openwrt-radxa-rock5b-plus/openwrt/staging_dir/target-aarch64_generic_musl/root-rockchip/'
touch /workspaces/openwrt-radxa-rock5b-plus/openwrt/staging_dir/target-aarch64_generic_musl/root-rockchip/stamp/.terminfo_installed
echo "terminfo" >> /workspaces/openwrt-radxa-rock5b-plus/openwrt/staging_dir/target-aarch64_generic_musl/pkginfo/ncurses.default.install
mkdir -p /workspaces/openwrt-radxa-rock5b-plus/openwrt/staging_dir/target-aarch64_generic_musl/root-rockchip/stamp
echo '6' | cmp -s - /workspaces/openwrt-radxa-rock5b-plus/openwrt/staging_dir/target-aarch64_generic_musl/pkginfo/libncurses.version || { echo '6' > /workspaces/openwrt-radxa-rock5b-plus/openwrt/staging_dir/target-aarch64_generic_musl/pkginfo/libncurses.version;  cp /workspaces/openwrt-radxa-rock5b-plus/openwrt/staging_dir/target-aarch64_generic_musl/pkginfo/libncurses.version /workspaces/openwrt-radxa-rock5b-plus/openwrt/staging_dir/target-aarch64_generic_musl/pkginfo/libncursesw.version;  } 
rm -rf /workspaces/openwrt-radxa-rock5b-plus/openwrt/build_dir/target-aarch64_generic_musl/linux-rockchip_armv8/packages/ipkg-aarch64_generic/kmod-nft-fib
/workspaces/openwrt-radxa-rock5b-plus/openwrt/scripts/ipkg-remove kmod-nft-fib /workspaces/openwrt-radxa-rock5b-plus/openwrt/bin/targets/rockchip/armv8/packages/kmod-nft-fib-6.12.45-r1.apk
mkdir -p /workspaces/openwrt-radxa-rock5b-plus/openwrt/bin/targets/rockchip/armv8/packages /workspaces/openwrt-radxa-rock5b-plus/openwrt/build_dir/target-aarch64_generic_musl/linux-rockchip_armv8/packages/ipkg-aarch64_generic/kmod-nft-fib /workspaces/openwrt-radxa-rock5b-plus/openwrt/staging_dir/target-aarch64_generic_musl/pkginfo
for mod in /workspaces/openwrt-radxa-rock5b-plus/openwrt/build_dir/target-aarch64_generic_musl/linux-rockchip_armv8/linux-6.12.45/net/netfilter/nft_fib.ko /workspaces/openwrt-radxa-rock5b-plus/openwrt/build_dir/target-aarch64_generic_musl/linux-rockchip_armv8/linux-6.12.45/net/netfilter/nft_fib_inet.ko /workspaces/openwrt-radxa-rock5b-plus/openwrt/build_dir/target-aarch64_generic_musl/linux-rockchip_armv8/linux-6.12.45/net/ipv4/netfilter/nft_fib_ipv4.ko /workspaces/openwrt-radxa-rock5b-plus/openwrt/build_dir/target-aarch64_generic_musl/linux-rockchip_armv8/linux-6.12.45/net/ipv6/netfilter/nft_fib_ipv6.ko; do if grep -q "${mod##/workspaces/openwrt-radxa-rock5b-plus/openwrt/build_dir/target-aarch64_generic_musl/linux-rockchip_armv8/linux-6.12.45/}" "/workspaces/openwrt-radxa-rock5b-plus/openwrt/build_dir/target-aarch64_generic_musl/linux-rockchip_armv8/linux-6.12.45/modules.builtin"; then echo "NOTICE: module '$mod' is built-in."; elif [ -e $mod ]; then mkdir -p /workspaces/openwrt-radxa-rock5b-plus/openwrt/build_dir/target-aarch64_generic_musl/linux-rockchip_armv8/packages/ipkg-aarch64_generic/kmod-nft-fib/lib/modules/6.12.45 ; cp -fpR -L $mod /workspaces/openwrt-radxa-rock5b-plus/openwrt/build_dir/target-aarch64_generic_musl/linux-rockchip_armv8/packages/ipkg-aarch64_generic/kmod-nft-fib/lib/modules/6.12.45/ ; else echo "ERROR: module '$mod' is missing." >&2; exit 1; fi; done;
mkdir -p /workspaces/openwrt-radxa-rock5b-plus/openwrt/build_dir/target-aarch64_generic_musl/linux-rockchip_armv8/packages/ipkg-aarch64_generic/kmod-nft-fib/etc/modules.d; ( echo "nft_fib";   echo "nft_fib_inet";   echo "nft_fib_ipv4";   echo "nft_fib_ipv6"; ) > /workspaces/openwrt-radxa-rock5b-plus/openwrt/build_dir/target-aarch64_generic_musl/linux-rockchip_armv8/packages/ipkg-aarch64_generic/kmod-nft-fib/etc/modules.d/nft-fib; 



find /workspaces/openwrt-radxa-rock5b-plus/openwrt/build_dir/target-aarch64_generic_musl/linux-rockchip_armv8/packages/ipkg-aarch64_generic/kmod-nft-fib -name 'CVS' -o -name '.svn' -o -name '.#*' -o -name '*~'| xargs -r rm -rf
( find /workspaces/openwrt-radxa-rock5b-plus/openwrt/build_dir/target-aarch64_generic_musl/linux-rockchip_armv8/packages/ipkg-aarch64_generic/kmod-nft-fib -name lib\*.so\* -or -name \*.ko | awk -F/ '{ print $NF }'; for file in /workspaces/openwrt-radxa-rock5b-plus/openwrt/staging_dir/target-aarch64_generic_musl/pkginfo/kmod-nft-core.provides; do if [ -f "$file" ]; then cat $file; fi; done;  ) | sort -u > /workspaces/openwrt-radxa-rock5b-plus/openwrt/staging_dir/target-aarch64_generic_musl/pkginfo/kmod-nft-fib.provides

( rm -f /workspaces/openwrt-radxa-rock5b-plus/openwrt/staging_dir/target-aarch64_generic_musl/pkginfo/kmod-nft-fib.missing; ( export READELF=aarch64-openwrt-linux-musl-readelf OBJCOPY=aarch64-openwrt-linux-musl-objcopy XARGS="xargs -r"; /workspaces/openwrt-radxa-rock5b-plus/openwrt/scripts/gen-dependencies.sh "/workspaces/openwrt-radxa-rock5b-plus/openwrt/build_dir/target-aarch64_generic_musl/linux-rockchip_armv8/packages/ipkg-aarch64_generic/kmod-nft-fib"; ) | while read FILE; do grep -qxF "$FILE" /workspaces/openwrt-radxa-rock5b-plus/openwrt/staging_dir/target-aarch64_generic_musl/pkginfo/kmod-nft-fib.provides || echo "$FILE" >> /workspaces/openwrt-radxa-rock5b-plus/openwrt/staging_dir/target-aarch64_generic_musl/pkginfo/kmod-nft-fib.missing; done; if [ -f "/workspaces/openwrt-radxa-rock5b-plus/openwrt/staging_dir/target-aarch64_generic_musl/pkginfo/kmod-nft-fib.missing" ]; then echo "Package kmod-nft-fib is missing dependencies for the following libraries:" >&2; cat "/workspaces/openwrt-radxa-rock5b-plus/openwrt/staging_dir/target-aarch64_generic_musl/pkginfo/kmod-nft-fib.missing" >&2; false; fi; )
export CROSS="aarch64-openwrt-linux-musl-"  NO_RENAME=1 ; NM="aarch64-openwrt-linux-musl-nm" STRIP="/workspaces/openwrt-radxa-rock5b-plus/openwrt/staging_dir/host/bin/sstrip -z" STRIP_KMOD="/workspaces/openwrt-radxa-rock5b-plus/openwrt/scripts/strip-kmod.sh" PATCHELF="/workspaces/openwrt-radxa-rock5b-plus/openwrt/staging_dir/host/bin/patchelf" /workspaces/openwrt-radxa-rock5b-plus/openwrt/scripts/rstrip.sh /workspaces/openwrt-radxa-rock5b-plus/openwrt/build_dir/target-aarch64_generic_musl/linux-rockchip_armv8/packages/ipkg-aarch64_generic/kmod-nft-fib
install -d -m0755 /workspaces/openwrt-radxa-rock5b-plus/openwrt/bin/targets/rockchip/armv8/packages/tmp
mkdir -p /workspaces/openwrt-radxa-rock5b-plus/openwrt/build_dir/target-aarch64_generic_musl/linux-rockchip_armv8/packages/apk-aarch64_generic/kmod-nft-fib/
mkdir -p /workspaces/openwrt-radxa-rock5b-plus/openwrt/build_dir/target-aarch64_generic_musl/linux-rockchip_armv8/packages/ipkg-aarch64_generic/kmod-nft-fib/lib/apk/packages/
(cd /workspaces/openwrt-radxa-rock5b-plus/openwrt/build_dir/target-aarch64_generic_musl/linux-rockchip_armv8/packages/apk-aarch64_generic/kmod-nft-fib; )
( echo "#!/bin/sh"; echo "[ \"\${IPKG_NO_SCRIPT}\" = \"1\" ] && exit 0"; echo "[ -s "\${IPKG_INSTROOT}/lib/functions.sh" ] || exit 0"; echo ". \${IPKG_INSTROOT}/lib/functions.sh"; echo 'export root="${IPKG_INSTROOT}"'; echo 'export pkgname="kmod-nft-fib"'; echo "add_group_and_user"; echo "default_postinst"; [ ! -f /workspaces/openwrt-radxa-rock5b-plus/openwrt/build_dir/target-aarch64_generic_musl/linux-rockchip_armv8/packages/apk-aarch64_generic/kmod-nft-fib/postinst-pkg ] || sed -z 's/^\s*#!/#!/' "/workspaces/openwrt-radxa-rock5b-plus/openwrt/build_dir/target-aarch64_generic_musl/linux-rockchip_armv8/packages/apk-aarch64_generic/kmod-nft-fib/postinst-pkg"; ) > /workspaces/openwrt-radxa-rock5b-plus/openwrt/build_dir/target-aarch64_generic_musl/linux-rockchip_armv8/packages/apk-aarch64_generic/kmod-nft-fib/post-install;
( echo "#!/bin/sh"; echo 'export PKG_UPGRADE=1'; [ ! -f /workspaces/openwrt-radxa-rock5b-plus/openwrt/build_dir/target-aarch64_generic_musl/linux-rockchip_armv8/packages/apk-aarch64_generic/kmod-nft-fib/post-install ] || sed -z 's/^\s*#!/#!/' "/workspaces/openwrt-radxa-rock5b-plus/openwrt/build_dir/target-aarch64_generic_musl/linux-rockchip_armv8/packages/apk-aarch64_generic/kmod-nft-fib/post-install"; ) > /workspaces/openwrt-radxa-rock5b-plus/openwrt/build_dir/target-aarch64_generic_musl/linux-rockchip_armv8/packages/apk-aarch64_generic/kmod-nft-fib/post-upgrade;
( echo "#!/bin/sh"; echo "[ -s "\${IPKG_INSTROOT}/lib/functions.sh" ] || exit 0"; echo ". \${IPKG_INSTROOT}/lib/functions.sh"; echo 'export root="${IPKG_INSTROOT}"'; echo 'export pkgname="kmod-nft-fib"'; echo "default_prerm"; [ ! -f /workspaces/openwrt-radxa-rock5b-plus/openwrt/build_dir/target-aarch64_generic_musl/linux-rockchip_armv8/packages/apk-aarch64_generic/kmod-nft-fib/prerm-pkg ] || sed -z 's/^\s*#!/#!/' "/workspaces/openwrt-radxa-rock5b-plus/openwrt/build_dir/target-aarch64_generic_musl/linux-rockchip_armv8/packages/apk-aarch64_generic/kmod-nft-fib/prerm-pkg"; ) > /workspaces/openwrt-radxa-rock5b-plus/openwrt/build_dir/target-aarch64_generic_musl/linux-rockchip_armv8/packages/apk-aarch64_generic/kmod-nft-fib/pre-deinstall;
[ ! -f /workspaces/openwrt-radxa-rock5b-plus/openwrt/build_dir/target-aarch64_generic_musl/linux-rockchip_armv8/packages/apk-aarch64_generic/kmod-nft-fib/postrm ] || sed -zi 's/^\s*#!/#!/' "/workspaces/openwrt-radxa-rock5b-plus/openwrt/build_dir/target-aarch64_generic_musl/linux-rockchip_armv8/packages/apk-aarch64_generic/kmod-nft-fib/postrm";
if [ -n "" ]; then echo  > /workspaces/openwrt-radxa-rock5b-plus/openwrt/build_dir/target-aarch64_generic_musl/linux-rockchip_armv8/packages/ipkg-aarch64_generic/kmod-nft-fib/lib/apk/packages/kmod-nft-fib.rusers; fi;
if [ -n "" ]; then echo  > /workspaces/openwrt-radxa-rock5b-plus/openwrt/build_dir/target-aarch64_generic_musl/linux-rockchip_armv8/packages/ipkg-aarch64_generic/kmod-nft-fib/lib/apk/packages/kmod-nft-fib.alternatives; fi;
(cd /workspaces/openwrt-radxa-rock5b-plus/openwrt/build_dir/target-aarch64_generic_musl/linux-rockchip_armv8/packages/ipkg-aarch64_generic/kmod-nft-fib && find . -type f,l -printf "/%P\n" | sort > /workspaces/openwrt-radxa-rock5b-plus/openwrt/tmp/kmod-nft-fib.list && mv /workspaces/openwrt-radxa-rock5b-plus/openwrt/tmp/kmod-nft-fib.list /workspaces/openwrt-radxa-rock5b-plus/openwrt/build_dir/target-aarch64_generic_musl/linux-rockchip_armv8/packages/ipkg-aarch64_generic/kmod-nft-fib/lib/apk/packages/kmod-nft-fib.list)
# Move conffiles to IDIR and build conffiles_static with csums
if [ -f /workspaces/openwrt-radxa-rock5b-plus/openwrt/build_dir/target-aarch64_generic_musl/linux-rockchip_armv8/packages/apk-aarch64_generic/kmod-nft-fib/conffiles ]; then mv -f /workspaces/openwrt-radxa-rock5b-plus/openwrt/build_dir/target-aarch64_generic_musl/linux-rockchip_armv8/packages/apk-aarch64_generic/kmod-nft-fib/conffiles /workspaces/openwrt-radxa-rock5b-plus/openwrt/build_dir/target-aarch64_generic_musl/linux-rockchip_armv8/packages/ipkg-aarch64_generic/kmod-nft-fib/lib/apk/packages/kmod-nft-fib.conffiles; for file in $(cat /workspaces/openwrt-radxa-rock5b-plus/openwrt/build_dir/target-aarch64_generic_musl/linux-rockchip_armv8/packages/ipkg-aarch64_generic/kmod-nft-fib/lib/apk/packages/kmod-nft-fib.conffiles); do [ -f /workspaces/openwrt-radxa-rock5b-plus/openwrt/build_dir/target-aarch64_generic_musl/linux-rockchip_armv8/packages/ipkg-aarch64_generic/kmod-nft-fib/$file ] || continue; csum=$(/workspaces/openwrt-radxa-rock5b-plus/openwrt/staging_dir/host/bin/mkhash sha256 /workspaces/openwrt-radxa-rock5b-plus/openwrt/build_dir/target-aarch64_generic_musl/linux-rockchip_armv8/packages/ipkg-aarch64_generic/kmod-nft-fib/$file); echo $file $csum >> /workspaces/openwrt-radxa-rock5b-plus/openwrt/build_dir/target-aarch64_generic_musl/linux-rockchip_armv8/packages/ipkg-aarch64_generic/kmod-nft-fib/lib/apk/packages/kmod-nft-fib.conffiles_static; done; fi
# Some package (base-files) manually append stuff to conffiles
# Append stuff from it and delete the CONTROL directory since everything else should be migrated
if [ -f /workspaces/openwrt-radxa-rock5b-plus/openwrt/build_dir/target-aarch64_generic_musl/linux-rockchip_armv8/packages/ipkg-aarch64_generic/kmod-nft-fib/CONTROL/conffiles ]; then echo $(IDIR_kmod-nft-fib)/CONTROL/conffiles >> /workspaces/openwrt-radxa-rock5b-plus/openwrt/build_dir/target-aarch64_generic_musl/linux-rockchip_armv8/packages/ipkg-aarch64_generic/kmod-nft-fib/lib/apk/packages/kmod-nft-fib.conffiles; for file in $(cat /workspaces/openwrt-radxa-rock5b-plus/openwrt/build_dir/target-aarch64_generic_musl/linux-rockchip_armv8/packages/ipkg-aarch64_generic/kmod-nft-fib/CONTROL/conffiles); do [ -f /workspaces/openwrt-radxa-rock5b-plus/openwrt/build_dir/target-aarch64_generic_musl/linux-rockchip_armv8/packages/ipkg-aarch64_generic/kmod-nft-fib/$file ] || continue; csum=$(/workspaces/openwrt-radxa-rock5b-plus/openwrt/staging_dir/host/bin/mkhash sha256 /workspaces/openwrt-radxa-rock5b-plus/openwrt/build_dir/target-aarch64_generic_musl/linux-rockchip_armv8/packages/ipkg-aarch64_generic/kmod-nft-fib/$file); echo $file $csum >> /workspaces/openwrt-radxa-rock5b-plus/openwrt/build_dir/target-aarch64_generic_musl/linux-rockchip_armv8/packages/ipkg-aarch64_generic/kmod-nft-fib/lib/apk/packages/kmod-nft-fib.conffiles_static; done; rm -rf /workspaces/openwrt-radxa-rock5b-plus/openwrt/build_dir/target-aarch64_generic_musl/linux-rockchip_armv8/packages/ipkg-aarch64_generic/kmod-nft-fib/CONTROL/conffiles; fi
if [ -z "$(ls -A /workspaces/openwrt-radxa-rock5b-plus/openwrt/build_dir/target-aarch64_generic_musl/linux-rockchip_armv8/packages/ipkg-aarch64_generic/kmod-nft-fib/CONTROL 2>/dev/null)" ]; then rm -rf /workspaces/openwrt-radxa-rock5b-plus/openwrt/build_dir/target-aarch64_generic_musl/linux-rockchip_armv8/packages/ipkg-aarch64_generic/kmod-nft-fib/CONTROL; else echo "CONTROL directory /workspaces/openwrt-radxa-rock5b-plus/openwrt/build_dir/target-aarch64_generic_musl/linux-rockchip_armv8/packages/ipkg-aarch64_generic/kmod-nft-fib/CONTROL is not empty! This is not right and should be checked!" >&2; exit 1; fi
/workspaces/openwrt-radxa-rock5b-plus/openwrt/staging_dir/host/bin/fakeroot /workspaces/openwrt-radxa-rock5b-plus/openwrt/staging_dir/host/bin/apk mkpkg --info "name:kmod-nft-fib" --info "version:6.12.45-r1"  --info "description:Netfilter nf_tables fib support" --info "arch:aarch64_generic" --info "license:GPL-2.0-only" --info "origin:feeds/base/kernel/linux" --info "url:" --info "maintainer:" --info "provides:"  --script "post-install:/workspaces/openwrt-radxa-rock5b-plus/openwrt/build_dir/target-aarch64_generic_musl/linux-rockchip_armv8/packages/apk-aarch64_generic/kmod-nft-fib/post-install" --script "post-upgrade:/workspaces/openwrt-radxa-rock5b-plus/openwrt/build_dir/target-aarch64_generic_musl/linux-rockchip_armv8/packages/apk-aarch64_generic/kmod-nft-fib/post-upgrade" --script "pre-deinstall:/workspaces/openwrt-radxa-rock5b-plus/openwrt/build_dir/target-aarch64_generic_musl/linux-rockchip_armv8/packages/apk-aarch64_generic/kmod-nft-fib/pre-deinstall" --info "depends:kernel=6.12.45~bfdb4691414eb2d33b0186227f6f0e2d-r1 kmod-nft-core" --files "/workspaces/openwrt-radxa-rock5b-plus/openwrt/build_dir/target-aarch64_generic_musl/linux-rockchip_armv8/packages/ipkg-aarch64_generic/kmod-nft-fib" --output "/workspaces/openwrt-radxa-rock5b-plus/openwrt/bin/targets/rockchip/armv8/packages/kmod-nft-fib-6.12.45-r1.apk" --sign "/workspaces/openwrt-radxa-rock5b-plus/openwrt/private-key.pem"
[ -f /workspaces/openwrt-radxa-rock5b-plus/openwrt/bin/targets/rockchip/armv8/packages/kmod-nft-fib-6.12.45-r1.apk ]
removed '/workspaces/openwrt-radxa-rock5b-plus/openwrt/bin/targets/rockchip/armv8/packages/kmod-nft-fib-6.12.45-r1.apk'
SHELL= flock /workspaces/openwrt-radxa-rock5b-plus/openwrt/tmp/.root-copy.flock -c 'cp -fpR /workspaces/openwrt-radxa-rock5b-plus/openwrt/build_dir/target-aarch64_generic_musl/ncurses-6.4/.pkgdir/libncurses/. /workspaces/openwrt-radxa-rock5b-plus/openwrt/staging_dir/target-aarch64_generic_musl/root-rockchip/'
touch /workspaces/openwrt-radxa-rock5b-plus/openwrt/staging_dir/target-aarch64_generic_musl/root-rockchip/stamp/.libncurses_installed
echo "libncurses" >> /workspaces/openwrt-radxa-rock5b-plus/openwrt/staging_dir/target-aarch64_generic_musl/pkginfo/ncurses.default.install
make[3]: Leaving directory '/workspaces/openwrt-radxa-rock5b-plus/openwrt/package/libs/ncurses'
time: package/libs/ncurses/compile#2.87#2.46#12.15
make[3]: Entering directory '/workspaces/openwrt-radxa-rock5b-plus/openwrt/package/utils/jsonfilter'
rstrip.sh: /workspaces/openwrt-radxa-rock5b-plus/openwrt/build_dir/target-aarch64_generic_musl/linux-rockchip_armv8/packages/ipkg-aarch64_generic/kmod-nft-fib/lib/modules/6.12.45/nft_fib_ipv4.ko: relocatable
rstrip.sh: /workspaces/openwrt-radxa-rock5b-plus/openwrt/build_dir/target-aarch64_generic_musl/linux-rockchip_armv8/packages/ipkg-aarch64_generic/kmod-nft-fib/lib/modules/6.12.45/nft_fib_inet.ko: relocatable
rstrip.sh: /workspaces/openwrt-radxa-rock5b-plus/openwrt/build_dir/target-aarch64_generic_musl/linux-rockchip_armv8/packages/ipkg-aarch64_generic/kmod-nft-fib/lib/modules/6.12.45/nft_fib_ipv6.ko: relocatable
rstrip.sh: /workspaces/openwrt-radxa-rock5b-plus/openwrt/build_dir/target-aarch64_generic_musl/linux-rockchip_armv8/packages/ipkg-aarch64_generic/kmod-nft-fib/lib/modules/6.12.45/nft_fib.ko: relocatable
rm -rf /workspaces/openwrt-radxa-rock5b-plus/openwrt/build_dir/target-aarch64_generic_musl/linux-rockchip_armv8/packages/ipkg-aarch64_generic/kmod-slhc
/workspaces/openwrt-radxa-rock5b-plus/openwrt/scripts/ipkg-remove kmod-slhc /workspaces/openwrt-radxa-rock5b-plus/openwrt/bin/targets/rockchip/armv8/packages/kmod-slhc-6.12.45-r1.apk
mkdir -p /workspaces/openwrt-radxa-rock5b-plus/openwrt/bin/targets/rockchip/armv8/packages /workspaces/openwrt-radxa-rock5b-plus/openwrt/build_dir/target-aarch64_generic_musl/linux-rockchip_armv8/packages/ipkg-aarch64_generic/kmod-slhc /workspaces/openwrt-radxa-rock5b-plus/openwrt/staging_dir/target-aarch64_generic_musl/pkginfo
for mod in /workspaces/openwrt-radxa-rock5b-plus/openwrt/build_dir/target-aarch64_generic_musl/linux-rockchip_armv8/linux-6.12.45/drivers/net/slip/slhc.ko; do if grep -q "${mod##/workspaces/openwrt-radxa-rock5b-plus/openwrt/build_dir/target-aarch64_generic_musl/linux-rockchip_armv8/linux-6.12.45/}" "/workspaces/openwrt-radxa-rock5b-plus/openwrt/build_dir/target-aarch64_generic_musl/linux-rockchip_armv8/linux-6.12.45/modules.builtin"; then echo "NOTICE: module '$mod' is built-in."; elif [ -e $mod ]; then mkdir -p /workspaces/openwrt-radxa-rock5b-plus/openwrt/build_dir/target-aarch64_generic_musl/linux-rockchip_armv8/packages/ipkg-aarch64_generic/kmod-slhc/lib/modules/6.12.45 ; cp -fpR -L $mod /workspaces/openwrt-radxa-rock5b-plus/openwrt/build_dir/target-aarch64_generic_musl/linux-rockchip_armv8/packages/ipkg-aarch64_generic/kmod-slhc/lib/modules/6.12.45/ ; else echo "ERROR: module '$mod' is missing." >&2; exit 1; fi; done;




find /workspaces/openwrt-radxa-rock5b-plus/openwrt/build_dir/target-aarch64_generic_musl/linux-rockchip_armv8/packages/ipkg-aarch64_generic/kmod-slhc -name 'CVS' -o -name '.svn' -o -name '.#*' -o -name '*~'| xargs -r rm -rf
( find /workspaces/openwrt-radxa-rock5b-plus/openwrt/build_dir/target-aarch64_generic_musl/linux-rockchip_armv8/packages/ipkg-aarch64_generic/kmod-slhc -name lib\*.so\* -or -name \*.ko | awk -F/ '{ print $NF }'; for file in /workspaces/openwrt-radxa-rock5b-plus/openwrt/staging_dir/target-aarch64_generic_musl/pkginfo/kmod-lib-crc-ccitt.provides; do if [ -f "$file" ]; then cat $file; fi; done;  ) | sort -u > /workspaces/openwrt-radxa-rock5b-plus/openwrt/staging_dir/target-aarch64_generic_musl/pkginfo/kmod-slhc.provides

( rm -f /workspaces/openwrt-radxa-rock5b-plus/openwrt/staging_dir/target-aarch64_generic_musl/pkginfo/kmod-slhc.missing; ( export READELF=aarch64-openwrt-linux-musl-readelf OBJCOPY=aarch64-openwrt-linux-musl-objcopy XARGS="xargs -r"; /workspaces/openwrt-radxa-rock5b-plus/openwrt/scripts/gen-dependencies.sh "/workspaces/openwrt-radxa-rock5b-plus/openwrt/build_dir/target-aarch64_generic_musl/linux-rockchip_armv8/packages/ipkg-aarch64_generic/kmod-slhc"; ) | while read FILE; do grep -qxF "$FILE" /workspaces/openwrt-radxa-rock5b-plus/openwrt/staging_dir/target-aarch64_generic_musl/pkginfo/kmod-slhc.provides || echo "$FILE" >> /workspaces/openwrt-radxa-rock5b-plus/openwrt/staging_dir/target-aarch64_generic_musl/pkginfo/kmod-slhc.missing; done; if [ -f "/workspaces/openwrt-radxa-rock5b-plus/openwrt/staging_dir/target-aarch64_generic_musl/pkginfo/kmod-slhc.missing" ]; then echo "Package kmod-slhc is missing dependencies for the following libraries:" >&2; cat "/workspaces/openwrt-radxa-rock5b-plus/openwrt/staging_dir/target-aarch64_generic_musl/pkginfo/kmod-slhc.missing" >&2; false; fi; )
export CROSS="aarch64-openwrt-linux-musl-"  NO_RENAME=1 ; NM="aarch64-openwrt-linux-musl-nm" STRIP="/workspaces/openwrt-radxa-rock5b-plus/openwrt/staging_dir/host/bin/sstrip -z" STRIP_KMOD="/workspaces/openwrt-radxa-rock5b-plus/openwrt/scripts/strip-kmod.sh" PATCHELF="/workspaces/openwrt-radxa-rock5b-plus/openwrt/staging_dir/host/bin/patchelf" /workspaces/openwrt-radxa-rock5b-plus/openwrt/scripts/rstrip.sh /workspaces/openwrt-radxa-rock5b-plus/openwrt/build_dir/target-aarch64_generic_musl/linux-rockchip_armv8/packages/ipkg-aarch64_generic/kmod-slhc
install -d -m0755 /workspaces/openwrt-radxa-rock5b-plus/openwrt/bin/targets/rockchip/armv8/packages/tmp
mkdir -p /workspaces/openwrt-radxa-rock5b-plus/openwrt/build_dir/target-aarch64_generic_musl/linux-rockchip_armv8/packages/apk-aarch64_generic/kmod-slhc/
mkdir -p /workspaces/openwrt-radxa-rock5b-plus/openwrt/build_dir/target-aarch64_generic_musl/linux-rockchip_armv8/packages/ipkg-aarch64_generic/kmod-slhc/lib/apk/packages/
(cd /workspaces/openwrt-radxa-rock5b-plus/openwrt/build_dir/target-aarch64_generic_musl/linux-rockchip_armv8/packages/apk-aarch64_generic/kmod-slhc; )
( echo "#!/bin/sh"; echo "[ \"\${IPKG_NO_SCRIPT}\" = \"1\" ] && exit 0"; echo "[ -s "\${IPKG_INSTROOT}/lib/functions.sh" ] || exit 0"; echo ". \${IPKG_INSTROOT}/lib/functions.sh"; echo 'export root="${IPKG_INSTROOT}"'; echo 'export pkgname="kmod-slhc"'; echo "add_group_and_user"; echo "default_postinst"; [ ! -f /workspaces/openwrt-radxa-rock5b-plus/openwrt/build_dir/target-aarch64_generic_musl/linux-rockchip_armv8/packages/apk-aarch64_generic/kmod-slhc/postinst-pkg ] || sed -z 's/^\s*#!/#!/' "/workspaces/openwrt-radxa-rock5b-plus/openwrt/build_dir/target-aarch64_generic_musl/linux-rockchip_armv8/packages/apk-aarch64_generic/kmod-slhc/postinst-pkg"; ) > /workspaces/openwrt-radxa-rock5b-plus/openwrt/build_dir/target-aarch64_generic_musl/linux-rockchip_armv8/packages/apk-aarch64_generic/kmod-slhc/post-install;
( echo "#!/bin/sh"; echo 'export PKG_UPGRADE=1'; [ ! -f /workspaces/openwrt-radxa-rock5b-plus/openwrt/build_dir/target-aarch64_generic_musl/linux-rockchip_armv8/packages/apk-aarch64_generic/kmod-slhc/post-install ] || sed -z 's/^\s*#!/#!/' "/workspaces/openwrt-radxa-rock5b-plus/openwrt/build_dir/target-aarch64_generic_musl/linux-rockchip_armv8/packages/apk-aarch64_generic/kmod-slhc/post-install"; ) > /workspaces/openwrt-radxa-rock5b-plus/openwrt/build_dir/target-aarch64_generic_musl/linux-rockchip_armv8/packages/apk-aarch64_generic/kmod-slhc/post-upgrade;
( echo "#!/bin/sh"; echo "[ -s "\${IPKG_INSTROOT}/lib/functions.sh" ] || exit 0"; echo ". \${IPKG_INSTROOT}/lib/functions.sh"; echo 'export root="${IPKG_INSTROOT}"'; echo 'export pkgname="kmod-slhc"'; echo "default_prerm"; [ ! -f /workspaces/openwrt-radxa-rock5b-plus/openwrt/build_dir/target-aarch64_generic_musl/linux-rockchip_armv8/packages/apk-aarch64_generic/kmod-slhc/prerm-pkg ] || sed -z 's/^\s*#!/#!/' "/workspaces/openwrt-radxa-rock5b-plus/openwrt/build_dir/target-aarch64_generic_musl/linux-rockchip_armv8/packages/apk-aarch64_generic/kmod-slhc/prerm-pkg"; ) > /workspaces/openwrt-radxa-rock5b-plus/openwrt/build_dir/target-aarch64_generic_musl/linux-rockchip_armv8/packages/apk-aarch64_generic/kmod-slhc/pre-deinstall;
[ ! -f /workspaces/openwrt-radxa-rock5b-plus/openwrt/build_dir/target-aarch64_generic_musl/linux-rockchip_armv8/packages/apk-aarch64_generic/kmod-slhc/postrm ] || sed -zi 's/^\s*#!/#!/' "/workspaces/openwrt-radxa-rock5b-plus/openwrt/build_dir/target-aarch64_generic_musl/linux-rockchip_armv8/packages/apk-aarch64_generic/kmod-slhc/postrm";
if [ -n "" ]; then echo  > /workspaces/openwrt-radxa-rock5b-plus/openwrt/build_dir/target-aarch64_generic_musl/linux-rockchip_armv8/packages/ipkg-aarch64_generic/kmod-slhc/lib/apk/packages/kmod-slhc.rusers; fi;
if [ -n "" ]; then echo  > /workspaces/openwrt-radxa-rock5b-plus/openwrt/build_dir/target-aarch64_generic_musl/linux-rockchip_armv8/packages/ipkg-aarch64_generic/kmod-slhc/lib/apk/packages/kmod-slhc.alternatives; fi;
(cd /workspaces/openwrt-radxa-rock5b-plus/openwrt/build_dir/target-aarch64_generic_musl/linux-rockchip_armv8/packages/ipkg-aarch64_generic/kmod-slhc && find . -type f,l -printf "/%P\n" | sort > /workspaces/openwrt-radxa-rock5b-plus/openwrt/tmp/kmod-slhc.list && mv /workspaces/openwrt-radxa-rock5b-plus/openwrt/tmp/kmod-slhc.list /workspaces/openwrt-radxa-rock5b-plus/openwrt/build_dir/target-aarch64_generic_musl/linux-rockchip_armv8/packages/ipkg-aarch64_generic/kmod-slhc/lib/apk/packages/kmod-slhc.list)
# Move conffiles to IDIR and build conffiles_static with csums
if [ -f /workspaces/openwrt-radxa-rock5b-plus/openwrt/build_dir/target-aarch64_generic_musl/linux-rockchip_armv8/packages/apk-aarch64_generic/kmod-slhc/conffiles ]; then mv -f /workspaces/openwrt-radxa-rock5b-plus/openwrt/build_dir/target-aarch64_generic_musl/linux-rockchip_armv8/packages/apk-aarch64_generic/kmod-slhc/conffiles /workspaces/openwrt-radxa-rock5b-plus/openwrt/build_dir/target-aarch64_generic_musl/linux-rockchip_armv8/packages/ipkg-aarch64_generic/kmod-slhc/lib/apk/packages/kmod-slhc.conffiles; for file in $(cat /workspaces/openwrt-radxa-rock5b-plus/openwrt/build_dir/target-aarch64_generic_musl/linux-rockchip_armv8/packages/ipkg-aarch64_generic/kmod-slhc/lib/apk/packages/kmod-slhc.conffiles); do [ -f /workspaces/openwrt-radxa-rock5b-plus/openwrt/build_dir/target-aarch64_generic_musl/linux-rockchip_armv8/packages/ipkg-aarch64_generic/kmod-slhc/$file ] || continue; csum=$(/workspaces/openwrt-radxa-rock5b-plus/openwrt/staging_dir/host/bin/mkhash sha256 /workspaces/openwrt-radxa-rock5b-plus/openwrt/build_dir/target-aarch64_generic_musl/linux-rockchip_armv8/packages/ipkg-aarch64_generic/kmod-slhc/$file); echo $file $csum >> /workspaces/openwrt-radxa-rock5b-plus/openwrt/build_dir/target-aarch64_generic_musl/linux-rockchip_armv8/packages/ipkg-aarch64_generic/kmod-slhc/lib/apk/packages/kmod-slhc.conffiles_static; done; fi
# Some package (base-files) manually append stuff to conffiles
# Append stuff from it and delete the CONTROL directory since everything else should be migrated
if [ -f /workspaces/openwrt-radxa-rock5b-plus/openwrt/build_dir/target-aarch64_generic_musl/linux-rockchip_armv8/packages/ipkg-aarch64_generic/kmod-slhc/CONTROL/conffiles ]; then echo $(IDIR_kmod-slhc)/CONTROL/conffiles >> /workspaces/openwrt-radxa-rock5b-plus/openwrt/build_dir/target-aarch64_generic_musl/linux-rockchip_armv8/packages/ipkg-aarch64_generic/kmod-slhc/lib/apk/packages/kmod-slhc.conffiles; for file in $(cat /workspaces/openwrt-radxa-rock5b-plus/openwrt/build_dir/target-aarch64_generic_musl/linux-rockchip_armv8/packages/ipkg-aarch64_generic/kmod-slhc/CONTROL/conffiles); do [ -f /workspaces/openwrt-radxa-rock5b-plus/openwrt/build_dir/target-aarch64_generic_musl/linux-rockchip_armv8/packages/ipkg-aarch64_generic/kmod-slhc/$file ] || continue; csum=$(/workspaces/openwrt-radxa-rock5b-plus/openwrt/staging_dir/host/bin/mkhash sha256 /workspaces/openwrt-radxa-rock5b-plus/openwrt/build_dir/target-aarch64_generic_musl/linux-rockchip_armv8/packages/ipkg-aarch64_generic/kmod-slhc/$file); echo $file $csum >> /workspaces/openwrt-radxa-rock5b-plus/openwrt/build_dir/target-aarch64_generic_musl/linux-rockchip_armv8/packages/ipkg-aarch64_generic/kmod-slhc/lib/apk/packages/kmod-slhc.conffiles_static; done; rm -rf /workspaces/openwrt-radxa-rock5b-plus/openwrt/build_dir/target-aarch64_generic_musl/linux-rockchip_armv8/packages/ipkg-aarch64_generic/kmod-slhc/CONTROL/conffiles; fi
if [ -z "$(ls -A /workspaces/openwrt-radxa-rock5b-plus/openwrt/build_dir/target-aarch64_generic_musl/linux-rockchip_armv8/packages/ipkg-aarch64_generic/kmod-slhc/CONTROL 2>/dev/null)" ]; then rm -rf /workspaces/openwrt-radxa-rock5b-plus/openwrt/build_dir/target-aarch64_generic_musl/linux-rockchip_armv8/packages/ipkg-aarch64_generic/kmod-slhc/CONTROL; else echo "CONTROL directory /workspaces/openwrt-radxa-rock5b-plus/openwrt/build_dir/target-aarch64_generic_musl/linux-rockchip_armv8/packages/ipkg-aarch64_generic/kmod-slhc/CONTROL is not empty! This is not right and should be checked!" >&2; exit 1; fi
/workspaces/openwrt-radxa-rock5b-plus/openwrt/staging_dir/host/bin/fakeroot /workspaces/openwrt-radxa-rock5b-plus/openwrt/staging_dir/host/bin/apk mkpkg --info "name:kmod-slhc" --info "version:6.12.45-r1"  --info "description:Serial Line Header Compression" --info "arch:aarch64_generic" --info "license:GPL-2.0-only" --info "origin:feeds/base/kernel/linux" --info "url:" --info "maintainer:" --info "provides:"  --script "post-install:/workspaces/openwrt-radxa-rock5b-plus/openwrt/build_dir/target-aarch64_generic_musl/linux-rockchip_armv8/packages/apk-aarch64_generic/kmod-slhc/post-install" --script "post-upgrade:/workspaces/openwrt-radxa-rock5b-plus/openwrt/build_dir/target-aarch64_generic_musl/linux-rockchip_armv8/packages/apk-aarch64_generic/kmod-slhc/post-upgrade" --script "pre-deinstall:/workspaces/openwrt-radxa-rock5b-plus/openwrt/build_dir/target-aarch64_generic_musl/linux-rockchip_armv8/packages/apk-aarch64_generic/kmod-slhc/pre-deinstall" --info "depends:kernel=6.12.45~bfdb4691414eb2d33b0186227f6f0e2d-r1 kmod-lib-crc-ccitt" --files "/workspaces/openwrt-radxa-rock5b-plus/openwrt/build_dir/target-aarch64_generic_musl/linux-rockchip_armv8/packages/ipkg-aarch64_generic/kmod-slhc" --output "/workspaces/openwrt-radxa-rock5b-plus/openwrt/bin/targets/rockchip/armv8/packages/kmod-slhc-6.12.45-r1.apk" --sign "/workspaces/openwrt-radxa-rock5b-plus/openwrt/private-key.pem"
[ -f /workspaces/openwrt-radxa-rock5b-plus/openwrt/bin/targets/rockchip/armv8/packages/kmod-slhc-6.12.45-r1.apk ]
removed '/workspaces/openwrt-radxa-rock5b-plus/openwrt/bin/targets/rockchip/armv8/packages/kmod-slhc-6.12.45-r1.apk'
rstrip.sh: /workspaces/openwrt-radxa-rock5b-plus/openwrt/build_dir/target-aarch64_generic_musl/linux-rockchip_armv8/packages/ipkg-aarch64_generic/kmod-slhc/lib/modules/6.12.45/slhc.ko: relocatable
rm -rf /workspaces/openwrt-radxa-rock5b-plus/openwrt/build_dir/target-aarch64_generic_musl/linux-rockchip_armv8/packages/ipkg-aarch64_generic/kmod-ppp
/workspaces/openwrt-radxa-rock5b-plus/openwrt/scripts/ipkg-remove kmod-ppp /workspaces/openwrt-radxa-rock5b-plus/openwrt/bin/targets/rockchip/armv8/packages/kmod-ppp-6.12.45-r1.apk
mkdir -p /workspaces/openwrt-radxa-rock5b-plus/openwrt/bin/targets/rockchip/armv8/packages /workspaces/openwrt-radxa-rock5b-plus/openwrt/build_dir/target-aarch64_generic_musl/linux-rockchip_armv8/packages/ipkg-aarch64_generic/kmod-ppp /workspaces/openwrt-radxa-rock5b-plus/openwrt/staging_dir/target-aarch64_generic_musl/pkginfo
for mod in /workspaces/openwrt-radxa-rock5b-plus/openwrt/build_dir/target-aarch64_generic_musl/linux-rockchip_armv8/linux-6.12.45/drivers/net/ppp/ppp_async.ko /workspaces/openwrt-radxa-rock5b-plus/openwrt/build_dir/target-aarch64_generic_musl/linux-rockchip_armv8/linux-6.12.45/drivers/net/ppp/ppp_generic.ko; do if grep -q "${mod##/workspaces/openwrt-radxa-rock5b-plus/openwrt/build_dir/target-aarch64_generic_musl/linux-rockchip_armv8/linux-6.12.45/}" "/workspaces/openwrt-radxa-rock5b-plus/openwrt/build_dir/target-aarch64_generic_musl/linux-rockchip_armv8/linux-6.12.45/modules.builtin"; then echo "NOTICE: module '$mod' is built-in."; elif [ -e $mod ]; then mkdir -p /workspaces/openwrt-radxa-rock5b-plus/openwrt/build_dir/target-aarch64_generic_musl/linux-rockchip_armv8/packages/ipkg-aarch64_generic/kmod-ppp/lib/modules/6.12.45 ; cp -fpR -L $mod /workspaces/openwrt-radxa-rock5b-plus/openwrt/build_dir/target-aarch64_generic_musl/linux-rockchip_armv8/packages/ipkg-aarch64_generic/kmod-ppp/lib/modules/6.12.45/ ; else echo "ERROR: module '$mod' is missing." >&2; exit 1; fi; done;
mkdir -p /workspaces/openwrt-radxa-rock5b-plus/openwrt/build_dir/target-aarch64_generic_musl/linux-rockchip_armv8/packages/ipkg-aarch64_generic/kmod-ppp/etc/modules.d; ( echo "ppp_async"; ) > /workspaces/openwrt-radxa-rock5b-plus/openwrt/build_dir/target-aarch64_generic_musl/linux-rockchip_armv8/packages/ipkg-aarch64_generic/kmod-ppp/etc/modules.d/ppp; 



find /workspaces/openwrt-radxa-rock5b-plus/openwrt/build_dir/target-aarch64_generic_musl/linux-rockchip_armv8/packages/ipkg-aarch64_generic/kmod-ppp -name 'CVS' -o -name '.svn' -o -name '.#*' -o -name '*~'| xargs -r rm -rf
( find /workspaces/openwrt-radxa-rock5b-plus/openwrt/build_dir/target-aarch64_generic_musl/linux-rockchip_armv8/packages/ipkg-aarch64_generic/kmod-ppp -name lib\*.so\* -or -name \*.ko | awk -F/ '{ print $NF }'; for file in /workspaces/openwrt-radxa-rock5b-plus/openwrt/staging_dir/target-aarch64_generic_musl/pkginfo/kmod-lib-crc-ccitt.provides /workspaces/openwrt-radxa-rock5b-plus/openwrt/staging_dir/target-aarch64_generic_musl/pkginfo/kmod-slhc.provides; do if [ -f "$file" ]; then cat $file; fi; done;  ) | sort -u > /workspaces/openwrt-radxa-rock5b-plus/openwrt/staging_dir/target-aarch64_generic_musl/pkginfo/kmod-ppp.provides

( rm -f /workspaces/openwrt-radxa-rock5b-plus/openwrt/staging_dir/target-aarch64_generic_musl/pkginfo/kmod-ppp.missing; ( export READELF=aarch64-openwrt-linux-musl-readelf OBJCOPY=aarch64-openwrt-linux-musl-objcopy XARGS="xargs -r"; /workspaces/openwrt-radxa-rock5b-plus/openwrt/scripts/gen-dependencies.sh "/workspaces/openwrt-radxa-rock5b-plus/openwrt/build_dir/target-aarch64_generic_musl/linux-rockchip_armv8/packages/ipkg-aarch64_generic/kmod-ppp"; ) | while read FILE; do grep -qxF "$FILE" /workspaces/openwrt-radxa-rock5b-plus/openwrt/staging_dir/target-aarch64_generic_musl/pkginfo/kmod-ppp.provides || echo "$FILE" >> /workspaces/openwrt-radxa-rock5b-plus/openwrt/staging_dir/target-aarch64_generic_musl/pkginfo/kmod-ppp.missing; done; if [ -f "/workspaces/openwrt-radxa-rock5b-plus/openwrt/staging_dir/target-aarch64_generic_musl/pkginfo/kmod-ppp.missing" ]; then echo "Package kmod-ppp is missing dependencies for the following libraries:" >&2; cat "/workspaces/openwrt-radxa-rock5b-plus/openwrt/staging_dir/target-aarch64_generic_musl/pkginfo/kmod-ppp.missing" >&2; false; fi; )
export CROSS="aarch64-openwrt-linux-musl-"  NO_RENAME=1 ; NM="aarch64-openwrt-linux-musl-nm" STRIP="/workspaces/openwrt-radxa-rock5b-plus/openwrt/staging_dir/host/bin/sstrip -z" STRIP_KMOD="/workspaces/openwrt-radxa-rock5b-plus/openwrt/scripts/strip-kmod.sh" PATCHELF="/workspaces/openwrt-radxa-rock5b-plus/openwrt/staging_dir/host/bin/patchelf" /workspaces/openwrt-radxa-rock5b-plus/openwrt/scripts/rstrip.sh /workspaces/openwrt-radxa-rock5b-plus/openwrt/build_dir/target-aarch64_generic_musl/linux-rockchip_armv8/packages/ipkg-aarch64_generic/kmod-ppp
install -d -m0755 /workspaces/openwrt-radxa-rock5b-plus/openwrt/bin/targets/rockchip/armv8/packages/tmp
mkdir -p /workspaces/openwrt-radxa-rock5b-plus/openwrt/build_dir/target-aarch64_generic_musl/linux-rockchip_armv8/packages/apk-aarch64_generic/kmod-ppp/
mkdir -p /workspaces/openwrt-radxa-rock5b-plus/openwrt/build_dir/target-aarch64_generic_musl/linux-rockchip_armv8/packages/ipkg-aarch64_generic/kmod-ppp/lib/apk/packages/
(cd /workspaces/openwrt-radxa-rock5b-plus/openwrt/build_dir/target-aarch64_generic_musl/linux-rockchip_armv8/packages/apk-aarch64_generic/kmod-ppp; )
( echo "#!/bin/sh"; echo "[ \"\${IPKG_NO_SCRIPT}\" = \"1\" ] && exit 0"; echo "[ -s "\${IPKG_INSTROOT}/lib/functions.sh" ] || exit 0"; echo ". \${IPKG_INSTROOT}/lib/functions.sh"; echo 'export root="${IPKG_INSTROOT}"'; echo 'export pkgname="kmod-ppp"'; echo "add_group_and_user"; echo "default_postinst"; [ ! -f /workspaces/openwrt-radxa-rock5b-plus/openwrt/build_dir/target-aarch64_generic_musl/linux-rockchip_armv8/packages/apk-aarch64_generic/kmod-ppp/postinst-pkg ] || sed -z 's/^\s*#!/#!/' "/workspaces/openwrt-radxa-rock5b-plus/openwrt/build_dir/target-aarch64_generic_musl/linux-rockchip_armv8/packages/apk-aarch64_generic/kmod-ppp/postinst-pkg"; ) > /workspaces/openwrt-radxa-rock5b-plus/openwrt/build_dir/target-aarch64_generic_musl/linux-rockchip_armv8/packages/apk-aarch64_generic/kmod-ppp/post-install;
( echo "#!/bin/sh"; echo 'export PKG_UPGRADE=1'; [ ! -f /workspaces/openwrt-radxa-rock5b-plus/openwrt/build_dir/target-aarch64_generic_musl/linux-rockchip_armv8/packages/apk-aarch64_generic/kmod-ppp/post-install ] || sed -z 's/^\s*#!/#!/' "/workspaces/openwrt-radxa-rock5b-plus/openwrt/build_dir/target-aarch64_generic_musl/linux-rockchip_armv8/packages/apk-aarch64_generic/kmod-ppp/post-install"; ) > /workspaces/openwrt-radxa-rock5b-plus/openwrt/build_dir/target-aarch64_generic_musl/linux-rockchip_armv8/packages/apk-aarch64_generic/kmod-ppp/post-upgrade;
( echo "#!/bin/sh"; echo "[ -s "\${IPKG_INSTROOT}/lib/functions.sh" ] || exit 0"; echo ". \${IPKG_INSTROOT}/lib/functions.sh"; echo 'export root="${IPKG_INSTROOT}"'; echo 'export pkgname="kmod-ppp"'; echo "default_prerm"; [ ! -f /workspaces/openwrt-radxa-rock5b-plus/openwrt/build_dir/target-aarch64_generic_musl/linux-rockchip_armv8/packages/apk-aarch64_generic/kmod-ppp/prerm-pkg ] || sed -z 's/^\s*#!/#!/' "/workspaces/openwrt-radxa-rock5b-plus/openwrt/build_dir/target-aarch64_generic_musl/linux-rockchip_armv8/packages/apk-aarch64_generic/kmod-ppp/prerm-pkg"; ) > /workspaces/openwrt-radxa-rock5b-plus/openwrt/build_dir/target-aarch64_generic_musl/linux-rockchip_armv8/packages/apk-aarch64_generic/kmod-ppp/pre-deinstall;
[ ! -f /workspaces/openwrt-radxa-rock5b-plus/openwrt/build_dir/target-aarch64_generic_musl/linux-rockchip_armv8/packages/apk-aarch64_generic/kmod-ppp/postrm ] || sed -zi 's/^\s*#!/#!/' "/workspaces/openwrt-radxa-rock5b-plus/openwrt/build_dir/target-aarch64_generic_musl/linux-rockchip_armv8/packages/apk-aarch64_generic/kmod-ppp/postrm";
if [ -n "" ]; then echo  > /workspaces/openwrt-radxa-rock5b-plus/openwrt/build_dir/target-aarch64_generic_musl/linux-rockchip_armv8/packages/ipkg-aarch64_generic/kmod-ppp/lib/apk/packages/kmod-ppp.rusers; fi;
if [ -n "" ]; then echo  > /workspaces/openwrt-radxa-rock5b-plus/openwrt/build_dir/target-aarch64_generic_musl/linux-rockchip_armv8/packages/ipkg-aarch64_generic/kmod-ppp/lib/apk/packages/kmod-ppp.alternatives; fi;
(cd /workspaces/openwrt-radxa-rock5b-plus/openwrt/build_dir/target-aarch64_generic_musl/linux-rockchip_armv8/packages/ipkg-aarch64_generic/kmod-ppp && find . -type f,l -printf "/%P\n" | sort > /workspaces/openwrt-radxa-rock5b-plus/openwrt/tmp/kmod-ppp.list && mv /workspaces/openwrt-radxa-rock5b-plus/openwrt/tmp/kmod-ppp.list /workspaces/openwrt-radxa-rock5b-plus/openwrt/build_dir/target-aarch64_generic_musl/linux-rockchip_armv8/packages/ipkg-aarch64_generic/kmod-ppp/lib/apk/packages/kmod-ppp.list)
# Move conffiles to IDIR and build conffiles_static with csums
if [ -f /workspaces/openwrt-radxa-rock5b-plus/openwrt/build_dir/target-aarch64_generic_musl/linux-rockchip_armv8/packages/apk-aarch64_generic/kmod-ppp/conffiles ]; then mv -f /workspaces/openwrt-radxa-rock5b-plus/openwrt/build_dir/target-aarch64_generic_musl/linux-rockchip_armv8/packages/apk-aarch64_generic/kmod-ppp/conffiles /workspaces/openwrt-radxa-rock5b-plus/openwrt/build_dir/target-aarch64_generic_musl/linux-rockchip_armv8/packages/ipkg-aarch64_generic/kmod-ppp/lib/apk/packages/kmod-ppp.conffiles; for file in $(cat /workspaces/openwrt-radxa-rock5b-plus/openwrt/build_dir/target-aarch64_generic_musl/linux-rockchip_armv8/packages/ipkg-aarch64_generic/kmod-ppp/lib/apk/packages/kmod-ppp.conffiles); do [ -f /workspaces/openwrt-radxa-rock5b-plus/openwrt/build_dir/target-aarch64_generic_musl/linux-rockchip_armv8/packages/ipkg-aarch64_generic/kmod-ppp/$file ] || continue; csum=$(/workspaces/openwrt-radxa-rock5b-plus/openwrt/staging_dir/host/bin/mkhash sha256 /workspaces/openwrt-radxa-rock5b-plus/openwrt/build_dir/target-aarch64_generic_musl/linux-rockchip_armv8/packages/ipkg-aarch64_generic/kmod-ppp/$file); echo $file $csum >> /workspaces/openwrt-radxa-rock5b-plus/openwrt/build_dir/target-aarch64_generic_musl/linux-rockchip_armv8/packages/ipkg-aarch64_generic/kmod-ppp/lib/apk/packages/kmod-ppp.conffiles_static; done; fi
# Some package (base-files) manually append stuff to conffiles
# Append stuff from it and delete the CONTROL directory since everything else should be migrated
if [ -f /workspaces/openwrt-radxa-rock5b-plus/openwrt/build_dir/target-aarch64_generic_musl/linux-rockchip_armv8/packages/ipkg-aarch64_generic/kmod-ppp/CONTROL/conffiles ]; then echo $(IDIR_kmod-ppp)/CONTROL/conffiles >> /workspaces/openwrt-radxa-rock5b-plus/openwrt/build_dir/target-aarch64_generic_musl/linux-rockchip_armv8/packages/ipkg-aarch64_generic/kmod-ppp/lib/apk/packages/kmod-ppp.conffiles; for file in $(cat /workspaces/openwrt-radxa-rock5b-plus/openwrt/build_dir/target-aarch64_generic_musl/linux-rockchip_armv8/packages/ipkg-aarch64_generic/kmod-ppp/CONTROL/conffiles); do [ -f /workspaces/openwrt-radxa-rock5b-plus/openwrt/build_dir/target-aarch64_generic_musl/linux-rockchip_armv8/packages/ipkg-aarch64_generic/kmod-ppp/$file ] || continue; csum=$(/workspaces/openwrt-radxa-rock5b-plus/openwrt/staging_dir/host/bin/mkhash sha256 /workspaces/openwrt-radxa-rock5b-plus/openwrt/build_dir/target-aarch64_generic_musl/linux-rockchip_armv8/packages/ipkg-aarch64_generic/kmod-ppp/$file); echo $file $csum >> /workspaces/openwrt-radxa-rock5b-plus/openwrt/build_dir/target-aarch64_generic_musl/linux-rockchip_armv8/packages/ipkg-aarch64_generic/kmod-ppp/lib/apk/packages/kmod-ppp.conffiles_static; done; rm -rf /workspaces/openwrt-radxa-rock5b-plus/openwrt/build_dir/target-aarch64_generic_musl/linux-rockchip_armv8/packages/ipkg-aarch64_generic/kmod-ppp/CONTROL/conffiles; fi
if [ -z "$(ls -A /workspaces/openwrt-radxa-rock5b-plus/openwrt/build_dir/target-aarch64_generic_musl/linux-rockchip_armv8/packages/ipkg-aarch64_generic/kmod-ppp/CONTROL 2>/dev/null)" ]; then rm -rf /workspaces/openwrt-radxa-rock5b-plus/openwrt/build_dir/target-aarch64_generic_musl/linux-rockchip_armv8/packages/ipkg-aarch64_generic/kmod-ppp/CONTROL; else echo "CONTROL directory /workspaces/openwrt-radxa-rock5b-plus/openwrt/build_dir/target-aarch64_generic_musl/linux-rockchip_armv8/packages/ipkg-aarch64_generic/kmod-ppp/CONTROL is not empty! This is not right and should be checked!" >&2; exit 1; fi
/workspaces/openwrt-radxa-rock5b-plus/openwrt/staging_dir/host/bin/fakeroot /workspaces/openwrt-radxa-rock5b-plus/openwrt/staging_dir/host/bin/apk mkpkg --info "name:kmod-ppp" --info "version:6.12.45-r1"  --info "description:Kernel modules for PPP support" --info "arch:aarch64_generic" --info "license:GPL-2.0-only" --info "origin:feeds/base/kernel/linux" --info "url:" --info "maintainer:" --info "provides:"  --script "post-install:/workspaces/openwrt-radxa-rock5b-plus/openwrt/build_dir/target-aarch64_generic_musl/linux-rockchip_armv8/packages/apk-aarch64_generic/kmod-ppp/post-install" --script "post-upgrade:/workspaces/openwrt-radxa-rock5b-plus/openwrt/build_dir/target-aarch64_generic_musl/linux-rockchip_armv8/packages/apk-aarch64_generic/kmod-ppp/post-upgrade" --script "pre-deinstall:/workspaces/openwrt-radxa-rock5b-plus/openwrt/build_dir/target-aarch64_generic_musl/linux-rockchip_armv8/packages/apk-aarch64_generic/kmod-ppp/pre-deinstall" --info "depends:kernel=6.12.45~bfdb4691414eb2d33b0186227f6f0e2d-r1 kmod-lib-crc-ccitt kmod-slhc" --files "/workspaces/openwrt-radxa-rock5b-plus/openwrt/build_dir/target-aarch64_generic_musl/linux-rockchip_armv8/packages/ipkg-aarch64_generic/kmod-ppp" --output "/workspaces/openwrt-radxa-rock5b-plus/openwrt/bin/targets/rockchip/armv8/packages/kmod-ppp-6.12.45-r1.apk" --sign "/workspaces/openwrt-radxa-rock5b-plus/openwrt/private-key.pem"
[ -f /workspaces/openwrt-radxa-rock5b-plus/openwrt/bin/targets/rockchip/armv8/packages/kmod-ppp-6.12.45-r1.apk ]
removed '/workspaces/openwrt-radxa-rock5b-plus/openwrt/bin/targets/rockchip/armv8/packages/kmod-ppp-6.12.45-r1.apk'
mkdir -p /workspaces/openwrt-radxa-rock5b-plus/openwrt/staging_dir/target-aarch64_generic_musl/root-rockchip/stamp
SHELL= flock /workspaces/openwrt-radxa-rock5b-plus/openwrt/tmp/.root-copy.flock -c 'cp -fpR /workspaces/openwrt-radxa-rock5b-plus/openwrt/build_dir/target-aarch64_generic_musl/jsonfilter-2025.04.18~8a86fb78/.pkgdir/jsonfilter/. /workspaces/openwrt-radxa-rock5b-plus/openwrt/staging_dir/target-aarch64_generic_musl/root-rockchip/'
touch /workspaces/openwrt-radxa-rock5b-plus/openwrt/staging_dir/target-aarch64_generic_musl/root-rockchip/stamp/.jsonfilter_installed
echo "jsonfilter" >> /workspaces/openwrt-radxa-rock5b-plus/openwrt/staging_dir/target-aarch64_generic_musl/pkginfo/jsonfilter.default.install
make[3]: Leaving directory '/workspaces/openwrt-radxa-rock5b-plus/openwrt/package/utils/jsonfilter'
time: package/utils/jsonfilter/compile#0.15#0.10#0.62
rstrip.sh: /workspaces/openwrt-radxa-rock5b-plus/openwrt/build_dir/target-aarch64_generic_musl/linux-rockchip_armv8/packages/ipkg-aarch64_generic/kmod-ppp/lib/modules/6.12.45/ppp_generic.ko: relocatable
rstrip.sh: /workspaces/openwrt-radxa-rock5b-plus/openwrt/build_dir/target-aarch64_generic_musl/linux-rockchip_armv8/packages/ipkg-aarch64_generic/kmod-ppp/lib/modules/6.12.45/ppp_async.ko: relocatable
make[3]: Entering directory '/workspaces/openwrt-radxa-rock5b-plus/openwrt/package/libs/libselinux'
rm -rf /workspaces/openwrt-radxa-rock5b-plus/openwrt/build_dir/target-aarch64_generic_musl/linux-rockchip_armv8/packages/ipkg-aarch64_generic/kmod-pppox
/workspaces/openwrt-radxa-rock5b-plus/openwrt/scripts/ipkg-remove kmod-pppox /workspaces/openwrt-radxa-rock5b-plus/openwrt/bin/targets/rockchip/armv8/packages/kmod-pppox-6.12.45-r1.apk
mkdir -p /workspaces/openwrt-radxa-rock5b-plus/openwrt/bin/targets/rockchip/armv8/packages /workspaces/openwrt-radxa-rock5b-plus/openwrt/build_dir/target-aarch64_generic_musl/linux-rockchip_armv8/packages/ipkg-aarch64_generic/kmod-pppox /workspaces/openwrt-radxa-rock5b-plus/openwrt/staging_dir/target-aarch64_generic_musl/pkginfo
for mod in /workspaces/openwrt-radxa-rock5b-plus/openwrt/build_dir/target-aarch64_generic_musl/linux-rockchip_armv8/linux-6.12.45/drivers/net/ppp/pppox.ko; do if grep -q "${mod##/workspaces/openwrt-radxa-rock5b-plus/openwrt/build_dir/target-aarch64_generic_musl/linux-rockchip_armv8/linux-6.12.45/}" "/workspaces/openwrt-radxa-rock5b-plus/openwrt/build_dir/target-aarch64_generic_musl/linux-rockchip_armv8/linux-6.12.45/modules.builtin"; then echo "NOTICE: module '$mod' is built-in."; elif [ -e $mod ]; then mkdir -p /workspaces/openwrt-radxa-rock5b-plus/openwrt/build_dir/target-aarch64_generic_musl/linux-rockchip_armv8/packages/ipkg-aarch64_generic/kmod-pppox/lib/modules/6.12.45 ; cp -fpR -L $mod /workspaces/openwrt-radxa-rock5b-plus/openwrt/build_dir/target-aarch64_generic_musl/linux-rockchip_armv8/packages/ipkg-aarch64_generic/kmod-pppox/lib/modules/6.12.45/ ; else echo "ERROR: module '$mod' is missing." >&2; exit 1; fi; done;




find /workspaces/openwrt-radxa-rock5b-plus/openwrt/build_dir/target-aarch64_generic_musl/linux-rockchip_armv8/packages/ipkg-aarch64_generic/kmod-pppox -name 'CVS' -o -name '.svn' -o -name '.#*' -o -name '*~'| xargs -r rm -rf
( find /workspaces/openwrt-radxa-rock5b-plus/openwrt/build_dir/target-aarch64_generic_musl/linux-rockchip_armv8/packages/ipkg-aarch64_generic/kmod-pppox -name lib\*.so\* -or -name \*.ko | awk -F/ '{ print $NF }'; for file in /workspaces/openwrt-radxa-rock5b-plus/openwrt/staging_dir/target-aarch64_generic_musl/pkginfo/kmod-ppp.provides; do if [ -f "$file" ]; then cat $file; fi; done;  ) | sort -u > /workspaces/openwrt-radxa-rock5b-plus/openwrt/staging_dir/target-aarch64_generic_musl/pkginfo/kmod-pppox.provides

( rm -f /workspaces/openwrt-radxa-rock5b-plus/openwrt/staging_dir/target-aarch64_generic_musl/pkginfo/kmod-pppox.missing; ( export READELF=aarch64-openwrt-linux-musl-readelf OBJCOPY=aarch64-openwrt-linux-musl-objcopy XARGS="xargs -r"; /workspaces/openwrt-radxa-rock5b-plus/openwrt/scripts/gen-dependencies.sh "/workspaces/openwrt-radxa-rock5b-plus/openwrt/build_dir/target-aarch64_generic_musl/linux-rockchip_armv8/packages/ipkg-aarch64_generic/kmod-pppox"; ) | while read FILE; do grep -qxF "$FILE" /workspaces/openwrt-radxa-rock5b-plus/openwrt/staging_dir/target-aarch64_generic_musl/pkginfo/kmod-pppox.provides || echo "$FILE" >> /workspaces/openwrt-radxa-rock5b-plus/openwrt/staging_dir/target-aarch64_generic_musl/pkginfo/kmod-pppox.missing; done; if [ -f "/workspaces/openwrt-radxa-rock5b-plus/openwrt/staging_dir/target-aarch64_generic_musl/pkginfo/kmod-pppox.missing" ]; then echo "Package kmod-pppox is missing dependencies for the following libraries:" >&2; cat "/workspaces/openwrt-radxa-rock5b-plus/openwrt/staging_dir/target-aarch64_generic_musl/pkginfo/kmod-pppox.missing" >&2; false; fi; )
export CROSS="aarch64-openwrt-linux-musl-"  NO_RENAME=1 ; NM="aarch64-openwrt-linux-musl-nm" STRIP="/workspaces/openwrt-radxa-rock5b-plus/openwrt/staging_dir/host/bin/sstrip -z" STRIP_KMOD="/workspaces/openwrt-radxa-rock5b-plus/openwrt/scripts/strip-kmod.sh" PATCHELF="/workspaces/openwrt-radxa-rock5b-plus/openwrt/staging_dir/host/bin/patchelf" /workspaces/openwrt-radxa-rock5b-plus/openwrt/scripts/rstrip.sh /workspaces/openwrt-radxa-rock5b-plus/openwrt/build_dir/target-aarch64_generic_musl/linux-rockchip_armv8/packages/ipkg-aarch64_generic/kmod-pppox
install -d -m0755 /workspaces/openwrt-radxa-rock5b-plus/openwrt/bin/targets/rockchip/armv8/packages/tmp
mkdir -p /workspaces/openwrt-radxa-rock5b-plus/openwrt/build_dir/target-aarch64_generic_musl/linux-rockchip_armv8/packages/apk-aarch64_generic/kmod-pppox/
mkdir -p /workspaces/openwrt-radxa-rock5b-plus/openwrt/build_dir/target-aarch64_generic_musl/linux-rockchip_armv8/packages/ipkg-aarch64_generic/kmod-pppox/lib/apk/packages/
(cd /workspaces/openwrt-radxa-rock5b-plus/openwrt/build_dir/target-aarch64_generic_musl/linux-rockchip_armv8/packages/apk-aarch64_generic/kmod-pppox; )
( echo "#!/bin/sh"; echo "[ \"\${IPKG_NO_SCRIPT}\" = \"1\" ] && exit 0"; echo "[ -s "\${IPKG_INSTROOT}/lib/functions.sh" ] || exit 0"; echo ". \${IPKG_INSTROOT}/lib/functions.sh"; echo 'export root="${IPKG_INSTROOT}"'; echo 'export pkgname="kmod-pppox"'; echo "add_group_and_user"; echo "default_postinst"; [ ! -f /workspaces/openwrt-radxa-rock5b-plus/openwrt/build_dir/target-aarch64_generic_musl/linux-rockchip_armv8/packages/apk-aarch64_generic/kmod-pppox/postinst-pkg ] || sed -z 's/^\s*#!/#!/' "/workspaces/openwrt-radxa-rock5b-plus/openwrt/build_dir/target-aarch64_generic_musl/linux-rockchip_armv8/packages/apk-aarch64_generic/kmod-pppox/postinst-pkg"; ) > /workspaces/openwrt-radxa-rock5b-plus/openwrt/build_dir/target-aarch64_generic_musl/linux-rockchip_armv8/packages/apk-aarch64_generic/kmod-pppox/post-install;
( echo "#!/bin/sh"; echo 'export PKG_UPGRADE=1'; [ ! -f /workspaces/openwrt-radxa-rock5b-plus/openwrt/build_dir/target-aarch64_generic_musl/linux-rockchip_armv8/packages/apk-aarch64_generic/kmod-pppox/post-install ] || sed -z 's/^\s*#!/#!/' "/workspaces/openwrt-radxa-rock5b-plus/openwrt/build_dir/target-aarch64_generic_musl/linux-rockchip_armv8/packages/apk-aarch64_generic/kmod-pppox/post-install"; ) > /workspaces/openwrt-radxa-rock5b-plus/openwrt/build_dir/target-aarch64_generic_musl/linux-rockchip_armv8/packages/apk-aarch64_generic/kmod-pppox/post-upgrade;
( echo "#!/bin/sh"; echo "[ -s "\${IPKG_INSTROOT}/lib/functions.sh" ] || exit 0"; echo ". \${IPKG_INSTROOT}/lib/functions.sh"; echo 'export root="${IPKG_INSTROOT}"'; echo 'export pkgname="kmod-pppox"'; echo "default_prerm"; [ ! -f /workspaces/openwrt-radxa-rock5b-plus/openwrt/build_dir/target-aarch64_generic_musl/linux-rockchip_armv8/packages/apk-aarch64_generic/kmod-pppox/prerm-pkg ] || sed -z 's/^\s*#!/#!/' "/workspaces/openwrt-radxa-rock5b-plus/openwrt/build_dir/target-aarch64_generic_musl/linux-rockchip_armv8/packages/apk-aarch64_generic/kmod-pppox/prerm-pkg"; ) > /workspaces/openwrt-radxa-rock5b-plus/openwrt/build_dir/target-aarch64_generic_musl/linux-rockchip_armv8/packages/apk-aarch64_generic/kmod-pppox/pre-deinstall;
[ ! -f /workspaces/openwrt-radxa-rock5b-plus/openwrt/build_dir/target-aarch64_generic_musl/linux-rockchip_armv8/packages/apk-aarch64_generic/kmod-pppox/postrm ] || sed -zi 's/^\s*#!/#!/' "/workspaces/openwrt-radxa-rock5b-plus/openwrt/build_dir/target-aarch64_generic_musl/linux-rockchip_armv8/packages/apk-aarch64_generic/kmod-pppox/postrm";
if [ -n "" ]; then echo  > /workspaces/openwrt-radxa-rock5b-plus/openwrt/build_dir/target-aarch64_generic_musl/linux-rockchip_armv8/packages/ipkg-aarch64_generic/kmod-pppox/lib/apk/packages/kmod-pppox.rusers; fi;
if [ -n "" ]; then echo  > /workspaces/openwrt-radxa-rock5b-plus/openwrt/build_dir/target-aarch64_generic_musl/linux-rockchip_armv8/packages/ipkg-aarch64_generic/kmod-pppox/lib/apk/packages/kmod-pppox.alternatives; fi;
(cd /workspaces/openwrt-radxa-rock5b-plus/openwrt/build_dir/target-aarch64_generic_musl/linux-rockchip_armv8/packages/ipkg-aarch64_generic/kmod-pppox && find . -type f,l -printf "/%P\n" | sort > /workspaces/openwrt-radxa-rock5b-plus/openwrt/tmp/kmod-pppox.list && mv /workspaces/openwrt-radxa-rock5b-plus/openwrt/tmp/kmod-pppox.list /workspaces/openwrt-radxa-rock5b-plus/openwrt/build_dir/target-aarch64_generic_musl/linux-rockchip_armv8/packages/ipkg-aarch64_generic/kmod-pppox/lib/apk/packages/kmod-pppox.list)
# Move conffiles to IDIR and build conffiles_static with csums
if [ -f /workspaces/openwrt-radxa-rock5b-plus/openwrt/build_dir/target-aarch64_generic_musl/linux-rockchip_armv8/packages/apk-aarch64_generic/kmod-pppox/conffiles ]; then mv -f /workspaces/openwrt-radxa-rock5b-plus/openwrt/build_dir/target-aarch64_generic_musl/linux-rockchip_armv8/packages/apk-aarch64_generic/kmod-pppox/conffiles /workspaces/openwrt-radxa-rock5b-plus/openwrt/build_dir/target-aarch64_generic_musl/linux-rockchip_armv8/packages/ipkg-aarch64_generic/kmod-pppox/lib/apk/packages/kmod-pppox.conffiles; for file in $(cat /workspaces/openwrt-radxa-rock5b-plus/openwrt/build_dir/target-aarch64_generic_musl/linux-rockchip_armv8/packages/ipkg-aarch64_generic/kmod-pppox/lib/apk/packages/kmod-pppox.conffiles); do [ -f /workspaces/openwrt-radxa-rock5b-plus/openwrt/build_dir/target-aarch64_generic_musl/linux-rockchip_armv8/packages/ipkg-aarch64_generic/kmod-pppox/$file ] || continue; csum=$(/workspaces/openwrt-radxa-rock5b-plus/openwrt/staging_dir/host/bin/mkhash sha256 /workspaces/openwrt-radxa-rock5b-plus/openwrt/build_dir/target-aarch64_generic_musl/linux-rockchip_armv8/packages/ipkg-aarch64_generic/kmod-pppox/$file); echo $file $csum >> /workspaces/openwrt-radxa-rock5b-plus/openwrt/build_dir/target-aarch64_generic_musl/linux-rockchip_armv8/packages/ipkg-aarch64_generic/kmod-pppox/lib/apk/packages/kmod-pppox.conffiles_static; done; fi
# Some package (base-files) manually append stuff to conffiles
# Append stuff from it and delete the CONTROL directory since everything else should be migrated
if [ -f /workspaces/openwrt-radxa-rock5b-plus/openwrt/build_dir/target-aarch64_generic_musl/linux-rockchip_armv8/packages/ipkg-aarch64_generic/kmod-pppox/CONTROL/conffiles ]; then echo $(IDIR_kmod-pppox)/CONTROL/conffiles >> /workspaces/openwrt-radxa-rock5b-plus/openwrt/build_dir/target-aarch64_generic_musl/linux-rockchip_armv8/packages/ipkg-aarch64_generic/kmod-pppox/lib/apk/packages/kmod-pppox.conffiles; for file in $(cat /workspaces/openwrt-radxa-rock5b-plus/openwrt/build_dir/target-aarch64_generic_musl/linux-rockchip_armv8/packages/ipkg-aarch64_generic/kmod-pppox/CONTROL/conffiles); do [ -f /workspaces/openwrt-radxa-rock5b-plus/openwrt/build_dir/target-aarch64_generic_musl/linux-rockchip_armv8/packages/ipkg-aarch64_generic/kmod-pppox/$file ] || continue; csum=$(/workspaces/openwrt-radxa-rock5b-plus/openwrt/staging_dir/host/bin/mkhash sha256 /workspaces/openwrt-radxa-rock5b-plus/openwrt/build_dir/target-aarch64_generic_musl/linux-rockchip_armv8/packages/ipkg-aarch64_generic/kmod-pppox/$file); echo $file $csum >> /workspaces/openwrt-radxa-rock5b-plus/openwrt/build_dir/target-aarch64_generic_musl/linux-rockchip_armv8/packages/ipkg-aarch64_generic/kmod-pppox/lib/apk/packages/kmod-pppox.conffiles_static; done; rm -rf /workspaces/openwrt-radxa-rock5b-plus/openwrt/build_dir/target-aarch64_generic_musl/linux-rockchip_armv8/packages/ipkg-aarch64_generic/kmod-pppox/CONTROL/conffiles; fi
if [ -z "$(ls -A /workspaces/openwrt-radxa-rock5b-plus/openwrt/build_dir/target-aarch64_generic_musl/linux-rockchip_armv8/packages/ipkg-aarch64_generic/kmod-pppox/CONTROL 2>/dev/null)" ]; then rm -rf /workspaces/openwrt-radxa-rock5b-plus/openwrt/build_dir/target-aarch64_generic_musl/linux-rockchip_armv8/packages/ipkg-aarch64_generic/kmod-pppox/CONTROL; else echo "CONTROL directory /workspaces/openwrt-radxa-rock5b-plus/openwrt/build_dir/target-aarch64_generic_musl/linux-rockchip_armv8/packages/ipkg-aarch64_generic/kmod-pppox/CONTROL is not empty! This is not right and should be checked!" >&2; exit 1; fi
/workspaces/openwrt-radxa-rock5b-plus/openwrt/staging_dir/host/bin/fakeroot /workspaces/openwrt-radxa-rock5b-plus/openwrt/staging_dir/host/bin/apk mkpkg --info "name:kmod-pppox" --info "version:6.12.45-r1"  --info "description:Kernel helper module for PPPoE and PPTP support" --info "arch:aarch64_generic" --info "license:GPL-2.0-only" --info "origin:feeds/base/kernel/linux" --info "url:" --info "maintainer:" --info "provides:"  --script "post-install:/workspaces/openwrt-radxa-rock5b-plus/openwrt/build_dir/target-aarch64_generic_musl/linux-rockchip_armv8/packages/apk-aarch64_generic/kmod-pppox/post-install" --script "post-upgrade:/workspaces/openwrt-radxa-rock5b-plus/openwrt/build_dir/target-aarch64_generic_musl/linux-rockchip_armv8/packages/apk-aarch64_generic/kmod-pppox/post-upgrade" --script "pre-deinstall:/workspaces/openwrt-radxa-rock5b-plus/openwrt/build_dir/target-aarch64_generic_musl/linux-rockchip_armv8/packages/apk-aarch64_generic/kmod-pppox/pre-deinstall" --info "depends:kernel=6.12.45~bfdb4691414eb2d33b0186227f6f0e2d-r1 kmod-ppp" --files "/workspaces/openwrt-radxa-rock5b-plus/openwrt/build_dir/target-aarch64_generic_musl/linux-rockchip_armv8/packages/ipkg-aarch64_generic/kmod-pppox" --output "/workspaces/openwrt-radxa-rock5b-plus/openwrt/bin/targets/rockchip/armv8/packages/kmod-pppox-6.12.45-r1.apk" --sign "/workspaces/openwrt-radxa-rock5b-plus/openwrt/private-key.pem"
[ -f /workspaces/openwrt-radxa-rock5b-plus/openwrt/bin/targets/rockchip/armv8/packages/kmod-pppox-6.12.45-r1.apk ]
removed '/workspaces/openwrt-radxa-rock5b-plus/openwrt/bin/targets/rockchip/armv8/packages/kmod-pppox-6.12.45-r1.apk'
rstrip.sh: /workspaces/openwrt-radxa-rock5b-plus/openwrt/build_dir/target-aarch64_generic_musl/linux-rockchip_armv8/packages/ipkg-aarch64_generic/kmod-pppox/lib/modules/6.12.45/pppox.ko: relocatable
rm -rf /workspaces/openwrt-radxa-rock5b-plus/openwrt/build_dir/target-aarch64_generic_musl/linux-rockchip_armv8/packages/ipkg-aarch64_generic/kmod-pppoe
/workspaces/openwrt-radxa-rock5b-plus/openwrt/scripts/ipkg-remove kmod-pppoe /workspaces/openwrt-radxa-rock5b-plus/openwrt/bin/targets/rockchip/armv8/packages/kmod-pppoe-6.12.45-r1.apk
mkdir -p /workspaces/openwrt-radxa-rock5b-plus/openwrt/bin/targets/rockchip/armv8/packages /workspaces/openwrt-radxa-rock5b-plus/openwrt/build_dir/target-aarch64_generic_musl/linux-rockchip_armv8/packages/ipkg-aarch64_generic/kmod-pppoe /workspaces/openwrt-radxa-rock5b-plus/openwrt/staging_dir/target-aarch64_generic_musl/pkginfo
for mod in /workspaces/openwrt-radxa-rock5b-plus/openwrt/build_dir/target-aarch64_generic_musl/linux-rockchip_armv8/linux-6.12.45/drivers/net/ppp/pppoe.ko; do if grep -q "${mod##/workspaces/openwrt-radxa-rock5b-plus/openwrt/build_dir/target-aarch64_generic_musl/linux-rockchip_armv8/linux-6.12.45/}" "/workspaces/openwrt-radxa-rock5b-plus/openwrt/build_dir/target-aarch64_generic_musl/linux-rockchip_armv8/linux-6.12.45/modules.builtin"; then echo "NOTICE: module '$mod' is built-in."; elif [ -e $mod ]; then mkdir -p /workspaces/openwrt-radxa-rock5b-plus/openwrt/build_dir/target-aarch64_generic_musl/linux-rockchip_armv8/packages/ipkg-aarch64_generic/kmod-pppoe/lib/modules/6.12.45 ; cp -fpR -L $mod /workspaces/openwrt-radxa-rock5b-plus/openwrt/build_dir/target-aarch64_generic_musl/linux-rockchip_armv8/packages/ipkg-aarch64_generic/kmod-pppoe/lib/modules/6.12.45/ ; else echo "ERROR: module '$mod' is missing." >&2; exit 1; fi; done;
mkdir -p /workspaces/openwrt-radxa-rock5b-plus/openwrt/build_dir/target-aarch64_generic_musl/linux-rockchip_armv8/packages/ipkg-aarch64_generic/kmod-pppoe/etc/modules.d; ( echo "pppoe"; ) > /workspaces/openwrt-radxa-rock5b-plus/openwrt/build_dir/target-aarch64_generic_musl/linux-rockchip_armv8/packages/ipkg-aarch64_generic/kmod-pppoe/etc/modules.d/pppoe; 



find /workspaces/openwrt-radxa-rock5b-plus/openwrt/build_dir/target-aarch64_generic_musl/linux-rockchip_armv8/packages/ipkg-aarch64_generic/kmod-pppoe -name 'CVS' -o -name '.svn' -o -name '.#*' -o -name '*~'| xargs -r rm -rf
( find /workspaces/openwrt-radxa-rock5b-plus/openwrt/build_dir/target-aarch64_generic_musl/linux-rockchip_armv8/packages/ipkg-aarch64_generic/kmod-pppoe -name lib\*.so\* -or -name \*.ko | awk -F/ '{ print $NF }'; for file in /workspaces/openwrt-radxa-rock5b-plus/openwrt/staging_dir/target-aarch64_generic_musl/pkginfo/kmod-ppp.provides /workspaces/openwrt-radxa-rock5b-plus/openwrt/staging_dir/target-aarch64_generic_musl/pkginfo/kmod-pppox.provides; do if [ -f "$file" ]; then cat $file; fi; done;  ) | sort -u > /workspaces/openwrt-radxa-rock5b-plus/openwrt/staging_dir/target-aarch64_generic_musl/pkginfo/kmod-pppoe.provides

( rm -f /workspaces/openwrt-radxa-rock5b-plus/openwrt/staging_dir/target-aarch64_generic_musl/pkginfo/kmod-pppoe.missing; ( export READELF=aarch64-openwrt-linux-musl-readelf OBJCOPY=aarch64-openwrt-linux-musl-objcopy XARGS="xargs -r"; /workspaces/openwrt-radxa-rock5b-plus/openwrt/scripts/gen-dependencies.sh "/workspaces/openwrt-radxa-rock5b-plus/openwrt/build_dir/target-aarch64_generic_musl/linux-rockchip_armv8/packages/ipkg-aarch64_generic/kmod-pppoe"; ) | while read FILE; do grep -qxF "$FILE" /workspaces/openwrt-radxa-rock5b-plus/openwrt/staging_dir/target-aarch64_generic_musl/pkginfo/kmod-pppoe.provides || echo "$FILE" >> /workspaces/openwrt-radxa-rock5b-plus/openwrt/staging_dir/target-aarch64_generic_musl/pkginfo/kmod-pppoe.missing; done; if [ -f "/workspaces/openwrt-radxa-rock5b-plus/openwrt/staging_dir/target-aarch64_generic_musl/pkginfo/kmod-pppoe.missing" ]; then echo "Package kmod-pppoe is missing dependencies for the following libraries:" >&2; cat "/workspaces/openwrt-radxa-rock5b-plus/openwrt/staging_dir/target-aarch64_generic_musl/pkginfo/kmod-pppoe.missing" >&2; false; fi; )
export CROSS="aarch64-openwrt-linux-musl-"  NO_RENAME=1 ; NM="aarch64-openwrt-linux-musl-nm" STRIP="/workspaces/openwrt-radxa-rock5b-plus/openwrt/staging_dir/host/bin/sstrip -z" STRIP_KMOD="/workspaces/openwrt-radxa-rock5b-plus/openwrt/scripts/strip-kmod.sh" PATCHELF="/workspaces/openwrt-radxa-rock5b-plus/openwrt/staging_dir/host/bin/patchelf" /workspaces/openwrt-radxa-rock5b-plus/openwrt/scripts/rstrip.sh /workspaces/openwrt-radxa-rock5b-plus/openwrt/build_dir/target-aarch64_generic_musl/linux-rockchip_armv8/packages/ipkg-aarch64_generic/kmod-pppoe
install -d -m0755 /workspaces/openwrt-radxa-rock5b-plus/openwrt/bin/targets/rockchip/armv8/packages/tmp
mkdir -p /workspaces/openwrt-radxa-rock5b-plus/openwrt/build_dir/target-aarch64_generic_musl/linux-rockchip_armv8/packages/apk-aarch64_generic/kmod-pppoe/
mkdir -p /workspaces/openwrt-radxa-rock5b-plus/openwrt/build_dir/target-aarch64_generic_musl/linux-rockchip_armv8/packages/ipkg-aarch64_generic/kmod-pppoe/lib/apk/packages/
(cd /workspaces/openwrt-radxa-rock5b-plus/openwrt/build_dir/target-aarch64_generic_musl/linux-rockchip_armv8/packages/apk-aarch64_generic/kmod-pppoe; )
( echo "#!/bin/sh"; echo "[ \"\${IPKG_NO_SCRIPT}\" = \"1\" ] && exit 0"; echo "[ -s "\${IPKG_INSTROOT}/lib/functions.sh" ] || exit 0"; echo ". \${IPKG_INSTROOT}/lib/functions.sh"; echo 'export root="${IPKG_INSTROOT}"'; echo 'export pkgname="kmod-pppoe"'; echo "add_group_and_user"; echo "default_postinst"; [ ! -f /workspaces/openwrt-radxa-rock5b-plus/openwrt/build_dir/target-aarch64_generic_musl/linux-rockchip_armv8/packages/apk-aarch64_generic/kmod-pppoe/postinst-pkg ] || sed -z 's/^\s*#!/#!/' "/workspaces/openwrt-radxa-rock5b-plus/openwrt/build_dir/target-aarch64_generic_musl/linux-rockchip_armv8/packages/apk-aarch64_generic/kmod-pppoe/postinst-pkg"; ) > /workspaces/openwrt-radxa-rock5b-plus/openwrt/build_dir/target-aarch64_generic_musl/linux-rockchip_armv8/packages/apk-aarch64_generic/kmod-pppoe/post-install;
( echo "#!/bin/sh"; echo 'export PKG_UPGRADE=1'; [ ! -f /workspaces/openwrt-radxa-rock5b-plus/openwrt/build_dir/target-aarch64_generic_musl/linux-rockchip_armv8/packages/apk-aarch64_generic/kmod-pppoe/post-install ] || sed -z 's/^\s*#!/#!/' "/workspaces/openwrt-radxa-rock5b-plus/openwrt/build_dir/target-aarch64_generic_musl/linux-rockchip_armv8/packages/apk-aarch64_generic/kmod-pppoe/post-install"; ) > /workspaces/openwrt-radxa-rock5b-plus/openwrt/build_dir/target-aarch64_generic_musl/linux-rockchip_armv8/packages/apk-aarch64_generic/kmod-pppoe/post-upgrade;
( echo "#!/bin/sh"; echo "[ -s "\${IPKG_INSTROOT}/lib/functions.sh" ] || exit 0"; echo ". \${IPKG_INSTROOT}/lib/functions.sh"; echo 'export root="${IPKG_INSTROOT}"'; echo 'export pkgname="kmod-pppoe"'; echo "default_prerm"; [ ! -f /workspaces/openwrt-radxa-rock5b-plus/openwrt/build_dir/target-aarch64_generic_musl/linux-rockchip_armv8/packages/apk-aarch64_generic/kmod-pppoe/prerm-pkg ] || sed -z 's/^\s*#!/#!/' "/workspaces/openwrt-radxa-rock5b-plus/openwrt/build_dir/target-aarch64_generic_musl/linux-rockchip_armv8/packages/apk-aarch64_generic/kmod-pppoe/prerm-pkg"; ) > /workspaces/openwrt-radxa-rock5b-plus/openwrt/build_dir/target-aarch64_generic_musl/linux-rockchip_armv8/packages/apk-aarch64_generic/kmod-pppoe/pre-deinstall;
[ ! -f /workspaces/openwrt-radxa-rock5b-plus/openwrt/build_dir/target-aarch64_generic_musl/linux-rockchip_armv8/packages/apk-aarch64_generic/kmod-pppoe/postrm ] || sed -zi 's/^\s*#!/#!/' "/workspaces/openwrt-radxa-rock5b-plus/openwrt/build_dir/target-aarch64_generic_musl/linux-rockchip_armv8/packages/apk-aarch64_generic/kmod-pppoe/postrm";
if [ -n "" ]; then echo  > /workspaces/openwrt-radxa-rock5b-plus/openwrt/build_dir/target-aarch64_generic_musl/linux-rockchip_armv8/packages/ipkg-aarch64_generic/kmod-pppoe/lib/apk/packages/kmod-pppoe.rusers; fi;
if [ -n "" ]; then echo  > /workspaces/openwrt-radxa-rock5b-plus/openwrt/build_dir/target-aarch64_generic_musl/linux-rockchip_armv8/packages/ipkg-aarch64_generic/kmod-pppoe/lib/apk/packages/kmod-pppoe.alternatives; fi;
(cd /workspaces/openwrt-radxa-rock5b-plus/openwrt/build_dir/target-aarch64_generic_musl/linux-rockchip_armv8/packages/ipkg-aarch64_generic/kmod-pppoe && find . -type f,l -printf "/%P\n" | sort > /workspaces/openwrt-radxa-rock5b-plus/openwrt/tmp/kmod-pppoe.list && mv /workspaces/openwrt-radxa-rock5b-plus/openwrt/tmp/kmod-pppoe.list /workspaces/openwrt-radxa-rock5b-plus/openwrt/build_dir/target-aarch64_generic_musl/linux-rockchip_armv8/packages/ipkg-aarch64_generic/kmod-pppoe/lib/apk/packages/kmod-pppoe.list)
# Move conffiles to IDIR and build conffiles_static with csums
if [ -f /workspaces/openwrt-radxa-rock5b-plus/openwrt/build_dir/target-aarch64_generic_musl/linux-rockchip_armv8/packages/apk-aarch64_generic/kmod-pppoe/conffiles ]; then mv -f /workspaces/openwrt-radxa-rock5b-plus/openwrt/build_dir/target-aarch64_generic_musl/linux-rockchip_armv8/packages/apk-aarch64_generic/kmod-pppoe/conffiles /workspaces/openwrt-radxa-rock5b-plus/openwrt/build_dir/target-aarch64_generic_musl/linux-rockchip_armv8/packages/ipkg-aarch64_generic/kmod-pppoe/lib/apk/packages/kmod-pppoe.conffiles; for file in $(cat /workspaces/openwrt-radxa-rock5b-plus/openwrt/build_dir/target-aarch64_generic_musl/linux-rockchip_armv8/packages/ipkg-aarch64_generic/kmod-pppoe/lib/apk/packages/kmod-pppoe.conffiles); do [ -f /workspaces/openwrt-radxa-rock5b-plus/openwrt/build_dir/target-aarch64_generic_musl/linux-rockchip_armv8/packages/ipkg-aarch64_generic/kmod-pppoe/$file ] || continue; csum=$(/workspaces/openwrt-radxa-rock5b-plus/openwrt/staging_dir/host/bin/mkhash sha256 /workspaces/openwrt-radxa-rock5b-plus/openwrt/build_dir/target-aarch64_generic_musl/linux-rockchip_armv8/packages/ipkg-aarch64_generic/kmod-pppoe/$file); echo $file $csum >> /workspaces/openwrt-radxa-rock5b-plus/openwrt/build_dir/target-aarch64_generic_musl/linux-rockchip_armv8/packages/ipkg-aarch64_generic/kmod-pppoe/lib/apk/packages/kmod-pppoe.conffiles_static; done; fi
# Some package (base-files) manually append stuff to conffiles
# Append stuff from it and delete the CONTROL directory since everything else should be migrated
if [ -f /workspaces/openwrt-radxa-rock5b-plus/openwrt/build_dir/target-aarch64_generic_musl/linux-rockchip_armv8/packages/ipkg-aarch64_generic/kmod-pppoe/CONTROL/conffiles ]; then echo $(IDIR_kmod-pppoe)/CONTROL/conffiles >> /workspaces/openwrt-radxa-rock5b-plus/openwrt/build_dir/target-aarch64_generic_musl/linux-rockchip_armv8/packages/ipkg-aarch64_generic/kmod-pppoe/lib/apk/packages/kmod-pppoe.conffiles; for file in $(cat /workspaces/openwrt-radxa-rock5b-plus/openwrt/build_dir/target-aarch64_generic_musl/linux-rockchip_armv8/packages/ipkg-aarch64_generic/kmod-pppoe/CONTROL/conffiles); do [ -f /workspaces/openwrt-radxa-rock5b-plus/openwrt/build_dir/target-aarch64_generic_musl/linux-rockchip_armv8/packages/ipkg-aarch64_generic/kmod-pppoe/$file ] || continue; csum=$(/workspaces/openwrt-radxa-rock5b-plus/openwrt/staging_dir/host/bin/mkhash sha256 /workspaces/openwrt-radxa-rock5b-plus/openwrt/build_dir/target-aarch64_generic_musl/linux-rockchip_armv8/packages/ipkg-aarch64_generic/kmod-pppoe/$file); echo $file $csum >> /workspaces/openwrt-radxa-rock5b-plus/openwrt/build_dir/target-aarch64_generic_musl/linux-rockchip_armv8/packages/ipkg-aarch64_generic/kmod-pppoe/lib/apk/packages/kmod-pppoe.conffiles_static; done; rm -rf /workspaces/openwrt-radxa-rock5b-plus/openwrt/build_dir/target-aarch64_generic_musl/linux-rockchip_armv8/packages/ipkg-aarch64_generic/kmod-pppoe/CONTROL/conffiles; fi
if [ -z "$(ls -A /workspaces/openwrt-radxa-rock5b-plus/openwrt/build_dir/target-aarch64_generic_musl/linux-rockchip_armv8/packages/ipkg-aarch64_generic/kmod-pppoe/CONTROL 2>/dev/null)" ]; then rm -rf /workspaces/openwrt-radxa-rock5b-plus/openwrt/build_dir/target-aarch64_generic_musl/linux-rockchip_armv8/packages/ipkg-aarch64_generic/kmod-pppoe/CONTROL; else echo "CONTROL directory /workspaces/openwrt-radxa-rock5b-plus/openwrt/build_dir/target-aarch64_generic_musl/linux-rockchip_armv8/packages/ipkg-aarch64_generic/kmod-pppoe/CONTROL is not empty! This is not right and should be checked!" >&2; exit 1; fi
/workspaces/openwrt-radxa-rock5b-plus/openwrt/staging_dir/host/bin/fakeroot /workspaces/openwrt-radxa-rock5b-plus/openwrt/staging_dir/host/bin/apk mkpkg --info "name:kmod-pppoe" --info "version:6.12.45-r1"  --info "description:Kernel module for PPPoE (PPP over Ethernet) support" --info "arch:aarch64_generic" --info "license:GPL-2.0-only" --info "origin:feeds/base/kernel/linux" --info "url:" --info "maintainer:" --info "provides:"  --script "post-install:/workspaces/openwrt-radxa-rock5b-plus/openwrt/build_dir/target-aarch64_generic_musl/linux-rockchip_armv8/packages/apk-aarch64_generic/kmod-pppoe/post-install" --script "post-upgrade:/workspaces/openwrt-radxa-rock5b-plus/openwrt/build_dir/target-aarch64_generic_musl/linux-rockchip_armv8/packages/apk-aarch64_generic/kmod-pppoe/post-upgrade" --script "pre-deinstall:/workspaces/openwrt-radxa-rock5b-plus/openwrt/build_dir/target-aarch64_generic_musl/linux-rockchip_armv8/packages/apk-aarch64_generic/kmod-pppoe/pre-deinstall" --info "depends:kernel=6.12.45~bfdb4691414eb2d33b0186227f6f0e2d-r1 kmod-ppp kmod-pppox" --files "/workspaces/openwrt-radxa-rock5b-plus/openwrt/build_dir/target-aarch64_generic_musl/linux-rockchip_armv8/packages/ipkg-aarch64_generic/kmod-pppoe" --output "/workspaces/openwrt-radxa-rock5b-plus/openwrt/bin/targets/rockchip/armv8/packages/kmod-pppoe-6.12.45-r1.apk" --sign "/workspaces/openwrt-radxa-rock5b-plus/openwrt/private-key.pem"
[ -f /workspaces/openwrt-radxa-rock5b-plus/openwrt/bin/targets/rockchip/armv8/packages/kmod-pppoe-6.12.45-r1.apk ]
removed '/workspaces/openwrt-radxa-rock5b-plus/openwrt/bin/targets/rockchip/armv8/packages/kmod-pppoe-6.12.45-r1.apk'
rstrip.sh: /workspaces/openwrt-radxa-rock5b-plus/openwrt/build_dir/target-aarch64_generic_musl/linux-rockchip_armv8/packages/ipkg-aarch64_generic/kmod-pppoe/lib/modules/6.12.45/pppoe.ko: relocatable
rm -rf /workspaces/openwrt-radxa-rock5b-plus/openwrt/build_dir/target-aarch64_generic_musl/linux-rockchip_armv8/packages/ipkg-aarch64_generic/kmod-usb-common
/workspaces/openwrt-radxa-rock5b-plus/openwrt/scripts/ipkg-remove kmod-usb-common /workspaces/openwrt-radxa-rock5b-plus/openwrt/bin/targets/rockchip/armv8/packages/kmod-usb-common-6.12.45-r1.apk
mkdir -p /workspaces/openwrt-radxa-rock5b-plus/openwrt/bin/targets/rockchip/armv8/packages /workspaces/openwrt-radxa-rock5b-plus/openwrt/build_dir/target-aarch64_generic_musl/linux-rockchip_armv8/packages/ipkg-aarch64_generic/kmod-usb-common /workspaces/openwrt-radxa-rock5b-plus/openwrt/staging_dir/target-aarch64_generic_musl/pkginfo
for mod in /workspaces/openwrt-radxa-rock5b-plus/openwrt/build_dir/target-aarch64_generic_musl/linux-rockchip_armv8/linux-6.12.45/drivers/usb/common/usb-common.ko; do if grep -q "${mod##/workspaces/openwrt-radxa-rock5b-plus/openwrt/build_dir/target-aarch64_generic_musl/linux-rockchip_armv8/linux-6.12.45/}" "/workspaces/openwrt-radxa-rock5b-plus/openwrt/build_dir/target-aarch64_generic_musl/linux-rockchip_armv8/linux-6.12.45/modules.builtin"; then echo "NOTICE: module '$mod' is built-in."; elif [ -e $mod ]; then mkdir -p /workspaces/openwrt-radxa-rock5b-plus/openwrt/build_dir/target-aarch64_generic_musl/linux-rockchip_armv8/packages/ipkg-aarch64_generic/kmod-usb-common/lib/modules/6.12.45 ; cp -fpR -L $mod /workspaces/openwrt-radxa-rock5b-plus/openwrt/build_dir/target-aarch64_generic_musl/linux-rockchip_armv8/packages/ipkg-aarch64_generic/kmod-usb-common/lib/modules/6.12.45/ ; else echo "ERROR: module '$mod' is missing." >&2; exit 1; fi; done;
mkdir -p /workspaces/openwrt-radxa-rock5b-plus/openwrt/build_dir/target-aarch64_generic_musl/linux-rockchip_armv8/packages/ipkg-aarch64_generic/kmod-usb-common/etc/modules.d; ( echo "usb-common"; ) > /workspaces/openwrt-radxa-rock5b-plus/openwrt/build_dir/target-aarch64_generic_musl/linux-rockchip_armv8/packages/ipkg-aarch64_generic/kmod-usb-common/etc/modules.d/20-usb-common;  mkdir -p /workspaces/openwrt-radxa-rock5b-plus/openwrt/build_dir/target-aarch64_generic_musl/linux-rockchip_armv8/packages/ipkg-aarch64_generic/kmod-usb-common/etc/modules-boot.d; ln -sf ../modules.d/20-usb-common /workspaces/openwrt-radxa-rock5b-plus/openwrt/build_dir/target-aarch64_generic_musl/linux-rockchip_armv8/packages/ipkg-aarch64_generic/kmod-usb-common/etc/modules-boot.d/;



find /workspaces/openwrt-radxa-rock5b-plus/openwrt/build_dir/target-aarch64_generic_musl/linux-rockchip_armv8/packages/ipkg-aarch64_generic/kmod-usb-common -name 'CVS' -o -name '.svn' -o -name '.#*' -o -name '*~'| xargs -r rm -rf
( find /workspaces/openwrt-radxa-rock5b-plus/openwrt/build_dir/target-aarch64_generic_musl/linux-rockchip_armv8/packages/ipkg-aarch64_generic/kmod-usb-common -name lib\*.so\* -or -name \*.ko | awk -F/ '{ print $NF }'; for file in ; do if [ -f "$file" ]; then cat $file; fi; done;  ) | sort -u > /workspaces/openwrt-radxa-rock5b-plus/openwrt/staging_dir/target-aarch64_generic_musl/pkginfo/kmod-usb-common.provides

( rm -f /workspaces/openwrt-radxa-rock5b-plus/openwrt/staging_dir/target-aarch64_generic_musl/pkginfo/kmod-usb-common.missing; ( export READELF=aarch64-openwrt-linux-musl-readelf OBJCOPY=aarch64-openwrt-linux-musl-objcopy XARGS="xargs -r"; /workspaces/openwrt-radxa-rock5b-plus/openwrt/scripts/gen-dependencies.sh "/workspaces/openwrt-radxa-rock5b-plus/openwrt/build_dir/target-aarch64_generic_musl/linux-rockchip_armv8/packages/ipkg-aarch64_generic/kmod-usb-common"; ) | while read FILE; do grep -qxF "$FILE" /workspaces/openwrt-radxa-rock5b-plus/openwrt/staging_dir/target-aarch64_generic_musl/pkginfo/kmod-usb-common.provides || echo "$FILE" >> /workspaces/openwrt-radxa-rock5b-plus/openwrt/staging_dir/target-aarch64_generic_musl/pkginfo/kmod-usb-common.missing; done; if [ -f "/workspaces/openwrt-radxa-rock5b-plus/openwrt/staging_dir/target-aarch64_generic_musl/pkginfo/kmod-usb-common.missing" ]; then echo "Package kmod-usb-common is missing dependencies for the following libraries:" >&2; cat "/workspaces/openwrt-radxa-rock5b-plus/openwrt/staging_dir/target-aarch64_generic_musl/pkginfo/kmod-usb-common.missing" >&2; false; fi; )
export CROSS="aarch64-openwrt-linux-musl-"  NO_RENAME=1 ; NM="aarch64-openwrt-linux-musl-nm" STRIP="/workspaces/openwrt-radxa-rock5b-plus/openwrt/staging_dir/host/bin/sstrip -z" STRIP_KMOD="/workspaces/openwrt-radxa-rock5b-plus/openwrt/scripts/strip-kmod.sh" PATCHELF="/workspaces/openwrt-radxa-rock5b-plus/openwrt/staging_dir/host/bin/patchelf" /workspaces/openwrt-radxa-rock5b-plus/openwrt/scripts/rstrip.sh /workspaces/openwrt-radxa-rock5b-plus/openwrt/build_dir/target-aarch64_generic_musl/linux-rockchip_armv8/packages/ipkg-aarch64_generic/kmod-usb-common
install -d -m0755 /workspaces/openwrt-radxa-rock5b-plus/openwrt/bin/targets/rockchip/armv8/packages/tmp
mkdir -p /workspaces/openwrt-radxa-rock5b-plus/openwrt/build_dir/target-aarch64_generic_musl/linux-rockchip_armv8/packages/apk-aarch64_generic/kmod-usb-common/
mkdir -p /workspaces/openwrt-radxa-rock5b-plus/openwrt/build_dir/target-aarch64_generic_musl/linux-rockchip_armv8/packages/ipkg-aarch64_generic/kmod-usb-common/lib/apk/packages/
(cd /workspaces/openwrt-radxa-rock5b-plus/openwrt/build_dir/target-aarch64_generic_musl/linux-rockchip_armv8/packages/apk-aarch64_generic/kmod-usb-common; )
( echo "#!/bin/sh"; echo "[ \"\${IPKG_NO_SCRIPT}\" = \"1\" ] && exit 0"; echo "[ -s "\${IPKG_INSTROOT}/lib/functions.sh" ] || exit 0"; echo ". \${IPKG_INSTROOT}/lib/functions.sh"; echo 'export root="${IPKG_INSTROOT}"'; echo 'export pkgname="kmod-usb-common"'; echo "add_group_and_user"; echo "default_postinst"; [ ! -f /workspaces/openwrt-radxa-rock5b-plus/openwrt/build_dir/target-aarch64_generic_musl/linux-rockchip_armv8/packages/apk-aarch64_generic/kmod-usb-common/postinst-pkg ] || sed -z 's/^\s*#!/#!/' "/workspaces/openwrt-radxa-rock5b-plus/openwrt/build_dir/target-aarch64_generic_musl/linux-rockchip_armv8/packages/apk-aarch64_generic/kmod-usb-common/postinst-pkg"; ) > /workspaces/openwrt-radxa-rock5b-plus/openwrt/build_dir/target-aarch64_generic_musl/linux-rockchip_armv8/packages/apk-aarch64_generic/kmod-usb-common/post-install;
( echo "#!/bin/sh"; echo 'export PKG_UPGRADE=1'; [ ! -f /workspaces/openwrt-radxa-rock5b-plus/openwrt/build_dir/target-aarch64_generic_musl/linux-rockchip_armv8/packages/apk-aarch64_generic/kmod-usb-common/post-install ] || sed -z 's/^\s*#!/#!/' "/workspaces/openwrt-radxa-rock5b-plus/openwrt/build_dir/target-aarch64_generic_musl/linux-rockchip_armv8/packages/apk-aarch64_generic/kmod-usb-common/post-install"; ) > /workspaces/openwrt-radxa-rock5b-plus/openwrt/build_dir/target-aarch64_generic_musl/linux-rockchip_armv8/packages/apk-aarch64_generic/kmod-usb-common/post-upgrade;
( echo "#!/bin/sh"; echo "[ -s "\${IPKG_INSTROOT}/lib/functions.sh" ] || exit 0"; echo ". \${IPKG_INSTROOT}/lib/functions.sh"; echo 'export root="${IPKG_INSTROOT}"'; echo 'export pkgname="kmod-usb-common"'; echo "default_prerm"; [ ! -f /workspaces/openwrt-radxa-rock5b-plus/openwrt/build_dir/target-aarch64_generic_musl/linux-rockchip_armv8/packages/apk-aarch64_generic/kmod-usb-common/prerm-pkg ] || sed -z 's/^\s*#!/#!/' "/workspaces/openwrt-radxa-rock5b-plus/openwrt/build_dir/target-aarch64_generic_musl/linux-rockchip_armv8/packages/apk-aarch64_generic/kmod-usb-common/prerm-pkg"; ) > /workspaces/openwrt-radxa-rock5b-plus/openwrt/build_dir/target-aarch64_generic_musl/linux-rockchip_armv8/packages/apk-aarch64_generic/kmod-usb-common/pre-deinstall;
[ ! -f /workspaces/openwrt-radxa-rock5b-plus/openwrt/build_dir/target-aarch64_generic_musl/linux-rockchip_armv8/packages/apk-aarch64_generic/kmod-usb-common/postrm ] || sed -zi 's/^\s*#!/#!/' "/workspaces/openwrt-radxa-rock5b-plus/openwrt/build_dir/target-aarch64_generic_musl/linux-rockchip_armv8/packages/apk-aarch64_generic/kmod-usb-common/postrm";
if [ -n "" ]; then echo  > /workspaces/openwrt-radxa-rock5b-plus/openwrt/build_dir/target-aarch64_generic_musl/linux-rockchip_armv8/packages/ipkg-aarch64_generic/kmod-usb-common/lib/apk/packages/kmod-usb-common.rusers; fi;
if [ -n "" ]; then echo  > /workspaces/openwrt-radxa-rock5b-plus/openwrt/build_dir/target-aarch64_generic_musl/linux-rockchip_armv8/packages/ipkg-aarch64_generic/kmod-usb-common/lib/apk/packages/kmod-usb-common.alternatives; fi;
(cd /workspaces/openwrt-radxa-rock5b-plus/openwrt/build_dir/target-aarch64_generic_musl/linux-rockchip_armv8/packages/ipkg-aarch64_generic/kmod-usb-common && find . -type f,l -printf "/%P\n" | sort > /workspaces/openwrt-radxa-rock5b-plus/openwrt/tmp/kmod-usb-common.list && mv /workspaces/openwrt-radxa-rock5b-plus/openwrt/tmp/kmod-usb-common.list /workspaces/openwrt-radxa-rock5b-plus/openwrt/build_dir/target-aarch64_generic_musl/linux-rockchip_armv8/packages/ipkg-aarch64_generic/kmod-usb-common/lib/apk/packages/kmod-usb-common.list)
# Move conffiles to IDIR and build conffiles_static with csums
if [ -f /workspaces/openwrt-radxa-rock5b-plus/openwrt/build_dir/target-aarch64_generic_musl/linux-rockchip_armv8/packages/apk-aarch64_generic/kmod-usb-common/conffiles ]; then mv -f /workspaces/openwrt-radxa-rock5b-plus/openwrt/build_dir/target-aarch64_generic_musl/linux-rockchip_armv8/packages/apk-aarch64_generic/kmod-usb-common/conffiles /workspaces/openwrt-radxa-rock5b-plus/openwrt/build_dir/target-aarch64_generic_musl/linux-rockchip_armv8/packages/ipkg-aarch64_generic/kmod-usb-common/lib/apk/packages/kmod-usb-common.conffiles; for file in $(cat /workspaces/openwrt-radxa-rock5b-plus/openwrt/build_dir/target-aarch64_generic_musl/linux-rockchip_armv8/packages/ipkg-aarch64_generic/kmod-usb-common/lib/apk/packages/kmod-usb-common.conffiles); do [ -f /workspaces/openwrt-radxa-rock5b-plus/openwrt/build_dir/target-aarch64_generic_musl/linux-rockchip_armv8/packages/ipkg-aarch64_generic/kmod-usb-common/$file ] || continue; csum=$(/workspaces/openwrt-radxa-rock5b-plus/openwrt/staging_dir/host/bin/mkhash sha256 /workspaces/openwrt-radxa-rock5b-plus/openwrt/build_dir/target-aarch64_generic_musl/linux-rockchip_armv8/packages/ipkg-aarch64_generic/kmod-usb-common/$file); echo $file $csum >> /workspaces/openwrt-radxa-rock5b-plus/openwrt/build_dir/target-aarch64_generic_musl/linux-rockchip_armv8/packages/ipkg-aarch64_generic/kmod-usb-common/lib/apk/packages/kmod-usb-common.conffiles_static; done; fi
# Some package (base-files) manually append stuff to conffiles
# Append stuff from it and delete the CONTROL directory since everything else should be migrated
if [ -f /workspaces/openwrt-radxa-rock5b-plus/openwrt/build_dir/target-aarch64_generic_musl/linux-rockchip_armv8/packages/ipkg-aarch64_generic/kmod-usb-common/CONTROL/conffiles ]; then echo $(IDIR_kmod-usb-common)/CONTROL/conffiles >> /workspaces/openwrt-radxa-rock5b-plus/openwrt/build_dir/target-aarch64_generic_musl/linux-rockchip_armv8/packages/ipkg-aarch64_generic/kmod-usb-common/lib/apk/packages/kmod-usb-common.conffiles; for file in $(cat /workspaces/openwrt-radxa-rock5b-plus/openwrt/build_dir/target-aarch64_generic_musl/linux-rockchip_armv8/packages/ipkg-aarch64_generic/kmod-usb-common/CONTROL/conffiles); do [ -f /workspaces/openwrt-radxa-rock5b-plus/openwrt/build_dir/target-aarch64_generic_musl/linux-rockchip_armv8/packages/ipkg-aarch64_generic/kmod-usb-common/$file ] || continue; csum=$(/workspaces/openwrt-radxa-rock5b-plus/openwrt/staging_dir/host/bin/mkhash sha256 /workspaces/openwrt-radxa-rock5b-plus/openwrt/build_dir/target-aarch64_generic_musl/linux-rockchip_armv8/packages/ipkg-aarch64_generic/kmod-usb-common/$file); echo $file $csum >> /workspaces/openwrt-radxa-rock5b-plus/openwrt/build_dir/target-aarch64_generic_musl/linux-rockchip_armv8/packages/ipkg-aarch64_generic/kmod-usb-common/lib/apk/packages/kmod-usb-common.conffiles_static; done; rm -rf /workspaces/openwrt-radxa-rock5b-plus/openwrt/build_dir/target-aarch64_generic_musl/linux-rockchip_armv8/packages/ipkg-aarch64_generic/kmod-usb-common/CONTROL/conffiles; fi
if [ -z "$(ls -A /workspaces/openwrt-radxa-rock5b-plus/openwrt/build_dir/target-aarch64_generic_musl/linux-rockchip_armv8/packages/ipkg-aarch64_generic/kmod-usb-common/CONTROL 2>/dev/null)" ]; then rm -rf /workspaces/openwrt-radxa-rock5b-plus/openwrt/build_dir/target-aarch64_generic_musl/linux-rockchip_armv8/packages/ipkg-aarch64_generic/kmod-usb-common/CONTROL; else echo "CONTROL directory /workspaces/openwrt-radxa-rock5b-plus/openwrt/build_dir/target-aarch64_generic_musl/linux-rockchip_armv8/packages/ipkg-aarch64_generic/kmod-usb-common/CONTROL is not empty! This is not right and should be checked!" >&2; exit 1; fi
/workspaces/openwrt-radxa-rock5b-plus/openwrt/staging_dir/host/bin/fakeroot /workspaces/openwrt-radxa-rock5b-plus/openwrt/staging_dir/host/bin/apk mkpkg --info "name:kmod-usb-common" --info "version:6.12.45-r1"  --info "description:USB common" --info "arch:aarch64_generic" --info "license:GPL-2.0-only" --info "origin:feeds/base/kernel/linux" --info "url:" --info "maintainer:" --info "provides:"  --script "post-install:/workspaces/openwrt-radxa-rock5b-plus/openwrt/build_dir/target-aarch64_generic_musl/linux-rockchip_armv8/packages/apk-aarch64_generic/kmod-usb-common/post-install" --script "post-upgrade:/workspaces/openwrt-radxa-rock5b-plus/openwrt/build_dir/target-aarch64_generic_musl/linux-rockchip_armv8/packages/apk-aarch64_generic/kmod-usb-common/post-upgrade" --script "pre-deinstall:/workspaces/openwrt-radxa-rock5b-plus/openwrt/build_dir/target-aarch64_generic_musl/linux-rockchip_armv8/packages/apk-aarch64_generic/kmod-usb-common/pre-deinstall" --info "depends:kernel=6.12.45~bfdb4691414eb2d33b0186227f6f0e2d-r1" --files "/workspaces/openwrt-radxa-rock5b-plus/openwrt/build_dir/target-aarch64_generic_musl/linux-rockchip_armv8/packages/ipkg-aarch64_generic/kmod-usb-common" --output "/workspaces/openwrt-radxa-rock5b-plus/openwrt/bin/targets/rockchip/armv8/packages/kmod-usb-common-6.12.45-r1.apk" --sign "/workspaces/openwrt-radxa-rock5b-plus/openwrt/private-key.pem"
[ -f /workspaces/openwrt-radxa-rock5b-plus/openwrt/bin/targets/rockchip/armv8/packages/kmod-usb-common-6.12.45-r1.apk ]
removed '/workspaces/openwrt-radxa-rock5b-plus/openwrt/bin/targets/rockchip/armv8/packages/kmod-usb-common-6.12.45-r1.apk'
NOTICE: module '/workspaces/openwrt-radxa-rock5b-plus/openwrt/build_dir/target-aarch64_generic_musl/linux-rockchip_armv8/linux-6.12.45/drivers/usb/common/usb-common.ko' is built-in.
rm -rf /workspaces/openwrt-radxa-rock5b-plus/openwrt/build_dir/target-aarch64_generic_musl/linux-rockchip_armv8/packages/ipkg-aarch64_generic/kmod-usb-core
/workspaces/openwrt-radxa-rock5b-plus/openwrt/scripts/ipkg-remove kmod-usb-core /workspaces/openwrt-radxa-rock5b-plus/openwrt/bin/targets/rockchip/armv8/packages/kmod-usb-core-6.12.45-r1.apk
mkdir -p /workspaces/openwrt-radxa-rock5b-plus/openwrt/bin/targets/rockchip/armv8/packages /workspaces/openwrt-radxa-rock5b-plus/openwrt/build_dir/target-aarch64_generic_musl/linux-rockchip_armv8/packages/ipkg-aarch64_generic/kmod-usb-core /workspaces/openwrt-radxa-rock5b-plus/openwrt/staging_dir/target-aarch64_generic_musl/pkginfo
for mod in /workspaces/openwrt-radxa-rock5b-plus/openwrt/build_dir/target-aarch64_generic_musl/linux-rockchip_armv8/linux-6.12.45/drivers/usb/core/usbcore.ko; do if grep -q "${mod##/workspaces/openwrt-radxa-rock5b-plus/openwrt/build_dir/target-aarch64_generic_musl/linux-rockchip_armv8/linux-6.12.45/}" "/workspaces/openwrt-radxa-rock5b-plus/openwrt/build_dir/target-aarch64_generic_musl/linux-rockchip_armv8/linux-6.12.45/modules.builtin"; then echo "NOTICE: module '$mod' is built-in."; elif [ -e $mod ]; then mkdir -p /workspaces/openwrt-radxa-rock5b-plus/openwrt/build_dir/target-aarch64_generic_musl/linux-rockchip_armv8/packages/ipkg-aarch64_generic/kmod-usb-core/lib/modules/6.12.45 ; cp -fpR -L $mod /workspaces/openwrt-radxa-rock5b-plus/openwrt/build_dir/target-aarch64_generic_musl/linux-rockchip_armv8/packages/ipkg-aarch64_generic/kmod-usb-core/lib/modules/6.12.45/ ; else echo "ERROR: module '$mod' is missing." >&2; exit 1; fi; done;
mkdir -p /workspaces/openwrt-radxa-rock5b-plus/openwrt/build_dir/target-aarch64_generic_musl/linux-rockchip_armv8/packages/ipkg-aarch64_generic/kmod-usb-core/etc/modules.d; ( echo "usbcore"; ) > /workspaces/openwrt-radxa-rock5b-plus/openwrt/build_dir/target-aarch64_generic_musl/linux-rockchip_armv8/packages/ipkg-aarch64_generic/kmod-usb-core/etc/modules.d/20-usb-core;  mkdir -p /workspaces/openwrt-radxa-rock5b-plus/openwrt/build_dir/target-aarch64_generic_musl/linux-rockchip_armv8/packages/ipkg-aarch64_generic/kmod-usb-core/etc/modules-boot.d; ln -sf ../modules.d/20-usb-core /workspaces/openwrt-radxa-rock5b-plus/openwrt/build_dir/target-aarch64_generic_musl/linux-rockchip_armv8/packages/ipkg-aarch64_generic/kmod-usb-core/etc/modules-boot.d/;



find /workspaces/openwrt-radxa-rock5b-plus/openwrt/build_dir/target-aarch64_generic_musl/linux-rockchip_armv8/packages/ipkg-aarch64_generic/kmod-usb-core -name 'CVS' -o -name '.svn' -o -name '.#*' -o -name '*~'| xargs -r rm -rf
( find /workspaces/openwrt-radxa-rock5b-plus/openwrt/build_dir/target-aarch64_generic_musl/linux-rockchip_armv8/packages/ipkg-aarch64_generic/kmod-usb-core -name lib\*.so\* -or -name \*.ko | awk -F/ '{ print $NF }'; for file in /workspaces/openwrt-radxa-rock5b-plus/openwrt/staging_dir/target-aarch64_generic_musl/pkginfo/kmod-usb-common.provides /workspaces/openwrt-radxa-rock5b-plus/openwrt/staging_dir/target-aarch64_generic_musl/pkginfo/kmod-nls-base.provides; do if [ -f "$file" ]; then cat $file; fi; done;  ) | sort -u > /workspaces/openwrt-radxa-rock5b-plus/openwrt/staging_dir/target-aarch64_generic_musl/pkginfo/kmod-usb-core.provides

( rm -f /workspaces/openwrt-radxa-rock5b-plus/openwrt/staging_dir/target-aarch64_generic_musl/pkginfo/kmod-usb-core.missing; ( export READELF=aarch64-openwrt-linux-musl-readelf OBJCOPY=aarch64-openwrt-linux-musl-objcopy XARGS="xargs -r"; /workspaces/openwrt-radxa-rock5b-plus/openwrt/scripts/gen-dependencies.sh "/workspaces/openwrt-radxa-rock5b-plus/openwrt/build_dir/target-aarch64_generic_musl/linux-rockchip_armv8/packages/ipkg-aarch64_generic/kmod-usb-core"; ) | while read FILE; do grep -qxF "$FILE" /workspaces/openwrt-radxa-rock5b-plus/openwrt/staging_dir/target-aarch64_generic_musl/pkginfo/kmod-usb-core.provides || echo "$FILE" >> /workspaces/openwrt-radxa-rock5b-plus/openwrt/staging_dir/target-aarch64_generic_musl/pkginfo/kmod-usb-core.missing; done; if [ -f "/workspaces/openwrt-radxa-rock5b-plus/openwrt/staging_dir/target-aarch64_generic_musl/pkginfo/kmod-usb-core.missing" ]; then echo "Package kmod-usb-core is missing dependencies for the following libraries:" >&2; cat "/workspaces/openwrt-radxa-rock5b-plus/openwrt/staging_dir/target-aarch64_generic_musl/pkginfo/kmod-usb-core.missing" >&2; false; fi; )
export CROSS="aarch64-openwrt-linux-musl-"  NO_RENAME=1 ; NM="aarch64-openwrt-linux-musl-nm" STRIP="/workspaces/openwrt-radxa-rock5b-plus/openwrt/staging_dir/host/bin/sstrip -z" STRIP_KMOD="/workspaces/openwrt-radxa-rock5b-plus/openwrt/scripts/strip-kmod.sh" PATCHELF="/workspaces/openwrt-radxa-rock5b-plus/openwrt/staging_dir/host/bin/patchelf" /workspaces/openwrt-radxa-rock5b-plus/openwrt/scripts/rstrip.sh /workspaces/openwrt-radxa-rock5b-plus/openwrt/build_dir/target-aarch64_generic_musl/linux-rockchip_armv8/packages/ipkg-aarch64_generic/kmod-usb-core
install -d -m0755 /workspaces/openwrt-radxa-rock5b-plus/openwrt/bin/targets/rockchip/armv8/packages/tmp
mkdir -p /workspaces/openwrt-radxa-rock5b-plus/openwrt/build_dir/target-aarch64_generic_musl/linux-rockchip_armv8/packages/apk-aarch64_generic/kmod-usb-core/
mkdir -p /workspaces/openwrt-radxa-rock5b-plus/openwrt/build_dir/target-aarch64_generic_musl/linux-rockchip_armv8/packages/ipkg-aarch64_generic/kmod-usb-core/lib/apk/packages/
(cd /workspaces/openwrt-radxa-rock5b-plus/openwrt/build_dir/target-aarch64_generic_musl/linux-rockchip_armv8/packages/apk-aarch64_generic/kmod-usb-core; )
( echo "#!/bin/sh"; echo "[ \"\${IPKG_NO_SCRIPT}\" = \"1\" ] && exit 0"; echo "[ -s "\${IPKG_INSTROOT}/lib/functions.sh" ] || exit 0"; echo ". \${IPKG_INSTROOT}/lib/functions.sh"; echo 'export root="${IPKG_INSTROOT}"'; echo 'export pkgname="kmod-usb-core"'; echo "add_group_and_user"; echo "default_postinst"; [ ! -f /workspaces/openwrt-radxa-rock5b-plus/openwrt/build_dir/target-aarch64_generic_musl/linux-rockchip_armv8/packages/apk-aarch64_generic/kmod-usb-core/postinst-pkg ] || sed -z 's/^\s*#!/#!/' "/workspaces/openwrt-radxa-rock5b-plus/openwrt/build_dir/target-aarch64_generic_musl/linux-rockchip_armv8/packages/apk-aarch64_generic/kmod-usb-core/postinst-pkg"; ) > /workspaces/openwrt-radxa-rock5b-plus/openwrt/build_dir/target-aarch64_generic_musl/linux-rockchip_armv8/packages/apk-aarch64_generic/kmod-usb-core/post-install;
( echo "#!/bin/sh"; echo 'export PKG_UPGRADE=1'; [ ! -f /workspaces/openwrt-radxa-rock5b-plus/openwrt/build_dir/target-aarch64_generic_musl/linux-rockchip_armv8/packages/apk-aarch64_generic/kmod-usb-core/post-install ] || sed -z 's/^\s*#!/#!/' "/workspaces/openwrt-radxa-rock5b-plus/openwrt/build_dir/target-aarch64_generic_musl/linux-rockchip_armv8/packages/apk-aarch64_generic/kmod-usb-core/post-install"; ) > /workspaces/openwrt-radxa-rock5b-plus/openwrt/build_dir/target-aarch64_generic_musl/linux-rockchip_armv8/packages/apk-aarch64_generic/kmod-usb-core/post-upgrade;
( echo "#!/bin/sh"; echo "[ -s "\${IPKG_INSTROOT}/lib/functions.sh" ] || exit 0"; echo ". \${IPKG_INSTROOT}/lib/functions.sh"; echo 'export root="${IPKG_INSTROOT}"'; echo 'export pkgname="kmod-usb-core"'; echo "default_prerm"; [ ! -f /workspaces/openwrt-radxa-rock5b-plus/openwrt/build_dir/target-aarch64_generic_musl/linux-rockchip_armv8/packages/apk-aarch64_generic/kmod-usb-core/prerm-pkg ] || sed -z 's/^\s*#!/#!/' "/workspaces/openwrt-radxa-rock5b-plus/openwrt/build_dir/target-aarch64_generic_musl/linux-rockchip_armv8/packages/apk-aarch64_generic/kmod-usb-core/prerm-pkg"; ) > /workspaces/openwrt-radxa-rock5b-plus/openwrt/build_dir/target-aarch64_generic_musl/linux-rockchip_armv8/packages/apk-aarch64_generic/kmod-usb-core/pre-deinstall;
[ ! -f /workspaces/openwrt-radxa-rock5b-plus/openwrt/build_dir/target-aarch64_generic_musl/linux-rockchip_armv8/packages/apk-aarch64_generic/kmod-usb-core/postrm ] || sed -zi 's/^\s*#!/#!/' "/workspaces/openwrt-radxa-rock5b-plus/openwrt/build_dir/target-aarch64_generic_musl/linux-rockchip_armv8/packages/apk-aarch64_generic/kmod-usb-core/postrm";
if [ -n "" ]; then echo  > /workspaces/openwrt-radxa-rock5b-plus/openwrt/build_dir/target-aarch64_generic_musl/linux-rockchip_armv8/packages/ipkg-aarch64_generic/kmod-usb-core/lib/apk/packages/kmod-usb-core.rusers; fi;
if [ -n "" ]; then echo  > /workspaces/openwrt-radxa-rock5b-plus/openwrt/build_dir/target-aarch64_generic_musl/linux-rockchip_armv8/packages/ipkg-aarch64_generic/kmod-usb-core/lib/apk/packages/kmod-usb-core.alternatives; fi;
(cd /workspaces/openwrt-radxa-rock5b-plus/openwrt/build_dir/target-aarch64_generic_musl/linux-rockchip_armv8/packages/ipkg-aarch64_generic/kmod-usb-core && find . -type f,l -printf "/%P\n" | sort > /workspaces/openwrt-radxa-rock5b-plus/openwrt/tmp/kmod-usb-core.list && mv /workspaces/openwrt-radxa-rock5b-plus/openwrt/tmp/kmod-usb-core.list /workspaces/openwrt-radxa-rock5b-plus/openwrt/build_dir/target-aarch64_generic_musl/linux-rockchip_armv8/packages/ipkg-aarch64_generic/kmod-usb-core/lib/apk/packages/kmod-usb-core.list)
# Move conffiles to IDIR and build conffiles_static with csums
if [ -f /workspaces/openwrt-radxa-rock5b-plus/openwrt/build_dir/target-aarch64_generic_musl/linux-rockchip_armv8/packages/apk-aarch64_generic/kmod-usb-core/conffiles ]; then mv -f /workspaces/openwrt-radxa-rock5b-plus/openwrt/build_dir/target-aarch64_generic_musl/linux-rockchip_armv8/packages/apk-aarch64_generic/kmod-usb-core/conffiles /workspaces/openwrt-radxa-rock5b-plus/openwrt/build_dir/target-aarch64_generic_musl/linux-rockchip_armv8/packages/ipkg-aarch64_generic/kmod-usb-core/lib/apk/packages/kmod-usb-core.conffiles; for file in $(cat /workspaces/openwrt-radxa-rock5b-plus/openwrt/build_dir/target-aarch64_generic_musl/linux-rockchip_armv8/packages/ipkg-aarch64_generic/kmod-usb-core/lib/apk/packages/kmod-usb-core.conffiles); do [ -f /workspaces/openwrt-radxa-rock5b-plus/openwrt/build_dir/target-aarch64_generic_musl/linux-rockchip_armv8/packages/ipkg-aarch64_generic/kmod-usb-core/$file ] || continue; csum=$(/workspaces/openwrt-radxa-rock5b-plus/openwrt/staging_dir/host/bin/mkhash sha256 /workspaces/openwrt-radxa-rock5b-plus/openwrt/build_dir/target-aarch64_generic_musl/linux-rockchip_armv8/packages/ipkg-aarch64_generic/kmod-usb-core/$file); echo $file $csum >> /workspaces/openwrt-radxa-rock5b-plus/openwrt/build_dir/target-aarch64_generic_musl/linux-rockchip_armv8/packages/ipkg-aarch64_generic/kmod-usb-core/lib/apk/packages/kmod-usb-core.conffiles_static; done; fi
# Some package (base-files) manually append stuff to conffiles
# Append stuff from it and delete the CONTROL directory since everything else should be migrated
if [ -f /workspaces/openwrt-radxa-rock5b-plus/openwrt/build_dir/target-aarch64_generic_musl/linux-rockchip_armv8/packages/ipkg-aarch64_generic/kmod-usb-core/CONTROL/conffiles ]; then echo $(IDIR_kmod-usb-core)/CONTROL/conffiles >> /workspaces/openwrt-radxa-rock5b-plus/openwrt/build_dir/target-aarch64_generic_musl/linux-rockchip_armv8/packages/ipkg-aarch64_generic/kmod-usb-core/lib/apk/packages/kmod-usb-core.conffiles; for file in $(cat /workspaces/openwrt-radxa-rock5b-plus/openwrt/build_dir/target-aarch64_generic_musl/linux-rockchip_armv8/packages/ipkg-aarch64_generic/kmod-usb-core/CONTROL/conffiles); do [ -f /workspaces/openwrt-radxa-rock5b-plus/openwrt/build_dir/target-aarch64_generic_musl/linux-rockchip_armv8/packages/ipkg-aarch64_generic/kmod-usb-core/$file ] || continue; csum=$(/workspaces/openwrt-radxa-rock5b-plus/openwrt/staging_dir/host/bin/mkhash sha256 /workspaces/openwrt-radxa-rock5b-plus/openwrt/build_dir/target-aarch64_generic_musl/linux-rockchip_armv8/packages/ipkg-aarch64_generic/kmod-usb-core/$file); echo $file $csum >> /workspaces/openwrt-radxa-rock5b-plus/openwrt/build_dir/target-aarch64_generic_musl/linux-rockchip_armv8/packages/ipkg-aarch64_generic/kmod-usb-core/lib/apk/packages/kmod-usb-core.conffiles_static; done; rm -rf /workspaces/openwrt-radxa-rock5b-plus/openwrt/build_dir/target-aarch64_generic_musl/linux-rockchip_armv8/packages/ipkg-aarch64_generic/kmod-usb-core/CONTROL/conffiles; fi
if [ -z "$(ls -A /workspaces/openwrt-radxa-rock5b-plus/openwrt/build_dir/target-aarch64_generic_musl/linux-rockchip_armv8/packages/ipkg-aarch64_generic/kmod-usb-core/CONTROL 2>/dev/null)" ]; then rm -rf /workspaces/openwrt-radxa-rock5b-plus/openwrt/build_dir/target-aarch64_generic_musl/linux-rockchip_armv8/packages/ipkg-aarch64_generic/kmod-usb-core/CONTROL; else echo "CONTROL directory /workspaces/openwrt-radxa-rock5b-plus/openwrt/build_dir/target-aarch64_generic_musl/linux-rockchip_armv8/packages/ipkg-aarch64_generic/kmod-usb-core/CONTROL is not empty! This is not right and should be checked!" >&2; exit 1; fi
/workspaces/openwrt-radxa-rock5b-plus/openwrt/staging_dir/host/bin/fakeroot /workspaces/openwrt-radxa-rock5b-plus/openwrt/staging_dir/host/bin/apk mkpkg --info "name:kmod-usb-core" --info "version:6.12.45-r1"  --info "description:Kernel support for USB" --info "arch:aarch64_generic" --info "license:GPL-2.0-only" --info "origin:feeds/base/kernel/linux" --info "url:" --info "maintainer:" --info "provides:"  --script "post-install:/workspaces/openwrt-radxa-rock5b-plus/openwrt/build_dir/target-aarch64_generic_musl/linux-rockchip_armv8/packages/apk-aarch64_generic/kmod-usb-core/post-install" --script "post-upgrade:/workspaces/openwrt-radxa-rock5b-plus/openwrt/build_dir/target-aarch64_generic_musl/linux-rockchip_armv8/packages/apk-aarch64_generic/kmod-usb-core/post-upgrade" --script "pre-deinstall:/workspaces/openwrt-radxa-rock5b-plus/openwrt/build_dir/target-aarch64_generic_musl/linux-rockchip_armv8/packages/apk-aarch64_generic/kmod-usb-core/pre-deinstall" --info "depends:kernel=6.12.45~bfdb4691414eb2d33b0186227f6f0e2d-r1 kmod-usb-common kmod-nls-base" --files "/workspaces/openwrt-radxa-rock5b-plus/openwrt/build_dir/target-aarch64_generic_musl/linux-rockchip_armv8/packages/ipkg-aarch64_generic/kmod-usb-core" --output "/workspaces/openwrt-radxa-rock5b-plus/openwrt/bin/targets/rockchip/armv8/packages/kmod-usb-core-6.12.45-r1.apk" --sign "/workspaces/openwrt-radxa-rock5b-plus/openwrt/private-key.pem"
[ -f /workspaces/openwrt-radxa-rock5b-plus/openwrt/bin/targets/rockchip/armv8/packages/kmod-usb-core-6.12.45-r1.apk ]
removed '/workspaces/openwrt-radxa-rock5b-plus/openwrt/bin/targets/rockchip/armv8/packages/kmod-usb-core-6.12.45-r1.apk'
NOTICE: module '/workspaces/openwrt-radxa-rock5b-plus/openwrt/build_dir/target-aarch64_generic_musl/linux-rockchip_armv8/linux-6.12.45/drivers/usb/core/usbcore.ko' is built-in.
make[3]: Leaving directory '/workspaces/openwrt-radxa-rock5b-plus/openwrt/package/libs/libselinux'
time: package/libs/libselinux/compile#0.20#0.13#0.64
make[3]: Entering directory '/workspaces/openwrt-radxa-rock5b-plus/openwrt/package/system/usign'
rm -rf /workspaces/openwrt-radxa-rock5b-plus/openwrt/build_dir/target-aarch64_generic_musl/linux-rockchip_armv8/packages/ipkg-aarch64_generic/kmod-usb-wdm
/workspaces/openwrt-radxa-rock5b-plus/openwrt/scripts/ipkg-remove kmod-usb-wdm /workspaces/openwrt-radxa-rock5b-plus/openwrt/bin/targets/rockchip/armv8/packages/kmod-usb-wdm-6.12.45-r1.apk
mkdir -p /workspaces/openwrt-radxa-rock5b-plus/openwrt/bin/targets/rockchip/armv8/packages /workspaces/openwrt-radxa-rock5b-plus/openwrt/build_dir/target-aarch64_generic_musl/linux-rockchip_armv8/packages/ipkg-aarch64_generic/kmod-usb-wdm /workspaces/openwrt-radxa-rock5b-plus/openwrt/staging_dir/target-aarch64_generic_musl/pkginfo
for mod in /workspaces/openwrt-radxa-rock5b-plus/openwrt/build_dir/target-aarch64_generic_musl/linux-rockchip_armv8/linux-6.12.45/drivers/usb/class/cdc-wdm.ko; do if grep -q "${mod##/workspaces/openwrt-radxa-rock5b-plus/openwrt/build_dir/target-aarch64_generic_musl/linux-rockchip_armv8/linux-6.12.45/}" "/workspaces/openwrt-radxa-rock5b-plus/openwrt/build_dir/target-aarch64_generic_musl/linux-rockchip_armv8/linux-6.12.45/modules.builtin"; then echo "NOTICE: module '$mod' is built-in."; elif [ -e $mod ]; then mkdir -p /workspaces/openwrt-radxa-rock5b-plus/openwrt/build_dir/target-aarch64_generic_musl/linux-rockchip_armv8/packages/ipkg-aarch64_generic/kmod-usb-wdm/lib/modules/6.12.45 ; cp -fpR -L $mod /workspaces/openwrt-radxa-rock5b-plus/openwrt/build_dir/target-aarch64_generic_musl/linux-rockchip_armv8/packages/ipkg-aarch64_generic/kmod-usb-wdm/lib/modules/6.12.45/ ; else echo "ERROR: module '$mod' is missing." >&2; exit 1; fi; done;
mkdir -p /workspaces/openwrt-radxa-rock5b-plus/openwrt/build_dir/target-aarch64_generic_musl/linux-rockchip_armv8/packages/ipkg-aarch64_generic/kmod-usb-wdm/etc/modules.d; ( echo "cdc-wdm"; ) > /workspaces/openwrt-radxa-rock5b-plus/openwrt/build_dir/target-aarch64_generic_musl/linux-rockchip_armv8/packages/ipkg-aarch64_generic/kmod-usb-wdm/etc/modules.d/usb-wdm; 



find /workspaces/openwrt-radxa-rock5b-plus/openwrt/build_dir/target-aarch64_generic_musl/linux-rockchip_armv8/packages/ipkg-aarch64_generic/kmod-usb-wdm -name 'CVS' -o -name '.svn' -o -name '.#*' -o -name '*~'| xargs -r rm -rf
( find /workspaces/openwrt-radxa-rock5b-plus/openwrt/build_dir/target-aarch64_generic_musl/linux-rockchip_armv8/packages/ipkg-aarch64_generic/kmod-usb-wdm -name lib\*.so\* -or -name \*.ko | awk -F/ '{ print $NF }'; for file in /workspaces/openwrt-radxa-rock5b-plus/openwrt/staging_dir/target-aarch64_generic_musl/pkginfo/kmod-usb-core.provides; do if [ -f "$file" ]; then cat $file; fi; done;  ) | sort -u > /workspaces/openwrt-radxa-rock5b-plus/openwrt/staging_dir/target-aarch64_generic_musl/pkginfo/kmod-usb-wdm.provides

( rm -f /workspaces/openwrt-radxa-rock5b-plus/openwrt/staging_dir/target-aarch64_generic_musl/pkginfo/kmod-usb-wdm.missing; ( export READELF=aarch64-openwrt-linux-musl-readelf OBJCOPY=aarch64-openwrt-linux-musl-objcopy XARGS="xargs -r"; /workspaces/openwrt-radxa-rock5b-plus/openwrt/scripts/gen-dependencies.sh "/workspaces/openwrt-radxa-rock5b-plus/openwrt/build_dir/target-aarch64_generic_musl/linux-rockchip_armv8/packages/ipkg-aarch64_generic/kmod-usb-wdm"; ) | while read FILE; do grep -qxF "$FILE" /workspaces/openwrt-radxa-rock5b-plus/openwrt/staging_dir/target-aarch64_generic_musl/pkginfo/kmod-usb-wdm.provides || echo "$FILE" >> /workspaces/openwrt-radxa-rock5b-plus/openwrt/staging_dir/target-aarch64_generic_musl/pkginfo/kmod-usb-wdm.missing; done; if [ -f "/workspaces/openwrt-radxa-rock5b-plus/openwrt/staging_dir/target-aarch64_generic_musl/pkginfo/kmod-usb-wdm.missing" ]; then echo "Package kmod-usb-wdm is missing dependencies for the following libraries:" >&2; cat "/workspaces/openwrt-radxa-rock5b-plus/openwrt/staging_dir/target-aarch64_generic_musl/pkginfo/kmod-usb-wdm.missing" >&2; false; fi; )
export CROSS="aarch64-openwrt-linux-musl-"  NO_RENAME=1 ; NM="aarch64-openwrt-linux-musl-nm" STRIP="/workspaces/openwrt-radxa-rock5b-plus/openwrt/staging_dir/host/bin/sstrip -z" STRIP_KMOD="/workspaces/openwrt-radxa-rock5b-plus/openwrt/scripts/strip-kmod.sh" PATCHELF="/workspaces/openwrt-radxa-rock5b-plus/openwrt/staging_dir/host/bin/patchelf" /workspaces/openwrt-radxa-rock5b-plus/openwrt/scripts/rstrip.sh /workspaces/openwrt-radxa-rock5b-plus/openwrt/build_dir/target-aarch64_generic_musl/linux-rockchip_armv8/packages/ipkg-aarch64_generic/kmod-usb-wdm
install -d -m0755 /workspaces/openwrt-radxa-rock5b-plus/openwrt/bin/targets/rockchip/armv8/packages/tmp
mkdir -p /workspaces/openwrt-radxa-rock5b-plus/openwrt/build_dir/target-aarch64_generic_musl/linux-rockchip_armv8/packages/apk-aarch64_generic/kmod-usb-wdm/
mkdir -p /workspaces/openwrt-radxa-rock5b-plus/openwrt/build_dir/target-aarch64_generic_musl/linux-rockchip_armv8/packages/ipkg-aarch64_generic/kmod-usb-wdm/lib/apk/packages/
(cd /workspaces/openwrt-radxa-rock5b-plus/openwrt/build_dir/target-aarch64_generic_musl/linux-rockchip_armv8/packages/apk-aarch64_generic/kmod-usb-wdm; )
( echo "#!/bin/sh"; echo "[ \"\${IPKG_NO_SCRIPT}\" = \"1\" ] && exit 0"; echo "[ -s "\${IPKG_INSTROOT}/lib/functions.sh" ] || exit 0"; echo ". \${IPKG_INSTROOT}/lib/functions.sh"; echo 'export root="${IPKG_INSTROOT}"'; echo 'export pkgname="kmod-usb-wdm"'; echo "add_group_and_user"; echo "default_postinst"; [ ! -f /workspaces/openwrt-radxa-rock5b-plus/openwrt/build_dir/target-aarch64_generic_musl/linux-rockchip_armv8/packages/apk-aarch64_generic/kmod-usb-wdm/postinst-pkg ] || sed -z 's/^\s*#!/#!/' "/workspaces/openwrt-radxa-rock5b-plus/openwrt/build_dir/target-aarch64_generic_musl/linux-rockchip_armv8/packages/apk-aarch64_generic/kmod-usb-wdm/postinst-pkg"; ) > /workspaces/openwrt-radxa-rock5b-plus/openwrt/build_dir/target-aarch64_generic_musl/linux-rockchip_armv8/packages/apk-aarch64_generic/kmod-usb-wdm/post-install;
( echo "#!/bin/sh"; echo 'export PKG_UPGRADE=1'; [ ! -f /workspaces/openwrt-radxa-rock5b-plus/openwrt/build_dir/target-aarch64_generic_musl/linux-rockchip_armv8/packages/apk-aarch64_generic/kmod-usb-wdm/post-install ] || sed -z 's/^\s*#!/#!/' "/workspaces/openwrt-radxa-rock5b-plus/openwrt/build_dir/target-aarch64_generic_musl/linux-rockchip_armv8/packages/apk-aarch64_generic/kmod-usb-wdm/post-install"; ) > /workspaces/openwrt-radxa-rock5b-plus/openwrt/build_dir/target-aarch64_generic_musl/linux-rockchip_armv8/packages/apk-aarch64_generic/kmod-usb-wdm/post-upgrade;
( echo "#!/bin/sh"; echo "[ -s "\${IPKG_INSTROOT}/lib/functions.sh" ] || exit 0"; echo ". \${IPKG_INSTROOT}/lib/functions.sh"; echo 'export root="${IPKG_INSTROOT}"'; echo 'export pkgname="kmod-usb-wdm"'; echo "default_prerm"; [ ! -f /workspaces/openwrt-radxa-rock5b-plus/openwrt/build_dir/target-aarch64_generic_musl/linux-rockchip_armv8/packages/apk-aarch64_generic/kmod-usb-wdm/prerm-pkg ] || sed -z 's/^\s*#!/#!/' "/workspaces/openwrt-radxa-rock5b-plus/openwrt/build_dir/target-aarch64_generic_musl/linux-rockchip_armv8/packages/apk-aarch64_generic/kmod-usb-wdm/prerm-pkg"; ) > /workspaces/openwrt-radxa-rock5b-plus/openwrt/build_dir/target-aarch64_generic_musl/linux-rockchip_armv8/packages/apk-aarch64_generic/kmod-usb-wdm/pre-deinstall;
[ ! -f /workspaces/openwrt-radxa-rock5b-plus/openwrt/build_dir/target-aarch64_generic_musl/linux-rockchip_armv8/packages/apk-aarch64_generic/kmod-usb-wdm/postrm ] || sed -zi 's/^\s*#!/#!/' "/workspaces/openwrt-radxa-rock5b-plus/openwrt/build_dir/target-aarch64_generic_musl/linux-rockchip_armv8/packages/apk-aarch64_generic/kmod-usb-wdm/postrm";
if [ -n "" ]; then echo  > /workspaces/openwrt-radxa-rock5b-plus/openwrt/build_dir/target-aarch64_generic_musl/linux-rockchip_armv8/packages/ipkg-aarch64_generic/kmod-usb-wdm/lib/apk/packages/kmod-usb-wdm.rusers; fi;
if [ -n "" ]; then echo  > /workspaces/openwrt-radxa-rock5b-plus/openwrt/build_dir/target-aarch64_generic_musl/linux-rockchip_armv8/packages/ipkg-aarch64_generic/kmod-usb-wdm/lib/apk/packages/kmod-usb-wdm.alternatives; fi;
(cd /workspaces/openwrt-radxa-rock5b-plus/openwrt/build_dir/target-aarch64_generic_musl/linux-rockchip_armv8/packages/ipkg-aarch64_generic/kmod-usb-wdm && find . -type f,l -printf "/%P\n" | sort > /workspaces/openwrt-radxa-rock5b-plus/openwrt/tmp/kmod-usb-wdm.list && mv /workspaces/openwrt-radxa-rock5b-plus/openwrt/tmp/kmod-usb-wdm.list /workspaces/openwrt-radxa-rock5b-plus/openwrt/build_dir/target-aarch64_generic_musl/linux-rockchip_armv8/packages/ipkg-aarch64_generic/kmod-usb-wdm/lib/apk/packages/kmod-usb-wdm.list)
# Move conffiles to IDIR and build conffiles_static with csums
if [ -f /workspaces/openwrt-radxa-rock5b-plus/openwrt/build_dir/target-aarch64_generic_musl/linux-rockchip_armv8/packages/apk-aarch64_generic/kmod-usb-wdm/conffiles ]; then mv -f /workspaces/openwrt-radxa-rock5b-plus/openwrt/build_dir/target-aarch64_generic_musl/linux-rockchip_armv8/packages/apk-aarch64_generic/kmod-usb-wdm/conffiles /workspaces/openwrt-radxa-rock5b-plus/openwrt/build_dir/target-aarch64_generic_musl/linux-rockchip_armv8/packages/ipkg-aarch64_generic/kmod-usb-wdm/lib/apk/packages/kmod-usb-wdm.conffiles; for file in $(cat /workspaces/openwrt-radxa-rock5b-plus/openwrt/build_dir/target-aarch64_generic_musl/linux-rockchip_armv8/packages/ipkg-aarch64_generic/kmod-usb-wdm/lib/apk/packages/kmod-usb-wdm.conffiles); do [ -f /workspaces/openwrt-radxa-rock5b-plus/openwrt/build_dir/target-aarch64_generic_musl/linux-rockchip_armv8/packages/ipkg-aarch64_generic/kmod-usb-wdm/$file ] || continue; csum=$(/workspaces/openwrt-radxa-rock5b-plus/openwrt/staging_dir/host/bin/mkhash sha256 /workspaces/openwrt-radxa-rock5b-plus/openwrt/build_dir/target-aarch64_generic_musl/linux-rockchip_armv8/packages/ipkg-aarch64_generic/kmod-usb-wdm/$file); echo $file $csum >> /workspaces/openwrt-radxa-rock5b-plus/openwrt/build_dir/target-aarch64_generic_musl/linux-rockchip_armv8/packages/ipkg-aarch64_generic/kmod-usb-wdm/lib/apk/packages/kmod-usb-wdm.conffiles_static; done; fi
# Some package (base-files) manually append stuff to conffiles
# Append stuff from it and delete the CONTROL directory since everything else should be migrated
if [ -f /workspaces/openwrt-radxa-rock5b-plus/openwrt/build_dir/target-aarch64_generic_musl/linux-rockchip_armv8/packages/ipkg-aarch64_generic/kmod-usb-wdm/CONTROL/conffiles ]; then echo $(IDIR_kmod-usb-wdm)/CONTROL/conffiles >> /workspaces/openwrt-radxa-rock5b-plus/openwrt/build_dir/target-aarch64_generic_musl/linux-rockchip_armv8/packages/ipkg-aarch64_generic/kmod-usb-wdm/lib/apk/packages/kmod-usb-wdm.conffiles; for file in $(cat /workspaces/openwrt-radxa-rock5b-plus/openwrt/build_dir/target-aarch64_generic_musl/linux-rockchip_armv8/packages/ipkg-aarch64_generic/kmod-usb-wdm/CONTROL/conffiles); do [ -f /workspaces/openwrt-radxa-rock5b-plus/openwrt/build_dir/target-aarch64_generic_musl/linux-rockchip_armv8/packages/ipkg-aarch64_generic/kmod-usb-wdm/$file ] || continue; csum=$(/workspaces/openwrt-radxa-rock5b-plus/openwrt/staging_dir/host/bin/mkhash sha256 /workspaces/openwrt-radxa-rock5b-plus/openwrt/build_dir/target-aarch64_generic_musl/linux-rockchip_armv8/packages/ipkg-aarch64_generic/kmod-usb-wdm/$file); echo $file $csum >> /workspaces/openwrt-radxa-rock5b-plus/openwrt/build_dir/target-aarch64_generic_musl/linux-rockchip_armv8/packages/ipkg-aarch64_generic/kmod-usb-wdm/lib/apk/packages/kmod-usb-wdm.conffiles_static; done; rm -rf /workspaces/openwrt-radxa-rock5b-plus/openwrt/build_dir/target-aarch64_generic_musl/linux-rockchip_armv8/packages/ipkg-aarch64_generic/kmod-usb-wdm/CONTROL/conffiles; fi
if [ -z "$(ls -A /workspaces/openwrt-radxa-rock5b-plus/openwrt/build_dir/target-aarch64_generic_musl/linux-rockchip_armv8/packages/ipkg-aarch64_generic/kmod-usb-wdm/CONTROL 2>/dev/null)" ]; then rm -rf /workspaces/openwrt-radxa-rock5b-plus/openwrt/build_dir/target-aarch64_generic_musl/linux-rockchip_armv8/packages/ipkg-aarch64_generic/kmod-usb-wdm/CONTROL; else echo "CONTROL directory /workspaces/openwrt-radxa-rock5b-plus/openwrt/build_dir/target-aarch64_generic_musl/linux-rockchip_armv8/packages/ipkg-aarch64_generic/kmod-usb-wdm/CONTROL is not empty! This is not right and should be checked!" >&2; exit 1; fi
/workspaces/openwrt-radxa-rock5b-plus/openwrt/staging_dir/host/bin/fakeroot /workspaces/openwrt-radxa-rock5b-plus/openwrt/staging_dir/host/bin/apk mkpkg --info "name:kmod-usb-wdm" --info "version:6.12.45-r1"  --info "description:USB Wireless Device Management support" --info "arch:aarch64_generic" --info "license:GPL-2.0-only" --info "origin:feeds/base/kernel/linux" --info "url:" --info "maintainer:" --info "provides:"  --script "post-install:/workspaces/openwrt-radxa-rock5b-plus/openwrt/build_dir/target-aarch64_generic_musl/linux-rockchip_armv8/packages/apk-aarch64_generic/kmod-usb-wdm/post-install" --script "post-upgrade:/workspaces/openwrt-radxa-rock5b-plus/openwrt/build_dir/target-aarch64_generic_musl/linux-rockchip_armv8/packages/apk-aarch64_generic/kmod-usb-wdm/post-upgrade" --script "pre-deinstall:/workspaces/openwrt-radxa-rock5b-plus/openwrt/build_dir/target-aarch64_generic_musl/linux-rockchip_armv8/packages/apk-aarch64_generic/kmod-usb-wdm/pre-deinstall" --info "depends:kernel=6.12.45~bfdb4691414eb2d33b0186227f6f0e2d-r1 kmod-usb-core" --files "/workspaces/openwrt-radxa-rock5b-plus/openwrt/build_dir/target-aarch64_generic_musl/linux-rockchip_armv8/packages/ipkg-aarch64_generic/kmod-usb-wdm" --output "/workspaces/openwrt-radxa-rock5b-plus/openwrt/bin/targets/rockchip/armv8/packages/kmod-usb-wdm-6.12.45-r1.apk" --sign "/workspaces/openwrt-radxa-rock5b-plus/openwrt/private-key.pem"
[ -f /workspaces/openwrt-radxa-rock5b-plus/openwrt/bin/targets/rockchip/armv8/packages/kmod-usb-wdm-6.12.45-r1.apk ]
removed '/workspaces/openwrt-radxa-rock5b-plus/openwrt/bin/targets/rockchip/armv8/packages/kmod-usb-wdm-6.12.45-r1.apk'
rstrip.sh: /workspaces/openwrt-radxa-rock5b-plus/openwrt/build_dir/target-aarch64_generic_musl/linux-rockchip_armv8/packages/ipkg-aarch64_generic/kmod-usb-wdm/lib/modules/6.12.45/cdc-wdm.ko: relocatable
rm -rf /workspaces/openwrt-radxa-rock5b-plus/openwrt/build_dir/target-aarch64_generic_musl/linux-rockchip_armv8/packages/ipkg-aarch64_generic/kmod-usb-serial
/workspaces/openwrt-radxa-rock5b-plus/openwrt/scripts/ipkg-remove kmod-usb-serial /workspaces/openwrt-radxa-rock5b-plus/openwrt/bin/targets/rockchip/armv8/packages/kmod-usb-serial-6.12.45-r1.apk /workspaces/openwrt-radxa-rock5b-plus/openwrt/bin/targets/rockchip/armv8/packages/kmod-usb-serial-option-6.12.45-r1.apk /workspaces/openwrt-radxa-rock5b-plus/openwrt/bin/targets/rockchip/armv8/packages/kmod-usb-serial-wwan-6.12.45-r1.apk
mkdir -p /workspaces/openwrt-radxa-rock5b-plus/openwrt/bin/targets/rockchip/armv8/packages /workspaces/openwrt-radxa-rock5b-plus/openwrt/build_dir/target-aarch64_generic_musl/linux-rockchip_armv8/packages/ipkg-aarch64_generic/kmod-usb-serial /workspaces/openwrt-radxa-rock5b-plus/openwrt/staging_dir/target-aarch64_generic_musl/pkginfo
for mod in /workspaces/openwrt-radxa-rock5b-plus/openwrt/build_dir/target-aarch64_generic_musl/linux-rockchip_armv8/linux-6.12.45/drivers/usb/serial/usbserial.ko; do if grep -q "${mod##/workspaces/openwrt-radxa-rock5b-plus/openwrt/build_dir/target-aarch64_generic_musl/linux-rockchip_armv8/linux-6.12.45/}" "/workspaces/openwrt-radxa-rock5b-plus/openwrt/build_dir/target-aarch64_generic_musl/linux-rockchip_armv8/linux-6.12.45/modules.builtin"; then echo "NOTICE: module '$mod' is built-in."; elif [ -e $mod ]; then mkdir -p /workspaces/openwrt-radxa-rock5b-plus/openwrt/build_dir/target-aarch64_generic_musl/linux-rockchip_armv8/packages/ipkg-aarch64_generic/kmod-usb-serial/lib/modules/6.12.45 ; cp -fpR -L $mod /workspaces/openwrt-radxa-rock5b-plus/openwrt/build_dir/target-aarch64_generic_musl/linux-rockchip_armv8/packages/ipkg-aarch64_generic/kmod-usb-serial/lib/modules/6.12.45/ ; else echo "ERROR: module '$mod' is missing." >&2; exit 1; fi; done;
mkdir -p /workspaces/openwrt-radxa-rock5b-plus/openwrt/build_dir/target-aarch64_generic_musl/linux-rockchip_armv8/packages/ipkg-aarch64_generic/kmod-usb-serial/etc/modules.d; ( echo "usbserial"; ) > /workspaces/openwrt-radxa-rock5b-plus/openwrt/build_dir/target-aarch64_generic_musl/linux-rockchip_armv8/packages/ipkg-aarch64_generic/kmod-usb-serial/etc/modules.d/usb-serial; 



find /workspaces/openwrt-radxa-rock5b-plus/openwrt/build_dir/target-aarch64_generic_musl/linux-rockchip_armv8/packages/ipkg-aarch64_generic/kmod-usb-serial -name 'CVS' -o -name '.svn' -o -name '.#*' -o -name '*~'| xargs -r rm -rf
( find /workspaces/openwrt-radxa-rock5b-plus/openwrt/build_dir/target-aarch64_generic_musl/linux-rockchip_armv8/packages/ipkg-aarch64_generic/kmod-usb-serial -name lib\*.so\* -or -name \*.ko | awk -F/ '{ print $NF }'; for file in /workspaces/openwrt-radxa-rock5b-plus/openwrt/staging_dir/target-aarch64_generic_musl/pkginfo/kmod-usb-core.provides; do if [ -f "$file" ]; then cat $file; fi; done;  ) | sort -u > /workspaces/openwrt-radxa-rock5b-plus/openwrt/staging_dir/target-aarch64_generic_musl/pkginfo/kmod-usb-serial.provides

( rm -f /workspaces/openwrt-radxa-rock5b-plus/openwrt/staging_dir/target-aarch64_generic_musl/pkginfo/kmod-usb-serial.missing; ( export READELF=aarch64-openwrt-linux-musl-readelf OBJCOPY=aarch64-openwrt-linux-musl-objcopy XARGS="xargs -r"; /workspaces/openwrt-radxa-rock5b-plus/openwrt/scripts/gen-dependencies.sh "/workspaces/openwrt-radxa-rock5b-plus/openwrt/build_dir/target-aarch64_generic_musl/linux-rockchip_armv8/packages/ipkg-aarch64_generic/kmod-usb-serial"; ) | while read FILE; do grep -qxF "$FILE" /workspaces/openwrt-radxa-rock5b-plus/openwrt/staging_dir/target-aarch64_generic_musl/pkginfo/kmod-usb-serial.provides || echo "$FILE" >> /workspaces/openwrt-radxa-rock5b-plus/openwrt/staging_dir/target-aarch64_generic_musl/pkginfo/kmod-usb-serial.missing; done; if [ -f "/workspaces/openwrt-radxa-rock5b-plus/openwrt/staging_dir/target-aarch64_generic_musl/pkginfo/kmod-usb-serial.missing" ]; then echo "Package kmod-usb-serial is missing dependencies for the following libraries:" >&2; cat "/workspaces/openwrt-radxa-rock5b-plus/openwrt/staging_dir/target-aarch64_generic_musl/pkginfo/kmod-usb-serial.missing" >&2; false; fi; )
export CROSS="aarch64-openwrt-linux-musl-"  NO_RENAME=1 ; NM="aarch64-openwrt-linux-musl-nm" STRIP="/workspaces/openwrt-radxa-rock5b-plus/openwrt/staging_dir/host/bin/sstrip -z" STRIP_KMOD="/workspaces/openwrt-radxa-rock5b-plus/openwrt/scripts/strip-kmod.sh" PATCHELF="/workspaces/openwrt-radxa-rock5b-plus/openwrt/staging_dir/host/bin/patchelf" /workspaces/openwrt-radxa-rock5b-plus/openwrt/scripts/rstrip.sh /workspaces/openwrt-radxa-rock5b-plus/openwrt/build_dir/target-aarch64_generic_musl/linux-rockchip_armv8/packages/ipkg-aarch64_generic/kmod-usb-serial
install -d -m0755 /workspaces/openwrt-radxa-rock5b-plus/openwrt/bin/targets/rockchip/armv8/packages/tmp
mkdir -p /workspaces/openwrt-radxa-rock5b-plus/openwrt/build_dir/target-aarch64_generic_musl/linux-rockchip_armv8/packages/apk-aarch64_generic/kmod-usb-serial/
mkdir -p /workspaces/openwrt-radxa-rock5b-plus/openwrt/build_dir/target-aarch64_generic_musl/linux-rockchip_armv8/packages/ipkg-aarch64_generic/kmod-usb-serial/lib/apk/packages/
(cd /workspaces/openwrt-radxa-rock5b-plus/openwrt/build_dir/target-aarch64_generic_musl/linux-rockchip_armv8/packages/apk-aarch64_generic/kmod-usb-serial; )
( echo "#!/bin/sh"; echo "[ \"\${IPKG_NO_SCRIPT}\" = \"1\" ] && exit 0"; echo "[ -s "\${IPKG_INSTROOT}/lib/functions.sh" ] || exit 0"; echo ". \${IPKG_INSTROOT}/lib/functions.sh"; echo 'export root="${IPKG_INSTROOT}"'; echo 'export pkgname="kmod-usb-serial"'; echo "add_group_and_user"; echo "default_postinst"; [ ! -f /workspaces/openwrt-radxa-rock5b-plus/openwrt/build_dir/target-aarch64_generic_musl/linux-rockchip_armv8/packages/apk-aarch64_generic/kmod-usb-serial/postinst-pkg ] || sed -z 's/^\s*#!/#!/' "/workspaces/openwrt-radxa-rock5b-plus/openwrt/build_dir/target-aarch64_generic_musl/linux-rockchip_armv8/packages/apk-aarch64_generic/kmod-usb-serial/postinst-pkg"; ) > /workspaces/openwrt-radxa-rock5b-plus/openwrt/build_dir/target-aarch64_generic_musl/linux-rockchip_armv8/packages/apk-aarch64_generic/kmod-usb-serial/post-install;
( echo "#!/bin/sh"; echo 'export PKG_UPGRADE=1'; [ ! -f /workspaces/openwrt-radxa-rock5b-plus/openwrt/build_dir/target-aarch64_generic_musl/linux-rockchip_armv8/packages/apk-aarch64_generic/kmod-usb-serial/post-install ] || sed -z 's/^\s*#!/#!/' "/workspaces/openwrt-radxa-rock5b-plus/openwrt/build_dir/target-aarch64_generic_musl/linux-rockchip_armv8/packages/apk-aarch64_generic/kmod-usb-serial/post-install"; ) > /workspaces/openwrt-radxa-rock5b-plus/openwrt/build_dir/target-aarch64_generic_musl/linux-rockchip_armv8/packages/apk-aarch64_generic/kmod-usb-serial/post-upgrade;
( echo "#!/bin/sh"; echo "[ -s "\${IPKG_INSTROOT}/lib/functions.sh" ] || exit 0"; echo ". \${IPKG_INSTROOT}/lib/functions.sh"; echo 'export root="${IPKG_INSTROOT}"'; echo 'export pkgname="kmod-usb-serial"'; echo "default_prerm"; [ ! -f /workspaces/openwrt-radxa-rock5b-plus/openwrt/build_dir/target-aarch64_generic_musl/linux-rockchip_armv8/packages/apk-aarch64_generic/kmod-usb-serial/prerm-pkg ] || sed -z 's/^\s*#!/#!/' "/workspaces/openwrt-radxa-rock5b-plus/openwrt/build_dir/target-aarch64_generic_musl/linux-rockchip_armv8/packages/apk-aarch64_generic/kmod-usb-serial/prerm-pkg"; ) > /workspaces/openwrt-radxa-rock5b-plus/openwrt/build_dir/target-aarch64_generic_musl/linux-rockchip_armv8/packages/apk-aarch64_generic/kmod-usb-serial/pre-deinstall;
[ ! -f /workspaces/openwrt-radxa-rock5b-plus/openwrt/build_dir/target-aarch64_generic_musl/linux-rockchip_armv8/packages/apk-aarch64_generic/kmod-usb-serial/postrm ] || sed -zi 's/^\s*#!/#!/' "/workspaces/openwrt-radxa-rock5b-plus/openwrt/build_dir/target-aarch64_generic_musl/linux-rockchip_armv8/packages/apk-aarch64_generic/kmod-usb-serial/postrm";
if [ -n "" ]; then echo  > /workspaces/openwrt-radxa-rock5b-plus/openwrt/build_dir/target-aarch64_generic_musl/linux-rockchip_armv8/packages/ipkg-aarch64_generic/kmod-usb-serial/lib/apk/packages/kmod-usb-serial.rusers; fi;
if [ -n "" ]; then echo  > /workspaces/openwrt-radxa-rock5b-plus/openwrt/build_dir/target-aarch64_generic_musl/linux-rockchip_armv8/packages/ipkg-aarch64_generic/kmod-usb-serial/lib/apk/packages/kmod-usb-serial.alternatives; fi;
(cd /workspaces/openwrt-radxa-rock5b-plus/openwrt/build_dir/target-aarch64_generic_musl/linux-rockchip_armv8/packages/ipkg-aarch64_generic/kmod-usb-serial && find . -type f,l -printf "/%P\n" | sort > /workspaces/openwrt-radxa-rock5b-plus/openwrt/tmp/kmod-usb-serial.list && mv /workspaces/openwrt-radxa-rock5b-plus/openwrt/tmp/kmod-usb-serial.list /workspaces/openwrt-radxa-rock5b-plus/openwrt/build_dir/target-aarch64_generic_musl/linux-rockchip_armv8/packages/ipkg-aarch64_generic/kmod-usb-serial/lib/apk/packages/kmod-usb-serial.list)
# Move conffiles to IDIR and build conffiles_static with csums
if [ -f /workspaces/openwrt-radxa-rock5b-plus/openwrt/build_dir/target-aarch64_generic_musl/linux-rockchip_armv8/packages/apk-aarch64_generic/kmod-usb-serial/conffiles ]; then mv -f /workspaces/openwrt-radxa-rock5b-plus/openwrt/build_dir/target-aarch64_generic_musl/linux-rockchip_armv8/packages/apk-aarch64_generic/kmod-usb-serial/conffiles /workspaces/openwrt-radxa-rock5b-plus/openwrt/build_dir/target-aarch64_generic_musl/linux-rockchip_armv8/packages/ipkg-aarch64_generic/kmod-usb-serial/lib/apk/packages/kmod-usb-serial.conffiles; for file in $(cat /workspaces/openwrt-radxa-rock5b-plus/openwrt/build_dir/target-aarch64_generic_musl/linux-rockchip_armv8/packages/ipkg-aarch64_generic/kmod-usb-serial/lib/apk/packages/kmod-usb-serial.conffiles); do [ -f /workspaces/openwrt-radxa-rock5b-plus/openwrt/build_dir/target-aarch64_generic_musl/linux-rockchip_armv8/packages/ipkg-aarch64_generic/kmod-usb-serial/$file ] || continue; csum=$(/workspaces/openwrt-radxa-rock5b-plus/openwrt/staging_dir/host/bin/mkhash sha256 /workspaces/openwrt-radxa-rock5b-plus/openwrt/build_dir/target-aarch64_generic_musl/linux-rockchip_armv8/packages/ipkg-aarch64_generic/kmod-usb-serial/$file); echo $file $csum >> /workspaces/openwrt-radxa-rock5b-plus/openwrt/build_dir/target-aarch64_generic_musl/linux-rockchip_armv8/packages/ipkg-aarch64_generic/kmod-usb-serial/lib/apk/packages/kmod-usb-serial.conffiles_static; done; fi
# Some package (base-files) manually append stuff to conffiles
# Append stuff from it and delete the CONTROL directory since everything else should be migrated
if [ -f /workspaces/openwrt-radxa-rock5b-plus/openwrt/build_dir/target-aarch64_generic_musl/linux-rockchip_armv8/packages/ipkg-aarch64_generic/kmod-usb-serial/CONTROL/conffiles ]; then echo $(IDIR_kmod-usb-serial)/CONTROL/conffiles >> /workspaces/openwrt-radxa-rock5b-plus/openwrt/build_dir/target-aarch64_generic_musl/linux-rockchip_armv8/packages/ipkg-aarch64_generic/kmod-usb-serial/lib/apk/packages/kmod-usb-serial.conffiles; for file in $(cat /workspaces/openwrt-radxa-rock5b-plus/openwrt/build_dir/target-aarch64_generic_musl/linux-rockchip_armv8/packages/ipkg-aarch64_generic/kmod-usb-serial/CONTROL/conffiles); do [ -f /workspaces/openwrt-radxa-rock5b-plus/openwrt/build_dir/target-aarch64_generic_musl/linux-rockchip_armv8/packages/ipkg-aarch64_generic/kmod-usb-serial/$file ] || continue; csum=$(/workspaces/openwrt-radxa-rock5b-plus/openwrt/staging_dir/host/bin/mkhash sha256 /workspaces/openwrt-radxa-rock5b-plus/openwrt/build_dir/target-aarch64_generic_musl/linux-rockchip_armv8/packages/ipkg-aarch64_generic/kmod-usb-serial/$file); echo $file $csum >> /workspaces/openwrt-radxa-rock5b-plus/openwrt/build_dir/target-aarch64_generic_musl/linux-rockchip_armv8/packages/ipkg-aarch64_generic/kmod-usb-serial/lib/apk/packages/kmod-usb-serial.conffiles_static; done; rm -rf /workspaces/openwrt-radxa-rock5b-plus/openwrt/build_dir/target-aarch64_generic_musl/linux-rockchip_armv8/packages/ipkg-aarch64_generic/kmod-usb-serial/CONTROL/conffiles; fi
if [ -z "$(ls -A /workspaces/openwrt-radxa-rock5b-plus/openwrt/build_dir/target-aarch64_generic_musl/linux-rockchip_armv8/packages/ipkg-aarch64_generic/kmod-usb-serial/CONTROL 2>/dev/null)" ]; then rm -rf /workspaces/openwrt-radxa-rock5b-plus/openwrt/build_dir/target-aarch64_generic_musl/linux-rockchip_armv8/packages/ipkg-aarch64_generic/kmod-usb-serial/CONTROL; else echo "CONTROL directory /workspaces/openwrt-radxa-rock5b-plus/openwrt/build_dir/target-aarch64_generic_musl/linux-rockchip_armv8/packages/ipkg-aarch64_generic/kmod-usb-serial/CONTROL is not empty! This is not right and should be checked!" >&2; exit 1; fi
/workspaces/openwrt-radxa-rock5b-plus/openwrt/staging_dir/host/bin/fakeroot /workspaces/openwrt-radxa-rock5b-plus/openwrt/staging_dir/host/bin/apk mkpkg --info "name:kmod-usb-serial" --info "version:6.12.45-r1"  --info "description:Kernel support for USB-to-Serial converters" --info "arch:aarch64_generic" --info "license:GPL-2.0-only" --info "origin:feeds/base/kernel/linux" --info "url:" --info "maintainer:" --info "provides:"  --script "post-install:/workspaces/openwrt-radxa-rock5b-plus/openwrt/build_dir/target-aarch64_generic_musl/linux-rockchip_armv8/packages/apk-aarch64_generic/kmod-usb-serial/post-install" --script "post-upgrade:/workspaces/openwrt-radxa-rock5b-plus/openwrt/build_dir/target-aarch64_generic_musl/linux-rockchip_armv8/packages/apk-aarch64_generic/kmod-usb-serial/post-upgrade" --script "pre-deinstall:/workspaces/openwrt-radxa-rock5b-plus/openwrt/build_dir/target-aarch64_generic_musl/linux-rockchip_armv8/packages/apk-aarch64_generic/kmod-usb-serial/pre-deinstall" --info "depends:kernel=6.12.45~bfdb4691414eb2d33b0186227f6f0e2d-r1 kmod-usb-core" --files "/workspaces/openwrt-radxa-rock5b-plus/openwrt/build_dir/target-aarch64_generic_musl/linux-rockchip_armv8/packages/ipkg-aarch64_generic/kmod-usb-serial" --output "/workspaces/openwrt-radxa-rock5b-plus/openwrt/bin/targets/rockchip/armv8/packages/kmod-usb-serial-6.12.45-r1.apk" --sign "/workspaces/openwrt-radxa-rock5b-plus/openwrt/private-key.pem"
[ -f /workspaces/openwrt-radxa-rock5b-plus/openwrt/bin/targets/rockchip/armv8/packages/kmod-usb-serial-6.12.45-r1.apk ]
removed '/workspaces/openwrt-radxa-rock5b-plus/openwrt/bin/targets/rockchip/armv8/packages/kmod-usb-serial-6.12.45-r1.apk'
rstrip.sh: /workspaces/openwrt-radxa-rock5b-plus/openwrt/build_dir/target-aarch64_generic_musl/linux-rockchip_armv8/packages/ipkg-aarch64_generic/kmod-usb-serial/lib/modules/6.12.45/usbserial.ko: relocatable
rm -rf /workspaces/openwrt-radxa-rock5b-plus/openwrt/build_dir/target-aarch64_generic_musl/linux-rockchip_armv8/packages/ipkg-aarch64_generic/kmod-usb-serial-wwan
/workspaces/openwrt-radxa-rock5b-plus/openwrt/scripts/ipkg-remove kmod-usb-serial-wwan /workspaces/openwrt-radxa-rock5b-plus/openwrt/bin/targets/rockchip/armv8/packages/kmod-usb-serial-wwan-6.12.45-r1.apk
mkdir -p /workspaces/openwrt-radxa-rock5b-plus/openwrt/bin/targets/rockchip/armv8/packages /workspaces/openwrt-radxa-rock5b-plus/openwrt/build_dir/target-aarch64_generic_musl/linux-rockchip_armv8/packages/ipkg-aarch64_generic/kmod-usb-serial-wwan /workspaces/openwrt-radxa-rock5b-plus/openwrt/staging_dir/target-aarch64_generic_musl/pkginfo
for mod in /workspaces/openwrt-radxa-rock5b-plus/openwrt/build_dir/target-aarch64_generic_musl/linux-rockchip_armv8/linux-6.12.45/drivers/usb/serial/usb_wwan.ko; do if grep -q "${mod##/workspaces/openwrt-radxa-rock5b-plus/openwrt/build_dir/target-aarch64_generic_musl/linux-rockchip_armv8/linux-6.12.45/}" "/workspaces/openwrt-radxa-rock5b-plus/openwrt/build_dir/target-aarch64_generic_musl/linux-rockchip_armv8/linux-6.12.45/modules.builtin"; then echo "NOTICE: module '$mod' is built-in."; elif [ -e $mod ]; then mkdir -p /workspaces/openwrt-radxa-rock5b-plus/openwrt/build_dir/target-aarch64_generic_musl/linux-rockchip_armv8/packages/ipkg-aarch64_generic/kmod-usb-serial-wwan/lib/modules/6.12.45 ; cp -fpR -L $mod /workspaces/openwrt-radxa-rock5b-plus/openwrt/build_dir/target-aarch64_generic_musl/linux-rockchip_armv8/packages/ipkg-aarch64_generic/kmod-usb-serial-wwan/lib/modules/6.12.45/ ; else echo "ERROR: module '$mod' is missing." >&2; exit 1; fi; done;
mkdir -p /workspaces/openwrt-radxa-rock5b-plus/openwrt/build_dir/target-aarch64_generic_musl/linux-rockchip_armv8/packages/ipkg-aarch64_generic/kmod-usb-serial-wwan/etc/modules.d; ( echo "usb_wwan"; ) > /workspaces/openwrt-radxa-rock5b-plus/openwrt/build_dir/target-aarch64_generic_musl/linux-rockchip_armv8/packages/ipkg-aarch64_generic/kmod-usb-serial-wwan/etc/modules.d/usb-serial-wwan; 



find /workspaces/openwrt-radxa-rock5b-plus/openwrt/build_dir/target-aarch64_generic_musl/linux-rockchip_armv8/packages/ipkg-aarch64_generic/kmod-usb-serial-wwan -name 'CVS' -o -name '.svn' -o -name '.#*' -o -name '*~'| xargs -r rm -rf
( find /workspaces/openwrt-radxa-rock5b-plus/openwrt/build_dir/target-aarch64_generic_musl/linux-rockchip_armv8/packages/ipkg-aarch64_generic/kmod-usb-serial-wwan -name lib\*.so\* -or -name \*.ko | awk -F/ '{ print $NF }'; for file in /workspaces/openwrt-radxa-rock5b-plus/openwrt/staging_dir/target-aarch64_generic_musl/pkginfo/kmod-usb-serial.provides; do if [ -f "$file" ]; then cat $file; fi; done;  ) | sort -u > /workspaces/openwrt-radxa-rock5b-plus/openwrt/staging_dir/target-aarch64_generic_musl/pkginfo/kmod-usb-serial-wwan.provides

( rm -f /workspaces/openwrt-radxa-rock5b-plus/openwrt/staging_dir/target-aarch64_generic_musl/pkginfo/kmod-usb-serial-wwan.missing; ( export READELF=aarch64-openwrt-linux-musl-readelf OBJCOPY=aarch64-openwrt-linux-musl-objcopy XARGS="xargs -r"; /workspaces/openwrt-radxa-rock5b-plus/openwrt/scripts/gen-dependencies.sh "/workspaces/openwrt-radxa-rock5b-plus/openwrt/build_dir/target-aarch64_generic_musl/linux-rockchip_armv8/packages/ipkg-aarch64_generic/kmod-usb-serial-wwan"; ) | while read FILE; do grep -qxF "$FILE" /workspaces/openwrt-radxa-rock5b-plus/openwrt/staging_dir/target-aarch64_generic_musl/pkginfo/kmod-usb-serial-wwan.provides || echo "$FILE" >> /workspaces/openwrt-radxa-rock5b-plus/openwrt/staging_dir/target-aarch64_generic_musl/pkginfo/kmod-usb-serial-wwan.missing; done; if [ -f "/workspaces/openwrt-radxa-rock5b-plus/openwrt/staging_dir/target-aarch64_generic_musl/pkginfo/kmod-usb-serial-wwan.missing" ]; then echo "Package kmod-usb-serial-wwan is missing dependencies for the following libraries:" >&2; cat "/workspaces/openwrt-radxa-rock5b-plus/openwrt/staging_dir/target-aarch64_generic_musl/pkginfo/kmod-usb-serial-wwan.missing" >&2; false; fi; )
export CROSS="aarch64-openwrt-linux-musl-"  NO_RENAME=1 ; NM="aarch64-openwrt-linux-musl-nm" STRIP="/workspaces/openwrt-radxa-rock5b-plus/openwrt/staging_dir/host/bin/sstrip -z" STRIP_KMOD="/workspaces/openwrt-radxa-rock5b-plus/openwrt/scripts/strip-kmod.sh" PATCHELF="/workspaces/openwrt-radxa-rock5b-plus/openwrt/staging_dir/host/bin/patchelf" /workspaces/openwrt-radxa-rock5b-plus/openwrt/scripts/rstrip.sh /workspaces/openwrt-radxa-rock5b-plus/openwrt/build_dir/target-aarch64_generic_musl/linux-rockchip_armv8/packages/ipkg-aarch64_generic/kmod-usb-serial-wwan
install -d -m0755 /workspaces/openwrt-radxa-rock5b-plus/openwrt/bin/targets/rockchip/armv8/packages/tmp
mkdir -p /workspaces/openwrt-radxa-rock5b-plus/openwrt/build_dir/target-aarch64_generic_musl/linux-rockchip_armv8/packages/apk-aarch64_generic/kmod-usb-serial-wwan/
mkdir -p /workspaces/openwrt-radxa-rock5b-plus/openwrt/build_dir/target-aarch64_generic_musl/linux-rockchip_armv8/packages/ipkg-aarch64_generic/kmod-usb-serial-wwan/lib/apk/packages/
(cd /workspaces/openwrt-radxa-rock5b-plus/openwrt/build_dir/target-aarch64_generic_musl/linux-rockchip_armv8/packages/apk-aarch64_generic/kmod-usb-serial-wwan; )
( echo "#!/bin/sh"; echo "[ \"\${IPKG_NO_SCRIPT}\" = \"1\" ] && exit 0"; echo "[ -s "\${IPKG_INSTROOT}/lib/functions.sh" ] || exit 0"; echo ". \${IPKG_INSTROOT}/lib/functions.sh"; echo 'export root="${IPKG_INSTROOT}"'; echo 'export pkgname="kmod-usb-serial-wwan"'; echo "add_group_and_user"; echo "default_postinst"; [ ! -f /workspaces/openwrt-radxa-rock5b-plus/openwrt/build_dir/target-aarch64_generic_musl/linux-rockchip_armv8/packages/apk-aarch64_generic/kmod-usb-serial-wwan/postinst-pkg ] || sed -z 's/^\s*#!/#!/' "/workspaces/openwrt-radxa-rock5b-plus/openwrt/build_dir/target-aarch64_generic_musl/linux-rockchip_armv8/packages/apk-aarch64_generic/kmod-usb-serial-wwan/postinst-pkg"; ) > /workspaces/openwrt-radxa-rock5b-plus/openwrt/build_dir/target-aarch64_generic_musl/linux-rockchip_armv8/packages/apk-aarch64_generic/kmod-usb-serial-wwan/post-install;
( echo "#!/bin/sh"; echo 'export PKG_UPGRADE=1'; [ ! -f /workspaces/openwrt-radxa-rock5b-plus/openwrt/build_dir/target-aarch64_generic_musl/linux-rockchip_armv8/packages/apk-aarch64_generic/kmod-usb-serial-wwan/post-install ] || sed -z 's/^\s*#!/#!/' "/workspaces/openwrt-radxa-rock5b-plus/openwrt/build_dir/target-aarch64_generic_musl/linux-rockchip_armv8/packages/apk-aarch64_generic/kmod-usb-serial-wwan/post-install"; ) > /workspaces/openwrt-radxa-rock5b-plus/openwrt/build_dir/target-aarch64_generic_musl/linux-rockchip_armv8/packages/apk-aarch64_generic/kmod-usb-serial-wwan/post-upgrade;
( echo "#!/bin/sh"; echo "[ -s "\${IPKG_INSTROOT}/lib/functions.sh" ] || exit 0"; echo ". \${IPKG_INSTROOT}/lib/functions.sh"; echo 'export root="${IPKG_INSTROOT}"'; echo 'export pkgname="kmod-usb-serial-wwan"'; echo "default_prerm"; [ ! -f /workspaces/openwrt-radxa-rock5b-plus/openwrt/build_dir/target-aarch64_generic_musl/linux-rockchip_armv8/packages/apk-aarch64_generic/kmod-usb-serial-wwan/prerm-pkg ] || sed -z 's/^\s*#!/#!/' "/workspaces/openwrt-radxa-rock5b-plus/openwrt/build_dir/target-aarch64_generic_musl/linux-rockchip_armv8/packages/apk-aarch64_generic/kmod-usb-serial-wwan/prerm-pkg"; ) > /workspaces/openwrt-radxa-rock5b-plus/openwrt/build_dir/target-aarch64_generic_musl/linux-rockchip_armv8/packages/apk-aarch64_generic/kmod-usb-serial-wwan/pre-deinstall;
[ ! -f /workspaces/openwrt-radxa-rock5b-plus/openwrt/build_dir/target-aarch64_generic_musl/linux-rockchip_armv8/packages/apk-aarch64_generic/kmod-usb-serial-wwan/postrm ] || sed -zi 's/^\s*#!/#!/' "/workspaces/openwrt-radxa-rock5b-plus/openwrt/build_dir/target-aarch64_generic_musl/linux-rockchip_armv8/packages/apk-aarch64_generic/kmod-usb-serial-wwan/postrm";
if [ -n "" ]; then echo  > /workspaces/openwrt-radxa-rock5b-plus/openwrt/build_dir/target-aarch64_generic_musl/linux-rockchip_armv8/packages/ipkg-aarch64_generic/kmod-usb-serial-wwan/lib/apk/packages/kmod-usb-serial-wwan.rusers; fi;
if [ -n "" ]; then echo  > /workspaces/openwrt-radxa-rock5b-plus/openwrt/build_dir/target-aarch64_generic_musl/linux-rockchip_armv8/packages/ipkg-aarch64_generic/kmod-usb-serial-wwan/lib/apk/packages/kmod-usb-serial-wwan.alternatives; fi;
(cd /workspaces/openwrt-radxa-rock5b-plus/openwrt/build_dir/target-aarch64_generic_musl/linux-rockchip_armv8/packages/ipkg-aarch64_generic/kmod-usb-serial-wwan && find . -type f,l -printf "/%P\n" | sort > /workspaces/openwrt-radxa-rock5b-plus/openwrt/tmp/kmod-usb-serial-wwan.list && mv /workspaces/openwrt-radxa-rock5b-plus/openwrt/tmp/kmod-usb-serial-wwan.list /workspaces/openwrt-radxa-rock5b-plus/openwrt/build_dir/target-aarch64_generic_musl/linux-rockchip_armv8/packages/ipkg-aarch64_generic/kmod-usb-serial-wwan/lib/apk/packages/kmod-usb-serial-wwan.list)
# Move conffiles to IDIR and build conffiles_static with csums
if [ -f /workspaces/openwrt-radxa-rock5b-plus/openwrt/build_dir/target-aarch64_generic_musl/linux-rockchip_armv8/packages/apk-aarch64_generic/kmod-usb-serial-wwan/conffiles ]; then mv -f /workspaces/openwrt-radxa-rock5b-plus/openwrt/build_dir/target-aarch64_generic_musl/linux-rockchip_armv8/packages/apk-aarch64_generic/kmod-usb-serial-wwan/conffiles /workspaces/openwrt-radxa-rock5b-plus/openwrt/build_dir/target-aarch64_generic_musl/linux-rockchip_armv8/packages/ipkg-aarch64_generic/kmod-usb-serial-wwan/lib/apk/packages/kmod-usb-serial-wwan.conffiles; for file in $(cat /workspaces/openwrt-radxa-rock5b-plus/openwrt/build_dir/target-aarch64_generic_musl/linux-rockchip_armv8/packages/ipkg-aarch64_generic/kmod-usb-serial-wwan/lib/apk/packages/kmod-usb-serial-wwan.conffiles); do [ -f /workspaces/openwrt-radxa-rock5b-plus/openwrt/build_dir/target-aarch64_generic_musl/linux-rockchip_armv8/packages/ipkg-aarch64_generic/kmod-usb-serial-wwan/$file ] || continue; csum=$(/workspaces/openwrt-radxa-rock5b-plus/openwrt/staging_dir/host/bin/mkhash sha256 /workspaces/openwrt-radxa-rock5b-plus/openwrt/build_dir/target-aarch64_generic_musl/linux-rockchip_armv8/packages/ipkg-aarch64_generic/kmod-usb-serial-wwan/$file); echo $file $csum >> /workspaces/openwrt-radxa-rock5b-plus/openwrt/build_dir/target-aarch64_generic_musl/linux-rockchip_armv8/packages/ipkg-aarch64_generic/kmod-usb-serial-wwan/lib/apk/packages/kmod-usb-serial-wwan.conffiles_static; done; fi
# Some package (base-files) manually append stuff to conffiles
# Append stuff from it and delete the CONTROL directory since everything else should be migrated
if [ -f /workspaces/openwrt-radxa-rock5b-plus/openwrt/build_dir/target-aarch64_generic_musl/linux-rockchip_armv8/packages/ipkg-aarch64_generic/kmod-usb-serial-wwan/CONTROL/conffiles ]; then echo $(IDIR_kmod-usb-serial-wwan)/CONTROL/conffiles >> /workspaces/openwrt-radxa-rock5b-plus/openwrt/build_dir/target-aarch64_generic_musl/linux-rockchip_armv8/packages/ipkg-aarch64_generic/kmod-usb-serial-wwan/lib/apk/packages/kmod-usb-serial-wwan.conffiles; for file in $(cat /workspaces/openwrt-radxa-rock5b-plus/openwrt/build_dir/target-aarch64_generic_musl/linux-rockchip_armv8/packages/ipkg-aarch64_generic/kmod-usb-serial-wwan/CONTROL/conffiles); do [ -f /workspaces/openwrt-radxa-rock5b-plus/openwrt/build_dir/target-aarch64_generic_musl/linux-rockchip_armv8/packages/ipkg-aarch64_generic/kmod-usb-serial-wwan/$file ] || continue; csum=$(/workspaces/openwrt-radxa-rock5b-plus/openwrt/staging_dir/host/bin/mkhash sha256 /workspaces/openwrt-radxa-rock5b-plus/openwrt/build_dir/target-aarch64_generic_musl/linux-rockchip_armv8/packages/ipkg-aarch64_generic/kmod-usb-serial-wwan/$file); echo $file $csum >> /workspaces/openwrt-radxa-rock5b-plus/openwrt/build_dir/target-aarch64_generic_musl/linux-rockchip_armv8/packages/ipkg-aarch64_generic/kmod-usb-serial-wwan/lib/apk/packages/kmod-usb-serial-wwan.conffiles_static; done; rm -rf /workspaces/openwrt-radxa-rock5b-plus/openwrt/build_dir/target-aarch64_generic_musl/linux-rockchip_armv8/packages/ipkg-aarch64_generic/kmod-usb-serial-wwan/CONTROL/conffiles; fi
if [ -z "$(ls -A /workspaces/openwrt-radxa-rock5b-plus/openwrt/build_dir/target-aarch64_generic_musl/linux-rockchip_armv8/packages/ipkg-aarch64_generic/kmod-usb-serial-wwan/CONTROL 2>/dev/null)" ]; then rm -rf /workspaces/openwrt-radxa-rock5b-plus/openwrt/build_dir/target-aarch64_generic_musl/linux-rockchip_armv8/packages/ipkg-aarch64_generic/kmod-usb-serial-wwan/CONTROL; else echo "CONTROL directory /workspaces/openwrt-radxa-rock5b-plus/openwrt/build_dir/target-aarch64_generic_musl/linux-rockchip_armv8/packages/ipkg-aarch64_generic/kmod-usb-serial-wwan/CONTROL is not empty! This is not right and should be checked!" >&2; exit 1; fi
/workspaces/openwrt-radxa-rock5b-plus/openwrt/staging_dir/host/bin/fakeroot /workspaces/openwrt-radxa-rock5b-plus/openwrt/staging_dir/host/bin/apk mkpkg --info "name:kmod-usb-serial-wwan" --info "version:6.12.45-r1"  --info "description:Kernel support for USB GSM and CDMA modems" --info "arch:aarch64_generic" --info "license:GPL-2.0-only" --info "origin:feeds/base/kernel/linux" --info "url:" --info "maintainer:" --info "provides:"  --script "post-install:/workspaces/openwrt-radxa-rock5b-plus/openwrt/build_dir/target-aarch64_generic_musl/linux-rockchip_armv8/packages/apk-aarch64_generic/kmod-usb-serial-wwan/post-install" --script "post-upgrade:/workspaces/openwrt-radxa-rock5b-plus/openwrt/build_dir/target-aarch64_generic_musl/linux-rockchip_armv8/packages/apk-aarch64_generic/kmod-usb-serial-wwan/post-upgrade" --script "pre-deinstall:/workspaces/openwrt-radxa-rock5b-plus/openwrt/build_dir/target-aarch64_generic_musl/linux-rockchip_armv8/packages/apk-aarch64_generic/kmod-usb-serial-wwan/pre-deinstall" --info "depends:kernel=6.12.45~bfdb4691414eb2d33b0186227f6f0e2d-r1 kmod-usb-serial" --files "/workspaces/openwrt-radxa-rock5b-plus/openwrt/build_dir/target-aarch64_generic_musl/linux-rockchip_armv8/packages/ipkg-aarch64_generic/kmod-usb-serial-wwan" --output "/workspaces/openwrt-radxa-rock5b-plus/openwrt/bin/targets/rockchip/armv8/packages/kmod-usb-serial-wwan-6.12.45-r1.apk" --sign "/workspaces/openwrt-radxa-rock5b-plus/openwrt/private-key.pem"
[ -f /workspaces/openwrt-radxa-rock5b-plus/openwrt/bin/targets/rockchip/armv8/packages/kmod-usb-serial-wwan-6.12.45-r1.apk ]
removed '/workspaces/openwrt-radxa-rock5b-plus/openwrt/bin/targets/rockchip/armv8/packages/kmod-usb-serial-wwan-6.12.45-r1.apk'
rstrip.sh: /workspaces/openwrt-radxa-rock5b-plus/openwrt/build_dir/target-aarch64_generic_musl/linux-rockchip_armv8/packages/ipkg-aarch64_generic/kmod-usb-serial-wwan/lib/modules/6.12.45/usb_wwan.ko: relocatable
rm -rf /workspaces/openwrt-radxa-rock5b-plus/openwrt/build_dir/target-aarch64_generic_musl/linux-rockchip_armv8/packages/ipkg-aarch64_generic/kmod-usb-serial-option
/workspaces/openwrt-radxa-rock5b-plus/openwrt/scripts/ipkg-remove kmod-usb-serial-option /workspaces/openwrt-radxa-rock5b-plus/openwrt/bin/targets/rockchip/armv8/packages/kmod-usb-serial-option-6.12.45-r1.apk
mkdir -p /workspaces/openwrt-radxa-rock5b-plus/openwrt/bin/targets/rockchip/armv8/packages /workspaces/openwrt-radxa-rock5b-plus/openwrt/build_dir/target-aarch64_generic_musl/linux-rockchip_armv8/packages/ipkg-aarch64_generic/kmod-usb-serial-option /workspaces/openwrt-radxa-rock5b-plus/openwrt/staging_dir/target-aarch64_generic_musl/pkginfo
for mod in /workspaces/openwrt-radxa-rock5b-plus/openwrt/build_dir/target-aarch64_generic_musl/linux-rockchip_armv8/linux-6.12.45/drivers/usb/serial/option.ko; do if grep -q "${mod##/workspaces/openwrt-radxa-rock5b-plus/openwrt/build_dir/target-aarch64_generic_musl/linux-rockchip_armv8/linux-6.12.45/}" "/workspaces/openwrt-radxa-rock5b-plus/openwrt/build_dir/target-aarch64_generic_musl/linux-rockchip_armv8/linux-6.12.45/modules.builtin"; then echo "NOTICE: module '$mod' is built-in."; elif [ -e $mod ]; then mkdir -p /workspaces/openwrt-radxa-rock5b-plus/openwrt/build_dir/target-aarch64_generic_musl/linux-rockchip_armv8/packages/ipkg-aarch64_generic/kmod-usb-serial-option/lib/modules/6.12.45 ; cp -fpR -L $mod /workspaces/openwrt-radxa-rock5b-plus/openwrt/build_dir/target-aarch64_generic_musl/linux-rockchip_armv8/packages/ipkg-aarch64_generic/kmod-usb-serial-option/lib/modules/6.12.45/ ; else echo "ERROR: module '$mod' is missing." >&2; exit 1; fi; done;
mkdir -p /workspaces/openwrt-radxa-rock5b-plus/openwrt/build_dir/target-aarch64_generic_musl/linux-rockchip_armv8/packages/ipkg-aarch64_generic/kmod-usb-serial-option/etc/modules.d; ( echo "option"; ) > /workspaces/openwrt-radxa-rock5b-plus/openwrt/build_dir/target-aarch64_generic_musl/linux-rockchip_armv8/packages/ipkg-aarch64_generic/kmod-usb-serial-option/etc/modules.d/usb-serial-option; 



find /workspaces/openwrt-radxa-rock5b-plus/openwrt/build_dir/target-aarch64_generic_musl/linux-rockchip_armv8/packages/ipkg-aarch64_generic/kmod-usb-serial-option -name 'CVS' -o -name '.svn' -o -name '.#*' -o -name '*~'| xargs -r rm -rf
( find /workspaces/openwrt-radxa-rock5b-plus/openwrt/build_dir/target-aarch64_generic_musl/linux-rockchip_armv8/packages/ipkg-aarch64_generic/kmod-usb-serial-option -name lib\*.so\* -or -name \*.ko | awk -F/ '{ print $NF }'; for file in /workspaces/openwrt-radxa-rock5b-plus/openwrt/staging_dir/target-aarch64_generic_musl/pkginfo/kmod-usb-serial.provides /workspaces/openwrt-radxa-rock5b-plus/openwrt/staging_dir/target-aarch64_generic_musl/pkginfo/kmod-usb-serial-wwan.provides; do if [ -f "$file" ]; then cat $file; fi; done;  ) | sort -u > /workspaces/openwrt-radxa-rock5b-plus/openwrt/staging_dir/target-aarch64_generic_musl/pkginfo/kmod-usb-serial-option.provides

( rm -f /workspaces/openwrt-radxa-rock5b-plus/openwrt/staging_dir/target-aarch64_generic_musl/pkginfo/kmod-usb-serial-option.missing; ( export READELF=aarch64-openwrt-linux-musl-readelf OBJCOPY=aarch64-openwrt-linux-musl-objcopy XARGS="xargs -r"; /workspaces/openwrt-radxa-rock5b-plus/openwrt/scripts/gen-dependencies.sh "/workspaces/openwrt-radxa-rock5b-plus/openwrt/build_dir/target-aarch64_generic_musl/linux-rockchip_armv8/packages/ipkg-aarch64_generic/kmod-usb-serial-option"; ) | while read FILE; do grep -qxF "$FILE" /workspaces/openwrt-radxa-rock5b-plus/openwrt/staging_dir/target-aarch64_generic_musl/pkginfo/kmod-usb-serial-option.provides || echo "$FILE" >> /workspaces/openwrt-radxa-rock5b-plus/openwrt/staging_dir/target-aarch64_generic_musl/pkginfo/kmod-usb-serial-option.missing; done; if [ -f "/workspaces/openwrt-radxa-rock5b-plus/openwrt/staging_dir/target-aarch64_generic_musl/pkginfo/kmod-usb-serial-option.missing" ]; then echo "Package kmod-usb-serial-option is missing dependencies for the following libraries:" >&2; cat "/workspaces/openwrt-radxa-rock5b-plus/openwrt/staging_dir/target-aarch64_generic_musl/pkginfo/kmod-usb-serial-option.missing" >&2; false; fi; )
export CROSS="aarch64-openwrt-linux-musl-"  NO_RENAME=1 ; NM="aarch64-openwrt-linux-musl-nm" STRIP="/workspaces/openwrt-radxa-rock5b-plus/openwrt/staging_dir/host/bin/sstrip -z" STRIP_KMOD="/workspaces/openwrt-radxa-rock5b-plus/openwrt/scripts/strip-kmod.sh" PATCHELF="/workspaces/openwrt-radxa-rock5b-plus/openwrt/staging_dir/host/bin/patchelf" /workspaces/openwrt-radxa-rock5b-plus/openwrt/scripts/rstrip.sh /workspaces/openwrt-radxa-rock5b-plus/openwrt/build_dir/target-aarch64_generic_musl/linux-rockchip_armv8/packages/ipkg-aarch64_generic/kmod-usb-serial-option
install -d -m0755 /workspaces/openwrt-radxa-rock5b-plus/openwrt/bin/targets/rockchip/armv8/packages/tmp
mkdir -p /workspaces/openwrt-radxa-rock5b-plus/openwrt/build_dir/target-aarch64_generic_musl/linux-rockchip_armv8/packages/apk-aarch64_generic/kmod-usb-serial-option/
mkdir -p /workspaces/openwrt-radxa-rock5b-plus/openwrt/build_dir/target-aarch64_generic_musl/linux-rockchip_armv8/packages/ipkg-aarch64_generic/kmod-usb-serial-option/lib/apk/packages/
(cd /workspaces/openwrt-radxa-rock5b-plus/openwrt/build_dir/target-aarch64_generic_musl/linux-rockchip_armv8/packages/apk-aarch64_generic/kmod-usb-serial-option; )
( echo "#!/bin/sh"; echo "[ \"\${IPKG_NO_SCRIPT}\" = \"1\" ] && exit 0"; echo "[ -s "\${IPKG_INSTROOT}/lib/functions.sh" ] || exit 0"; echo ". \${IPKG_INSTROOT}/lib/functions.sh"; echo 'export root="${IPKG_INSTROOT}"'; echo 'export pkgname="kmod-usb-serial-option"'; echo "add_group_and_user"; echo "default_postinst"; [ ! -f /workspaces/openwrt-radxa-rock5b-plus/openwrt/build_dir/target-aarch64_generic_musl/linux-rockchip_armv8/packages/apk-aarch64_generic/kmod-usb-serial-option/postinst-pkg ] || sed -z 's/^\s*#!/#!/' "/workspaces/openwrt-radxa-rock5b-plus/openwrt/build_dir/target-aarch64_generic_musl/linux-rockchip_armv8/packages/apk-aarch64_generic/kmod-usb-serial-option/postinst-pkg"; ) > /workspaces/openwrt-radxa-rock5b-plus/openwrt/build_dir/target-aarch64_generic_musl/linux-rockchip_armv8/packages/apk-aarch64_generic/kmod-usb-serial-option/post-install;
( echo "#!/bin/sh"; echo 'export PKG_UPGRADE=1'; [ ! -f /workspaces/openwrt-radxa-rock5b-plus/openwrt/build_dir/target-aarch64_generic_musl/linux-rockchip_armv8/packages/apk-aarch64_generic/kmod-usb-serial-option/post-install ] || sed -z 's/^\s*#!/#!/' "/workspaces/openwrt-radxa-rock5b-plus/openwrt/build_dir/target-aarch64_generic_musl/linux-rockchip_armv8/packages/apk-aarch64_generic/kmod-usb-serial-option/post-install"; ) > /workspaces/openwrt-radxa-rock5b-plus/openwrt/build_dir/target-aarch64_generic_musl/linux-rockchip_armv8/packages/apk-aarch64_generic/kmod-usb-serial-option/post-upgrade;
( echo "#!/bin/sh"; echo "[ -s "\${IPKG_INSTROOT}/lib/functions.sh" ] || exit 0"; echo ". \${IPKG_INSTROOT}/lib/functions.sh"; echo 'export root="${IPKG_INSTROOT}"'; echo 'export pkgname="kmod-usb-serial-option"'; echo "default_prerm"; [ ! -f /workspaces/openwrt-radxa-rock5b-plus/openwrt/build_dir/target-aarch64_generic_musl/linux-rockchip_armv8/packages/apk-aarch64_generic/kmod-usb-serial-option/prerm-pkg ] || sed -z 's/^\s*#!/#!/' "/workspaces/openwrt-radxa-rock5b-plus/openwrt/build_dir/target-aarch64_generic_musl/linux-rockchip_armv8/packages/apk-aarch64_generic/kmod-usb-serial-option/prerm-pkg"; ) > /workspaces/openwrt-radxa-rock5b-plus/openwrt/build_dir/target-aarch64_generic_musl/linux-rockchip_armv8/packages/apk-aarch64_generic/kmod-usb-serial-option/pre-deinstall;
[ ! -f /workspaces/openwrt-radxa-rock5b-plus/openwrt/build_dir/target-aarch64_generic_musl/linux-rockchip_armv8/packages/apk-aarch64_generic/kmod-usb-serial-option/postrm ] || sed -zi 's/^\s*#!/#!/' "/workspaces/openwrt-radxa-rock5b-plus/openwrt/build_dir/target-aarch64_generic_musl/linux-rockchip_armv8/packages/apk-aarch64_generic/kmod-usb-serial-option/postrm";
if [ -n "" ]; then echo  > /workspaces/openwrt-radxa-rock5b-plus/openwrt/build_dir/target-aarch64_generic_musl/linux-rockchip_armv8/packages/ipkg-aarch64_generic/kmod-usb-serial-option/lib/apk/packages/kmod-usb-serial-option.rusers; fi;
if [ -n "" ]; then echo  > /workspaces/openwrt-radxa-rock5b-plus/openwrt/build_dir/target-aarch64_generic_musl/linux-rockchip_armv8/packages/ipkg-aarch64_generic/kmod-usb-serial-option/lib/apk/packages/kmod-usb-serial-option.alternatives; fi;
(cd /workspaces/openwrt-radxa-rock5b-plus/openwrt/build_dir/target-aarch64_generic_musl/linux-rockchip_armv8/packages/ipkg-aarch64_generic/kmod-usb-serial-option && find . -type f,l -printf "/%P\n" | sort > /workspaces/openwrt-radxa-rock5b-plus/openwrt/tmp/kmod-usb-serial-option.list && mv /workspaces/openwrt-radxa-rock5b-plus/openwrt/tmp/kmod-usb-serial-option.list /workspaces/openwrt-radxa-rock5b-plus/openwrt/build_dir/target-aarch64_generic_musl/linux-rockchip_armv8/packages/ipkg-aarch64_generic/kmod-usb-serial-option/lib/apk/packages/kmod-usb-serial-option.list)
# Move conffiles to IDIR and build conffiles_static with csums
if [ -f /workspaces/openwrt-radxa-rock5b-plus/openwrt/build_dir/target-aarch64_generic_musl/linux-rockchip_armv8/packages/apk-aarch64_generic/kmod-usb-serial-option/conffiles ]; then mv -f /workspaces/openwrt-radxa-rock5b-plus/openwrt/build_dir/target-aarch64_generic_musl/linux-rockchip_armv8/packages/apk-aarch64_generic/kmod-usb-serial-option/conffiles /workspaces/openwrt-radxa-rock5b-plus/openwrt/build_dir/target-aarch64_generic_musl/linux-rockchip_armv8/packages/ipkg-aarch64_generic/kmod-usb-serial-option/lib/apk/packages/kmod-usb-serial-option.conffiles; for file in $(cat /workspaces/openwrt-radxa-rock5b-plus/openwrt/build_dir/target-aarch64_generic_musl/linux-rockchip_armv8/packages/ipkg-aarch64_generic/kmod-usb-serial-option/lib/apk/packages/kmod-usb-serial-option.conffiles); do [ -f /workspaces/openwrt-radxa-rock5b-plus/openwrt/build_dir/target-aarch64_generic_musl/linux-rockchip_armv8/packages/ipkg-aarch64_generic/kmod-usb-serial-option/$file ] || continue; csum=$(/workspaces/openwrt-radxa-rock5b-plus/openwrt/staging_dir/host/bin/mkhash sha256 /workspaces/openwrt-radxa-rock5b-plus/openwrt/build_dir/target-aarch64_generic_musl/linux-rockchip_armv8/packages/ipkg-aarch64_generic/kmod-usb-serial-option/$file); echo $file $csum >> /workspaces/openwrt-radxa-rock5b-plus/openwrt/build_dir/target-aarch64_generic_musl/linux-rockchip_armv8/packages/ipkg-aarch64_generic/kmod-usb-serial-option/lib/apk/packages/kmod-usb-serial-option.conffiles_static; done; fi
# Some package (base-files) manually append stuff to conffiles
# Append stuff from it and delete the CONTROL directory since everything else should be migrated
if [ -f /workspaces/openwrt-radxa-rock5b-plus/openwrt/build_dir/target-aarch64_generic_musl/linux-rockchip_armv8/packages/ipkg-aarch64_generic/kmod-usb-serial-option/CONTROL/conffiles ]; then echo $(IDIR_kmod-usb-serial-option)/CONTROL/conffiles >> /workspaces/openwrt-radxa-rock5b-plus/openwrt/build_dir/target-aarch64_generic_musl/linux-rockchip_armv8/packages/ipkg-aarch64_generic/kmod-usb-serial-option/lib/apk/packages/kmod-usb-serial-option.conffiles; for file in $(cat /workspaces/openwrt-radxa-rock5b-plus/openwrt/build_dir/target-aarch64_generic_musl/linux-rockchip_armv8/packages/ipkg-aarch64_generic/kmod-usb-serial-option/CONTROL/conffiles); do [ -f /workspaces/openwrt-radxa-rock5b-plus/openwrt/build_dir/target-aarch64_generic_musl/linux-rockchip_armv8/packages/ipkg-aarch64_generic/kmod-usb-serial-option/$file ] || continue; csum=$(/workspaces/openwrt-radxa-rock5b-plus/openwrt/staging_dir/host/bin/mkhash sha256 /workspaces/openwrt-radxa-rock5b-plus/openwrt/build_dir/target-aarch64_generic_musl/linux-rockchip_armv8/packages/ipkg-aarch64_generic/kmod-usb-serial-option/$file); echo $file $csum >> /workspaces/openwrt-radxa-rock5b-plus/openwrt/build_dir/target-aarch64_generic_musl/linux-rockchip_armv8/packages/ipkg-aarch64_generic/kmod-usb-serial-option/lib/apk/packages/kmod-usb-serial-option.conffiles_static; done; rm -rf /workspaces/openwrt-radxa-rock5b-plus/openwrt/build_dir/target-aarch64_generic_musl/linux-rockchip_armv8/packages/ipkg-aarch64_generic/kmod-usb-serial-option/CONTROL/conffiles; fi
if [ -z "$(ls -A /workspaces/openwrt-radxa-rock5b-plus/openwrt/build_dir/target-aarch64_generic_musl/linux-rockchip_armv8/packages/ipkg-aarch64_generic/kmod-usb-serial-option/CONTROL 2>/dev/null)" ]; then rm -rf /workspaces/openwrt-radxa-rock5b-plus/openwrt/build_dir/target-aarch64_generic_musl/linux-rockchip_armv8/packages/ipkg-aarch64_generic/kmod-usb-serial-option/CONTROL; else echo "CONTROL directory /workspaces/openwrt-radxa-rock5b-plus/openwrt/build_dir/target-aarch64_generic_musl/linux-rockchip_armv8/packages/ipkg-aarch64_generic/kmod-usb-serial-option/CONTROL is not empty! This is not right and should be checked!" >&2; exit 1; fi
/workspaces/openwrt-radxa-rock5b-plus/openwrt/staging_dir/host/bin/fakeroot /workspaces/openwrt-radxa-rock5b-plus/openwrt/staging_dir/host/bin/apk mkpkg --info "name:kmod-usb-serial-option" --info "version:6.12.45-r1"  --info "description:Kernel support for Option HSDPA modems" --info "arch:aarch64_generic" --info "license:GPL-2.0-only" --info "origin:feeds/base/kernel/linux" --info "url:" --info "maintainer:" --info "provides:"  --script "post-install:/workspaces/openwrt-radxa-rock5b-plus/openwrt/build_dir/target-aarch64_generic_musl/linux-rockchip_armv8/packages/apk-aarch64_generic/kmod-usb-serial-option/post-install" --script "post-upgrade:/workspaces/openwrt-radxa-rock5b-plus/openwrt/build_dir/target-aarch64_generic_musl/linux-rockchip_armv8/packages/apk-aarch64_generic/kmod-usb-serial-option/post-upgrade" --script "pre-deinstall:/workspaces/openwrt-radxa-rock5b-plus/openwrt/build_dir/target-aarch64_generic_musl/linux-rockchip_armv8/packages/apk-aarch64_generic/kmod-usb-serial-option/pre-deinstall" --info "depends:kernel=6.12.45~bfdb4691414eb2d33b0186227f6f0e2d-r1 kmod-usb-serial kmod-usb-serial-wwan" --files "/workspaces/openwrt-radxa-rock5b-plus/openwrt/build_dir/target-aarch64_generic_musl/linux-rockchip_armv8/packages/ipkg-aarch64_generic/kmod-usb-serial-option" --output "/workspaces/openwrt-radxa-rock5b-plus/openwrt/bin/targets/rockchip/armv8/packages/kmod-usb-serial-option-6.12.45-r1.apk" --sign "/workspaces/openwrt-radxa-rock5b-plus/openwrt/private-key.pem"
[ -f /workspaces/openwrt-radxa-rock5b-plus/openwrt/bin/targets/rockchip/armv8/packages/kmod-usb-serial-option-6.12.45-r1.apk ]
removed '/workspaces/openwrt-radxa-rock5b-plus/openwrt/bin/targets/rockchip/armv8/packages/kmod-usb-serial-option-6.12.45-r1.apk'
mkdir -p /workspaces/openwrt-radxa-rock5b-plus/openwrt/staging_dir/target-aarch64_generic_musl/root-rockchip/stamp
SHELL= flock /workspaces/openwrt-radxa-rock5b-plus/openwrt/tmp/.root-copy.flock -c 'cp -fpR /workspaces/openwrt-radxa-rock5b-plus/openwrt/build_dir/target-aarch64_generic_musl/usign-2020.05.23~f1f65026/.pkgdir/usign/. /workspaces/openwrt-radxa-rock5b-plus/openwrt/staging_dir/target-aarch64_generic_musl/root-rockchip/'
touch /workspaces/openwrt-radxa-rock5b-plus/openwrt/staging_dir/target-aarch64_generic_musl/root-rockchip/stamp/.usign_installed
echo "usign" >> /workspaces/openwrt-radxa-rock5b-plus/openwrt/staging_dir/target-aarch64_generic_musl/pkginfo/usign.default.install
rstrip.sh: /workspaces/openwrt-radxa-rock5b-plus/openwrt/build_dir/target-aarch64_generic_musl/linux-rockchip_armv8/packages/ipkg-aarch64_generic/kmod-usb-serial-option/lib/modules/6.12.45/option.ko: relocatable
make[3]: Leaving directory '/workspaces/openwrt-radxa-rock5b-plus/openwrt/package/system/usign'
time: package/system/usign/compile#0.25#0.14#0.76
make[3]: Entering directory '/workspaces/openwrt-radxa-rock5b-plus/openwrt/package/boot/uboot-rockchip'
rm -rf /workspaces/openwrt-radxa-rock5b-plus/openwrt/build_dir/target-aarch64_generic_musl/linux-rockchip_armv8/packages/ipkg-aarch64_generic/kmod-usb-storage
/workspaces/openwrt-radxa-rock5b-plus/openwrt/scripts/ipkg-remove kmod-usb-storage /workspaces/openwrt-radxa-rock5b-plus/openwrt/bin/targets/rockchip/armv8/packages/kmod-usb-storage-6.12.45-r1.apk /workspaces/openwrt-radxa-rock5b-plus/openwrt/bin/targets/rockchip/armv8/packages/kmod-usb-storage-uas-6.12.45-r1.apk
mkdir -p /workspaces/openwrt-radxa-rock5b-plus/openwrt/bin/targets/rockchip/armv8/packages /workspaces/openwrt-radxa-rock5b-plus/openwrt/build_dir/target-aarch64_generic_musl/linux-rockchip_armv8/packages/ipkg-aarch64_generic/kmod-usb-storage /workspaces/openwrt-radxa-rock5b-plus/openwrt/staging_dir/target-aarch64_generic_musl/pkginfo
for mod in /workspaces/openwrt-radxa-rock5b-plus/openwrt/build_dir/target-aarch64_generic_musl/linux-rockchip_armv8/linux-6.12.45/drivers/usb/storage/usb-storage.ko; do if grep -q "${mod##/workspaces/openwrt-radxa-rock5b-plus/openwrt/build_dir/target-aarch64_generic_musl/linux-rockchip_armv8/linux-6.12.45/}" "/workspaces/openwrt-radxa-rock5b-plus/openwrt/build_dir/target-aarch64_generic_musl/linux-rockchip_armv8/linux-6.12.45/modules.builtin"; then echo "NOTICE: module '$mod' is built-in."; elif [ -e $mod ]; then mkdir -p /workspaces/openwrt-radxa-rock5b-plus/openwrt/build_dir/target-aarch64_generic_musl/linux-rockchip_armv8/packages/ipkg-aarch64_generic/kmod-usb-storage/lib/modules/6.12.45 ; cp -fpR -L $mod /workspaces/openwrt-radxa-rock5b-plus/openwrt/build_dir/target-aarch64_generic_musl/linux-rockchip_armv8/packages/ipkg-aarch64_generic/kmod-usb-storage/lib/modules/6.12.45/ ; else echo "ERROR: module '$mod' is missing." >&2; exit 1; fi; done;
mkdir -p /workspaces/openwrt-radxa-rock5b-plus/openwrt/build_dir/target-aarch64_generic_musl/linux-rockchip_armv8/packages/ipkg-aarch64_generic/kmod-usb-storage/etc/modules.d; ( echo "usb-storage"; ) > /workspaces/openwrt-radxa-rock5b-plus/openwrt/build_dir/target-aarch64_generic_musl/linux-rockchip_armv8/packages/ipkg-aarch64_generic/kmod-usb-storage/etc/modules.d/usb-storage;  mkdir -p /workspaces/openwrt-radxa-rock5b-plus/openwrt/build_dir/target-aarch64_generic_musl/linux-rockchip_armv8/packages/ipkg-aarch64_generic/kmod-usb-storage/etc/modules-boot.d; ln -sf ../modules.d/usb-storage /workspaces/openwrt-radxa-rock5b-plus/openwrt/build_dir/target-aarch64_generic_musl/linux-rockchip_armv8/packages/ipkg-aarch64_generic/kmod-usb-storage/etc/modules-boot.d/;



find /workspaces/openwrt-radxa-rock5b-plus/openwrt/build_dir/target-aarch64_generic_musl/linux-rockchip_armv8/packages/ipkg-aarch64_generic/kmod-usb-storage -name 'CVS' -o -name '.svn' -o -name '.#*' -o -name '*~'| xargs -r rm -rf
( find /workspaces/openwrt-radxa-rock5b-plus/openwrt/build_dir/target-aarch64_generic_musl/linux-rockchip_armv8/packages/ipkg-aarch64_generic/kmod-usb-storage -name lib\*.so\* -or -name \*.ko | awk -F/ '{ print $NF }'; for file in /workspaces/openwrt-radxa-rock5b-plus/openwrt/staging_dir/target-aarch64_generic_musl/pkginfo/kmod-scsi-core.provides /workspaces/openwrt-radxa-rock5b-plus/openwrt/staging_dir/target-aarch64_generic_musl/pkginfo/kmod-usb-core.provides; do if [ -f "$file" ]; then cat $file; fi; done;  ) | sort -u > /workspaces/openwrt-radxa-rock5b-plus/openwrt/staging_dir/target-aarch64_generic_musl/pkginfo/kmod-usb-storage.provides

( rm -f /workspaces/openwrt-radxa-rock5b-plus/openwrt/staging_dir/target-aarch64_generic_musl/pkginfo/kmod-usb-storage.missing; ( export READELF=aarch64-openwrt-linux-musl-readelf OBJCOPY=aarch64-openwrt-linux-musl-objcopy XARGS="xargs -r"; /workspaces/openwrt-radxa-rock5b-plus/openwrt/scripts/gen-dependencies.sh "/workspaces/openwrt-radxa-rock5b-plus/openwrt/build_dir/target-aarch64_generic_musl/linux-rockchip_armv8/packages/ipkg-aarch64_generic/kmod-usb-storage"; ) | while read FILE; do grep -qxF "$FILE" /workspaces/openwrt-radxa-rock5b-plus/openwrt/staging_dir/target-aarch64_generic_musl/pkginfo/kmod-usb-storage.provides || echo "$FILE" >> /workspaces/openwrt-radxa-rock5b-plus/openwrt/staging_dir/target-aarch64_generic_musl/pkginfo/kmod-usb-storage.missing; done; if [ -f "/workspaces/openwrt-radxa-rock5b-plus/openwrt/staging_dir/target-aarch64_generic_musl/pkginfo/kmod-usb-storage.missing" ]; then echo "Package kmod-usb-storage is missing dependencies for the following libraries:" >&2; cat "/workspaces/openwrt-radxa-rock5b-plus/openwrt/staging_dir/target-aarch64_generic_musl/pkginfo/kmod-usb-storage.missing" >&2; false; fi; )
export CROSS="aarch64-openwrt-linux-musl-"  NO_RENAME=1 ; NM="aarch64-openwrt-linux-musl-nm" STRIP="/workspaces/openwrt-radxa-rock5b-plus/openwrt/staging_dir/host/bin/sstrip -z" STRIP_KMOD="/workspaces/openwrt-radxa-rock5b-plus/openwrt/scripts/strip-kmod.sh" PATCHELF="/workspaces/openwrt-radxa-rock5b-plus/openwrt/staging_dir/host/bin/patchelf" /workspaces/openwrt-radxa-rock5b-plus/openwrt/scripts/rstrip.sh /workspaces/openwrt-radxa-rock5b-plus/openwrt/build_dir/target-aarch64_generic_musl/linux-rockchip_armv8/packages/ipkg-aarch64_generic/kmod-usb-storage
install -d -m0755 /workspaces/openwrt-radxa-rock5b-plus/openwrt/bin/targets/rockchip/armv8/packages/tmp
mkdir -p /workspaces/openwrt-radxa-rock5b-plus/openwrt/build_dir/target-aarch64_generic_musl/linux-rockchip_armv8/packages/apk-aarch64_generic/kmod-usb-storage/
mkdir -p /workspaces/openwrt-radxa-rock5b-plus/openwrt/build_dir/target-aarch64_generic_musl/linux-rockchip_armv8/packages/ipkg-aarch64_generic/kmod-usb-storage/lib/apk/packages/
(cd /workspaces/openwrt-radxa-rock5b-plus/openwrt/build_dir/target-aarch64_generic_musl/linux-rockchip_armv8/packages/apk-aarch64_generic/kmod-usb-storage; )
( echo "#!/bin/sh"; echo "[ \"\${IPKG_NO_SCRIPT}\" = \"1\" ] && exit 0"; echo "[ -s "\${IPKG_INSTROOT}/lib/functions.sh" ] || exit 0"; echo ". \${IPKG_INSTROOT}/lib/functions.sh"; echo 'export root="${IPKG_INSTROOT}"'; echo 'export pkgname="kmod-usb-storage"'; echo "add_group_and_user"; echo "default_postinst"; [ ! -f /workspaces/openwrt-radxa-rock5b-plus/openwrt/build_dir/target-aarch64_generic_musl/linux-rockchip_armv8/packages/apk-aarch64_generic/kmod-usb-storage/postinst-pkg ] || sed -z 's/^\s*#!/#!/' "/workspaces/openwrt-radxa-rock5b-plus/openwrt/build_dir/target-aarch64_generic_musl/linux-rockchip_armv8/packages/apk-aarch64_generic/kmod-usb-storage/postinst-pkg"; ) > /workspaces/openwrt-radxa-rock5b-plus/openwrt/build_dir/target-aarch64_generic_musl/linux-rockchip_armv8/packages/apk-aarch64_generic/kmod-usb-storage/post-install;
( echo "#!/bin/sh"; echo 'export PKG_UPGRADE=1'; [ ! -f /workspaces/openwrt-radxa-rock5b-plus/openwrt/build_dir/target-aarch64_generic_musl/linux-rockchip_armv8/packages/apk-aarch64_generic/kmod-usb-storage/post-install ] || sed -z 's/^\s*#!/#!/' "/workspaces/openwrt-radxa-rock5b-plus/openwrt/build_dir/target-aarch64_generic_musl/linux-rockchip_armv8/packages/apk-aarch64_generic/kmod-usb-storage/post-install"; ) > /workspaces/openwrt-radxa-rock5b-plus/openwrt/build_dir/target-aarch64_generic_musl/linux-rockchip_armv8/packages/apk-aarch64_generic/kmod-usb-storage/post-upgrade;
( echo "#!/bin/sh"; echo "[ -s "\${IPKG_INSTROOT}/lib/functions.sh" ] || exit 0"; echo ". \${IPKG_INSTROOT}/lib/functions.sh"; echo 'export root="${IPKG_INSTROOT}"'; echo 'export pkgname="kmod-usb-storage"'; echo "default_prerm"; [ ! -f /workspaces/openwrt-radxa-rock5b-plus/openwrt/build_dir/target-aarch64_generic_musl/linux-rockchip_armv8/packages/apk-aarch64_generic/kmod-usb-storage/prerm-pkg ] || sed -z 's/^\s*#!/#!/' "/workspaces/openwrt-radxa-rock5b-plus/openwrt/build_dir/target-aarch64_generic_musl/linux-rockchip_armv8/packages/apk-aarch64_generic/kmod-usb-storage/prerm-pkg"; ) > /workspaces/openwrt-radxa-rock5b-plus/openwrt/build_dir/target-aarch64_generic_musl/linux-rockchip_armv8/packages/apk-aarch64_generic/kmod-usb-storage/pre-deinstall;
[ ! -f /workspaces/openwrt-radxa-rock5b-plus/openwrt/build_dir/target-aarch64_generic_musl/linux-rockchip_armv8/packages/apk-aarch64_generic/kmod-usb-storage/postrm ] || sed -zi 's/^\s*#!/#!/' "/workspaces/openwrt-radxa-rock5b-plus/openwrt/build_dir/target-aarch64_generic_musl/linux-rockchip_armv8/packages/apk-aarch64_generic/kmod-usb-storage/postrm";
if [ -n "" ]; then echo  > /workspaces/openwrt-radxa-rock5b-plus/openwrt/build_dir/target-aarch64_generic_musl/linux-rockchip_armv8/packages/ipkg-aarch64_generic/kmod-usb-storage/lib/apk/packages/kmod-usb-storage.rusers; fi;
if [ -n "" ]; then echo  > /workspaces/openwrt-radxa-rock5b-plus/openwrt/build_dir/target-aarch64_generic_musl/linux-rockchip_armv8/packages/ipkg-aarch64_generic/kmod-usb-storage/lib/apk/packages/kmod-usb-storage.alternatives; fi;
(cd /workspaces/openwrt-radxa-rock5b-plus/openwrt/build_dir/target-aarch64_generic_musl/linux-rockchip_armv8/packages/ipkg-aarch64_generic/kmod-usb-storage && find . -type f,l -printf "/%P\n" | sort > /workspaces/openwrt-radxa-rock5b-plus/openwrt/tmp/kmod-usb-storage.list && mv /workspaces/openwrt-radxa-rock5b-plus/openwrt/tmp/kmod-usb-storage.list /workspaces/openwrt-radxa-rock5b-plus/openwrt/build_dir/target-aarch64_generic_musl/linux-rockchip_armv8/packages/ipkg-aarch64_generic/kmod-usb-storage/lib/apk/packages/kmod-usb-storage.list)
# Move conffiles to IDIR and build conffiles_static with csums
if [ -f /workspaces/openwrt-radxa-rock5b-plus/openwrt/build_dir/target-aarch64_generic_musl/linux-rockchip_armv8/packages/apk-aarch64_generic/kmod-usb-storage/conffiles ]; then mv -f /workspaces/openwrt-radxa-rock5b-plus/openwrt/build_dir/target-aarch64_generic_musl/linux-rockchip_armv8/packages/apk-aarch64_generic/kmod-usb-storage/conffiles /workspaces/openwrt-radxa-rock5b-plus/openwrt/build_dir/target-aarch64_generic_musl/linux-rockchip_armv8/packages/ipkg-aarch64_generic/kmod-usb-storage/lib/apk/packages/kmod-usb-storage.conffiles; for file in $(cat /workspaces/openwrt-radxa-rock5b-plus/openwrt/build_dir/target-aarch64_generic_musl/linux-rockchip_armv8/packages/ipkg-aarch64_generic/kmod-usb-storage/lib/apk/packages/kmod-usb-storage.conffiles); do [ -f /workspaces/openwrt-radxa-rock5b-plus/openwrt/build_dir/target-aarch64_generic_musl/linux-rockchip_armv8/packages/ipkg-aarch64_generic/kmod-usb-storage/$file ] || continue; csum=$(/workspaces/openwrt-radxa-rock5b-plus/openwrt/staging_dir/host/bin/mkhash sha256 /workspaces/openwrt-radxa-rock5b-plus/openwrt/build_dir/target-aarch64_generic_musl/linux-rockchip_armv8/packages/ipkg-aarch64_generic/kmod-usb-storage/$file); echo $file $csum >> /workspaces/openwrt-radxa-rock5b-plus/openwrt/build_dir/target-aarch64_generic_musl/linux-rockchip_armv8/packages/ipkg-aarch64_generic/kmod-usb-storage/lib/apk/packages/kmod-usb-storage.conffiles_static; done; fi
# Some package (base-files) manually append stuff to conffiles
# Append stuff from it and delete the CONTROL directory since everything else should be migrated
if [ -f /workspaces/openwrt-radxa-rock5b-plus/openwrt/build_dir/target-aarch64_generic_musl/linux-rockchip_armv8/packages/ipkg-aarch64_generic/kmod-usb-storage/CONTROL/conffiles ]; then echo $(IDIR_kmod-usb-storage)/CONTROL/conffiles >> /workspaces/openwrt-radxa-rock5b-plus/openwrt/build_dir/target-aarch64_generic_musl/linux-rockchip_armv8/packages/ipkg-aarch64_generic/kmod-usb-storage/lib/apk/packages/kmod-usb-storage.conffiles; for file in $(cat /workspaces/openwrt-radxa-rock5b-plus/openwrt/build_dir/target-aarch64_generic_musl/linux-rockchip_armv8/packages/ipkg-aarch64_generic/kmod-usb-storage/CONTROL/conffiles); do [ -f /workspaces/openwrt-radxa-rock5b-plus/openwrt/build_dir/target-aarch64_generic_musl/linux-rockchip_armv8/packages/ipkg-aarch64_generic/kmod-usb-storage/$file ] || continue; csum=$(/workspaces/openwrt-radxa-rock5b-plus/openwrt/staging_dir/host/bin/mkhash sha256 /workspaces/openwrt-radxa-rock5b-plus/openwrt/build_dir/target-aarch64_generic_musl/linux-rockchip_armv8/packages/ipkg-aarch64_generic/kmod-usb-storage/$file); echo $file $csum >> /workspaces/openwrt-radxa-rock5b-plus/openwrt/build_dir/target-aarch64_generic_musl/linux-rockchip_armv8/packages/ipkg-aarch64_generic/kmod-usb-storage/lib/apk/packages/kmod-usb-storage.conffiles_static; done; rm -rf /workspaces/openwrt-radxa-rock5b-plus/openwrt/build_dir/target-aarch64_generic_musl/linux-rockchip_armv8/packages/ipkg-aarch64_generic/kmod-usb-storage/CONTROL/conffiles; fi
if [ -z "$(ls -A /workspaces/openwrt-radxa-rock5b-plus/openwrt/build_dir/target-aarch64_generic_musl/linux-rockchip_armv8/packages/ipkg-aarch64_generic/kmod-usb-storage/CONTROL 2>/dev/null)" ]; then rm -rf /workspaces/openwrt-radxa-rock5b-plus/openwrt/build_dir/target-aarch64_generic_musl/linux-rockchip_armv8/packages/ipkg-aarch64_generic/kmod-usb-storage/CONTROL; else echo "CONTROL directory /workspaces/openwrt-radxa-rock5b-plus/openwrt/build_dir/target-aarch64_generic_musl/linux-rockchip_armv8/packages/ipkg-aarch64_generic/kmod-usb-storage/CONTROL is not empty! This is not right and should be checked!" >&2; exit 1; fi
/workspaces/openwrt-radxa-rock5b-plus/openwrt/staging_dir/host/bin/fakeroot /workspaces/openwrt-radxa-rock5b-plus/openwrt/staging_dir/host/bin/apk mkpkg --info "name:kmod-usb-storage" --info "version:6.12.45-r1"  --info "description:Kernel support for USB Mass Storage devices" --info "arch:aarch64_generic" --info "license:GPL-2.0-only" --info "origin:feeds/base/kernel/linux" --info "url:" --info "maintainer:" --info "provides:"  --script "post-install:/workspaces/openwrt-radxa-rock5b-plus/openwrt/build_dir/target-aarch64_generic_musl/linux-rockchip_armv8/packages/apk-aarch64_generic/kmod-usb-storage/post-install" --script "post-upgrade:/workspaces/openwrt-radxa-rock5b-plus/openwrt/build_dir/target-aarch64_generic_musl/linux-rockchip_armv8/packages/apk-aarch64_generic/kmod-usb-storage/post-upgrade" --script "pre-deinstall:/workspaces/openwrt-radxa-rock5b-plus/openwrt/build_dir/target-aarch64_generic_musl/linux-rockchip_armv8/packages/apk-aarch64_generic/kmod-usb-storage/pre-deinstall" --info "depends:kernel=6.12.45~bfdb4691414eb2d33b0186227f6f0e2d-r1 kmod-scsi-core kmod-usb-core" --files "/workspaces/openwrt-radxa-rock5b-plus/openwrt/build_dir/target-aarch64_generic_musl/linux-rockchip_armv8/packages/ipkg-aarch64_generic/kmod-usb-storage" --output "/workspaces/openwrt-radxa-rock5b-plus/openwrt/bin/targets/rockchip/armv8/packages/kmod-usb-storage-6.12.45-r1.apk" --sign "/workspaces/openwrt-radxa-rock5b-plus/openwrt/private-key.pem"
[ -f /workspaces/openwrt-radxa-rock5b-plus/openwrt/bin/targets/rockchip/armv8/packages/kmod-usb-storage-6.12.45-r1.apk ]
removed '/workspaces/openwrt-radxa-rock5b-plus/openwrt/bin/targets/rockchip/armv8/packages/kmod-usb-storage-6.12.45-r1.apk'
NOTICE: module '/workspaces/openwrt-radxa-rock5b-plus/openwrt/build_dir/target-aarch64_generic_musl/linux-rockchip_armv8/linux-6.12.45/drivers/usb/storage/usb-storage.ko' is built-in.
rm -rf /workspaces/openwrt-radxa-rock5b-plus/openwrt/build_dir/target-aarch64_generic_musl/linux-rockchip_armv8/packages/ipkg-aarch64_generic/kmod-usb-storage-uas
/workspaces/openwrt-radxa-rock5b-plus/openwrt/scripts/ipkg-remove kmod-usb-storage-uas /workspaces/openwrt-radxa-rock5b-plus/openwrt/bin/targets/rockchip/armv8/packages/kmod-usb-storage-uas-6.12.45-r1.apk
mkdir -p /workspaces/openwrt-radxa-rock5b-plus/openwrt/bin/targets/rockchip/armv8/packages /workspaces/openwrt-radxa-rock5b-plus/openwrt/build_dir/target-aarch64_generic_musl/linux-rockchip_armv8/packages/ipkg-aarch64_generic/kmod-usb-storage-uas /workspaces/openwrt-radxa-rock5b-plus/openwrt/staging_dir/target-aarch64_generic_musl/pkginfo
for mod in /workspaces/openwrt-radxa-rock5b-plus/openwrt/build_dir/target-aarch64_generic_musl/linux-rockchip_armv8/linux-6.12.45/drivers/usb/storage/uas.ko; do if grep -q "${mod##/workspaces/openwrt-radxa-rock5b-plus/openwrt/build_dir/target-aarch64_generic_musl/linux-rockchip_armv8/linux-6.12.45/}" "/workspaces/openwrt-radxa-rock5b-plus/openwrt/build_dir/target-aarch64_generic_musl/linux-rockchip_armv8/linux-6.12.45/modules.builtin"; then echo "NOTICE: module '$mod' is built-in."; elif [ -e $mod ]; then mkdir -p /workspaces/openwrt-radxa-rock5b-plus/openwrt/build_dir/target-aarch64_generic_musl/linux-rockchip_armv8/packages/ipkg-aarch64_generic/kmod-usb-storage-uas/lib/modules/6.12.45 ; cp -fpR -L $mod /workspaces/openwrt-radxa-rock5b-plus/openwrt/build_dir/target-aarch64_generic_musl/linux-rockchip_armv8/packages/ipkg-aarch64_generic/kmod-usb-storage-uas/lib/modules/6.12.45/ ; else echo "ERROR: module '$mod' is missing." >&2; exit 1; fi; done;
mkdir -p /workspaces/openwrt-radxa-rock5b-plus/openwrt/build_dir/target-aarch64_generic_musl/linux-rockchip_armv8/packages/ipkg-aarch64_generic/kmod-usb-storage-uas/etc/modules.d; ( echo "uas"; ) > /workspaces/openwrt-radxa-rock5b-plus/openwrt/build_dir/target-aarch64_generic_musl/linux-rockchip_armv8/packages/ipkg-aarch64_generic/kmod-usb-storage-uas/etc/modules.d/usb-storage-uas;  mkdir -p /workspaces/openwrt-radxa-rock5b-plus/openwrt/build_dir/target-aarch64_generic_musl/linux-rockchip_armv8/packages/ipkg-aarch64_generic/kmod-usb-storage-uas/etc/modules-boot.d; ln -sf ../modules.d/usb-storage-uas /workspaces/openwrt-radxa-rock5b-plus/openwrt/build_dir/target-aarch64_generic_musl/linux-rockchip_armv8/packages/ipkg-aarch64_generic/kmod-usb-storage-uas/etc/modules-boot.d/;



find /workspaces/openwrt-radxa-rock5b-plus/openwrt/build_dir/target-aarch64_generic_musl/linux-rockchip_armv8/packages/ipkg-aarch64_generic/kmod-usb-storage-uas -name 'CVS' -o -name '.svn' -o -name '.#*' -o -name '*~'| xargs -r rm -rf
( find /workspaces/openwrt-radxa-rock5b-plus/openwrt/build_dir/target-aarch64_generic_musl/linux-rockchip_armv8/packages/ipkg-aarch64_generic/kmod-usb-storage-uas -name lib\*.so\* -or -name \*.ko | awk -F/ '{ print $NF }'; for file in /workspaces/openwrt-radxa-rock5b-plus/openwrt/staging_dir/target-aarch64_generic_musl/pkginfo/kmod-usb-storage.provides; do if [ -f "$file" ]; then cat $file; fi; done;  ) | sort -u > /workspaces/openwrt-radxa-rock5b-plus/openwrt/staging_dir/target-aarch64_generic_musl/pkginfo/kmod-usb-storage-uas.provides

( rm -f /workspaces/openwrt-radxa-rock5b-plus/openwrt/staging_dir/target-aarch64_generic_musl/pkginfo/kmod-usb-storage-uas.missing; ( export READELF=aarch64-openwrt-linux-musl-readelf OBJCOPY=aarch64-openwrt-linux-musl-objcopy XARGS="xargs -r"; /workspaces/openwrt-radxa-rock5b-plus/openwrt/scripts/gen-dependencies.sh "/workspaces/openwrt-radxa-rock5b-plus/openwrt/build_dir/target-aarch64_generic_musl/linux-rockchip_armv8/packages/ipkg-aarch64_generic/kmod-usb-storage-uas"; ) | while read FILE; do grep -qxF "$FILE" /workspaces/openwrt-radxa-rock5b-plus/openwrt/staging_dir/target-aarch64_generic_musl/pkginfo/kmod-usb-storage-uas.provides || echo "$FILE" >> /workspaces/openwrt-radxa-rock5b-plus/openwrt/staging_dir/target-aarch64_generic_musl/pkginfo/kmod-usb-storage-uas.missing; done; if [ -f "/workspaces/openwrt-radxa-rock5b-plus/openwrt/staging_dir/target-aarch64_generic_musl/pkginfo/kmod-usb-storage-uas.missing" ]; then echo "Package kmod-usb-storage-uas is missing dependencies for the following libraries:" >&2; cat "/workspaces/openwrt-radxa-rock5b-plus/openwrt/staging_dir/target-aarch64_generic_musl/pkginfo/kmod-usb-storage-uas.missing" >&2; false; fi; )
export CROSS="aarch64-openwrt-linux-musl-"  NO_RENAME=1 ; NM="aarch64-openwrt-linux-musl-nm" STRIP="/workspaces/openwrt-radxa-rock5b-plus/openwrt/staging_dir/host/bin/sstrip -z" STRIP_KMOD="/workspaces/openwrt-radxa-rock5b-plus/openwrt/scripts/strip-kmod.sh" PATCHELF="/workspaces/openwrt-radxa-rock5b-plus/openwrt/staging_dir/host/bin/patchelf" /workspaces/openwrt-radxa-rock5b-plus/openwrt/scripts/rstrip.sh /workspaces/openwrt-radxa-rock5b-plus/openwrt/build_dir/target-aarch64_generic_musl/linux-rockchip_armv8/packages/ipkg-aarch64_generic/kmod-usb-storage-uas
install -d -m0755 /workspaces/openwrt-radxa-rock5b-plus/openwrt/bin/targets/rockchip/armv8/packages/tmp
mkdir -p /workspaces/openwrt-radxa-rock5b-plus/openwrt/build_dir/target-aarch64_generic_musl/linux-rockchip_armv8/packages/apk-aarch64_generic/kmod-usb-storage-uas/
mkdir -p /workspaces/openwrt-radxa-rock5b-plus/openwrt/build_dir/target-aarch64_generic_musl/linux-rockchip_armv8/packages/ipkg-aarch64_generic/kmod-usb-storage-uas/lib/apk/packages/
(cd /workspaces/openwrt-radxa-rock5b-plus/openwrt/build_dir/target-aarch64_generic_musl/linux-rockchip_armv8/packages/apk-aarch64_generic/kmod-usb-storage-uas; )
( echo "#!/bin/sh"; echo "[ \"\${IPKG_NO_SCRIPT}\" = \"1\" ] && exit 0"; echo "[ -s "\${IPKG_INSTROOT}/lib/functions.sh" ] || exit 0"; echo ". \${IPKG_INSTROOT}/lib/functions.sh"; echo 'export root="${IPKG_INSTROOT}"'; echo 'export pkgname="kmod-usb-storage-uas"'; echo "add_group_and_user"; echo "default_postinst"; [ ! -f /workspaces/openwrt-radxa-rock5b-plus/openwrt/build_dir/target-aarch64_generic_musl/linux-rockchip_armv8/packages/apk-aarch64_generic/kmod-usb-storage-uas/postinst-pkg ] || sed -z 's/^\s*#!/#!/' "/workspaces/openwrt-radxa-rock5b-plus/openwrt/build_dir/target-aarch64_generic_musl/linux-rockchip_armv8/packages/apk-aarch64_generic/kmod-usb-storage-uas/postinst-pkg"; ) > /workspaces/openwrt-radxa-rock5b-plus/openwrt/build_dir/target-aarch64_generic_musl/linux-rockchip_armv8/packages/apk-aarch64_generic/kmod-usb-storage-uas/post-install;
( echo "#!/bin/sh"; echo 'export PKG_UPGRADE=1'; [ ! -f /workspaces/openwrt-radxa-rock5b-plus/openwrt/build_dir/target-aarch64_generic_musl/linux-rockchip_armv8/packages/apk-aarch64_generic/kmod-usb-storage-uas/post-install ] || sed -z 's/^\s*#!/#!/' "/workspaces/openwrt-radxa-rock5b-plus/openwrt/build_dir/target-aarch64_generic_musl/linux-rockchip_armv8/packages/apk-aarch64_generic/kmod-usb-storage-uas/post-install"; ) > /workspaces/openwrt-radxa-rock5b-plus/openwrt/build_dir/target-aarch64_generic_musl/linux-rockchip_armv8/packages/apk-aarch64_generic/kmod-usb-storage-uas/post-upgrade;
( echo "#!/bin/sh"; echo "[ -s "\${IPKG_INSTROOT}/lib/functions.sh" ] || exit 0"; echo ". \${IPKG_INSTROOT}/lib/functions.sh"; echo 'export root="${IPKG_INSTROOT}"'; echo 'export pkgname="kmod-usb-storage-uas"'; echo "default_prerm"; [ ! -f /workspaces/openwrt-radxa-rock5b-plus/openwrt/build_dir/target-aarch64_generic_musl/linux-rockchip_armv8/packages/apk-aarch64_generic/kmod-usb-storage-uas/prerm-pkg ] || sed -z 's/^\s*#!/#!/' "/workspaces/openwrt-radxa-rock5b-plus/openwrt/build_dir/target-aarch64_generic_musl/linux-rockchip_armv8/packages/apk-aarch64_generic/kmod-usb-storage-uas/prerm-pkg"; ) > /workspaces/openwrt-radxa-rock5b-plus/openwrt/build_dir/target-aarch64_generic_musl/linux-rockchip_armv8/packages/apk-aarch64_generic/kmod-usb-storage-uas/pre-deinstall;
[ ! -f /workspaces/openwrt-radxa-rock5b-plus/openwrt/build_dir/target-aarch64_generic_musl/linux-rockchip_armv8/packages/apk-aarch64_generic/kmod-usb-storage-uas/postrm ] || sed -zi 's/^\s*#!/#!/' "/workspaces/openwrt-radxa-rock5b-plus/openwrt/build_dir/target-aarch64_generic_musl/linux-rockchip_armv8/packages/apk-aarch64_generic/kmod-usb-storage-uas/postrm";
if [ -n "" ]; then echo  > /workspaces/openwrt-radxa-rock5b-plus/openwrt/build_dir/target-aarch64_generic_musl/linux-rockchip_armv8/packages/ipkg-aarch64_generic/kmod-usb-storage-uas/lib/apk/packages/kmod-usb-storage-uas.rusers; fi;
if [ -n "" ]; then echo  > /workspaces/openwrt-radxa-rock5b-plus/openwrt/build_dir/target-aarch64_generic_musl/linux-rockchip_armv8/packages/ipkg-aarch64_generic/kmod-usb-storage-uas/lib/apk/packages/kmod-usb-storage-uas.alternatives; fi;
(cd /workspaces/openwrt-radxa-rock5b-plus/openwrt/build_dir/target-aarch64_generic_musl/linux-rockchip_armv8/packages/ipkg-aarch64_generic/kmod-usb-storage-uas && find . -type f,l -printf "/%P\n" | sort > /workspaces/openwrt-radxa-rock5b-plus/openwrt/tmp/kmod-usb-storage-uas.list && mv /workspaces/openwrt-radxa-rock5b-plus/openwrt/tmp/kmod-usb-storage-uas.list /workspaces/openwrt-radxa-rock5b-plus/openwrt/build_dir/target-aarch64_generic_musl/linux-rockchip_armv8/packages/ipkg-aarch64_generic/kmod-usb-storage-uas/lib/apk/packages/kmod-usb-storage-uas.list)
# Move conffiles to IDIR and build conffiles_static with csums
if [ -f /workspaces/openwrt-radxa-rock5b-plus/openwrt/build_dir/target-aarch64_generic_musl/linux-rockchip_armv8/packages/apk-aarch64_generic/kmod-usb-storage-uas/conffiles ]; then mv -f /workspaces/openwrt-radxa-rock5b-plus/openwrt/build_dir/target-aarch64_generic_musl/linux-rockchip_armv8/packages/apk-aarch64_generic/kmod-usb-storage-uas/conffiles /workspaces/openwrt-radxa-rock5b-plus/openwrt/build_dir/target-aarch64_generic_musl/linux-rockchip_armv8/packages/ipkg-aarch64_generic/kmod-usb-storage-uas/lib/apk/packages/kmod-usb-storage-uas.conffiles; for file in $(cat /workspaces/openwrt-radxa-rock5b-plus/openwrt/build_dir/target-aarch64_generic_musl/linux-rockchip_armv8/packages/ipkg-aarch64_generic/kmod-usb-storage-uas/lib/apk/packages/kmod-usb-storage-uas.conffiles); do [ -f /workspaces/openwrt-radxa-rock5b-plus/openwrt/build_dir/target-aarch64_generic_musl/linux-rockchip_armv8/packages/ipkg-aarch64_generic/kmod-usb-storage-uas/$file ] || continue; csum=$(/workspaces/openwrt-radxa-rock5b-plus/openwrt/staging_dir/host/bin/mkhash sha256 /workspaces/openwrt-radxa-rock5b-plus/openwrt/build_dir/target-aarch64_generic_musl/linux-rockchip_armv8/packages/ipkg-aarch64_generic/kmod-usb-storage-uas/$file); echo $file $csum >> /workspaces/openwrt-radxa-rock5b-plus/openwrt/build_dir/target-aarch64_generic_musl/linux-rockchip_armv8/packages/ipkg-aarch64_generic/kmod-usb-storage-uas/lib/apk/packages/kmod-usb-storage-uas.conffiles_static; done; fi
# Some package (base-files) manually append stuff to conffiles
# Append stuff from it and delete the CONTROL directory since everything else should be migrated
if [ -f /workspaces/openwrt-radxa-rock5b-plus/openwrt/build_dir/target-aarch64_generic_musl/linux-rockchip_armv8/packages/ipkg-aarch64_generic/kmod-usb-storage-uas/CONTROL/conffiles ]; then echo $(IDIR_kmod-usb-storage-uas)/CONTROL/conffiles >> /workspaces/openwrt-radxa-rock5b-plus/openwrt/build_dir/target-aarch64_generic_musl/linux-rockchip_armv8/packages/ipkg-aarch64_generic/kmod-usb-storage-uas/lib/apk/packages/kmod-usb-storage-uas.conffiles; for file in $(cat /workspaces/openwrt-radxa-rock5b-plus/openwrt/build_dir/target-aarch64_generic_musl/linux-rockchip_armv8/packages/ipkg-aarch64_generic/kmod-usb-storage-uas/CONTROL/conffiles); do [ -f /workspaces/openwrt-radxa-rock5b-plus/openwrt/build_dir/target-aarch64_generic_musl/linux-rockchip_armv8/packages/ipkg-aarch64_generic/kmod-usb-storage-uas/$file ] || continue; csum=$(/workspaces/openwrt-radxa-rock5b-plus/openwrt/staging_dir/host/bin/mkhash sha256 /workspaces/openwrt-radxa-rock5b-plus/openwrt/build_dir/target-aarch64_generic_musl/linux-rockchip_armv8/packages/ipkg-aarch64_generic/kmod-usb-storage-uas/$file); echo $file $csum >> /workspaces/openwrt-radxa-rock5b-plus/openwrt/build_dir/target-aarch64_generic_musl/linux-rockchip_armv8/packages/ipkg-aarch64_generic/kmod-usb-storage-uas/lib/apk/packages/kmod-usb-storage-uas.conffiles_static; done; rm -rf /workspaces/openwrt-radxa-rock5b-plus/openwrt/build_dir/target-aarch64_generic_musl/linux-rockchip_armv8/packages/ipkg-aarch64_generic/kmod-usb-storage-uas/CONTROL/conffiles; fi
if [ -z "$(ls -A /workspaces/openwrt-radxa-rock5b-plus/openwrt/build_dir/target-aarch64_generic_musl/linux-rockchip_armv8/packages/ipkg-aarch64_generic/kmod-usb-storage-uas/CONTROL 2>/dev/null)" ]; then rm -rf /workspaces/openwrt-radxa-rock5b-plus/openwrt/build_dir/target-aarch64_generic_musl/linux-rockchip_armv8/packages/ipkg-aarch64_generic/kmod-usb-storage-uas/CONTROL; else echo "CONTROL directory /workspaces/openwrt-radxa-rock5b-plus/openwrt/build_dir/target-aarch64_generic_musl/linux-rockchip_armv8/packages/ipkg-aarch64_generic/kmod-usb-storage-uas/CONTROL is not empty! This is not right and should be checked!" >&2; exit 1; fi
/workspaces/openwrt-radxa-rock5b-plus/openwrt/staging_dir/host/bin/fakeroot /workspaces/openwrt-radxa-rock5b-plus/openwrt/staging_dir/host/bin/apk mkpkg --info "name:kmod-usb-storage-uas" --info "version:6.12.45-r1"  --info "description:Say Y here if you want to include support for USB Attached SCSI (UAS/UASP), a higher performance protocol available on many newer USB 3.0 storage devices" --info "arch:aarch64_generic" --info "license:GPL-2.0-only" --info "origin:feeds/base/kernel/linux" --info "url:" --info "maintainer:" --info "provides:"  --script "post-install:/workspaces/openwrt-radxa-rock5b-plus/openwrt/build_dir/target-aarch64_generic_musl/linux-rockchip_armv8/packages/apk-aarch64_generic/kmod-usb-storage-uas/post-install" --script "post-upgrade:/workspaces/openwrt-radxa-rock5b-plus/openwrt/build_dir/target-aarch64_generic_musl/linux-rockchip_armv8/packages/apk-aarch64_generic/kmod-usb-storage-uas/post-upgrade" --script "pre-deinstall:/workspaces/openwrt-radxa-rock5b-plus/openwrt/build_dir/target-aarch64_generic_musl/linux-rockchip_armv8/packages/apk-aarch64_generic/kmod-usb-storage-uas/pre-deinstall" --info "depends:kernel=6.12.45~bfdb4691414eb2d33b0186227f6f0e2d-r1 kmod-usb-storage" --files "/workspaces/openwrt-radxa-rock5b-plus/openwrt/build_dir/target-aarch64_generic_musl/linux-rockchip_armv8/packages/ipkg-aarch64_generic/kmod-usb-storage-uas" --output "/workspaces/openwrt-radxa-rock5b-plus/openwrt/bin/targets/rockchip/armv8/packages/kmod-usb-storage-uas-6.12.45-r1.apk" --sign "/workspaces/openwrt-radxa-rock5b-plus/openwrt/private-key.pem"
[ -f /workspaces/openwrt-radxa-rock5b-plus/openwrt/bin/targets/rockchip/armv8/packages/kmod-usb-storage-uas-6.12.45-r1.apk ]
removed '/workspaces/openwrt-radxa-rock5b-plus/openwrt/bin/targets/rockchip/armv8/packages/kmod-usb-storage-uas-6.12.45-r1.apk'
rstrip.sh: /workspaces/openwrt-radxa-rock5b-plus/openwrt/build_dir/target-aarch64_generic_musl/linux-rockchip_armv8/packages/ipkg-aarch64_generic/kmod-usb-storage-uas/lib/modules/6.12.45/uas.ko: relocatable
rm -rf /workspaces/openwrt-radxa-rock5b-plus/openwrt/build_dir/target-aarch64_generic_musl/linux-rockchip_armv8/packages/ipkg-aarch64_generic/kmod-usb-net
/workspaces/openwrt-radxa-rock5b-plus/openwrt/scripts/ipkg-remove kmod-usb-net /workspaces/openwrt-radxa-rock5b-plus/openwrt/bin/targets/rockchip/armv8/packages/kmod-usb-net-6.12.45-r1.apk /workspaces/openwrt-radxa-rock5b-plus/openwrt/bin/targets/rockchip/armv8/packages/kmod-usb-net-asix-ax88179-6.12.45-r1.apk /workspaces/openwrt-radxa-rock5b-plus/openwrt/bin/targets/rockchip/armv8/packages/kmod-usb-net-cdc-ether-6.12.45-r1.apk /workspaces/openwrt-radxa-rock5b-plus/openwrt/bin/targets/rockchip/armv8/packages/kmod-usb-net-qmi-wwan-6.12.45-r1.apk /workspaces/openwrt-radxa-rock5b-plus/openwrt/bin/targets/rockchip/armv8/packages/kmod-usb-net-rtl8152-6.12.45-r1.apk
mkdir -p /workspaces/openwrt-radxa-rock5b-plus/openwrt/bin/targets/rockchip/armv8/packages /workspaces/openwrt-radxa-rock5b-plus/openwrt/build_dir/target-aarch64_generic_musl/linux-rockchip_armv8/packages/ipkg-aarch64_generic/kmod-usb-net /workspaces/openwrt-radxa-rock5b-plus/openwrt/staging_dir/target-aarch64_generic_musl/pkginfo
for mod in /workspaces/openwrt-radxa-rock5b-plus/openwrt/build_dir/target-aarch64_generic_musl/linux-rockchip_armv8/linux-6.12.45/drivers/net/usb/usbnet.ko; do if grep -q "${mod##/workspaces/openwrt-radxa-rock5b-plus/openwrt/build_dir/target-aarch64_generic_musl/linux-rockchip_armv8/linux-6.12.45/}" "/workspaces/openwrt-radxa-rock5b-plus/openwrt/build_dir/target-aarch64_generic_musl/linux-rockchip_armv8/linux-6.12.45/modules.builtin"; then echo "NOTICE: module '$mod' is built-in."; elif [ -e $mod ]; then mkdir -p /workspaces/openwrt-radxa-rock5b-plus/openwrt/build_dir/target-aarch64_generic_musl/linux-rockchip_armv8/packages/ipkg-aarch64_generic/kmod-usb-net/lib/modules/6.12.45 ; cp -fpR -L $mod /workspaces/openwrt-radxa-rock5b-plus/openwrt/build_dir/target-aarch64_generic_musl/linux-rockchip_armv8/packages/ipkg-aarch64_generic/kmod-usb-net/lib/modules/6.12.45/ ; else echo "ERROR: module '$mod' is missing." >&2; exit 1; fi; done;
mkdir -p /workspaces/openwrt-radxa-rock5b-plus/openwrt/build_dir/target-aarch64_generic_musl/linux-rockchip_armv8/packages/ipkg-aarch64_generic/kmod-usb-net/etc/modules.d; ( echo "usbnet"; ) > /workspaces/openwrt-radxa-rock5b-plus/openwrt/build_dir/target-aarch64_generic_musl/linux-rockchip_armv8/packages/ipkg-aarch64_generic/kmod-usb-net/etc/modules.d/usb-net; 



find /workspaces/openwrt-radxa-rock5b-plus/openwrt/build_dir/target-aarch64_generic_musl/linux-rockchip_armv8/packages/ipkg-aarch64_generic/kmod-usb-net -name 'CVS' -o -name '.svn' -o -name '.#*' -o -name '*~'| xargs -r rm -rf
( find /workspaces/openwrt-radxa-rock5b-plus/openwrt/build_dir/target-aarch64_generic_musl/linux-rockchip_armv8/packages/ipkg-aarch64_generic/kmod-usb-net -name lib\*.so\* -or -name \*.ko | awk -F/ '{ print $NF }'; for file in /workspaces/openwrt-radxa-rock5b-plus/openwrt/staging_dir/target-aarch64_generic_musl/pkginfo/kmod-mii.provides /workspaces/openwrt-radxa-rock5b-plus/openwrt/staging_dir/target-aarch64_generic_musl/pkginfo/kmod-usb-core.provides; do if [ -f "$file" ]; then cat $file; fi; done;  ) | sort -u > /workspaces/openwrt-radxa-rock5b-plus/openwrt/staging_dir/target-aarch64_generic_musl/pkginfo/kmod-usb-net.provides

( rm -f /workspaces/openwrt-radxa-rock5b-plus/openwrt/staging_dir/target-aarch64_generic_musl/pkginfo/kmod-usb-net.missing; ( export READELF=aarch64-openwrt-linux-musl-readelf OBJCOPY=aarch64-openwrt-linux-musl-objcopy XARGS="xargs -r"; /workspaces/openwrt-radxa-rock5b-plus/openwrt/scripts/gen-dependencies.sh "/workspaces/openwrt-radxa-rock5b-plus/openwrt/build_dir/target-aarch64_generic_musl/linux-rockchip_armv8/packages/ipkg-aarch64_generic/kmod-usb-net"; ) | while read FILE; do grep -qxF "$FILE" /workspaces/openwrt-radxa-rock5b-plus/openwrt/staging_dir/target-aarch64_generic_musl/pkginfo/kmod-usb-net.provides || echo "$FILE" >> /workspaces/openwrt-radxa-rock5b-plus/openwrt/staging_dir/target-aarch64_generic_musl/pkginfo/kmod-usb-net.missing; done; if [ -f "/workspaces/openwrt-radxa-rock5b-plus/openwrt/staging_dir/target-aarch64_generic_musl/pkginfo/kmod-usb-net.missing" ]; then echo "Package kmod-usb-net is missing dependencies for the following libraries:" >&2; cat "/workspaces/openwrt-radxa-rock5b-plus/openwrt/staging_dir/target-aarch64_generic_musl/pkginfo/kmod-usb-net.missing" >&2; false; fi; )
export CROSS="aarch64-openwrt-linux-musl-"  NO_RENAME=1 ; NM="aarch64-openwrt-linux-musl-nm" STRIP="/workspaces/openwrt-radxa-rock5b-plus/openwrt/staging_dir/host/bin/sstrip -z" STRIP_KMOD="/workspaces/openwrt-radxa-rock5b-plus/openwrt/scripts/strip-kmod.sh" PATCHELF="/workspaces/openwrt-radxa-rock5b-plus/openwrt/staging_dir/host/bin/patchelf" /workspaces/openwrt-radxa-rock5b-plus/openwrt/scripts/rstrip.sh /workspaces/openwrt-radxa-rock5b-plus/openwrt/build_dir/target-aarch64_generic_musl/linux-rockchip_armv8/packages/ipkg-aarch64_generic/kmod-usb-net
install -d -m0755 /workspaces/openwrt-radxa-rock5b-plus/openwrt/bin/targets/rockchip/armv8/packages/tmp
mkdir -p /workspaces/openwrt-radxa-rock5b-plus/openwrt/build_dir/target-aarch64_generic_musl/linux-rockchip_armv8/packages/apk-aarch64_generic/kmod-usb-net/
mkdir -p /workspaces/openwrt-radxa-rock5b-plus/openwrt/build_dir/target-aarch64_generic_musl/linux-rockchip_armv8/packages/ipkg-aarch64_generic/kmod-usb-net/lib/apk/packages/
(cd /workspaces/openwrt-radxa-rock5b-plus/openwrt/build_dir/target-aarch64_generic_musl/linux-rockchip_armv8/packages/apk-aarch64_generic/kmod-usb-net; )
( echo "#!/bin/sh"; echo "[ \"\${IPKG_NO_SCRIPT}\" = \"1\" ] && exit 0"; echo "[ -s "\${IPKG_INSTROOT}/lib/functions.sh" ] || exit 0"; echo ". \${IPKG_INSTROOT}/lib/functions.sh"; echo 'export root="${IPKG_INSTROOT}"'; echo 'export pkgname="kmod-usb-net"'; echo "add_group_and_user"; echo "default_postinst"; [ ! -f /workspaces/openwrt-radxa-rock5b-plus/openwrt/build_dir/target-aarch64_generic_musl/linux-rockchip_armv8/packages/apk-aarch64_generic/kmod-usb-net/postinst-pkg ] || sed -z 's/^\s*#!/#!/' "/workspaces/openwrt-radxa-rock5b-plus/openwrt/build_dir/target-aarch64_generic_musl/linux-rockchip_armv8/packages/apk-aarch64_generic/kmod-usb-net/postinst-pkg"; ) > /workspaces/openwrt-radxa-rock5b-plus/openwrt/build_dir/target-aarch64_generic_musl/linux-rockchip_armv8/packages/apk-aarch64_generic/kmod-usb-net/post-install;
( echo "#!/bin/sh"; echo 'export PKG_UPGRADE=1'; [ ! -f /workspaces/openwrt-radxa-rock5b-plus/openwrt/build_dir/target-aarch64_generic_musl/linux-rockchip_armv8/packages/apk-aarch64_generic/kmod-usb-net/post-install ] || sed -z 's/^\s*#!/#!/' "/workspaces/openwrt-radxa-rock5b-plus/openwrt/build_dir/target-aarch64_generic_musl/linux-rockchip_armv8/packages/apk-aarch64_generic/kmod-usb-net/post-install"; ) > /workspaces/openwrt-radxa-rock5b-plus/openwrt/build_dir/target-aarch64_generic_musl/linux-rockchip_armv8/packages/apk-aarch64_generic/kmod-usb-net/post-upgrade;
( echo "#!/bin/sh"; echo "[ -s "\${IPKG_INSTROOT}/lib/functions.sh" ] || exit 0"; echo ". \${IPKG_INSTROOT}/lib/functions.sh"; echo 'export root="${IPKG_INSTROOT}"'; echo 'export pkgname="kmod-usb-net"'; echo "default_prerm"; [ ! -f /workspaces/openwrt-radxa-rock5b-plus/openwrt/build_dir/target-aarch64_generic_musl/linux-rockchip_armv8/packages/apk-aarch64_generic/kmod-usb-net/prerm-pkg ] || sed -z 's/^\s*#!/#!/' "/workspaces/openwrt-radxa-rock5b-plus/openwrt/build_dir/target-aarch64_generic_musl/linux-rockchip_armv8/packages/apk-aarch64_generic/kmod-usb-net/prerm-pkg"; ) > /workspaces/openwrt-radxa-rock5b-plus/openwrt/build_dir/target-aarch64_generic_musl/linux-rockchip_armv8/packages/apk-aarch64_generic/kmod-usb-net/pre-deinstall;
[ ! -f /workspaces/openwrt-radxa-rock5b-plus/openwrt/build_dir/target-aarch64_generic_musl/linux-rockchip_armv8/packages/apk-aarch64_generic/kmod-usb-net/postrm ] || sed -zi 's/^\s*#!/#!/' "/workspaces/openwrt-radxa-rock5b-plus/openwrt/build_dir/target-aarch64_generic_musl/linux-rockchip_armv8/packages/apk-aarch64_generic/kmod-usb-net/postrm";
if [ -n "" ]; then echo  > /workspaces/openwrt-radxa-rock5b-plus/openwrt/build_dir/target-aarch64_generic_musl/linux-rockchip_armv8/packages/ipkg-aarch64_generic/kmod-usb-net/lib/apk/packages/kmod-usb-net.rusers; fi;
if [ -n "" ]; then echo  > /workspaces/openwrt-radxa-rock5b-plus/openwrt/build_dir/target-aarch64_generic_musl/linux-rockchip_armv8/packages/ipkg-aarch64_generic/kmod-usb-net/lib/apk/packages/kmod-usb-net.alternatives; fi;
(cd /workspaces/openwrt-radxa-rock5b-plus/openwrt/build_dir/target-aarch64_generic_musl/linux-rockchip_armv8/packages/ipkg-aarch64_generic/kmod-usb-net && find . -type f,l -printf "/%P\n" | sort > /workspaces/openwrt-radxa-rock5b-plus/openwrt/tmp/kmod-usb-net.list && mv /workspaces/openwrt-radxa-rock5b-plus/openwrt/tmp/kmod-usb-net.list /workspaces/openwrt-radxa-rock5b-plus/openwrt/build_dir/target-aarch64_generic_musl/linux-rockchip_armv8/packages/ipkg-aarch64_generic/kmod-usb-net/lib/apk/packages/kmod-usb-net.list)
# Move conffiles to IDIR and build conffiles_static with csums
if [ -f /workspaces/openwrt-radxa-rock5b-plus/openwrt/build_dir/target-aarch64_generic_musl/linux-rockchip_armv8/packages/apk-aarch64_generic/kmod-usb-net/conffiles ]; then mv -f /workspaces/openwrt-radxa-rock5b-plus/openwrt/build_dir/target-aarch64_generic_musl/linux-rockchip_armv8/packages/apk-aarch64_generic/kmod-usb-net/conffiles /workspaces/openwrt-radxa-rock5b-plus/openwrt/build_dir/target-aarch64_generic_musl/linux-rockchip_armv8/packages/ipkg-aarch64_generic/kmod-usb-net/lib/apk/packages/kmod-usb-net.conffiles; for file in $(cat /workspaces/openwrt-radxa-rock5b-plus/openwrt/build_dir/target-aarch64_generic_musl/linux-rockchip_armv8/packages/ipkg-aarch64_generic/kmod-usb-net/lib/apk/packages/kmod-usb-net.conffiles); do [ -f /workspaces/openwrt-radxa-rock5b-plus/openwrt/build_dir/target-aarch64_generic_musl/linux-rockchip_armv8/packages/ipkg-aarch64_generic/kmod-usb-net/$file ] || continue; csum=$(/workspaces/openwrt-radxa-rock5b-plus/openwrt/staging_dir/host/bin/mkhash sha256 /workspaces/openwrt-radxa-rock5b-plus/openwrt/build_dir/target-aarch64_generic_musl/linux-rockchip_armv8/packages/ipkg-aarch64_generic/kmod-usb-net/$file); echo $file $csum >> /workspaces/openwrt-radxa-rock5b-plus/openwrt/build_dir/target-aarch64_generic_musl/linux-rockchip_armv8/packages/ipkg-aarch64_generic/kmod-usb-net/lib/apk/packages/kmod-usb-net.conffiles_static; done; fi
# Some package (base-files) manually append stuff to conffiles
# Append stuff from it and delete the CONTROL directory since everything else should be migrated
if [ -f /workspaces/openwrt-radxa-rock5b-plus/openwrt/build_dir/target-aarch64_generic_musl/linux-rockchip_armv8/packages/ipkg-aarch64_generic/kmod-usb-net/CONTROL/conffiles ]; then echo $(IDIR_kmod-usb-net)/CONTROL/conffiles >> /workspaces/openwrt-radxa-rock5b-plus/openwrt/build_dir/target-aarch64_generic_musl/linux-rockchip_armv8/packages/ipkg-aarch64_generic/kmod-usb-net/lib/apk/packages/kmod-usb-net.conffiles; for file in $(cat /workspaces/openwrt-radxa-rock5b-plus/openwrt/build_dir/target-aarch64_generic_musl/linux-rockchip_armv8/packages/ipkg-aarch64_generic/kmod-usb-net/CONTROL/conffiles); do [ -f /workspaces/openwrt-radxa-rock5b-plus/openwrt/build_dir/target-aarch64_generic_musl/linux-rockchip_armv8/packages/ipkg-aarch64_generic/kmod-usb-net/$file ] || continue; csum=$(/workspaces/openwrt-radxa-rock5b-plus/openwrt/staging_dir/host/bin/mkhash sha256 /workspaces/openwrt-radxa-rock5b-plus/openwrt/build_dir/target-aarch64_generic_musl/linux-rockchip_armv8/packages/ipkg-aarch64_generic/kmod-usb-net/$file); echo $file $csum >> /workspaces/openwrt-radxa-rock5b-plus/openwrt/build_dir/target-aarch64_generic_musl/linux-rockchip_armv8/packages/ipkg-aarch64_generic/kmod-usb-net/lib/apk/packages/kmod-usb-net.conffiles_static; done; rm -rf /workspaces/openwrt-radxa-rock5b-plus/openwrt/build_dir/target-aarch64_generic_musl/linux-rockchip_armv8/packages/ipkg-aarch64_generic/kmod-usb-net/CONTROL/conffiles; fi
if [ -z "$(ls -A /workspaces/openwrt-radxa-rock5b-plus/openwrt/build_dir/target-aarch64_generic_musl/linux-rockchip_armv8/packages/ipkg-aarch64_generic/kmod-usb-net/CONTROL 2>/dev/null)" ]; then rm -rf /workspaces/openwrt-radxa-rock5b-plus/openwrt/build_dir/target-aarch64_generic_musl/linux-rockchip_armv8/packages/ipkg-aarch64_generic/kmod-usb-net/CONTROL; else echo "CONTROL directory /workspaces/openwrt-radxa-rock5b-plus/openwrt/build_dir/target-aarch64_generic_musl/linux-rockchip_armv8/packages/ipkg-aarch64_generic/kmod-usb-net/CONTROL is not empty! This is not right and should be checked!" >&2; exit 1; fi
/workspaces/openwrt-radxa-rock5b-plus/openwrt/staging_dir/host/bin/fakeroot /workspaces/openwrt-radxa-rock5b-plus/openwrt/staging_dir/host/bin/apk mkpkg --info "name:kmod-usb-net" --info "version:6.12.45-r1"  --info "description:Kernel modules for USB-to-Ethernet convertors" --info "arch:aarch64_generic" --info "license:GPL-2.0-only" --info "origin:feeds/base/kernel/linux" --info "url:" --info "maintainer:" --info "provides:"  --script "post-install:/workspaces/openwrt-radxa-rock5b-plus/openwrt/build_dir/target-aarch64_generic_musl/linux-rockchip_armv8/packages/apk-aarch64_generic/kmod-usb-net/post-install" --script "post-upgrade:/workspaces/openwrt-radxa-rock5b-plus/openwrt/build_dir/target-aarch64_generic_musl/linux-rockchip_armv8/packages/apk-aarch64_generic/kmod-usb-net/post-upgrade" --script "pre-deinstall:/workspaces/openwrt-radxa-rock5b-plus/openwrt/build_dir/target-aarch64_generic_musl/linux-rockchip_armv8/packages/apk-aarch64_generic/kmod-usb-net/pre-deinstall" --info "depends:kernel=6.12.45~bfdb4691414eb2d33b0186227f6f0e2d-r1 kmod-mii kmod-usb-core" --files "/workspaces/openwrt-radxa-rock5b-plus/openwrt/build_dir/target-aarch64_generic_musl/linux-rockchip_armv8/packages/ipkg-aarch64_generic/kmod-usb-net" --output "/workspaces/openwrt-radxa-rock5b-plus/openwrt/bin/targets/rockchip/armv8/packages/kmod-usb-net-6.12.45-r1.apk" --sign "/workspaces/openwrt-radxa-rock5b-plus/openwrt/private-key.pem"
[ -f /workspaces/openwrt-radxa-rock5b-plus/openwrt/bin/targets/rockchip/armv8/packages/kmod-usb-net-6.12.45-r1.apk ]
removed '/workspaces/openwrt-radxa-rock5b-plus/openwrt/bin/targets/rockchip/armv8/packages/kmod-usb-net-6.12.45-r1.apk'
rstrip.sh: /workspaces/openwrt-radxa-rock5b-plus/openwrt/build_dir/target-aarch64_generic_musl/linux-rockchip_armv8/packages/ipkg-aarch64_generic/kmod-usb-net/lib/modules/6.12.45/usbnet.ko: relocatable
rm -rf /workspaces/openwrt-radxa-rock5b-plus/openwrt/build_dir/target-aarch64_generic_musl/linux-rockchip_armv8/packages/ipkg-aarch64_generic/kmod-usb-net-asix-ax88179
/workspaces/openwrt-radxa-rock5b-plus/openwrt/scripts/ipkg-remove kmod-usb-net-asix-ax88179 /workspaces/openwrt-radxa-rock5b-plus/openwrt/bin/targets/rockchip/armv8/packages/kmod-usb-net-asix-ax88179-6.12.45-r1.apk
mkdir -p /workspaces/openwrt-radxa-rock5b-plus/openwrt/bin/targets/rockchip/armv8/packages /workspaces/openwrt-radxa-rock5b-plus/openwrt/build_dir/target-aarch64_generic_musl/linux-rockchip_armv8/packages/ipkg-aarch64_generic/kmod-usb-net-asix-ax88179 /workspaces/openwrt-radxa-rock5b-plus/openwrt/staging_dir/target-aarch64_generic_musl/pkginfo
for mod in /workspaces/openwrt-radxa-rock5b-plus/openwrt/build_dir/target-aarch64_generic_musl/linux-rockchip_armv8/linux-6.12.45/drivers/net/usb/ax88179_178a.ko; do if grep -q "${mod##/workspaces/openwrt-radxa-rock5b-plus/openwrt/build_dir/target-aarch64_generic_musl/linux-rockchip_armv8/linux-6.12.45/}" "/workspaces/openwrt-radxa-rock5b-plus/openwrt/build_dir/target-aarch64_generic_musl/linux-rockchip_armv8/linux-6.12.45/modules.builtin"; then echo "NOTICE: module '$mod' is built-in."; elif [ -e $mod ]; then mkdir -p /workspaces/openwrt-radxa-rock5b-plus/openwrt/build_dir/target-aarch64_generic_musl/linux-rockchip_armv8/packages/ipkg-aarch64_generic/kmod-usb-net-asix-ax88179/lib/modules/6.12.45 ; cp -fpR -L $mod /workspaces/openwrt-radxa-rock5b-plus/openwrt/build_dir/target-aarch64_generic_musl/linux-rockchip_armv8/packages/ipkg-aarch64_generic/kmod-usb-net-asix-ax88179/lib/modules/6.12.45/ ; else echo "ERROR: module '$mod' is missing." >&2; exit 1; fi; done;
mkdir -p /workspaces/openwrt-radxa-rock5b-plus/openwrt/build_dir/target-aarch64_generic_musl/linux-rockchip_armv8/packages/ipkg-aarch64_generic/kmod-usb-net-asix-ax88179/etc/modules.d; ( echo "ax88179_178a"; ) > /workspaces/openwrt-radxa-rock5b-plus/openwrt/build_dir/target-aarch64_generic_musl/linux-rockchip_armv8/packages/ipkg-aarch64_generic/kmod-usb-net-asix-ax88179/etc/modules.d/usb-net-asix-ax88179; 



find /workspaces/openwrt-radxa-rock5b-plus/openwrt/build_dir/target-aarch64_generic_musl/linux-rockchip_armv8/packages/ipkg-aarch64_generic/kmod-usb-net-asix-ax88179 -name 'CVS' -o -name '.svn' -o -name '.#*' -o -name '*~'| xargs -r rm -rf
( find /workspaces/openwrt-radxa-rock5b-plus/openwrt/build_dir/target-aarch64_generic_musl/linux-rockchip_armv8/packages/ipkg-aarch64_generic/kmod-usb-net-asix-ax88179 -name lib\*.so\* -or -name \*.ko | awk -F/ '{ print $NF }'; for file in /workspaces/openwrt-radxa-rock5b-plus/openwrt/staging_dir/target-aarch64_generic_musl/pkginfo/kmod-libphy.provides /workspaces/openwrt-radxa-rock5b-plus/openwrt/staging_dir/target-aarch64_generic_musl/pkginfo/kmod-usb-net.provides; do if [ -f "$file" ]; then cat $file; fi; done;  ) | sort -u > /workspaces/openwrt-radxa-rock5b-plus/openwrt/staging_dir/target-aarch64_generic_musl/pkginfo/kmod-usb-net-asix-ax88179.provides

( rm -f /workspaces/openwrt-radxa-rock5b-plus/openwrt/staging_dir/target-aarch64_generic_musl/pkginfo/kmod-usb-net-asix-ax88179.missing; ( export READELF=aarch64-openwrt-linux-musl-readelf OBJCOPY=aarch64-openwrt-linux-musl-objcopy XARGS="xargs -r"; /workspaces/openwrt-radxa-rock5b-plus/openwrt/scripts/gen-dependencies.sh "/workspaces/openwrt-radxa-rock5b-plus/openwrt/build_dir/target-aarch64_generic_musl/linux-rockchip_armv8/packages/ipkg-aarch64_generic/kmod-usb-net-asix-ax88179"; ) | while read FILE; do grep -qxF "$FILE" /workspaces/openwrt-radxa-rock5b-plus/openwrt/staging_dir/target-aarch64_generic_musl/pkginfo/kmod-usb-net-asix-ax88179.provides || echo "$FILE" >> /workspaces/openwrt-radxa-rock5b-plus/openwrt/staging_dir/target-aarch64_generic_musl/pkginfo/kmod-usb-net-asix-ax88179.missing; done; if [ -f "/workspaces/openwrt-radxa-rock5b-plus/openwrt/staging_dir/target-aarch64_generic_musl/pkginfo/kmod-usb-net-asix-ax88179.missing" ]; then echo "Package kmod-usb-net-asix-ax88179 is missing dependencies for the following libraries:" >&2; cat "/workspaces/openwrt-radxa-rock5b-plus/openwrt/staging_dir/target-aarch64_generic_musl/pkginfo/kmod-usb-net-asix-ax88179.missing" >&2; false; fi; )
export CROSS="aarch64-openwrt-linux-musl-"  NO_RENAME=1 ; NM="aarch64-openwrt-linux-musl-nm" STRIP="/workspaces/openwrt-radxa-rock5b-plus/openwrt/staging_dir/host/bin/sstrip -z" STRIP_KMOD="/workspaces/openwrt-radxa-rock5b-plus/openwrt/scripts/strip-kmod.sh" PATCHELF="/workspaces/openwrt-radxa-rock5b-plus/openwrt/staging_dir/host/bin/patchelf" /workspaces/openwrt-radxa-rock5b-plus/openwrt/scripts/rstrip.sh /workspaces/openwrt-radxa-rock5b-plus/openwrt/build_dir/target-aarch64_generic_musl/linux-rockchip_armv8/packages/ipkg-aarch64_generic/kmod-usb-net-asix-ax88179
install -d -m0755 /workspaces/openwrt-radxa-rock5b-plus/openwrt/bin/targets/rockchip/armv8/packages/tmp
mkdir -p /workspaces/openwrt-radxa-rock5b-plus/openwrt/build_dir/target-aarch64_generic_musl/linux-rockchip_armv8/packages/apk-aarch64_generic/kmod-usb-net-asix-ax88179/
mkdir -p /workspaces/openwrt-radxa-rock5b-plus/openwrt/build_dir/target-aarch64_generic_musl/linux-rockchip_armv8/packages/ipkg-aarch64_generic/kmod-usb-net-asix-ax88179/lib/apk/packages/
(cd /workspaces/openwrt-radxa-rock5b-plus/openwrt/build_dir/target-aarch64_generic_musl/linux-rockchip_armv8/packages/apk-aarch64_generic/kmod-usb-net-asix-ax88179; )
( echo "#!/bin/sh"; echo "[ \"\${IPKG_NO_SCRIPT}\" = \"1\" ] && exit 0"; echo "[ -s "\${IPKG_INSTROOT}/lib/functions.sh" ] || exit 0"; echo ". \${IPKG_INSTROOT}/lib/functions.sh"; echo 'export root="${IPKG_INSTROOT}"'; echo 'export pkgname="kmod-usb-net-asix-ax88179"'; echo "add_group_and_user"; echo "default_postinst"; [ ! -f /workspaces/openwrt-radxa-rock5b-plus/openwrt/build_dir/target-aarch64_generic_musl/linux-rockchip_armv8/packages/apk-aarch64_generic/kmod-usb-net-asix-ax88179/postinst-pkg ] || sed -z 's/^\s*#!/#!/' "/workspaces/openwrt-radxa-rock5b-plus/openwrt/build_dir/target-aarch64_generic_musl/linux-rockchip_armv8/packages/apk-aarch64_generic/kmod-usb-net-asix-ax88179/postinst-pkg"; ) > /workspaces/openwrt-radxa-rock5b-plus/openwrt/build_dir/target-aarch64_generic_musl/linux-rockchip_armv8/packages/apk-aarch64_generic/kmod-usb-net-asix-ax88179/post-install;
( echo "#!/bin/sh"; echo 'export PKG_UPGRADE=1'; [ ! -f /workspaces/openwrt-radxa-rock5b-plus/openwrt/build_dir/target-aarch64_generic_musl/linux-rockchip_armv8/packages/apk-aarch64_generic/kmod-usb-net-asix-ax88179/post-install ] || sed -z 's/^\s*#!/#!/' "/workspaces/openwrt-radxa-rock5b-plus/openwrt/build_dir/target-aarch64_generic_musl/linux-rockchip_armv8/packages/apk-aarch64_generic/kmod-usb-net-asix-ax88179/post-install"; ) > /workspaces/openwrt-radxa-rock5b-plus/openwrt/build_dir/target-aarch64_generic_musl/linux-rockchip_armv8/packages/apk-aarch64_generic/kmod-usb-net-asix-ax88179/post-upgrade;
( echo "#!/bin/sh"; echo "[ -s "\${IPKG_INSTROOT}/lib/functions.sh" ] || exit 0"; echo ". \${IPKG_INSTROOT}/lib/functions.sh"; echo 'export root="${IPKG_INSTROOT}"'; echo 'export pkgname="kmod-usb-net-asix-ax88179"'; echo "default_prerm"; [ ! -f /workspaces/openwrt-radxa-rock5b-plus/openwrt/build_dir/target-aarch64_generic_musl/linux-rockchip_armv8/packages/apk-aarch64_generic/kmod-usb-net-asix-ax88179/prerm-pkg ] || sed -z 's/^\s*#!/#!/' "/workspaces/openwrt-radxa-rock5b-plus/openwrt/build_dir/target-aarch64_generic_musl/linux-rockchip_armv8/packages/apk-aarch64_generic/kmod-usb-net-asix-ax88179/prerm-pkg"; ) > /workspaces/openwrt-radxa-rock5b-plus/openwrt/build_dir/target-aarch64_generic_musl/linux-rockchip_armv8/packages/apk-aarch64_generic/kmod-usb-net-asix-ax88179/pre-deinstall;
[ ! -f /workspaces/openwrt-radxa-rock5b-plus/openwrt/build_dir/target-aarch64_generic_musl/linux-rockchip_armv8/packages/apk-aarch64_generic/kmod-usb-net-asix-ax88179/postrm ] || sed -zi 's/^\s*#!/#!/' "/workspaces/openwrt-radxa-rock5b-plus/openwrt/build_dir/target-aarch64_generic_musl/linux-rockchip_armv8/packages/apk-aarch64_generic/kmod-usb-net-asix-ax88179/postrm";
if [ -n "" ]; then echo  > /workspaces/openwrt-radxa-rock5b-plus/openwrt/build_dir/target-aarch64_generic_musl/linux-rockchip_armv8/packages/ipkg-aarch64_generic/kmod-usb-net-asix-ax88179/lib/apk/packages/kmod-usb-net-asix-ax88179.rusers; fi;
if [ -n "" ]; then echo  > /workspaces/openwrt-radxa-rock5b-plus/openwrt/build_dir/target-aarch64_generic_musl/linux-rockchip_armv8/packages/ipkg-aarch64_generic/kmod-usb-net-asix-ax88179/lib/apk/packages/kmod-usb-net-asix-ax88179.alternatives; fi;
(cd /workspaces/openwrt-radxa-rock5b-plus/openwrt/build_dir/target-aarch64_generic_musl/linux-rockchip_armv8/packages/ipkg-aarch64_generic/kmod-usb-net-asix-ax88179 && find . -type f,l -printf "/%P\n" | sort > /workspaces/openwrt-radxa-rock5b-plus/openwrt/tmp/kmod-usb-net-asix-ax88179.list && mv /workspaces/openwrt-radxa-rock5b-plus/openwrt/tmp/kmod-usb-net-asix-ax88179.list /workspaces/openwrt-radxa-rock5b-plus/openwrt/build_dir/target-aarch64_generic_musl/linux-rockchip_armv8/packages/ipkg-aarch64_generic/kmod-usb-net-asix-ax88179/lib/apk/packages/kmod-usb-net-asix-ax88179.list)
# Move conffiles to IDIR and build conffiles_static with csums
if [ -f /workspaces/openwrt-radxa-rock5b-plus/openwrt/build_dir/target-aarch64_generic_musl/linux-rockchip_armv8/packages/apk-aarch64_generic/kmod-usb-net-asix-ax88179/conffiles ]; then mv -f /workspaces/openwrt-radxa-rock5b-plus/openwrt/build_dir/target-aarch64_generic_musl/linux-rockchip_armv8/packages/apk-aarch64_generic/kmod-usb-net-asix-ax88179/conffiles /workspaces/openwrt-radxa-rock5b-plus/openwrt/build_dir/target-aarch64_generic_musl/linux-rockchip_armv8/packages/ipkg-aarch64_generic/kmod-usb-net-asix-ax88179/lib/apk/packages/kmod-usb-net-asix-ax88179.conffiles; for file in $(cat /workspaces/openwrt-radxa-rock5b-plus/openwrt/build_dir/target-aarch64_generic_musl/linux-rockchip_armv8/packages/ipkg-aarch64_generic/kmod-usb-net-asix-ax88179/lib/apk/packages/kmod-usb-net-asix-ax88179.conffiles); do [ -f /workspaces/openwrt-radxa-rock5b-plus/openwrt/build_dir/target-aarch64_generic_musl/linux-rockchip_armv8/packages/ipkg-aarch64_generic/kmod-usb-net-asix-ax88179/$file ] || continue; csum=$(/workspaces/openwrt-radxa-rock5b-plus/openwrt/staging_dir/host/bin/mkhash sha256 /workspaces/openwrt-radxa-rock5b-plus/openwrt/build_dir/target-aarch64_generic_musl/linux-rockchip_armv8/packages/ipkg-aarch64_generic/kmod-usb-net-asix-ax88179/$file); echo $file $csum >> /workspaces/openwrt-radxa-rock5b-plus/openwrt/build_dir/target-aarch64_generic_musl/linux-rockchip_armv8/packages/ipkg-aarch64_generic/kmod-usb-net-asix-ax88179/lib/apk/packages/kmod-usb-net-asix-ax88179.conffiles_static; done; fi
# Some package (base-files) manually append stuff to conffiles
# Append stuff from it and delete the CONTROL directory since everything else should be migrated
if [ -f /workspaces/openwrt-radxa-rock5b-plus/openwrt/build_dir/target-aarch64_generic_musl/linux-rockchip_armv8/packages/ipkg-aarch64_generic/kmod-usb-net-asix-ax88179/CONTROL/conffiles ]; then echo $(IDIR_kmod-usb-net-asix-ax88179)/CONTROL/conffiles >> /workspaces/openwrt-radxa-rock5b-plus/openwrt/build_dir/target-aarch64_generic_musl/linux-rockchip_armv8/packages/ipkg-aarch64_generic/kmod-usb-net-asix-ax88179/lib/apk/packages/kmod-usb-net-asix-ax88179.conffiles; for file in $(cat /workspaces/openwrt-radxa-rock5b-plus/openwrt/build_dir/target-aarch64_generic_musl/linux-rockchip_armv8/packages/ipkg-aarch64_generic/kmod-usb-net-asix-ax88179/CONTROL/conffiles); do [ -f /workspaces/openwrt-radxa-rock5b-plus/openwrt/build_dir/target-aarch64_generic_musl/linux-rockchip_armv8/packages/ipkg-aarch64_generic/kmod-usb-net-asix-ax88179/$file ] || continue; csum=$(/workspaces/openwrt-radxa-rock5b-plus/openwrt/staging_dir/host/bin/mkhash sha256 /workspaces/openwrt-radxa-rock5b-plus/openwrt/build_dir/target-aarch64_generic_musl/linux-rockchip_armv8/packages/ipkg-aarch64_generic/kmod-usb-net-asix-ax88179/$file); echo $file $csum >> /workspaces/openwrt-radxa-rock5b-plus/openwrt/build_dir/target-aarch64_generic_musl/linux-rockchip_armv8/packages/ipkg-aarch64_generic/kmod-usb-net-asix-ax88179/lib/apk/packages/kmod-usb-net-asix-ax88179.conffiles_static; done; rm -rf /workspaces/openwrt-radxa-rock5b-plus/openwrt/build_dir/target-aarch64_generic_musl/linux-rockchip_armv8/packages/ipkg-aarch64_generic/kmod-usb-net-asix-ax88179/CONTROL/conffiles; fi
if [ -z "$(ls -A /workspaces/openwrt-radxa-rock5b-plus/openwrt/build_dir/target-aarch64_generic_musl/linux-rockchip_armv8/packages/ipkg-aarch64_generic/kmod-usb-net-asix-ax88179/CONTROL 2>/dev/null)" ]; then rm -rf /workspaces/openwrt-radxa-rock5b-plus/openwrt/build_dir/target-aarch64_generic_musl/linux-rockchip_armv8/packages/ipkg-aarch64_generic/kmod-usb-net-asix-ax88179/CONTROL; else echo "CONTROL directory /workspaces/openwrt-radxa-rock5b-plus/openwrt/build_dir/target-aarch64_generic_musl/linux-rockchip_armv8/packages/ipkg-aarch64_generic/kmod-usb-net-asix-ax88179/CONTROL is not empty! This is not right and should be checked!" >&2; exit 1; fi
/workspaces/openwrt-radxa-rock5b-plus/openwrt/staging_dir/host/bin/fakeroot /workspaces/openwrt-radxa-rock5b-plus/openwrt/staging_dir/host/bin/apk mkpkg --info "name:kmod-usb-net-asix-ax88179" --info "version:6.12.45-r1"  --info "description:Kernel module for USB-to-Ethernet ASIX AX88179 based USB 3.0/2.0 to Gigabit Ethernet adapters." --info "arch:aarch64_generic" --info "license:GPL-2.0-only" --info "origin:feeds/base/kernel/linux" --info "url:" --info "maintainer:" --info "provides:"  --script "post-install:/workspaces/openwrt-radxa-rock5b-plus/openwrt/build_dir/target-aarch64_generic_musl/linux-rockchip_armv8/packages/apk-aarch64_generic/kmod-usb-net-asix-ax88179/post-install" --script "post-upgrade:/workspaces/openwrt-radxa-rock5b-plus/openwrt/build_dir/target-aarch64_generic_musl/linux-rockchip_armv8/packages/apk-aarch64_generic/kmod-usb-net-asix-ax88179/post-upgrade" --script "pre-deinstall:/workspaces/openwrt-radxa-rock5b-plus/openwrt/build_dir/target-aarch64_generic_musl/linux-rockchip_armv8/packages/apk-aarch64_generic/kmod-usb-net-asix-ax88179/pre-deinstall" --info "depends:kernel=6.12.45~bfdb4691414eb2d33b0186227f6f0e2d-r1 kmod-libphy kmod-usb-net" --files "/workspaces/openwrt-radxa-rock5b-plus/openwrt/build_dir/target-aarch64_generic_musl/linux-rockchip_armv8/packages/ipkg-aarch64_generic/kmod-usb-net-asix-ax88179" --output "/workspaces/openwrt-radxa-rock5b-plus/openwrt/bin/targets/rockchip/armv8/packages/kmod-usb-net-asix-ax88179-6.12.45-r1.apk" --sign "/workspaces/openwrt-radxa-rock5b-plus/openwrt/private-key.pem"
[ -f /workspaces/openwrt-radxa-rock5b-plus/openwrt/bin/targets/rockchip/armv8/packages/kmod-usb-net-asix-ax88179-6.12.45-r1.apk ]
removed '/workspaces/openwrt-radxa-rock5b-plus/openwrt/bin/targets/rockchip/armv8/packages/kmod-usb-net-asix-ax88179-6.12.45-r1.apk'
rstrip.sh: /workspaces/openwrt-radxa-rock5b-plus/openwrt/build_dir/target-aarch64_generic_musl/linux-rockchip_armv8/packages/ipkg-aarch64_generic/kmod-usb-net-asix-ax88179/lib/modules/6.12.45/ax88179_178a.ko: relocatable
rm -rf /workspaces/openwrt-radxa-rock5b-plus/openwrt/build_dir/target-aarch64_generic_musl/linux-rockchip_armv8/packages/ipkg-aarch64_generic/kmod-usb-net-cdc-ether
/workspaces/openwrt-radxa-rock5b-plus/openwrt/scripts/ipkg-remove kmod-usb-net-cdc-ether /workspaces/openwrt-radxa-rock5b-plus/openwrt/bin/targets/rockchip/armv8/packages/kmod-usb-net-cdc-ether-6.12.45-r1.apk
mkdir -p /workspaces/openwrt-radxa-rock5b-plus/openwrt/bin/targets/rockchip/armv8/packages /workspaces/openwrt-radxa-rock5b-plus/openwrt/build_dir/target-aarch64_generic_musl/linux-rockchip_armv8/packages/ipkg-aarch64_generic/kmod-usb-net-cdc-ether /workspaces/openwrt-radxa-rock5b-plus/openwrt/staging_dir/target-aarch64_generic_musl/pkginfo
for mod in /workspaces/openwrt-radxa-rock5b-plus/openwrt/build_dir/target-aarch64_generic_musl/linux-rockchip_armv8/linux-6.12.45/drivers/net/usb/cdc_ether.ko; do if grep -q "${mod##/workspaces/openwrt-radxa-rock5b-plus/openwrt/build_dir/target-aarch64_generic_musl/linux-rockchip_armv8/linux-6.12.45/}" "/workspaces/openwrt-radxa-rock5b-plus/openwrt/build_dir/target-aarch64_generic_musl/linux-rockchip_armv8/linux-6.12.45/modules.builtin"; then echo "NOTICE: module '$mod' is built-in."; elif [ -e $mod ]; then mkdir -p /workspaces/openwrt-radxa-rock5b-plus/openwrt/build_dir/target-aarch64_generic_musl/linux-rockchip_armv8/packages/ipkg-aarch64_generic/kmod-usb-net-cdc-ether/lib/modules/6.12.45 ; cp -fpR -L $mod /workspaces/openwrt-radxa-rock5b-plus/openwrt/build_dir/target-aarch64_generic_musl/linux-rockchip_armv8/packages/ipkg-aarch64_generic/kmod-usb-net-cdc-ether/lib/modules/6.12.45/ ; else echo "ERROR: module '$mod' is missing." >&2; exit 1; fi; done;
mkdir -p /workspaces/openwrt-radxa-rock5b-plus/openwrt/build_dir/target-aarch64_generic_musl/linux-rockchip_armv8/packages/ipkg-aarch64_generic/kmod-usb-net-cdc-ether/etc/modules.d; ( echo "cdc_ether"; ) > /workspaces/openwrt-radxa-rock5b-plus/openwrt/build_dir/target-aarch64_generic_musl/linux-rockchip_armv8/packages/ipkg-aarch64_generic/kmod-usb-net-cdc-ether/etc/modules.d/usb-net-cdc-ether; 



find /workspaces/openwrt-radxa-rock5b-plus/openwrt/build_dir/target-aarch64_generic_musl/linux-rockchip_armv8/packages/ipkg-aarch64_generic/kmod-usb-net-cdc-ether -name 'CVS' -o -name '.svn' -o -name '.#*' -o -name '*~'| xargs -r rm -rf
( find /workspaces/openwrt-radxa-rock5b-plus/openwrt/build_dir/target-aarch64_generic_musl/linux-rockchip_armv8/packages/ipkg-aarch64_generic/kmod-usb-net-cdc-ether -name lib\*.so\* -or -name \*.ko | awk -F/ '{ print $NF }'; for file in /workspaces/openwrt-radxa-rock5b-plus/openwrt/staging_dir/target-aarch64_generic_musl/pkginfo/kmod-usb-net.provides; do if [ -f "$file" ]; then cat $file; fi; done;  ) | sort -u > /workspaces/openwrt-radxa-rock5b-plus/openwrt/staging_dir/target-aarch64_generic_musl/pkginfo/kmod-usb-net-cdc-ether.provides

( rm -f /workspaces/openwrt-radxa-rock5b-plus/openwrt/staging_dir/target-aarch64_generic_musl/pkginfo/kmod-usb-net-cdc-ether.missing; ( export READELF=aarch64-openwrt-linux-musl-readelf OBJCOPY=aarch64-openwrt-linux-musl-objcopy XARGS="xargs -r"; /workspaces/openwrt-radxa-rock5b-plus/openwrt/scripts/gen-dependencies.sh "/workspaces/openwrt-radxa-rock5b-plus/openwrt/build_dir/target-aarch64_generic_musl/linux-rockchip_armv8/packages/ipkg-aarch64_generic/kmod-usb-net-cdc-ether"; ) | while read FILE; do grep -qxF "$FILE" /workspaces/openwrt-radxa-rock5b-plus/openwrt/staging_dir/target-aarch64_generic_musl/pkginfo/kmod-usb-net-cdc-ether.provides || echo "$FILE" >> /workspaces/openwrt-radxa-rock5b-plus/openwrt/staging_dir/target-aarch64_generic_musl/pkginfo/kmod-usb-net-cdc-ether.missing; done; if [ -f "/workspaces/openwrt-radxa-rock5b-plus/openwrt/staging_dir/target-aarch64_generic_musl/pkginfo/kmod-usb-net-cdc-ether.missing" ]; then echo "Package kmod-usb-net-cdc-ether is missing dependencies for the following libraries:" >&2; cat "/workspaces/openwrt-radxa-rock5b-plus/openwrt/staging_dir/target-aarch64_generic_musl/pkginfo/kmod-usb-net-cdc-ether.missing" >&2; false; fi; )
export CROSS="aarch64-openwrt-linux-musl-"  NO_RENAME=1 ; NM="aarch64-openwrt-linux-musl-nm" STRIP="/workspaces/openwrt-radxa-rock5b-plus/openwrt/staging_dir/host/bin/sstrip -z" STRIP_KMOD="/workspaces/openwrt-radxa-rock5b-plus/openwrt/scripts/strip-kmod.sh" PATCHELF="/workspaces/openwrt-radxa-rock5b-plus/openwrt/staging_dir/host/bin/patchelf" /workspaces/openwrt-radxa-rock5b-plus/openwrt/scripts/rstrip.sh /workspaces/openwrt-radxa-rock5b-plus/openwrt/build_dir/target-aarch64_generic_musl/linux-rockchip_armv8/packages/ipkg-aarch64_generic/kmod-usb-net-cdc-ether
install -d -m0755 /workspaces/openwrt-radxa-rock5b-plus/openwrt/bin/targets/rockchip/armv8/packages/tmp
mkdir -p /workspaces/openwrt-radxa-rock5b-plus/openwrt/build_dir/target-aarch64_generic_musl/linux-rockchip_armv8/packages/apk-aarch64_generic/kmod-usb-net-cdc-ether/
mkdir -p /workspaces/openwrt-radxa-rock5b-plus/openwrt/build_dir/target-aarch64_generic_musl/linux-rockchip_armv8/packages/ipkg-aarch64_generic/kmod-usb-net-cdc-ether/lib/apk/packages/
(cd /workspaces/openwrt-radxa-rock5b-plus/openwrt/build_dir/target-aarch64_generic_musl/linux-rockchip_armv8/packages/apk-aarch64_generic/kmod-usb-net-cdc-ether; )
( echo "#!/bin/sh"; echo "[ \"\${IPKG_NO_SCRIPT}\" = \"1\" ] && exit 0"; echo "[ -s "\${IPKG_INSTROOT}/lib/functions.sh" ] || exit 0"; echo ". \${IPKG_INSTROOT}/lib/functions.sh"; echo 'export root="${IPKG_INSTROOT}"'; echo 'export pkgname="kmod-usb-net-cdc-ether"'; echo "add_group_and_user"; echo "default_postinst"; [ ! -f /workspaces/openwrt-radxa-rock5b-plus/openwrt/build_dir/target-aarch64_generic_musl/linux-rockchip_armv8/packages/apk-aarch64_generic/kmod-usb-net-cdc-ether/postinst-pkg ] || sed -z 's/^\s*#!/#!/' "/workspaces/openwrt-radxa-rock5b-plus/openwrt/build_dir/target-aarch64_generic_musl/linux-rockchip_armv8/packages/apk-aarch64_generic/kmod-usb-net-cdc-ether/postinst-pkg"; ) > /workspaces/openwrt-radxa-rock5b-plus/openwrt/build_dir/target-aarch64_generic_musl/linux-rockchip_armv8/packages/apk-aarch64_generic/kmod-usb-net-cdc-ether/post-install;
( echo "#!/bin/sh"; echo 'export PKG_UPGRADE=1'; [ ! -f /workspaces/openwrt-radxa-rock5b-plus/openwrt/build_dir/target-aarch64_generic_musl/linux-rockchip_armv8/packages/apk-aarch64_generic/kmod-usb-net-cdc-ether/post-install ] || sed -z 's/^\s*#!/#!/' "/workspaces/openwrt-radxa-rock5b-plus/openwrt/build_dir/target-aarch64_generic_musl/linux-rockchip_armv8/packages/apk-aarch64_generic/kmod-usb-net-cdc-ether/post-install"; ) > /workspaces/openwrt-radxa-rock5b-plus/openwrt/build_dir/target-aarch64_generic_musl/linux-rockchip_armv8/packages/apk-aarch64_generic/kmod-usb-net-cdc-ether/post-upgrade;
( echo "#!/bin/sh"; echo "[ -s "\${IPKG_INSTROOT}/lib/functions.sh" ] || exit 0"; echo ". \${IPKG_INSTROOT}/lib/functions.sh"; echo 'export root="${IPKG_INSTROOT}"'; echo 'export pkgname="kmod-usb-net-cdc-ether"'; echo "default_prerm"; [ ! -f /workspaces/openwrt-radxa-rock5b-plus/openwrt/build_dir/target-aarch64_generic_musl/linux-rockchip_armv8/packages/apk-aarch64_generic/kmod-usb-net-cdc-ether/prerm-pkg ] || sed -z 's/^\s*#!/#!/' "/workspaces/openwrt-radxa-rock5b-plus/openwrt/build_dir/target-aarch64_generic_musl/linux-rockchip_armv8/packages/apk-aarch64_generic/kmod-usb-net-cdc-ether/prerm-pkg"; ) > /workspaces/openwrt-radxa-rock5b-plus/openwrt/build_dir/target-aarch64_generic_musl/linux-rockchip_armv8/packages/apk-aarch64_generic/kmod-usb-net-cdc-ether/pre-deinstall;
[ ! -f /workspaces/openwrt-radxa-rock5b-plus/openwrt/build_dir/target-aarch64_generic_musl/linux-rockchip_armv8/packages/apk-aarch64_generic/kmod-usb-net-cdc-ether/postrm ] || sed -zi 's/^\s*#!/#!/' "/workspaces/openwrt-radxa-rock5b-plus/openwrt/build_dir/target-aarch64_generic_musl/linux-rockchip_armv8/packages/apk-aarch64_generic/kmod-usb-net-cdc-ether/postrm";
if [ -n "" ]; then echo  > /workspaces/openwrt-radxa-rock5b-plus/openwrt/build_dir/target-aarch64_generic_musl/linux-rockchip_armv8/packages/ipkg-aarch64_generic/kmod-usb-net-cdc-ether/lib/apk/packages/kmod-usb-net-cdc-ether.rusers; fi;
if [ -n "" ]; then echo  > /workspaces/openwrt-radxa-rock5b-plus/openwrt/build_dir/target-aarch64_generic_musl/linux-rockchip_armv8/packages/ipkg-aarch64_generic/kmod-usb-net-cdc-ether/lib/apk/packages/kmod-usb-net-cdc-ether.alternatives; fi;
(cd /workspaces/openwrt-radxa-rock5b-plus/openwrt/build_dir/target-aarch64_generic_musl/linux-rockchip_armv8/packages/ipkg-aarch64_generic/kmod-usb-net-cdc-ether && find . -type f,l -printf "/%P\n" | sort > /workspaces/openwrt-radxa-rock5b-plus/openwrt/tmp/kmod-usb-net-cdc-ether.list && mv /workspaces/openwrt-radxa-rock5b-plus/openwrt/tmp/kmod-usb-net-cdc-ether.list /workspaces/openwrt-radxa-rock5b-plus/openwrt/build_dir/target-aarch64_generic_musl/linux-rockchip_armv8/packages/ipkg-aarch64_generic/kmod-usb-net-cdc-ether/lib/apk/packages/kmod-usb-net-cdc-ether.list)
# Move conffiles to IDIR and build conffiles_static with csums
if [ -f /workspaces/openwrt-radxa-rock5b-plus/openwrt/build_dir/target-aarch64_generic_musl/linux-rockchip_armv8/packages/apk-aarch64_generic/kmod-usb-net-cdc-ether/conffiles ]; then mv -f /workspaces/openwrt-radxa-rock5b-plus/openwrt/build_dir/target-aarch64_generic_musl/linux-rockchip_armv8/packages/apk-aarch64_generic/kmod-usb-net-cdc-ether/conffiles /workspaces/openwrt-radxa-rock5b-plus/openwrt/build_dir/target-aarch64_generic_musl/linux-rockchip_armv8/packages/ipkg-aarch64_generic/kmod-usb-net-cdc-ether/lib/apk/packages/kmod-usb-net-cdc-ether.conffiles; for file in $(cat /workspaces/openwrt-radxa-rock5b-plus/openwrt/build_dir/target-aarch64_generic_musl/linux-rockchip_armv8/packages/ipkg-aarch64_generic/kmod-usb-net-cdc-ether/lib/apk/packages/kmod-usb-net-cdc-ether.conffiles); do [ -f /workspaces/openwrt-radxa-rock5b-plus/openwrt/build_dir/target-aarch64_generic_musl/linux-rockchip_armv8/packages/ipkg-aarch64_generic/kmod-usb-net-cdc-ether/$file ] || continue; csum=$(/workspaces/openwrt-radxa-rock5b-plus/openwrt/staging_dir/host/bin/mkhash sha256 /workspaces/openwrt-radxa-rock5b-plus/openwrt/build_dir/target-aarch64_generic_musl/linux-rockchip_armv8/packages/ipkg-aarch64_generic/kmod-usb-net-cdc-ether/$file); echo $file $csum >> /workspaces/openwrt-radxa-rock5b-plus/openwrt/build_dir/target-aarch64_generic_musl/linux-rockchip_armv8/packages/ipkg-aarch64_generic/kmod-usb-net-cdc-ether/lib/apk/packages/kmod-usb-net-cdc-ether.conffiles_static; done; fi
# Some package (base-files) manually append stuff to conffiles
# Append stuff from it and delete the CONTROL directory since everything else should be migrated
if [ -f /workspaces/openwrt-radxa-rock5b-plus/openwrt/build_dir/target-aarch64_generic_musl/linux-rockchip_armv8/packages/ipkg-aarch64_generic/kmod-usb-net-cdc-ether/CONTROL/conffiles ]; then echo $(IDIR_kmod-usb-net-cdc-ether)/CONTROL/conffiles >> /workspaces/openwrt-radxa-rock5b-plus/openwrt/build_dir/target-aarch64_generic_musl/linux-rockchip_armv8/packages/ipkg-aarch64_generic/kmod-usb-net-cdc-ether/lib/apk/packages/kmod-usb-net-cdc-ether.conffiles; for file in $(cat /workspaces/openwrt-radxa-rock5b-plus/openwrt/build_dir/target-aarch64_generic_musl/linux-rockchip_armv8/packages/ipkg-aarch64_generic/kmod-usb-net-cdc-ether/CONTROL/conffiles); do [ -f /workspaces/openwrt-radxa-rock5b-plus/openwrt/build_dir/target-aarch64_generic_musl/linux-rockchip_armv8/packages/ipkg-aarch64_generic/kmod-usb-net-cdc-ether/$file ] || continue; csum=$(/workspaces/openwrt-radxa-rock5b-plus/openwrt/staging_dir/host/bin/mkhash sha256 /workspaces/openwrt-radxa-rock5b-plus/openwrt/build_dir/target-aarch64_generic_musl/linux-rockchip_armv8/packages/ipkg-aarch64_generic/kmod-usb-net-cdc-ether/$file); echo $file $csum >> /workspaces/openwrt-radxa-rock5b-plus/openwrt/build_dir/target-aarch64_generic_musl/linux-rockchip_armv8/packages/ipkg-aarch64_generic/kmod-usb-net-cdc-ether/lib/apk/packages/kmod-usb-net-cdc-ether.conffiles_static; done; rm -rf /workspaces/openwrt-radxa-rock5b-plus/openwrt/build_dir/target-aarch64_generic_musl/linux-rockchip_armv8/packages/ipkg-aarch64_generic/kmod-usb-net-cdc-ether/CONTROL/conffiles; fi
if [ -z "$(ls -A /workspaces/openwrt-radxa-rock5b-plus/openwrt/build_dir/target-aarch64_generic_musl/linux-rockchip_armv8/packages/ipkg-aarch64_generic/kmod-usb-net-cdc-ether/CONTROL 2>/dev/null)" ]; then rm -rf /workspaces/openwrt-radxa-rock5b-plus/openwrt/build_dir/target-aarch64_generic_musl/linux-rockchip_armv8/packages/ipkg-aarch64_generic/kmod-usb-net-cdc-ether/CONTROL; else echo "CONTROL directory /workspaces/openwrt-radxa-rock5b-plus/openwrt/build_dir/target-aarch64_generic_musl/linux-rockchip_armv8/packages/ipkg-aarch64_generic/kmod-usb-net-cdc-ether/CONTROL is not empty! This is not right and should be checked!" >&2; exit 1; fi
/workspaces/openwrt-radxa-rock5b-plus/openwrt/staging_dir/host/bin/fakeroot /workspaces/openwrt-radxa-rock5b-plus/openwrt/staging_dir/host/bin/apk mkpkg --info "name:kmod-usb-net-cdc-ether" --info "version:6.12.45-r1"  --info "description:Kernel support for USB CDC Ethernet devices" --info "arch:aarch64_generic" --info "license:GPL-2.0-only" --info "origin:feeds/base/kernel/linux" --info "url:" --info "maintainer:" --info "provides:"  --script "post-install:/workspaces/openwrt-radxa-rock5b-plus/openwrt/build_dir/target-aarch64_generic_musl/linux-rockchip_armv8/packages/apk-aarch64_generic/kmod-usb-net-cdc-ether/post-install" --script "post-upgrade:/workspaces/openwrt-radxa-rock5b-plus/openwrt/build_dir/target-aarch64_generic_musl/linux-rockchip_armv8/packages/apk-aarch64_generic/kmod-usb-net-cdc-ether/post-upgrade" --script "pre-deinstall:/workspaces/openwrt-radxa-rock5b-plus/openwrt/build_dir/target-aarch64_generic_musl/linux-rockchip_armv8/packages/apk-aarch64_generic/kmod-usb-net-cdc-ether/pre-deinstall" --info "depends:kernel=6.12.45~bfdb4691414eb2d33b0186227f6f0e2d-r1 kmod-usb-net" --files "/workspaces/openwrt-radxa-rock5b-plus/openwrt/build_dir/target-aarch64_generic_musl/linux-rockchip_armv8/packages/ipkg-aarch64_generic/kmod-usb-net-cdc-ether" --output "/workspaces/openwrt-radxa-rock5b-plus/openwrt/bin/targets/rockchip/armv8/packages/kmod-usb-net-cdc-ether-6.12.45-r1.apk" --sign "/workspaces/openwrt-radxa-rock5b-plus/openwrt/private-key.pem"
[ -f /workspaces/openwrt-radxa-rock5b-plus/openwrt/bin/targets/rockchip/armv8/packages/kmod-usb-net-cdc-ether-6.12.45-r1.apk ]
removed '/workspaces/openwrt-radxa-rock5b-plus/openwrt/bin/targets/rockchip/armv8/packages/kmod-usb-net-cdc-ether-6.12.45-r1.apk'
rstrip.sh: /workspaces/openwrt-radxa-rock5b-plus/openwrt/build_dir/target-aarch64_generic_musl/linux-rockchip_armv8/packages/ipkg-aarch64_generic/kmod-usb-net-cdc-ether/lib/modules/6.12.45/cdc_ether.ko: relocatable
rm -rf /workspaces/openwrt-radxa-rock5b-plus/openwrt/build_dir/target-aarch64_generic_musl/linux-rockchip_armv8/packages/ipkg-aarch64_generic/kmod-usb-net-qmi-wwan
/workspaces/openwrt-radxa-rock5b-plus/openwrt/scripts/ipkg-remove kmod-usb-net-qmi-wwan /workspaces/openwrt-radxa-rock5b-plus/openwrt/bin/targets/rockchip/armv8/packages/kmod-usb-net-qmi-wwan-6.12.45-r1.apk
mkdir -p /workspaces/openwrt-radxa-rock5b-plus/openwrt/bin/targets/rockchip/armv8/packages /workspaces/openwrt-radxa-rock5b-plus/openwrt/build_dir/target-aarch64_generic_musl/linux-rockchip_armv8/packages/ipkg-aarch64_generic/kmod-usb-net-qmi-wwan /workspaces/openwrt-radxa-rock5b-plus/openwrt/staging_dir/target-aarch64_generic_musl/pkginfo
for mod in /workspaces/openwrt-radxa-rock5b-plus/openwrt/build_dir/target-aarch64_generic_musl/linux-rockchip_armv8/linux-6.12.45/drivers/net/usb/qmi_wwan.ko; do if grep -q "${mod##/workspaces/openwrt-radxa-rock5b-plus/openwrt/build_dir/target-aarch64_generic_musl/linux-rockchip_armv8/linux-6.12.45/}" "/workspaces/openwrt-radxa-rock5b-plus/openwrt/build_dir/target-aarch64_generic_musl/linux-rockchip_armv8/linux-6.12.45/modules.builtin"; then echo "NOTICE: module '$mod' is built-in."; elif [ -e $mod ]; then mkdir -p /workspaces/openwrt-radxa-rock5b-plus/openwrt/build_dir/target-aarch64_generic_musl/linux-rockchip_armv8/packages/ipkg-aarch64_generic/kmod-usb-net-qmi-wwan/lib/modules/6.12.45 ; cp -fpR -L $mod /workspaces/openwrt-radxa-rock5b-plus/openwrt/build_dir/target-aarch64_generic_musl/linux-rockchip_armv8/packages/ipkg-aarch64_generic/kmod-usb-net-qmi-wwan/lib/modules/6.12.45/ ; else echo "ERROR: module '$mod' is missing." >&2; exit 1; fi; done;
mkdir -p /workspaces/openwrt-radxa-rock5b-plus/openwrt/build_dir/target-aarch64_generic_musl/linux-rockchip_armv8/packages/ipkg-aarch64_generic/kmod-usb-net-qmi-wwan/etc/modules.d; ( echo "qmi_wwan"; ) > /workspaces/openwrt-radxa-rock5b-plus/openwrt/build_dir/target-aarch64_generic_musl/linux-rockchip_armv8/packages/ipkg-aarch64_generic/kmod-usb-net-qmi-wwan/etc/modules.d/usb-net-qmi-wwan; 



find /workspaces/openwrt-radxa-rock5b-plus/openwrt/build_dir/target-aarch64_generic_musl/linux-rockchip_armv8/packages/ipkg-aarch64_generic/kmod-usb-net-qmi-wwan -name 'CVS' -o -name '.svn' -o -name '.#*' -o -name '*~'| xargs -r rm -rf
( find /workspaces/openwrt-radxa-rock5b-plus/openwrt/build_dir/target-aarch64_generic_musl/linux-rockchip_armv8/packages/ipkg-aarch64_generic/kmod-usb-net-qmi-wwan -name lib\*.so\* -or -name \*.ko | awk -F/ '{ print $NF }'; for file in /workspaces/openwrt-radxa-rock5b-plus/openwrt/staging_dir/target-aarch64_generic_musl/pkginfo/kmod-usb-net.provides /workspaces/openwrt-radxa-rock5b-plus/openwrt/staging_dir/target-aarch64_generic_musl/pkginfo/kmod-usb-wdm.provides; do if [ -f "$file" ]; then cat $file; fi; done;  ) | sort -u > /workspaces/openwrt-radxa-rock5b-plus/openwrt/staging_dir/target-aarch64_generic_musl/pkginfo/kmod-usb-net-qmi-wwan.provides

( rm -f /workspaces/openwrt-radxa-rock5b-plus/openwrt/staging_dir/target-aarch64_generic_musl/pkginfo/kmod-usb-net-qmi-wwan.missing; ( export READELF=aarch64-openwrt-linux-musl-readelf OBJCOPY=aarch64-openwrt-linux-musl-objcopy XARGS="xargs -r"; /workspaces/openwrt-radxa-rock5b-plus/openwrt/scripts/gen-dependencies.sh "/workspaces/openwrt-radxa-rock5b-plus/openwrt/build_dir/target-aarch64_generic_musl/linux-rockchip_armv8/packages/ipkg-aarch64_generic/kmod-usb-net-qmi-wwan"; ) | while read FILE; do grep -qxF "$FILE" /workspaces/openwrt-radxa-rock5b-plus/openwrt/staging_dir/target-aarch64_generic_musl/pkginfo/kmod-usb-net-qmi-wwan.provides || echo "$FILE" >> /workspaces/openwrt-radxa-rock5b-plus/openwrt/staging_dir/target-aarch64_generic_musl/pkginfo/kmod-usb-net-qmi-wwan.missing; done; if [ -f "/workspaces/openwrt-radxa-rock5b-plus/openwrt/staging_dir/target-aarch64_generic_musl/pkginfo/kmod-usb-net-qmi-wwan.missing" ]; then echo "Package kmod-usb-net-qmi-wwan is missing dependencies for the following libraries:" >&2; cat "/workspaces/openwrt-radxa-rock5b-plus/openwrt/staging_dir/target-aarch64_generic_musl/pkginfo/kmod-usb-net-qmi-wwan.missing" >&2; false; fi; )
export CROSS="aarch64-openwrt-linux-musl-"  NO_RENAME=1 ; NM="aarch64-openwrt-linux-musl-nm" STRIP="/workspaces/openwrt-radxa-rock5b-plus/openwrt/staging_dir/host/bin/sstrip -z" STRIP_KMOD="/workspaces/openwrt-radxa-rock5b-plus/openwrt/scripts/strip-kmod.sh" PATCHELF="/workspaces/openwrt-radxa-rock5b-plus/openwrt/staging_dir/host/bin/patchelf" /workspaces/openwrt-radxa-rock5b-plus/openwrt/scripts/rstrip.sh /workspaces/openwrt-radxa-rock5b-plus/openwrt/build_dir/target-aarch64_generic_musl/linux-rockchip_armv8/packages/ipkg-aarch64_generic/kmod-usb-net-qmi-wwan
install -d -m0755 /workspaces/openwrt-radxa-rock5b-plus/openwrt/bin/targets/rockchip/armv8/packages/tmp
mkdir -p /workspaces/openwrt-radxa-rock5b-plus/openwrt/build_dir/target-aarch64_generic_musl/linux-rockchip_armv8/packages/apk-aarch64_generic/kmod-usb-net-qmi-wwan/
mkdir -p /workspaces/openwrt-radxa-rock5b-plus/openwrt/build_dir/target-aarch64_generic_musl/linux-rockchip_armv8/packages/ipkg-aarch64_generic/kmod-usb-net-qmi-wwan/lib/apk/packages/
(cd /workspaces/openwrt-radxa-rock5b-plus/openwrt/build_dir/target-aarch64_generic_musl/linux-rockchip_armv8/packages/apk-aarch64_generic/kmod-usb-net-qmi-wwan; )
( echo "#!/bin/sh"; echo "[ \"\${IPKG_NO_SCRIPT}\" = \"1\" ] && exit 0"; echo "[ -s "\${IPKG_INSTROOT}/lib/functions.sh" ] || exit 0"; echo ". \${IPKG_INSTROOT}/lib/functions.sh"; echo 'export root="${IPKG_INSTROOT}"'; echo 'export pkgname="kmod-usb-net-qmi-wwan"'; echo "add_group_and_user"; echo "default_postinst"; [ ! -f /workspaces/openwrt-radxa-rock5b-plus/openwrt/build_dir/target-aarch64_generic_musl/linux-rockchip_armv8/packages/apk-aarch64_generic/kmod-usb-net-qmi-wwan/postinst-pkg ] || sed -z 's/^\s*#!/#!/' "/workspaces/openwrt-radxa-rock5b-plus/openwrt/build_dir/target-aarch64_generic_musl/linux-rockchip_armv8/packages/apk-aarch64_generic/kmod-usb-net-qmi-wwan/postinst-pkg"; ) > /workspaces/openwrt-radxa-rock5b-plus/openwrt/build_dir/target-aarch64_generic_musl/linux-rockchip_armv8/packages/apk-aarch64_generic/kmod-usb-net-qmi-wwan/post-install;
( echo "#!/bin/sh"; echo 'export PKG_UPGRADE=1'; [ ! -f /workspaces/openwrt-radxa-rock5b-plus/openwrt/build_dir/target-aarch64_generic_musl/linux-rockchip_armv8/packages/apk-aarch64_generic/kmod-usb-net-qmi-wwan/post-install ] || sed -z 's/^\s*#!/#!/' "/workspaces/openwrt-radxa-rock5b-plus/openwrt/build_dir/target-aarch64_generic_musl/linux-rockchip_armv8/packages/apk-aarch64_generic/kmod-usb-net-qmi-wwan/post-install"; ) > /workspaces/openwrt-radxa-rock5b-plus/openwrt/build_dir/target-aarch64_generic_musl/linux-rockchip_armv8/packages/apk-aarch64_generic/kmod-usb-net-qmi-wwan/post-upgrade;
( echo "#!/bin/sh"; echo "[ -s "\${IPKG_INSTROOT}/lib/functions.sh" ] || exit 0"; echo ". \${IPKG_INSTROOT}/lib/functions.sh"; echo 'export root="${IPKG_INSTROOT}"'; echo 'export pkgname="kmod-usb-net-qmi-wwan"'; echo "default_prerm"; [ ! -f /workspaces/openwrt-radxa-rock5b-plus/openwrt/build_dir/target-aarch64_generic_musl/linux-rockchip_armv8/packages/apk-aarch64_generic/kmod-usb-net-qmi-wwan/prerm-pkg ] || sed -z 's/^\s*#!/#!/' "/workspaces/openwrt-radxa-rock5b-plus/openwrt/build_dir/target-aarch64_generic_musl/linux-rockchip_armv8/packages/apk-aarch64_generic/kmod-usb-net-qmi-wwan/prerm-pkg"; ) > /workspaces/openwrt-radxa-rock5b-plus/openwrt/build_dir/target-aarch64_generic_musl/linux-rockchip_armv8/packages/apk-aarch64_generic/kmod-usb-net-qmi-wwan/pre-deinstall;
[ ! -f /workspaces/openwrt-radxa-rock5b-plus/openwrt/build_dir/target-aarch64_generic_musl/linux-rockchip_armv8/packages/apk-aarch64_generic/kmod-usb-net-qmi-wwan/postrm ] || sed -zi 's/^\s*#!/#!/' "/workspaces/openwrt-radxa-rock5b-plus/openwrt/build_dir/target-aarch64_generic_musl/linux-rockchip_armv8/packages/apk-aarch64_generic/kmod-usb-net-qmi-wwan/postrm";
if [ -n "" ]; then echo  > /workspaces/openwrt-radxa-rock5b-plus/openwrt/build_dir/target-aarch64_generic_musl/linux-rockchip_armv8/packages/ipkg-aarch64_generic/kmod-usb-net-qmi-wwan/lib/apk/packages/kmod-usb-net-qmi-wwan.rusers; fi;
if [ -n "" ]; then echo  > /workspaces/openwrt-radxa-rock5b-plus/openwrt/build_dir/target-aarch64_generic_musl/linux-rockchip_armv8/packages/ipkg-aarch64_generic/kmod-usb-net-qmi-wwan/lib/apk/packages/kmod-usb-net-qmi-wwan.alternatives; fi;
(cd /workspaces/openwrt-radxa-rock5b-plus/openwrt/build_dir/target-aarch64_generic_musl/linux-rockchip_armv8/packages/ipkg-aarch64_generic/kmod-usb-net-qmi-wwan && find . -type f,l -printf "/%P\n" | sort > /workspaces/openwrt-radxa-rock5b-plus/openwrt/tmp/kmod-usb-net-qmi-wwan.list && mv /workspaces/openwrt-radxa-rock5b-plus/openwrt/tmp/kmod-usb-net-qmi-wwan.list /workspaces/openwrt-radxa-rock5b-plus/openwrt/build_dir/target-aarch64_generic_musl/linux-rockchip_armv8/packages/ipkg-aarch64_generic/kmod-usb-net-qmi-wwan/lib/apk/packages/kmod-usb-net-qmi-wwan.list)
# Move conffiles to IDIR and build conffiles_static with csums
if [ -f /workspaces/openwrt-radxa-rock5b-plus/openwrt/build_dir/target-aarch64_generic_musl/linux-rockchip_armv8/packages/apk-aarch64_generic/kmod-usb-net-qmi-wwan/conffiles ]; then mv -f /workspaces/openwrt-radxa-rock5b-plus/openwrt/build_dir/target-aarch64_generic_musl/linux-rockchip_armv8/packages/apk-aarch64_generic/kmod-usb-net-qmi-wwan/conffiles /workspaces/openwrt-radxa-rock5b-plus/openwrt/build_dir/target-aarch64_generic_musl/linux-rockchip_armv8/packages/ipkg-aarch64_generic/kmod-usb-net-qmi-wwan/lib/apk/packages/kmod-usb-net-qmi-wwan.conffiles; for file in $(cat /workspaces/openwrt-radxa-rock5b-plus/openwrt/build_dir/target-aarch64_generic_musl/linux-rockchip_armv8/packages/ipkg-aarch64_generic/kmod-usb-net-qmi-wwan/lib/apk/packages/kmod-usb-net-qmi-wwan.conffiles); do [ -f /workspaces/openwrt-radxa-rock5b-plus/openwrt/build_dir/target-aarch64_generic_musl/linux-rockchip_armv8/packages/ipkg-aarch64_generic/kmod-usb-net-qmi-wwan/$file ] || continue; csum=$(/workspaces/openwrt-radxa-rock5b-plus/openwrt/staging_dir/host/bin/mkhash sha256 /workspaces/openwrt-radxa-rock5b-plus/openwrt/build_dir/target-aarch64_generic_musl/linux-rockchip_armv8/packages/ipkg-aarch64_generic/kmod-usb-net-qmi-wwan/$file); echo $file $csum >> /workspaces/openwrt-radxa-rock5b-plus/openwrt/build_dir/target-aarch64_generic_musl/linux-rockchip_armv8/packages/ipkg-aarch64_generic/kmod-usb-net-qmi-wwan/lib/apk/packages/kmod-usb-net-qmi-wwan.conffiles_static; done; fi
# Some package (base-files) manually append stuff to conffiles
# Append stuff from it and delete the CONTROL directory since everything else should be migrated
if [ -f /workspaces/openwrt-radxa-rock5b-plus/openwrt/build_dir/target-aarch64_generic_musl/linux-rockchip_armv8/packages/ipkg-aarch64_generic/kmod-usb-net-qmi-wwan/CONTROL/conffiles ]; then echo $(IDIR_kmod-usb-net-qmi-wwan)/CONTROL/conffiles >> /workspaces/openwrt-radxa-rock5b-plus/openwrt/build_dir/target-aarch64_generic_musl/linux-rockchip_armv8/packages/ipkg-aarch64_generic/kmod-usb-net-qmi-wwan/lib/apk/packages/kmod-usb-net-qmi-wwan.conffiles; for file in $(cat /workspaces/openwrt-radxa-rock5b-plus/openwrt/build_dir/target-aarch64_generic_musl/linux-rockchip_armv8/packages/ipkg-aarch64_generic/kmod-usb-net-qmi-wwan/CONTROL/conffiles); do [ -f /workspaces/openwrt-radxa-rock5b-plus/openwrt/build_dir/target-aarch64_generic_musl/linux-rockchip_armv8/packages/ipkg-aarch64_generic/kmod-usb-net-qmi-wwan/$file ] || continue; csum=$(/workspaces/openwrt-radxa-rock5b-plus/openwrt/staging_dir/host/bin/mkhash sha256 /workspaces/openwrt-radxa-rock5b-plus/openwrt/build_dir/target-aarch64_generic_musl/linux-rockchip_armv8/packages/ipkg-aarch64_generic/kmod-usb-net-qmi-wwan/$file); echo $file $csum >> /workspaces/openwrt-radxa-rock5b-plus/openwrt/build_dir/target-aarch64_generic_musl/linux-rockchip_armv8/packages/ipkg-aarch64_generic/kmod-usb-net-qmi-wwan/lib/apk/packages/kmod-usb-net-qmi-wwan.conffiles_static; done; rm -rf /workspaces/openwrt-radxa-rock5b-plus/openwrt/build_dir/target-aarch64_generic_musl/linux-rockchip_armv8/packages/ipkg-aarch64_generic/kmod-usb-net-qmi-wwan/CONTROL/conffiles; fi
if [ -z "$(ls -A /workspaces/openwrt-radxa-rock5b-plus/openwrt/build_dir/target-aarch64_generic_musl/linux-rockchip_armv8/packages/ipkg-aarch64_generic/kmod-usb-net-qmi-wwan/CONTROL 2>/dev/null)" ]; then rm -rf /workspaces/openwrt-radxa-rock5b-plus/openwrt/build_dir/target-aarch64_generic_musl/linux-rockchip_armv8/packages/ipkg-aarch64_generic/kmod-usb-net-qmi-wwan/CONTROL; else echo "CONTROL directory /workspaces/openwrt-radxa-rock5b-plus/openwrt/build_dir/target-aarch64_generic_musl/linux-rockchip_armv8/packages/ipkg-aarch64_generic/kmod-usb-net-qmi-wwan/CONTROL is not empty! This is not right and should be checked!" >&2; exit 1; fi
/workspaces/openwrt-radxa-rock5b-plus/openwrt/staging_dir/host/bin/fakeroot /workspaces/openwrt-radxa-rock5b-plus/openwrt/staging_dir/host/bin/apk mkpkg --info "name:kmod-usb-net-qmi-wwan" --info "version:6.12.45-r1"  --info "description:QMI WWAN driver for Qualcomm MSM based 3G and LTE modems" --info "arch:aarch64_generic" --info "license:GPL-2.0-only" --info "origin:feeds/base/kernel/linux" --info "url:" --info "maintainer:" --info "provides:"  --script "post-install:/workspaces/openwrt-radxa-rock5b-plus/openwrt/build_dir/target-aarch64_generic_musl/linux-rockchip_armv8/packages/apk-aarch64_generic/kmod-usb-net-qmi-wwan/post-install" --script "post-upgrade:/workspaces/openwrt-radxa-rock5b-plus/openwrt/build_dir/target-aarch64_generic_musl/linux-rockchip_armv8/packages/apk-aarch64_generic/kmod-usb-net-qmi-wwan/post-upgrade" --script "pre-deinstall:/workspaces/openwrt-radxa-rock5b-plus/openwrt/build_dir/target-aarch64_generic_musl/linux-rockchip_armv8/packages/apk-aarch64_generic/kmod-usb-net-qmi-wwan/pre-deinstall" --info "depends:kernel=6.12.45~bfdb4691414eb2d33b0186227f6f0e2d-r1 kmod-usb-net kmod-usb-wdm" --files "/workspaces/openwrt-radxa-rock5b-plus/openwrt/build_dir/target-aarch64_generic_musl/linux-rockchip_armv8/packages/ipkg-aarch64_generic/kmod-usb-net-qmi-wwan" --output "/workspaces/openwrt-radxa-rock5b-plus/openwrt/bin/targets/rockchip/armv8/packages/kmod-usb-net-qmi-wwan-6.12.45-r1.apk" --sign "/workspaces/openwrt-radxa-rock5b-plus/openwrt/private-key.pem"
[ -f /workspaces/openwrt-radxa-rock5b-plus/openwrt/bin/targets/rockchip/armv8/packages/kmod-usb-net-qmi-wwan-6.12.45-r1.apk ]
removed '/workspaces/openwrt-radxa-rock5b-plus/openwrt/bin/targets/rockchip/armv8/packages/kmod-usb-net-qmi-wwan-6.12.45-r1.apk'
rstrip.sh: /workspaces/openwrt-radxa-rock5b-plus/openwrt/build_dir/target-aarch64_generic_musl/linux-rockchip_armv8/packages/ipkg-aarch64_generic/kmod-usb-net-qmi-wwan/lib/modules/6.12.45/qmi_wwan.ko: relocatable
rm -rf /workspaces/openwrt-radxa-rock5b-plus/openwrt/build_dir/target-aarch64_generic_musl/linux-rockchip_armv8/packages/ipkg-aarch64_generic/kmod-usb-net-rtl8152
/workspaces/openwrt-radxa-rock5b-plus/openwrt/scripts/ipkg-remove kmod-usb-net-rtl8152 /workspaces/openwrt-radxa-rock5b-plus/openwrt/bin/targets/rockchip/armv8/packages/kmod-usb-net-rtl8152-6.12.45-r1.apk
mkdir -p /workspaces/openwrt-radxa-rock5b-plus/openwrt/bin/targets/rockchip/armv8/packages /workspaces/openwrt-radxa-rock5b-plus/openwrt/build_dir/target-aarch64_generic_musl/linux-rockchip_armv8/packages/ipkg-aarch64_generic/kmod-usb-net-rtl8152 /workspaces/openwrt-radxa-rock5b-plus/openwrt/staging_dir/target-aarch64_generic_musl/pkginfo
for mod in /workspaces/openwrt-radxa-rock5b-plus/openwrt/build_dir/target-aarch64_generic_musl/linux-rockchip_armv8/linux-6.12.45/drivers/net/usb/r8152.ko; do if grep -q "${mod##/workspaces/openwrt-radxa-rock5b-plus/openwrt/build_dir/target-aarch64_generic_musl/linux-rockchip_armv8/linux-6.12.45/}" "/workspaces/openwrt-radxa-rock5b-plus/openwrt/build_dir/target-aarch64_generic_musl/linux-rockchip_armv8/linux-6.12.45/modules.builtin"; then echo "NOTICE: module '$mod' is built-in."; elif [ -e $mod ]; then mkdir -p /workspaces/openwrt-radxa-rock5b-plus/openwrt/build_dir/target-aarch64_generic_musl/linux-rockchip_armv8/packages/ipkg-aarch64_generic/kmod-usb-net-rtl8152/lib/modules/6.12.45 ; cp -fpR -L $mod /workspaces/openwrt-radxa-rock5b-plus/openwrt/build_dir/target-aarch64_generic_musl/linux-rockchip_armv8/packages/ipkg-aarch64_generic/kmod-usb-net-rtl8152/lib/modules/6.12.45/ ; else echo "ERROR: module '$mod' is missing." >&2; exit 1; fi; done;
mkdir -p /workspaces/openwrt-radxa-rock5b-plus/openwrt/build_dir/target-aarch64_generic_musl/linux-rockchip_armv8/packages/ipkg-aarch64_generic/kmod-usb-net-rtl8152/etc/modules.d; ( echo "r8152"; ) > /workspaces/openwrt-radxa-rock5b-plus/openwrt/build_dir/target-aarch64_generic_musl/linux-rockchip_armv8/packages/ipkg-aarch64_generic/kmod-usb-net-rtl8152/etc/modules.d/usb-net-rtl8152; 



find /workspaces/openwrt-radxa-rock5b-plus/openwrt/build_dir/target-aarch64_generic_musl/linux-rockchip_armv8/packages/ipkg-aarch64_generic/kmod-usb-net-rtl8152 -name 'CVS' -o -name '.svn' -o -name '.#*' -o -name '*~'| xargs -r rm -rf
( find /workspaces/openwrt-radxa-rock5b-plus/openwrt/build_dir/target-aarch64_generic_musl/linux-rockchip_armv8/packages/ipkg-aarch64_generic/kmod-usb-net-rtl8152 -name lib\*.so\* -or -name \*.ko | awk -F/ '{ print $NF }'; for file in /workspaces/openwrt-radxa-rock5b-plus/openwrt/staging_dir/target-aarch64_generic_musl/pkginfo/r8152-firmware.provides /workspaces/openwrt-radxa-rock5b-plus/openwrt/staging_dir/target-aarch64_generic_musl/pkginfo/kmod-crypto-sha256.provides /workspaces/openwrt-radxa-rock5b-plus/openwrt/staging_dir/target-aarch64_generic_musl/pkginfo/kmod-mii.provides /workspaces/openwrt-radxa-rock5b-plus/openwrt/staging_dir/target-aarch64_generic_musl/pkginfo/kmod-libphy.provides /workspaces/openwrt-radxa-rock5b-plus/openwrt/staging_dir/target-aarch64_generic_musl/pkginfo/kmod-usb-core.provides; do if [ -f "$file" ]; then cat $file; fi; done;  ) | sort -u > /workspaces/openwrt-radxa-rock5b-plus/openwrt/staging_dir/target-aarch64_generic_musl/pkginfo/kmod-usb-net-rtl8152.provides

( rm -f /workspaces/openwrt-radxa-rock5b-plus/openwrt/staging_dir/target-aarch64_generic_musl/pkginfo/kmod-usb-net-rtl8152.missing; ( export READELF=aarch64-openwrt-linux-musl-readelf OBJCOPY=aarch64-openwrt-linux-musl-objcopy XARGS="xargs -r"; /workspaces/openwrt-radxa-rock5b-plus/openwrt/scripts/gen-dependencies.sh "/workspaces/openwrt-radxa-rock5b-plus/openwrt/build_dir/target-aarch64_generic_musl/linux-rockchip_armv8/packages/ipkg-aarch64_generic/kmod-usb-net-rtl8152"; ) | while read FILE; do grep -qxF "$FILE" /workspaces/openwrt-radxa-rock5b-plus/openwrt/staging_dir/target-aarch64_generic_musl/pkginfo/kmod-usb-net-rtl8152.provides || echo "$FILE" >> /workspaces/openwrt-radxa-rock5b-plus/openwrt/staging_dir/target-aarch64_generic_musl/pkginfo/kmod-usb-net-rtl8152.missing; done; if [ -f "/workspaces/openwrt-radxa-rock5b-plus/openwrt/staging_dir/target-aarch64_generic_musl/pkginfo/kmod-usb-net-rtl8152.missing" ]; then echo "Package kmod-usb-net-rtl8152 is missing dependencies for the following libraries:" >&2; cat "/workspaces/openwrt-radxa-rock5b-plus/openwrt/staging_dir/target-aarch64_generic_musl/pkginfo/kmod-usb-net-rtl8152.missing" >&2; false; fi; )
export CROSS="aarch64-openwrt-linux-musl-"  NO_RENAME=1 ; NM="aarch64-openwrt-linux-musl-nm" STRIP="/workspaces/openwrt-radxa-rock5b-plus/openwrt/staging_dir/host/bin/sstrip -z" STRIP_KMOD="/workspaces/openwrt-radxa-rock5b-plus/openwrt/scripts/strip-kmod.sh" PATCHELF="/workspaces/openwrt-radxa-rock5b-plus/openwrt/staging_dir/host/bin/patchelf" /workspaces/openwrt-radxa-rock5b-plus/openwrt/scripts/rstrip.sh /workspaces/openwrt-radxa-rock5b-plus/openwrt/build_dir/target-aarch64_generic_musl/linux-rockchip_armv8/packages/ipkg-aarch64_generic/kmod-usb-net-rtl8152
install -d -m0755 /workspaces/openwrt-radxa-rock5b-plus/openwrt/bin/targets/rockchip/armv8/packages/tmp
mkdir -p /workspaces/openwrt-radxa-rock5b-plus/openwrt/build_dir/target-aarch64_generic_musl/linux-rockchip_armv8/packages/apk-aarch64_generic/kmod-usb-net-rtl8152/
mkdir -p /workspaces/openwrt-radxa-rock5b-plus/openwrt/build_dir/target-aarch64_generic_musl/linux-rockchip_armv8/packages/ipkg-aarch64_generic/kmod-usb-net-rtl8152/lib/apk/packages/
(cd /workspaces/openwrt-radxa-rock5b-plus/openwrt/build_dir/target-aarch64_generic_musl/linux-rockchip_armv8/packages/apk-aarch64_generic/kmod-usb-net-rtl8152; )
( echo "#!/bin/sh"; echo "[ \"\${IPKG_NO_SCRIPT}\" = \"1\" ] && exit 0"; echo "[ -s "\${IPKG_INSTROOT}/lib/functions.sh" ] || exit 0"; echo ". \${IPKG_INSTROOT}/lib/functions.sh"; echo 'export root="${IPKG_INSTROOT}"'; echo 'export pkgname="kmod-usb-net-rtl8152"'; echo "add_group_and_user"; echo "default_postinst"; [ ! -f /workspaces/openwrt-radxa-rock5b-plus/openwrt/build_dir/target-aarch64_generic_musl/linux-rockchip_armv8/packages/apk-aarch64_generic/kmod-usb-net-rtl8152/postinst-pkg ] || sed -z 's/^\s*#!/#!/' "/workspaces/openwrt-radxa-rock5b-plus/openwrt/build_dir/target-aarch64_generic_musl/linux-rockchip_armv8/packages/apk-aarch64_generic/kmod-usb-net-rtl8152/postinst-pkg"; ) > /workspaces/openwrt-radxa-rock5b-plus/openwrt/build_dir/target-aarch64_generic_musl/linux-rockchip_armv8/packages/apk-aarch64_generic/kmod-usb-net-rtl8152/post-install;
( echo "#!/bin/sh"; echo 'export PKG_UPGRADE=1'; [ ! -f /workspaces/openwrt-radxa-rock5b-plus/openwrt/build_dir/target-aarch64_generic_musl/linux-rockchip_armv8/packages/apk-aarch64_generic/kmod-usb-net-rtl8152/post-install ] || sed -z 's/^\s*#!/#!/' "/workspaces/openwrt-radxa-rock5b-plus/openwrt/build_dir/target-aarch64_generic_musl/linux-rockchip_armv8/packages/apk-aarch64_generic/kmod-usb-net-rtl8152/post-install"; ) > /workspaces/openwrt-radxa-rock5b-plus/openwrt/build_dir/target-aarch64_generic_musl/linux-rockchip_armv8/packages/apk-aarch64_generic/kmod-usb-net-rtl8152/post-upgrade;
( echo "#!/bin/sh"; echo "[ -s "\${IPKG_INSTROOT}/lib/functions.sh" ] || exit 0"; echo ". \${IPKG_INSTROOT}/lib/functions.sh"; echo 'export root="${IPKG_INSTROOT}"'; echo 'export pkgname="kmod-usb-net-rtl8152"'; echo "default_prerm"; [ ! -f /workspaces/openwrt-radxa-rock5b-plus/openwrt/build_dir/target-aarch64_generic_musl/linux-rockchip_armv8/packages/apk-aarch64_generic/kmod-usb-net-rtl8152/prerm-pkg ] || sed -z 's/^\s*#!/#!/' "/workspaces/openwrt-radxa-rock5b-plus/openwrt/build_dir/target-aarch64_generic_musl/linux-rockchip_armv8/packages/apk-aarch64_generic/kmod-usb-net-rtl8152/prerm-pkg"; ) > /workspaces/openwrt-radxa-rock5b-plus/openwrt/build_dir/target-aarch64_generic_musl/linux-rockchip_armv8/packages/apk-aarch64_generic/kmod-usb-net-rtl8152/pre-deinstall;
[ ! -f /workspaces/openwrt-radxa-rock5b-plus/openwrt/build_dir/target-aarch64_generic_musl/linux-rockchip_armv8/packages/apk-aarch64_generic/kmod-usb-net-rtl8152/postrm ] || sed -zi 's/^\s*#!/#!/' "/workspaces/openwrt-radxa-rock5b-plus/openwrt/build_dir/target-aarch64_generic_musl/linux-rockchip_armv8/packages/apk-aarch64_generic/kmod-usb-net-rtl8152/postrm";
if [ -n "" ]; then echo  > /workspaces/openwrt-radxa-rock5b-plus/openwrt/build_dir/target-aarch64_generic_musl/linux-rockchip_armv8/packages/ipkg-aarch64_generic/kmod-usb-net-rtl8152/lib/apk/packages/kmod-usb-net-rtl8152.rusers; fi;
if [ -n "" ]; then echo  > /workspaces/openwrt-radxa-rock5b-plus/openwrt/build_dir/target-aarch64_generic_musl/linux-rockchip_armv8/packages/ipkg-aarch64_generic/kmod-usb-net-rtl8152/lib/apk/packages/kmod-usb-net-rtl8152.alternatives; fi;
(cd /workspaces/openwrt-radxa-rock5b-plus/openwrt/build_dir/target-aarch64_generic_musl/linux-rockchip_armv8/packages/ipkg-aarch64_generic/kmod-usb-net-rtl8152 && find . -type f,l -printf "/%P\n" | sort > /workspaces/openwrt-radxa-rock5b-plus/openwrt/tmp/kmod-usb-net-rtl8152.list && mv /workspaces/openwrt-radxa-rock5b-plus/openwrt/tmp/kmod-usb-net-rtl8152.list /workspaces/openwrt-radxa-rock5b-plus/openwrt/build_dir/target-aarch64_generic_musl/linux-rockchip_armv8/packages/ipkg-aarch64_generic/kmod-usb-net-rtl8152/lib/apk/packages/kmod-usb-net-rtl8152.list)
# Move conffiles to IDIR and build conffiles_static with csums
if [ -f /workspaces/openwrt-radxa-rock5b-plus/openwrt/build_dir/target-aarch64_generic_musl/linux-rockchip_armv8/packages/apk-aarch64_generic/kmod-usb-net-rtl8152/conffiles ]; then mv -f /workspaces/openwrt-radxa-rock5b-plus/openwrt/build_dir/target-aarch64_generic_musl/linux-rockchip_armv8/packages/apk-aarch64_generic/kmod-usb-net-rtl8152/conffiles /workspaces/openwrt-radxa-rock5b-plus/openwrt/build_dir/target-aarch64_generic_musl/linux-rockchip_armv8/packages/ipkg-aarch64_generic/kmod-usb-net-rtl8152/lib/apk/packages/kmod-usb-net-rtl8152.conffiles; for file in $(cat /workspaces/openwrt-radxa-rock5b-plus/openwrt/build_dir/target-aarch64_generic_musl/linux-rockchip_armv8/packages/ipkg-aarch64_generic/kmod-usb-net-rtl8152/lib/apk/packages/kmod-usb-net-rtl8152.conffiles); do [ -f /workspaces/openwrt-radxa-rock5b-plus/openwrt/build_dir/target-aarch64_generic_musl/linux-rockchip_armv8/packages/ipkg-aarch64_generic/kmod-usb-net-rtl8152/$file ] || continue; csum=$(/workspaces/openwrt-radxa-rock5b-plus/openwrt/staging_dir/host/bin/mkhash sha256 /workspaces/openwrt-radxa-rock5b-plus/openwrt/build_dir/target-aarch64_generic_musl/linux-rockchip_armv8/packages/ipkg-aarch64_generic/kmod-usb-net-rtl8152/$file); echo $file $csum >> /workspaces/openwrt-radxa-rock5b-plus/openwrt/build_dir/target-aarch64_generic_musl/linux-rockchip_armv8/packages/ipkg-aarch64_generic/kmod-usb-net-rtl8152/lib/apk/packages/kmod-usb-net-rtl8152.conffiles_static; done; fi
# Some package (base-files) manually append stuff to conffiles
# Append stuff from it and delete the CONTROL directory since everything else should be migrated
if [ -f /workspaces/openwrt-radxa-rock5b-plus/openwrt/build_dir/target-aarch64_generic_musl/linux-rockchip_armv8/packages/ipkg-aarch64_generic/kmod-usb-net-rtl8152/CONTROL/conffiles ]; then echo $(IDIR_kmod-usb-net-rtl8152)/CONTROL/conffiles >> /workspaces/openwrt-radxa-rock5b-plus/openwrt/build_dir/target-aarch64_generic_musl/linux-rockchip_armv8/packages/ipkg-aarch64_generic/kmod-usb-net-rtl8152/lib/apk/packages/kmod-usb-net-rtl8152.conffiles; for file in $(cat /workspaces/openwrt-radxa-rock5b-plus/openwrt/build_dir/target-aarch64_generic_musl/linux-rockchip_armv8/packages/ipkg-aarch64_generic/kmod-usb-net-rtl8152/CONTROL/conffiles); do [ -f /workspaces/openwrt-radxa-rock5b-plus/openwrt/build_dir/target-aarch64_generic_musl/linux-rockchip_armv8/packages/ipkg-aarch64_generic/kmod-usb-net-rtl8152/$file ] || continue; csum=$(/workspaces/openwrt-radxa-rock5b-plus/openwrt/staging_dir/host/bin/mkhash sha256 /workspaces/openwrt-radxa-rock5b-plus/openwrt/build_dir/target-aarch64_generic_musl/linux-rockchip_armv8/packages/ipkg-aarch64_generic/kmod-usb-net-rtl8152/$file); echo $file $csum >> /workspaces/openwrt-radxa-rock5b-plus/openwrt/build_dir/target-aarch64_generic_musl/linux-rockchip_armv8/packages/ipkg-aarch64_generic/kmod-usb-net-rtl8152/lib/apk/packages/kmod-usb-net-rtl8152.conffiles_static; done; rm -rf /workspaces/openwrt-radxa-rock5b-plus/openwrt/build_dir/target-aarch64_generic_musl/linux-rockchip_armv8/packages/ipkg-aarch64_generic/kmod-usb-net-rtl8152/CONTROL/conffiles; fi
if [ -z "$(ls -A /workspaces/openwrt-radxa-rock5b-plus/openwrt/build_dir/target-aarch64_generic_musl/linux-rockchip_armv8/packages/ipkg-aarch64_generic/kmod-usb-net-rtl8152/CONTROL 2>/dev/null)" ]; then rm -rf /workspaces/openwrt-radxa-rock5b-plus/openwrt/build_dir/target-aarch64_generic_musl/linux-rockchip_armv8/packages/ipkg-aarch64_generic/kmod-usb-net-rtl8152/CONTROL; else echo "CONTROL directory /workspaces/openwrt-radxa-rock5b-plus/openwrt/build_dir/target-aarch64_generic_musl/linux-rockchip_armv8/packages/ipkg-aarch64_generic/kmod-usb-net-rtl8152/CONTROL is not empty! This is not right and should be checked!" >&2; exit 1; fi
/workspaces/openwrt-radxa-rock5b-plus/openwrt/staging_dir/host/bin/fakeroot /workspaces/openwrt-radxa-rock5b-plus/openwrt/staging_dir/host/bin/apk mkpkg --info "name:kmod-usb-net-rtl8152" --info "version:6.12.45-r1"  --info "description:Kernel module for USB-to-Ethernet Realtek 8152 USB2.0/3.0 convertors" --info "arch:aarch64_generic" --info "license:GPL-2.0-only" --info "origin:feeds/base/kernel/linux" --info "url:" --info "maintainer:" --info "provides:"  --script "post-install:/workspaces/openwrt-radxa-rock5b-plus/openwrt/build_dir/target-aarch64_generic_musl/linux-rockchip_armv8/packages/apk-aarch64_generic/kmod-usb-net-rtl8152/post-install" --script "post-upgrade:/workspaces/openwrt-radxa-rock5b-plus/openwrt/build_dir/target-aarch64_generic_musl/linux-rockchip_armv8/packages/apk-aarch64_generic/kmod-usb-net-rtl8152/post-upgrade" --script "pre-deinstall:/workspaces/openwrt-radxa-rock5b-plus/openwrt/build_dir/target-aarch64_generic_musl/linux-rockchip_armv8/packages/apk-aarch64_generic/kmod-usb-net-rtl8152/pre-deinstall" --info "depends:kernel=6.12.45~bfdb4691414eb2d33b0186227f6f0e2d-r1 r8152-firmware kmod-crypto-sha256 kmod-mii kmod-libphy kmod-usb-core" --files "/workspaces/openwrt-radxa-rock5b-plus/openwrt/build_dir/target-aarch64_generic_musl/linux-rockchip_armv8/packages/ipkg-aarch64_generic/kmod-usb-net-rtl8152" --output "/workspaces/openwrt-radxa-rock5b-plus/openwrt/bin/targets/rockchip/armv8/packages/kmod-usb-net-rtl8152-6.12.45-r1.apk" --sign "/workspaces/openwrt-radxa-rock5b-plus/openwrt/private-key.pem"
[ -f /workspaces/openwrt-radxa-rock5b-plus/openwrt/bin/targets/rockchip/armv8/packages/kmod-usb-net-rtl8152-6.12.45-r1.apk ]
removed '/workspaces/openwrt-radxa-rock5b-plus/openwrt/bin/targets/rockchip/armv8/packages/kmod-usb-net-rtl8152-6.12.45-r1.apk'
rstrip.sh: /workspaces/openwrt-radxa-rock5b-plus/openwrt/build_dir/target-aarch64_generic_musl/linux-rockchip_armv8/packages/ipkg-aarch64_generic/kmod-usb-net-rtl8152/lib/modules/6.12.45/r8152.ko: relocatable
echo "kernel" >> /workspaces/openwrt-radxa-rock5b-plus/openwrt/staging_dir/target-aarch64_generic_musl/pkginfo/linux.default.install
rm -rf /workspaces/openwrt-radxa-rock5b-plus/openwrt/build_dir/target-aarch64_generic_musl/linux-rockchip_armv8/packages/.pkgdir/kmod-nvme.installed /workspaces/openwrt-radxa-rock5b-plus/openwrt/build_dir/target-aarch64_generic_musl/linux-rockchip_armv8/packages/.pkgdir/kmod-nvme
mkdir -p /workspaces/openwrt-radxa-rock5b-plus/openwrt/build_dir/target-aarch64_generic_musl/linux-rockchip_armv8/packages/.pkgdir/kmod-nvme
for mod in /workspaces/openwrt-radxa-rock5b-plus/openwrt/build_dir/target-aarch64_generic_musl/linux-rockchip_armv8/linux-6.12.45/drivers/nvme/host/nvme-core.ko /workspaces/openwrt-radxa-rock5b-plus/openwrt/build_dir/target-aarch64_generic_musl/linux-rockchip_armv8/linux-6.12.45/drivers/nvme/host/nvme.ko; do if grep -q "${mod##/workspaces/openwrt-radxa-rock5b-plus/openwrt/build_dir/target-aarch64_generic_musl/linux-rockchip_armv8/linux-6.12.45/}" "/workspaces/openwrt-radxa-rock5b-plus/openwrt/build_dir/target-aarch64_generic_musl/linux-rockchip_armv8/linux-6.12.45/modules.builtin"; then echo "NOTICE: module '$mod' is built-in."; elif [ -e $mod ]; then mkdir -p /workspaces/openwrt-radxa-rock5b-plus/openwrt/build_dir/target-aarch64_generic_musl/linux-rockchip_armv8/packages/.pkgdir/kmod-nvme/lib/modules/6.12.45 ; cp -fpR -L $mod /workspaces/openwrt-radxa-rock5b-plus/openwrt/build_dir/target-aarch64_generic_musl/linux-rockchip_armv8/packages/.pkgdir/kmod-nvme/lib/modules/6.12.45/ ; else echo "ERROR: module '$mod' is missing." >&2; exit 1; fi; done;
mkdir -p /workspaces/openwrt-radxa-rock5b-plus/openwrt/build_dir/target-aarch64_generic_musl/linux-rockchip_armv8/packages/.pkgdir/kmod-nvme/etc/modules.d; ( echo "nvme";   echo "nvme-core"; ) > /workspaces/openwrt-radxa-rock5b-plus/openwrt/build_dir/target-aarch64_generic_musl/linux-rockchip_armv8/packages/.pkgdir/kmod-nvme/etc/modules.d/30-nvme;  mkdir -p /workspaces/openwrt-radxa-rock5b-plus/openwrt/build_dir/target-aarch64_generic_musl/linux-rockchip_armv8/packages/.pkgdir/kmod-nvme/etc/modules-boot.d; ln -sf ../modules.d/30-nvme /workspaces/openwrt-radxa-rock5b-plus/openwrt/build_dir/target-aarch64_generic_musl/linux-rockchip_armv8/packages/.pkgdir/kmod-nvme/etc/modules-boot.d/;


touch /workspaces/openwrt-radxa-rock5b-plus/openwrt/build_dir/target-aarch64_generic_musl/linux-rockchip_armv8/packages/.pkgdir/kmod-nvme.installed
NOTICE: module '/workspaces/openwrt-radxa-rock5b-plus/openwrt/build_dir/target-aarch64_generic_musl/linux-rockchip_armv8/linux-6.12.45/drivers/nvme/host/nvme-core.ko' is built-in.
NOTICE: module '/workspaces/openwrt-radxa-rock5b-plus/openwrt/build_dir/target-aarch64_generic_musl/linux-rockchip_armv8/linux-6.12.45/drivers/nvme/host/nvme.ko' is built-in.
rm -rf /workspaces/openwrt-radxa-rock5b-plus/openwrt/build_dir/target-aarch64_generic_musl/linux-rockchip_armv8/packages/.pkgdir/kmod-scsi-core.installed /workspaces/openwrt-radxa-rock5b-plus/openwrt/build_dir/target-aarch64_generic_musl/linux-rockchip_armv8/packages/.pkgdir/kmod-scsi-core
mkdir -p /workspaces/openwrt-radxa-rock5b-plus/openwrt/build_dir/target-aarch64_generic_musl/linux-rockchip_armv8/packages/.pkgdir/kmod-scsi-core
for mod in /workspaces/openwrt-radxa-rock5b-plus/openwrt/build_dir/target-aarch64_generic_musl/linux-rockchip_armv8/linux-6.12.45/drivers/scsi/scsi_mod.ko /workspaces/openwrt-radxa-rock5b-plus/openwrt/build_dir/target-aarch64_generic_musl/linux-rockchip_armv8/linux-6.12.45/drivers/scsi/scsi_common.ko /workspaces/openwrt-radxa-rock5b-plus/openwrt/build_dir/target-aarch64_generic_musl/linux-rockchip_armv8/linux-6.12.45/drivers/scsi/sd_mod.ko; do if grep -q "${mod##/workspaces/openwrt-radxa-rock5b-plus/openwrt/build_dir/target-aarch64_generic_musl/linux-rockchip_armv8/linux-6.12.45/}" "/workspaces/openwrt-radxa-rock5b-plus/openwrt/build_dir/target-aarch64_generic_musl/linux-rockchip_armv8/linux-6.12.45/modules.builtin"; then echo "NOTICE: module '$mod' is built-in."; elif [ -e $mod ]; then mkdir -p /workspaces/openwrt-radxa-rock5b-plus/openwrt/build_dir/target-aarch64_generic_musl/linux-rockchip_armv8/packages/.pkgdir/kmod-scsi-core/lib/modules/6.12.45 ; cp -fpR -L $mod /workspaces/openwrt-radxa-rock5b-plus/openwrt/build_dir/target-aarch64_generic_musl/linux-rockchip_armv8/packages/.pkgdir/kmod-scsi-core/lib/modules/6.12.45/ ; else echo "ERROR: module '$mod' is missing." >&2; exit 1; fi; done;
mkdir -p /workspaces/openwrt-radxa-rock5b-plus/openwrt/build_dir/target-aarch64_generic_musl/linux-rockchip_armv8/packages/.pkgdir/kmod-scsi-core/etc/modules.d; ( echo "scsi_common";   echo "scsi_mod";   echo "sd_mod"; ) > /workspaces/openwrt-radxa-rock5b-plus/openwrt/build_dir/target-aarch64_generic_musl/linux-rockchip_armv8/packages/.pkgdir/kmod-scsi-core/etc/modules.d/40-scsi-core;  mkdir -p /workspaces/openwrt-radxa-rock5b-plus/openwrt/build_dir/target-aarch64_generic_musl/linux-rockchip_armv8/packages/.pkgdir/kmod-scsi-core/etc/modules-boot.d; ln -sf ../modules.d/40-scsi-core /workspaces/openwrt-radxa-rock5b-plus/openwrt/build_dir/target-aarch64_generic_musl/linux-rockchip_armv8/packages/.pkgdir/kmod-scsi-core/etc/modules-boot.d/;


touch /workspaces/openwrt-radxa-rock5b-plus/openwrt/build_dir/target-aarch64_generic_musl/linux-rockchip_armv8/packages/.pkgdir/kmod-scsi-core.installed
NOTICE: module '/workspaces/openwrt-radxa-rock5b-plus/openwrt/build_dir/target-aarch64_generic_musl/linux-rockchip_armv8/linux-6.12.45/drivers/scsi/scsi_mod.ko' is built-in.
NOTICE: module '/workspaces/openwrt-radxa-rock5b-plus/openwrt/build_dir/target-aarch64_generic_musl/linux-rockchip_armv8/linux-6.12.45/drivers/scsi/scsi_common.ko' is built-in.
NOTICE: module '/workspaces/openwrt-radxa-rock5b-plus/openwrt/build_dir/target-aarch64_generic_musl/linux-rockchip_armv8/linux-6.12.45/drivers/scsi/sd_mod.ko' is built-in.
rm -rf /workspaces/openwrt-radxa-rock5b-plus/openwrt/build_dir/target-aarch64_generic_musl/linux-rockchip_armv8/packages/.pkgdir/kmod-crypto-aead.installed /workspaces/openwrt-radxa-rock5b-plus/openwrt/build_dir/target-aarch64_generic_musl/linux-rockchip_armv8/packages/.pkgdir/kmod-crypto-aead
mkdir -p /workspaces/openwrt-radxa-rock5b-plus/openwrt/build_dir/target-aarch64_generic_musl/linux-rockchip_armv8/packages/.pkgdir/kmod-crypto-aead
for mod in /workspaces/openwrt-radxa-rock5b-plus/openwrt/build_dir/target-aarch64_generic_musl/linux-rockchip_armv8/linux-6.12.45/crypto/aead.ko; do if grep -q "${mod##/workspaces/openwrt-radxa-rock5b-plus/openwrt/build_dir/target-aarch64_generic_musl/linux-rockchip_armv8/linux-6.12.45/}" "/workspaces/openwrt-radxa-rock5b-plus/openwrt/build_dir/target-aarch64_generic_musl/linux-rockchip_armv8/linux-6.12.45/modules.builtin"; then echo "NOTICE: module '$mod' is built-in."; elif [ -e $mod ]; then mkdir -p /workspaces/openwrt-radxa-rock5b-plus/openwrt/build_dir/target-aarch64_generic_musl/linux-rockchip_armv8/packages/.pkgdir/kmod-crypto-aead/lib/modules/6.12.45 ; cp -fpR -L $mod /workspaces/openwrt-radxa-rock5b-plus/openwrt/build_dir/target-aarch64_generic_musl/linux-rockchip_armv8/packages/.pkgdir/kmod-crypto-aead/lib/modules/6.12.45/ ; else echo "ERROR: module '$mod' is missing." >&2; exit 1; fi; done;
mkdir -p /workspaces/openwrt-radxa-rock5b-plus/openwrt/build_dir/target-aarch64_generic_musl/linux-rockchip_armv8/packages/.pkgdir/kmod-crypto-aead/etc/modules.d; ( echo "aead"; ) > /workspaces/openwrt-radxa-rock5b-plus/openwrt/build_dir/target-aarch64_generic_musl/linux-rockchip_armv8/packages/.pkgdir/kmod-crypto-aead/etc/modules.d/09-crypto-aead;  mkdir -p /workspaces/openwrt-radxa-rock5b-plus/openwrt/build_dir/target-aarch64_generic_musl/linux-rockchip_armv8/packages/.pkgdir/kmod-crypto-aead/etc/modules-boot.d; ln -sf ../modules.d/09-crypto-aead /workspaces/openwrt-radxa-rock5b-plus/openwrt/build_dir/target-aarch64_generic_musl/linux-rockchip_armv8/packages/.pkgdir/kmod-crypto-aead/etc/modules-boot.d/;


touch /workspaces/openwrt-radxa-rock5b-plus/openwrt/build_dir/target-aarch64_generic_musl/linux-rockchip_armv8/packages/.pkgdir/kmod-crypto-aead.installed
NOTICE: module '/workspaces/openwrt-radxa-rock5b-plus/openwrt/build_dir/target-aarch64_generic_musl/linux-rockchip_armv8/linux-6.12.45/crypto/aead.ko' is built-in.
rm -rf /workspaces/openwrt-radxa-rock5b-plus/openwrt/build_dir/target-aarch64_generic_musl/linux-rockchip_armv8/packages/.pkgdir/kmod-crypto-ccm.installed /workspaces/openwrt-radxa-rock5b-plus/openwrt/build_dir/target-aarch64_generic_musl/linux-rockchip_armv8/packages/.pkgdir/kmod-crypto-ccm
mkdir -p /workspaces/openwrt-radxa-rock5b-plus/openwrt/build_dir/target-aarch64_generic_musl/linux-rockchip_armv8/packages/.pkgdir/kmod-crypto-ccm
for mod in /workspaces/openwrt-radxa-rock5b-plus/openwrt/build_dir/target-aarch64_generic_musl/linux-rockchip_armv8/linux-6.12.45/crypto/ccm.ko; do if grep -q "${mod##/workspaces/openwrt-radxa-rock5b-plus/openwrt/build_dir/target-aarch64_generic_musl/linux-rockchip_armv8/linux-6.12.45/}" "/workspaces/openwrt-radxa-rock5b-plus/openwrt/build_dir/target-aarch64_generic_musl/linux-rockchip_armv8/linux-6.12.45/modules.builtin"; then echo "NOTICE: module '$mod' is built-in."; elif [ -e $mod ]; then mkdir -p /workspaces/openwrt-radxa-rock5b-plus/openwrt/build_dir/target-aarch64_generic_musl/linux-rockchip_armv8/packages/.pkgdir/kmod-crypto-ccm/lib/modules/6.12.45 ; cp -fpR -L $mod /workspaces/openwrt-radxa-rock5b-plus/openwrt/build_dir/target-aarch64_generic_musl/linux-rockchip_armv8/packages/.pkgdir/kmod-crypto-ccm/lib/modules/6.12.45/ ; else echo "ERROR: module '$mod' is missing." >&2; exit 1; fi; done;
mkdir -p /workspaces/openwrt-radxa-rock5b-plus/openwrt/build_dir/target-aarch64_generic_musl/linux-rockchip_armv8/packages/.pkgdir/kmod-crypto-ccm/etc/modules.d; ( echo "ccm"; ) > /workspaces/openwrt-radxa-rock5b-plus/openwrt/build_dir/target-aarch64_generic_musl/linux-rockchip_armv8/packages/.pkgdir/kmod-crypto-ccm/etc/modules.d/09-crypto-ccm; 


touch /workspaces/openwrt-radxa-rock5b-plus/openwrt/build_dir/target-aarch64_generic_musl/linux-rockchip_armv8/packages/.pkgdir/kmod-crypto-ccm.installed
NOTICE: module '/workspaces/openwrt-radxa-rock5b-plus/openwrt/build_dir/target-aarch64_generic_musl/linux-rockchip_armv8/linux-6.12.45/crypto/ccm.ko' is built-in.
rm -rf /workspaces/openwrt-radxa-rock5b-plus/openwrt/build_dir/target-aarch64_generic_musl/linux-rockchip_armv8/packages/.pkgdir/kmod-crypto-cmac.installed /workspaces/openwrt-radxa-rock5b-plus/openwrt/build_dir/target-aarch64_generic_musl/linux-rockchip_armv8/packages/.pkgdir/kmod-crypto-cmac
mkdir -p /workspaces/openwrt-radxa-rock5b-plus/openwrt/build_dir/target-aarch64_generic_musl/linux-rockchip_armv8/packages/.pkgdir/kmod-crypto-cmac
for mod in /workspaces/openwrt-radxa-rock5b-plus/openwrt/build_dir/target-aarch64_generic_musl/linux-rockchip_armv8/linux-6.12.45/crypto/cmac.ko; do if grep -q "${mod##/workspaces/openwrt-radxa-rock5b-plus/openwrt/build_dir/target-aarch64_generic_musl/linux-rockchip_armv8/linux-6.12.45/}" "/workspaces/openwrt-radxa-rock5b-plus/openwrt/build_dir/target-aarch64_generic_musl/linux-rockchip_armv8/linux-6.12.45/modules.builtin"; then echo "NOTICE: module '$mod' is built-in."; elif [ -e $mod ]; then mkdir -p /workspaces/openwrt-radxa-rock5b-plus/openwrt/build_dir/target-aarch64_generic_musl/linux-rockchip_armv8/packages/.pkgdir/kmod-crypto-cmac/lib/modules/6.12.45 ; cp -fpR -L $mod /workspaces/openwrt-radxa-rock5b-plus/openwrt/build_dir/target-aarch64_generic_musl/linux-rockchip_armv8/packages/.pkgdir/kmod-crypto-cmac/lib/modules/6.12.45/ ; else echo "ERROR: module '$mod' is missing." >&2; exit 1; fi; done;
mkdir -p /workspaces/openwrt-radxa-rock5b-plus/openwrt/build_dir/target-aarch64_generic_musl/linux-rockchip_armv8/packages/.pkgdir/kmod-crypto-cmac/etc/modules.d; ( echo "cmac"; ) > /workspaces/openwrt-radxa-rock5b-plus/openwrt/build_dir/target-aarch64_generic_musl/linux-rockchip_armv8/packages/.pkgdir/kmod-crypto-cmac/etc/modules.d/09-crypto-cmac; 


touch /workspaces/openwrt-radxa-rock5b-plus/openwrt/build_dir/target-aarch64_generic_musl/linux-rockchip_armv8/packages/.pkgdir/kmod-crypto-cmac.installed
rm -rf /workspaces/openwrt-radxa-rock5b-plus/openwrt/build_dir/target-aarch64_generic_musl/linux-rockchip_armv8/packages/.pkgdir/kmod-crypto-crc32c.installed /workspaces/openwrt-radxa-rock5b-plus/openwrt/build_dir/target-aarch64_generic_musl/linux-rockchip_armv8/packages/.pkgdir/kmod-crypto-crc32c
mkdir -p /workspaces/openwrt-radxa-rock5b-plus/openwrt/build_dir/target-aarch64_generic_musl/linux-rockchip_armv8/packages/.pkgdir/kmod-crypto-crc32c
for mod in /workspaces/openwrt-radxa-rock5b-plus/openwrt/build_dir/target-aarch64_generic_musl/linux-rockchip_armv8/linux-6.12.45/crypto/crc32c_generic.ko; do if grep -q "${mod##/workspaces/openwrt-radxa-rock5b-plus/openwrt/build_dir/target-aarch64_generic_musl/linux-rockchip_armv8/linux-6.12.45/}" "/workspaces/openwrt-radxa-rock5b-plus/openwrt/build_dir/target-aarch64_generic_musl/linux-rockchip_armv8/linux-6.12.45/modules.builtin"; then echo "NOTICE: module '$mod' is built-in."; elif [ -e $mod ]; then mkdir -p /workspaces/openwrt-radxa-rock5b-plus/openwrt/build_dir/target-aarch64_generic_musl/linux-rockchip_armv8/packages/.pkgdir/kmod-crypto-crc32c/lib/modules/6.12.45 ; cp -fpR -L $mod /workspaces/openwrt-radxa-rock5b-plus/openwrt/build_dir/target-aarch64_generic_musl/linux-rockchip_armv8/packages/.pkgdir/kmod-crypto-crc32c/lib/modules/6.12.45/ ; else echo "ERROR: module '$mod' is missing." >&2; exit 1; fi; done;
mkdir -p /workspaces/openwrt-radxa-rock5b-plus/openwrt/build_dir/target-aarch64_generic_musl/linux-rockchip_armv8/packages/.pkgdir/kmod-crypto-crc32c/etc/modules.d; ( echo "crc32c_generic"; ) > /workspaces/openwrt-radxa-rock5b-plus/openwrt/build_dir/target-aarch64_generic_musl/linux-rockchip_armv8/packages/.pkgdir/kmod-crypto-crc32c/etc/modules.d/04-crypto-crc32c;  mkdir -p /workspaces/openwrt-radxa-rock5b-plus/openwrt/build_dir/target-aarch64_generic_musl/linux-rockchip_armv8/packages/.pkgdir/kmod-crypto-crc32c/etc/modules-boot.d; ln -sf ../modules.d/04-crypto-crc32c /workspaces/openwrt-radxa-rock5b-plus/openwrt/build_dir/target-aarch64_generic_musl/linux-rockchip_armv8/packages/.pkgdir/kmod-crypto-crc32c/etc/modules-boot.d/;


touch /workspaces/openwrt-radxa-rock5b-plus/openwrt/build_dir/target-aarch64_generic_musl/linux-rockchip_armv8/packages/.pkgdir/kmod-crypto-crc32c.installed
NOTICE: module '/workspaces/openwrt-radxa-rock5b-plus/openwrt/build_dir/target-aarch64_generic_musl/linux-rockchip_armv8/linux-6.12.45/crypto/crc32c_generic.ko' is built-in.
rm -rf /workspaces/openwrt-radxa-rock5b-plus/openwrt/build_dir/target-aarch64_generic_musl/linux-rockchip_armv8/packages/.pkgdir/kmod-crypto-ctr.installed /workspaces/openwrt-radxa-rock5b-plus/openwrt/build_dir/target-aarch64_generic_musl/linux-rockchip_armv8/packages/.pkgdir/kmod-crypto-ctr
mkdir -p /workspaces/openwrt-radxa-rock5b-plus/openwrt/build_dir/target-aarch64_generic_musl/linux-rockchip_armv8/packages/.pkgdir/kmod-crypto-ctr
for mod in /workspaces/openwrt-radxa-rock5b-plus/openwrt/build_dir/target-aarch64_generic_musl/linux-rockchip_armv8/linux-6.12.45/crypto/ctr.ko; do if grep -q "${mod##/workspaces/openwrt-radxa-rock5b-plus/openwrt/build_dir/target-aarch64_generic_musl/linux-rockchip_armv8/linux-6.12.45/}" "/workspaces/openwrt-radxa-rock5b-plus/openwrt/build_dir/target-aarch64_generic_musl/linux-rockchip_armv8/linux-6.12.45/modules.builtin"; then echo "NOTICE: module '$mod' is built-in."; elif [ -e $mod ]; then mkdir -p /workspaces/openwrt-radxa-rock5b-plus/openwrt/build_dir/target-aarch64_generic_musl/linux-rockchip_armv8/packages/.pkgdir/kmod-crypto-ctr/lib/modules/6.12.45 ; cp -fpR -L $mod /workspaces/openwrt-radxa-rock5b-plus/openwrt/build_dir/target-aarch64_generic_musl/linux-rockchip_armv8/packages/.pkgdir/kmod-crypto-ctr/lib/modules/6.12.45/ ; else echo "ERROR: module '$mod' is missing." >&2; exit 1; fi; done;
mkdir -p /workspaces/openwrt-radxa-rock5b-plus/openwrt/build_dir/target-aarch64_generic_musl/linux-rockchip_armv8/packages/.pkgdir/kmod-crypto-ctr/etc/modules.d; ( echo "ctr"; ) > /workspaces/openwrt-radxa-rock5b-plus/openwrt/build_dir/target-aarch64_generic_musl/linux-rockchip_armv8/packages/.pkgdir/kmod-crypto-ctr/etc/modules.d/09-crypto-ctr; 


touch /workspaces/openwrt-radxa-rock5b-plus/openwrt/build_dir/target-aarch64_generic_musl/linux-rockchip_armv8/packages/.pkgdir/kmod-crypto-ctr.installed
NOTICE: module '/workspaces/openwrt-radxa-rock5b-plus/openwrt/build_dir/target-aarch64_generic_musl/linux-rockchip_armv8/linux-6.12.45/crypto/ctr.ko' is built-in.
rm -rf /workspaces/openwrt-radxa-rock5b-plus/openwrt/build_dir/target-aarch64_generic_musl/linux-rockchip_armv8/packages/.pkgdir/kmod-crypto-gcm.installed /workspaces/openwrt-radxa-rock5b-plus/openwrt/build_dir/target-aarch64_generic_musl/linux-rockchip_armv8/packages/.pkgdir/kmod-crypto-gcm
mkdir -p /workspaces/openwrt-radxa-rock5b-plus/openwrt/build_dir/target-aarch64_generic_musl/linux-rockchip_armv8/packages/.pkgdir/kmod-crypto-gcm
for mod in /workspaces/openwrt-radxa-rock5b-plus/openwrt/build_dir/target-aarch64_generic_musl/linux-rockchip_armv8/linux-6.12.45/crypto/gcm.ko; do if grep -q "${mod##/workspaces/openwrt-radxa-rock5b-plus/openwrt/build_dir/target-aarch64_generic_musl/linux-rockchip_armv8/linux-6.12.45/}" "/workspaces/openwrt-radxa-rock5b-plus/openwrt/build_dir/target-aarch64_generic_musl/linux-rockchip_armv8/linux-6.12.45/modules.builtin"; then echo "NOTICE: module '$mod' is built-in."; elif [ -e $mod ]; then mkdir -p /workspaces/openwrt-radxa-rock5b-plus/openwrt/build_dir/target-aarch64_generic_musl/linux-rockchip_armv8/packages/.pkgdir/kmod-crypto-gcm/lib/modules/6.12.45 ; cp -fpR -L $mod /workspaces/openwrt-radxa-rock5b-plus/openwrt/build_dir/target-aarch64_generic_musl/linux-rockchip_armv8/packages/.pkgdir/kmod-crypto-gcm/lib/modules/6.12.45/ ; else echo "ERROR: module '$mod' is missing." >&2; exit 1; fi; done;
mkdir -p /workspaces/openwrt-radxa-rock5b-plus/openwrt/build_dir/target-aarch64_generic_musl/linux-rockchip_armv8/packages/.pkgdir/kmod-crypto-gcm/etc/modules.d; ( echo "gcm"; ) > /workspaces/openwrt-radxa-rock5b-plus/openwrt/build_dir/target-aarch64_generic_musl/linux-rockchip_armv8/packages/.pkgdir/kmod-crypto-gcm/etc/modules.d/09-crypto-gcm; 


touch /workspaces/openwrt-radxa-rock5b-plus/openwrt/build_dir/target-aarch64_generic_musl/linux-rockchip_armv8/packages/.pkgdir/kmod-crypto-gcm.installed
NOTICE: module '/workspaces/openwrt-radxa-rock5b-plus/openwrt/build_dir/target-aarch64_generic_musl/linux-rockchip_armv8/linux-6.12.45/crypto/gcm.ko' is built-in.
rm -rf /workspaces/openwrt-radxa-rock5b-plus/openwrt/build_dir/target-aarch64_generic_musl/linux-rockchip_armv8/packages/.pkgdir/kmod-crypto-gf128.installed /workspaces/openwrt-radxa-rock5b-plus/openwrt/build_dir/target-aarch64_generic_musl/linux-rockchip_armv8/packages/.pkgdir/kmod-crypto-gf128
mkdir -p /workspaces/openwrt-radxa-rock5b-plus/openwrt/build_dir/target-aarch64_generic_musl/linux-rockchip_armv8/packages/.pkgdir/kmod-crypto-gf128
for mod in /workspaces/openwrt-radxa-rock5b-plus/openwrt/build_dir/target-aarch64_generic_musl/linux-rockchip_armv8/linux-6.12.45/lib/crypto/gf128mul.ko; do if grep -q "${mod##/workspaces/openwrt-radxa-rock5b-plus/openwrt/build_dir/target-aarch64_generic_musl/linux-rockchip_armv8/linux-6.12.45/}" "/workspaces/openwrt-radxa-rock5b-plus/openwrt/build_dir/target-aarch64_generic_musl/linux-rockchip_armv8/linux-6.12.45/modules.builtin"; then echo "NOTICE: module '$mod' is built-in."; elif [ -e $mod ]; then mkdir -p /workspaces/openwrt-radxa-rock5b-plus/openwrt/build_dir/target-aarch64_generic_musl/linux-rockchip_armv8/packages/.pkgdir/kmod-crypto-gf128/lib/modules/6.12.45 ; cp -fpR -L $mod /workspaces/openwrt-radxa-rock5b-plus/openwrt/build_dir/target-aarch64_generic_musl/linux-rockchip_armv8/packages/.pkgdir/kmod-crypto-gf128/lib/modules/6.12.45/ ; else echo "ERROR: module '$mod' is missing." >&2; exit 1; fi; done;
mkdir -p /workspaces/openwrt-radxa-rock5b-plus/openwrt/build_dir/target-aarch64_generic_musl/linux-rockchip_armv8/packages/.pkgdir/kmod-crypto-gf128/etc/modules.d; ( echo "gf128mul"; ) > /workspaces/openwrt-radxa-rock5b-plus/openwrt/build_dir/target-aarch64_generic_musl/linux-rockchip_armv8/packages/.pkgdir/kmod-crypto-gf128/etc/modules.d/09-crypto-gf128; 


touch /workspaces/openwrt-radxa-rock5b-plus/openwrt/build_dir/target-aarch64_generic_musl/linux-rockchip_armv8/packages/.pkgdir/kmod-crypto-gf128.installed
NOTICE: module '/workspaces/openwrt-radxa-rock5b-plus/openwrt/build_dir/target-aarch64_generic_musl/linux-rockchip_armv8/linux-6.12.45/lib/crypto/gf128mul.ko' is built-in.
rm -rf /workspaces/openwrt-radxa-rock5b-plus/openwrt/build_dir/target-aarch64_generic_musl/linux-rockchip_armv8/packages/.pkgdir/kmod-crypto-ghash.installed /workspaces/openwrt-radxa-rock5b-plus/openwrt/build_dir/target-aarch64_generic_musl/linux-rockchip_armv8/packages/.pkgdir/kmod-crypto-ghash
mkdir -p /workspaces/openwrt-radxa-rock5b-plus/openwrt/build_dir/target-aarch64_generic_musl/linux-rockchip_armv8/packages/.pkgdir/kmod-crypto-ghash
for mod in /workspaces/openwrt-radxa-rock5b-plus/openwrt/build_dir/target-aarch64_generic_musl/linux-rockchip_armv8/linux-6.12.45/crypto/ghash-generic.ko; do if grep -q "${mod##/workspaces/openwrt-radxa-rock5b-plus/openwrt/build_dir/target-aarch64_generic_musl/linux-rockchip_armv8/linux-6.12.45/}" "/workspaces/openwrt-radxa-rock5b-plus/openwrt/build_dir/target-aarch64_generic_musl/linux-rockchip_armv8/linux-6.12.45/modules.builtin"; then echo "NOTICE: module '$mod' is built-in."; elif [ -e $mod ]; then mkdir -p /workspaces/openwrt-radxa-rock5b-plus/openwrt/build_dir/target-aarch64_generic_musl/linux-rockchip_armv8/packages/.pkgdir/kmod-crypto-ghash/lib/modules/6.12.45 ; cp -fpR -L $mod /workspaces/openwrt-radxa-rock5b-plus/openwrt/build_dir/target-aarch64_generic_musl/linux-rockchip_armv8/packages/.pkgdir/kmod-crypto-ghash/lib/modules/6.12.45/ ; else echo "ERROR: module '$mod' is missing." >&2; exit 1; fi; done;
mkdir -p /workspaces/openwrt-radxa-rock5b-plus/openwrt/build_dir/target-aarch64_generic_musl/linux-rockchip_armv8/packages/.pkgdir/kmod-crypto-ghash/etc/modules.d; ( echo "ghash-generic"; ) > /workspaces/openwrt-radxa-rock5b-plus/openwrt/build_dir/target-aarch64_generic_musl/linux-rockchip_armv8/packages/.pkgdir/kmod-crypto-ghash/etc/modules.d/09-crypto-ghash; 


touch /workspaces/openwrt-radxa-rock5b-plus/openwrt/build_dir/target-aarch64_generic_musl/linux-rockchip_armv8/packages/.pkgdir/kmod-crypto-ghash.installed
NOTICE: module '/workspaces/openwrt-radxa-rock5b-plus/openwrt/build_dir/target-aarch64_generic_musl/linux-rockchip_armv8/linux-6.12.45/crypto/ghash-generic.ko' is built-in.
rm -rf /workspaces/openwrt-radxa-rock5b-plus/openwrt/build_dir/target-aarch64_generic_musl/linux-rockchip_armv8/packages/.pkgdir/kmod-crypto-hash.installed /workspaces/openwrt-radxa-rock5b-plus/openwrt/build_dir/target-aarch64_generic_musl/linux-rockchip_armv8/packages/.pkgdir/kmod-crypto-hash
mkdir -p /workspaces/openwrt-radxa-rock5b-plus/openwrt/build_dir/target-aarch64_generic_musl/linux-rockchip_armv8/packages/.pkgdir/kmod-crypto-hash
for mod in /workspaces/openwrt-radxa-rock5b-plus/openwrt/build_dir/target-aarch64_generic_musl/linux-rockchip_armv8/linux-6.12.45/crypto/crypto_hash.ko; do if grep -q "${mod##/workspaces/openwrt-radxa-rock5b-plus/openwrt/build_dir/target-aarch64_generic_musl/linux-rockchip_armv8/linux-6.12.45/}" "/workspaces/openwrt-radxa-rock5b-plus/openwrt/build_dir/target-aarch64_generic_musl/linux-rockchip_armv8/linux-6.12.45/modules.builtin"; then echo "NOTICE: module '$mod' is built-in."; elif [ -e $mod ]; then mkdir -p /workspaces/openwrt-radxa-rock5b-plus/openwrt/build_dir/target-aarch64_generic_musl/linux-rockchip_armv8/packages/.pkgdir/kmod-crypto-hash/lib/modules/6.12.45 ; cp -fpR -L $mod /workspaces/openwrt-radxa-rock5b-plus/openwrt/build_dir/target-aarch64_generic_musl/linux-rockchip_armv8/packages/.pkgdir/kmod-crypto-hash/lib/modules/6.12.45/ ; else echo "ERROR: module '$mod' is missing." >&2; exit 1; fi; done;
mkdir -p /workspaces/openwrt-radxa-rock5b-plus/openwrt/build_dir/target-aarch64_generic_musl/linux-rockchip_armv8/packages/.pkgdir/kmod-crypto-hash/etc/modules.d; ( echo "crypto_hash"; ) > /workspaces/openwrt-radxa-rock5b-plus/openwrt/build_dir/target-aarch64_generic_musl/linux-rockchip_armv8/packages/.pkgdir/kmod-crypto-hash/etc/modules.d/02-crypto-hash;  mkdir -p /workspaces/openwrt-radxa-rock5b-plus/openwrt/build_dir/target-aarch64_generic_musl/linux-rockchip_armv8/packages/.pkgdir/kmod-crypto-hash/etc/modules-boot.d; ln -sf ../modules.d/02-crypto-hash /workspaces/openwrt-radxa-rock5b-plus/openwrt/build_dir/target-aarch64_generic_musl/linux-rockchip_armv8/packages/.pkgdir/kmod-crypto-hash/etc/modules-boot.d/;


touch /workspaces/openwrt-radxa-rock5b-plus/openwrt/build_dir/target-aarch64_generic_musl/linux-rockchip_armv8/packages/.pkgdir/kmod-crypto-hash.installed
NOTICE: module '/workspaces/openwrt-radxa-rock5b-plus/openwrt/build_dir/target-aarch64_generic_musl/linux-rockchip_armv8/linux-6.12.45/crypto/crypto_hash.ko' is built-in.
rm -rf /workspaces/openwrt-radxa-rock5b-plus/openwrt/build_dir/target-aarch64_generic_musl/linux-rockchip_armv8/packages/.pkgdir/kmod-crypto-hmac.installed /workspaces/openwrt-radxa-rock5b-plus/openwrt/build_dir/target-aarch64_generic_musl/linux-rockchip_armv8/packages/.pkgdir/kmod-crypto-hmac
mkdir -p /workspaces/openwrt-radxa-rock5b-plus/openwrt/build_dir/target-aarch64_generic_musl/linux-rockchip_armv8/packages/.pkgdir/kmod-crypto-hmac
for mod in /workspaces/openwrt-radxa-rock5b-plus/openwrt/build_dir/target-aarch64_generic_musl/linux-rockchip_armv8/linux-6.12.45/crypto/hmac.ko; do if grep -q "${mod##/workspaces/openwrt-radxa-rock5b-plus/openwrt/build_dir/target-aarch64_generic_musl/linux-rockchip_armv8/linux-6.12.45/}" "/workspaces/openwrt-radxa-rock5b-plus/openwrt/build_dir/target-aarch64_generic_musl/linux-rockchip_armv8/linux-6.12.45/modules.builtin"; then echo "NOTICE: module '$mod' is built-in."; elif [ -e $mod ]; then mkdir -p /workspaces/openwrt-radxa-rock5b-plus/openwrt/build_dir/target-aarch64_generic_musl/linux-rockchip_armv8/packages/.pkgdir/kmod-crypto-hmac/lib/modules/6.12.45 ; cp -fpR -L $mod /workspaces/openwrt-radxa-rock5b-plus/openwrt/build_dir/target-aarch64_generic_musl/linux-rockchip_armv8/packages/.pkgdir/kmod-crypto-hmac/lib/modules/6.12.45/ ; else echo "ERROR: module '$mod' is missing." >&2; exit 1; fi; done;
mkdir -p /workspaces/openwrt-radxa-rock5b-plus/openwrt/build_dir/target-aarch64_generic_musl/linux-rockchip_armv8/packages/.pkgdir/kmod-crypto-hmac/etc/modules.d; ( echo "hmac"; ) > /workspaces/openwrt-radxa-rock5b-plus/openwrt/build_dir/target-aarch64_generic_musl/linux-rockchip_armv8/packages/.pkgdir/kmod-crypto-hmac/etc/modules.d/09-crypto-hmac; 


touch /workspaces/openwrt-radxa-rock5b-plus/openwrt/build_dir/target-aarch64_generic_musl/linux-rockchip_armv8/packages/.pkgdir/kmod-crypto-hmac.installed
rm -rf /workspaces/openwrt-radxa-rock5b-plus/openwrt/build_dir/target-aarch64_generic_musl/linux-rockchip_armv8/packages/.pkgdir/kmod-crypto-manager.installed /workspaces/openwrt-radxa-rock5b-plus/openwrt/build_dir/target-aarch64_generic_musl/linux-rockchip_armv8/packages/.pkgdir/kmod-crypto-manager
mkdir -p /workspaces/openwrt-radxa-rock5b-plus/openwrt/build_dir/target-aarch64_generic_musl/linux-rockchip_armv8/packages/.pkgdir/kmod-crypto-manager
for mod in /workspaces/openwrt-radxa-rock5b-plus/openwrt/build_dir/target-aarch64_generic_musl/linux-rockchip_armv8/linux-6.12.45/crypto/cryptomgr.ko; do if grep -q "${mod##/workspaces/openwrt-radxa-rock5b-plus/openwrt/build_dir/target-aarch64_generic_musl/linux-rockchip_armv8/linux-6.12.45/}" "/workspaces/openwrt-radxa-rock5b-plus/openwrt/build_dir/target-aarch64_generic_musl/linux-rockchip_armv8/linux-6.12.45/modules.builtin"; then echo "NOTICE: module '$mod' is built-in."; elif [ -e $mod ]; then mkdir -p /workspaces/openwrt-radxa-rock5b-plus/openwrt/build_dir/target-aarch64_generic_musl/linux-rockchip_armv8/packages/.pkgdir/kmod-crypto-manager/lib/modules/6.12.45 ; cp -fpR -L $mod /workspaces/openwrt-radxa-rock5b-plus/openwrt/build_dir/target-aarch64_generic_musl/linux-rockchip_armv8/packages/.pkgdir/kmod-crypto-manager/lib/modules/6.12.45/ ; else echo "ERROR: module '$mod' is missing." >&2; exit 1; fi; done;
mkdir -p /workspaces/openwrt-radxa-rock5b-plus/openwrt/build_dir/target-aarch64_generic_musl/linux-rockchip_armv8/packages/.pkgdir/kmod-crypto-manager/etc/modules.d; ( echo "cryptomgr"; ) > /workspaces/openwrt-radxa-rock5b-plus/openwrt/build_dir/target-aarch64_generic_musl/linux-rockchip_armv8/packages/.pkgdir/kmod-crypto-manager/etc/modules.d/09-crypto-manager;  mkdir -p /workspaces/openwrt-radxa-rock5b-plus/openwrt/build_dir/target-aarch64_generic_musl/linux-rockchip_armv8/packages/.pkgdir/kmod-crypto-manager/etc/modules-boot.d; ln -sf ../modules.d/09-crypto-manager /workspaces/openwrt-radxa-rock5b-plus/openwrt/build_dir/target-aarch64_generic_musl/linux-rockchip_armv8/packages/.pkgdir/kmod-crypto-manager/etc/modules-boot.d/;


touch /workspaces/openwrt-radxa-rock5b-plus/openwrt/build_dir/target-aarch64_generic_musl/linux-rockchip_armv8/packages/.pkgdir/kmod-crypto-manager.installed
NOTICE: module '/workspaces/openwrt-radxa-rock5b-plus/openwrt/build_dir/target-aarch64_generic_musl/linux-rockchip_armv8/linux-6.12.45/crypto/cryptomgr.ko' is built-in.
rm -rf /workspaces/openwrt-radxa-rock5b-plus/openwrt/build_dir/target-aarch64_generic_musl/linux-rockchip_armv8/packages/.pkgdir/kmod-crypto-null.installed /workspaces/openwrt-radxa-rock5b-plus/openwrt/build_dir/target-aarch64_generic_musl/linux-rockchip_armv8/packages/.pkgdir/kmod-crypto-null
mkdir -p /workspaces/openwrt-radxa-rock5b-plus/openwrt/build_dir/target-aarch64_generic_musl/linux-rockchip_armv8/packages/.pkgdir/kmod-crypto-null
for mod in /workspaces/openwrt-radxa-rock5b-plus/openwrt/build_dir/target-aarch64_generic_musl/linux-rockchip_armv8/linux-6.12.45/crypto/crypto_null.ko; do if grep -q "${mod##/workspaces/openwrt-radxa-rock5b-plus/openwrt/build_dir/target-aarch64_generic_musl/linux-rockchip_armv8/linux-6.12.45/}" "/workspaces/openwrt-radxa-rock5b-plus/openwrt/build_dir/target-aarch64_generic_musl/linux-rockchip_armv8/linux-6.12.45/modules.builtin"; then echo "NOTICE: module '$mod' is built-in."; elif [ -e $mod ]; then mkdir -p /workspaces/openwrt-radxa-rock5b-plus/openwrt/build_dir/target-aarch64_generic_musl/linux-rockchip_armv8/packages/.pkgdir/kmod-crypto-null/lib/modules/6.12.45 ; cp -fpR -L $mod /workspaces/openwrt-radxa-rock5b-plus/openwrt/build_dir/target-aarch64_generic_musl/linux-rockchip_armv8/packages/.pkgdir/kmod-crypto-null/lib/modules/6.12.45/ ; else echo "ERROR: module '$mod' is missing." >&2; exit 1; fi; done;
mkdir -p /workspaces/openwrt-radxa-rock5b-plus/openwrt/build_dir/target-aarch64_generic_musl/linux-rockchip_armv8/packages/.pkgdir/kmod-crypto-null/etc/modules.d; ( echo "crypto_null"; ) > /workspaces/openwrt-radxa-rock5b-plus/openwrt/build_dir/target-aarch64_generic_musl/linux-rockchip_armv8/packages/.pkgdir/kmod-crypto-null/etc/modules.d/09-crypto-null; 


touch /workspaces/openwrt-radxa-rock5b-plus/openwrt/build_dir/target-aarch64_generic_musl/linux-rockchip_armv8/packages/.pkgdir/kmod-crypto-null.installed
NOTICE: module '/workspaces/openwrt-radxa-rock5b-plus/openwrt/build_dir/target-aarch64_generic_musl/linux-rockchip_armv8/linux-6.12.45/crypto/crypto_null.ko' is built-in.
rm -rf /workspaces/openwrt-radxa-rock5b-plus/openwrt/build_dir/target-aarch64_generic_musl/linux-rockchip_armv8/packages/.pkgdir/kmod-crypto-rng.installed /workspaces/openwrt-radxa-rock5b-plus/openwrt/build_dir/target-aarch64_generic_musl/linux-rockchip_armv8/packages/.pkgdir/kmod-crypto-rng
mkdir -p /workspaces/openwrt-radxa-rock5b-plus/openwrt/build_dir/target-aarch64_generic_musl/linux-rockchip_armv8/packages/.pkgdir/kmod-crypto-rng
for mod in /workspaces/openwrt-radxa-rock5b-plus/openwrt/build_dir/target-aarch64_generic_musl/linux-rockchip_armv8/linux-6.12.45/crypto/drbg.ko /workspaces/openwrt-radxa-rock5b-plus/openwrt/build_dir/target-aarch64_generic_musl/linux-rockchip_armv8/linux-6.12.45/crypto/jitterentropy_rng.ko /workspaces/openwrt-radxa-rock5b-plus/openwrt/build_dir/target-aarch64_generic_musl/linux-rockchip_armv8/linux-6.12.45/crypto/rng.ko; do if grep -q "${mod##/workspaces/openwrt-radxa-rock5b-plus/openwrt/build_dir/target-aarch64_generic_musl/linux-rockchip_armv8/linux-6.12.45/}" "/workspaces/openwrt-radxa-rock5b-plus/openwrt/build_dir/target-aarch64_generic_musl/linux-rockchip_armv8/linux-6.12.45/modules.builtin"; then echo "NOTICE: module '$mod' is built-in."; elif [ -e $mod ]; then mkdir -p /workspaces/openwrt-radxa-rock5b-plus/openwrt/build_dir/target-aarch64_generic_musl/linux-rockchip_armv8/packages/.pkgdir/kmod-crypto-rng/lib/modules/6.12.45 ; cp -fpR -L $mod /workspaces/openwrt-radxa-rock5b-plus/openwrt/build_dir/target-aarch64_generic_musl/linux-rockchip_armv8/packages/.pkgdir/kmod-crypto-rng/lib/modules/6.12.45/ ; else echo "ERROR: module '$mod' is missing." >&2; exit 1; fi; done;
mkdir -p /workspaces/openwrt-radxa-rock5b-plus/openwrt/build_dir/target-aarch64_generic_musl/linux-rockchip_armv8/packages/.pkgdir/kmod-crypto-rng/etc/modules.d; ( echo "drbg";   echo "jitterentropy_rng";   echo "rng"; ) > /workspaces/openwrt-radxa-rock5b-plus/openwrt/build_dir/target-aarch64_generic_musl/linux-rockchip_armv8/packages/.pkgdir/kmod-crypto-rng/etc/modules.d/09-crypto-rng; 


touch /workspaces/openwrt-radxa-rock5b-plus/openwrt/build_dir/target-aarch64_generic_musl/linux-rockchip_armv8/packages/.pkgdir/kmod-crypto-rng.installed
rm -rf /workspaces/openwrt-radxa-rock5b-plus/openwrt/build_dir/target-aarch64_generic_musl/linux-rockchip_armv8/packages/.pkgdir/kmod-crypto-geniv.installed /workspaces/openwrt-radxa-rock5b-plus/openwrt/build_dir/target-aarch64_generic_musl/linux-rockchip_armv8/packages/.pkgdir/kmod-crypto-geniv
mkdir -p /workspaces/openwrt-radxa-rock5b-plus/openwrt/build_dir/target-aarch64_generic_musl/linux-rockchip_armv8/packages/.pkgdir/kmod-crypto-geniv
for mod in /workspaces/openwrt-radxa-rock5b-plus/openwrt/build_dir/target-aarch64_generic_musl/linux-rockchip_armv8/linux-6.12.45/crypto/geniv.ko; do if grep -q "${mod##/workspaces/openwrt-radxa-rock5b-plus/openwrt/build_dir/target-aarch64_generic_musl/linux-rockchip_armv8/linux-6.12.45/}" "/workspaces/openwrt-radxa-rock5b-plus/openwrt/build_dir/target-aarch64_generic_musl/linux-rockchip_armv8/linux-6.12.45/modules.builtin"; then echo "NOTICE: module '$mod' is built-in."; elif [ -e $mod ]; then mkdir -p /workspaces/openwrt-radxa-rock5b-plus/openwrt/build_dir/target-aarch64_generic_musl/linux-rockchip_armv8/packages/.pkgdir/kmod-crypto-geniv/lib/modules/6.12.45 ; cp -fpR -L $mod /workspaces/openwrt-radxa-rock5b-plus/openwrt/build_dir/target-aarch64_generic_musl/linux-rockchip_armv8/packages/.pkgdir/kmod-crypto-geniv/lib/modules/6.12.45/ ; else echo "ERROR: module '$mod' is missing." >&2; exit 1; fi; done;
mkdir -p /workspaces/openwrt-radxa-rock5b-plus/openwrt/build_dir/target-aarch64_generic_musl/linux-rockchip_armv8/packages/.pkgdir/kmod-crypto-geniv/etc/modules.d; ( echo "geniv"; ) > /workspaces/openwrt-radxa-rock5b-plus/openwrt/build_dir/target-aarch64_generic_musl/linux-rockchip_armv8/packages/.pkgdir/kmod-crypto-geniv/etc/modules.d/09-crypto-geniv; 


touch /workspaces/openwrt-radxa-rock5b-plus/openwrt/build_dir/target-aarch64_generic_musl/linux-rockchip_armv8/packages/.pkgdir/kmod-crypto-geniv.installed
rm -rf /workspaces/openwrt-radxa-rock5b-plus/openwrt/build_dir/target-aarch64_generic_musl/linux-rockchip_armv8/packages/.pkgdir/kmod-crypto-seqiv.installed /workspaces/openwrt-radxa-rock5b-plus/openwrt/build_dir/target-aarch64_generic_musl/linux-rockchip_armv8/packages/.pkgdir/kmod-crypto-seqiv
mkdir -p /workspaces/openwrt-radxa-rock5b-plus/openwrt/build_dir/target-aarch64_generic_musl/linux-rockchip_armv8/packages/.pkgdir/kmod-crypto-seqiv
for mod in /workspaces/openwrt-radxa-rock5b-plus/openwrt/build_dir/target-aarch64_generic_musl/linux-rockchip_armv8/linux-6.12.45/crypto/seqiv.ko; do if grep -q "${mod##/workspaces/openwrt-radxa-rock5b-plus/openwrt/build_dir/target-aarch64_generic_musl/linux-rockchip_armv8/linux-6.12.45/}" "/workspaces/openwrt-radxa-rock5b-plus/openwrt/build_dir/target-aarch64_generic_musl/linux-rockchip_armv8/linux-6.12.45/modules.builtin"; then echo "NOTICE: module '$mod' is built-in."; elif [ -e $mod ]; then mkdir -p /workspaces/openwrt-radxa-rock5b-plus/openwrt/build_dir/target-aarch64_generic_musl/linux-rockchip_armv8/packages/.pkgdir/kmod-crypto-seqiv/lib/modules/6.12.45 ; cp -fpR -L $mod /workspaces/openwrt-radxa-rock5b-plus/openwrt/build_dir/target-aarch64_generic_musl/linux-rockchip_armv8/packages/.pkgdir/kmod-crypto-seqiv/lib/modules/6.12.45/ ; else echo "ERROR: module '$mod' is missing." >&2; exit 1; fi; done;
mkdir -p /workspaces/openwrt-radxa-rock5b-plus/openwrt/build_dir/target-aarch64_generic_musl/linux-rockchip_armv8/packages/.pkgdir/kmod-crypto-seqiv/etc/modules.d; ( echo "seqiv"; ) > /workspaces/openwrt-radxa-rock5b-plus/openwrt/build_dir/target-aarch64_generic_musl/linux-rockchip_armv8/packages/.pkgdir/kmod-crypto-seqiv/etc/modules.d/09-crypto-seqiv; 


touch /workspaces/openwrt-radxa-rock5b-plus/openwrt/build_dir/target-aarch64_generic_musl/linux-rockchip_armv8/packages/.pkgdir/kmod-crypto-seqiv.installed
rm -rf /workspaces/openwrt-radxa-rock5b-plus/openwrt/build_dir/target-aarch64_generic_musl/linux-rockchip_armv8/packages/.pkgdir/kmod-crypto-sha3.installed /workspaces/openwrt-radxa-rock5b-plus/openwrt/build_dir/target-aarch64_generic_musl/linux-rockchip_armv8/packages/.pkgdir/kmod-crypto-sha3
mkdir -p /workspaces/openwrt-radxa-rock5b-plus/openwrt/build_dir/target-aarch64_generic_musl/linux-rockchip_armv8/packages/.pkgdir/kmod-crypto-sha3
for mod in /workspaces/openwrt-radxa-rock5b-plus/openwrt/build_dir/target-aarch64_generic_musl/linux-rockchip_armv8/linux-6.12.45/crypto/sha3_generic.ko; do if grep -q "${mod##/workspaces/openwrt-radxa-rock5b-plus/openwrt/build_dir/target-aarch64_generic_musl/linux-rockchip_armv8/linux-6.12.45/}" "/workspaces/openwrt-radxa-rock5b-plus/openwrt/build_dir/target-aarch64_generic_musl/linux-rockchip_armv8/linux-6.12.45/modules.builtin"; then echo "NOTICE: module '$mod' is built-in."; elif [ -e $mod ]; then mkdir -p /workspaces/openwrt-radxa-rock5b-plus/openwrt/build_dir/target-aarch64_generic_musl/linux-rockchip_armv8/packages/.pkgdir/kmod-crypto-sha3/lib/modules/6.12.45 ; cp -fpR -L $mod /workspaces/openwrt-radxa-rock5b-plus/openwrt/build_dir/target-aarch64_generic_musl/linux-rockchip_armv8/packages/.pkgdir/kmod-crypto-sha3/lib/modules/6.12.45/ ; else echo "ERROR: module '$mod' is missing." >&2; exit 1; fi; done;
mkdir -p /workspaces/openwrt-radxa-rock5b-plus/openwrt/build_dir/target-aarch64_generic_musl/linux-rockchip_armv8/packages/.pkgdir/kmod-crypto-sha3/etc/modules.d; ( echo "sha3_generic"; ) > /workspaces/openwrt-radxa-rock5b-plus/openwrt/build_dir/target-aarch64_generic_musl/linux-rockchip_armv8/packages/.pkgdir/kmod-crypto-sha3/etc/modules.d/09-crypto-sha3; 


touch /workspaces/openwrt-radxa-rock5b-plus/openwrt/build_dir/target-aarch64_generic_musl/linux-rockchip_armv8/packages/.pkgdir/kmod-crypto-sha3.installed
rm -rf /workspaces/openwrt-radxa-rock5b-plus/openwrt/build_dir/target-aarch64_generic_musl/linux-rockchip_armv8/packages/.pkgdir/kmod-crypto-sha256.installed /workspaces/openwrt-radxa-rock5b-plus/openwrt/build_dir/target-aarch64_generic_musl/linux-rockchip_armv8/packages/.pkgdir/kmod-crypto-sha256
mkdir -p /workspaces/openwrt-radxa-rock5b-plus/openwrt/build_dir/target-aarch64_generic_musl/linux-rockchip_armv8/packages/.pkgdir/kmod-crypto-sha256
for mod in /workspaces/openwrt-radxa-rock5b-plus/openwrt/build_dir/target-aarch64_generic_musl/linux-rockchip_armv8/linux-6.12.45/crypto/sha256_generic.ko /workspaces/openwrt-radxa-rock5b-plus/openwrt/build_dir/target-aarch64_generic_musl/linux-rockchip_armv8/linux-6.12.45/lib/crypto/libsha256.ko /workspaces/openwrt-radxa-rock5b-plus/openwrt/build_dir/target-aarch64_generic_musl/linux-rockchip_armv8/linux-6.12.45/arch/arm64/crypto/sha256-arm64.ko; do if grep -q "${mod##/workspaces/openwrt-radxa-rock5b-plus/openwrt/build_dir/target-aarch64_generic_musl/linux-rockchip_armv8/linux-6.12.45/}" "/workspaces/openwrt-radxa-rock5b-plus/openwrt/build_dir/target-aarch64_generic_musl/linux-rockchip_armv8/linux-6.12.45/modules.builtin"; then echo "NOTICE: module '$mod' is built-in."; elif [ -e $mod ]; then mkdir -p /workspaces/openwrt-radxa-rock5b-plus/openwrt/build_dir/target-aarch64_generic_musl/linux-rockchip_armv8/packages/.pkgdir/kmod-crypto-sha256/lib/modules/6.12.45 ; cp -fpR -L $mod /workspaces/openwrt-radxa-rock5b-plus/openwrt/build_dir/target-aarch64_generic_musl/linux-rockchip_armv8/packages/.pkgdir/kmod-crypto-sha256/lib/modules/6.12.45/ ; else echo "ERROR: module '$mod' is missing." >&2; exit 1; fi; done;
mkdir -p /workspaces/openwrt-radxa-rock5b-plus/openwrt/build_dir/target-aarch64_generic_musl/linux-rockchip_armv8/packages/.pkgdir/kmod-crypto-sha256/etc/modules.d; ( echo "0";   echo "09";   echo "sha256-arm64";   echo "sha256_generic"; ) > /workspaces/openwrt-radxa-rock5b-plus/openwrt/build_dir/target-aarch64_generic_musl/linux-rockchip_armv8/packages/.pkgdir/kmod-crypto-sha256/etc/modules.d/09-crypto-sha256; 


touch /workspaces/openwrt-radxa-rock5b-plus/openwrt/build_dir/target-aarch64_generic_musl/linux-rockchip_armv8/packages/.pkgdir/kmod-crypto-sha256.installed
NOTICE: module '/workspaces/openwrt-radxa-rock5b-plus/openwrt/build_dir/target-aarch64_generic_musl/linux-rockchip_armv8/linux-6.12.45/crypto/sha256_generic.ko' is built-in.
NOTICE: module '/workspaces/openwrt-radxa-rock5b-plus/openwrt/build_dir/target-aarch64_generic_musl/linux-rockchip_armv8/linux-6.12.45/lib/crypto/libsha256.ko' is built-in.
rm -rf /workspaces/openwrt-radxa-rock5b-plus/openwrt/build_dir/target-aarch64_generic_musl/linux-rockchip_armv8/packages/.pkgdir/kmod-crypto-sha512.installed /workspaces/openwrt-radxa-rock5b-plus/openwrt/build_dir/target-aarch64_generic_musl/linux-rockchip_armv8/packages/.pkgdir/kmod-crypto-sha512
mkdir -p /workspaces/openwrt-radxa-rock5b-plus/openwrt/build_dir/target-aarch64_generic_musl/linux-rockchip_armv8/packages/.pkgdir/kmod-crypto-sha512
for mod in /workspaces/openwrt-radxa-rock5b-plus/openwrt/build_dir/target-aarch64_generic_musl/linux-rockchip_armv8/linux-6.12.45/crypto/sha512_generic.ko /workspaces/openwrt-radxa-rock5b-plus/openwrt/build_dir/target-aarch64_generic_musl/linux-rockchip_armv8/linux-6.12.45/arch/arm64/crypto/sha512-arm64.ko; do if grep -q "${mod##/workspaces/openwrt-radxa-rock5b-plus/openwrt/build_dir/target-aarch64_generic_musl/linux-rockchip_armv8/linux-6.12.45/}" "/workspaces/openwrt-radxa-rock5b-plus/openwrt/build_dir/target-aarch64_generic_musl/linux-rockchip_armv8/linux-6.12.45/modules.builtin"; then echo "NOTICE: module '$mod' is built-in."; elif [ -e $mod ]; then mkdir -p /workspaces/openwrt-radxa-rock5b-plus/openwrt/build_dir/target-aarch64_generic_musl/linux-rockchip_armv8/packages/.pkgdir/kmod-crypto-sha512/lib/modules/6.12.45 ; cp -fpR -L $mod /workspaces/openwrt-radxa-rock5b-plus/openwrt/build_dir/target-aarch64_generic_musl/linux-rockchip_armv8/packages/.pkgdir/kmod-crypto-sha512/lib/modules/6.12.45/ ; else echo "ERROR: module '$mod' is missing." >&2; exit 1; fi; done;
mkdir -p /workspaces/openwrt-radxa-rock5b-plus/openwrt/build_dir/target-aarch64_generic_musl/linux-rockchip_armv8/packages/.pkgdir/kmod-crypto-sha512/etc/modules.d; ( echo "0";   echo "09";   echo "sha512-arm64";   echo "sha512_generic"; ) > /workspaces/openwrt-radxa-rock5b-plus/openwrt/build_dir/target-aarch64_generic_musl/linux-rockchip_armv8/packages/.pkgdir/kmod-crypto-sha512/etc/modules.d/09-crypto-sha512; 


touch /workspaces/openwrt-radxa-rock5b-plus/openwrt/build_dir/target-aarch64_generic_musl/linux-rockchip_armv8/packages/.pkgdir/kmod-crypto-sha512.installed
rm -rf /workspaces/openwrt-radxa-rock5b-plus/openwrt/build_dir/target-aarch64_generic_musl/linux-rockchip_armv8/packages/.pkgdir/kmod-fs-exfat.installed /workspaces/openwrt-radxa-rock5b-plus/openwrt/build_dir/target-aarch64_generic_musl/linux-rockchip_armv8/packages/.pkgdir/kmod-fs-exfat
mkdir -p /workspaces/openwrt-radxa-rock5b-plus/openwrt/build_dir/target-aarch64_generic_musl/linux-rockchip_armv8/packages/.pkgdir/kmod-fs-exfat
for mod in /workspaces/openwrt-radxa-rock5b-plus/openwrt/build_dir/target-aarch64_generic_musl/linux-rockchip_armv8/linux-6.12.45/fs/exfat/exfat.ko; do if grep -q "${mod##/workspaces/openwrt-radxa-rock5b-plus/openwrt/build_dir/target-aarch64_generic_musl/linux-rockchip_armv8/linux-6.12.45/}" "/workspaces/openwrt-radxa-rock5b-plus/openwrt/build_dir/target-aarch64_generic_musl/linux-rockchip_armv8/linux-6.12.45/modules.builtin"; then echo "NOTICE: module '$mod' is built-in."; elif [ -e $mod ]; then mkdir -p /workspaces/openwrt-radxa-rock5b-plus/openwrt/build_dir/target-aarch64_generic_musl/linux-rockchip_armv8/packages/.pkgdir/kmod-fs-exfat/lib/modules/6.12.45 ; cp -fpR -L $mod /workspaces/openwrt-radxa-rock5b-plus/openwrt/build_dir/target-aarch64_generic_musl/linux-rockchip_armv8/packages/.pkgdir/kmod-fs-exfat/lib/modules/6.12.45/ ; else echo "ERROR: module '$mod' is missing." >&2; exit 1; fi; done;
mkdir -p /workspaces/openwrt-radxa-rock5b-plus/openwrt/build_dir/target-aarch64_generic_musl/linux-rockchip_armv8/packages/.pkgdir/kmod-fs-exfat/etc/modules.d; ( echo "exfat"; ) > /workspaces/openwrt-radxa-rock5b-plus/openwrt/build_dir/target-aarch64_generic_musl/linux-rockchip_armv8/packages/.pkgdir/kmod-fs-exfat/etc/modules.d/30-fs-exfat;  mkdir -p /workspaces/openwrt-radxa-rock5b-plus/openwrt/build_dir/target-aarch64_generic_musl/linux-rockchip_armv8/packages/.pkgdir/kmod-fs-exfat/etc/modules-boot.d; ln -sf ../modules.d/30-fs-exfat /workspaces/openwrt-radxa-rock5b-plus/openwrt/build_dir/target-aarch64_generic_musl/linux-rockchip_armv8/packages/.pkgdir/kmod-fs-exfat/etc/modules-boot.d/;


touch /workspaces/openwrt-radxa-rock5b-plus/openwrt/build_dir/target-aarch64_generic_musl/linux-rockchip_armv8/packages/.pkgdir/kmod-fs-exfat.installed
rm -rf /workspaces/openwrt-radxa-rock5b-plus/openwrt/build_dir/target-aarch64_generic_musl/linux-rockchip_armv8/packages/.pkgdir/kmod-fs-ext4.installed /workspaces/openwrt-radxa-rock5b-plus/openwrt/build_dir/target-aarch64_generic_musl/linux-rockchip_armv8/packages/.pkgdir/kmod-fs-ext4
mkdir -p /workspaces/openwrt-radxa-rock5b-plus/openwrt/build_dir/target-aarch64_generic_musl/linux-rockchip_armv8/packages/.pkgdir/kmod-fs-ext4
for mod in /workspaces/openwrt-radxa-rock5b-plus/openwrt/build_dir/target-aarch64_generic_musl/linux-rockchip_armv8/linux-6.12.45/fs/ext4/ext4.ko /workspaces/openwrt-radxa-rock5b-plus/openwrt/build_dir/target-aarch64_generic_musl/linux-rockchip_armv8/linux-6.12.45/fs/jbd2/jbd2.ko /workspaces/openwrt-radxa-rock5b-plus/openwrt/build_dir/target-aarch64_generic_musl/linux-rockchip_armv8/linux-6.12.45/fs/mbcache.ko; do if grep -q "${mod##/workspaces/openwrt-radxa-rock5b-plus/openwrt/build_dir/target-aarch64_generic_musl/linux-rockchip_armv8/linux-6.12.45/}" "/workspaces/openwrt-radxa-rock5b-plus/openwrt/build_dir/target-aarch64_generic_musl/linux-rockchip_armv8/linux-6.12.45/modules.builtin"; then echo "NOTICE: module '$mod' is built-in."; elif [ -e $mod ]; then mkdir -p /workspaces/openwrt-radxa-rock5b-plus/openwrt/build_dir/target-aarch64_generic_musl/linux-rockchip_armv8/packages/.pkgdir/kmod-fs-ext4/lib/modules/6.12.45 ; cp -fpR -L $mod /workspaces/openwrt-radxa-rock5b-plus/openwrt/build_dir/target-aarch64_generic_musl/linux-rockchip_armv8/packages/.pkgdir/kmod-fs-ext4/lib/modules/6.12.45/ ; else echo "ERROR: module '$mod' is missing." >&2; exit 1; fi; done;
mkdir -p /workspaces/openwrt-radxa-rock5b-plus/openwrt/build_dir/target-aarch64_generic_musl/linux-rockchip_armv8/packages/.pkgdir/kmod-fs-ext4/etc/modules.d; ( echo "ext4";   echo "jbd2";   echo "mbcache"; ) > /workspaces/openwrt-radxa-rock5b-plus/openwrt/build_dir/target-aarch64_generic_musl/linux-rockchip_armv8/packages/.pkgdir/kmod-fs-ext4/etc/modules.d/30-fs-ext4;  mkdir -p /workspaces/openwrt-radxa-rock5b-plus/openwrt/build_dir/target-aarch64_generic_musl/linux-rockchip_armv8/packages/.pkgdir/kmod-fs-ext4/etc/modules-boot.d; ln -sf ../modules.d/30-fs-ext4 /workspaces/openwrt-radxa-rock5b-plus/openwrt/build_dir/target-aarch64_generic_musl/linux-rockchip_armv8/packages/.pkgdir/kmod-fs-ext4/etc/modules-boot.d/;


touch /workspaces/openwrt-radxa-rock5b-plus/openwrt/build_dir/target-aarch64_generic_musl/linux-rockchip_armv8/packages/.pkgdir/kmod-fs-ext4.installed
NOTICE: module '/workspaces/openwrt-radxa-rock5b-plus/openwrt/build_dir/target-aarch64_generic_musl/linux-rockchip_armv8/linux-6.12.45/fs/ext4/ext4.ko' is built-in.
NOTICE: module '/workspaces/openwrt-radxa-rock5b-plus/openwrt/build_dir/target-aarch64_generic_musl/linux-rockchip_armv8/linux-6.12.45/fs/jbd2/jbd2.ko' is built-in.
NOTICE: module '/workspaces/openwrt-radxa-rock5b-plus/openwrt/build_dir/target-aarch64_generic_musl/linux-rockchip_armv8/linux-6.12.45/fs/mbcache.ko' is built-in.
rm -rf /workspaces/openwrt-radxa-rock5b-plus/openwrt/build_dir/target-aarch64_generic_musl/linux-rockchip_armv8/packages/.pkgdir/kmod-fs-vfat.installed /workspaces/openwrt-radxa-rock5b-plus/openwrt/build_dir/target-aarch64_generic_musl/linux-rockchip_armv8/packages/.pkgdir/kmod-fs-vfat
mkdir -p /workspaces/openwrt-radxa-rock5b-plus/openwrt/build_dir/target-aarch64_generic_musl/linux-rockchip_armv8/packages/.pkgdir/kmod-fs-vfat
for mod in /workspaces/openwrt-radxa-rock5b-plus/openwrt/build_dir/target-aarch64_generic_musl/linux-rockchip_armv8/linux-6.12.45/fs/fat/fat.ko /workspaces/openwrt-radxa-rock5b-plus/openwrt/build_dir/target-aarch64_generic_musl/linux-rockchip_armv8/linux-6.12.45/fs/fat/vfat.ko; do if grep -q "${mod##/workspaces/openwrt-radxa-rock5b-plus/openwrt/build_dir/target-aarch64_generic_musl/linux-rockchip_armv8/linux-6.12.45/}" "/workspaces/openwrt-radxa-rock5b-plus/openwrt/build_dir/target-aarch64_generic_musl/linux-rockchip_armv8/linux-6.12.45/modules.builtin"; then echo "NOTICE: module '$mod' is built-in."; elif [ -e $mod ]; then mkdir -p /workspaces/openwrt-radxa-rock5b-plus/openwrt/build_dir/target-aarch64_generic_musl/linux-rockchip_armv8/packages/.pkgdir/kmod-fs-vfat/lib/modules/6.12.45 ; cp -fpR -L $mod /workspaces/openwrt-radxa-rock5b-plus/openwrt/build_dir/target-aarch64_generic_musl/linux-rockchip_armv8/packages/.pkgdir/kmod-fs-vfat/lib/modules/6.12.45/ ; else echo "ERROR: module '$mod' is missing." >&2; exit 1; fi; done;
mkdir -p /workspaces/openwrt-radxa-rock5b-plus/openwrt/build_dir/target-aarch64_generic_musl/linux-rockchip_armv8/packages/.pkgdir/kmod-fs-vfat/etc/modules.d; ( echo "fat";   echo "vfat"; ) > /workspaces/openwrt-radxa-rock5b-plus/openwrt/build_dir/target-aarch64_generic_musl/linux-rockchip_armv8/packages/.pkgdir/kmod-fs-vfat/etc/modules.d/30-fs-vfat;  mkdir -p /workspaces/openwrt-radxa-rock5b-plus/openwrt/build_dir/target-aarch64_generic_musl/linux-rockchip_armv8/packages/.pkgdir/kmod-fs-vfat/etc/modules-boot.d; ln -sf ../modules.d/30-fs-vfat /workspaces/openwrt-radxa-rock5b-plus/openwrt/build_dir/target-aarch64_generic_musl/linux-rockchip_armv8/packages/.pkgdir/kmod-fs-vfat/etc/modules-boot.d/;


touch /workspaces/openwrt-radxa-rock5b-plus/openwrt/build_dir/target-aarch64_generic_musl/linux-rockchip_armv8/packages/.pkgdir/kmod-fs-vfat.installed
rm -rf /workspaces/openwrt-radxa-rock5b-plus/openwrt/build_dir/target-aarch64_generic_musl/linux-rockchip_armv8/packages/.pkgdir/kmod-hwmon-core.installed /workspaces/openwrt-radxa-rock5b-plus/openwrt/build_dir/target-aarch64_generic_musl/linux-rockchip_armv8/packages/.pkgdir/kmod-hwmon-core
mkdir -p /workspaces/openwrt-radxa-rock5b-plus/openwrt/build_dir/target-aarch64_generic_musl/linux-rockchip_armv8/packages/.pkgdir/kmod-hwmon-core
for mod in /workspaces/openwrt-radxa-rock5b-plus/openwrt/build_dir/target-aarch64_generic_musl/linux-rockchip_armv8/linux-6.12.45/drivers/hwmon/hwmon.ko; do if grep -q "${mod##/workspaces/openwrt-radxa-rock5b-plus/openwrt/build_dir/target-aarch64_generic_musl/linux-rockchip_armv8/linux-6.12.45/}" "/workspaces/openwrt-radxa-rock5b-plus/openwrt/build_dir/target-aarch64_generic_musl/linux-rockchip_armv8/linux-6.12.45/modules.builtin"; then echo "NOTICE: module '$mod' is built-in."; elif [ -e $mod ]; then mkdir -p /workspaces/openwrt-radxa-rock5b-plus/openwrt/build_dir/target-aarch64_generic_musl/linux-rockchip_armv8/packages/.pkgdir/kmod-hwmon-core/lib/modules/6.12.45 ; cp -fpR -L $mod /workspaces/openwrt-radxa-rock5b-plus/openwrt/build_dir/target-aarch64_generic_musl/linux-rockchip_armv8/packages/.pkgdir/kmod-hwmon-core/lib/modules/6.12.45/ ; else echo "ERROR: module '$mod' is missing." >&2; exit 1; fi; done;



touch /workspaces/openwrt-radxa-rock5b-plus/openwrt/build_dir/target-aarch64_generic_musl/linux-rockchip_armv8/packages/.pkgdir/kmod-hwmon-core.installed
NOTICE: module '/workspaces/openwrt-radxa-rock5b-plus/openwrt/build_dir/target-aarch64_generic_musl/linux-rockchip_armv8/linux-6.12.45/drivers/hwmon/hwmon.ko' is built-in.
rm -rf /workspaces/openwrt-radxa-rock5b-plus/openwrt/build_dir/target-aarch64_generic_musl/linux-rockchip_armv8/packages/.pkgdir/kmod-hwmon-pwmfan.installed /workspaces/openwrt-radxa-rock5b-plus/openwrt/build_dir/target-aarch64_generic_musl/linux-rockchip_armv8/packages/.pkgdir/kmod-hwmon-pwmfan
mkdir -p /workspaces/openwrt-radxa-rock5b-plus/openwrt/build_dir/target-aarch64_generic_musl/linux-rockchip_armv8/packages/.pkgdir/kmod-hwmon-pwmfan
for mod in /workspaces/openwrt-radxa-rock5b-plus/openwrt/build_dir/target-aarch64_generic_musl/linux-rockchip_armv8/linux-6.12.45/drivers/hwmon/pwm-fan.ko; do if grep -q "${mod##/workspaces/openwrt-radxa-rock5b-plus/openwrt/build_dir/target-aarch64_generic_musl/linux-rockchip_armv8/linux-6.12.45/}" "/workspaces/openwrt-radxa-rock5b-plus/openwrt/build_dir/target-aarch64_generic_musl/linux-rockchip_armv8/linux-6.12.45/modules.builtin"; then echo "NOTICE: module '$mod' is built-in."; elif [ -e $mod ]; then mkdir -p /workspaces/openwrt-radxa-rock5b-plus/openwrt/build_dir/target-aarch64_generic_musl/linux-rockchip_armv8/packages/.pkgdir/kmod-hwmon-pwmfan/lib/modules/6.12.45 ; cp -fpR -L $mod /workspaces/openwrt-radxa-rock5b-plus/openwrt/build_dir/target-aarch64_generic_musl/linux-rockchip_armv8/packages/.pkgdir/kmod-hwmon-pwmfan/lib/modules/6.12.45/ ; else echo "ERROR: module '$mod' is missing." >&2; exit 1; fi; done;
mkdir -p /workspaces/openwrt-radxa-rock5b-plus/openwrt/build_dir/target-aarch64_generic_musl/linux-rockchip_armv8/packages/.pkgdir/kmod-hwmon-pwmfan/etc/modules.d; ( echo "pwm-fan"; ) > /workspaces/openwrt-radxa-rock5b-plus/openwrt/build_dir/target-aarch64_generic_musl/linux-rockchip_armv8/packages/.pkgdir/kmod-hwmon-pwmfan/etc/modules.d/60-hwmon-pwmfan; 


touch /workspaces/openwrt-radxa-rock5b-plus/openwrt/build_dir/target-aarch64_generic_musl/linux-rockchip_armv8/packages/.pkgdir/kmod-hwmon-pwmfan.installed
rm -rf /workspaces/openwrt-radxa-rock5b-plus/openwrt/build_dir/target-aarch64_generic_musl/linux-rockchip_armv8/packages/.pkgdir/kmod-i2c-core.installed /workspaces/openwrt-radxa-rock5b-plus/openwrt/build_dir/target-aarch64_generic_musl/linux-rockchip_armv8/packages/.pkgdir/kmod-i2c-core
mkdir -p /workspaces/openwrt-radxa-rock5b-plus/openwrt/build_dir/target-aarch64_generic_musl/linux-rockchip_armv8/packages/.pkgdir/kmod-i2c-core
for mod in /workspaces/openwrt-radxa-rock5b-plus/openwrt/build_dir/target-aarch64_generic_musl/linux-rockchip_armv8/linux-6.12.45/drivers/i2c/i2c-core.ko /workspaces/openwrt-radxa-rock5b-plus/openwrt/build_dir/target-aarch64_generic_musl/linux-rockchip_armv8/linux-6.12.45/drivers/i2c/i2c-dev.ko; do if grep -q "${mod##/workspaces/openwrt-radxa-rock5b-plus/openwrt/build_dir/target-aarch64_generic_musl/linux-rockchip_armv8/linux-6.12.45/}" "/workspaces/openwrt-radxa-rock5b-plus/openwrt/build_dir/target-aarch64_generic_musl/linux-rockchip_armv8/linux-6.12.45/modules.builtin"; then echo "NOTICE: module '$mod' is built-in."; elif [ -e $mod ]; then mkdir -p /workspaces/openwrt-radxa-rock5b-plus/openwrt/build_dir/target-aarch64_generic_musl/linux-rockchip_armv8/packages/.pkgdir/kmod-i2c-core/lib/modules/6.12.45 ; cp -fpR -L $mod /workspaces/openwrt-radxa-rock5b-plus/openwrt/build_dir/target-aarch64_generic_musl/linux-rockchip_armv8/packages/.pkgdir/kmod-i2c-core/lib/modules/6.12.45/ ; else echo "ERROR: module '$mod' is missing." >&2; exit 1; fi; done;
mkdir -p /workspaces/openwrt-radxa-rock5b-plus/openwrt/build_dir/target-aarch64_generic_musl/linux-rockchip_armv8/packages/.pkgdir/kmod-i2c-core/etc/modules.d; ( echo "i2c-core";   echo "i2c-dev"; ) > /workspaces/openwrt-radxa-rock5b-plus/openwrt/build_dir/target-aarch64_generic_musl/linux-rockchip_armv8/packages/.pkgdir/kmod-i2c-core/etc/modules.d/51-i2c-core; 


touch /workspaces/openwrt-radxa-rock5b-plus/openwrt/build_dir/target-aarch64_generic_musl/linux-rockchip_armv8/packages/.pkgdir/kmod-i2c-core.installed
NOTICE: module '/workspaces/openwrt-radxa-rock5b-plus/openwrt/build_dir/target-aarch64_generic_musl/linux-rockchip_armv8/linux-6.12.45/drivers/i2c/i2c-core.ko' is built-in.
NOTICE: module '/workspaces/openwrt-radxa-rock5b-plus/openwrt/build_dir/target-aarch64_generic_musl/linux-rockchip_armv8/linux-6.12.45/drivers/i2c/i2c-dev.ko' is built-in.
rm -rf /workspaces/openwrt-radxa-rock5b-plus/openwrt/build_dir/target-aarch64_generic_musl/linux-rockchip_armv8/packages/.pkgdir/kmod-lib-crc-ccitt.installed /workspaces/openwrt-radxa-rock5b-plus/openwrt/build_dir/target-aarch64_generic_musl/linux-rockchip_armv8/packages/.pkgdir/kmod-lib-crc-ccitt
mkdir -p /workspaces/openwrt-radxa-rock5b-plus/openwrt/build_dir/target-aarch64_generic_musl/linux-rockchip_armv8/packages/.pkgdir/kmod-lib-crc-ccitt
for mod in /workspaces/openwrt-radxa-rock5b-plus/openwrt/build_dir/target-aarch64_generic_musl/linux-rockchip_armv8/linux-6.12.45/lib/crc-ccitt.ko; do if grep -q "${mod##/workspaces/openwrt-radxa-rock5b-plus/openwrt/build_dir/target-aarch64_generic_musl/linux-rockchip_armv8/linux-6.12.45/}" "/workspaces/openwrt-radxa-rock5b-plus/openwrt/build_dir/target-aarch64_generic_musl/linux-rockchip_armv8/linux-6.12.45/modules.builtin"; then echo "NOTICE: module '$mod' is built-in."; elif [ -e $mod ]; then mkdir -p /workspaces/openwrt-radxa-rock5b-plus/openwrt/build_dir/target-aarch64_generic_musl/linux-rockchip_armv8/packages/.pkgdir/kmod-lib-crc-ccitt/lib/modules/6.12.45 ; cp -fpR -L $mod /workspaces/openwrt-radxa-rock5b-plus/openwrt/build_dir/target-aarch64_generic_musl/linux-rockchip_armv8/packages/.pkgdir/kmod-lib-crc-ccitt/lib/modules/6.12.45/ ; else echo "ERROR: module '$mod' is missing." >&2; exit 1; fi; done;
mkdir -p /workspaces/openwrt-radxa-rock5b-plus/openwrt/build_dir/target-aarch64_generic_musl/linux-rockchip_armv8/packages/.pkgdir/kmod-lib-crc-ccitt/etc/modules.d; ( echo "crc-ccitt"; ) > /workspaces/openwrt-radxa-rock5b-plus/openwrt/build_dir/target-aarch64_generic_musl/linux-rockchip_armv8/packages/.pkgdir/kmod-lib-crc-ccitt/etc/modules.d/lib-crc-ccitt; 


touch /workspaces/openwrt-radxa-rock5b-plus/openwrt/build_dir/target-aarch64_generic_musl/linux-rockchip_armv8/packages/.pkgdir/kmod-lib-crc-ccitt.installed
rm -rf /workspaces/openwrt-radxa-rock5b-plus/openwrt/build_dir/target-aarch64_generic_musl/linux-rockchip_armv8/packages/.pkgdir/kmod-lib-crc16.installed /workspaces/openwrt-radxa-rock5b-plus/openwrt/build_dir/target-aarch64_generic_musl/linux-rockchip_armv8/packages/.pkgdir/kmod-lib-crc16
mkdir -p /workspaces/openwrt-radxa-rock5b-plus/openwrt/build_dir/target-aarch64_generic_musl/linux-rockchip_armv8/packages/.pkgdir/kmod-lib-crc16
for mod in /workspaces/openwrt-radxa-rock5b-plus/openwrt/build_dir/target-aarch64_generic_musl/linux-rockchip_armv8/linux-6.12.45/lib/crc16.ko; do if grep -q "${mod##/workspaces/openwrt-radxa-rock5b-plus/openwrt/build_dir/target-aarch64_generic_musl/linux-rockchip_armv8/linux-6.12.45/}" "/workspaces/openwrt-radxa-rock5b-plus/openwrt/build_dir/target-aarch64_generic_musl/linux-rockchip_armv8/linux-6.12.45/modules.builtin"; then echo "NOTICE: module '$mod' is built-in."; elif [ -e $mod ]; then mkdir -p /workspaces/openwrt-radxa-rock5b-plus/openwrt/build_dir/target-aarch64_generic_musl/linux-rockchip_armv8/packages/.pkgdir/kmod-lib-crc16/lib/modules/6.12.45 ; cp -fpR -L $mod /workspaces/openwrt-radxa-rock5b-plus/openwrt/build_dir/target-aarch64_generic_musl/linux-rockchip_armv8/packages/.pkgdir/kmod-lib-crc16/lib/modules/6.12.45/ ; else echo "ERROR: module '$mod' is missing." >&2; exit 1; fi; done;
mkdir -p /workspaces/openwrt-radxa-rock5b-plus/openwrt/build_dir/target-aarch64_generic_musl/linux-rockchip_armv8/packages/.pkgdir/kmod-lib-crc16/etc/modules.d; ( echo "crc16"; ) > /workspaces/openwrt-radxa-rock5b-plus/openwrt/build_dir/target-aarch64_generic_musl/linux-rockchip_armv8/packages/.pkgdir/kmod-lib-crc16/etc/modules.d/20-lib-crc16;  mkdir -p /workspaces/openwrt-radxa-rock5b-plus/openwrt/build_dir/target-aarch64_generic_musl/linux-rockchip_armv8/packages/.pkgdir/kmod-lib-crc16/etc/modules-boot.d; ln -sf ../modules.d/20-lib-crc16 /workspaces/openwrt-radxa-rock5b-plus/openwrt/build_dir/target-aarch64_generic_musl/linux-rockchip_armv8/packages/.pkgdir/kmod-lib-crc16/etc/modules-boot.d/;


touch /workspaces/openwrt-radxa-rock5b-plus/openwrt/build_dir/target-aarch64_generic_musl/linux-rockchip_armv8/packages/.pkgdir/kmod-lib-crc16.installed
NOTICE: module '/workspaces/openwrt-radxa-rock5b-plus/openwrt/build_dir/target-aarch64_generic_musl/linux-rockchip_armv8/linux-6.12.45/lib/crc16.ko' is built-in.
rm -rf /workspaces/openwrt-radxa-rock5b-plus/openwrt/build_dir/target-aarch64_generic_musl/linux-rockchip_armv8/packages/.pkgdir/kmod-lib-crc32c.installed /workspaces/openwrt-radxa-rock5b-plus/openwrt/build_dir/target-aarch64_generic_musl/linux-rockchip_armv8/packages/.pkgdir/kmod-lib-crc32c
mkdir -p /workspaces/openwrt-radxa-rock5b-plus/openwrt/build_dir/target-aarch64_generic_musl/linux-rockchip_armv8/packages/.pkgdir/kmod-lib-crc32c
for mod in /workspaces/openwrt-radxa-rock5b-plus/openwrt/build_dir/target-aarch64_generic_musl/linux-rockchip_armv8/linux-6.12.45/lib/libcrc32c.ko; do if grep -q "${mod##/workspaces/openwrt-radxa-rock5b-plus/openwrt/build_dir/target-aarch64_generic_musl/linux-rockchip_armv8/linux-6.12.45/}" "/workspaces/openwrt-radxa-rock5b-plus/openwrt/build_dir/target-aarch64_generic_musl/linux-rockchip_armv8/linux-6.12.45/modules.builtin"; then echo "NOTICE: module '$mod' is built-in."; elif [ -e $mod ]; then mkdir -p /workspaces/openwrt-radxa-rock5b-plus/openwrt/build_dir/target-aarch64_generic_musl/linux-rockchip_armv8/packages/.pkgdir/kmod-lib-crc32c/lib/modules/6.12.45 ; cp -fpR -L $mod /workspaces/openwrt-radxa-rock5b-plus/openwrt/build_dir/target-aarch64_generic_musl/linux-rockchip_armv8/packages/.pkgdir/kmod-lib-crc32c/lib/modules/6.12.45/ ; else echo "ERROR: module '$mod' is missing." >&2; exit 1; fi; done;
mkdir -p /workspaces/openwrt-radxa-rock5b-plus/openwrt/build_dir/target-aarch64_generic_musl/linux-rockchip_armv8/packages/.pkgdir/kmod-lib-crc32c/etc/modules.d; ( echo "libcrc32c"; ) > /workspaces/openwrt-radxa-rock5b-plus/openwrt/build_dir/target-aarch64_generic_musl/linux-rockchip_armv8/packages/.pkgdir/kmod-lib-crc32c/etc/modules.d/lib-crc32c; 


touch /workspaces/openwrt-radxa-rock5b-plus/openwrt/build_dir/target-aarch64_generic_musl/linux-rockchip_armv8/packages/.pkgdir/kmod-lib-crc32c.installed
NOTICE: module '/workspaces/openwrt-radxa-rock5b-plus/openwrt/build_dir/target-aarch64_generic_musl/linux-rockchip_armv8/linux-6.12.45/lib/libcrc32c.ko' is built-in.
rm -rf /workspaces/openwrt-radxa-rock5b-plus/openwrt/build_dir/target-aarch64_generic_musl/linux-rockchip_armv8/packages/.pkgdir/kmod-libphy.installed /workspaces/openwrt-radxa-rock5b-plus/openwrt/build_dir/target-aarch64_generic_musl/linux-rockchip_armv8/packages/.pkgdir/kmod-libphy
mkdir -p /workspaces/openwrt-radxa-rock5b-plus/openwrt/build_dir/target-aarch64_generic_musl/linux-rockchip_armv8/packages/.pkgdir/kmod-libphy
for mod in /workspaces/openwrt-radxa-rock5b-plus/openwrt/build_dir/target-aarch64_generic_musl/linux-rockchip_armv8/linux-6.12.45/drivers/net/phy/libphy.ko; do if grep -q "${mod##/workspaces/openwrt-radxa-rock5b-plus/openwrt/build_dir/target-aarch64_generic_musl/linux-rockchip_armv8/linux-6.12.45/}" "/workspaces/openwrt-radxa-rock5b-plus/openwrt/build_dir/target-aarch64_generic_musl/linux-rockchip_armv8/linux-6.12.45/modules.builtin"; then echo "NOTICE: module '$mod' is built-in."; elif [ -e $mod ]; then mkdir -p /workspaces/openwrt-radxa-rock5b-plus/openwrt/build_dir/target-aarch64_generic_musl/linux-rockchip_armv8/packages/.pkgdir/kmod-libphy/lib/modules/6.12.45 ; cp -fpR -L $mod /workspaces/openwrt-radxa-rock5b-plus/openwrt/build_dir/target-aarch64_generic_musl/linux-rockchip_armv8/packages/.pkgdir/kmod-libphy/lib/modules/6.12.45/ ; else echo "ERROR: module '$mod' is missing." >&2; exit 1; fi; done;
mkdir -p /workspaces/openwrt-radxa-rock5b-plus/openwrt/build_dir/target-aarch64_generic_musl/linux-rockchip_armv8/packages/.pkgdir/kmod-libphy/etc/modules.d; ( echo "libphy"; ) > /workspaces/openwrt-radxa-rock5b-plus/openwrt/build_dir/target-aarch64_generic_musl/linux-rockchip_armv8/packages/.pkgdir/kmod-libphy/etc/modules.d/15-libphy;  mkdir -p /workspaces/openwrt-radxa-rock5b-plus/openwrt/build_dir/target-aarch64_generic_musl/linux-rockchip_armv8/packages/.pkgdir/kmod-libphy/etc/modules-boot.d; ln -sf ../modules.d/15-libphy /workspaces/openwrt-radxa-rock5b-plus/openwrt/build_dir/target-aarch64_generic_musl/linux-rockchip_armv8/packages/.pkgdir/kmod-libphy/etc/modules-boot.d/;


touch /workspaces/openwrt-radxa-rock5b-plus/openwrt/build_dir/target-aarch64_generic_musl/linux-rockchip_armv8/packages/.pkgdir/kmod-libphy.installed
NOTICE: module '/workspaces/openwrt-radxa-rock5b-plus/openwrt/build_dir/target-aarch64_generic_musl/linux-rockchip_armv8/linux-6.12.45/drivers/net/phy/libphy.ko' is built-in.
rm -rf /workspaces/openwrt-radxa-rock5b-plus/openwrt/build_dir/target-aarch64_generic_musl/linux-rockchip_armv8/packages/.pkgdir/kmod-mii.installed /workspaces/openwrt-radxa-rock5b-plus/openwrt/build_dir/target-aarch64_generic_musl/linux-rockchip_armv8/packages/.pkgdir/kmod-mii
mkdir -p /workspaces/openwrt-radxa-rock5b-plus/openwrt/build_dir/target-aarch64_generic_musl/linux-rockchip_armv8/packages/.pkgdir/kmod-mii
for mod in /workspaces/openwrt-radxa-rock5b-plus/openwrt/build_dir/target-aarch64_generic_musl/linux-rockchip_armv8/linux-6.12.45/drivers/net/mii.ko; do if grep -q "${mod##/workspaces/openwrt-radxa-rock5b-plus/openwrt/build_dir/target-aarch64_generic_musl/linux-rockchip_armv8/linux-6.12.45/}" "/workspaces/openwrt-radxa-rock5b-plus/openwrt/build_dir/target-aarch64_generic_musl/linux-rockchip_armv8/linux-6.12.45/modules.builtin"; then echo "NOTICE: module '$mod' is built-in."; elif [ -e $mod ]; then mkdir -p /workspaces/openwrt-radxa-rock5b-plus/openwrt/build_dir/target-aarch64_generic_musl/linux-rockchip_armv8/packages/.pkgdir/kmod-mii/lib/modules/6.12.45 ; cp -fpR -L $mod /workspaces/openwrt-radxa-rock5b-plus/openwrt/build_dir/target-aarch64_generic_musl/linux-rockchip_armv8/packages/.pkgdir/kmod-mii/lib/modules/6.12.45/ ; else echo "ERROR: module '$mod' is missing." >&2; exit 1; fi; done;
mkdir -p /workspaces/openwrt-radxa-rock5b-plus/openwrt/build_dir/target-aarch64_generic_musl/linux-rockchip_armv8/packages/.pkgdir/kmod-mii/etc/modules.d; ( echo "mii"; ) > /workspaces/openwrt-radxa-rock5b-plus/openwrt/build_dir/target-aarch64_generic_musl/linux-rockchip_armv8/packages/.pkgdir/kmod-mii/etc/modules.d/15-mii;  mkdir -p /workspaces/openwrt-radxa-rock5b-plus/openwrt/build_dir/target-aarch64_generic_musl/linux-rockchip_armv8/packages/.pkgdir/kmod-mii/etc/modules-boot.d; ln -sf ../modules.d/15-mii /workspaces/openwrt-radxa-rock5b-plus/openwrt/build_dir/target-aarch64_generic_musl/linux-rockchip_armv8/packages/.pkgdir/kmod-mii/etc/modules-boot.d/;


touch /workspaces/openwrt-radxa-rock5b-plus/openwrt/build_dir/target-aarch64_generic_musl/linux-rockchip_armv8/packages/.pkgdir/kmod-mii.installed
NOTICE: module '/workspaces/openwrt-radxa-rock5b-plus/openwrt/build_dir/target-aarch64_generic_musl/linux-rockchip_armv8/linux-6.12.45/drivers/net/mii.ko' is built-in.
rm -rf /workspaces/openwrt-radxa-rock5b-plus/openwrt/build_dir/target-aarch64_generic_musl/linux-rockchip_armv8/packages/.pkgdir/kmod-mdio-devres.installed /workspaces/openwrt-radxa-rock5b-plus/openwrt/build_dir/target-aarch64_generic_musl/linux-rockchip_armv8/packages/.pkgdir/kmod-mdio-devres
mkdir -p /workspaces/openwrt-radxa-rock5b-plus/openwrt/build_dir/target-aarch64_generic_musl/linux-rockchip_armv8/packages/.pkgdir/kmod-mdio-devres
for mod in /workspaces/openwrt-radxa-rock5b-plus/openwrt/build_dir/target-aarch64_generic_musl/linux-rockchip_armv8/linux-6.12.45/drivers/net/phy/mdio_devres.ko; do if grep -q "${mod##/workspaces/openwrt-radxa-rock5b-plus/openwrt/build_dir/target-aarch64_generic_musl/linux-rockchip_armv8/linux-6.12.45/}" "/workspaces/openwrt-radxa-rock5b-plus/openwrt/build_dir/target-aarch64_generic_musl/linux-rockchip_armv8/linux-6.12.45/modules.builtin"; then echo "NOTICE: module '$mod' is built-in."; elif [ -e $mod ]; then mkdir -p /workspaces/openwrt-radxa-rock5b-plus/openwrt/build_dir/target-aarch64_generic_musl/linux-rockchip_armv8/packages/.pkgdir/kmod-mdio-devres/lib/modules/6.12.45 ; cp -fpR -L $mod /workspaces/openwrt-radxa-rock5b-plus/openwrt/build_dir/target-aarch64_generic_musl/linux-rockchip_armv8/packages/.pkgdir/kmod-mdio-devres/lib/modules/6.12.45/ ; else echo "ERROR: module '$mod' is missing." >&2; exit 1; fi; done;
mkdir -p /workspaces/openwrt-radxa-rock5b-plus/openwrt/build_dir/target-aarch64_generic_musl/linux-rockchip_armv8/packages/.pkgdir/kmod-mdio-devres/etc/modules.d; ( echo "mdio-devres"; ) > /workspaces/openwrt-radxa-rock5b-plus/openwrt/build_dir/target-aarch64_generic_musl/linux-rockchip_armv8/packages/.pkgdir/kmod-mdio-devres/etc/modules.d/mdio-devres; 


touch /workspaces/openwrt-radxa-rock5b-plus/openwrt/build_dir/target-aarch64_generic_musl/linux-rockchip_armv8/packages/.pkgdir/kmod-mdio-devres.installed
NOTICE: module '/workspaces/openwrt-radxa-rock5b-plus/openwrt/build_dir/target-aarch64_generic_musl/linux-rockchip_armv8/linux-6.12.45/drivers/net/phy/mdio_devres.ko' is built-in.
rm -rf /workspaces/openwrt-radxa-rock5b-plus/openwrt/build_dir/target-aarch64_generic_musl/linux-rockchip_armv8/packages/.pkgdir/kmod-phy-realtek.installed /workspaces/openwrt-radxa-rock5b-plus/openwrt/build_dir/target-aarch64_generic_musl/linux-rockchip_armv8/packages/.pkgdir/kmod-phy-realtek
mkdir -p /workspaces/openwrt-radxa-rock5b-plus/openwrt/build_dir/target-aarch64_generic_musl/linux-rockchip_armv8/packages/.pkgdir/kmod-phy-realtek
for mod in /workspaces/openwrt-radxa-rock5b-plus/openwrt/build_dir/target-aarch64_generic_musl/linux-rockchip_armv8/linux-6.12.45/drivers/net/phy/realtek/realtek.ko; do if grep -q "${mod##/workspaces/openwrt-radxa-rock5b-plus/openwrt/build_dir/target-aarch64_generic_musl/linux-rockchip_armv8/linux-6.12.45/}" "/workspaces/openwrt-radxa-rock5b-plus/openwrt/build_dir/target-aarch64_generic_musl/linux-rockchip_armv8/linux-6.12.45/modules.builtin"; then echo "NOTICE: module '$mod' is built-in."; elif [ -e $mod ]; then mkdir -p /workspaces/openwrt-radxa-rock5b-plus/openwrt/build_dir/target-aarch64_generic_musl/linux-rockchip_armv8/packages/.pkgdir/kmod-phy-realtek/lib/modules/6.12.45 ; cp -fpR -L $mod /workspaces/openwrt-radxa-rock5b-plus/openwrt/build_dir/target-aarch64_generic_musl/linux-rockchip_armv8/packages/.pkgdir/kmod-phy-realtek/lib/modules/6.12.45/ ; else echo "ERROR: module '$mod' is missing." >&2; exit 1; fi; done;
mkdir -p /workspaces/openwrt-radxa-rock5b-plus/openwrt/build_dir/target-aarch64_generic_musl/linux-rockchip_armv8/packages/.pkgdir/kmod-phy-realtek/etc/modules.d; ( echo "realtek"; ) > /workspaces/openwrt-radxa-rock5b-plus/openwrt/build_dir/target-aarch64_generic_musl/linux-rockchip_armv8/packages/.pkgdir/kmod-phy-realtek/etc/modules.d/18-phy-realtek;  mkdir -p /workspaces/openwrt-radxa-rock5b-plus/openwrt/build_dir/target-aarch64_generic_musl/linux-rockchip_armv8/packages/.pkgdir/kmod-phy-realtek/etc/modules-boot.d; ln -sf ../modules.d/18-phy-realtek /workspaces/openwrt-radxa-rock5b-plus/openwrt/build_dir/target-aarch64_generic_musl/linux-rockchip_armv8/packages/.pkgdir/kmod-phy-realtek/etc/modules-boot.d/;


touch /workspaces/openwrt-radxa-rock5b-plus/openwrt/build_dir/target-aarch64_generic_musl/linux-rockchip_armv8/packages/.pkgdir/kmod-phy-realtek.installed
NOTICE: module '/workspaces/openwrt-radxa-rock5b-plus/openwrt/build_dir/target-aarch64_generic_musl/linux-rockchip_armv8/linux-6.12.45/drivers/net/phy/realtek/realtek.ko' is built-in.
rm -rf /workspaces/openwrt-radxa-rock5b-plus/openwrt/build_dir/target-aarch64_generic_musl/linux-rockchip_armv8/packages/.pkgdir/kmod-r8169.installed /workspaces/openwrt-radxa-rock5b-plus/openwrt/build_dir/target-aarch64_generic_musl/linux-rockchip_armv8/packages/.pkgdir/kmod-r8169
mkdir -p /workspaces/openwrt-radxa-rock5b-plus/openwrt/build_dir/target-aarch64_generic_musl/linux-rockchip_armv8/packages/.pkgdir/kmod-r8169
for mod in /workspaces/openwrt-radxa-rock5b-plus/openwrt/build_dir/target-aarch64_generic_musl/linux-rockchip_armv8/linux-6.12.45/drivers/net/ethernet/realtek/r8169.ko; do if grep -q "${mod##/workspaces/openwrt-radxa-rock5b-plus/openwrt/build_dir/target-aarch64_generic_musl/linux-rockchip_armv8/linux-6.12.45/}" "/workspaces/openwrt-radxa-rock5b-plus/openwrt/build_dir/target-aarch64_generic_musl/linux-rockchip_armv8/linux-6.12.45/modules.builtin"; then echo "NOTICE: module '$mod' is built-in."; elif [ -e $mod ]; then mkdir -p /workspaces/openwrt-radxa-rock5b-plus/openwrt/build_dir/target-aarch64_generic_musl/linux-rockchip_armv8/packages/.pkgdir/kmod-r8169/lib/modules/6.12.45 ; cp -fpR -L $mod /workspaces/openwrt-radxa-rock5b-plus/openwrt/build_dir/target-aarch64_generic_musl/linux-rockchip_armv8/packages/.pkgdir/kmod-r8169/lib/modules/6.12.45/ ; else echo "ERROR: module '$mod' is missing." >&2; exit 1; fi; done;
mkdir -p /workspaces/openwrt-radxa-rock5b-plus/openwrt/build_dir/target-aarch64_generic_musl/linux-rockchip_armv8/packages/.pkgdir/kmod-r8169/etc/modules.d; ( echo "r8169"; ) > /workspaces/openwrt-radxa-rock5b-plus/openwrt/build_dir/target-aarch64_generic_musl/linux-rockchip_armv8/packages/.pkgdir/kmod-r8169/etc/modules.d/r8169;  mkdir -p /workspaces/openwrt-radxa-rock5b-plus/openwrt/build_dir/target-aarch64_generic_musl/linux-rockchip_armv8/packages/.pkgdir/kmod-r8169/etc/modules-boot.d; ln -sf ../modules.d/r8169 /workspaces/openwrt-radxa-rock5b-plus/openwrt/build_dir/target-aarch64_generic_musl/linux-rockchip_armv8/packages/.pkgdir/kmod-r8169/etc/modules-boot.d/;


touch /workspaces/openwrt-radxa-rock5b-plus/openwrt/build_dir/target-aarch64_generic_musl/linux-rockchip_armv8/packages/.pkgdir/kmod-r8169.installed
rm -rf /workspaces/openwrt-radxa-rock5b-plus/openwrt/build_dir/target-aarch64_generic_musl/linux-rockchip_armv8/packages/.pkgdir/kmod-nf-reject.installed /workspaces/openwrt-radxa-rock5b-plus/openwrt/build_dir/target-aarch64_generic_musl/linux-rockchip_armv8/packages/.pkgdir/kmod-nf-reject
mkdir -p /workspaces/openwrt-radxa-rock5b-plus/openwrt/build_dir/target-aarch64_generic_musl/linux-rockchip_armv8/packages/.pkgdir/kmod-nf-reject
for mod in /workspaces/openwrt-radxa-rock5b-plus/openwrt/build_dir/target-aarch64_generic_musl/linux-rockchip_armv8/linux-6.12.45/net/ipv4/netfilter/nf_reject_ipv4.ko; do if grep -q "${mod##/workspaces/openwrt-radxa-rock5b-plus/openwrt/build_dir/target-aarch64_generic_musl/linux-rockchip_armv8/linux-6.12.45/}" "/workspaces/openwrt-radxa-rock5b-plus/openwrt/build_dir/target-aarch64_generic_musl/linux-rockchip_armv8/linux-6.12.45/modules.builtin"; then echo "NOTICE: module '$mod' is built-in."; elif [ -e $mod ]; then mkdir -p /workspaces/openwrt-radxa-rock5b-plus/openwrt/build_dir/target-aarch64_generic_musl/linux-rockchip_armv8/packages/.pkgdir/kmod-nf-reject/lib/modules/6.12.45 ; cp -fpR -L $mod /workspaces/openwrt-radxa-rock5b-plus/openwrt/build_dir/target-aarch64_generic_musl/linux-rockchip_armv8/packages/.pkgdir/kmod-nf-reject/lib/modules/6.12.45/ ; else echo "ERROR: module '$mod' is missing." >&2; exit 1; fi; done;
mkdir -p /workspaces/openwrt-radxa-rock5b-plus/openwrt/build_dir/target-aarch64_generic_musl/linux-rockchip_armv8/packages/.pkgdir/kmod-nf-reject/etc/modules.d; ( echo "nf_reject_ipv4"; ) > /workspaces/openwrt-radxa-rock5b-plus/openwrt/build_dir/target-aarch64_generic_musl/linux-rockchip_armv8/packages/.pkgdir/kmod-nf-reject/etc/modules.d/nf-reject; 


touch /workspaces/openwrt-radxa-rock5b-plus/openwrt/build_dir/target-aarch64_generic_musl/linux-rockchip_armv8/packages/.pkgdir/kmod-nf-reject.installed
rm -rf /workspaces/openwrt-radxa-rock5b-plus/openwrt/build_dir/target-aarch64_generic_musl/linux-rockchip_armv8/packages/.pkgdir/kmod-nf-reject6.installed /workspaces/openwrt-radxa-rock5b-plus/openwrt/build_dir/target-aarch64_generic_musl/linux-rockchip_armv8/packages/.pkgdir/kmod-nf-reject6
mkdir -p /workspaces/openwrt-radxa-rock5b-plus/openwrt/build_dir/target-aarch64_generic_musl/linux-rockchip_armv8/packages/.pkgdir/kmod-nf-reject6
for mod in /workspaces/openwrt-radxa-rock5b-plus/openwrt/build_dir/target-aarch64_generic_musl/linux-rockchip_armv8/linux-6.12.45/net/ipv6/netfilter/nf_reject_ipv6.ko; do if grep -q "${mod##/workspaces/openwrt-radxa-rock5b-plus/openwrt/build_dir/target-aarch64_generic_musl/linux-rockchip_armv8/linux-6.12.45/}" "/workspaces/openwrt-radxa-rock5b-plus/openwrt/build_dir/target-aarch64_generic_musl/linux-rockchip_armv8/linux-6.12.45/modules.builtin"; then echo "NOTICE: module '$mod' is built-in."; elif [ -e $mod ]; then mkdir -p /workspaces/openwrt-radxa-rock5b-plus/openwrt/build_dir/target-aarch64_generic_musl/linux-rockchip_armv8/packages/.pkgdir/kmod-nf-reject6/lib/modules/6.12.45 ; cp -fpR -L $mod /workspaces/openwrt-radxa-rock5b-plus/openwrt/build_dir/target-aarch64_generic_musl/linux-rockchip_armv8/packages/.pkgdir/kmod-nf-reject6/lib/modules/6.12.45/ ; else echo "ERROR: module '$mod' is missing." >&2; exit 1; fi; done;
mkdir -p /workspaces/openwrt-radxa-rock5b-plus/openwrt/build_dir/target-aarch64_generic_musl/linux-rockchip_armv8/packages/.pkgdir/kmod-nf-reject6/etc/modules.d; ( echo "nf_reject_ipv6"; ) > /workspaces/openwrt-radxa-rock5b-plus/openwrt/build_dir/target-aarch64_generic_musl/linux-rockchip_armv8/packages/.pkgdir/kmod-nf-reject6/etc/modules.d/nf-reject6; 


touch /workspaces/openwrt-radxa-rock5b-plus/openwrt/build_dir/target-aarch64_generic_musl/linux-rockchip_armv8/packages/.pkgdir/kmod-nf-reject6.installed
rm -rf /workspaces/openwrt-radxa-rock5b-plus/openwrt/build_dir/target-aarch64_generic_musl/linux-rockchip_armv8/packages/.pkgdir/kmod-nf-conntrack.installed /workspaces/openwrt-radxa-rock5b-plus/openwrt/build_dir/target-aarch64_generic_musl/linux-rockchip_armv8/packages/.pkgdir/kmod-nf-conntrack
mkdir -p /workspaces/openwrt-radxa-rock5b-plus/openwrt/build_dir/target-aarch64_generic_musl/linux-rockchip_armv8/packages/.pkgdir/kmod-nf-conntrack
for mod in /workspaces/openwrt-radxa-rock5b-plus/openwrt/build_dir/target-aarch64_generic_musl/linux-rockchip_armv8/linux-6.12.45/net/netfilter/nf_conntrack.ko /workspaces/openwrt-radxa-rock5b-plus/openwrt/build_dir/target-aarch64_generic_musl/linux-rockchip_armv8/linux-6.12.45/net/ipv4/netfilter/nf_defrag_ipv4.ko /workspaces/openwrt-radxa-rock5b-plus/openwrt/build_dir/target-aarch64_generic_musl/linux-rockchip_armv8/linux-6.12.45/net/ipv6/netfilter/nf_defrag_ipv6.ko; do if grep -q "${mod##/workspaces/openwrt-radxa-rock5b-plus/openwrt/build_dir/target-aarch64_generic_musl/linux-rockchip_armv8/linux-6.12.45/}" "/workspaces/openwrt-radxa-rock5b-plus/openwrt/build_dir/target-aarch64_generic_musl/linux-rockchip_armv8/linux-6.12.45/modules.builtin"; then echo "NOTICE: module '$mod' is built-in."; elif [ -e $mod ]; then mkdir -p /workspaces/openwrt-radxa-rock5b-plus/openwrt/build_dir/target-aarch64_generic_musl/linux-rockchip_armv8/packages/.pkgdir/kmod-nf-conntrack/lib/modules/6.12.45 ; cp -fpR -L $mod /workspaces/openwrt-radxa-rock5b-plus/openwrt/build_dir/target-aarch64_generic_musl/linux-rockchip_armv8/packages/.pkgdir/kmod-nf-conntrack/lib/modules/6.12.45/ ; else echo "ERROR: module '$mod' is missing." >&2; exit 1; fi; done;
mkdir -p /workspaces/openwrt-radxa-rock5b-plus/openwrt/build_dir/target-aarch64_generic_musl/linux-rockchip_armv8/packages/.pkgdir/kmod-nf-conntrack/etc/modules.d; ( echo "nf_conntrack";   echo "nf_defrag_ipv4";   echo "nf_defrag_ipv6"; ) > /workspaces/openwrt-radxa-rock5b-plus/openwrt/build_dir/target-aarch64_generic_musl/linux-rockchip_armv8/packages/.pkgdir/kmod-nf-conntrack/etc/modules.d/nf-conntrack; 
install -d -m0755 /workspaces/openwrt-radxa-rock5b-plus/openwrt/build_dir/target-aarch64_generic_musl/linux-rockchip_armv8/packages/.pkgdir/kmod-nf-conntrack/etc/sysctl.d
install -m0644 ./files/sysctl-nf-conntrack.conf /workspaces/openwrt-radxa-rock5b-plus/openwrt/build_dir/target-aarch64_generic_musl/linux-rockchip_armv8/packages/.pkgdir/kmod-nf-conntrack/etc/sysctl.d/11-nf-conntrack.conf

touch /workspaces/openwrt-radxa-rock5b-plus/openwrt/build_dir/target-aarch64_generic_musl/linux-rockchip_armv8/packages/.pkgdir/kmod-nf-conntrack.installed
rm -rf /workspaces/openwrt-radxa-rock5b-plus/openwrt/build_dir/target-aarch64_generic_musl/linux-rockchip_armv8/packages/.pkgdir/kmod-nf-conntrack6.installed /workspaces/openwrt-radxa-rock5b-plus/openwrt/build_dir/target-aarch64_generic_musl/linux-rockchip_armv8/packages/.pkgdir/kmod-nf-conntrack6
mkdir -p /workspaces/openwrt-radxa-rock5b-plus/openwrt/build_dir/target-aarch64_generic_musl/linux-rockchip_armv8/packages/.pkgdir/kmod-nf-conntrack6
for mod in ; do if grep -q "${mod##/workspaces/openwrt-radxa-rock5b-plus/openwrt/build_dir/target-aarch64_generic_musl/linux-rockchip_armv8/linux-6.12.45/}" "/workspaces/openwrt-radxa-rock5b-plus/openwrt/build_dir/target-aarch64_generic_musl/linux-rockchip_armv8/linux-6.12.45/modules.builtin"; then echo "NOTICE: module '$mod' is built-in."; elif [ -e $mod ]; then mkdir -p /workspaces/openwrt-radxa-rock5b-plus/openwrt/build_dir/target-aarch64_generic_musl/linux-rockchip_armv8/packages/.pkgdir/kmod-nf-conntrack6/lib/modules/6.12.45 ; cp -fpR -L $mod /workspaces/openwrt-radxa-rock5b-plus/openwrt/build_dir/target-aarch64_generic_musl/linux-rockchip_armv8/packages/.pkgdir/kmod-nf-conntrack6/lib/modules/6.12.45/ ; else echo "ERROR: module '$mod' is missing." >&2; exit 1; fi; done;



touch /workspaces/openwrt-radxa-rock5b-plus/openwrt/build_dir/target-aarch64_generic_musl/linux-rockchip_armv8/packages/.pkgdir/kmod-nf-conntrack6.installed
rm -rf /workspaces/openwrt-radxa-rock5b-plus/openwrt/build_dir/target-aarch64_generic_musl/linux-rockchip_armv8/packages/.pkgdir/kmod-nf-log.installed /workspaces/openwrt-radxa-rock5b-plus/openwrt/build_dir/target-aarch64_generic_musl/linux-rockchip_armv8/packages/.pkgdir/kmod-nf-log
mkdir -p /workspaces/openwrt-radxa-rock5b-plus/openwrt/build_dir/target-aarch64_generic_musl/linux-rockchip_armv8/packages/.pkgdir/kmod-nf-log
for mod in /workspaces/openwrt-radxa-rock5b-plus/openwrt/build_dir/target-aarch64_generic_musl/linux-rockchip_armv8/linux-6.12.45/net/netfilter/nf_log_syslog.ko; do if grep -q "${mod##/workspaces/openwrt-radxa-rock5b-plus/openwrt/build_dir/target-aarch64_generic_musl/linux-rockchip_armv8/linux-6.12.45/}" "/workspaces/openwrt-radxa-rock5b-plus/openwrt/build_dir/target-aarch64_generic_musl/linux-rockchip_armv8/linux-6.12.45/modules.builtin"; then echo "NOTICE: module '$mod' is built-in."; elif [ -e $mod ]; then mkdir -p /workspaces/openwrt-radxa-rock5b-plus/openwrt/build_dir/target-aarch64_generic_musl/linux-rockchip_armv8/packages/.pkgdir/kmod-nf-log/lib/modules/6.12.45 ; cp -fpR -L $mod /workspaces/openwrt-radxa-rock5b-plus/openwrt/build_dir/target-aarch64_generic_musl/linux-rockchip_armv8/packages/.pkgdir/kmod-nf-log/lib/modules/6.12.45/ ; else echo "ERROR: module '$mod' is missing." >&2; exit 1; fi; done;
mkdir -p /workspaces/openwrt-radxa-rock5b-plus/openwrt/build_dir/target-aarch64_generic_musl/linux-rockchip_armv8/packages/.pkgdir/kmod-nf-log/etc/modules.d; ( echo "nf_log_syslog"; ) > /workspaces/openwrt-radxa-rock5b-plus/openwrt/build_dir/target-aarch64_generic_musl/linux-rockchip_armv8/packages/.pkgdir/kmod-nf-log/etc/modules.d/nf-log; 


touch /workspaces/openwrt-radxa-rock5b-plus/openwrt/build_dir/target-aarch64_generic_musl/linux-rockchip_armv8/packages/.pkgdir/kmod-nf-log.installed
rm -rf /workspaces/openwrt-radxa-rock5b-plus/openwrt/build_dir/target-aarch64_generic_musl/linux-rockchip_armv8/packages/.pkgdir/kmod-nf-log6.installed /workspaces/openwrt-radxa-rock5b-plus/openwrt/build_dir/target-aarch64_generic_musl/linux-rockchip_armv8/packages/.pkgdir/kmod-nf-log6
mkdir -p /workspaces/openwrt-radxa-rock5b-plus/openwrt/build_dir/target-aarch64_generic_musl/linux-rockchip_armv8/packages/.pkgdir/kmod-nf-log6
for mod in ; do if grep -q "${mod##/workspaces/openwrt-radxa-rock5b-plus/openwrt/build_dir/target-aarch64_generic_musl/linux-rockchip_armv8/linux-6.12.45/}" "/workspaces/openwrt-radxa-rock5b-plus/openwrt/build_dir/target-aarch64_generic_musl/linux-rockchip_armv8/linux-6.12.45/modules.builtin"; then echo "NOTICE: module '$mod' is built-in."; elif [ -e $mod ]; then mkdir -p /workspaces/openwrt-radxa-rock5b-plus/openwrt/build_dir/target-aarch64_generic_musl/linux-rockchip_armv8/packages/.pkgdir/kmod-nf-log6/lib/modules/6.12.45 ; cp -fpR -L $mod /workspaces/openwrt-radxa-rock5b-plus/openwrt/build_dir/target-aarch64_generic_musl/linux-rockchip_armv8/packages/.pkgdir/kmod-nf-log6/lib/modules/6.12.45/ ; else echo "ERROR: module '$mod' is missing." >&2; exit 1; fi; done;



touch /workspaces/openwrt-radxa-rock5b-plus/openwrt/build_dir/target-aarch64_generic_musl/linux-rockchip_armv8/packages/.pkgdir/kmod-nf-log6.installed
rm -rf /workspaces/openwrt-radxa-rock5b-plus/openwrt/build_dir/target-aarch64_generic_musl/linux-rockchip_armv8/packages/.pkgdir/kmod-nf-nat.installed /workspaces/openwrt-radxa-rock5b-plus/openwrt/build_dir/target-aarch64_generic_musl/linux-rockchip_armv8/packages/.pkgdir/kmod-nf-nat
mkdir -p /workspaces/openwrt-radxa-rock5b-plus/openwrt/build_dir/target-aarch64_generic_musl/linux-rockchip_armv8/packages/.pkgdir/kmod-nf-nat
for mod in /workspaces/openwrt-radxa-rock5b-plus/openwrt/build_dir/target-aarch64_generic_musl/linux-rockchip_armv8/linux-6.12.45/net/netfilter/nf_nat.ko; do if grep -q "${mod##/workspaces/openwrt-radxa-rock5b-plus/openwrt/build_dir/target-aarch64_generic_musl/linux-rockchip_armv8/linux-6.12.45/}" "/workspaces/openwrt-radxa-rock5b-plus/openwrt/build_dir/target-aarch64_generic_musl/linux-rockchip_armv8/linux-6.12.45/modules.builtin"; then echo "NOTICE: module '$mod' is built-in."; elif [ -e $mod ]; then mkdir -p /workspaces/openwrt-radxa-rock5b-plus/openwrt/build_dir/target-aarch64_generic_musl/linux-rockchip_armv8/packages/.pkgdir/kmod-nf-nat/lib/modules/6.12.45 ; cp -fpR -L $mod /workspaces/openwrt-radxa-rock5b-plus/openwrt/build_dir/target-aarch64_generic_musl/linux-rockchip_armv8/packages/.pkgdir/kmod-nf-nat/lib/modules/6.12.45/ ; else echo "ERROR: module '$mod' is missing." >&2; exit 1; fi; done;
mkdir -p /workspaces/openwrt-radxa-rock5b-plus/openwrt/build_dir/target-aarch64_generic_musl/linux-rockchip_armv8/packages/.pkgdir/kmod-nf-nat/etc/modules.d; ( echo "nf_nat"; ) > /workspaces/openwrt-radxa-rock5b-plus/openwrt/build_dir/target-aarch64_generic_musl/linux-rockchip_armv8/packages/.pkgdir/kmod-nf-nat/etc/modules.d/nf-nat; 


touch /workspaces/openwrt-radxa-rock5b-plus/openwrt/build_dir/target-aarch64_generic_musl/linux-rockchip_armv8/packages/.pkgdir/kmod-nf-nat.installed
rm -rf /workspaces/openwrt-radxa-rock5b-plus/openwrt/build_dir/target-aarch64_generic_musl/linux-rockchip_armv8/packages/.pkgdir/kmod-nf-flow.installed /workspaces/openwrt-radxa-rock5b-plus/openwrt/build_dir/target-aarch64_generic_musl/linux-rockchip_armv8/packages/.pkgdir/kmod-nf-flow
mkdir -p /workspaces/openwrt-radxa-rock5b-plus/openwrt/build_dir/target-aarch64_generic_musl/linux-rockchip_armv8/packages/.pkgdir/kmod-nf-flow
for mod in /workspaces/openwrt-radxa-rock5b-plus/openwrt/build_dir/target-aarch64_generic_musl/linux-rockchip_armv8/linux-6.12.45/net/netfilter/nf_flow_table.ko; do if grep -q "${mod##/workspaces/openwrt-radxa-rock5b-plus/openwrt/build_dir/target-aarch64_generic_musl/linux-rockchip_armv8/linux-6.12.45/}" "/workspaces/openwrt-radxa-rock5b-plus/openwrt/build_dir/target-aarch64_generic_musl/linux-rockchip_armv8/linux-6.12.45/modules.builtin"; then echo "NOTICE: module '$mod' is built-in."; elif [ -e $mod ]; then mkdir -p /workspaces/openwrt-radxa-rock5b-plus/openwrt/build_dir/target-aarch64_generic_musl/linux-rockchip_armv8/packages/.pkgdir/kmod-nf-flow/lib/modules/6.12.45 ; cp -fpR -L $mod /workspaces/openwrt-radxa-rock5b-plus/openwrt/build_dir/target-aarch64_generic_musl/linux-rockchip_armv8/packages/.pkgdir/kmod-nf-flow/lib/modules/6.12.45/ ; else echo "ERROR: module '$mod' is missing." >&2; exit 1; fi; done;
mkdir -p /workspaces/openwrt-radxa-rock5b-plus/openwrt/build_dir/target-aarch64_generic_musl/linux-rockchip_armv8/packages/.pkgdir/kmod-nf-flow/etc/modules.d; ( echo "nf_flow_table";   echo "nf_flow_table_hw"; ) > /workspaces/openwrt-radxa-rock5b-plus/openwrt/build_dir/target-aarch64_generic_musl/linux-rockchip_armv8/packages/.pkgdir/kmod-nf-flow/etc/modules.d/nf-flow; 


touch /workspaces/openwrt-radxa-rock5b-plus/openwrt/build_dir/target-aarch64_generic_musl/linux-rockchip_armv8/packages/.pkgdir/kmod-nf-flow.installed
rm -rf /workspaces/openwrt-radxa-rock5b-plus/openwrt/build_dir/target-aarch64_generic_musl/linux-rockchip_armv8/packages/.pkgdir/kmod-nfnetlink.installed /workspaces/openwrt-radxa-rock5b-plus/openwrt/build_dir/target-aarch64_generic_musl/linux-rockchip_armv8/packages/.pkgdir/kmod-nfnetlink
mkdir -p /workspaces/openwrt-radxa-rock5b-plus/openwrt/build_dir/target-aarch64_generic_musl/linux-rockchip_armv8/packages/.pkgdir/kmod-nfnetlink
for mod in /workspaces/openwrt-radxa-rock5b-plus/openwrt/build_dir/target-aarch64_generic_musl/linux-rockchip_armv8/linux-6.12.45/net/netfilter/nfnetlink.ko; do if grep -q "${mod##/workspaces/openwrt-radxa-rock5b-plus/openwrt/build_dir/target-aarch64_generic_musl/linux-rockchip_armv8/linux-6.12.45/}" "/workspaces/openwrt-radxa-rock5b-plus/openwrt/build_dir/target-aarch64_generic_musl/linux-rockchip_armv8/linux-6.12.45/modules.builtin"; then echo "NOTICE: module '$mod' is built-in."; elif [ -e $mod ]; then mkdir -p /workspaces/openwrt-radxa-rock5b-plus/openwrt/build_dir/target-aarch64_generic_musl/linux-rockchip_armv8/packages/.pkgdir/kmod-nfnetlink/lib/modules/6.12.45 ; cp -fpR -L $mod /workspaces/openwrt-radxa-rock5b-plus/openwrt/build_dir/target-aarch64_generic_musl/linux-rockchip_armv8/packages/.pkgdir/kmod-nfnetlink/lib/modules/6.12.45/ ; else echo "ERROR: module '$mod' is missing." >&2; exit 1; fi; done;
mkdir -p /workspaces/openwrt-radxa-rock5b-plus/openwrt/build_dir/target-aarch64_generic_musl/linux-rockchip_armv8/packages/.pkgdir/kmod-nfnetlink/etc/modules.d; ( echo "nfnetlink"; ) > /workspaces/openwrt-radxa-rock5b-plus/openwrt/build_dir/target-aarch64_generic_musl/linux-rockchip_armv8/packages/.pkgdir/kmod-nfnetlink/etc/modules.d/nfnetlink; 


touch /workspaces/openwrt-radxa-rock5b-plus/openwrt/build_dir/target-aarch64_generic_musl/linux-rockchip_armv8/packages/.pkgdir/kmod-nfnetlink.installed
rm -rf /workspaces/openwrt-radxa-rock5b-plus/openwrt/build_dir/target-aarch64_generic_musl/linux-rockchip_armv8/packages/.pkgdir/kmod-nft-core.installed /workspaces/openwrt-radxa-rock5b-plus/openwrt/build_dir/target-aarch64_generic_musl/linux-rockchip_armv8/packages/.pkgdir/kmod-nft-core
mkdir -p /workspaces/openwrt-radxa-rock5b-plus/openwrt/build_dir/target-aarch64_generic_musl/linux-rockchip_armv8/packages/.pkgdir/kmod-nft-core
for mod in /workspaces/openwrt-radxa-rock5b-plus/openwrt/build_dir/target-aarch64_generic_musl/linux-rockchip_armv8/linux-6.12.45/net/netfilter/nf_tables.ko /workspaces/openwrt-radxa-rock5b-plus/openwrt/build_dir/target-aarch64_generic_musl/linux-rockchip_armv8/linux-6.12.45/net/netfilter/nft_ct.ko /workspaces/openwrt-radxa-rock5b-plus/openwrt/build_dir/target-aarch64_generic_musl/linux-rockchip_armv8/linux-6.12.45/net/netfilter/nft_hash.ko /workspaces/openwrt-radxa-rock5b-plus/openwrt/build_dir/target-aarch64_generic_musl/linux-rockchip_armv8/linux-6.12.45/net/netfilter/nft_limit.ko /workspaces/openwrt-radxa-rock5b-plus/openwrt/build_dir/target-aarch64_generic_musl/linux-rockchip_armv8/linux-6.12.45/net/netfilter/nft_log.ko /workspaces/openwrt-radxa-rock5b-plus/openwrt/build_dir/target-aarch64_generic_musl/linux-rockchip_armv8/linux-6.12.45/net/netfilter/nft_numgen.ko /workspaces/openwrt-radxa-rock5b-plus/openwrt/build_dir/target-aarch64_generic_musl/linux-rockchip_armv8/linux-6.12.45/net/netfilter/nft_quota.ko /workspaces/openwrt-radxa-rock5b-plus/openwrt/build_dir/target-aarch64_generic_musl/linux-rockchip_armv8/linux-6.12.45/net/netfilter/nft_redir.ko /workspaces/openwrt-radxa-rock5b-plus/openwrt/build_dir/target-aarch64_generic_musl/linux-rockchip_armv8/linux-6.12.45/net/netfilter/nft_reject.ko /workspaces/openwrt-radxa-rock5b-plus/openwrt/build_dir/target-aarch64_generic_musl/linux-rockchip_armv8/linux-6.12.45/net/ipv4/netfilter/nft_reject_ipv4.ko /workspaces/openwrt-radxa-rock5b-plus/openwrt/build_dir/target-aarch64_generic_musl/linux-rockchip_armv8/linux-6.12.45/net/ipv6/netfilter/nft_reject_ipv6.ko /workspaces/openwrt-radxa-rock5b-plus/openwrt/build_dir/target-aarch64_generic_musl/linux-rockchip_armv8/linux-6.12.45/net/netfilter/nft_reject_inet.ko; do if grep -q "${mod##/workspaces/openwrt-radxa-rock5b-plus/openwrt/build_dir/target-aarch64_generic_musl/linux-rockchip_armv8/linux-6.12.45/}" "/workspaces/openwrt-radxa-rock5b-plus/openwrt/build_dir/target-aarch64_generic_musl/linux-rockchip_armv8/linux-6.12.45/modules.builtin"; then echo "NOTICE: module '$mod' is built-in."; elif [ -e $mod ]; then mkdir -p /workspaces/openwrt-radxa-rock5b-plus/openwrt/build_dir/target-aarch64_generic_musl/linux-rockchip_armv8/packages/.pkgdir/kmod-nft-core/lib/modules/6.12.45 ; cp -fpR -L $mod /workspaces/openwrt-radxa-rock5b-plus/openwrt/build_dir/target-aarch64_generic_musl/linux-rockchip_armv8/packages/.pkgdir/kmod-nft-core/lib/modules/6.12.45/ ; else echo "ERROR: module '$mod' is missing." >&2; exit 1; fi; done;
mkdir -p /workspaces/openwrt-radxa-rock5b-plus/openwrt/build_dir/target-aarch64_generic_musl/linux-rockchip_armv8/packages/.pkgdir/kmod-nft-core/etc/modules.d; ( echo "nf_tables";   echo "nft_ct";   echo "nft_hash";   echo "nft_limit";   echo "nft_log";   echo "nft_numgen";   echo "nft_quota";   echo "nft_redir";   echo "nft_reject";   echo "nft_reject_inet";   echo "nft_reject_ipv4";   echo "nft_reject_ipv6"; ) > /workspaces/openwrt-radxa-rock5b-plus/openwrt/build_dir/target-aarch64_generic_musl/linux-rockchip_armv8/packages/.pkgdir/kmod-nft-core/etc/modules.d/nft-core; 


touch /workspaces/openwrt-radxa-rock5b-plus/openwrt/build_dir/target-aarch64_generic_musl/linux-rockchip_armv8/packages/.pkgdir/kmod-nft-core.installed
rm -rf /workspaces/openwrt-radxa-rock5b-plus/openwrt/build_dir/target-aarch64_generic_musl/linux-rockchip_armv8/packages/.pkgdir/kmod-nft-nat.installed /workspaces/openwrt-radxa-rock5b-plus/openwrt/build_dir/target-aarch64_generic_musl/linux-rockchip_armv8/packages/.pkgdir/kmod-nft-nat
mkdir -p /workspaces/openwrt-radxa-rock5b-plus/openwrt/build_dir/target-aarch64_generic_musl/linux-rockchip_armv8/packages/.pkgdir/kmod-nft-nat
for mod in /workspaces/openwrt-radxa-rock5b-plus/openwrt/build_dir/target-aarch64_generic_musl/linux-rockchip_armv8/linux-6.12.45/net/netfilter/nft_nat.ko /workspaces/openwrt-radxa-rock5b-plus/openwrt/build_dir/target-aarch64_generic_musl/linux-rockchip_armv8/linux-6.12.45/net/netfilter/nft_chain_nat.ko /workspaces/openwrt-radxa-rock5b-plus/openwrt/build_dir/target-aarch64_generic_musl/linux-rockchip_armv8/linux-6.12.45/net/netfilter/nft_masq.ko; do if grep -q "${mod##/workspaces/openwrt-radxa-rock5b-plus/openwrt/build_dir/target-aarch64_generic_musl/linux-rockchip_armv8/linux-6.12.45/}" "/workspaces/openwrt-radxa-rock5b-plus/openwrt/build_dir/target-aarch64_generic_musl/linux-rockchip_armv8/linux-6.12.45/modules.builtin"; then echo "NOTICE: module '$mod' is built-in."; elif [ -e $mod ]; then mkdir -p /workspaces/openwrt-radxa-rock5b-plus/openwrt/build_dir/target-aarch64_generic_musl/linux-rockchip_armv8/packages/.pkgdir/kmod-nft-nat/lib/modules/6.12.45 ; cp -fpR -L $mod /workspaces/openwrt-radxa-rock5b-plus/openwrt/build_dir/target-aarch64_generic_musl/linux-rockchip_armv8/packages/.pkgdir/kmod-nft-nat/lib/modules/6.12.45/ ; else echo "ERROR: module '$mod' is missing." >&2; exit 1; fi; done;
mkdir -p /workspaces/openwrt-radxa-rock5b-plus/openwrt/build_dir/target-aarch64_generic_musl/linux-rockchip_armv8/packages/.pkgdir/kmod-nft-nat/etc/modules.d; ( echo "nft_chain_nat";   echo "nft_masq";   echo "nft_nat"; ) > /workspaces/openwrt-radxa-rock5b-plus/openwrt/build_dir/target-aarch64_generic_musl/linux-rockchip_armv8/packages/.pkgdir/kmod-nft-nat/etc/modules.d/nft-nat; 


touch /workspaces/openwrt-radxa-rock5b-plus/openwrt/build_dir/target-aarch64_generic_musl/linux-rockchip_armv8/packages/.pkgdir/kmod-nft-nat.installed
rm -rf /workspaces/openwrt-radxa-rock5b-plus/openwrt/build_dir/target-aarch64_generic_musl/linux-rockchip_armv8/packages/.pkgdir/kmod-nft-offload.installed /workspaces/openwrt-radxa-rock5b-plus/openwrt/build_dir/target-aarch64_generic_musl/linux-rockchip_armv8/packages/.pkgdir/kmod-nft-offload
mkdir -p /workspaces/openwrt-radxa-rock5b-plus/openwrt/build_dir/target-aarch64_generic_musl/linux-rockchip_armv8/packages/.pkgdir/kmod-nft-offload
for mod in /workspaces/openwrt-radxa-rock5b-plus/openwrt/build_dir/target-aarch64_generic_musl/linux-rockchip_armv8/linux-6.12.45/net/netfilter/nf_flow_table_inet.ko /workspaces/openwrt-radxa-rock5b-plus/openwrt/build_dir/target-aarch64_generic_musl/linux-rockchip_armv8/linux-6.12.45/net/netfilter/nft_flow_offload.ko; do if grep -q "${mod##/workspaces/openwrt-radxa-rock5b-plus/openwrt/build_dir/target-aarch64_generic_musl/linux-rockchip_armv8/linux-6.12.45/}" "/workspaces/openwrt-radxa-rock5b-plus/openwrt/build_dir/target-aarch64_generic_musl/linux-rockchip_armv8/linux-6.12.45/modules.builtin"; then echo "NOTICE: module '$mod' is built-in."; elif [ -e $mod ]; then mkdir -p /workspaces/openwrt-radxa-rock5b-plus/openwrt/build_dir/target-aarch64_generic_musl/linux-rockchip_armv8/packages/.pkgdir/kmod-nft-offload/lib/modules/6.12.45 ; cp -fpR -L $mod /workspaces/openwrt-radxa-rock5b-plus/openwrt/build_dir/target-aarch64_generic_musl/linux-rockchip_armv8/packages/.pkgdir/kmod-nft-offload/lib/modules/6.12.45/ ; else echo "ERROR: module '$mod' is missing." >&2; exit 1; fi; done;
mkdir -p /workspaces/openwrt-radxa-rock5b-plus/openwrt/build_dir/target-aarch64_generic_musl/linux-rockchip_armv8/packages/.pkgdir/kmod-nft-offload/etc/modules.d; ( echo "nf_flow_table_inet";   echo "nft_flow_offload"; ) > /workspaces/openwrt-radxa-rock5b-plus/openwrt/build_dir/target-aarch64_generic_musl/linux-rockchip_armv8/packages/.pkgdir/kmod-nft-offload/etc/modules.d/nft-offload; 


touch /workspaces/openwrt-radxa-rock5b-plus/openwrt/build_dir/target-aarch64_generic_musl/linux-rockchip_armv8/packages/.pkgdir/kmod-nft-offload.installed
rm -rf /workspaces/openwrt-radxa-rock5b-plus/openwrt/build_dir/target-aarch64_generic_musl/linux-rockchip_armv8/packages/.pkgdir/kmod-nft-fib.installed /workspaces/openwrt-radxa-rock5b-plus/openwrt/build_dir/target-aarch64_generic_musl/linux-rockchip_armv8/packages/.pkgdir/kmod-nft-fib
mkdir -p /workspaces/openwrt-radxa-rock5b-plus/openwrt/build_dir/target-aarch64_generic_musl/linux-rockchip_armv8/packages/.pkgdir/kmod-nft-fib
for mod in /workspaces/openwrt-radxa-rock5b-plus/openwrt/build_dir/target-aarch64_generic_musl/linux-rockchip_armv8/linux-6.12.45/net/netfilter/nft_fib.ko /workspaces/openwrt-radxa-rock5b-plus/openwrt/build_dir/target-aarch64_generic_musl/linux-rockchip_armv8/linux-6.12.45/net/netfilter/nft_fib_inet.ko /workspaces/openwrt-radxa-rock5b-plus/openwrt/build_dir/target-aarch64_generic_musl/linux-rockchip_armv8/linux-6.12.45/net/ipv4/netfilter/nft_fib_ipv4.ko /workspaces/openwrt-radxa-rock5b-plus/openwrt/build_dir/target-aarch64_generic_musl/linux-rockchip_armv8/linux-6.12.45/net/ipv6/netfilter/nft_fib_ipv6.ko; do if grep -q "${mod##/workspaces/openwrt-radxa-rock5b-plus/openwrt/build_dir/target-aarch64_generic_musl/linux-rockchip_armv8/linux-6.12.45/}" "/workspaces/openwrt-radxa-rock5b-plus/openwrt/build_dir/target-aarch64_generic_musl/linux-rockchip_armv8/linux-6.12.45/modules.builtin"; then echo "NOTICE: module '$mod' is built-in."; elif [ -e $mod ]; then mkdir -p /workspaces/openwrt-radxa-rock5b-plus/openwrt/build_dir/target-aarch64_generic_musl/linux-rockchip_armv8/packages/.pkgdir/kmod-nft-fib/lib/modules/6.12.45 ; cp -fpR -L $mod /workspaces/openwrt-radxa-rock5b-plus/openwrt/build_dir/target-aarch64_generic_musl/linux-rockchip_armv8/packages/.pkgdir/kmod-nft-fib/lib/modules/6.12.45/ ; else echo "ERROR: module '$mod' is missing." >&2; exit 1; fi; done;
mkdir -p /workspaces/openwrt-radxa-rock5b-plus/openwrt/build_dir/target-aarch64_generic_musl/linux-rockchip_armv8/packages/.pkgdir/kmod-nft-fib/etc/modules.d; ( echo "nft_fib";   echo "nft_fib_inet";   echo "nft_fib_ipv4";   echo "nft_fib_ipv6"; ) > /workspaces/openwrt-radxa-rock5b-plus/openwrt/build_dir/target-aarch64_generic_musl/linux-rockchip_armv8/packages/.pkgdir/kmod-nft-fib/etc/modules.d/nft-fib; 


touch /workspaces/openwrt-radxa-rock5b-plus/openwrt/build_dir/target-aarch64_generic_musl/linux-rockchip_armv8/packages/.pkgdir/kmod-nft-fib.installed
rm -rf /workspaces/openwrt-radxa-rock5b-plus/openwrt/build_dir/target-aarch64_generic_musl/linux-rockchip_armv8/packages/.pkgdir/kmod-slhc.installed /workspaces/openwrt-radxa-rock5b-plus/openwrt/build_dir/target-aarch64_generic_musl/linux-rockchip_armv8/packages/.pkgdir/kmod-slhc
mkdir -p /workspaces/openwrt-radxa-rock5b-plus/openwrt/build_dir/target-aarch64_generic_musl/linux-rockchip_armv8/packages/.pkgdir/kmod-slhc
for mod in /workspaces/openwrt-radxa-rock5b-plus/openwrt/build_dir/target-aarch64_generic_musl/linux-rockchip_armv8/linux-6.12.45/drivers/net/slip/slhc.ko; do if grep -q "${mod##/workspaces/openwrt-radxa-rock5b-plus/openwrt/build_dir/target-aarch64_generic_musl/linux-rockchip_armv8/linux-6.12.45/}" "/workspaces/openwrt-radxa-rock5b-plus/openwrt/build_dir/target-aarch64_generic_musl/linux-rockchip_armv8/linux-6.12.45/modules.builtin"; then echo "NOTICE: module '$mod' is built-in."; elif [ -e $mod ]; then mkdir -p /workspaces/openwrt-radxa-rock5b-plus/openwrt/build_dir/target-aarch64_generic_musl/linux-rockchip_armv8/packages/.pkgdir/kmod-slhc/lib/modules/6.12.45 ; cp -fpR -L $mod /workspaces/openwrt-radxa-rock5b-plus/openwrt/build_dir/target-aarch64_generic_musl/linux-rockchip_armv8/packages/.pkgdir/kmod-slhc/lib/modules/6.12.45/ ; else echo "ERROR: module '$mod' is missing." >&2; exit 1; fi; done;



touch /workspaces/openwrt-radxa-rock5b-plus/openwrt/build_dir/target-aarch64_generic_musl/linux-rockchip_armv8/packages/.pkgdir/kmod-slhc.installed
rm -rf /workspaces/openwrt-radxa-rock5b-plus/openwrt/build_dir/target-aarch64_generic_musl/linux-rockchip_armv8/packages/.pkgdir/kmod-ppp.installed /workspaces/openwrt-radxa-rock5b-plus/openwrt/build_dir/target-aarch64_generic_musl/linux-rockchip_armv8/packages/.pkgdir/kmod-ppp
mkdir -p /workspaces/openwrt-radxa-rock5b-plus/openwrt/build_dir/target-aarch64_generic_musl/linux-rockchip_armv8/packages/.pkgdir/kmod-ppp
for mod in /workspaces/openwrt-radxa-rock5b-plus/openwrt/build_dir/target-aarch64_generic_musl/linux-rockchip_armv8/linux-6.12.45/drivers/net/ppp/ppp_async.ko /workspaces/openwrt-radxa-rock5b-plus/openwrt/build_dir/target-aarch64_generic_musl/linux-rockchip_armv8/linux-6.12.45/drivers/net/ppp/ppp_generic.ko; do if grep -q "${mod##/workspaces/openwrt-radxa-rock5b-plus/openwrt/build_dir/target-aarch64_generic_musl/linux-rockchip_armv8/linux-6.12.45/}" "/workspaces/openwrt-radxa-rock5b-plus/openwrt/build_dir/target-aarch64_generic_musl/linux-rockchip_armv8/linux-6.12.45/modules.builtin"; then echo "NOTICE: module '$mod' is built-in."; elif [ -e $mod ]; then mkdir -p /workspaces/openwrt-radxa-rock5b-plus/openwrt/build_dir/target-aarch64_generic_musl/linux-rockchip_armv8/packages/.pkgdir/kmod-ppp/lib/modules/6.12.45 ; cp -fpR -L $mod /workspaces/openwrt-radxa-rock5b-plus/openwrt/build_dir/target-aarch64_generic_musl/linux-rockchip_armv8/packages/.pkgdir/kmod-ppp/lib/modules/6.12.45/ ; else echo "ERROR: module '$mod' is missing." >&2; exit 1; fi; done;
mkdir -p /workspaces/openwrt-radxa-rock5b-plus/openwrt/build_dir/target-aarch64_generic_musl/linux-rockchip_armv8/packages/.pkgdir/kmod-ppp/etc/modules.d; ( echo "ppp_async"; ) > /workspaces/openwrt-radxa-rock5b-plus/openwrt/build_dir/target-aarch64_generic_musl/linux-rockchip_armv8/packages/.pkgdir/kmod-ppp/etc/modules.d/ppp; 


touch /workspaces/openwrt-radxa-rock5b-plus/openwrt/build_dir/target-aarch64_generic_musl/linux-rockchip_armv8/packages/.pkgdir/kmod-ppp.installed
rm -rf /workspaces/openwrt-radxa-rock5b-plus/openwrt/build_dir/target-aarch64_generic_musl/linux-rockchip_armv8/packages/.pkgdir/kmod-pppox.installed /workspaces/openwrt-radxa-rock5b-plus/openwrt/build_dir/target-aarch64_generic_musl/linux-rockchip_armv8/packages/.pkgdir/kmod-pppox
mkdir -p /workspaces/openwrt-radxa-rock5b-plus/openwrt/build_dir/target-aarch64_generic_musl/linux-rockchip_armv8/packages/.pkgdir/kmod-pppox
for mod in /workspaces/openwrt-radxa-rock5b-plus/openwrt/build_dir/target-aarch64_generic_musl/linux-rockchip_armv8/linux-6.12.45/drivers/net/ppp/pppox.ko; do if grep -q "${mod##/workspaces/openwrt-radxa-rock5b-plus/openwrt/build_dir/target-aarch64_generic_musl/linux-rockchip_armv8/linux-6.12.45/}" "/workspaces/openwrt-radxa-rock5b-plus/openwrt/build_dir/target-aarch64_generic_musl/linux-rockchip_armv8/linux-6.12.45/modules.builtin"; then echo "NOTICE: module '$mod' is built-in."; elif [ -e $mod ]; then mkdir -p /workspaces/openwrt-radxa-rock5b-plus/openwrt/build_dir/target-aarch64_generic_musl/linux-rockchip_armv8/packages/.pkgdir/kmod-pppox/lib/modules/6.12.45 ; cp -fpR -L $mod /workspaces/openwrt-radxa-rock5b-plus/openwrt/build_dir/target-aarch64_generic_musl/linux-rockchip_armv8/packages/.pkgdir/kmod-pppox/lib/modules/6.12.45/ ; else echo "ERROR: module '$mod' is missing." >&2; exit 1; fi; done;



touch /workspaces/openwrt-radxa-rock5b-plus/openwrt/build_dir/target-aarch64_generic_musl/linux-rockchip_armv8/packages/.pkgdir/kmod-pppox.installed
rm -rf /workspaces/openwrt-radxa-rock5b-plus/openwrt/build_dir/target-aarch64_generic_musl/linux-rockchip_armv8/packages/.pkgdir/kmod-pppoe.installed /workspaces/openwrt-radxa-rock5b-plus/openwrt/build_dir/target-aarch64_generic_musl/linux-rockchip_armv8/packages/.pkgdir/kmod-pppoe
mkdir -p /workspaces/openwrt-radxa-rock5b-plus/openwrt/build_dir/target-aarch64_generic_musl/linux-rockchip_armv8/packages/.pkgdir/kmod-pppoe
for mod in /workspaces/openwrt-radxa-rock5b-plus/openwrt/build_dir/target-aarch64_generic_musl/linux-rockchip_armv8/linux-6.12.45/drivers/net/ppp/pppoe.ko; do if grep -q "${mod##/workspaces/openwrt-radxa-rock5b-plus/openwrt/build_dir/target-aarch64_generic_musl/linux-rockchip_armv8/linux-6.12.45/}" "/workspaces/openwrt-radxa-rock5b-plus/openwrt/build_dir/target-aarch64_generic_musl/linux-rockchip_armv8/linux-6.12.45/modules.builtin"; then echo "NOTICE: module '$mod' is built-in."; elif [ -e $mod ]; then mkdir -p /workspaces/openwrt-radxa-rock5b-plus/openwrt/build_dir/target-aarch64_generic_musl/linux-rockchip_armv8/packages/.pkgdir/kmod-pppoe/lib/modules/6.12.45 ; cp -fpR -L $mod /workspaces/openwrt-radxa-rock5b-plus/openwrt/build_dir/target-aarch64_generic_musl/linux-rockchip_armv8/packages/.pkgdir/kmod-pppoe/lib/modules/6.12.45/ ; else echo "ERROR: module '$mod' is missing." >&2; exit 1; fi; done;
mkdir -p /workspaces/openwrt-radxa-rock5b-plus/openwrt/build_dir/target-aarch64_generic_musl/linux-rockchip_armv8/packages/.pkgdir/kmod-pppoe/etc/modules.d; ( echo "pppoe"; ) > /workspaces/openwrt-radxa-rock5b-plus/openwrt/build_dir/target-aarch64_generic_musl/linux-rockchip_armv8/packages/.pkgdir/kmod-pppoe/etc/modules.d/pppoe; 


touch /workspaces/openwrt-radxa-rock5b-plus/openwrt/build_dir/target-aarch64_generic_musl/linux-rockchip_armv8/packages/.pkgdir/kmod-pppoe.installed
rm -rf /workspaces/openwrt-radxa-rock5b-plus/openwrt/build_dir/target-aarch64_generic_musl/linux-rockchip_armv8/packages/.pkgdir/kmod-nls-base.installed /workspaces/openwrt-radxa-rock5b-plus/openwrt/build_dir/target-aarch64_generic_musl/linux-rockchip_armv8/packages/.pkgdir/kmod-nls-base
mkdir -p /workspaces/openwrt-radxa-rock5b-plus/openwrt/build_dir/target-aarch64_generic_musl/linux-rockchip_armv8/packages/.pkgdir/kmod-nls-base
for mod in /workspaces/openwrt-radxa-rock5b-plus/openwrt/build_dir/target-aarch64_generic_musl/linux-rockchip_armv8/linux-6.12.45/fs/nls/nls_base.ko; do if grep -q "${mod##/workspaces/openwrt-radxa-rock5b-plus/openwrt/build_dir/target-aarch64_generic_musl/linux-rockchip_armv8/linux-6.12.45/}" "/workspaces/openwrt-radxa-rock5b-plus/openwrt/build_dir/target-aarch64_generic_musl/linux-rockchip_armv8/linux-6.12.45/modules.builtin"; then echo "NOTICE: module '$mod' is built-in."; elif [ -e $mod ]; then mkdir -p /workspaces/openwrt-radxa-rock5b-plus/openwrt/build_dir/target-aarch64_generic_musl/linux-rockchip_armv8/packages/.pkgdir/kmod-nls-base/lib/modules/6.12.45 ; cp -fpR -L $mod /workspaces/openwrt-radxa-rock5b-plus/openwrt/build_dir/target-aarch64_generic_musl/linux-rockchip_armv8/packages/.pkgdir/kmod-nls-base/lib/modules/6.12.45/ ; else echo "ERROR: module '$mod' is missing." >&2; exit 1; fi; done;



touch /workspaces/openwrt-radxa-rock5b-plus/openwrt/build_dir/target-aarch64_generic_musl/linux-rockchip_armv8/packages/.pkgdir/kmod-nls-base.installed
NOTICE: module '/workspaces/openwrt-radxa-rock5b-plus/openwrt/build_dir/target-aarch64_generic_musl/linux-rockchip_armv8/linux-6.12.45/fs/nls/nls_base.ko' is built-in.
rm -rf /workspaces/openwrt-radxa-rock5b-plus/openwrt/build_dir/target-aarch64_generic_musl/linux-rockchip_armv8/packages/.pkgdir/kmod-nls-cp437.installed /workspaces/openwrt-radxa-rock5b-plus/openwrt/build_dir/target-aarch64_generic_musl/linux-rockchip_armv8/packages/.pkgdir/kmod-nls-cp437
mkdir -p /workspaces/openwrt-radxa-rock5b-plus/openwrt/build_dir/target-aarch64_generic_musl/linux-rockchip_armv8/packages/.pkgdir/kmod-nls-cp437
for mod in /workspaces/openwrt-radxa-rock5b-plus/openwrt/build_dir/target-aarch64_generic_musl/linux-rockchip_armv8/linux-6.12.45/fs/nls/nls_cp437.ko; do if grep -q "${mod##/workspaces/openwrt-radxa-rock5b-plus/openwrt/build_dir/target-aarch64_generic_musl/linux-rockchip_armv8/linux-6.12.45/}" "/workspaces/openwrt-radxa-rock5b-plus/openwrt/build_dir/target-aarch64_generic_musl/linux-rockchip_armv8/linux-6.12.45/modules.builtin"; then echo "NOTICE: module '$mod' is built-in."; elif [ -e $mod ]; then mkdir -p /workspaces/openwrt-radxa-rock5b-plus/openwrt/build_dir/target-aarch64_generic_musl/linux-rockchip_armv8/packages/.pkgdir/kmod-nls-cp437/lib/modules/6.12.45 ; cp -fpR -L $mod /workspaces/openwrt-radxa-rock5b-plus/openwrt/build_dir/target-aarch64_generic_musl/linux-rockchip_armv8/packages/.pkgdir/kmod-nls-cp437/lib/modules/6.12.45/ ; else echo "ERROR: module '$mod' is missing." >&2; exit 1; fi; done;
mkdir -p /workspaces/openwrt-radxa-rock5b-plus/openwrt/build_dir/target-aarch64_generic_musl/linux-rockchip_armv8/packages/.pkgdir/kmod-nls-cp437/etc/modules.d; ( echo "nls_cp437"; ) > /workspaces/openwrt-radxa-rock5b-plus/openwrt/build_dir/target-aarch64_generic_musl/linux-rockchip_armv8/packages/.pkgdir/kmod-nls-cp437/etc/modules.d/25-nls-cp437; 


touch /workspaces/openwrt-radxa-rock5b-plus/openwrt/build_dir/target-aarch64_generic_musl/linux-rockchip_armv8/packages/.pkgdir/kmod-nls-cp437.installed
rm -rf /workspaces/openwrt-radxa-rock5b-plus/openwrt/build_dir/target-aarch64_generic_musl/linux-rockchip_armv8/packages/.pkgdir/kmod-nls-iso8859-1.installed /workspaces/openwrt-radxa-rock5b-plus/openwrt/build_dir/target-aarch64_generic_musl/linux-rockchip_armv8/packages/.pkgdir/kmod-nls-iso8859-1
mkdir -p /workspaces/openwrt-radxa-rock5b-plus/openwrt/build_dir/target-aarch64_generic_musl/linux-rockchip_armv8/packages/.pkgdir/kmod-nls-iso8859-1
for mod in /workspaces/openwrt-radxa-rock5b-plus/openwrt/build_dir/target-aarch64_generic_musl/linux-rockchip_armv8/linux-6.12.45/fs/nls/nls_iso8859-1.ko; do if grep -q "${mod##/workspaces/openwrt-radxa-rock5b-plus/openwrt/build_dir/target-aarch64_generic_musl/linux-rockchip_armv8/linux-6.12.45/}" "/workspaces/openwrt-radxa-rock5b-plus/openwrt/build_dir/target-aarch64_generic_musl/linux-rockchip_armv8/linux-6.12.45/modules.builtin"; then echo "NOTICE: module '$mod' is built-in."; elif [ -e $mod ]; then mkdir -p /workspaces/openwrt-radxa-rock5b-plus/openwrt/build_dir/target-aarch64_generic_musl/linux-rockchip_armv8/packages/.pkgdir/kmod-nls-iso8859-1/lib/modules/6.12.45 ; cp -fpR -L $mod /workspaces/openwrt-radxa-rock5b-plus/openwrt/build_dir/target-aarch64_generic_musl/linux-rockchip_armv8/packages/.pkgdir/kmod-nls-iso8859-1/lib/modules/6.12.45/ ; else echo "ERROR: module '$mod' is missing." >&2; exit 1; fi; done;
mkdir -p /workspaces/openwrt-radxa-rock5b-plus/openwrt/build_dir/target-aarch64_generic_musl/linux-rockchip_armv8/packages/.pkgdir/kmod-nls-iso8859-1/etc/modules.d; ( echo "nls_iso8859-1"; ) > /workspaces/openwrt-radxa-rock5b-plus/openwrt/build_dir/target-aarch64_generic_musl/linux-rockchip_armv8/packages/.pkgdir/kmod-nls-iso8859-1/etc/modules.d/25-nls-iso8859-1; 


touch /workspaces/openwrt-radxa-rock5b-plus/openwrt/build_dir/target-aarch64_generic_musl/linux-rockchip_armv8/packages/.pkgdir/kmod-nls-iso8859-1.installed
NOTICE: module '/workspaces/openwrt-radxa-rock5b-plus/openwrt/build_dir/target-aarch64_generic_musl/linux-rockchip_armv8/linux-6.12.45/fs/nls/nls_iso8859-1.ko' is built-in.
rm -rf /workspaces/openwrt-radxa-rock5b-plus/openwrt/build_dir/target-aarch64_generic_musl/linux-rockchip_armv8/packages/.pkgdir/kmod-nls-utf8.installed /workspaces/openwrt-radxa-rock5b-plus/openwrt/build_dir/target-aarch64_generic_musl/linux-rockchip_armv8/packages/.pkgdir/kmod-nls-utf8
mkdir -p /workspaces/openwrt-radxa-rock5b-plus/openwrt/build_dir/target-aarch64_generic_musl/linux-rockchip_armv8/packages/.pkgdir/kmod-nls-utf8
for mod in /workspaces/openwrt-radxa-rock5b-plus/openwrt/build_dir/target-aarch64_generic_musl/linux-rockchip_armv8/linux-6.12.45/fs/nls/nls_utf8.ko; do if grep -q "${mod##/workspaces/openwrt-radxa-rock5b-plus/openwrt/build_dir/target-aarch64_generic_musl/linux-rockchip_armv8/linux-6.12.45/}" "/workspaces/openwrt-radxa-rock5b-plus/openwrt/build_dir/target-aarch64_generic_musl/linux-rockchip_armv8/linux-6.12.45/modules.builtin"; then echo "NOTICE: module '$mod' is built-in."; elif [ -e $mod ]; then mkdir -p /workspaces/openwrt-radxa-rock5b-plus/openwrt/build_dir/target-aarch64_generic_musl/linux-rockchip_armv8/packages/.pkgdir/kmod-nls-utf8/lib/modules/6.12.45 ; cp -fpR -L $mod /workspaces/openwrt-radxa-rock5b-plus/openwrt/build_dir/target-aarch64_generic_musl/linux-rockchip_armv8/packages/.pkgdir/kmod-nls-utf8/lib/modules/6.12.45/ ; else echo "ERROR: module '$mod' is missing." >&2; exit 1; fi; done;
mkdir -p /workspaces/openwrt-radxa-rock5b-plus/openwrt/build_dir/target-aarch64_generic_musl/linux-rockchip_armv8/packages/.pkgdir/kmod-nls-utf8/etc/modules.d; ( echo "nls_utf8"; ) > /workspaces/openwrt-radxa-rock5b-plus/openwrt/build_dir/target-aarch64_generic_musl/linux-rockchip_armv8/packages/.pkgdir/kmod-nls-utf8/etc/modules.d/25-nls-utf8; 


touch /workspaces/openwrt-radxa-rock5b-plus/openwrt/build_dir/target-aarch64_generic_musl/linux-rockchip_armv8/packages/.pkgdir/kmod-nls-utf8.installed
rm -rf /workspaces/openwrt-radxa-rock5b-plus/openwrt/build_dir/target-aarch64_generic_musl/linux-rockchip_armv8/packages/.pkgdir/kmod-usb-common.installed /workspaces/openwrt-radxa-rock5b-plus/openwrt/build_dir/target-aarch64_generic_musl/linux-rockchip_armv8/packages/.pkgdir/kmod-usb-common
mkdir -p /workspaces/openwrt-radxa-rock5b-plus/openwrt/build_dir/target-aarch64_generic_musl/linux-rockchip_armv8/packages/.pkgdir/kmod-usb-common
for mod in /workspaces/openwrt-radxa-rock5b-plus/openwrt/build_dir/target-aarch64_generic_musl/linux-rockchip_armv8/linux-6.12.45/drivers/usb/common/usb-common.ko; do if grep -q "${mod##/workspaces/openwrt-radxa-rock5b-plus/openwrt/build_dir/target-aarch64_generic_musl/linux-rockchip_armv8/linux-6.12.45/}" "/workspaces/openwrt-radxa-rock5b-plus/openwrt/build_dir/target-aarch64_generic_musl/linux-rockchip_armv8/linux-6.12.45/modules.builtin"; then echo "NOTICE: module '$mod' is built-in."; elif [ -e $mod ]; then mkdir -p /workspaces/openwrt-radxa-rock5b-plus/openwrt/build_dir/target-aarch64_generic_musl/linux-rockchip_armv8/packages/.pkgdir/kmod-usb-common/lib/modules/6.12.45 ; cp -fpR -L $mod /workspaces/openwrt-radxa-rock5b-plus/openwrt/build_dir/target-aarch64_generic_musl/linux-rockchip_armv8/packages/.pkgdir/kmod-usb-common/lib/modules/6.12.45/ ; else echo "ERROR: module '$mod' is missing." >&2; exit 1; fi; done;
mkdir -p /workspaces/openwrt-radxa-rock5b-plus/openwrt/build_dir/target-aarch64_generic_musl/linux-rockchip_armv8/packages/.pkgdir/kmod-usb-common/etc/modules.d; ( echo "usb-common"; ) > /workspaces/openwrt-radxa-rock5b-plus/openwrt/build_dir/target-aarch64_generic_musl/linux-rockchip_armv8/packages/.pkgdir/kmod-usb-common/etc/modules.d/20-usb-common;  mkdir -p /workspaces/openwrt-radxa-rock5b-plus/openwrt/build_dir/target-aarch64_generic_musl/linux-rockchip_armv8/packages/.pkgdir/kmod-usb-common/etc/modules-boot.d; ln -sf ../modules.d/20-usb-common /workspaces/openwrt-radxa-rock5b-plus/openwrt/build_dir/target-aarch64_generic_musl/linux-rockchip_armv8/packages/.pkgdir/kmod-usb-common/etc/modules-boot.d/;


touch /workspaces/openwrt-radxa-rock5b-plus/openwrt/build_dir/target-aarch64_generic_musl/linux-rockchip_armv8/packages/.pkgdir/kmod-usb-common.installed
NOTICE: module '/workspaces/openwrt-radxa-rock5b-plus/openwrt/build_dir/target-aarch64_generic_musl/linux-rockchip_armv8/linux-6.12.45/drivers/usb/common/usb-common.ko' is built-in.
rm -rf /workspaces/openwrt-radxa-rock5b-plus/openwrt/build_dir/target-aarch64_generic_musl/linux-rockchip_armv8/packages/.pkgdir/kmod-usb-core.installed /workspaces/openwrt-radxa-rock5b-plus/openwrt/build_dir/target-aarch64_generic_musl/linux-rockchip_armv8/packages/.pkgdir/kmod-usb-core
mkdir -p /workspaces/openwrt-radxa-rock5b-plus/openwrt/build_dir/target-aarch64_generic_musl/linux-rockchip_armv8/packages/.pkgdir/kmod-usb-core
for mod in /workspaces/openwrt-radxa-rock5b-plus/openwrt/build_dir/target-aarch64_generic_musl/linux-rockchip_armv8/linux-6.12.45/drivers/usb/core/usbcore.ko; do if grep -q "${mod##/workspaces/openwrt-radxa-rock5b-plus/openwrt/build_dir/target-aarch64_generic_musl/linux-rockchip_armv8/linux-6.12.45/}" "/workspaces/openwrt-radxa-rock5b-plus/openwrt/build_dir/target-aarch64_generic_musl/linux-rockchip_armv8/linux-6.12.45/modules.builtin"; then echo "NOTICE: module '$mod' is built-in."; elif [ -e $mod ]; then mkdir -p /workspaces/openwrt-radxa-rock5b-plus/openwrt/build_dir/target-aarch64_generic_musl/linux-rockchip_armv8/packages/.pkgdir/kmod-usb-core/lib/modules/6.12.45 ; cp -fpR -L $mod /workspaces/openwrt-radxa-rock5b-plus/openwrt/build_dir/target-aarch64_generic_musl/linux-rockchip_armv8/packages/.pkgdir/kmod-usb-core/lib/modules/6.12.45/ ; else echo "ERROR: module '$mod' is missing." >&2; exit 1; fi; done;
mkdir -p /workspaces/openwrt-radxa-rock5b-plus/openwrt/build_dir/target-aarch64_generic_musl/linux-rockchip_armv8/packages/.pkgdir/kmod-usb-core/etc/modules.d; ( echo "usbcore"; ) > /workspaces/openwrt-radxa-rock5b-plus/openwrt/build_dir/target-aarch64_generic_musl/linux-rockchip_armv8/packages/.pkgdir/kmod-usb-core/etc/modules.d/20-usb-core;  mkdir -p /workspaces/openwrt-radxa-rock5b-plus/openwrt/build_dir/target-aarch64_generic_musl/linux-rockchip_armv8/packages/.pkgdir/kmod-usb-core/etc/modules-boot.d; ln -sf ../modules.d/20-usb-core /workspaces/openwrt-radxa-rock5b-plus/openwrt/build_dir/target-aarch64_generic_musl/linux-rockchip_armv8/packages/.pkgdir/kmod-usb-core/etc/modules-boot.d/;


touch /workspaces/openwrt-radxa-rock5b-plus/openwrt/build_dir/target-aarch64_generic_musl/linux-rockchip_armv8/packages/.pkgdir/kmod-usb-core.installed
NOTICE: module '/workspaces/openwrt-radxa-rock5b-plus/openwrt/build_dir/target-aarch64_generic_musl/linux-rockchip_armv8/linux-6.12.45/drivers/usb/core/usbcore.ko' is built-in.
rm -rf /workspaces/openwrt-radxa-rock5b-plus/openwrt/build_dir/target-aarch64_generic_musl/linux-rockchip_armv8/packages/.pkgdir/kmod-usb-wdm.installed /workspaces/openwrt-radxa-rock5b-plus/openwrt/build_dir/target-aarch64_generic_musl/linux-rockchip_armv8/packages/.pkgdir/kmod-usb-wdm
mkdir -p /workspaces/openwrt-radxa-rock5b-plus/openwrt/build_dir/target-aarch64_generic_musl/linux-rockchip_armv8/packages/.pkgdir/kmod-usb-wdm
for mod in /workspaces/openwrt-radxa-rock5b-plus/openwrt/build_dir/target-aarch64_generic_musl/linux-rockchip_armv8/linux-6.12.45/drivers/usb/class/cdc-wdm.ko; do if grep -q "${mod##/workspaces/openwrt-radxa-rock5b-plus/openwrt/build_dir/target-aarch64_generic_musl/linux-rockchip_armv8/linux-6.12.45/}" "/workspaces/openwrt-radxa-rock5b-plus/openwrt/build_dir/target-aarch64_generic_musl/linux-rockchip_armv8/linux-6.12.45/modules.builtin"; then echo "NOTICE: module '$mod' is built-in."; elif [ -e $mod ]; then mkdir -p /workspaces/openwrt-radxa-rock5b-plus/openwrt/build_dir/target-aarch64_generic_musl/linux-rockchip_armv8/packages/.pkgdir/kmod-usb-wdm/lib/modules/6.12.45 ; cp -fpR -L $mod /workspaces/openwrt-radxa-rock5b-plus/openwrt/build_dir/target-aarch64_generic_musl/linux-rockchip_armv8/packages/.pkgdir/kmod-usb-wdm/lib/modules/6.12.45/ ; else echo "ERROR: module '$mod' is missing." >&2; exit 1; fi; done;
mkdir -p /workspaces/openwrt-radxa-rock5b-plus/openwrt/build_dir/target-aarch64_generic_musl/linux-rockchip_armv8/packages/.pkgdir/kmod-usb-wdm/etc/modules.d; ( echo "cdc-wdm"; ) > /workspaces/openwrt-radxa-rock5b-plus/openwrt/build_dir/target-aarch64_generic_musl/linux-rockchip_armv8/packages/.pkgdir/kmod-usb-wdm/etc/modules.d/usb-wdm; 


touch /workspaces/openwrt-radxa-rock5b-plus/openwrt/build_dir/target-aarch64_generic_musl/linux-rockchip_armv8/packages/.pkgdir/kmod-usb-wdm.installed
rm -rf /workspaces/openwrt-radxa-rock5b-plus/openwrt/build_dir/target-aarch64_generic_musl/linux-rockchip_armv8/packages/.pkgdir/kmod-usb-serial.installed /workspaces/openwrt-radxa-rock5b-plus/openwrt/build_dir/target-aarch64_generic_musl/linux-rockchip_armv8/packages/.pkgdir/kmod-usb-serial
mkdir -p /workspaces/openwrt-radxa-rock5b-plus/openwrt/build_dir/target-aarch64_generic_musl/linux-rockchip_armv8/packages/.pkgdir/kmod-usb-serial
for mod in /workspaces/openwrt-radxa-rock5b-plus/openwrt/build_dir/target-aarch64_generic_musl/linux-rockchip_armv8/linux-6.12.45/drivers/usb/serial/usbserial.ko; do if grep -q "${mod##/workspaces/openwrt-radxa-rock5b-plus/openwrt/build_dir/target-aarch64_generic_musl/linux-rockchip_armv8/linux-6.12.45/}" "/workspaces/openwrt-radxa-rock5b-plus/openwrt/build_dir/target-aarch64_generic_musl/linux-rockchip_armv8/linux-6.12.45/modules.builtin"; then echo "NOTICE: module '$mod' is built-in."; elif [ -e $mod ]; then mkdir -p /workspaces/openwrt-radxa-rock5b-plus/openwrt/build_dir/target-aarch64_generic_musl/linux-rockchip_armv8/packages/.pkgdir/kmod-usb-serial/lib/modules/6.12.45 ; cp -fpR -L $mod /workspaces/openwrt-radxa-rock5b-plus/openwrt/build_dir/target-aarch64_generic_musl/linux-rockchip_armv8/packages/.pkgdir/kmod-usb-serial/lib/modules/6.12.45/ ; else echo "ERROR: module '$mod' is missing." >&2; exit 1; fi; done;
mkdir -p /workspaces/openwrt-radxa-rock5b-plus/openwrt/build_dir/target-aarch64_generic_musl/linux-rockchip_armv8/packages/.pkgdir/kmod-usb-serial/etc/modules.d; ( echo "usbserial"; ) > /workspaces/openwrt-radxa-rock5b-plus/openwrt/build_dir/target-aarch64_generic_musl/linux-rockchip_armv8/packages/.pkgdir/kmod-usb-serial/etc/modules.d/usb-serial; 


touch /workspaces/openwrt-radxa-rock5b-plus/openwrt/build_dir/target-aarch64_generic_musl/linux-rockchip_armv8/packages/.pkgdir/kmod-usb-serial.installed
rm -rf /workspaces/openwrt-radxa-rock5b-plus/openwrt/build_dir/target-aarch64_generic_musl/linux-rockchip_armv8/packages/.pkgdir/kmod-usb-serial-wwan.installed /workspaces/openwrt-radxa-rock5b-plus/openwrt/build_dir/target-aarch64_generic_musl/linux-rockchip_armv8/packages/.pkgdir/kmod-usb-serial-wwan
mkdir -p /workspaces/openwrt-radxa-rock5b-plus/openwrt/build_dir/target-aarch64_generic_musl/linux-rockchip_armv8/packages/.pkgdir/kmod-usb-serial-wwan
for mod in /workspaces/openwrt-radxa-rock5b-plus/openwrt/build_dir/target-aarch64_generic_musl/linux-rockchip_armv8/linux-6.12.45/drivers/usb/serial/usb_wwan.ko; do if grep -q "${mod##/workspaces/openwrt-radxa-rock5b-plus/openwrt/build_dir/target-aarch64_generic_musl/linux-rockchip_armv8/linux-6.12.45/}" "/workspaces/openwrt-radxa-rock5b-plus/openwrt/build_dir/target-aarch64_generic_musl/linux-rockchip_armv8/linux-6.12.45/modules.builtin"; then echo "NOTICE: module '$mod' is built-in."; elif [ -e $mod ]; then mkdir -p /workspaces/openwrt-radxa-rock5b-plus/openwrt/build_dir/target-aarch64_generic_musl/linux-rockchip_armv8/packages/.pkgdir/kmod-usb-serial-wwan/lib/modules/6.12.45 ; cp -fpR -L $mod /workspaces/openwrt-radxa-rock5b-plus/openwrt/build_dir/target-aarch64_generic_musl/linux-rockchip_armv8/packages/.pkgdir/kmod-usb-serial-wwan/lib/modules/6.12.45/ ; else echo "ERROR: module '$mod' is missing." >&2; exit 1; fi; done;
mkdir -p /workspaces/openwrt-radxa-rock5b-plus/openwrt/build_dir/target-aarch64_generic_musl/linux-rockchip_armv8/packages/.pkgdir/kmod-usb-serial-wwan/etc/modules.d; ( echo "usb_wwan"; ) > /workspaces/openwrt-radxa-rock5b-plus/openwrt/build_dir/target-aarch64_generic_musl/linux-rockchip_armv8/packages/.pkgdir/kmod-usb-serial-wwan/etc/modules.d/usb-serial-wwan; 


touch /workspaces/openwrt-radxa-rock5b-plus/openwrt/build_dir/target-aarch64_generic_musl/linux-rockchip_armv8/packages/.pkgdir/kmod-usb-serial-wwan.installed
rm -rf /workspaces/openwrt-radxa-rock5b-plus/openwrt/build_dir/target-aarch64_generic_musl/linux-rockchip_armv8/packages/.pkgdir/kmod-usb-serial-option.installed /workspaces/openwrt-radxa-rock5b-plus/openwrt/build_dir/target-aarch64_generic_musl/linux-rockchip_armv8/packages/.pkgdir/kmod-usb-serial-option
mkdir -p /workspaces/openwrt-radxa-rock5b-plus/openwrt/build_dir/target-aarch64_generic_musl/linux-rockchip_armv8/packages/.pkgdir/kmod-usb-serial-option
for mod in /workspaces/openwrt-radxa-rock5b-plus/openwrt/build_dir/target-aarch64_generic_musl/linux-rockchip_armv8/linux-6.12.45/drivers/usb/serial/option.ko; do if grep -q "${mod##/workspaces/openwrt-radxa-rock5b-plus/openwrt/build_dir/target-aarch64_generic_musl/linux-rockchip_armv8/linux-6.12.45/}" "/workspaces/openwrt-radxa-rock5b-plus/openwrt/build_dir/target-aarch64_generic_musl/linux-rockchip_armv8/linux-6.12.45/modules.builtin"; then echo "NOTICE: module '$mod' is built-in."; elif [ -e $mod ]; then mkdir -p /workspaces/openwrt-radxa-rock5b-plus/openwrt/build_dir/target-aarch64_generic_musl/linux-rockchip_armv8/packages/.pkgdir/kmod-usb-serial-option/lib/modules/6.12.45 ; cp -fpR -L $mod /workspaces/openwrt-radxa-rock5b-plus/openwrt/build_dir/target-aarch64_generic_musl/linux-rockchip_armv8/packages/.pkgdir/kmod-usb-serial-option/lib/modules/6.12.45/ ; else echo "ERROR: module '$mod' is missing." >&2; exit 1; fi; done;
mkdir -p /workspaces/openwrt-radxa-rock5b-plus/openwrt/build_dir/target-aarch64_generic_musl/linux-rockchip_armv8/packages/.pkgdir/kmod-usb-serial-option/etc/modules.d; ( echo "option"; ) > /workspaces/openwrt-radxa-rock5b-plus/openwrt/build_dir/target-aarch64_generic_musl/linux-rockchip_armv8/packages/.pkgdir/kmod-usb-serial-option/etc/modules.d/usb-serial-option; 


touch /workspaces/openwrt-radxa-rock5b-plus/openwrt/build_dir/target-aarch64_generic_musl/linux-rockchip_armv8/packages/.pkgdir/kmod-usb-serial-option.installed
rm -rf /workspaces/openwrt-radxa-rock5b-plus/openwrt/build_dir/target-aarch64_generic_musl/linux-rockchip_armv8/packages/.pkgdir/kmod-usb-storage.installed /workspaces/openwrt-radxa-rock5b-plus/openwrt/build_dir/target-aarch64_generic_musl/linux-rockchip_armv8/packages/.pkgdir/kmod-usb-storage
mkdir -p /workspaces/openwrt-radxa-rock5b-plus/openwrt/build_dir/target-aarch64_generic_musl/linux-rockchip_armv8/packages/.pkgdir/kmod-usb-storage
for mod in /workspaces/openwrt-radxa-rock5b-plus/openwrt/build_dir/target-aarch64_generic_musl/linux-rockchip_armv8/linux-6.12.45/drivers/usb/storage/usb-storage.ko; do if grep -q "${mod##/workspaces/openwrt-radxa-rock5b-plus/openwrt/build_dir/target-aarch64_generic_musl/linux-rockchip_armv8/linux-6.12.45/}" "/workspaces/openwrt-radxa-rock5b-plus/openwrt/build_dir/target-aarch64_generic_musl/linux-rockchip_armv8/linux-6.12.45/modules.builtin"; then echo "NOTICE: module '$mod' is built-in."; elif [ -e $mod ]; then mkdir -p /workspaces/openwrt-radxa-rock5b-plus/openwrt/build_dir/target-aarch64_generic_musl/linux-rockchip_armv8/packages/.pkgdir/kmod-usb-storage/lib/modules/6.12.45 ; cp -fpR -L $mod /workspaces/openwrt-radxa-rock5b-plus/openwrt/build_dir/target-aarch64_generic_musl/linux-rockchip_armv8/packages/.pkgdir/kmod-usb-storage/lib/modules/6.12.45/ ; else echo "ERROR: module '$mod' is missing." >&2; exit 1; fi; done;
mkdir -p /workspaces/openwrt-radxa-rock5b-plus/openwrt/build_dir/target-aarch64_generic_musl/linux-rockchip_armv8/packages/.pkgdir/kmod-usb-storage/etc/modules.d; ( echo "usb-storage"; ) > /workspaces/openwrt-radxa-rock5b-plus/openwrt/build_dir/target-aarch64_generic_musl/linux-rockchip_armv8/packages/.pkgdir/kmod-usb-storage/etc/modules.d/usb-storage;  mkdir -p /workspaces/openwrt-radxa-rock5b-plus/openwrt/build_dir/target-aarch64_generic_musl/linux-rockchip_armv8/packages/.pkgdir/kmod-usb-storage/etc/modules-boot.d; ln -sf ../modules.d/usb-storage /workspaces/openwrt-radxa-rock5b-plus/openwrt/build_dir/target-aarch64_generic_musl/linux-rockchip_armv8/packages/.pkgdir/kmod-usb-storage/etc/modules-boot.d/;


touch /workspaces/openwrt-radxa-rock5b-plus/openwrt/build_dir/target-aarch64_generic_musl/linux-rockchip_armv8/packages/.pkgdir/kmod-usb-storage.installed
NOTICE: module '/workspaces/openwrt-radxa-rock5b-plus/openwrt/build_dir/target-aarch64_generic_musl/linux-rockchip_armv8/linux-6.12.45/drivers/usb/storage/usb-storage.ko' is built-in.
rm -rf /workspaces/openwrt-radxa-rock5b-plus/openwrt/build_dir/target-aarch64_generic_musl/linux-rockchip_armv8/packages/.pkgdir/kmod-usb-storage-uas.installed /workspaces/openwrt-radxa-rock5b-plus/openwrt/build_dir/target-aarch64_generic_musl/linux-rockchip_armv8/packages/.pkgdir/kmod-usb-storage-uas
mkdir -p /workspaces/openwrt-radxa-rock5b-plus/openwrt/build_dir/target-aarch64_generic_musl/linux-rockchip_armv8/packages/.pkgdir/kmod-usb-storage-uas
for mod in /workspaces/openwrt-radxa-rock5b-plus/openwrt/build_dir/target-aarch64_generic_musl/linux-rockchip_armv8/linux-6.12.45/drivers/usb/storage/uas.ko; do if grep -q "${mod##/workspaces/openwrt-radxa-rock5b-plus/openwrt/build_dir/target-aarch64_generic_musl/linux-rockchip_armv8/linux-6.12.45/}" "/workspaces/openwrt-radxa-rock5b-plus/openwrt/build_dir/target-aarch64_generic_musl/linux-rockchip_armv8/linux-6.12.45/modules.builtin"; then echo "NOTICE: module '$mod' is built-in."; elif [ -e $mod ]; then mkdir -p /workspaces/openwrt-radxa-rock5b-plus/openwrt/build_dir/target-aarch64_generic_musl/linux-rockchip_armv8/packages/.pkgdir/kmod-usb-storage-uas/lib/modules/6.12.45 ; cp -fpR -L $mod /workspaces/openwrt-radxa-rock5b-plus/openwrt/build_dir/target-aarch64_generic_musl/linux-rockchip_armv8/packages/.pkgdir/kmod-usb-storage-uas/lib/modules/6.12.45/ ; else echo "ERROR: module '$mod' is missing." >&2; exit 1; fi; done;
mkdir -p /workspaces/openwrt-radxa-rock5b-plus/openwrt/build_dir/target-aarch64_generic_musl/linux-rockchip_armv8/packages/.pkgdir/kmod-usb-storage-uas/etc/modules.d; ( echo "uas"; ) > /workspaces/openwrt-radxa-rock5b-plus/openwrt/build_dir/target-aarch64_generic_musl/linux-rockchip_armv8/packages/.pkgdir/kmod-usb-storage-uas/etc/modules.d/usb-storage-uas;  mkdir -p /workspaces/openwrt-radxa-rock5b-plus/openwrt/build_dir/target-aarch64_generic_musl/linux-rockchip_armv8/packages/.pkgdir/kmod-usb-storage-uas/etc/modules-boot.d; ln -sf ../modules.d/usb-storage-uas /workspaces/openwrt-radxa-rock5b-plus/openwrt/build_dir/target-aarch64_generic_musl/linux-rockchip_armv8/packages/.pkgdir/kmod-usb-storage-uas/etc/modules-boot.d/;


touch /workspaces/openwrt-radxa-rock5b-plus/openwrt/build_dir/target-aarch64_generic_musl/linux-rockchip_armv8/packages/.pkgdir/kmod-usb-storage-uas.installed
rm -rf /workspaces/openwrt-radxa-rock5b-plus/openwrt/build_dir/target-aarch64_generic_musl/linux-rockchip_armv8/packages/.pkgdir/kmod-usb-net.installed /workspaces/openwrt-radxa-rock5b-plus/openwrt/build_dir/target-aarch64_generic_musl/linux-rockchip_armv8/packages/.pkgdir/kmod-usb-net
mkdir -p /workspaces/openwrt-radxa-rock5b-plus/openwrt/build_dir/target-aarch64_generic_musl/linux-rockchip_armv8/packages/.pkgdir/kmod-usb-net
for mod in /workspaces/openwrt-radxa-rock5b-plus/openwrt/build_dir/target-aarch64_generic_musl/linux-rockchip_armv8/linux-6.12.45/drivers/net/usb/usbnet.ko; do if grep -q "${mod##/workspaces/openwrt-radxa-rock5b-plus/openwrt/build_dir/target-aarch64_generic_musl/linux-rockchip_armv8/linux-6.12.45/}" "/workspaces/openwrt-radxa-rock5b-plus/openwrt/build_dir/target-aarch64_generic_musl/linux-rockchip_armv8/linux-6.12.45/modules.builtin"; then echo "NOTICE: module '$mod' is built-in."; elif [ -e $mod ]; then mkdir -p /workspaces/openwrt-radxa-rock5b-plus/openwrt/build_dir/target-aarch64_generic_musl/linux-rockchip_armv8/packages/.pkgdir/kmod-usb-net/lib/modules/6.12.45 ; cp -fpR -L $mod /workspaces/openwrt-radxa-rock5b-plus/openwrt/build_dir/target-aarch64_generic_musl/linux-rockchip_armv8/packages/.pkgdir/kmod-usb-net/lib/modules/6.12.45/ ; else echo "ERROR: module '$mod' is missing." >&2; exit 1; fi; done;
mkdir -p /workspaces/openwrt-radxa-rock5b-plus/openwrt/build_dir/target-aarch64_generic_musl/linux-rockchip_armv8/packages/.pkgdir/kmod-usb-net/etc/modules.d; ( echo "usbnet"; ) > /workspaces/openwrt-radxa-rock5b-plus/openwrt/build_dir/target-aarch64_generic_musl/linux-rockchip_armv8/packages/.pkgdir/kmod-usb-net/etc/modules.d/usb-net; 


touch /workspaces/openwrt-radxa-rock5b-plus/openwrt/build_dir/target-aarch64_generic_musl/linux-rockchip_armv8/packages/.pkgdir/kmod-usb-net.installed
rm -rf /workspaces/openwrt-radxa-rock5b-plus/openwrt/build_dir/target-aarch64_generic_musl/linux-rockchip_armv8/packages/.pkgdir/kmod-usb-net-asix-ax88179.installed /workspaces/openwrt-radxa-rock5b-plus/openwrt/build_dir/target-aarch64_generic_musl/linux-rockchip_armv8/packages/.pkgdir/kmod-usb-net-asix-ax88179
mkdir -p /workspaces/openwrt-radxa-rock5b-plus/openwrt/build_dir/target-aarch64_generic_musl/linux-rockchip_armv8/packages/.pkgdir/kmod-usb-net-asix-ax88179
for mod in /workspaces/openwrt-radxa-rock5b-plus/openwrt/build_dir/target-aarch64_generic_musl/linux-rockchip_armv8/linux-6.12.45/drivers/net/usb/ax88179_178a.ko; do if grep -q "${mod##/workspaces/openwrt-radxa-rock5b-plus/openwrt/build_dir/target-aarch64_generic_musl/linux-rockchip_armv8/linux-6.12.45/}" "/workspaces/openwrt-radxa-rock5b-plus/openwrt/build_dir/target-aarch64_generic_musl/linux-rockchip_armv8/linux-6.12.45/modules.builtin"; then echo "NOTICE: module '$mod' is built-in."; elif [ -e $mod ]; then mkdir -p /workspaces/openwrt-radxa-rock5b-plus/openwrt/build_dir/target-aarch64_generic_musl/linux-rockchip_armv8/packages/.pkgdir/kmod-usb-net-asix-ax88179/lib/modules/6.12.45 ; cp -fpR -L $mod /workspaces/openwrt-radxa-rock5b-plus/openwrt/build_dir/target-aarch64_generic_musl/linux-rockchip_armv8/packages/.pkgdir/kmod-usb-net-asix-ax88179/lib/modules/6.12.45/ ; else echo "ERROR: module '$mod' is missing." >&2; exit 1; fi; done;
mkdir -p /workspaces/openwrt-radxa-rock5b-plus/openwrt/build_dir/target-aarch64_generic_musl/linux-rockchip_armv8/packages/.pkgdir/kmod-usb-net-asix-ax88179/etc/modules.d; ( echo "ax88179_178a"; ) > /workspaces/openwrt-radxa-rock5b-plus/openwrt/build_dir/target-aarch64_generic_musl/linux-rockchip_armv8/packages/.pkgdir/kmod-usb-net-asix-ax88179/etc/modules.d/usb-net-asix-ax88179; 


touch /workspaces/openwrt-radxa-rock5b-plus/openwrt/build_dir/target-aarch64_generic_musl/linux-rockchip_armv8/packages/.pkgdir/kmod-usb-net-asix-ax88179.installed
rm -rf /workspaces/openwrt-radxa-rock5b-plus/openwrt/build_dir/target-aarch64_generic_musl/linux-rockchip_armv8/packages/.pkgdir/kmod-usb-net-cdc-ether.installed /workspaces/openwrt-radxa-rock5b-plus/openwrt/build_dir/target-aarch64_generic_musl/linux-rockchip_armv8/packages/.pkgdir/kmod-usb-net-cdc-ether
mkdir -p /workspaces/openwrt-radxa-rock5b-plus/openwrt/build_dir/target-aarch64_generic_musl/linux-rockchip_armv8/packages/.pkgdir/kmod-usb-net-cdc-ether
for mod in /workspaces/openwrt-radxa-rock5b-plus/openwrt/build_dir/target-aarch64_generic_musl/linux-rockchip_armv8/linux-6.12.45/drivers/net/usb/cdc_ether.ko; do if grep -q "${mod##/workspaces/openwrt-radxa-rock5b-plus/openwrt/build_dir/target-aarch64_generic_musl/linux-rockchip_armv8/linux-6.12.45/}" "/workspaces/openwrt-radxa-rock5b-plus/openwrt/build_dir/target-aarch64_generic_musl/linux-rockchip_armv8/linux-6.12.45/modules.builtin"; then echo "NOTICE: module '$mod' is built-in."; elif [ -e $mod ]; then mkdir -p /workspaces/openwrt-radxa-rock5b-plus/openwrt/build_dir/target-aarch64_generic_musl/linux-rockchip_armv8/packages/.pkgdir/kmod-usb-net-cdc-ether/lib/modules/6.12.45 ; cp -fpR -L $mod /workspaces/openwrt-radxa-rock5b-plus/openwrt/build_dir/target-aarch64_generic_musl/linux-rockchip_armv8/packages/.pkgdir/kmod-usb-net-cdc-ether/lib/modules/6.12.45/ ; else echo "ERROR: module '$mod' is missing." >&2; exit 1; fi; done;
mkdir -p /workspaces/openwrt-radxa-rock5b-plus/openwrt/build_dir/target-aarch64_generic_musl/linux-rockchip_armv8/packages/.pkgdir/kmod-usb-net-cdc-ether/etc/modules.d; ( echo "cdc_ether"; ) > /workspaces/openwrt-radxa-rock5b-plus/openwrt/build_dir/target-aarch64_generic_musl/linux-rockchip_armv8/packages/.pkgdir/kmod-usb-net-cdc-ether/etc/modules.d/usb-net-cdc-ether; 


touch /workspaces/openwrt-radxa-rock5b-plus/openwrt/build_dir/target-aarch64_generic_musl/linux-rockchip_armv8/packages/.pkgdir/kmod-usb-net-cdc-ether.installed
rm -rf /workspaces/openwrt-radxa-rock5b-plus/openwrt/build_dir/target-aarch64_generic_musl/linux-rockchip_armv8/packages/.pkgdir/kmod-usb-net-qmi-wwan.installed /workspaces/openwrt-radxa-rock5b-plus/openwrt/build_dir/target-aarch64_generic_musl/linux-rockchip_armv8/packages/.pkgdir/kmod-usb-net-qmi-wwan
mkdir -p /workspaces/openwrt-radxa-rock5b-plus/openwrt/build_dir/target-aarch64_generic_musl/linux-rockchip_armv8/packages/.pkgdir/kmod-usb-net-qmi-wwan
for mod in /workspaces/openwrt-radxa-rock5b-plus/openwrt/build_dir/target-aarch64_generic_musl/linux-rockchip_armv8/linux-6.12.45/drivers/net/usb/qmi_wwan.ko; do if grep -q "${mod##/workspaces/openwrt-radxa-rock5b-plus/openwrt/build_dir/target-aarch64_generic_musl/linux-rockchip_armv8/linux-6.12.45/}" "/workspaces/openwrt-radxa-rock5b-plus/openwrt/build_dir/target-aarch64_generic_musl/linux-rockchip_armv8/linux-6.12.45/modules.builtin"; then echo "NOTICE: module '$mod' is built-in."; elif [ -e $mod ]; then mkdir -p /workspaces/openwrt-radxa-rock5b-plus/openwrt/build_dir/target-aarch64_generic_musl/linux-rockchip_armv8/packages/.pkgdir/kmod-usb-net-qmi-wwan/lib/modules/6.12.45 ; cp -fpR -L $mod /workspaces/openwrt-radxa-rock5b-plus/openwrt/build_dir/target-aarch64_generic_musl/linux-rockchip_armv8/packages/.pkgdir/kmod-usb-net-qmi-wwan/lib/modules/6.12.45/ ; else echo "ERROR: module '$mod' is missing." >&2; exit 1; fi; done;
mkdir -p /workspaces/openwrt-radxa-rock5b-plus/openwrt/build_dir/target-aarch64_generic_musl/linux-rockchip_armv8/packages/.pkgdir/kmod-usb-net-qmi-wwan/etc/modules.d; ( echo "qmi_wwan"; ) > /workspaces/openwrt-radxa-rock5b-plus/openwrt/build_dir/target-aarch64_generic_musl/linux-rockchip_armv8/packages/.pkgdir/kmod-usb-net-qmi-wwan/etc/modules.d/usb-net-qmi-wwan; 


touch /workspaces/openwrt-radxa-rock5b-plus/openwrt/build_dir/target-aarch64_generic_musl/linux-rockchip_armv8/packages/.pkgdir/kmod-usb-net-qmi-wwan.installed
rm -rf /workspaces/openwrt-radxa-rock5b-plus/openwrt/build_dir/target-aarch64_generic_musl/linux-rockchip_armv8/packages/.pkgdir/kmod-usb-net-rtl8152.installed /workspaces/openwrt-radxa-rock5b-plus/openwrt/build_dir/target-aarch64_generic_musl/linux-rockchip_armv8/packages/.pkgdir/kmod-usb-net-rtl8152
mkdir -p /workspaces/openwrt-radxa-rock5b-plus/openwrt/build_dir/target-aarch64_generic_musl/linux-rockchip_armv8/packages/.pkgdir/kmod-usb-net-rtl8152
for mod in /workspaces/openwrt-radxa-rock5b-plus/openwrt/build_dir/target-aarch64_generic_musl/linux-rockchip_armv8/linux-6.12.45/drivers/net/usb/r8152.ko; do if grep -q "${mod##/workspaces/openwrt-radxa-rock5b-plus/openwrt/build_dir/target-aarch64_generic_musl/linux-rockchip_armv8/linux-6.12.45/}" "/workspaces/openwrt-radxa-rock5b-plus/openwrt/build_dir/target-aarch64_generic_musl/linux-rockchip_armv8/linux-6.12.45/modules.builtin"; then echo "NOTICE: module '$mod' is built-in."; elif [ -e $mod ]; then mkdir -p /workspaces/openwrt-radxa-rock5b-plus/openwrt/build_dir/target-aarch64_generic_musl/linux-rockchip_armv8/packages/.pkgdir/kmod-usb-net-rtl8152/lib/modules/6.12.45 ; cp -fpR -L $mod /workspaces/openwrt-radxa-rock5b-plus/openwrt/build_dir/target-aarch64_generic_musl/linux-rockchip_armv8/packages/.pkgdir/kmod-usb-net-rtl8152/lib/modules/6.12.45/ ; else echo "ERROR: module '$mod' is missing." >&2; exit 1; fi; done;
mkdir -p /workspaces/openwrt-radxa-rock5b-plus/openwrt/build_dir/target-aarch64_generic_musl/linux-rockchip_armv8/packages/.pkgdir/kmod-usb-net-rtl8152/etc/modules.d; ( echo "r8152"; ) > /workspaces/openwrt-radxa-rock5b-plus/openwrt/build_dir/target-aarch64_generic_musl/linux-rockchip_armv8/packages/.pkgdir/kmod-usb-net-rtl8152/etc/modules.d/usb-net-rtl8152; 


touch /workspaces/openwrt-radxa-rock5b-plus/openwrt/build_dir/target-aarch64_generic_musl/linux-rockchip_armv8/packages/.pkgdir/kmod-usb-net-rtl8152.installed
mkdir -p /workspaces/openwrt-radxa-rock5b-plus/openwrt/staging_dir/target-aarch64_generic_musl/root-rockchip/stamp

SHELL= flock /workspaces/openwrt-radxa-rock5b-plus/openwrt/tmp/.root-copy.flock -c 'cp -fpR /workspaces/openwrt-radxa-rock5b-plus/openwrt/build_dir/target-aarch64_generic_musl/linux-rockchip_armv8/packages/.pkgdir/kmod-nvme/. /workspaces/openwrt-radxa-rock5b-plus/openwrt/staging_dir/target-aarch64_generic_musl/root-rockchip/'
touch /workspaces/openwrt-radxa-rock5b-plus/openwrt/staging_dir/target-aarch64_generic_musl/root-rockchip/stamp/.kmod-nvme_installed
echo "kmod-nvme" >> /workspaces/openwrt-radxa-rock5b-plus/openwrt/staging_dir/target-aarch64_generic_musl/pkginfo/linux.default.install
mkdir -p /workspaces/openwrt-radxa-rock5b-plus/openwrt/staging_dir/target-aarch64_generic_musl/root-rockchip/stamp

SHELL= flock /workspaces/openwrt-radxa-rock5b-plus/openwrt/tmp/.root-copy.flock -c 'cp -fpR /workspaces/openwrt-radxa-rock5b-plus/openwrt/build_dir/target-aarch64_generic_musl/linux-rockchip_armv8/packages/.pkgdir/kmod-scsi-core/. /workspaces/openwrt-radxa-rock5b-plus/openwrt/staging_dir/target-aarch64_generic_musl/root-rockchip/'
touch /workspaces/openwrt-radxa-rock5b-plus/openwrt/staging_dir/target-aarch64_generic_musl/root-rockchip/stamp/.kmod-scsi-core_installed
echo "kmod-scsi-core" >> /workspaces/openwrt-radxa-rock5b-plus/openwrt/staging_dir/target-aarch64_generic_musl/pkginfo/linux.default.install
mkdir -p /workspaces/openwrt-radxa-rock5b-plus/openwrt/staging_dir/target-aarch64_generic_musl/root-rockchip/stamp

SHELL= flock /workspaces/openwrt-radxa-rock5b-plus/openwrt/tmp/.root-copy.flock -c 'cp -fpR /workspaces/openwrt-radxa-rock5b-plus/openwrt/build_dir/target-aarch64_generic_musl/linux-rockchip_armv8/packages/.pkgdir/kmod-crypto-aead/. /workspaces/openwrt-radxa-rock5b-plus/openwrt/staging_dir/target-aarch64_generic_musl/root-rockchip/'
touch /workspaces/openwrt-radxa-rock5b-plus/openwrt/staging_dir/target-aarch64_generic_musl/root-rockchip/stamp/.kmod-crypto-aead_installed
echo "kmod-crypto-aead" >> /workspaces/openwrt-radxa-rock5b-plus/openwrt/staging_dir/target-aarch64_generic_musl/pkginfo/linux.default.install
mkdir -p /workspaces/openwrt-radxa-rock5b-plus/openwrt/staging_dir/target-aarch64_generic_musl/root-rockchip/stamp

SHELL= flock /workspaces/openwrt-radxa-rock5b-plus/openwrt/tmp/.root-copy.flock -c 'cp -fpR /workspaces/openwrt-radxa-rock5b-plus/openwrt/build_dir/target-aarch64_generic_musl/linux-rockchip_armv8/packages/.pkgdir/kmod-crypto-ccm/. /workspaces/openwrt-radxa-rock5b-plus/openwrt/staging_dir/target-aarch64_generic_musl/root-rockchip/'
touch /workspaces/openwrt-radxa-rock5b-plus/openwrt/staging_dir/target-aarch64_generic_musl/root-rockchip/stamp/.kmod-crypto-ccm_installed
echo "kmod-crypto-ccm" >> /workspaces/openwrt-radxa-rock5b-plus/openwrt/staging_dir/target-aarch64_generic_musl/pkginfo/linux.default.install
mkdir -p /workspaces/openwrt-radxa-rock5b-plus/openwrt/staging_dir/target-aarch64_generic_musl/root-rockchip/stamp

SHELL= flock /workspaces/openwrt-radxa-rock5b-plus/openwrt/tmp/.root-copy.flock -c 'cp -fpR /workspaces/openwrt-radxa-rock5b-plus/openwrt/build_dir/target-aarch64_generic_musl/linux-rockchip_armv8/packages/.pkgdir/kmod-crypto-cmac/. /workspaces/openwrt-radxa-rock5b-plus/openwrt/staging_dir/target-aarch64_generic_musl/root-rockchip/'
touch /workspaces/openwrt-radxa-rock5b-plus/openwrt/staging_dir/target-aarch64_generic_musl/root-rockchip/stamp/.kmod-crypto-cmac_installed
echo "kmod-crypto-cmac" >> /workspaces/openwrt-radxa-rock5b-plus/openwrt/staging_dir/target-aarch64_generic_musl/pkginfo/linux.default.install
mkdir -p /workspaces/openwrt-radxa-rock5b-plus/openwrt/staging_dir/target-aarch64_generic_musl/root-rockchip/stamp

SHELL= flock /workspaces/openwrt-radxa-rock5b-plus/openwrt/tmp/.root-copy.flock -c 'cp -fpR /workspaces/openwrt-radxa-rock5b-plus/openwrt/build_dir/target-aarch64_generic_musl/linux-rockchip_armv8/packages/.pkgdir/kmod-crypto-crc32c/. /workspaces/openwrt-radxa-rock5b-plus/openwrt/staging_dir/target-aarch64_generic_musl/root-rockchip/'
touch /workspaces/openwrt-radxa-rock5b-plus/openwrt/staging_dir/target-aarch64_generic_musl/root-rockchip/stamp/.kmod-crypto-crc32c_installed
echo "kmod-crypto-crc32c" >> /workspaces/openwrt-radxa-rock5b-plus/openwrt/staging_dir/target-aarch64_generic_musl/pkginfo/linux.default.install
mkdir -p /workspaces/openwrt-radxa-rock5b-plus/openwrt/staging_dir/target-aarch64_generic_musl/root-rockchip/stamp

SHELL= flock /workspaces/openwrt-radxa-rock5b-plus/openwrt/tmp/.root-copy.flock -c 'cp -fpR /workspaces/openwrt-radxa-rock5b-plus/openwrt/build_dir/target-aarch64_generic_musl/linux-rockchip_armv8/packages/.pkgdir/kmod-crypto-ctr/. /workspaces/openwrt-radxa-rock5b-plus/openwrt/staging_dir/target-aarch64_generic_musl/root-rockchip/'
touch /workspaces/openwrt-radxa-rock5b-plus/openwrt/staging_dir/target-aarch64_generic_musl/root-rockchip/stamp/.kmod-crypto-ctr_installed
echo "kmod-crypto-ctr" >> /workspaces/openwrt-radxa-rock5b-plus/openwrt/staging_dir/target-aarch64_generic_musl/pkginfo/linux.default.install
mkdir -p /workspaces/openwrt-radxa-rock5b-plus/openwrt/staging_dir/target-aarch64_generic_musl/root-rockchip/stamp

SHELL= flock /workspaces/openwrt-radxa-rock5b-plus/openwrt/tmp/.root-copy.flock -c 'cp -fpR /workspaces/openwrt-radxa-rock5b-plus/openwrt/build_dir/target-aarch64_generic_musl/linux-rockchip_armv8/packages/.pkgdir/kmod-crypto-gcm/. /workspaces/openwrt-radxa-rock5b-plus/openwrt/staging_dir/target-aarch64_generic_musl/root-rockchip/'
touch /workspaces/openwrt-radxa-rock5b-plus/openwrt/staging_dir/target-aarch64_generic_musl/root-rockchip/stamp/.kmod-crypto-gcm_installed
echo "kmod-crypto-gcm" >> /workspaces/openwrt-radxa-rock5b-plus/openwrt/staging_dir/target-aarch64_generic_musl/pkginfo/linux.default.install
mkdir -p /workspaces/openwrt-radxa-rock5b-plus/openwrt/staging_dir/target-aarch64_generic_musl/root-rockchip/stamp

SHELL= flock /workspaces/openwrt-radxa-rock5b-plus/openwrt/tmp/.root-copy.flock -c 'cp -fpR /workspaces/openwrt-radxa-rock5b-plus/openwrt/build_dir/target-aarch64_generic_musl/linux-rockchip_armv8/packages/.pkgdir/kmod-crypto-gf128/. /workspaces/openwrt-radxa-rock5b-plus/openwrt/staging_dir/target-aarch64_generic_musl/root-rockchip/'
touch /workspaces/openwrt-radxa-rock5b-plus/openwrt/staging_dir/target-aarch64_generic_musl/root-rockchip/stamp/.kmod-crypto-gf128_installed
echo "kmod-crypto-gf128" >> /workspaces/openwrt-radxa-rock5b-plus/openwrt/staging_dir/target-aarch64_generic_musl/pkginfo/linux.default.install
mkdir -p /workspaces/openwrt-radxa-rock5b-plus/openwrt/staging_dir/target-aarch64_generic_musl/root-rockchip/stamp

SHELL= flock /workspaces/openwrt-radxa-rock5b-plus/openwrt/tmp/.root-copy.flock -c 'cp -fpR /workspaces/openwrt-radxa-rock5b-plus/openwrt/build_dir/target-aarch64_generic_musl/linux-rockchip_armv8/packages/.pkgdir/kmod-crypto-ghash/. /workspaces/openwrt-radxa-rock5b-plus/openwrt/staging_dir/target-aarch64_generic_musl/root-rockchip/'
touch /workspaces/openwrt-radxa-rock5b-plus/openwrt/staging_dir/target-aarch64_generic_musl/root-rockchip/stamp/.kmod-crypto-ghash_installed
echo "kmod-crypto-ghash" >> /workspaces/openwrt-radxa-rock5b-plus/openwrt/staging_dir/target-aarch64_generic_musl/pkginfo/linux.default.install
mkdir -p /workspaces/openwrt-radxa-rock5b-plus/openwrt/staging_dir/target-aarch64_generic_musl/root-rockchip/stamp

SHELL= flock /workspaces/openwrt-radxa-rock5b-plus/openwrt/tmp/.root-copy.flock -c 'cp -fpR /workspaces/openwrt-radxa-rock5b-plus/openwrt/build_dir/target-aarch64_generic_musl/linux-rockchip_armv8/packages/.pkgdir/kmod-crypto-hash/. /workspaces/openwrt-radxa-rock5b-plus/openwrt/staging_dir/target-aarch64_generic_musl/root-rockchip/'
touch /workspaces/openwrt-radxa-rock5b-plus/openwrt/staging_dir/target-aarch64_generic_musl/root-rockchip/stamp/.kmod-crypto-hash_installed
echo "kmod-crypto-hash" >> /workspaces/openwrt-radxa-rock5b-plus/openwrt/staging_dir/target-aarch64_generic_musl/pkginfo/linux.default.install
mkdir -p /workspaces/openwrt-radxa-rock5b-plus/openwrt/staging_dir/target-aarch64_generic_musl/root-rockchip/stamp

SHELL= flock /workspaces/openwrt-radxa-rock5b-plus/openwrt/tmp/.root-copy.flock -c 'cp -fpR /workspaces/openwrt-radxa-rock5b-plus/openwrt/build_dir/target-aarch64_generic_musl/linux-rockchip_armv8/packages/.pkgdir/kmod-crypto-hmac/. /workspaces/openwrt-radxa-rock5b-plus/openwrt/staging_dir/target-aarch64_generic_musl/root-rockchip/'
touch /workspaces/openwrt-radxa-rock5b-plus/openwrt/staging_dir/target-aarch64_generic_musl/root-rockchip/stamp/.kmod-crypto-hmac_installed
echo "kmod-crypto-hmac" >> /workspaces/openwrt-radxa-rock5b-plus/openwrt/staging_dir/target-aarch64_generic_musl/pkginfo/linux.default.install
mkdir -p /workspaces/openwrt-radxa-rock5b-plus/openwrt/staging_dir/target-aarch64_generic_musl/root-rockchip/stamp

SHELL= flock /workspaces/openwrt-radxa-rock5b-plus/openwrt/tmp/.root-copy.flock -c 'cp -fpR /workspaces/openwrt-radxa-rock5b-plus/openwrt/build_dir/target-aarch64_generic_musl/linux-rockchip_armv8/packages/.pkgdir/kmod-crypto-manager/. /workspaces/openwrt-radxa-rock5b-plus/openwrt/staging_dir/target-aarch64_generic_musl/root-rockchip/'
touch /workspaces/openwrt-radxa-rock5b-plus/openwrt/staging_dir/target-aarch64_generic_musl/root-rockchip/stamp/.kmod-crypto-manager_installed
echo "kmod-crypto-manager" >> /workspaces/openwrt-radxa-rock5b-plus/openwrt/staging_dir/target-aarch64_generic_musl/pkginfo/linux.default.install
mkdir -p /workspaces/openwrt-radxa-rock5b-plus/openwrt/staging_dir/target-aarch64_generic_musl/root-rockchip/stamp

SHELL= flock /workspaces/openwrt-radxa-rock5b-plus/openwrt/tmp/.root-copy.flock -c 'cp -fpR /workspaces/openwrt-radxa-rock5b-plus/openwrt/build_dir/target-aarch64_generic_musl/linux-rockchip_armv8/packages/.pkgdir/kmod-crypto-null/. /workspaces/openwrt-radxa-rock5b-plus/openwrt/staging_dir/target-aarch64_generic_musl/root-rockchip/'
touch /workspaces/openwrt-radxa-rock5b-plus/openwrt/staging_dir/target-aarch64_generic_musl/root-rockchip/stamp/.kmod-crypto-null_installed
echo "kmod-crypto-null" >> /workspaces/openwrt-radxa-rock5b-plus/openwrt/staging_dir/target-aarch64_generic_musl/pkginfo/linux.default.install
mkdir -p /workspaces/openwrt-radxa-rock5b-plus/openwrt/staging_dir/target-aarch64_generic_musl/root-rockchip/stamp

SHELL= flock /workspaces/openwrt-radxa-rock5b-plus/openwrt/tmp/.root-copy.flock -c 'cp -fpR /workspaces/openwrt-radxa-rock5b-plus/openwrt/build_dir/target-aarch64_generic_musl/linux-rockchip_armv8/packages/.pkgdir/kmod-crypto-rng/. /workspaces/openwrt-radxa-rock5b-plus/openwrt/staging_dir/target-aarch64_generic_musl/root-rockchip/'
touch /workspaces/openwrt-radxa-rock5b-plus/openwrt/staging_dir/target-aarch64_generic_musl/root-rockchip/stamp/.kmod-crypto-rng_installed
echo "kmod-crypto-rng" >> /workspaces/openwrt-radxa-rock5b-plus/openwrt/staging_dir/target-aarch64_generic_musl/pkginfo/linux.default.install
mkdir -p /workspaces/openwrt-radxa-rock5b-plus/openwrt/staging_dir/target-aarch64_generic_musl/root-rockchip/stamp

SHELL= flock /workspaces/openwrt-radxa-rock5b-plus/openwrt/tmp/.root-copy.flock -c 'cp -fpR /workspaces/openwrt-radxa-rock5b-plus/openwrt/build_dir/target-aarch64_generic_musl/linux-rockchip_armv8/packages/.pkgdir/kmod-crypto-geniv/. /workspaces/openwrt-radxa-rock5b-plus/openwrt/staging_dir/target-aarch64_generic_musl/root-rockchip/'
touch /workspaces/openwrt-radxa-rock5b-plus/openwrt/staging_dir/target-aarch64_generic_musl/root-rockchip/stamp/.kmod-crypto-geniv_installed
echo "kmod-crypto-geniv" >> /workspaces/openwrt-radxa-rock5b-plus/openwrt/staging_dir/target-aarch64_generic_musl/pkginfo/linux.default.install
mkdir -p /workspaces/openwrt-radxa-rock5b-plus/openwrt/staging_dir/target-aarch64_generic_musl/root-rockchip/stamp

SHELL= flock /workspaces/openwrt-radxa-rock5b-plus/openwrt/tmp/.root-copy.flock -c 'cp -fpR /workspaces/openwrt-radxa-rock5b-plus/openwrt/build_dir/target-aarch64_generic_musl/linux-rockchip_armv8/packages/.pkgdir/kmod-crypto-seqiv/. /workspaces/openwrt-radxa-rock5b-plus/openwrt/staging_dir/target-aarch64_generic_musl/root-rockchip/'
touch /workspaces/openwrt-radxa-rock5b-plus/openwrt/staging_dir/target-aarch64_generic_musl/root-rockchip/stamp/.kmod-crypto-seqiv_installed
echo "kmod-crypto-seqiv" >> /workspaces/openwrt-radxa-rock5b-plus/openwrt/staging_dir/target-aarch64_generic_musl/pkginfo/linux.default.install
mkdir -p /workspaces/openwrt-radxa-rock5b-plus/openwrt/staging_dir/target-aarch64_generic_musl/root-rockchip/stamp

SHELL= flock /workspaces/openwrt-radxa-rock5b-plus/openwrt/tmp/.root-copy.flock -c 'cp -fpR /workspaces/openwrt-radxa-rock5b-plus/openwrt/build_dir/target-aarch64_generic_musl/linux-rockchip_armv8/packages/.pkgdir/kmod-crypto-sha3/. /workspaces/openwrt-radxa-rock5b-plus/openwrt/staging_dir/target-aarch64_generic_musl/root-rockchip/'
touch /workspaces/openwrt-radxa-rock5b-plus/openwrt/staging_dir/target-aarch64_generic_musl/root-rockchip/stamp/.kmod-crypto-sha3_installed
echo "kmod-crypto-sha3" >> /workspaces/openwrt-radxa-rock5b-plus/openwrt/staging_dir/target-aarch64_generic_musl/pkginfo/linux.default.install
mkdir -p /workspaces/openwrt-radxa-rock5b-plus/openwrt/staging_dir/target-aarch64_generic_musl/root-rockchip/stamp

SHELL= flock /workspaces/openwrt-radxa-rock5b-plus/openwrt/tmp/.root-copy.flock -c 'cp -fpR /workspaces/openwrt-radxa-rock5b-plus/openwrt/build_dir/target-aarch64_generic_musl/linux-rockchip_armv8/packages/.pkgdir/kmod-crypto-sha256/. /workspaces/openwrt-radxa-rock5b-plus/openwrt/staging_dir/target-aarch64_generic_musl/root-rockchip/'
touch /workspaces/openwrt-radxa-rock5b-plus/openwrt/staging_dir/target-aarch64_generic_musl/root-rockchip/stamp/.kmod-crypto-sha256_installed
echo "kmod-crypto-sha256" >> /workspaces/openwrt-radxa-rock5b-plus/openwrt/staging_dir/target-aarch64_generic_musl/pkginfo/linux.default.install
mkdir -p /workspaces/openwrt-radxa-rock5b-plus/openwrt/staging_dir/target-aarch64_generic_musl/root-rockchip/stamp

SHELL= flock /workspaces/openwrt-radxa-rock5b-plus/openwrt/tmp/.root-copy.flock -c 'cp -fpR /workspaces/openwrt-radxa-rock5b-plus/openwrt/build_dir/target-aarch64_generic_musl/linux-rockchip_armv8/packages/.pkgdir/kmod-crypto-sha512/. /workspaces/openwrt-radxa-rock5b-plus/openwrt/staging_dir/target-aarch64_generic_musl/root-rockchip/'
touch /workspaces/openwrt-radxa-rock5b-plus/openwrt/staging_dir/target-aarch64_generic_musl/root-rockchip/stamp/.kmod-crypto-sha512_installed
echo "kmod-crypto-sha512" >> /workspaces/openwrt-radxa-rock5b-plus/openwrt/staging_dir/target-aarch64_generic_musl/pkginfo/linux.default.install
mkdir -p /workspaces/openwrt-radxa-rock5b-plus/openwrt/staging_dir/target-aarch64_generic_musl/root-rockchip/stamp

SHELL= flock /workspaces/openwrt-radxa-rock5b-plus/openwrt/tmp/.root-copy.flock -c 'cp -fpR /workspaces/openwrt-radxa-rock5b-plus/openwrt/build_dir/target-aarch64_generic_musl/linux-rockchip_armv8/packages/.pkgdir/kmod-fs-exfat/. /workspaces/openwrt-radxa-rock5b-plus/openwrt/staging_dir/target-aarch64_generic_musl/root-rockchip/'
touch /workspaces/openwrt-radxa-rock5b-plus/openwrt/staging_dir/target-aarch64_generic_musl/root-rockchip/stamp/.kmod-fs-exfat_installed
echo "kmod-fs-exfat" >> /workspaces/openwrt-radxa-rock5b-plus/openwrt/staging_dir/target-aarch64_generic_musl/pkginfo/linux.default.install
mkdir -p /workspaces/openwrt-radxa-rock5b-plus/openwrt/staging_dir/target-aarch64_generic_musl/root-rockchip/stamp

SHELL= flock /workspaces/openwrt-radxa-rock5b-plus/openwrt/tmp/.root-copy.flock -c 'cp -fpR /workspaces/openwrt-radxa-rock5b-plus/openwrt/build_dir/target-aarch64_generic_musl/linux-rockchip_armv8/packages/.pkgdir/kmod-fs-ext4/. /workspaces/openwrt-radxa-rock5b-plus/openwrt/staging_dir/target-aarch64_generic_musl/root-rockchip/'
touch /workspaces/openwrt-radxa-rock5b-plus/openwrt/staging_dir/target-aarch64_generic_musl/root-rockchip/stamp/.kmod-fs-ext4_installed
echo "kmod-fs-ext4" >> /workspaces/openwrt-radxa-rock5b-plus/openwrt/staging_dir/target-aarch64_generic_musl/pkginfo/linux.default.install
mkdir -p /workspaces/openwrt-radxa-rock5b-plus/openwrt/staging_dir/target-aarch64_generic_musl/root-rockchip/stamp

SHELL= flock /workspaces/openwrt-radxa-rock5b-plus/openwrt/tmp/.root-copy.flock -c 'cp -fpR /workspaces/openwrt-radxa-rock5b-plus/openwrt/build_dir/target-aarch64_generic_musl/linux-rockchip_armv8/packages/.pkgdir/kmod-fs-vfat/. /workspaces/openwrt-radxa-rock5b-plus/openwrt/staging_dir/target-aarch64_generic_musl/root-rockchip/'
touch /workspaces/openwrt-radxa-rock5b-plus/openwrt/staging_dir/target-aarch64_generic_musl/root-rockchip/stamp/.kmod-fs-vfat_installed
echo "kmod-fs-vfat" >> /workspaces/openwrt-radxa-rock5b-plus/openwrt/staging_dir/target-aarch64_generic_musl/pkginfo/linux.default.install
mkdir -p /workspaces/openwrt-radxa-rock5b-plus/openwrt/staging_dir/target-aarch64_generic_musl/root-rockchip/stamp

SHELL= flock /workspaces/openwrt-radxa-rock5b-plus/openwrt/tmp/.root-copy.flock -c 'cp -fpR /workspaces/openwrt-radxa-rock5b-plus/openwrt/build_dir/target-aarch64_generic_musl/linux-rockchip_armv8/packages/.pkgdir/kmod-hwmon-core/. /workspaces/openwrt-radxa-rock5b-plus/openwrt/staging_dir/target-aarch64_generic_musl/root-rockchip/'
touch /workspaces/openwrt-radxa-rock5b-plus/openwrt/staging_dir/target-aarch64_generic_musl/root-rockchip/stamp/.kmod-hwmon-core_installed
echo "kmod-hwmon-core" >> /workspaces/openwrt-radxa-rock5b-plus/openwrt/staging_dir/target-aarch64_generic_musl/pkginfo/linux.default.install
mkdir -p /workspaces/openwrt-radxa-rock5b-plus/openwrt/staging_dir/target-aarch64_generic_musl/root-rockchip/stamp

SHELL= flock /workspaces/openwrt-radxa-rock5b-plus/openwrt/tmp/.root-copy.flock -c 'cp -fpR /workspaces/openwrt-radxa-rock5b-plus/openwrt/build_dir/target-aarch64_generic_musl/linux-rockchip_armv8/packages/.pkgdir/kmod-hwmon-pwmfan/. /workspaces/openwrt-radxa-rock5b-plus/openwrt/staging_dir/target-aarch64_generic_musl/root-rockchip/'
touch /workspaces/openwrt-radxa-rock5b-plus/openwrt/staging_dir/target-aarch64_generic_musl/root-rockchip/stamp/.kmod-hwmon-pwmfan_installed
echo "kmod-hwmon-pwmfan" >> /workspaces/openwrt-radxa-rock5b-plus/openwrt/staging_dir/target-aarch64_generic_musl/pkginfo/linux.default.install
mkdir -p /workspaces/openwrt-radxa-rock5b-plus/openwrt/staging_dir/target-aarch64_generic_musl/root-rockchip/stamp

SHELL= flock /workspaces/openwrt-radxa-rock5b-plus/openwrt/tmp/.root-copy.flock -c 'cp -fpR /workspaces/openwrt-radxa-rock5b-plus/openwrt/build_dir/target-aarch64_generic_musl/linux-rockchip_armv8/packages/.pkgdir/kmod-i2c-core/. /workspaces/openwrt-radxa-rock5b-plus/openwrt/staging_dir/target-aarch64_generic_musl/root-rockchip/'
touch /workspaces/openwrt-radxa-rock5b-plus/openwrt/staging_dir/target-aarch64_generic_musl/root-rockchip/stamp/.kmod-i2c-core_installed
echo "kmod-i2c-core" >> /workspaces/openwrt-radxa-rock5b-plus/openwrt/staging_dir/target-aarch64_generic_musl/pkginfo/linux.default.install
mkdir -p /workspaces/openwrt-radxa-rock5b-plus/openwrt/staging_dir/target-aarch64_generic_musl/root-rockchip/stamp

SHELL= flock /workspaces/openwrt-radxa-rock5b-plus/openwrt/tmp/.root-copy.flock -c 'cp -fpR /workspaces/openwrt-radxa-rock5b-plus/openwrt/build_dir/target-aarch64_generic_musl/linux-rockchip_armv8/packages/.pkgdir/kmod-lib-crc-ccitt/. /workspaces/openwrt-radxa-rock5b-plus/openwrt/staging_dir/target-aarch64_generic_musl/root-rockchip/'
touch /workspaces/openwrt-radxa-rock5b-plus/openwrt/staging_dir/target-aarch64_generic_musl/root-rockchip/stamp/.kmod-lib-crc-ccitt_installed
echo "kmod-lib-crc-ccitt" >> /workspaces/openwrt-radxa-rock5b-plus/openwrt/staging_dir/target-aarch64_generic_musl/pkginfo/linux.default.install
mkdir -p /workspaces/openwrt-radxa-rock5b-plus/openwrt/staging_dir/target-aarch64_generic_musl/root-rockchip/stamp

SHELL= flock /workspaces/openwrt-radxa-rock5b-plus/openwrt/tmp/.root-copy.flock -c 'cp -fpR /workspaces/openwrt-radxa-rock5b-plus/openwrt/build_dir/target-aarch64_generic_musl/linux-rockchip_armv8/packages/.pkgdir/kmod-lib-crc16/. /workspaces/openwrt-radxa-rock5b-plus/openwrt/staging_dir/target-aarch64_generic_musl/root-rockchip/'
touch /workspaces/openwrt-radxa-rock5b-plus/openwrt/staging_dir/target-aarch64_generic_musl/root-rockchip/stamp/.kmod-lib-crc16_installed
echo "kmod-lib-crc16" >> /workspaces/openwrt-radxa-rock5b-plus/openwrt/staging_dir/target-aarch64_generic_musl/pkginfo/linux.default.install
mkdir -p /workspaces/openwrt-radxa-rock5b-plus/openwrt/staging_dir/target-aarch64_generic_musl/root-rockchip/stamp

SHELL= flock /workspaces/openwrt-radxa-rock5b-plus/openwrt/tmp/.root-copy.flock -c 'cp -fpR /workspaces/openwrt-radxa-rock5b-plus/openwrt/build_dir/target-aarch64_generic_musl/linux-rockchip_armv8/packages/.pkgdir/kmod-lib-crc32c/. /workspaces/openwrt-radxa-rock5b-plus/openwrt/staging_dir/target-aarch64_generic_musl/root-rockchip/'
touch /workspaces/openwrt-radxa-rock5b-plus/openwrt/staging_dir/target-aarch64_generic_musl/root-rockchip/stamp/.kmod-lib-crc32c_installed
echo "kmod-lib-crc32c" >> /workspaces/openwrt-radxa-rock5b-plus/openwrt/staging_dir/target-aarch64_generic_musl/pkginfo/linux.default.install
mkdir -p /workspaces/openwrt-radxa-rock5b-plus/openwrt/staging_dir/target-aarch64_generic_musl/root-rockchip/stamp

SHELL= flock /workspaces/openwrt-radxa-rock5b-plus/openwrt/tmp/.root-copy.flock -c 'cp -fpR /workspaces/openwrt-radxa-rock5b-plus/openwrt/build_dir/target-aarch64_generic_musl/linux-rockchip_armv8/packages/.pkgdir/kmod-libphy/. /workspaces/openwrt-radxa-rock5b-plus/openwrt/staging_dir/target-aarch64_generic_musl/root-rockchip/'
touch /workspaces/openwrt-radxa-rock5b-plus/openwrt/staging_dir/target-aarch64_generic_musl/root-rockchip/stamp/.kmod-libphy_installed
echo "kmod-libphy" >> /workspaces/openwrt-radxa-rock5b-plus/openwrt/staging_dir/target-aarch64_generic_musl/pkginfo/linux.default.install
mkdir -p /workspaces/openwrt-radxa-rock5b-plus/openwrt/staging_dir/target-aarch64_generic_musl/root-rockchip/stamp

SHELL= flock /workspaces/openwrt-radxa-rock5b-plus/openwrt/tmp/.root-copy.flock -c 'cp -fpR /workspaces/openwrt-radxa-rock5b-plus/openwrt/build_dir/target-aarch64_generic_musl/linux-rockchip_armv8/packages/.pkgdir/kmod-mii/. /workspaces/openwrt-radxa-rock5b-plus/openwrt/staging_dir/target-aarch64_generic_musl/root-rockchip/'
touch /workspaces/openwrt-radxa-rock5b-plus/openwrt/staging_dir/target-aarch64_generic_musl/root-rockchip/stamp/.kmod-mii_installed
echo "kmod-mii" >> /workspaces/openwrt-radxa-rock5b-plus/openwrt/staging_dir/target-aarch64_generic_musl/pkginfo/linux.default.install
mkdir -p /workspaces/openwrt-radxa-rock5b-plus/openwrt/staging_dir/target-aarch64_generic_musl/root-rockchip/stamp

SHELL= flock /workspaces/openwrt-radxa-rock5b-plus/openwrt/tmp/.root-copy.flock -c 'cp -fpR /workspaces/openwrt-radxa-rock5b-plus/openwrt/build_dir/target-aarch64_generic_musl/linux-rockchip_armv8/packages/.pkgdir/kmod-mdio-devres/. /workspaces/openwrt-radxa-rock5b-plus/openwrt/staging_dir/target-aarch64_generic_musl/root-rockchip/'
touch /workspaces/openwrt-radxa-rock5b-plus/openwrt/staging_dir/target-aarch64_generic_musl/root-rockchip/stamp/.kmod-mdio-devres_installed
echo "kmod-mdio-devres" >> /workspaces/openwrt-radxa-rock5b-plus/openwrt/staging_dir/target-aarch64_generic_musl/pkginfo/linux.default.install
mkdir -p /workspaces/openwrt-radxa-rock5b-plus/openwrt/staging_dir/target-aarch64_generic_musl/root-rockchip/stamp

SHELL= flock /workspaces/openwrt-radxa-rock5b-plus/openwrt/tmp/.root-copy.flock -c 'cp -fpR /workspaces/openwrt-radxa-rock5b-plus/openwrt/build_dir/target-aarch64_generic_musl/linux-rockchip_armv8/packages/.pkgdir/kmod-phy-realtek/. /workspaces/openwrt-radxa-rock5b-plus/openwrt/staging_dir/target-aarch64_generic_musl/root-rockchip/'
touch /workspaces/openwrt-radxa-rock5b-plus/openwrt/staging_dir/target-aarch64_generic_musl/root-rockchip/stamp/.kmod-phy-realtek_installed
echo "kmod-phy-realtek" >> /workspaces/openwrt-radxa-rock5b-plus/openwrt/staging_dir/target-aarch64_generic_musl/pkginfo/linux.default.install
mkdir -p /workspaces/openwrt-radxa-rock5b-plus/openwrt/staging_dir/target-aarch64_generic_musl/root-rockchip/stamp

SHELL= flock /workspaces/openwrt-radxa-rock5b-plus/openwrt/tmp/.root-copy.flock -c 'cp -fpR /workspaces/openwrt-radxa-rock5b-plus/openwrt/build_dir/target-aarch64_generic_musl/linux-rockchip_armv8/packages/.pkgdir/kmod-r8169/. /workspaces/openwrt-radxa-rock5b-plus/openwrt/staging_dir/target-aarch64_generic_musl/root-rockchip/'
touch /workspaces/openwrt-radxa-rock5b-plus/openwrt/staging_dir/target-aarch64_generic_musl/root-rockchip/stamp/.kmod-r8169_installed
echo "kmod-r8169" >> /workspaces/openwrt-radxa-rock5b-plus/openwrt/staging_dir/target-aarch64_generic_musl/pkginfo/linux.default.install
mkdir -p /workspaces/openwrt-radxa-rock5b-plus/openwrt/staging_dir/target-aarch64_generic_musl/root-rockchip/stamp

SHELL= flock /workspaces/openwrt-radxa-rock5b-plus/openwrt/tmp/.root-copy.flock -c 'cp -fpR /workspaces/openwrt-radxa-rock5b-plus/openwrt/build_dir/target-aarch64_generic_musl/linux-rockchip_armv8/packages/.pkgdir/kmod-nf-reject/. /workspaces/openwrt-radxa-rock5b-plus/openwrt/staging_dir/target-aarch64_generic_musl/root-rockchip/'
touch /workspaces/openwrt-radxa-rock5b-plus/openwrt/staging_dir/target-aarch64_generic_musl/root-rockchip/stamp/.kmod-nf-reject_installed
echo "kmod-nf-reject" >> /workspaces/openwrt-radxa-rock5b-plus/openwrt/staging_dir/target-aarch64_generic_musl/pkginfo/linux.default.install
mkdir -p /workspaces/openwrt-radxa-rock5b-plus/openwrt/staging_dir/target-aarch64_generic_musl/root-rockchip/stamp

SHELL= flock /workspaces/openwrt-radxa-rock5b-plus/openwrt/tmp/.root-copy.flock -c 'cp -fpR /workspaces/openwrt-radxa-rock5b-plus/openwrt/build_dir/target-aarch64_generic_musl/linux-rockchip_armv8/packages/.pkgdir/kmod-nf-reject6/. /workspaces/openwrt-radxa-rock5b-plus/openwrt/staging_dir/target-aarch64_generic_musl/root-rockchip/'
touch /workspaces/openwrt-radxa-rock5b-plus/openwrt/staging_dir/target-aarch64_generic_musl/root-rockchip/stamp/.kmod-nf-reject6_installed
echo "kmod-nf-reject6" >> /workspaces/openwrt-radxa-rock5b-plus/openwrt/staging_dir/target-aarch64_generic_musl/pkginfo/linux.default.install
mkdir -p /workspaces/openwrt-radxa-rock5b-plus/openwrt/staging_dir/target-aarch64_generic_musl/root-rockchip/stamp

SHELL= flock /workspaces/openwrt-radxa-rock5b-plus/openwrt/tmp/.root-copy.flock -c 'cp -fpR /workspaces/openwrt-radxa-rock5b-plus/openwrt/build_dir/target-aarch64_generic_musl/linux-rockchip_armv8/packages/.pkgdir/kmod-nf-conntrack/. /workspaces/openwrt-radxa-rock5b-plus/openwrt/staging_dir/target-aarch64_generic_musl/root-rockchip/'
touch /workspaces/openwrt-radxa-rock5b-plus/openwrt/staging_dir/target-aarch64_generic_musl/root-rockchip/stamp/.kmod-nf-conntrack_installed
echo "kmod-nf-conntrack" >> /workspaces/openwrt-radxa-rock5b-plus/openwrt/staging_dir/target-aarch64_generic_musl/pkginfo/linux.default.install
mkdir -p /workspaces/openwrt-radxa-rock5b-plus/openwrt/staging_dir/target-aarch64_generic_musl/root-rockchip/stamp

SHELL= flock /workspaces/openwrt-radxa-rock5b-plus/openwrt/tmp/.root-copy.flock -c 'cp -fpR /workspaces/openwrt-radxa-rock5b-plus/openwrt/build_dir/target-aarch64_generic_musl/linux-rockchip_armv8/packages/.pkgdir/kmod-nf-conntrack6/. /workspaces/openwrt-radxa-rock5b-plus/openwrt/staging_dir/target-aarch64_generic_musl/root-rockchip/'
touch /workspaces/openwrt-radxa-rock5b-plus/openwrt/staging_dir/target-aarch64_generic_musl/root-rockchip/stamp/.kmod-nf-conntrack6_installed
echo "kmod-nf-conntrack6" >> /workspaces/openwrt-radxa-rock5b-plus/openwrt/staging_dir/target-aarch64_generic_musl/pkginfo/linux.default.install
mkdir -p /workspaces/openwrt-radxa-rock5b-plus/openwrt/staging_dir/target-aarch64_generic_musl/root-rockchip/stamp

SHELL= flock /workspaces/openwrt-radxa-rock5b-plus/openwrt/tmp/.root-copy.flock -c 'cp -fpR /workspaces/openwrt-radxa-rock5b-plus/openwrt/build_dir/target-aarch64_generic_musl/linux-rockchip_armv8/packages/.pkgdir/kmod-nf-log/. /workspaces/openwrt-radxa-rock5b-plus/openwrt/staging_dir/target-aarch64_generic_musl/root-rockchip/'
touch /workspaces/openwrt-radxa-rock5b-plus/openwrt/staging_dir/target-aarch64_generic_musl/root-rockchip/stamp/.kmod-nf-log_installed
echo "kmod-nf-log" >> /workspaces/openwrt-radxa-rock5b-plus/openwrt/staging_dir/target-aarch64_generic_musl/pkginfo/linux.default.install
mkdir -p /workspaces/openwrt-radxa-rock5b-plus/openwrt/staging_dir/target-aarch64_generic_musl/root-rockchip/stamp

SHELL= flock /workspaces/openwrt-radxa-rock5b-plus/openwrt/tmp/.root-copy.flock -c 'cp -fpR /workspaces/openwrt-radxa-rock5b-plus/openwrt/build_dir/target-aarch64_generic_musl/linux-rockchip_armv8/packages/.pkgdir/kmod-nf-log6/. /workspaces/openwrt-radxa-rock5b-plus/openwrt/staging_dir/target-aarch64_generic_musl/root-rockchip/'
touch /workspaces/openwrt-radxa-rock5b-plus/openwrt/staging_dir/target-aarch64_generic_musl/root-rockchip/stamp/.kmod-nf-log6_installed
echo "kmod-nf-log6" >> /workspaces/openwrt-radxa-rock5b-plus/openwrt/staging_dir/target-aarch64_generic_musl/pkginfo/linux.default.install
mkdir -p /workspaces/openwrt-radxa-rock5b-plus/openwrt/staging_dir/target-aarch64_generic_musl/root-rockchip/stamp

SHELL= flock /workspaces/openwrt-radxa-rock5b-plus/openwrt/tmp/.root-copy.flock -c 'cp -fpR /workspaces/openwrt-radxa-rock5b-plus/openwrt/build_dir/target-aarch64_generic_musl/linux-rockchip_armv8/packages/.pkgdir/kmod-nf-nat/. /workspaces/openwrt-radxa-rock5b-plus/openwrt/staging_dir/target-aarch64_generic_musl/root-rockchip/'
touch /workspaces/openwrt-radxa-rock5b-plus/openwrt/staging_dir/target-aarch64_generic_musl/root-rockchip/stamp/.kmod-nf-nat_installed
echo "kmod-nf-nat" >> /workspaces/openwrt-radxa-rock5b-plus/openwrt/staging_dir/target-aarch64_generic_musl/pkginfo/linux.default.install
mkdir -p /workspaces/openwrt-radxa-rock5b-plus/openwrt/staging_dir/target-aarch64_generic_musl/root-rockchip/stamp

SHELL= flock /workspaces/openwrt-radxa-rock5b-plus/openwrt/tmp/.root-copy.flock -c 'cp -fpR /workspaces/openwrt-radxa-rock5b-plus/openwrt/build_dir/target-aarch64_generic_musl/linux-rockchip_armv8/packages/.pkgdir/kmod-nf-flow/. /workspaces/openwrt-radxa-rock5b-plus/openwrt/staging_dir/target-aarch64_generic_musl/root-rockchip/'
touch /workspaces/openwrt-radxa-rock5b-plus/openwrt/staging_dir/target-aarch64_generic_musl/root-rockchip/stamp/.kmod-nf-flow_installed
echo "kmod-nf-flow" >> /workspaces/openwrt-radxa-rock5b-plus/openwrt/staging_dir/target-aarch64_generic_musl/pkginfo/linux.default.install
mkdir -p /workspaces/openwrt-radxa-rock5b-plus/openwrt/staging_dir/target-aarch64_generic_musl/root-rockchip/stamp

SHELL= flock /workspaces/openwrt-radxa-rock5b-plus/openwrt/tmp/.root-copy.flock -c 'cp -fpR /workspaces/openwrt-radxa-rock5b-plus/openwrt/build_dir/target-aarch64_generic_musl/linux-rockchip_armv8/packages/.pkgdir/kmod-nfnetlink/. /workspaces/openwrt-radxa-rock5b-plus/openwrt/staging_dir/target-aarch64_generic_musl/root-rockchip/'
touch /workspaces/openwrt-radxa-rock5b-plus/openwrt/staging_dir/target-aarch64_generic_musl/root-rockchip/stamp/.kmod-nfnetlink_installed
echo "kmod-nfnetlink" >> /workspaces/openwrt-radxa-rock5b-plus/openwrt/staging_dir/target-aarch64_generic_musl/pkginfo/linux.default.install
mkdir -p /workspaces/openwrt-radxa-rock5b-plus/openwrt/staging_dir/target-aarch64_generic_musl/root-rockchip/stamp

SHELL= flock /workspaces/openwrt-radxa-rock5b-plus/openwrt/tmp/.root-copy.flock -c 'cp -fpR /workspaces/openwrt-radxa-rock5b-plus/openwrt/build_dir/target-aarch64_generic_musl/linux-rockchip_armv8/packages/.pkgdir/kmod-nft-core/. /workspaces/openwrt-radxa-rock5b-plus/openwrt/staging_dir/target-aarch64_generic_musl/root-rockchip/'
touch /workspaces/openwrt-radxa-rock5b-plus/openwrt/staging_dir/target-aarch64_generic_musl/root-rockchip/stamp/.kmod-nft-core_installed
echo "kmod-nft-core" >> /workspaces/openwrt-radxa-rock5b-plus/openwrt/staging_dir/target-aarch64_generic_musl/pkginfo/linux.default.install
mkdir -p /workspaces/openwrt-radxa-rock5b-plus/openwrt/staging_dir/target-aarch64_generic_musl/root-rockchip/stamp

SHELL= flock /workspaces/openwrt-radxa-rock5b-plus/openwrt/tmp/.root-copy.flock -c 'cp -fpR /workspaces/openwrt-radxa-rock5b-plus/openwrt/build_dir/target-aarch64_generic_musl/linux-rockchip_armv8/packages/.pkgdir/kmod-nft-nat/. /workspaces/openwrt-radxa-rock5b-plus/openwrt/staging_dir/target-aarch64_generic_musl/root-rockchip/'
touch /workspaces/openwrt-radxa-rock5b-plus/openwrt/staging_dir/target-aarch64_generic_musl/root-rockchip/stamp/.kmod-nft-nat_installed
echo "kmod-nft-nat" >> /workspaces/openwrt-radxa-rock5b-plus/openwrt/staging_dir/target-aarch64_generic_musl/pkginfo/linux.default.install
mkdir -p /workspaces/openwrt-radxa-rock5b-plus/openwrt/staging_dir/target-aarch64_generic_musl/root-rockchip/stamp

SHELL= flock /workspaces/openwrt-radxa-rock5b-plus/openwrt/tmp/.root-copy.flock -c 'cp -fpR /workspaces/openwrt-radxa-rock5b-plus/openwrt/build_dir/target-aarch64_generic_musl/linux-rockchip_armv8/packages/.pkgdir/kmod-nft-offload/. /workspaces/openwrt-radxa-rock5b-plus/openwrt/staging_dir/target-aarch64_generic_musl/root-rockchip/'
touch /workspaces/openwrt-radxa-rock5b-plus/openwrt/staging_dir/target-aarch64_generic_musl/root-rockchip/stamp/.kmod-nft-offload_installed
echo "kmod-nft-offload" >> /workspaces/openwrt-radxa-rock5b-plus/openwrt/staging_dir/target-aarch64_generic_musl/pkginfo/linux.default.install
mkdir -p /workspaces/openwrt-radxa-rock5b-plus/openwrt/staging_dir/target-aarch64_generic_musl/root-rockchip/stamp

SHELL= flock /workspaces/openwrt-radxa-rock5b-plus/openwrt/tmp/.root-copy.flock -c 'cp -fpR /workspaces/openwrt-radxa-rock5b-plus/openwrt/build_dir/target-aarch64_generic_musl/linux-rockchip_armv8/packages/.pkgdir/kmod-nft-fib/. /workspaces/openwrt-radxa-rock5b-plus/openwrt/staging_dir/target-aarch64_generic_musl/root-rockchip/'
touch /workspaces/openwrt-radxa-rock5b-plus/openwrt/staging_dir/target-aarch64_generic_musl/root-rockchip/stamp/.kmod-nft-fib_installed
echo "kmod-nft-fib" >> /workspaces/openwrt-radxa-rock5b-plus/openwrt/staging_dir/target-aarch64_generic_musl/pkginfo/linux.default.install
mkdir -p /workspaces/openwrt-radxa-rock5b-plus/openwrt/staging_dir/target-aarch64_generic_musl/root-rockchip/stamp

SHELL= flock /workspaces/openwrt-radxa-rock5b-plus/openwrt/tmp/.root-copy.flock -c 'cp -fpR /workspaces/openwrt-radxa-rock5b-plus/openwrt/build_dir/target-aarch64_generic_musl/linux-rockchip_armv8/packages/.pkgdir/kmod-slhc/. /workspaces/openwrt-radxa-rock5b-plus/openwrt/staging_dir/target-aarch64_generic_musl/root-rockchip/'
touch /workspaces/openwrt-radxa-rock5b-plus/openwrt/staging_dir/target-aarch64_generic_musl/root-rockchip/stamp/.kmod-slhc_installed
echo "kmod-slhc" >> /workspaces/openwrt-radxa-rock5b-plus/openwrt/staging_dir/target-aarch64_generic_musl/pkginfo/linux.default.install
mkdir -p /workspaces/openwrt-radxa-rock5b-plus/openwrt/staging_dir/target-aarch64_generic_musl/root-rockchip/stamp

SHELL= flock /workspaces/openwrt-radxa-rock5b-plus/openwrt/tmp/.root-copy.flock -c 'cp -fpR /workspaces/openwrt-radxa-rock5b-plus/openwrt/build_dir/target-aarch64_generic_musl/linux-rockchip_armv8/packages/.pkgdir/kmod-ppp/. /workspaces/openwrt-radxa-rock5b-plus/openwrt/staging_dir/target-aarch64_generic_musl/root-rockchip/'
touch /workspaces/openwrt-radxa-rock5b-plus/openwrt/staging_dir/target-aarch64_generic_musl/root-rockchip/stamp/.kmod-ppp_installed
echo "kmod-ppp" >> /workspaces/openwrt-radxa-rock5b-plus/openwrt/staging_dir/target-aarch64_generic_musl/pkginfo/linux.default.install
mkdir -p /workspaces/openwrt-radxa-rock5b-plus/openwrt/staging_dir/target-aarch64_generic_musl/root-rockchip/stamp

SHELL= flock /workspaces/openwrt-radxa-rock5b-plus/openwrt/tmp/.root-copy.flock -c 'cp -fpR /workspaces/openwrt-radxa-rock5b-plus/openwrt/build_dir/target-aarch64_generic_musl/linux-rockchip_armv8/packages/.pkgdir/kmod-pppox/. /workspaces/openwrt-radxa-rock5b-plus/openwrt/staging_dir/target-aarch64_generic_musl/root-rockchip/'
touch /workspaces/openwrt-radxa-rock5b-plus/openwrt/staging_dir/target-aarch64_generic_musl/root-rockchip/stamp/.kmod-pppox_installed
echo "kmod-pppox" >> /workspaces/openwrt-radxa-rock5b-plus/openwrt/staging_dir/target-aarch64_generic_musl/pkginfo/linux.default.install
mkdir -p /workspaces/openwrt-radxa-rock5b-plus/openwrt/staging_dir/target-aarch64_generic_musl/root-rockchip/stamp

SHELL= flock /workspaces/openwrt-radxa-rock5b-plus/openwrt/tmp/.root-copy.flock -c 'cp -fpR /workspaces/openwrt-radxa-rock5b-plus/openwrt/build_dir/target-aarch64_generic_musl/linux-rockchip_armv8/packages/.pkgdir/kmod-pppoe/. /workspaces/openwrt-radxa-rock5b-plus/openwrt/staging_dir/target-aarch64_generic_musl/root-rockchip/'
touch /workspaces/openwrt-radxa-rock5b-plus/openwrt/staging_dir/target-aarch64_generic_musl/root-rockchip/stamp/.kmod-pppoe_installed
echo "kmod-pppoe" >> /workspaces/openwrt-radxa-rock5b-plus/openwrt/staging_dir/target-aarch64_generic_musl/pkginfo/linux.default.install
mkdir -p /workspaces/openwrt-radxa-rock5b-plus/openwrt/staging_dir/target-aarch64_generic_musl/root-rockchip/stamp

SHELL= flock /workspaces/openwrt-radxa-rock5b-plus/openwrt/tmp/.root-copy.flock -c 'cp -fpR /workspaces/openwrt-radxa-rock5b-plus/openwrt/build_dir/target-aarch64_generic_musl/linux-rockchip_armv8/packages/.pkgdir/kmod-nls-base/. /workspaces/openwrt-radxa-rock5b-plus/openwrt/staging_dir/target-aarch64_generic_musl/root-rockchip/'
touch /workspaces/openwrt-radxa-rock5b-plus/openwrt/staging_dir/target-aarch64_generic_musl/root-rockchip/stamp/.kmod-nls-base_installed
echo "kmod-nls-base" >> /workspaces/openwrt-radxa-rock5b-plus/openwrt/staging_dir/target-aarch64_generic_musl/pkginfo/linux.default.install
mkdir -p /workspaces/openwrt-radxa-rock5b-plus/openwrt/staging_dir/target-aarch64_generic_musl/root-rockchip/stamp

SHELL= flock /workspaces/openwrt-radxa-rock5b-plus/openwrt/tmp/.root-copy.flock -c 'cp -fpR /workspaces/openwrt-radxa-rock5b-plus/openwrt/build_dir/target-aarch64_generic_musl/linux-rockchip_armv8/packages/.pkgdir/kmod-nls-cp437/. /workspaces/openwrt-radxa-rock5b-plus/openwrt/staging_dir/target-aarch64_generic_musl/root-rockchip/'
touch /workspaces/openwrt-radxa-rock5b-plus/openwrt/staging_dir/target-aarch64_generic_musl/root-rockchip/stamp/.kmod-nls-cp437_installed
echo "kmod-nls-cp437" >> /workspaces/openwrt-radxa-rock5b-plus/openwrt/staging_dir/target-aarch64_generic_musl/pkginfo/linux.default.install
mkdir -p /workspaces/openwrt-radxa-rock5b-plus/openwrt/staging_dir/target-aarch64_generic_musl/root-rockchip/stamp

SHELL= flock /workspaces/openwrt-radxa-rock5b-plus/openwrt/tmp/.root-copy.flock -c 'cp -fpR /workspaces/openwrt-radxa-rock5b-plus/openwrt/build_dir/target-aarch64_generic_musl/linux-rockchip_armv8/packages/.pkgdir/kmod-nls-iso8859-1/. /workspaces/openwrt-radxa-rock5b-plus/openwrt/staging_dir/target-aarch64_generic_musl/root-rockchip/'
touch /workspaces/openwrt-radxa-rock5b-plus/openwrt/staging_dir/target-aarch64_generic_musl/root-rockchip/stamp/.kmod-nls-iso8859-1_installed
echo "kmod-nls-iso8859-1" >> /workspaces/openwrt-radxa-rock5b-plus/openwrt/staging_dir/target-aarch64_generic_musl/pkginfo/linux.default.install
mkdir -p /workspaces/openwrt-radxa-rock5b-plus/openwrt/staging_dir/target-aarch64_generic_musl/root-rockchip/stamp

SHELL= flock /workspaces/openwrt-radxa-rock5b-plus/openwrt/tmp/.root-copy.flock -c 'cp -fpR /workspaces/openwrt-radxa-rock5b-plus/openwrt/build_dir/target-aarch64_generic_musl/linux-rockchip_armv8/packages/.pkgdir/kmod-nls-utf8/. /workspaces/openwrt-radxa-rock5b-plus/openwrt/staging_dir/target-aarch64_generic_musl/root-rockchip/'
touch /workspaces/openwrt-radxa-rock5b-plus/openwrt/staging_dir/target-aarch64_generic_musl/root-rockchip/stamp/.kmod-nls-utf8_installed
echo "kmod-nls-utf8" >> /workspaces/openwrt-radxa-rock5b-plus/openwrt/staging_dir/target-aarch64_generic_musl/pkginfo/linux.default.install
mkdir -p /workspaces/openwrt-radxa-rock5b-plus/openwrt/staging_dir/target-aarch64_generic_musl/root-rockchip/stamp

SHELL= flock /workspaces/openwrt-radxa-rock5b-plus/openwrt/tmp/.root-copy.flock -c 'cp -fpR /workspaces/openwrt-radxa-rock5b-plus/openwrt/build_dir/target-aarch64_generic_musl/linux-rockchip_armv8/packages/.pkgdir/kmod-usb-common/. /workspaces/openwrt-radxa-rock5b-plus/openwrt/staging_dir/target-aarch64_generic_musl/root-rockchip/'
touch /workspaces/openwrt-radxa-rock5b-plus/openwrt/staging_dir/target-aarch64_generic_musl/root-rockchip/stamp/.kmod-usb-common_installed
echo "kmod-usb-common" >> /workspaces/openwrt-radxa-rock5b-plus/openwrt/staging_dir/target-aarch64_generic_musl/pkginfo/linux.default.install
mkdir -p /workspaces/openwrt-radxa-rock5b-plus/openwrt/staging_dir/target-aarch64_generic_musl/root-rockchip/stamp

SHELL= flock /workspaces/openwrt-radxa-rock5b-plus/openwrt/tmp/.root-copy.flock -c 'cp -fpR /workspaces/openwrt-radxa-rock5b-plus/openwrt/build_dir/target-aarch64_generic_musl/linux-rockchip_armv8/packages/.pkgdir/kmod-usb-core/. /workspaces/openwrt-radxa-rock5b-plus/openwrt/staging_dir/target-aarch64_generic_musl/root-rockchip/'
touch /workspaces/openwrt-radxa-rock5b-plus/openwrt/staging_dir/target-aarch64_generic_musl/root-rockchip/stamp/.kmod-usb-core_installed
echo "kmod-usb-core" >> /workspaces/openwrt-radxa-rock5b-plus/openwrt/staging_dir/target-aarch64_generic_musl/pkginfo/linux.default.install
mkdir -p /workspaces/openwrt-radxa-rock5b-plus/openwrt/staging_dir/target-aarch64_generic_musl/root-rockchip/stamp

SHELL= flock /workspaces/openwrt-radxa-rock5b-plus/openwrt/tmp/.root-copy.flock -c 'cp -fpR /workspaces/openwrt-radxa-rock5b-plus/openwrt/build_dir/target-aarch64_generic_musl/linux-rockchip_armv8/packages/.pkgdir/kmod-usb-wdm/. /workspaces/openwrt-radxa-rock5b-plus/openwrt/staging_dir/target-aarch64_generic_musl/root-rockchip/'
touch /workspaces/openwrt-radxa-rock5b-plus/openwrt/staging_dir/target-aarch64_generic_musl/root-rockchip/stamp/.kmod-usb-wdm_installed
echo "kmod-usb-wdm" >> /workspaces/openwrt-radxa-rock5b-plus/openwrt/staging_dir/target-aarch64_generic_musl/pkginfo/linux.default.install
mkdir -p /workspaces/openwrt-radxa-rock5b-plus/openwrt/staging_dir/target-aarch64_generic_musl/root-rockchip/stamp

SHELL= flock /workspaces/openwrt-radxa-rock5b-plus/openwrt/tmp/.root-copy.flock -c 'cp -fpR /workspaces/openwrt-radxa-rock5b-plus/openwrt/build_dir/target-aarch64_generic_musl/linux-rockchip_armv8/packages/.pkgdir/kmod-usb-serial/. /workspaces/openwrt-radxa-rock5b-plus/openwrt/staging_dir/target-aarch64_generic_musl/root-rockchip/'
touch /workspaces/openwrt-radxa-rock5b-plus/openwrt/staging_dir/target-aarch64_generic_musl/root-rockchip/stamp/.kmod-usb-serial_installed
echo "kmod-usb-serial" >> /workspaces/openwrt-radxa-rock5b-plus/openwrt/staging_dir/target-aarch64_generic_musl/pkginfo/linux.default.install
mkdir -p /workspaces/openwrt-radxa-rock5b-plus/openwrt/staging_dir/target-aarch64_generic_musl/root-rockchip/stamp

SHELL= flock /workspaces/openwrt-radxa-rock5b-plus/openwrt/tmp/.root-copy.flock -c 'cp -fpR /workspaces/openwrt-radxa-rock5b-plus/openwrt/build_dir/target-aarch64_generic_musl/linux-rockchip_armv8/packages/.pkgdir/kmod-usb-serial-wwan/. /workspaces/openwrt-radxa-rock5b-plus/openwrt/staging_dir/target-aarch64_generic_musl/root-rockchip/'
touch /workspaces/openwrt-radxa-rock5b-plus/openwrt/staging_dir/target-aarch64_generic_musl/root-rockchip/stamp/.kmod-usb-serial-wwan_installed
echo "kmod-usb-serial-wwan" >> /workspaces/openwrt-radxa-rock5b-plus/openwrt/staging_dir/target-aarch64_generic_musl/pkginfo/linux.default.install
mkdir -p /workspaces/openwrt-radxa-rock5b-plus/openwrt/staging_dir/target-aarch64_generic_musl/root-rockchip/stamp

SHELL= flock /workspaces/openwrt-radxa-rock5b-plus/openwrt/tmp/.root-copy.flock -c 'cp -fpR /workspaces/openwrt-radxa-rock5b-plus/openwrt/build_dir/target-aarch64_generic_musl/linux-rockchip_armv8/packages/.pkgdir/kmod-usb-serial-option/. /workspaces/openwrt-radxa-rock5b-plus/openwrt/staging_dir/target-aarch64_generic_musl/root-rockchip/'
touch /workspaces/openwrt-radxa-rock5b-plus/openwrt/staging_dir/target-aarch64_generic_musl/root-rockchip/stamp/.kmod-usb-serial-option_installed
echo "kmod-usb-serial-option" >> /workspaces/openwrt-radxa-rock5b-plus/openwrt/staging_dir/target-aarch64_generic_musl/pkginfo/linux.default.install
mkdir -p /workspaces/openwrt-radxa-rock5b-plus/openwrt/staging_dir/target-aarch64_generic_musl/root-rockchip/stamp

SHELL= flock /workspaces/openwrt-radxa-rock5b-plus/openwrt/tmp/.root-copy.flock -c 'cp -fpR /workspaces/openwrt-radxa-rock5b-plus/openwrt/build_dir/target-aarch64_generic_musl/linux-rockchip_armv8/packages/.pkgdir/kmod-usb-storage/. /workspaces/openwrt-radxa-rock5b-plus/openwrt/staging_dir/target-aarch64_generic_musl/root-rockchip/'
touch /workspaces/openwrt-radxa-rock5b-plus/openwrt/staging_dir/target-aarch64_generic_musl/root-rockchip/stamp/.kmod-usb-storage_installed
echo "kmod-usb-storage" >> /workspaces/openwrt-radxa-rock5b-plus/openwrt/staging_dir/target-aarch64_generic_musl/pkginfo/linux.default.install
mkdir -p /workspaces/openwrt-radxa-rock5b-plus/openwrt/staging_dir/target-aarch64_generic_musl/root-rockchip/stamp

SHELL= flock /workspaces/openwrt-radxa-rock5b-plus/openwrt/tmp/.root-copy.flock -c 'cp -fpR /workspaces/openwrt-radxa-rock5b-plus/openwrt/build_dir/target-aarch64_generic_musl/linux-rockchip_armv8/packages/.pkgdir/kmod-usb-storage-uas/. /workspaces/openwrt-radxa-rock5b-plus/openwrt/staging_dir/target-aarch64_generic_musl/root-rockchip/'
touch /workspaces/openwrt-radxa-rock5b-plus/openwrt/staging_dir/target-aarch64_generic_musl/root-rockchip/stamp/.kmod-usb-storage-uas_installed
echo "kmod-usb-storage-uas" >> /workspaces/openwrt-radxa-rock5b-plus/openwrt/staging_dir/target-aarch64_generic_musl/pkginfo/linux.default.install
mkdir -p /workspaces/openwrt-radxa-rock5b-plus/openwrt/staging_dir/target-aarch64_generic_musl/root-rockchip/stamp

SHELL= flock /workspaces/openwrt-radxa-rock5b-plus/openwrt/tmp/.root-copy.flock -c 'cp -fpR /workspaces/openwrt-radxa-rock5b-plus/openwrt/build_dir/target-aarch64_generic_musl/linux-rockchip_armv8/packages/.pkgdir/kmod-usb-net/. /workspaces/openwrt-radxa-rock5b-plus/openwrt/staging_dir/target-aarch64_generic_musl/root-rockchip/'
touch /workspaces/openwrt-radxa-rock5b-plus/openwrt/staging_dir/target-aarch64_generic_musl/root-rockchip/stamp/.kmod-usb-net_installed
echo "kmod-usb-net" >> /workspaces/openwrt-radxa-rock5b-plus/openwrt/staging_dir/target-aarch64_generic_musl/pkginfo/linux.default.install
mkdir -p /workspaces/openwrt-radxa-rock5b-plus/openwrt/staging_dir/target-aarch64_generic_musl/root-rockchip/stamp

SHELL= flock /workspaces/openwrt-radxa-rock5b-plus/openwrt/tmp/.root-copy.flock -c 'cp -fpR /workspaces/openwrt-radxa-rock5b-plus/openwrt/build_dir/target-aarch64_generic_musl/linux-rockchip_armv8/packages/.pkgdir/kmod-usb-net-asix-ax88179/. /workspaces/openwrt-radxa-rock5b-plus/openwrt/staging_dir/target-aarch64_generic_musl/root-rockchip/'
touch /workspaces/openwrt-radxa-rock5b-plus/openwrt/staging_dir/target-aarch64_generic_musl/root-rockchip/stamp/.kmod-usb-net-asix-ax88179_installed
echo "kmod-usb-net-asix-ax88179" >> /workspaces/openwrt-radxa-rock5b-plus/openwrt/staging_dir/target-aarch64_generic_musl/pkginfo/linux.default.install
mkdir -p /workspaces/openwrt-radxa-rock5b-plus/openwrt/staging_dir/target-aarch64_generic_musl/root-rockchip/stamp

SHELL= flock /workspaces/openwrt-radxa-rock5b-plus/openwrt/tmp/.root-copy.flock -c 'cp -fpR /workspaces/openwrt-radxa-rock5b-plus/openwrt/build_dir/target-aarch64_generic_musl/linux-rockchip_armv8/packages/.pkgdir/kmod-usb-net-cdc-ether/. /workspaces/openwrt-radxa-rock5b-plus/openwrt/staging_dir/target-aarch64_generic_musl/root-rockchip/'
touch /workspaces/openwrt-radxa-rock5b-plus/openwrt/staging_dir/target-aarch64_generic_musl/root-rockchip/stamp/.kmod-usb-net-cdc-ether_installed
echo "kmod-usb-net-cdc-ether" >> /workspaces/openwrt-radxa-rock5b-plus/openwrt/staging_dir/target-aarch64_generic_musl/pkginfo/linux.default.install
mkdir -p /workspaces/openwrt-radxa-rock5b-plus/openwrt/staging_dir/target-aarch64_generic_musl/root-rockchip/stamp

SHELL= flock /workspaces/openwrt-radxa-rock5b-plus/openwrt/tmp/.root-copy.flock -c 'cp -fpR /workspaces/openwrt-radxa-rock5b-plus/openwrt/build_dir/target-aarch64_generic_musl/linux-rockchip_armv8/packages/.pkgdir/kmod-usb-net-qmi-wwan/. /workspaces/openwrt-radxa-rock5b-plus/openwrt/staging_dir/target-aarch64_generic_musl/root-rockchip/'
touch /workspaces/openwrt-radxa-rock5b-plus/openwrt/staging_dir/target-aarch64_generic_musl/root-rockchip/stamp/.kmod-usb-net-qmi-wwan_installed
echo "kmod-usb-net-qmi-wwan" >> /workspaces/openwrt-radxa-rock5b-plus/openwrt/staging_dir/target-aarch64_generic_musl/pkginfo/linux.default.install
mkdir -p /workspaces/openwrt-radxa-rock5b-plus/openwrt/staging_dir/target-aarch64_generic_musl/root-rockchip/stamp

SHELL= flock /workspaces/openwrt-radxa-rock5b-plus/openwrt/tmp/.root-copy.flock -c 'cp -fpR /workspaces/openwrt-radxa-rock5b-plus/openwrt/build_dir/target-aarch64_generic_musl/linux-rockchip_armv8/packages/.pkgdir/kmod-usb-net-rtl8152/. /workspaces/openwrt-radxa-rock5b-plus/openwrt/staging_dir/target-aarch64_generic_musl/root-rockchip/'
touch /workspaces/openwrt-radxa-rock5b-plus/openwrt/staging_dir/target-aarch64_generic_musl/root-rockchip/stamp/.kmod-usb-net-rtl8152_installed
echo "kmod-usb-net-rtl8152" >> /workspaces/openwrt-radxa-rock5b-plus/openwrt/staging_dir/target-aarch64_generic_musl/pkginfo/linux.default.install
make[3]: Leaving directory '/workspaces/openwrt-radxa-rock5b-plus/openwrt/package/kernel/linux'
time: package/kernel/linux/compile#7.09#3.86#20.15
make[3]: Entering directory '/workspaces/openwrt-radxa-rock5b-plus/openwrt/package/libs/libnftnl'
mkdir -p /workspaces/openwrt-radxa-rock5b-plus/openwrt/staging_dir/target-aarch64_generic_musl/root-rockchip/stamp
echo '11' | cmp -s - /workspaces/openwrt-radxa-rock5b-plus/openwrt/staging_dir/target-aarch64_generic_musl/pkginfo/libnftnl.version || { echo '11' > /workspaces/openwrt-radxa-rock5b-plus/openwrt/staging_dir/target-aarch64_generic_musl/pkginfo/libnftnl.version;  } 
SHELL= flock /workspaces/openwrt-radxa-rock5b-plus/openwrt/tmp/.root-copy.flock -c 'cp -fpR /workspaces/openwrt-radxa-rock5b-plus/openwrt/build_dir/target-aarch64_generic_musl/libnftnl-1.2.9/.pkgdir/libnftnl/. /workspaces/openwrt-radxa-rock5b-plus/openwrt/staging_dir/target-aarch64_generic_musl/root-rockchip/'
touch /workspaces/openwrt-radxa-rock5b-plus/openwrt/staging_dir/target-aarch64_generic_musl/root-rockchip/stamp/.libnftnl_installed
rm -rf /workspaces/openwrt-radxa-rock5b-plus/openwrt/bin/targets/rockchip/armv8/u-boot-generic-rk3588
echo "libnftnl" >> /workspaces/openwrt-radxa-rock5b-plus/openwrt/staging_dir/target-aarch64_generic_musl/pkginfo/libnftnl.default.install
make[3]: Leaving directory '/workspaces/openwrt-radxa-rock5b-plus/openwrt/package/libs/libnftnl'
time: package/libs/libnftnl/compile#0.14#0.11#0.53
rmdir /workspaces/openwrt-radxa-rock5b-plus/openwrt/build_dir/target-aarch64_generic_musl/u-boot-generic-rk3588/u-boot-2025.07/.pkgdir/u-boot-generic-rk3588 >/dev/null 2>/dev/null
make[3]: [Makefile:405: install-bin-u-boot-generic-rk3588] Error 1 (ignored)
if [ -d /workspaces/openwrt-radxa-rock5b-plus/openwrt/build_dir/target-aarch64_generic_musl/u-boot-generic-rk3588/u-boot-2025.07/.pkgdir/u-boot-generic-rk3588 ]; then install -d -m0755 /workspaces/openwrt-radxa-rock5b-plus/openwrt/bin/targets/rockchip/armv8/u-boot-generic-rk3588 && cp -fpR /workspaces/openwrt-radxa-rock5b-plus/openwrt/build_dir/target-aarch64_generic_musl/u-boot-generic-rk3588/u-boot-2025.07/.pkgdir/u-boot-generic-rk3588/. /workspaces/openwrt-radxa-rock5b-plus/openwrt/bin/targets/rockchip/armv8/u-boot-generic-rk3588/; fi
make[3]: Leaving directory '/workspaces/openwrt-radxa-rock5b-plus/openwrt/package/boot/uboot-rockchip'
time: package/boot/uboot-rockchip/generic-rk3588/compile#0.54#0.48#4.01
make[3]: Entering directory '/workspaces/openwrt-radxa-rock5b-plus/openwrt/package/libs/ustream-ssl'
make[3]: Entering directory '/workspaces/openwrt-radxa-rock5b-plus/openwrt/package/network/utils/uqmi'
mkdir -p /workspaces/openwrt-radxa-rock5b-plus/openwrt/staging_dir/target-aarch64_generic_musl/root-rockchip/stamp
echo '20201210' | cmp -s - /workspaces/openwrt-radxa-rock5b-plus/openwrt/staging_dir/target-aarch64_generic_musl/pkginfo/libustream-mbedtls.version || { echo '20201210' > /workspaces/openwrt-radxa-rock5b-plus/openwrt/staging_dir/target-aarch64_generic_musl/pkginfo/libustream-mbedtls.version;  } 
SHELL= flock /workspaces/openwrt-radxa-rock5b-plus/openwrt/tmp/.root-copy.flock -c 'cp -fpR /workspaces/openwrt-radxa-rock5b-plus/openwrt/build_dir/target-aarch64_generic_musl/ustream-ssl-mbedtls/ustream-ssl-2024.07.28~99bd3d2b/.pkgdir/libustream-mbedtls/. /workspaces/openwrt-radxa-rock5b-plus/openwrt/staging_dir/target-aarch64_generic_musl/root-rockchip/'
touch /workspaces/openwrt-radxa-rock5b-plus/openwrt/staging_dir/target-aarch64_generic_musl/root-rockchip/stamp/.libustream-mbedtls_installed
mkdir -p /workspaces/openwrt-radxa-rock5b-plus/openwrt/staging_dir/target-aarch64_generic_musl/root-rockchip/stamp
echo "libustream-mbedtls" >> /workspaces/openwrt-radxa-rock5b-plus/openwrt/staging_dir/target-aarch64_generic_musl/pkginfo/ustream-ssl.mbedtls.install
SHELL= flock /workspaces/openwrt-radxa-rock5b-plus/openwrt/tmp/.root-copy.flock -c 'cp -fpR /workspaces/openwrt-radxa-rock5b-plus/openwrt/build_dir/target-aarch64_generic_musl/uqmi-2025.07.30~7914da43/.pkgdir/uqmi/. /workspaces/openwrt-radxa-rock5b-plus/openwrt/staging_dir/target-aarch64_generic_musl/root-rockchip/'
make[3]: Leaving directory '/workspaces/openwrt-radxa-rock5b-plus/openwrt/package/libs/ustream-ssl'
time: package/libs/ustream-ssl/mbedtls/compile#0.18#0.11#0.51
make[3]: Entering directory '/workspaces/openwrt-radxa-rock5b-plus/openwrt/feeds/packages/net/curl'
touch /workspaces/openwrt-radxa-rock5b-plus/openwrt/staging_dir/target-aarch64_generic_musl/root-rockchip/stamp/.uqmi_installed
echo "uqmi" >> /workspaces/openwrt-radxa-rock5b-plus/openwrt/staging_dir/target-aarch64_generic_musl/pkginfo/uqmi.default.install
make[3]: Leaving directory '/workspaces/openwrt-radxa-rock5b-plus/openwrt/package/network/utils/uqmi'
time: package/network/utils/uqmi/compile#0.12#0.10#0.74
make[3]: Entering directory '/workspaces/openwrt-radxa-rock5b-plus/openwrt/feeds/packages/utils/lm-sensors'
make[3]: Leaving directory '/workspaces/openwrt-radxa-rock5b-plus/openwrt/feeds/packages/utils/lm-sensors'
time: package/feeds/packages/lm-sensors/compile#0.12#0.08#0.67
make[3]: Entering directory '/workspaces/openwrt-radxa-rock5b-plus/openwrt/feeds/packages/net/iperf3'
rm -f /workspaces/openwrt-radxa-rock5b-plus/openwrt/build_dir/target-aarch64_generic_musl/curl-8.15.0/.built
touch /workspaces/openwrt-radxa-rock5b-plus/openwrt/build_dir/target-aarch64_generic_musl/curl-8.15.0/.built_check
CFLAGS="-Os -pipe -mcpu=generic -fno-caller-saves -fno-plt -fhonour-copts   -fmacro-prefix-map=/workspaces/openwrt-radxa-rock5b-plus/openwrt/build_dir/target-aarch64_generic_musl/curl-8.15.0=curl-8.15.0 -Wformat -Werror=format-security -fstack-protector -D_FORTIFY_SOURCE=1 -Wl,-z,now -Wl,-z,relro -DPIC -fPIC  -I/workspaces/openwrt-radxa-rock5b-plus/openwrt/staging_dir/toolchain-aarch64_generic_gcc-14.3.0_musl/usr/include -I/workspaces/openwrt-radxa-rock5b-plus/openwrt/staging_dir/toolchain-aarch64_generic_gcc-14.3.0_musl/include -I/workspaces/openwrt-radxa-rock5b-plus/openwrt/staging_dir/toolchain-aarch64_generic_gcc-14.3.0_musl/include/fortify   -DCURL_DISABLE_NTLM " CXXFLAGS="-Os -pipe -mcpu=generic -fno-caller-saves -fno-plt -fhonour-copts   -fmacro-prefix-map=/workspaces/openwrt-radxa-rock5b-plus/openwrt/build_dir/target-aarch64_generic_musl/curl-8.15.0=curl-8.15.0 -Wformat -Werror=format-security -fstack-protector -D_FORTIFY_SOURCE=1 -Wl,-z,now -Wl,-z,relro -DPIC -fPIC  -I/workspaces/openwrt-radxa-rock5b-plus/openwrt/staging_dir/toolchain-aarch64_generic_gcc-14.3.0_musl/usr/include -I/workspaces/openwrt-radxa-rock5b-plus/openwrt/staging_dir/toolchain-aarch64_generic_gcc-14.3.0_musl/include -I/workspaces/openwrt-radxa-rock5b-plus/openwrt/staging_dir/toolchain-aarch64_generic_gcc-14.3.0_musl/include/fortify   -DCURL_DISABLE_NTLM " LDFLAGS="-L/workspaces/openwrt-radxa-rock5b-plus/openwrt/staging_dir/toolchain-aarch64_generic_gcc-14.3.0_musl/usr/lib -L/workspaces/openwrt-radxa-rock5b-plus/openwrt/staging_dir/toolchain-aarch64_generic_gcc-14.3.0_musl/lib -fuse-ld=bfd   -znow -zrelro -Wl,--gc-sections " make --jobserver-auth=3,4  -C /workspaces/openwrt-radxa-rock5b-plus/openwrt/build_dir/target-aarch64_generic_musl/curl-8.15.0/. AR="aarch64-openwrt-linux-musl-gcc-ar" AS="aarch64-openwrt-linux-musl-gcc -c -Os -pipe -mcpu=generic -fno-caller-saves -fno-plt -fhonour-copts   -fmacro-prefix-map=/workspaces/openwrt-radxa-rock5b-plus/openwrt/build_dir/target-aarch64_generic_musl/curl-8.15.0=curl-8.15.0 -Wformat -Werror=format-security -fstack-protector -D_FORTIFY_SOURCE=1 -Wl,-z,now -Wl,-z,relro -DPIC -fPIC" LD="aarch64-openwrt-linux-musl-ld.bfd" NM="aarch64-openwrt-linux-musl-gcc-nm" CC="aarch64-openwrt-linux-musl-gcc" GCC="aarch64-openwrt-linux-musl-gcc" CXX="aarch64-openwrt-linux-musl-g++" RANLIB="aarch64-openwrt-linux-musl-gcc-ranlib" STRIP=aarch64-openwrt-linux-musl-strip OBJCOPY=aarch64-openwrt-linux-musl-objcopy OBJDUMP=aarch64-openwrt-linux-musl-objdump SIZE=aarch64-openwrt-linux-musl-size CROSS="aarch64-openwrt-linux-musl-" ARCH="aarch64" ;
make[4]: Entering directory '/workspaces/openwrt-radxa-rock5b-plus/openwrt/build_dir/target-aarch64_generic_musl/curl-8.15.0'
Making all in lib
make[5]: Entering directory '/workspaces/openwrt-radxa-rock5b-plus/openwrt/build_dir/target-aarch64_generic_musl/curl-8.15.0/lib'
make  all-am
make[6]: Entering directory '/workspaces/openwrt-radxa-rock5b-plus/openwrt/build_dir/target-aarch64_generic_musl/curl-8.15.0/lib'
make[6]: Leaving directory '/workspaces/openwrt-radxa-rock5b-plus/openwrt/build_dir/target-aarch64_generic_musl/curl-8.15.0/lib'
make[5]: Leaving directory '/workspaces/openwrt-radxa-rock5b-plus/openwrt/build_dir/target-aarch64_generic_musl/curl-8.15.0/lib'
Making all in docs
make[5]: Entering directory '/workspaces/openwrt-radxa-rock5b-plus/openwrt/build_dir/target-aarch64_generic_musl/curl-8.15.0/docs'
Making all in .
make[6]: Entering directory '/workspaces/openwrt-radxa-rock5b-plus/openwrt/build_dir/target-aarch64_generic_musl/curl-8.15.0/docs'
make[6]: Nothing to be done for 'all-am'.
make[6]: Leaving directory '/workspaces/openwrt-radxa-rock5b-plus/openwrt/build_dir/target-aarch64_generic_musl/curl-8.15.0/docs'
Making all in cmdline-opts
make[6]: Entering directory '/workspaces/openwrt-radxa-rock5b-plus/openwrt/build_dir/target-aarch64_generic_musl/curl-8.15.0/docs/cmdline-opts'
make[6]: Nothing to be done for 'all'.
make[6]: Leaving directory '/workspaces/openwrt-radxa-rock5b-plus/openwrt/build_dir/target-aarch64_generic_musl/curl-8.15.0/docs/cmdline-opts'
Making all in libcurl
make[6]: Entering directory '/workspaces/openwrt-radxa-rock5b-plus/openwrt/build_dir/target-aarch64_generic_musl/curl-8.15.0/docs/libcurl'
Making all in opts
make[7]: Entering directory '/workspaces/openwrt-radxa-rock5b-plus/openwrt/build_dir/target-aarch64_generic_musl/curl-8.15.0/docs/libcurl/opts'
make[7]: Nothing to be done for 'all'.
make[7]: Leaving directory '/workspaces/openwrt-radxa-rock5b-plus/openwrt/build_dir/target-aarch64_generic_musl/curl-8.15.0/docs/libcurl/opts'
make[7]: Entering directory '/workspaces/openwrt-radxa-rock5b-plus/openwrt/build_dir/target-aarch64_generic_musl/curl-8.15.0/docs/libcurl'
make[7]: Nothing to be done for 'all-am'.
make[7]: Leaving directory '/workspaces/openwrt-radxa-rock5b-plus/openwrt/build_dir/target-aarch64_generic_musl/curl-8.15.0/docs/libcurl'
make[6]: Leaving directory '/workspaces/openwrt-radxa-rock5b-plus/openwrt/build_dir/target-aarch64_generic_musl/curl-8.15.0/docs/libcurl'
make[5]: Leaving directory '/workspaces/openwrt-radxa-rock5b-plus/openwrt/build_dir/target-aarch64_generic_musl/curl-8.15.0/docs'
Making all in src
make[5]: Entering directory '/workspaces/openwrt-radxa-rock5b-plus/openwrt/build_dir/target-aarch64_generic_musl/curl-8.15.0/src'
make[5]: Nothing to be done for 'all'.
make[5]: Leaving directory '/workspaces/openwrt-radxa-rock5b-plus/openwrt/build_dir/target-aarch64_generic_musl/curl-8.15.0/src'
Making all in scripts
make[5]: Entering directory '/workspaces/openwrt-radxa-rock5b-plus/openwrt/build_dir/target-aarch64_generic_musl/curl-8.15.0/scripts'
make[5]: Nothing to be done for 'all'.
make[5]: Leaving directory '/workspaces/openwrt-radxa-rock5b-plus/openwrt/build_dir/target-aarch64_generic_musl/curl-8.15.0/scripts'
make[5]: Entering directory '/workspaces/openwrt-radxa-rock5b-plus/openwrt/build_dir/target-aarch64_generic_musl/curl-8.15.0'
make[5]: Nothing to be done for 'all-am'.
make[5]: Leaving directory '/workspaces/openwrt-radxa-rock5b-plus/openwrt/build_dir/target-aarch64_generic_musl/curl-8.15.0'
make[4]: Leaving directory '/workspaces/openwrt-radxa-rock5b-plus/openwrt/build_dir/target-aarch64_generic_musl/curl-8.15.0'
CFLAGS="-Os -pipe -mcpu=generic -fno-caller-saves -fno-plt -fhonour-copts   -fmacro-prefix-map=/workspaces/openwrt-radxa-rock5b-plus/openwrt/build_dir/target-aarch64_generic_musl/curl-8.15.0=curl-8.15.0 -Wformat -Werror=format-security -fstack-protector -D_FORTIFY_SOURCE=1 -Wl,-z,now -Wl,-z,relro -DPIC -fPIC  -I/workspaces/openwrt-radxa-rock5b-plus/openwrt/staging_dir/toolchain-aarch64_generic_gcc-14.3.0_musl/usr/include -I/workspaces/openwrt-radxa-rock5b-plus/openwrt/staging_dir/toolchain-aarch64_generic_gcc-14.3.0_musl/include -I/workspaces/openwrt-radxa-rock5b-plus/openwrt/staging_dir/toolchain-aarch64_generic_gcc-14.3.0_musl/include/fortify   -DCURL_DISABLE_NTLM " CXXFLAGS="-Os -pipe -mcpu=generic -fno-caller-saves -fno-plt -fhonour-copts   -fmacro-prefix-map=/workspaces/openwrt-radxa-rock5b-plus/openwrt/build_dir/target-aarch64_generic_musl/curl-8.15.0=curl-8.15.0 -Wformat -Werror=format-security -fstack-protector -D_FORTIFY_SOURCE=1 -Wl,-z,now -Wl,-z,relro -DPIC -fPIC  -I/workspaces/openwrt-radxa-rock5b-plus/openwrt/staging_dir/toolchain-aarch64_generic_gcc-14.3.0_musl/usr/include -I/workspaces/openwrt-radxa-rock5b-plus/openwrt/staging_dir/toolchain-aarch64_generic_gcc-14.3.0_musl/include -I/workspaces/openwrt-radxa-rock5b-plus/openwrt/staging_dir/toolchain-aarch64_generic_gcc-14.3.0_musl/include/fortify   -DCURL_DISABLE_NTLM " LDFLAGS="-L/workspaces/openwrt-radxa-rock5b-plus/openwrt/staging_dir/toolchain-aarch64_generic_gcc-14.3.0_musl/usr/lib -L/workspaces/openwrt-radxa-rock5b-plus/openwrt/staging_dir/toolchain-aarch64_generic_gcc-14.3.0_musl/lib -fuse-ld=bfd   -znow -zrelro -Wl,--gc-sections " make -C /workspaces/openwrt-radxa-rock5b-plus/openwrt/build_dir/target-aarch64_generic_musl/curl-8.15.0/. AR="aarch64-openwrt-linux-musl-gcc-ar" AS="aarch64-openwrt-linux-musl-gcc -c -Os -pipe -mcpu=generic -fno-caller-saves -fno-plt -fhonour-copts   -fmacro-prefix-map=/workspaces/openwrt-radxa-rock5b-plus/openwrt/build_dir/target-aarch64_generic_musl/curl-8.15.0=curl-8.15.0 -Wformat -Werror=format-security -fstack-protector -D_FORTIFY_SOURCE=1 -Wl,-z,now -Wl,-z,relro -DPIC -fPIC" LD="aarch64-openwrt-linux-musl-ld.bfd" NM="aarch64-openwrt-linux-musl-gcc-nm" CC="aarch64-openwrt-linux-musl-gcc" GCC="aarch64-openwrt-linux-musl-gcc" CXX="aarch64-openwrt-linux-musl-g++" RANLIB="aarch64-openwrt-linux-musl-gcc-ranlib" STRIP=aarch64-openwrt-linux-musl-strip OBJCOPY=aarch64-openwrt-linux-musl-objcopy OBJDUMP=aarch64-openwrt-linux-musl-objdump SIZE=aarch64-openwrt-linux-musl-size CROSS="aarch64-openwrt-linux-musl-" ARCH="aarch64" DESTDIR="/workspaces/openwrt-radxa-rock5b-plus/openwrt/build_dir/target-aarch64_generic_musl/curl-8.15.0/ipkg-install"   install;
mkdir -p /workspaces/openwrt-radxa-rock5b-plus/openwrt/staging_dir/target-aarch64_generic_musl/root-rockchip/stamp
make[4]: Entering directory '/workspaces/openwrt-radxa-rock5b-plus/openwrt/build_dir/target-aarch64_generic_musl/curl-8.15.0'
SHELL= flock /workspaces/openwrt-radxa-rock5b-plus/openwrt/tmp/.root-copy.flock -c 'cp -fpR /workspaces/openwrt-radxa-rock5b-plus/openwrt/build_dir/target-aarch64_generic_musl/iperf-nossl/iperf-3.19.1/.pkgdir/iperf3/. /workspaces/openwrt-radxa-rock5b-plus/openwrt/staging_dir/target-aarch64_generic_musl/root-rockchip/'
Making install in lib
make[5]: Entering directory '/workspaces/openwrt-radxa-rock5b-plus/openwrt/build_dir/target-aarch64_generic_musl/curl-8.15.0/lib'
make[6]: Entering directory '/workspaces/openwrt-radxa-rock5b-plus/openwrt/build_dir/target-aarch64_generic_musl/curl-8.15.0/lib'
 /usr/bin/mkdir -p '/workspaces/openwrt-radxa-rock5b-plus/openwrt/build_dir/target-aarch64_generic_musl/curl-8.15.0/ipkg-install/usr/lib'
 /bin/bash ../libtool   --mode=install /workspaces/openwrt-radxa-rock5b-plus/openwrt/staging_dir/host/bin/install -c   libcurl.la '/workspaces/openwrt-radxa-rock5b-plus/openwrt/build_dir/target-aarch64_generic_musl/curl-8.15.0/ipkg-install/usr/lib'
touch /workspaces/openwrt-radxa-rock5b-plus/openwrt/staging_dir/target-aarch64_generic_musl/root-rockchip/stamp/.iperf3_installed
echo "iperf3" >> /workspaces/openwrt-radxa-rock5b-plus/openwrt/staging_dir/target-aarch64_generic_musl/pkginfo/iperf3.nossl.install
mkdir -p /workspaces/openwrt-radxa-rock5b-plus/openwrt/staging_dir/target-aarch64_generic_musl/root-rockchip/stamp
SHELL= flock /workspaces/openwrt-radxa-rock5b-plus/openwrt/tmp/.root-copy.flock -c 'cp -fpR /workspaces/openwrt-radxa-rock5b-plus/openwrt/build_dir/target-aarch64_generic_musl/iperf-nossl/iperf-3.19.1/.pkgdir/libiperf3/. /workspaces/openwrt-radxa-rock5b-plus/openwrt/staging_dir/target-aarch64_generic_musl/root-rockchip/'
touch /workspaces/openwrt-radxa-rock5b-plus/openwrt/staging_dir/target-aarch64_generic_musl/root-rockchip/stamp/.libiperf3_installed
OpenWrt-libtool: install: /workspaces/openwrt-radxa-rock5b-plus/openwrt/staging_dir/host/bin/install -c .libs/libcurl.so.4.8.0 /workspaces/openwrt-radxa-rock5b-plus/openwrt/build_dir/target-aarch64_generic_musl/curl-8.15.0/ipkg-install/usr/lib/libcurl.so.4.8.0
echo "libiperf3" >> /workspaces/openwrt-radxa-rock5b-plus/openwrt/staging_dir/target-aarch64_generic_musl/pkginfo/iperf3.nossl.install
make[3]: Leaving directory '/workspaces/openwrt-radxa-rock5b-plus/openwrt/feeds/packages/net/iperf3'
time: package/feeds/packages/iperf3/nossl/compile#0.13#0.11#0.90
OpenWrt-libtool: install: (cd /workspaces/openwrt-radxa-rock5b-plus/openwrt/build_dir/target-aarch64_generic_musl/curl-8.15.0/ipkg-install/usr/lib && { ln -s -f libcurl.so.4.8.0 libcurl.so.4 || { rm -f libcurl.so.4 && ln -s libcurl.so.4.8.0 libcurl.so.4; }; })
make[3]: Entering directory '/workspaces/openwrt-radxa-rock5b-plus/openwrt/feeds/packages/utils/nano'
OpenWrt-libtool: install: (cd /workspaces/openwrt-radxa-rock5b-plus/openwrt/build_dir/target-aarch64_generic_musl/curl-8.15.0/ipkg-install/usr/lib && { ln -s -f libcurl.so.4.8.0 libcurl.so || { rm -f libcurl.so && ln -s libcurl.so.4.8.0 libcurl.so; }; })
OpenWrt-libtool: install: /workspaces/openwrt-radxa-rock5b-plus/openwrt/staging_dir/host/bin/install -c .libs/libcurl.lai /workspaces/openwrt-radxa-rock5b-plus/openwrt/build_dir/target-aarch64_generic_musl/curl-8.15.0/ipkg-install/usr/lib/libcurl.la
OpenWrt-libtool: install: /workspaces/openwrt-radxa-rock5b-plus/openwrt/staging_dir/host/bin/install -c .libs/libcurl.a /workspaces/openwrt-radxa-rock5b-plus/openwrt/build_dir/target-aarch64_generic_musl/curl-8.15.0/ipkg-install/usr/lib/libcurl.a
OpenWrt-libtool: install: chmod 644 /workspaces/openwrt-radxa-rock5b-plus/openwrt/build_dir/target-aarch64_generic_musl/curl-8.15.0/ipkg-install/usr/lib/libcurl.a
OpenWrt-libtool: install: aarch64-openwrt-linux-musl-gcc-ranlib /workspaces/openwrt-radxa-rock5b-plus/openwrt/build_dir/target-aarch64_generic_musl/curl-8.15.0/ipkg-install/usr/lib/libcurl.a
libtool: warning: remember to run 'libtool --finish /usr/lib'
make[6]: Nothing to be done for 'install-data-am'.
make[6]: Leaving directory '/workspaces/openwrt-radxa-rock5b-plus/openwrt/build_dir/target-aarch64_generic_musl/curl-8.15.0/lib'
make[5]: Leaving directory '/workspaces/openwrt-radxa-rock5b-plus/openwrt/build_dir/target-aarch64_generic_musl/curl-8.15.0/lib'
Making install in docs
make[5]: Entering directory '/workspaces/openwrt-radxa-rock5b-plus/openwrt/build_dir/target-aarch64_generic_musl/curl-8.15.0/docs'
Making install in .
make[6]: Entering directory '/workspaces/openwrt-radxa-rock5b-plus/openwrt/build_dir/target-aarch64_generic_musl/curl-8.15.0/docs'
make[7]: Entering directory '/workspaces/openwrt-radxa-rock5b-plus/openwrt/build_dir/target-aarch64_generic_musl/curl-8.15.0/docs'
make[7]: Nothing to be done for 'install-exec-am'.
make[7]: Leaving directory '/workspaces/openwrt-radxa-rock5b-plus/openwrt/build_dir/target-aarch64_generic_musl/curl-8.15.0/docs'
make[6]: Leaving directory '/workspaces/openwrt-radxa-rock5b-plus/openwrt/build_dir/target-aarch64_generic_musl/curl-8.15.0/docs'
Making install in cmdline-opts
make[6]: Entering directory '/workspaces/openwrt-radxa-rock5b-plus/openwrt/build_dir/target-aarch64_generic_musl/curl-8.15.0/docs/cmdline-opts'
make[7]: Entering directory '/workspaces/openwrt-radxa-rock5b-plus/openwrt/build_dir/target-aarch64_generic_musl/curl-8.15.0/docs/cmdline-opts'
make[7]: Nothing to be done for 'install-exec-am'.
make[7]: Leaving directory '/workspaces/openwrt-radxa-rock5b-plus/openwrt/build_dir/target-aarch64_generic_musl/curl-8.15.0/docs/cmdline-opts'
make[6]: Leaving directory '/workspaces/openwrt-radxa-rock5b-plus/openwrt/build_dir/target-aarch64_generic_musl/curl-8.15.0/docs/cmdline-opts'
Making install in libcurl
make[6]: Entering directory '/workspaces/openwrt-radxa-rock5b-plus/openwrt/build_dir/target-aarch64_generic_musl/curl-8.15.0/docs/libcurl'
Making install in opts
make[7]: Entering directory '/workspaces/openwrt-radxa-rock5b-plus/openwrt/build_dir/target-aarch64_generic_musl/curl-8.15.0/docs/libcurl/opts'
make[8]: Entering directory '/workspaces/openwrt-radxa-rock5b-plus/openwrt/build_dir/target-aarch64_generic_musl/curl-8.15.0/docs/libcurl/opts'
make[8]: Nothing to be done for 'install-exec-am'.
make[8]: Leaving directory '/workspaces/openwrt-radxa-rock5b-plus/openwrt/build_dir/target-aarch64_generic_musl/curl-8.15.0/docs/libcurl/opts'
make[7]: Leaving directory '/workspaces/openwrt-radxa-rock5b-plus/openwrt/build_dir/target-aarch64_generic_musl/curl-8.15.0/docs/libcurl/opts'
make[7]: Entering directory '/workspaces/openwrt-radxa-rock5b-plus/openwrt/build_dir/target-aarch64_generic_musl/curl-8.15.0/docs/libcurl'
make[8]: Entering directory '/workspaces/openwrt-radxa-rock5b-plus/openwrt/build_dir/target-aarch64_generic_musl/curl-8.15.0/docs/libcurl'
make[8]: Nothing to be done for 'install-exec-am'.
 /usr/bin/mkdir -p '/workspaces/openwrt-radxa-rock5b-plus/openwrt/build_dir/target-aarch64_generic_musl/curl-8.15.0/ipkg-install/usr/share/aclocal'
 /workspaces/openwrt-radxa-rock5b-plus/openwrt/staging_dir/host/bin/install -c -m 644 libcurl.m4 '/workspaces/openwrt-radxa-rock5b-plus/openwrt/build_dir/target-aarch64_generic_musl/curl-8.15.0/ipkg-install/usr/share/aclocal'
make[8]: Leaving directory '/workspaces/openwrt-radxa-rock5b-plus/openwrt/build_dir/target-aarch64_generic_musl/curl-8.15.0/docs/libcurl'
make[7]: Leaving directory '/workspaces/openwrt-radxa-rock5b-plus/openwrt/build_dir/target-aarch64_generic_musl/curl-8.15.0/docs/libcurl'
make[6]: Leaving directory '/workspaces/openwrt-radxa-rock5b-plus/openwrt/build_dir/target-aarch64_generic_musl/curl-8.15.0/docs/libcurl'
make[5]: Leaving directory '/workspaces/openwrt-radxa-rock5b-plus/openwrt/build_dir/target-aarch64_generic_musl/curl-8.15.0/docs'
Making install in src
make[5]: Entering directory '/workspaces/openwrt-radxa-rock5b-plus/openwrt/build_dir/target-aarch64_generic_musl/curl-8.15.0/src'
make[6]: Entering directory '/workspaces/openwrt-radxa-rock5b-plus/openwrt/build_dir/target-aarch64_generic_musl/curl-8.15.0/src'
 /usr/bin/mkdir -p '/workspaces/openwrt-radxa-rock5b-plus/openwrt/build_dir/target-aarch64_generic_musl/curl-8.15.0/ipkg-install/usr/bin'
  /bin/bash ../libtool   --mode=install /workspaces/openwrt-radxa-rock5b-plus/openwrt/staging_dir/host/bin/install -c curl '/workspaces/openwrt-radxa-rock5b-plus/openwrt/build_dir/target-aarch64_generic_musl/curl-8.15.0/ipkg-install/usr/bin'
libtool: warning: '../lib/libcurl.la' has not been installed in '/usr/lib'
mkdir -p /workspaces/openwrt-radxa-rock5b-plus/openwrt/staging_dir/target-aarch64_generic_musl/root-rockchip/stamp
OpenWrt-libtool: install: /workspaces/openwrt-radxa-rock5b-plus/openwrt/staging_dir/host/bin/install -c .libs/curl /workspaces/openwrt-radxa-rock5b-plus/openwrt/build_dir/target-aarch64_generic_musl/curl-8.15.0/ipkg-install/usr/bin/curl
SHELL= flock /workspaces/openwrt-radxa-rock5b-plus/openwrt/tmp/.root-copy.flock -c 'cp -fpR /workspaces/openwrt-radxa-rock5b-plus/openwrt/build_dir/target-aarch64_generic_musl/nano-tiny/nano-8.6/.pkgdir/nano/. /workspaces/openwrt-radxa-rock5b-plus/openwrt/staging_dir/target-aarch64_generic_musl/root-rockchip/'
make[6]: Nothing to be done for 'install-data-am'.
make[6]: Leaving directory '/workspaces/openwrt-radxa-rock5b-plus/openwrt/build_dir/target-aarch64_generic_musl/curl-8.15.0/src'
make[5]: Leaving directory '/workspaces/openwrt-radxa-rock5b-plus/openwrt/build_dir/target-aarch64_generic_musl/curl-8.15.0/src'
Making install in scripts
touch /workspaces/openwrt-radxa-rock5b-plus/openwrt/staging_dir/target-aarch64_generic_musl/root-rockchip/stamp/.nano_installed
make[5]: Entering directory '/workspaces/openwrt-radxa-rock5b-plus/openwrt/build_dir/target-aarch64_generic_musl/curl-8.15.0/scripts'
make[6]: Entering directory '/workspaces/openwrt-radxa-rock5b-plus/openwrt/build_dir/target-aarch64_generic_musl/curl-8.15.0/scripts'
 /usr/bin/mkdir -p '/workspaces/openwrt-radxa-rock5b-plus/openwrt/build_dir/target-aarch64_generic_musl/curl-8.15.0/ipkg-install/usr/bin'
 /workspaces/openwrt-radxa-rock5b-plus/openwrt/staging_dir/host/bin/install -c wcurl '/workspaces/openwrt-radxa-rock5b-plus/openwrt/build_dir/target-aarch64_generic_musl/curl-8.15.0/ipkg-install/usr/bin'
echo "nano" >> /workspaces/openwrt-radxa-rock5b-plus/openwrt/staging_dir/target-aarch64_generic_musl/pkginfo/nano.tiny.install
make[3]: Leaving directory '/workspaces/openwrt-radxa-rock5b-plus/openwrt/feeds/packages/utils/nano'
time: package/feeds/packages/nano/tiny/compile#0.14#0.11#0.75
make[6]: Nothing to be done for 'install-data-am'.
make[6]: Leaving directory '/workspaces/openwrt-radxa-rock5b-plus/openwrt/build_dir/target-aarch64_generic_musl/curl-8.15.0/scripts'
make[5]: Leaving directory '/workspaces/openwrt-radxa-rock5b-plus/openwrt/build_dir/target-aarch64_generic_musl/curl-8.15.0/scripts'
make[3]: Entering directory '/workspaces/openwrt-radxa-rock5b-plus/openwrt/feeds/packages/libs/libudev-zero'
make[5]: Entering directory '/workspaces/openwrt-radxa-rock5b-plus/openwrt/build_dir/target-aarch64_generic_musl/curl-8.15.0'
make[6]: Entering directory '/workspaces/openwrt-radxa-rock5b-plus/openwrt/build_dir/target-aarch64_generic_musl/curl-8.15.0'
 /usr/bin/mkdir -p '/workspaces/openwrt-radxa-rock5b-plus/openwrt/build_dir/target-aarch64_generic_musl/curl-8.15.0/ipkg-install/usr/bin'
 /workspaces/openwrt-radxa-rock5b-plus/openwrt/staging_dir/host/bin/install -c curl-config '/workspaces/openwrt-radxa-rock5b-plus/openwrt/build_dir/target-aarch64_generic_musl/curl-8.15.0/ipkg-install/usr/bin'
 /usr/bin/mkdir -p '/workspaces/openwrt-radxa-rock5b-plus/openwrt/build_dir/target-aarch64_generic_musl/curl-8.15.0/ipkg-install/usr/lib/pkgconfig'
 /workspaces/openwrt-radxa-rock5b-plus/openwrt/staging_dir/host/bin/install -c -m 644 libcurl.pc '/workspaces/openwrt-radxa-rock5b-plus/openwrt/build_dir/target-aarch64_generic_musl/curl-8.15.0/ipkg-install/usr/lib/pkgconfig'
make  install-data-hook
make[7]: Entering directory '/workspaces/openwrt-radxa-rock5b-plus/openwrt/build_dir/target-aarch64_generic_musl/curl-8.15.0'
(cd include && make install)
make[8]: Entering directory '/workspaces/openwrt-radxa-rock5b-plus/openwrt/build_dir/target-aarch64_generic_musl/curl-8.15.0/include'
Making install in curl
make[9]: Entering directory '/workspaces/openwrt-radxa-rock5b-plus/openwrt/build_dir/target-aarch64_generic_musl/curl-8.15.0/include/curl'
make[10]: Entering directory '/workspaces/openwrt-radxa-rock5b-plus/openwrt/build_dir/target-aarch64_generic_musl/curl-8.15.0/include/curl'
make[10]: Nothing to be done for 'install-exec-am'.
 /usr/bin/mkdir -p '/workspaces/openwrt-radxa-rock5b-plus/openwrt/build_dir/target-aarch64_generic_musl/curl-8.15.0/ipkg-install/usr/include/curl'
 /workspaces/openwrt-radxa-rock5b-plus/openwrt/staging_dir/host/bin/install -c -m 644 curl.h curlver.h easy.h mprintf.h stdcheaders.h multi.h typecheck-gcc.h system.h urlapi.h options.h header.h websockets.h '/workspaces/openwrt-radxa-rock5b-plus/openwrt/build_dir/target-aarch64_generic_musl/curl-8.15.0/ipkg-install/usr/include/curl'
make[10]: Leaving directory '/workspaces/openwrt-radxa-rock5b-plus/openwrt/build_dir/target-aarch64_generic_musl/curl-8.15.0/include/curl'
make[9]: Leaving directory '/workspaces/openwrt-radxa-rock5b-plus/openwrt/build_dir/target-aarch64_generic_musl/curl-8.15.0/include/curl'
make[9]: Entering directory '/workspaces/openwrt-radxa-rock5b-plus/openwrt/build_dir/target-aarch64_generic_musl/curl-8.15.0/include'
make[3]: Leaving directory '/workspaces/openwrt-radxa-rock5b-plus/openwrt/feeds/packages/libs/libudev-zero'
time: package/feeds/packages/libudev-zero/compile#0.09#0.09#0.52
make[10]: Entering directory '/workspaces/openwrt-radxa-rock5b-plus/openwrt/build_dir/target-aarch64_generic_musl/curl-8.15.0/include'
make[10]: Nothing to be done for 'install-exec-am'.
make[10]: Nothing to be done for 'install-data-am'.
make[10]: Leaving directory '/workspaces/openwrt-radxa-rock5b-plus/openwrt/build_dir/target-aarch64_generic_musl/curl-8.15.0/include'
make[9]: Leaving directory '/workspaces/openwrt-radxa-rock5b-plus/openwrt/build_dir/target-aarch64_generic_musl/curl-8.15.0/include'
make[8]: Leaving directory '/workspaces/openwrt-radxa-rock5b-plus/openwrt/build_dir/target-aarch64_generic_musl/curl-8.15.0/include'
make[7]: Leaving directory '/workspaces/openwrt-radxa-rock5b-plus/openwrt/build_dir/target-aarch64_generic_musl/curl-8.15.0'
make[6]: Leaving directory '/workspaces/openwrt-radxa-rock5b-plus/openwrt/build_dir/target-aarch64_generic_musl/curl-8.15.0'
make[5]: Leaving directory '/workspaces/openwrt-radxa-rock5b-plus/openwrt/build_dir/target-aarch64_generic_musl/curl-8.15.0'
make[4]: Leaving directory '/workspaces/openwrt-radxa-rock5b-plus/openwrt/build_dir/target-aarch64_generic_musl/curl-8.15.0'
touch /workspaces/openwrt-radxa-rock5b-plus/openwrt/build_dir/target-aarch64_generic_musl/curl-8.15.0/.built
make[3]: Entering directory '/workspaces/openwrt-radxa-rock5b-plus/openwrt/feeds/packages/net/wget'
rm -rf /workspaces/openwrt-radxa-rock5b-plus/openwrt/build_dir/target-aarch64_generic_musl/curl-8.15.0/.pkgdir/libcurl.installed /workspaces/openwrt-radxa-rock5b-plus/openwrt/build_dir/target-aarch64_generic_musl/curl-8.15.0/.pkgdir/libcurl
mkdir -p /workspaces/openwrt-radxa-rock5b-plus/openwrt/build_dir/target-aarch64_generic_musl/curl-8.15.0/.pkgdir/libcurl
install -d -m0755 /workspaces/openwrt-radxa-rock5b-plus/openwrt/build_dir/target-aarch64_generic_musl/curl-8.15.0/.pkgdir/libcurl/usr/lib
cp -fpR /workspaces/openwrt-radxa-rock5b-plus/openwrt/build_dir/target-aarch64_generic_musl/curl-8.15.0/ipkg-install/usr/lib/libcurl.so.* /workspaces/openwrt-radxa-rock5b-plus/openwrt/build_dir/target-aarch64_generic_musl/curl-8.15.0/.pkgdir/libcurl/usr/lib/
touch /workspaces/openwrt-radxa-rock5b-plus/openwrt/build_dir/target-aarch64_generic_musl/curl-8.15.0/.pkgdir/libcurl.installed
mkdir -p /workspaces/openwrt-radxa-rock5b-plus/openwrt/staging_dir/target-aarch64_generic_musl/root-rockchip/stamp
echo '4' | cmp -s - /workspaces/openwrt-radxa-rock5b-plus/openwrt/staging_dir/target-aarch64_generic_musl/pkginfo/libcurl.version || { echo '4' > /workspaces/openwrt-radxa-rock5b-plus/openwrt/staging_dir/target-aarch64_generic_musl/pkginfo/libcurl.version;  } 
SHELL= flock /workspaces/openwrt-radxa-rock5b-plus/openwrt/tmp/.root-copy.flock -c 'cp -fpR /workspaces/openwrt-radxa-rock5b-plus/openwrt/build_dir/target-aarch64_generic_musl/curl-8.15.0/.pkgdir/libcurl/. /workspaces/openwrt-radxa-rock5b-plus/openwrt/staging_dir/target-aarch64_generic_musl/root-rockchip/'
touch /workspaces/openwrt-radxa-rock5b-plus/openwrt/staging_dir/target-aarch64_generic_musl/root-rockchip/stamp/.libcurl_installed
rm -rf /workspaces/openwrt-radxa-rock5b-plus/openwrt/build_dir/target-aarch64_generic_musl/curl-8.15.0/ipkg-aarch64_generic/libcurl
/workspaces/openwrt-radxa-rock5b-plus/openwrt/scripts/ipkg-remove libcurl /workspaces/openwrt-radxa-rock5b-plus/openwrt/bin/packages/aarch64_generic/packages/libcurl4-8.15.0-r1.apk
removed '/workspaces/openwrt-radxa-rock5b-plus/openwrt/bin/packages/aarch64_generic/packages/libcurl4-8.15.0-r1.apk'
mkdir -p /workspaces/openwrt-radxa-rock5b-plus/openwrt/bin/targets/rockchip/armv8/packages /workspaces/openwrt-radxa-rock5b-plus/openwrt/build_dir/target-aarch64_generic_musl/curl-8.15.0/ipkg-aarch64_generic/libcurl /workspaces/openwrt-radxa-rock5b-plus/openwrt/staging_dir/target-aarch64_generic_musl/pkginfo
install -d -m0755 /workspaces/openwrt-radxa-rock5b-plus/openwrt/build_dir/target-aarch64_generic_musl/curl-8.15.0/ipkg-aarch64_generic/libcurl/usr/lib
cp -fpR /workspaces/openwrt-radxa-rock5b-plus/openwrt/build_dir/target-aarch64_generic_musl/curl-8.15.0/ipkg-install/usr/lib/libcurl.so.* /workspaces/openwrt-radxa-rock5b-plus/openwrt/build_dir/target-aarch64_generic_musl/curl-8.15.0/ipkg-aarch64_generic/libcurl/usr/lib/
find /workspaces/openwrt-radxa-rock5b-plus/openwrt/build_dir/target-aarch64_generic_musl/curl-8.15.0/ipkg-aarch64_generic/libcurl -name 'CVS' -o -name '.svn' -o -name '.#*' -o -name '*~'| xargs -r rm -rf
export CROSS="aarch64-openwrt-linux-musl-"  NO_RENAME=1 ; NM="aarch64-openwrt-linux-musl-nm" STRIP="/workspaces/openwrt-radxa-rock5b-plus/openwrt/staging_dir/host/bin/sstrip -z" STRIP_KMOD="/workspaces/openwrt-radxa-rock5b-plus/openwrt/scripts/strip-kmod.sh" PATCHELF="/workspaces/openwrt-radxa-rock5b-plus/openwrt/staging_dir/host/bin/patchelf" /workspaces/openwrt-radxa-rock5b-plus/openwrt/scripts/rstrip.sh /workspaces/openwrt-radxa-rock5b-plus/openwrt/build_dir/target-aarch64_generic_musl/curl-8.15.0/ipkg-aarch64_generic/libcurl
rstrip.sh: /workspaces/openwrt-radxa-rock5b-plus/openwrt/build_dir/target-aarch64_generic_musl/curl-8.15.0/ipkg-aarch64_generic/libcurl/usr/lib/libcurl.so.4.8.0: shared object
install -d -m0755 /workspaces/openwrt-radxa-rock5b-plus/openwrt/bin/packages/aarch64_generic/packages/tmp
mkdir -p /workspaces/openwrt-radxa-rock5b-plus/openwrt/build_dir/target-aarch64_generic_musl/curl-8.15.0/apk-aarch64_generic/libcurl/
mkdir -p /workspaces/openwrt-radxa-rock5b-plus/openwrt/build_dir/target-aarch64_generic_musl/curl-8.15.0/ipkg-aarch64_generic/libcurl/lib/apk/packages/
(cd /workspaces/openwrt-radxa-rock5b-plus/openwrt/build_dir/target-aarch64_generic_musl/curl-8.15.0/apk-aarch64_generic/libcurl; )
( echo "#!/bin/sh"; echo "[ \"\${IPKG_NO_SCRIPT}\" = \"1\" ] && exit 0"; echo "[ -s "\${IPKG_INSTROOT}/lib/functions.sh" ] || exit 0"; echo ". \${IPKG_INSTROOT}/lib/functions.sh"; echo 'export root="${IPKG_INSTROOT}"'; echo 'export pkgname="libcurl"'; echo "add_group_and_user"; echo "default_postinst"; [ ! -f /workspaces/openwrt-radxa-rock5b-plus/openwrt/build_dir/target-aarch64_generic_musl/curl-8.15.0/apk-aarch64_generic/libcurl/postinst-pkg ] || sed -z 's/^\s*#!/#!/' "/workspaces/openwrt-radxa-rock5b-plus/openwrt/build_dir/target-aarch64_generic_musl/curl-8.15.0/apk-aarch64_generic/libcurl/postinst-pkg"; ) > /workspaces/openwrt-radxa-rock5b-plus/openwrt/build_dir/target-aarch64_generic_musl/curl-8.15.0/apk-aarch64_generic/libcurl/post-install;
( echo "#!/bin/sh"; echo 'export PKG_UPGRADE=1'; [ ! -f /workspaces/openwrt-radxa-rock5b-plus/openwrt/build_dir/target-aarch64_generic_musl/curl-8.15.0/apk-aarch64_generic/libcurl/post-install ] || sed -z 's/^\s*#!/#!/' "/workspaces/openwrt-radxa-rock5b-plus/openwrt/build_dir/target-aarch64_generic_musl/curl-8.15.0/apk-aarch64_generic/libcurl/post-install"; ) > /workspaces/openwrt-radxa-rock5b-plus/openwrt/build_dir/target-aarch64_generic_musl/curl-8.15.0/apk-aarch64_generic/libcurl/post-upgrade;
( echo "#!/bin/sh"; echo "[ -s "\${IPKG_INSTROOT}/lib/functions.sh" ] || exit 0"; echo ". \${IPKG_INSTROOT}/lib/functions.sh"; echo 'export root="${IPKG_INSTROOT}"'; echo 'export pkgname="libcurl"'; echo "default_prerm"; [ ! -f /workspaces/openwrt-radxa-rock5b-plus/openwrt/build_dir/target-aarch64_generic_musl/curl-8.15.0/apk-aarch64_generic/libcurl/prerm-pkg ] || sed -z 's/^\s*#!/#!/' "/workspaces/openwrt-radxa-rock5b-plus/openwrt/build_dir/target-aarch64_generic_musl/curl-8.15.0/apk-aarch64_generic/libcurl/prerm-pkg"; ) > /workspaces/openwrt-radxa-rock5b-plus/openwrt/build_dir/target-aarch64_generic_musl/curl-8.15.0/apk-aarch64_generic/libcurl/pre-deinstall;
[ ! -f /workspaces/openwrt-radxa-rock5b-plus/openwrt/build_dir/target-aarch64_generic_musl/curl-8.15.0/apk-aarch64_generic/libcurl/postrm ] || sed -zi 's/^\s*#!/#!/' "/workspaces/openwrt-radxa-rock5b-plus/openwrt/build_dir/target-aarch64_generic_musl/curl-8.15.0/apk-aarch64_generic/libcurl/postrm";
if [ -n "" ]; then echo  > /workspaces/openwrt-radxa-rock5b-plus/openwrt/build_dir/target-aarch64_generic_musl/curl-8.15.0/ipkg-aarch64_generic/libcurl/lib/apk/packages/libcurl.rusers; fi;
if [ -n "" ]; then echo  > /workspaces/openwrt-radxa-rock5b-plus/openwrt/build_dir/target-aarch64_generic_musl/curl-8.15.0/ipkg-aarch64_generic/libcurl/lib/apk/packages/libcurl.alternatives; fi;
(cd /workspaces/openwrt-radxa-rock5b-plus/openwrt/build_dir/target-aarch64_generic_musl/curl-8.15.0/ipkg-aarch64_generic/libcurl && find . -type f,l -printf "/%P\n" | sort > /workspaces/openwrt-radxa-rock5b-plus/openwrt/tmp/libcurl.list && mv /workspaces/openwrt-radxa-rock5b-plus/openwrt/tmp/libcurl.list /workspaces/openwrt-radxa-rock5b-plus/openwrt/build_dir/target-aarch64_generic_musl/curl-8.15.0/ipkg-aarch64_generic/libcurl/lib/apk/packages/libcurl.list)
# Move conffiles to IDIR and build conffiles_static with csums
if [ -f /workspaces/openwrt-radxa-rock5b-plus/openwrt/build_dir/target-aarch64_generic_musl/curl-8.15.0/apk-aarch64_generic/libcurl/conffiles ]; then mv -f /workspaces/openwrt-radxa-rock5b-plus/openwrt/build_dir/target-aarch64_generic_musl/curl-8.15.0/apk-aarch64_generic/libcurl/conffiles /workspaces/openwrt-radxa-rock5b-plus/openwrt/build_dir/target-aarch64_generic_musl/curl-8.15.0/ipkg-aarch64_generic/libcurl/lib/apk/packages/libcurl.conffiles; for file in $(cat /workspaces/openwrt-radxa-rock5b-plus/openwrt/build_dir/target-aarch64_generic_musl/curl-8.15.0/ipkg-aarch64_generic/libcurl/lib/apk/packages/libcurl.conffiles); do [ -f /workspaces/openwrt-radxa-rock5b-plus/openwrt/build_dir/target-aarch64_generic_musl/curl-8.15.0/ipkg-aarch64_generic/libcurl/$file ] || continue; csum=$(/workspaces/openwrt-radxa-rock5b-plus/openwrt/staging_dir/host/bin/mkhash sha256 /workspaces/openwrt-radxa-rock5b-plus/openwrt/build_dir/target-aarch64_generic_musl/curl-8.15.0/ipkg-aarch64_generic/libcurl/$file); echo $file $csum >> /workspaces/openwrt-radxa-rock5b-plus/openwrt/build_dir/target-aarch64_generic_musl/curl-8.15.0/ipkg-aarch64_generic/libcurl/lib/apk/packages/libcurl.conffiles_static; done; fi
# Some package (base-files) manually append stuff to conffiles
# Append stuff from it and delete the CONTROL directory since everything else should be migrated
if [ -f /workspaces/openwrt-radxa-rock5b-plus/openwrt/build_dir/target-aarch64_generic_musl/curl-8.15.0/ipkg-aarch64_generic/libcurl/CONTROL/conffiles ]; then echo $(IDIR_libcurl)/CONTROL/conffiles >> /workspaces/openwrt-radxa-rock5b-plus/openwrt/build_dir/target-aarch64_generic_musl/curl-8.15.0/ipkg-aarch64_generic/libcurl/lib/apk/packages/libcurl.conffiles; for file in $(cat /workspaces/openwrt-radxa-rock5b-plus/openwrt/build_dir/target-aarch64_generic_musl/curl-8.15.0/ipkg-aarch64_generic/libcurl/CONTROL/conffiles); do [ -f /workspaces/openwrt-radxa-rock5b-plus/openwrt/build_dir/target-aarch64_generic_musl/curl-8.15.0/ipkg-aarch64_generic/libcurl/$file ] || continue; csum=$(/workspaces/openwrt-radxa-rock5b-plus/openwrt/staging_dir/host/bin/mkhash sha256 /workspaces/openwrt-radxa-rock5b-plus/openwrt/build_dir/target-aarch64_generic_musl/curl-8.15.0/ipkg-aarch64_generic/libcurl/$file); echo $file $csum >> /workspaces/openwrt-radxa-rock5b-plus/openwrt/build_dir/target-aarch64_generic_musl/curl-8.15.0/ipkg-aarch64_generic/libcurl/lib/apk/packages/libcurl.conffiles_static; done; rm -rf /workspaces/openwrt-radxa-rock5b-plus/openwrt/build_dir/target-aarch64_generic_musl/curl-8.15.0/ipkg-aarch64_generic/libcurl/CONTROL/conffiles; fi
if [ -z "$(ls -A /workspaces/openwrt-radxa-rock5b-plus/openwrt/build_dir/target-aarch64_generic_musl/curl-8.15.0/ipkg-aarch64_generic/libcurl/CONTROL 2>/dev/null)" ]; then rm -rf /workspaces/openwrt-radxa-rock5b-plus/openwrt/build_dir/target-aarch64_generic_musl/curl-8.15.0/ipkg-aarch64_generic/libcurl/CONTROL; else echo "CONTROL directory /workspaces/openwrt-radxa-rock5b-plus/openwrt/build_dir/target-aarch64_generic_musl/curl-8.15.0/ipkg-aarch64_generic/libcurl/CONTROL is not empty! This is not right and should be checked!" >&2; exit 1; fi
/workspaces/openwrt-radxa-rock5b-plus/openwrt/staging_dir/host/bin/fakeroot /workspaces/openwrt-radxa-rock5b-plus/openwrt/staging_dir/host/bin/apk mkpkg --info "name:libcurl4" --info "version:8.15.0-r1" --info "tags:openwrt:abiversion=4" --info "description:A client-side URL transfer library" --info "arch:aarch64_generic" --info "license:MIT" --info "origin:feeds/packages/net/curl" --info "url:https://curl.se/" --info "maintainer:Aleksey Vasilenko <aleksey.vasilenko@gmail.com>" --info "provides: libcurl=8.15.0-r1 "  --script "post-install:/workspaces/openwrt-radxa-rock5b-plus/openwrt/build_dir/target-aarch64_generic_musl/curl-8.15.0/apk-aarch64_generic/libcurl/post-install" --script "post-upgrade:/workspaces/openwrt-radxa-rock5b-plus/openwrt/build_dir/target-aarch64_generic_musl/curl-8.15.0/apk-aarch64_generic/libcurl/post-upgrade" --script "pre-deinstall:/workspaces/openwrt-radxa-rock5b-plus/openwrt/build_dir/target-aarch64_generic_musl/curl-8.15.0/apk-aarch64_generic/libcurl/pre-deinstall" --info "depends:libc libmbedtls21 libnghttp2-14 ca-bundle" --files "/workspaces/openwrt-radxa-rock5b-plus/openwrt/build_dir/target-aarch64_generic_musl/curl-8.15.0/ipkg-aarch64_generic/libcurl" --output "/workspaces/openwrt-radxa-rock5b-plus/openwrt/bin/packages/aarch64_generic/packages/libcurl4-8.15.0-r1.apk" --sign "/workspaces/openwrt-radxa-rock5b-plus/openwrt/private-key.pem"
rm -rf /workspaces/openwrt-radxa-rock5b-plus/openwrt/build_dir/target-aarch64_generic_musl/curl-8.15.0/ipkg-aarch64_generic/curl
/workspaces/openwrt-radxa-rock5b-plus/openwrt/scripts/ipkg-remove curl /workspaces/openwrt-radxa-rock5b-plus/openwrt/bin/packages/aarch64_generic/packages/curl-8.15.0-r1.apk
removed '/workspaces/openwrt-radxa-rock5b-plus/openwrt/bin/packages/aarch64_generic/packages/curl-8.15.0-r1.apk'
mkdir -p /workspaces/openwrt-radxa-rock5b-plus/openwrt/bin/targets/rockchip/armv8/packages /workspaces/openwrt-radxa-rock5b-plus/openwrt/build_dir/target-aarch64_generic_musl/curl-8.15.0/ipkg-aarch64_generic/curl /workspaces/openwrt-radxa-rock5b-plus/openwrt/staging_dir/target-aarch64_generic_musl/pkginfo
install -d -m0755 /workspaces/openwrt-radxa-rock5b-plus/openwrt/build_dir/target-aarch64_generic_musl/curl-8.15.0/ipkg-aarch64_generic/curl/usr/bin
install -m0755 /workspaces/openwrt-radxa-rock5b-plus/openwrt/build_dir/target-aarch64_generic_musl/curl-8.15.0/ipkg-install/usr/bin/curl /workspaces/openwrt-radxa-rock5b-plus/openwrt/build_dir/target-aarch64_generic_musl/curl-8.15.0/ipkg-aarch64_generic/curl/usr/bin/
find /workspaces/openwrt-radxa-rock5b-plus/openwrt/build_dir/target-aarch64_generic_musl/curl-8.15.0/ipkg-aarch64_generic/curl -name 'CVS' -o -name '.svn' -o -name '.#*' -o -name '*~'| xargs -r rm -rf
export CROSS="aarch64-openwrt-linux-musl-"  NO_RENAME=1 ; NM="aarch64-openwrt-linux-musl-nm" STRIP="/workspaces/openwrt-radxa-rock5b-plus/openwrt/staging_dir/host/bin/sstrip -z" STRIP_KMOD="/workspaces/openwrt-radxa-rock5b-plus/openwrt/scripts/strip-kmod.sh" PATCHELF="/workspaces/openwrt-radxa-rock5b-plus/openwrt/staging_dir/host/bin/patchelf" /workspaces/openwrt-radxa-rock5b-plus/openwrt/scripts/rstrip.sh /workspaces/openwrt-radxa-rock5b-plus/openwrt/build_dir/target-aarch64_generic_musl/curl-8.15.0/ipkg-aarch64_generic/curl
rstrip.sh: /workspaces/openwrt-radxa-rock5b-plus/openwrt/build_dir/target-aarch64_generic_musl/curl-8.15.0/ipkg-aarch64_generic/curl/usr/bin/curl: executable
install -d -m0755 /workspaces/openwrt-radxa-rock5b-plus/openwrt/bin/packages/aarch64_generic/packages/tmp
mkdir -p /workspaces/openwrt-radxa-rock5b-plus/openwrt/build_dir/target-aarch64_generic_musl/curl-8.15.0/apk-aarch64_generic/curl/
mkdir -p /workspaces/openwrt-radxa-rock5b-plus/openwrt/build_dir/target-aarch64_generic_musl/curl-8.15.0/ipkg-aarch64_generic/curl/lib/apk/packages/
(cd /workspaces/openwrt-radxa-rock5b-plus/openwrt/build_dir/target-aarch64_generic_musl/curl-8.15.0/apk-aarch64_generic/curl; )
( echo "#!/bin/sh"; echo "[ \"\${IPKG_NO_SCRIPT}\" = \"1\" ] && exit 0"; echo "[ -s "\${IPKG_INSTROOT}/lib/functions.sh" ] || exit 0"; echo ". \${IPKG_INSTROOT}/lib/functions.sh"; echo 'export root="${IPKG_INSTROOT}"'; echo 'export pkgname="curl"'; echo "add_group_and_user"; echo "default_postinst"; [ ! -f /workspaces/openwrt-radxa-rock5b-plus/openwrt/build_dir/target-aarch64_generic_musl/curl-8.15.0/apk-aarch64_generic/curl/postinst-pkg ] || sed -z 's/^\s*#!/#!/' "/workspaces/openwrt-radxa-rock5b-plus/openwrt/build_dir/target-aarch64_generic_musl/curl-8.15.0/apk-aarch64_generic/curl/postinst-pkg"; ) > /workspaces/openwrt-radxa-rock5b-plus/openwrt/build_dir/target-aarch64_generic_musl/curl-8.15.0/apk-aarch64_generic/curl/post-install;
( echo "#!/bin/sh"; echo 'export PKG_UPGRADE=1'; [ ! -f /workspaces/openwrt-radxa-rock5b-plus/openwrt/build_dir/target-aarch64_generic_musl/curl-8.15.0/apk-aarch64_generic/curl/post-install ] || sed -z 's/^\s*#!/#!/' "/workspaces/openwrt-radxa-rock5b-plus/openwrt/build_dir/target-aarch64_generic_musl/curl-8.15.0/apk-aarch64_generic/curl/post-install"; ) > /workspaces/openwrt-radxa-rock5b-plus/openwrt/build_dir/target-aarch64_generic_musl/curl-8.15.0/apk-aarch64_generic/curl/post-upgrade;
( echo "#!/bin/sh"; echo "[ -s "\${IPKG_INSTROOT}/lib/functions.sh" ] || exit 0"; echo ". \${IPKG_INSTROOT}/lib/functions.sh"; echo 'export root="${IPKG_INSTROOT}"'; echo 'export pkgname="curl"'; echo "default_prerm"; [ ! -f /workspaces/openwrt-radxa-rock5b-plus/openwrt/build_dir/target-aarch64_generic_musl/curl-8.15.0/apk-aarch64_generic/curl/prerm-pkg ] || sed -z 's/^\s*#!/#!/' "/workspaces/openwrt-radxa-rock5b-plus/openwrt/build_dir/target-aarch64_generic_musl/curl-8.15.0/apk-aarch64_generic/curl/prerm-pkg"; ) > /workspaces/openwrt-radxa-rock5b-plus/openwrt/build_dir/target-aarch64_generic_musl/curl-8.15.0/apk-aarch64_generic/curl/pre-deinstall;
[ ! -f /workspaces/openwrt-radxa-rock5b-plus/openwrt/build_dir/target-aarch64_generic_musl/curl-8.15.0/apk-aarch64_generic/curl/postrm ] || sed -zi 's/^\s*#!/#!/' "/workspaces/openwrt-radxa-rock5b-plus/openwrt/build_dir/target-aarch64_generic_musl/curl-8.15.0/apk-aarch64_generic/curl/postrm";
if [ -n "" ]; then echo  > /workspaces/openwrt-radxa-rock5b-plus/openwrt/build_dir/target-aarch64_generic_musl/curl-8.15.0/ipkg-aarch64_generic/curl/lib/apk/packages/curl.rusers; fi;
if [ -n "" ]; then echo  > /workspaces/openwrt-radxa-rock5b-plus/openwrt/build_dir/target-aarch64_generic_musl/curl-8.15.0/ipkg-aarch64_generic/curl/lib/apk/packages/curl.alternatives; fi;
(cd /workspaces/openwrt-radxa-rock5b-plus/openwrt/build_dir/target-aarch64_generic_musl/curl-8.15.0/ipkg-aarch64_generic/curl && find . -type f,l -printf "/%P\n" | sort > /workspaces/openwrt-radxa-rock5b-plus/openwrt/tmp/curl.list && mv /workspaces/openwrt-radxa-rock5b-plus/openwrt/tmp/curl.list /workspaces/openwrt-radxa-rock5b-plus/openwrt/build_dir/target-aarch64_generic_musl/curl-8.15.0/ipkg-aarch64_generic/curl/lib/apk/packages/curl.list)
# Move conffiles to IDIR and build conffiles_static with csums
if [ -f /workspaces/openwrt-radxa-rock5b-plus/openwrt/build_dir/target-aarch64_generic_musl/curl-8.15.0/apk-aarch64_generic/curl/conffiles ]; then mv -f /workspaces/openwrt-radxa-rock5b-plus/openwrt/build_dir/target-aarch64_generic_musl/curl-8.15.0/apk-aarch64_generic/curl/conffiles /workspaces/openwrt-radxa-rock5b-plus/openwrt/build_dir/target-aarch64_generic_musl/curl-8.15.0/ipkg-aarch64_generic/curl/lib/apk/packages/curl.conffiles; for file in $(cat /workspaces/openwrt-radxa-rock5b-plus/openwrt/build_dir/target-aarch64_generic_musl/curl-8.15.0/ipkg-aarch64_generic/curl/lib/apk/packages/curl.conffiles); do [ -f /workspaces/openwrt-radxa-rock5b-plus/openwrt/build_dir/target-aarch64_generic_musl/curl-8.15.0/ipkg-aarch64_generic/curl/$file ] || continue; csum=$(/workspaces/openwrt-radxa-rock5b-plus/openwrt/staging_dir/host/bin/mkhash sha256 /workspaces/openwrt-radxa-rock5b-plus/openwrt/build_dir/target-aarch64_generic_musl/curl-8.15.0/ipkg-aarch64_generic/curl/$file); echo $file $csum >> /workspaces/openwrt-radxa-rock5b-plus/openwrt/build_dir/target-aarch64_generic_musl/curl-8.15.0/ipkg-aarch64_generic/curl/lib/apk/packages/curl.conffiles_static; done; fi
# Some package (base-files) manually append stuff to conffiles
# Append stuff from it and delete the CONTROL directory since everything else should be migrated
if [ -f /workspaces/openwrt-radxa-rock5b-plus/openwrt/build_dir/target-aarch64_generic_musl/curl-8.15.0/ipkg-aarch64_generic/curl/CONTROL/conffiles ]; then echo $(IDIR_curl)/CONTROL/conffiles >> /workspaces/openwrt-radxa-rock5b-plus/openwrt/build_dir/target-aarch64_generic_musl/curl-8.15.0/ipkg-aarch64_generic/curl/lib/apk/packages/curl.conffiles; for file in $(cat /workspaces/openwrt-radxa-rock5b-plus/openwrt/build_dir/target-aarch64_generic_musl/curl-8.15.0/ipkg-aarch64_generic/curl/CONTROL/conffiles); do [ -f /workspaces/openwrt-radxa-rock5b-plus/openwrt/build_dir/target-aarch64_generic_musl/curl-8.15.0/ipkg-aarch64_generic/curl/$file ] || continue; csum=$(/workspaces/openwrt-radxa-rock5b-plus/openwrt/staging_dir/host/bin/mkhash sha256 /workspaces/openwrt-radxa-rock5b-plus/openwrt/build_dir/target-aarch64_generic_musl/curl-8.15.0/ipkg-aarch64_generic/curl/$file); echo $file $csum >> /workspaces/openwrt-radxa-rock5b-plus/openwrt/build_dir/target-aarch64_generic_musl/curl-8.15.0/ipkg-aarch64_generic/curl/lib/apk/packages/curl.conffiles_static; done; rm -rf /workspaces/openwrt-radxa-rock5b-plus/openwrt/build_dir/target-aarch64_generic_musl/curl-8.15.0/ipkg-aarch64_generic/curl/CONTROL/conffiles; fi
if [ -z "$(ls -A /workspaces/openwrt-radxa-rock5b-plus/openwrt/build_dir/target-aarch64_generic_musl/curl-8.15.0/ipkg-aarch64_generic/curl/CONTROL 2>/dev/null)" ]; then rm -rf /workspaces/openwrt-radxa-rock5b-plus/openwrt/build_dir/target-aarch64_generic_musl/curl-8.15.0/ipkg-aarch64_generic/curl/CONTROL; else echo "CONTROL directory /workspaces/openwrt-radxa-rock5b-plus/openwrt/build_dir/target-aarch64_generic_musl/curl-8.15.0/ipkg-aarch64_generic/curl/CONTROL is not empty! This is not right and should be checked!" >&2; exit 1; fi
/workspaces/openwrt-radxa-rock5b-plus/openwrt/staging_dir/host/bin/fakeroot /workspaces/openwrt-radxa-rock5b-plus/openwrt/staging_dir/host/bin/apk mkpkg --info "name:curl" --info "version:8.15.0-r1"  --info "description:A client-side URL transfer utility" --info "arch:aarch64_generic" --info "license:MIT" --info "origin:feeds/packages/net/curl" --info "url:https://curl.se/" --info "maintainer:Aleksey Vasilenko <aleksey.vasilenko@gmail.com>" --info "provides:"  --script "post-install:/workspaces/openwrt-radxa-rock5b-plus/openwrt/build_dir/target-aarch64_generic_musl/curl-8.15.0/apk-aarch64_generic/curl/post-install" --script "post-upgrade:/workspaces/openwrt-radxa-rock5b-plus/openwrt/build_dir/target-aarch64_generic_musl/curl-8.15.0/apk-aarch64_generic/curl/post-upgrade" --script "pre-deinstall:/workspaces/openwrt-radxa-rock5b-plus/openwrt/build_dir/target-aarch64_generic_musl/curl-8.15.0/apk-aarch64_generic/curl/pre-deinstall" --info "depends:libc libcurl4" --files "/workspaces/openwrt-radxa-rock5b-plus/openwrt/build_dir/target-aarch64_generic_musl/curl-8.15.0/ipkg-aarch64_generic/curl" --output "/workspaces/openwrt-radxa-rock5b-plus/openwrt/bin/packages/aarch64_generic/packages/curl-8.15.0-r1.apk" --sign "/workspaces/openwrt-radxa-rock5b-plus/openwrt/private-key.pem"
echo "libcurl" >> /workspaces/openwrt-radxa-rock5b-plus/openwrt/staging_dir/target-aarch64_generic_musl/pkginfo/curl.default.install
rm -rf /workspaces/openwrt-radxa-rock5b-plus/openwrt/tmp/stage-curl
mkdir -p /workspaces/openwrt-radxa-rock5b-plus/openwrt/tmp/stage-curl/host /workspaces/openwrt-radxa-rock5b-plus/openwrt/staging_dir/target-aarch64_generic_musl/packages
install -d -m0755 /workspaces/openwrt-radxa-rock5b-plus/openwrt/tmp/stage-curl/host/bin /workspaces/openwrt-radxa-rock5b-plus/openwrt/tmp/stage-curl/usr/bin /workspaces/openwrt-radxa-rock5b-plus/openwrt/tmp/stage-curl/usr/include /workspaces/openwrt-radxa-rock5b-plus/openwrt/tmp/stage-curl/usr/lib /workspaces/openwrt-radxa-rock5b-plus/openwrt/tmp/stage-curl/usr/lib/pkgconfig
install -m0755 /workspaces/openwrt-radxa-rock5b-plus/openwrt/build_dir/target-aarch64_generic_musl/curl-8.15.0/ipkg-install/usr/bin/curl-config /workspaces/openwrt-radxa-rock5b-plus/openwrt/tmp/stage-curl/usr/bin/
cp -fpR /workspaces/openwrt-radxa-rock5b-plus/openwrt/build_dir/target-aarch64_generic_musl/curl-8.15.0/ipkg-install/usr/include/curl /workspaces/openwrt-radxa-rock5b-plus/openwrt/tmp/stage-curl/usr/include/
cp -fpR /workspaces/openwrt-radxa-rock5b-plus/openwrt/build_dir/target-aarch64_generic_musl/curl-8.15.0/ipkg-install/usr/lib/libcurl.{a,so*} /workspaces/openwrt-radxa-rock5b-plus/openwrt/tmp/stage-curl/usr/lib/
cp -fpR /workspaces/openwrt-radxa-rock5b-plus/openwrt/build_dir/target-aarch64_generic_musl/curl-8.15.0/libcurl.pc /workspaces/openwrt-radxa-rock5b-plus/openwrt/tmp/stage-curl/usr/lib/pkgconfig/
/workspaces/openwrt-radxa-rock5b-plus/openwrt/staging_dir/host/bin/sed -i -e 's,^\(prefix\|exec_prefix\)=.*,\1=/workspaces/openwrt-radxa-rock5b-plus/openwrt/staging_dir/target-aarch64_generic_musl/usr,g' /workspaces/openwrt-radxa-rock5b-plus/openwrt/tmp/stage-curl/usr/bin/curl-config
[ -n "-L/workspaces/openwrt-radxa-rock5b-plus/openwrt/staging_dir/toolchain-aarch64_generic_gcc-14.3.0_musl/usr/lib -L/workspaces/openwrt-radxa-rock5b-plus/openwrt/staging_dir/toolchain-aarch64_generic_gcc-14.3.0_musl/lib -fuse-ld=bfd   -znow -zrelro -Wl,--gc-sections" ] && /workspaces/openwrt-radxa-rock5b-plus/openwrt/staging_dir/host/bin/sed -i -e 's#-L/workspaces/openwrt-radxa-rock5b-plus/openwrt/staging_dir/toolchain-aarch64_generic_gcc-14.3.0_musl/usr/lib -L/workspaces/openwrt-radxa-rock5b-plus/openwrt/staging_dir/toolchain-aarch64_generic_gcc-14.3.0_musl/lib -fuse-ld=bfd   -znow -zrelro -Wl,--gc-sections##g' /workspaces/openwrt-radxa-rock5b-plus/openwrt/tmp/stage-curl/usr/lib/pkgconfig/libcurl.pc || true
ln -sf /workspaces/openwrt-radxa-rock5b-plus/openwrt/staging_dir/target-aarch64_generic_musl/usr/bin/curl-config /workspaces/openwrt-radxa-rock5b-plus/openwrt/tmp/stage-curl/host/bin/
find /workspaces/openwrt-radxa-rock5b-plus/openwrt/tmp/stage-curl -name '*.la' | xargs -r rm -f; 
if [ -f /workspaces/openwrt-radxa-rock5b-plus/openwrt/staging_dir/target-aarch64_generic_musl/packages/curl.list ]; then /workspaces/openwrt-radxa-rock5b-plus/openwrt/scripts/clean-package.sh "/workspaces/openwrt-radxa-rock5b-plus/openwrt/staging_dir/target-aarch64_generic_musl/packages/curl.list" "/workspaces/openwrt-radxa-rock5b-plus/openwrt/staging_dir/target-aarch64_generic_musl"; fi
mkdir -p /workspaces/openwrt-radxa-rock5b-plus/openwrt/staging_dir/target-aarch64_generic_musl/root-rockchip/stamp
SHELL= flock /workspaces/openwrt-radxa-rock5b-plus/openwrt/tmp/.root-copy.flock -c 'cp -fpR /workspaces/openwrt-radxa-rock5b-plus/openwrt/build_dir/target-aarch64_generic_musl/wget-ssl/wget-1.25.0/.pkgdir/wget-ssl/. /workspaces/openwrt-radxa-rock5b-plus/openwrt/staging_dir/target-aarch64_generic_musl/root-rockchip/'
if [ -d /workspaces/openwrt-radxa-rock5b-plus/openwrt/tmp/stage-curl ]; then (cd /workspaces/openwrt-radxa-rock5b-plus/openwrt/tmp/stage-curl; find ./ > /workspaces/openwrt-radxa-rock5b-plus/openwrt/tmp/stage-curl.files); 	SHELL= flock /workspaces/openwrt-radxa-rock5b-plus/openwrt/tmp/.staging-dir.flock -c ' mv /workspaces/openwrt-radxa-rock5b-plus/openwrt/tmp/stage-curl.files /workspaces/openwrt-radxa-rock5b-plus/openwrt/staging_dir/target-aarch64_generic_musl/packages/curl.list && cp -fpR /workspaces/openwrt-radxa-rock5b-plus/openwrt/tmp/stage-curl/* /workspaces/openwrt-radxa-rock5b-plus/openwrt/staging_dir/target-aarch64_generic_musl/; '; fi
rm -rf /workspaces/openwrt-radxa-rock5b-plus/openwrt/tmp/stage-curl
touch /workspaces/openwrt-radxa-rock5b-plus/openwrt/staging_dir/target-aarch64_generic_musl/stamp/.curl_installed
rm -rf /workspaces/openwrt-radxa-rock5b-plus/openwrt/build_dir/target-aarch64_generic_musl/curl-8.15.0/.pkgdir/curl.installed /workspaces/openwrt-radxa-rock5b-plus/openwrt/build_dir/target-aarch64_generic_musl/curl-8.15.0/.pkgdir/curl
mkdir -p /workspaces/openwrt-radxa-rock5b-plus/openwrt/build_dir/target-aarch64_generic_musl/curl-8.15.0/.pkgdir/curl
install -d -m0755 /workspaces/openwrt-radxa-rock5b-plus/openwrt/build_dir/target-aarch64_generic_musl/curl-8.15.0/.pkgdir/curl/usr/bin
install -m0755 /workspaces/openwrt-radxa-rock5b-plus/openwrt/build_dir/target-aarch64_generic_musl/curl-8.15.0/ipkg-install/usr/bin/curl /workspaces/openwrt-radxa-rock5b-plus/openwrt/build_dir/target-aarch64_generic_musl/curl-8.15.0/.pkgdir/curl/usr/bin/
touch /workspaces/openwrt-radxa-rock5b-plus/openwrt/build_dir/target-aarch64_generic_musl/curl-8.15.0/.pkgdir/curl.installed
mkdir -p /workspaces/openwrt-radxa-rock5b-plus/openwrt/staging_dir/target-aarch64_generic_musl/root-rockchip/stamp
touch /workspaces/openwrt-radxa-rock5b-plus/openwrt/staging_dir/target-aarch64_generic_musl/root-rockchip/stamp/.wget-ssl_installed
SHELL= flock /workspaces/openwrt-radxa-rock5b-plus/openwrt/tmp/.root-copy.flock -c 'cp -fpR /workspaces/openwrt-radxa-rock5b-plus/openwrt/build_dir/target-aarch64_generic_musl/curl-8.15.0/.pkgdir/curl/. /workspaces/openwrt-radxa-rock5b-plus/openwrt/staging_dir/target-aarch64_generic_musl/root-rockchip/'
touch /workspaces/openwrt-radxa-rock5b-plus/openwrt/staging_dir/target-aarch64_generic_musl/root-rockchip/stamp/.curl_installed
echo "curl" >> /workspaces/openwrt-radxa-rock5b-plus/openwrt/staging_dir/target-aarch64_generic_musl/pkginfo/curl.default.install
echo "wget-ssl" >> /workspaces/openwrt-radxa-rock5b-plus/openwrt/staging_dir/target-aarch64_generic_musl/pkginfo/wget.ssl.install
make[3]: Leaving directory '/workspaces/openwrt-radxa-rock5b-plus/openwrt/feeds/packages/net/curl'
time: package/feeds/packages/curl/compile#0.66#0.56#4.15
make[3]: Leaving directory '/workspaces/openwrt-radxa-rock5b-plus/openwrt/feeds/packages/net/wget'
time: package/feeds/packages/wget/ssl/compile#0.16#0.12#1.03
make[3]: Entering directory '/workspaces/openwrt-radxa-rock5b-plus/openwrt/package/network/ipv6/odhcp6c'
make[3]: Entering directory '/workspaces/openwrt-radxa-rock5b-plus/openwrt/package/network/services/ppp'
mkdir -p /workspaces/openwrt-radxa-rock5b-plus/openwrt/staging_dir/target-aarch64_generic_musl/root-rockchip/stamp
SHELL= flock /workspaces/openwrt-radxa-rock5b-plus/openwrt/tmp/.root-copy.flock -c 'cp -fpR /workspaces/openwrt-radxa-rock5b-plus/openwrt/build_dir/target-aarch64_generic_musl/odhcp6c-2025.02.06~8aa8b706/.pkgdir/odhcp6c/. /workspaces/openwrt-radxa-rock5b-plus/openwrt/staging_dir/target-aarch64_generic_musl/root-rockchip/'
touch /workspaces/openwrt-radxa-rock5b-plus/openwrt/staging_dir/target-aarch64_generic_musl/root-rockchip/stamp/.odhcp6c_installed
echo "odhcp6c" >> /workspaces/openwrt-radxa-rock5b-plus/openwrt/staging_dir/target-aarch64_generic_musl/pkginfo/odhcp6c.default.install
make[3]: Leaving directory '/workspaces/openwrt-radxa-rock5b-plus/openwrt/package/network/ipv6/odhcp6c'
time: package/network/ipv6/odhcp6c/compile#0.15#0.09#0.58
make[3]: Entering directory '/workspaces/openwrt-radxa-rock5b-plus/openwrt/package/system/mtd'
mkdir -p /workspaces/openwrt-radxa-rock5b-plus/openwrt/staging_dir/target-aarch64_generic_musl/root-rockchip/stamp
SHELL= flock /workspaces/openwrt-radxa-rock5b-plus/openwrt/tmp/.root-copy.flock -c 'cp -fpR /workspaces/openwrt-radxa-rock5b-plus/openwrt/build_dir/target-aarch64_generic_musl/linux-rockchip_armv8/ppp-default/ppp-2.5.2/.pkgdir/ppp/. /workspaces/openwrt-radxa-rock5b-plus/openwrt/staging_dir/target-aarch64_generic_musl/root-rockchip/'
touch /workspaces/openwrt-radxa-rock5b-plus/openwrt/staging_dir/target-aarch64_generic_musl/root-rockchip/stamp/.ppp_installed
echo "ppp" >> /workspaces/openwrt-radxa-rock5b-plus/openwrt/staging_dir/target-aarch64_generic_musl/pkginfo/ppp.default.install
mkdir -p /workspaces/openwrt-radxa-rock5b-plus/openwrt/staging_dir/target-aarch64_generic_musl/root-rockchip/stamp
SHELL= flock /workspaces/openwrt-radxa-rock5b-plus/openwrt/tmp/.root-copy.flock -c 'cp -fpR /workspaces/openwrt-radxa-rock5b-plus/openwrt/build_dir/target-aarch64_generic_musl/linux-rockchip_armv8/ppp-default/ppp-2.5.2/.pkgdir/ppp-mod-pppoe/. /workspaces/openwrt-radxa-rock5b-plus/openwrt/staging_dir/target-aarch64_generic_musl/root-rockchip/'
touch /workspaces/openwrt-radxa-rock5b-plus/openwrt/staging_dir/target-aarch64_generic_musl/root-rockchip/stamp/.ppp-mod-pppoe_installed
echo "ppp-mod-pppoe" >> /workspaces/openwrt-radxa-rock5b-plus/openwrt/staging_dir/target-aarch64_generic_musl/pkginfo/ppp.default.install
make[3]: Leaving directory '/workspaces/openwrt-radxa-rock5b-plus/openwrt/package/network/services/ppp'
time: package/network/services/ppp/default/compile#0.16#0.11#0.87
make[3]: Entering directory '/workspaces/openwrt-radxa-rock5b-plus/openwrt/package/system/urngd'
mkdir -p /workspaces/openwrt-radxa-rock5b-plus/openwrt/staging_dir/target-aarch64_generic_musl/root-rockchip/stamp
SHELL= flock /workspaces/openwrt-radxa-rock5b-plus/openwrt/tmp/.root-copy.flock -c 'cp -fpR /workspaces/openwrt-radxa-rock5b-plus/openwrt/build_dir/target-aarch64_generic_musl/linux-rockchip_armv8/mtd/.pkgdir/mtd/. /workspaces/openwrt-radxa-rock5b-plus/openwrt/staging_dir/target-aarch64_generic_musl/root-rockchip/'
touch /workspaces/openwrt-radxa-rock5b-plus/openwrt/staging_dir/target-aarch64_generic_musl/root-rockchip/stamp/.mtd_installed
echo "mtd" >> /workspaces/openwrt-radxa-rock5b-plus/openwrt/staging_dir/target-aarch64_generic_musl/pkginfo/mtd.default.install
make[3]: Leaving directory '/workspaces/openwrt-radxa-rock5b-plus/openwrt/package/system/mtd'
time: package/system/mtd/compile#0.14#0.10#0.40
make[3]: Entering directory '/workspaces/openwrt-radxa-rock5b-plus/openwrt/package/utils/usbmode'
mkdir -p /workspaces/openwrt-radxa-rock5b-plus/openwrt/staging_dir/target-aarch64_generic_musl/root-rockchip/stamp
SHELL= flock /workspaces/openwrt-radxa-rock5b-plus/openwrt/tmp/.root-copy.flock -c 'cp -fpR /workspaces/openwrt-radxa-rock5b-plus/openwrt/build_dir/target-aarch64_generic_musl/urngd-2023.11.01~44365eb1/.pkgdir/urngd/. /workspaces/openwrt-radxa-rock5b-plus/openwrt/staging_dir/target-aarch64_generic_musl/root-rockchip/'
touch /workspaces/openwrt-radxa-rock5b-plus/openwrt/staging_dir/target-aarch64_generic_musl/root-rockchip/stamp/.urngd_installed
echo "urngd" >> /workspaces/openwrt-radxa-rock5b-plus/openwrt/staging_dir/target-aarch64_generic_musl/pkginfo/urngd.default.install
make[3]: Leaving directory '/workspaces/openwrt-radxa-rock5b-plus/openwrt/package/system/urngd'
time: package/system/urngd/compile#0.21#0.09#0.50
make[3]: Entering directory '/workspaces/openwrt-radxa-rock5b-plus/openwrt/package/system/ubus'
mkdir -p /workspaces/openwrt-radxa-rock5b-plus/openwrt/staging_dir/target-aarch64_generic_musl/root-rockchip/stamp
SHELL= flock /workspaces/openwrt-radxa-rock5b-plus/openwrt/tmp/.root-copy.flock -c 'cp -fpR /workspaces/openwrt-radxa-rock5b-plus/openwrt/build_dir/target-aarch64_generic_musl/usbmode-2022.02.24~3c8595a4/.pkgdir/usb-modeswitch/. /workspaces/openwrt-radxa-rock5b-plus/openwrt/staging_dir/target-aarch64_generic_musl/root-rockchip/'
touch /workspaces/openwrt-radxa-rock5b-plus/openwrt/staging_dir/target-aarch64_generic_musl/root-rockchip/stamp/.usb-modeswitch_installed
echo "usb-modeswitch" >> /workspaces/openwrt-radxa-rock5b-plus/openwrt/staging_dir/target-aarch64_generic_musl/pkginfo/usbmode.default.install
make[3]: Leaving directory '/workspaces/openwrt-radxa-rock5b-plus/openwrt/package/utils/usbmode'
time: package/utils/usbmode/compile#0.20#0.11#0.65
make[3]: Entering directory '/workspaces/openwrt-radxa-rock5b-plus/openwrt/package/system/uci'
mkdir -p /workspaces/openwrt-radxa-rock5b-plus/openwrt/staging_dir/target-aarch64_generic_musl/root-rockchip/stamp
echo '20250702' | cmp -s - /workspaces/openwrt-radxa-rock5b-plus/openwrt/staging_dir/target-aarch64_generic_musl/pkginfo/libubus.version || { echo '20250702' > /workspaces/openwrt-radxa-rock5b-plus/openwrt/staging_dir/target-aarch64_generic_musl/pkginfo/libubus.version;  } 
SHELL= flock /workspaces/openwrt-radxa-rock5b-plus/openwrt/tmp/.root-copy.flock -c 'cp -fpR /workspaces/openwrt-radxa-rock5b-plus/openwrt/build_dir/target-aarch64_generic_musl/ubus-2025.07.02~5952b48e/.pkgdir/libubus/. /workspaces/openwrt-radxa-rock5b-plus/openwrt/staging_dir/target-aarch64_generic_musl/root-rockchip/'
touch /workspaces/openwrt-radxa-rock5b-plus/openwrt/staging_dir/target-aarch64_generic_musl/root-rockchip/stamp/.libubus_installed
echo "libubus" >> /workspaces/openwrt-radxa-rock5b-plus/openwrt/staging_dir/target-aarch64_generic_musl/pkginfo/ubus.default.install
mkdir -p /workspaces/openwrt-radxa-rock5b-plus/openwrt/staging_dir/target-aarch64_generic_musl/root-rockchip/stamp
SHELL= flock /workspaces/openwrt-radxa-rock5b-plus/openwrt/tmp/.root-copy.flock -c 'cp -fpR /workspaces/openwrt-radxa-rock5b-plus/openwrt/build_dir/target-aarch64_generic_musl/ubus-2025.07.02~5952b48e/.pkgdir/libubus-lua/. /workspaces/openwrt-radxa-rock5b-plus/openwrt/staging_dir/target-aarch64_generic_musl/root-rockchip/'
touch /workspaces/openwrt-radxa-rock5b-plus/openwrt/staging_dir/target-aarch64_generic_musl/root-rockchip/stamp/.libubus-lua_installed
echo "libubus-lua" >> /workspaces/openwrt-radxa-rock5b-plus/openwrt/staging_dir/target-aarch64_generic_musl/pkginfo/ubus.default.install
mkdir -p /workspaces/openwrt-radxa-rock5b-plus/openwrt/staging_dir/target-aarch64_generic_musl/root-rockchip/stamp
SHELL= flock /workspaces/openwrt-radxa-rock5b-plus/openwrt/tmp/.root-copy.flock -c 'cp -fpR /workspaces/openwrt-radxa-rock5b-plus/openwrt/build_dir/target-aarch64_generic_musl/ubus-2025.07.02~5952b48e/.pkgdir/ubus/. /workspaces/openwrt-radxa-rock5b-plus/openwrt/staging_dir/target-aarch64_generic_musl/root-rockchip/'
touch /workspaces/openwrt-radxa-rock5b-plus/openwrt/staging_dir/target-aarch64_generic_musl/root-rockchip/stamp/.ubus_installed
echo "ubus" >> /workspaces/openwrt-radxa-rock5b-plus/openwrt/staging_dir/target-aarch64_generic_musl/pkginfo/ubus.default.install
mkdir -p /workspaces/openwrt-radxa-rock5b-plus/openwrt/staging_dir/target-aarch64_generic_musl/root-rockchip/stamp
SHELL= flock /workspaces/openwrt-radxa-rock5b-plus/openwrt/tmp/.root-copy.flock -c 'cp -fpR /workspaces/openwrt-radxa-rock5b-plus/openwrt/build_dir/target-aarch64_generic_musl/ubus-2025.07.02~5952b48e/.pkgdir/ubusd/. /workspaces/openwrt-radxa-rock5b-plus/openwrt/staging_dir/target-aarch64_generic_musl/root-rockchip/'
touch /workspaces/openwrt-radxa-rock5b-plus/openwrt/staging_dir/target-aarch64_generic_musl/root-rockchip/stamp/.ubusd_installed
echo "ubusd" >> /workspaces/openwrt-radxa-rock5b-plus/openwrt/staging_dir/target-aarch64_generic_musl/pkginfo/ubus.default.install
make[3]: Leaving directory '/workspaces/openwrt-radxa-rock5b-plus/openwrt/package/system/ubus'
time: package/system/ubus/compile#0.15#0.13#0.78
make[3]: Entering directory '/workspaces/openwrt-radxa-rock5b-plus/openwrt/package/utils/util-linux'
rm -f /workspaces/openwrt-radxa-rock5b-plus/openwrt/build_dir/target-aarch64_generic_musl/uci-2025.08.14~9033e8c2/.built
touch /workspaces/openwrt-radxa-rock5b-plus/openwrt/build_dir/target-aarch64_generic_musl/uci-2025.08.14~9033e8c2/.built_check
MAKEFLAGS="--jobserver-auth=3,4" /workspaces/openwrt-radxa-rock5b-plus/openwrt/staging_dir/host/bin/ninja   -C /workspaces/openwrt-radxa-rock5b-plus/openwrt/build_dir/target-aarch64_generic_musl/uci-2025.08.14~9033e8c2 
ninja: Entering directory `/workspaces/openwrt-radxa-rock5b-plus/openwrt/build_dir/target-aarch64_generic_musl/uci-2025.08.14~9033e8c2'
ninja: no work to do.
DESTDIR="/workspaces/openwrt-radxa-rock5b-plus/openwrt/build_dir/target-aarch64_generic_musl/uci-2025.08.14~9033e8c2/ipkg-install" MAKEFLAGS="--jobserver-auth=3,4" /workspaces/openwrt-radxa-rock5b-plus/openwrt/staging_dir/host/bin/ninja   -C /workspaces/openwrt-radxa-rock5b-plus/openwrt/build_dir/target-aarch64_generic_musl/uci-2025.08.14~9033e8c2 install
ninja: Entering directory `/workspaces/openwrt-radxa-rock5b-plus/openwrt/build_dir/target-aarch64_generic_musl/uci-2025.08.14~9033e8c2'
[0/1] Install the project...
-- Install configuration: "Release"
-- Up-to-date: /workspaces/openwrt-radxa-rock5b-plus/openwrt/build_dir/target-aarch64_generic_musl/uci-2025.08.14~9033e8c2/ipkg-install/usr/include/uci.h
-- Up-to-date: /workspaces/openwrt-radxa-rock5b-plus/openwrt/build_dir/target-aarch64_generic_musl/uci-2025.08.14~9033e8c2/ipkg-install/usr/include/uci_config.h
-- Up-to-date: /workspaces/openwrt-radxa-rock5b-plus/openwrt/build_dir/target-aarch64_generic_musl/uci-2025.08.14~9033e8c2/ipkg-install/usr/include/uci_blob.h
-- Up-to-date: /workspaces/openwrt-radxa-rock5b-plus/openwrt/build_dir/target-aarch64_generic_musl/uci-2025.08.14~9033e8c2/ipkg-install/usr/include/ucimap.h
-- Up-to-date: /workspaces/openwrt-radxa-rock5b-plus/openwrt/build_dir/target-aarch64_generic_musl/uci-2025.08.14~9033e8c2/ipkg-install/usr/lib/libuci.so.20250120
-- Up-to-date: /workspaces/openwrt-radxa-rock5b-plus/openwrt/build_dir/target-aarch64_generic_musl/uci-2025.08.14~9033e8c2/ipkg-install/usr/lib/libuci.so
-- Up-to-date: /workspaces/openwrt-radxa-rock5b-plus/openwrt/build_dir/target-aarch64_generic_musl/uci-2025.08.14~9033e8c2/ipkg-install/usr/bin/uci
-- Up-to-date: /workspaces/openwrt-radxa-rock5b-plus/openwrt/build_dir/target-aarch64_generic_musl/uci-2025.08.14~9033e8c2/ipkg-install/usr/lib/lua/uci.so
touch /workspaces/openwrt-radxa-rock5b-plus/openwrt/build_dir/target-aarch64_generic_musl/uci-2025.08.14~9033e8c2/.built
rm -rf /workspaces/openwrt-radxa-rock5b-plus/openwrt/build_dir/target-aarch64_generic_musl/uci-2025.08.14~9033e8c2/.pkgdir/libuci.installed /workspaces/openwrt-radxa-rock5b-plus/openwrt/build_dir/target-aarch64_generic_musl/uci-2025.08.14~9033e8c2/.pkgdir/libuci
mkdir -p /workspaces/openwrt-radxa-rock5b-plus/openwrt/build_dir/target-aarch64_generic_musl/uci-2025.08.14~9033e8c2/.pkgdir/libuci
install -d -m0755 /workspaces/openwrt-radxa-rock5b-plus/openwrt/build_dir/target-aarch64_generic_musl/uci-2025.08.14~9033e8c2/.pkgdir/libuci/lib
cp -fpR /workspaces/openwrt-radxa-rock5b-plus/openwrt/build_dir/target-aarch64_generic_musl/uci-2025.08.14~9033e8c2/libuci.so.* /workspaces/openwrt-radxa-rock5b-plus/openwrt/build_dir/target-aarch64_generic_musl/uci-2025.08.14~9033e8c2/.pkgdir/libuci/lib/
touch /workspaces/openwrt-radxa-rock5b-plus/openwrt/build_dir/target-aarch64_generic_musl/uci-2025.08.14~9033e8c2/.pkgdir/libuci.installed
mkdir -p /workspaces/openwrt-radxa-rock5b-plus/openwrt/staging_dir/target-aarch64_generic_musl/root-rockchip/stamp
echo '20250120' | cmp -s - /workspaces/openwrt-radxa-rock5b-plus/openwrt/staging_dir/target-aarch64_generic_musl/pkginfo/libuci.version || { echo '20250120' > /workspaces/openwrt-radxa-rock5b-plus/openwrt/staging_dir/target-aarch64_generic_musl/pkginfo/libuci.version;  } 
SHELL= flock /workspaces/openwrt-radxa-rock5b-plus/openwrt/tmp/.root-copy.flock -c 'cp -fpR /workspaces/openwrt-radxa-rock5b-plus/openwrt/build_dir/target-aarch64_generic_musl/uci-2025.08.14~9033e8c2/.pkgdir/libuci/. /workspaces/openwrt-radxa-rock5b-plus/openwrt/staging_dir/target-aarch64_generic_musl/root-rockchip/'
touch /workspaces/openwrt-radxa-rock5b-plus/openwrt/staging_dir/target-aarch64_generic_musl/root-rockchip/stamp/.libuci_installed
rm -rf /workspaces/openwrt-radxa-rock5b-plus/openwrt/build_dir/target-aarch64_generic_musl/uci-2025.08.14~9033e8c2/ipkg-aarch64_generic/libuci
/workspaces/openwrt-radxa-rock5b-plus/openwrt/scripts/ipkg-remove libuci /workspaces/openwrt-radxa-rock5b-plus/openwrt/bin/packages/aarch64_generic/base/libuci20250120-2025.08.14~9033e8c2-r1.apk
removed '/workspaces/openwrt-radxa-rock5b-plus/openwrt/bin/packages/aarch64_generic/base/libuci20250120-2025.08.14~9033e8c2-r1.apk'
mkdir -p /workspaces/openwrt-radxa-rock5b-plus/openwrt/bin/targets/rockchip/armv8/packages /workspaces/openwrt-radxa-rock5b-plus/openwrt/build_dir/target-aarch64_generic_musl/uci-2025.08.14~9033e8c2/ipkg-aarch64_generic/libuci /workspaces/openwrt-radxa-rock5b-plus/openwrt/staging_dir/target-aarch64_generic_musl/pkginfo
install -d -m0755 /workspaces/openwrt-radxa-rock5b-plus/openwrt/build_dir/target-aarch64_generic_musl/uci-2025.08.14~9033e8c2/ipkg-aarch64_generic/libuci/lib
cp -fpR /workspaces/openwrt-radxa-rock5b-plus/openwrt/build_dir/target-aarch64_generic_musl/uci-2025.08.14~9033e8c2/libuci.so.* /workspaces/openwrt-radxa-rock5b-plus/openwrt/build_dir/target-aarch64_generic_musl/uci-2025.08.14~9033e8c2/ipkg-aarch64_generic/libuci/lib/
find /workspaces/openwrt-radxa-rock5b-plus/openwrt/build_dir/target-aarch64_generic_musl/uci-2025.08.14~9033e8c2/ipkg-aarch64_generic/libuci -name 'CVS' -o -name '.svn' -o -name '.#*' -o -name '*~'| xargs -r rm -rf
export CROSS="aarch64-openwrt-linux-musl-"  NO_RENAME=1 ; NM="aarch64-openwrt-linux-musl-nm" STRIP="/workspaces/openwrt-radxa-rock5b-plus/openwrt/staging_dir/host/bin/sstrip -z" STRIP_KMOD="/workspaces/openwrt-radxa-rock5b-plus/openwrt/scripts/strip-kmod.sh" PATCHELF="/workspaces/openwrt-radxa-rock5b-plus/openwrt/staging_dir/host/bin/patchelf" /workspaces/openwrt-radxa-rock5b-plus/openwrt/scripts/rstrip.sh /workspaces/openwrt-radxa-rock5b-plus/openwrt/build_dir/target-aarch64_generic_musl/uci-2025.08.14~9033e8c2/ipkg-aarch64_generic/libuci
rstrip.sh: /workspaces/openwrt-radxa-rock5b-plus/openwrt/build_dir/target-aarch64_generic_musl/uci-2025.08.14~9033e8c2/ipkg-aarch64_generic/libuci/lib/libuci.so.20250120: shared object
install -d -m0755 /workspaces/openwrt-radxa-rock5b-plus/openwrt/bin/packages/aarch64_generic/base/tmp
mkdir -p /workspaces/openwrt-radxa-rock5b-plus/openwrt/build_dir/target-aarch64_generic_musl/uci-2025.08.14~9033e8c2/apk-aarch64_generic/libuci/
mkdir -p /workspaces/openwrt-radxa-rock5b-plus/openwrt/build_dir/target-aarch64_generic_musl/uci-2025.08.14~9033e8c2/ipkg-aarch64_generic/libuci/lib/apk/packages/
(cd /workspaces/openwrt-radxa-rock5b-plus/openwrt/build_dir/target-aarch64_generic_musl/uci-2025.08.14~9033e8c2/apk-aarch64_generic/libuci; )
( echo "#!/bin/sh"; echo "[ \"\${IPKG_NO_SCRIPT}\" = \"1\" ] && exit 0"; echo "[ -s "\${IPKG_INSTROOT}/lib/functions.sh" ] || exit 0"; echo ". \${IPKG_INSTROOT}/lib/functions.sh"; echo 'export root="${IPKG_INSTROOT}"'; echo 'export pkgname="libuci"'; echo "add_group_and_user"; echo "default_postinst"; [ ! -f /workspaces/openwrt-radxa-rock5b-plus/openwrt/build_dir/target-aarch64_generic_musl/uci-2025.08.14~9033e8c2/apk-aarch64_generic/libuci/postinst-pkg ] || sed -z 's/^\s*#!/#!/' "/workspaces/openwrt-radxa-rock5b-plus/openwrt/build_dir/target-aarch64_generic_musl/uci-2025.08.14~9033e8c2/apk-aarch64_generic/libuci/postinst-pkg"; ) > /workspaces/openwrt-radxa-rock5b-plus/openwrt/build_dir/target-aarch64_generic_musl/uci-2025.08.14~9033e8c2/apk-aarch64_generic/libuci/post-install;
( echo "#!/bin/sh"; echo 'export PKG_UPGRADE=1'; [ ! -f /workspaces/openwrt-radxa-rock5b-plus/openwrt/build_dir/target-aarch64_generic_musl/uci-2025.08.14~9033e8c2/apk-aarch64_generic/libuci/post-install ] || sed -z 's/^\s*#!/#!/' "/workspaces/openwrt-radxa-rock5b-plus/openwrt/build_dir/target-aarch64_generic_musl/uci-2025.08.14~9033e8c2/apk-aarch64_generic/libuci/post-install"; ) > /workspaces/openwrt-radxa-rock5b-plus/openwrt/build_dir/target-aarch64_generic_musl/uci-2025.08.14~9033e8c2/apk-aarch64_generic/libuci/post-upgrade;
( echo "#!/bin/sh"; echo "[ -s "\${IPKG_INSTROOT}/lib/functions.sh" ] || exit 0"; echo ". \${IPKG_INSTROOT}/lib/functions.sh"; echo 'export root="${IPKG_INSTROOT}"'; echo 'export pkgname="libuci"'; echo "default_prerm"; [ ! -f /workspaces/openwrt-radxa-rock5b-plus/openwrt/build_dir/target-aarch64_generic_musl/uci-2025.08.14~9033e8c2/apk-aarch64_generic/libuci/prerm-pkg ] || sed -z 's/^\s*#!/#!/' "/workspaces/openwrt-radxa-rock5b-plus/openwrt/build_dir/target-aarch64_generic_musl/uci-2025.08.14~9033e8c2/apk-aarch64_generic/libuci/prerm-pkg"; ) > /workspaces/openwrt-radxa-rock5b-plus/openwrt/build_dir/target-aarch64_generic_musl/uci-2025.08.14~9033e8c2/apk-aarch64_generic/libuci/pre-deinstall;
[ ! -f /workspaces/openwrt-radxa-rock5b-plus/openwrt/build_dir/target-aarch64_generic_musl/uci-2025.08.14~9033e8c2/apk-aarch64_generic/libuci/postrm ] || sed -zi 's/^\s*#!/#!/' "/workspaces/openwrt-radxa-rock5b-plus/openwrt/build_dir/target-aarch64_generic_musl/uci-2025.08.14~9033e8c2/apk-aarch64_generic/libuci/postrm";
if [ -n "" ]; then echo  > /workspaces/openwrt-radxa-rock5b-plus/openwrt/build_dir/target-aarch64_generic_musl/uci-2025.08.14~9033e8c2/ipkg-aarch64_generic/libuci/lib/apk/packages/libuci.rusers; fi;
if [ -n "" ]; then echo  > /workspaces/openwrt-radxa-rock5b-plus/openwrt/build_dir/target-aarch64_generic_musl/uci-2025.08.14~9033e8c2/ipkg-aarch64_generic/libuci/lib/apk/packages/libuci.alternatives; fi;
(cd /workspaces/openwrt-radxa-rock5b-plus/openwrt/build_dir/target-aarch64_generic_musl/uci-2025.08.14~9033e8c2/ipkg-aarch64_generic/libuci && find . -type f,l -printf "/%P\n" | sort > /workspaces/openwrt-radxa-rock5b-plus/openwrt/tmp/libuci.list && mv /workspaces/openwrt-radxa-rock5b-plus/openwrt/tmp/libuci.list /workspaces/openwrt-radxa-rock5b-plus/openwrt/build_dir/target-aarch64_generic_musl/uci-2025.08.14~9033e8c2/ipkg-aarch64_generic/libuci/lib/apk/packages/libuci.list)
# Move conffiles to IDIR and build conffiles_static with csums
if [ -f /workspaces/openwrt-radxa-rock5b-plus/openwrt/build_dir/target-aarch64_generic_musl/uci-2025.08.14~9033e8c2/apk-aarch64_generic/libuci/conffiles ]; then mv -f /workspaces/openwrt-radxa-rock5b-plus/openwrt/build_dir/target-aarch64_generic_musl/uci-2025.08.14~9033e8c2/apk-aarch64_generic/libuci/conffiles /workspaces/openwrt-radxa-rock5b-plus/openwrt/build_dir/target-aarch64_generic_musl/uci-2025.08.14~9033e8c2/ipkg-aarch64_generic/libuci/lib/apk/packages/libuci.conffiles; for file in $(cat /workspaces/openwrt-radxa-rock5b-plus/openwrt/build_dir/target-aarch64_generic_musl/uci-2025.08.14~9033e8c2/ipkg-aarch64_generic/libuci/lib/apk/packages/libuci.conffiles); do [ -f /workspaces/openwrt-radxa-rock5b-plus/openwrt/build_dir/target-aarch64_generic_musl/uci-2025.08.14~9033e8c2/ipkg-aarch64_generic/libuci/$file ] || continue; csum=$(/workspaces/openwrt-radxa-rock5b-plus/openwrt/staging_dir/host/bin/mkhash sha256 /workspaces/openwrt-radxa-rock5b-plus/openwrt/build_dir/target-aarch64_generic_musl/uci-2025.08.14~9033e8c2/ipkg-aarch64_generic/libuci/$file); echo $file $csum >> /workspaces/openwrt-radxa-rock5b-plus/openwrt/build_dir/target-aarch64_generic_musl/uci-2025.08.14~9033e8c2/ipkg-aarch64_generic/libuci/lib/apk/packages/libuci.conffiles_static; done; fi
# Some package (base-files) manually append stuff to conffiles
# Append stuff from it and delete the CONTROL directory since everything else should be migrated
if [ -f /workspaces/openwrt-radxa-rock5b-plus/openwrt/build_dir/target-aarch64_generic_musl/uci-2025.08.14~9033e8c2/ipkg-aarch64_generic/libuci/CONTROL/conffiles ]; then echo $(IDIR_libuci)/CONTROL/conffiles >> /workspaces/openwrt-radxa-rock5b-plus/openwrt/build_dir/target-aarch64_generic_musl/uci-2025.08.14~9033e8c2/ipkg-aarch64_generic/libuci/lib/apk/packages/libuci.conffiles; for file in $(cat /workspaces/openwrt-radxa-rock5b-plus/openwrt/build_dir/target-aarch64_generic_musl/uci-2025.08.14~9033e8c2/ipkg-aarch64_generic/libuci/CONTROL/conffiles); do [ -f /workspaces/openwrt-radxa-rock5b-plus/openwrt/build_dir/target-aarch64_generic_musl/uci-2025.08.14~9033e8c2/ipkg-aarch64_generic/libuci/$file ] || continue; csum=$(/workspaces/openwrt-radxa-rock5b-plus/openwrt/staging_dir/host/bin/mkhash sha256 /workspaces/openwrt-radxa-rock5b-plus/openwrt/build_dir/target-aarch64_generic_musl/uci-2025.08.14~9033e8c2/ipkg-aarch64_generic/libuci/$file); echo $file $csum >> /workspaces/openwrt-radxa-rock5b-plus/openwrt/build_dir/target-aarch64_generic_musl/uci-2025.08.14~9033e8c2/ipkg-aarch64_generic/libuci/lib/apk/packages/libuci.conffiles_static; done; rm -rf /workspaces/openwrt-radxa-rock5b-plus/openwrt/build_dir/target-aarch64_generic_musl/uci-2025.08.14~9033e8c2/ipkg-aarch64_generic/libuci/CONTROL/conffiles; fi
if [ -z "$(ls -A /workspaces/openwrt-radxa-rock5b-plus/openwrt/build_dir/target-aarch64_generic_musl/uci-2025.08.14~9033e8c2/ipkg-aarch64_generic/libuci/CONTROL 2>/dev/null)" ]; then rm -rf /workspaces/openwrt-radxa-rock5b-plus/openwrt/build_dir/target-aarch64_generic_musl/uci-2025.08.14~9033e8c2/ipkg-aarch64_generic/libuci/CONTROL; else echo "CONTROL directory /workspaces/openwrt-radxa-rock5b-plus/openwrt/build_dir/target-aarch64_generic_musl/uci-2025.08.14~9033e8c2/ipkg-aarch64_generic/libuci/CONTROL is not empty! This is not right and should be checked!" >&2; exit 1; fi
/workspaces/openwrt-radxa-rock5b-plus/openwrt/staging_dir/host/bin/fakeroot /workspaces/openwrt-radxa-rock5b-plus/openwrt/staging_dir/host/bin/apk mkpkg --info "name:libuci20250120" --info "version:2025.08.14~9033e8c2-r1" --info "tags:openwrt:abiversion=20250120" --info "description:C library for the Unified Configuration Interface (UCI)" --info "arch:aarch64_generic" --info "license:LGPL-2.1" --info "origin:feeds/base/system/uci" --info "url:" --info "maintainer:Felix Fietkau <nbd@nbd.name>" --info "provides: libuci=2025.08.14~9033e8c2-r1 "  --script "post-install:/workspaces/openwrt-radxa-rock5b-plus/openwrt/build_dir/target-aarch64_generic_musl/uci-2025.08.14~9033e8c2/apk-aarch64_generic/libuci/post-install" --script "post-upgrade:/workspaces/openwrt-radxa-rock5b-plus/openwrt/build_dir/target-aarch64_generic_musl/uci-2025.08.14~9033e8c2/apk-aarch64_generic/libuci/post-upgrade" --script "pre-deinstall:/workspaces/openwrt-radxa-rock5b-plus/openwrt/build_dir/target-aarch64_generic_musl/uci-2025.08.14~9033e8c2/apk-aarch64_generic/libuci/pre-deinstall" --info "depends:libc libubox20250723" --files "/workspaces/openwrt-radxa-rock5b-plus/openwrt/build_dir/target-aarch64_generic_musl/uci-2025.08.14~9033e8c2/ipkg-aarch64_generic/libuci" --output "/workspaces/openwrt-radxa-rock5b-plus/openwrt/bin/packages/aarch64_generic/base/libuci20250120-2025.08.14~9033e8c2-r1.apk" --sign "/workspaces/openwrt-radxa-rock5b-plus/openwrt/private-key.pem"
rm -rf /workspaces/openwrt-radxa-rock5b-plus/openwrt/build_dir/target-aarch64_generic_musl/uci-2025.08.14~9033e8c2/ipkg-aarch64_generic/uci
/workspaces/openwrt-radxa-rock5b-plus/openwrt/scripts/ipkg-remove uci /workspaces/openwrt-radxa-rock5b-plus/openwrt/bin/packages/aarch64_generic/base/uci-2025.08.14~9033e8c2-r1.apk
removed '/workspaces/openwrt-radxa-rock5b-plus/openwrt/bin/packages/aarch64_generic/base/uci-2025.08.14~9033e8c2-r1.apk'
mkdir -p /workspaces/openwrt-radxa-rock5b-plus/openwrt/bin/targets/rockchip/armv8/packages /workspaces/openwrt-radxa-rock5b-plus/openwrt/build_dir/target-aarch64_generic_musl/uci-2025.08.14~9033e8c2/ipkg-aarch64_generic/uci /workspaces/openwrt-radxa-rock5b-plus/openwrt/staging_dir/target-aarch64_generic_musl/pkginfo
install -d -m0755 /workspaces/openwrt-radxa-rock5b-plus/openwrt/build_dir/target-aarch64_generic_musl/uci-2025.08.14~9033e8c2/ipkg-aarch64_generic/uci/etc/uci-defaults
install -d -m0755 /workspaces/openwrt-radxa-rock5b-plus/openwrt/build_dir/target-aarch64_generic_musl/uci-2025.08.14~9033e8c2/ipkg-aarch64_generic/uci/sbin
install -m0755 /workspaces/openwrt-radxa-rock5b-plus/openwrt/build_dir/target-aarch64_generic_musl/uci-2025.08.14~9033e8c2/uci /workspaces/openwrt-radxa-rock5b-plus/openwrt/build_dir/target-aarch64_generic_musl/uci-2025.08.14~9033e8c2/ipkg-aarch64_generic/uci/sbin/
cp -fpR ./files/* /workspaces/openwrt-radxa-rock5b-plus/openwrt/build_dir/target-aarch64_generic_musl/uci-2025.08.14~9033e8c2/ipkg-aarch64_generic/uci/
find /workspaces/openwrt-radxa-rock5b-plus/openwrt/build_dir/target-aarch64_generic_musl/uci-2025.08.14~9033e8c2/ipkg-aarch64_generic/uci -name 'CVS' -o -name '.svn' -o -name '.#*' -o -name '*~'| xargs -r rm -rf
export CROSS="aarch64-openwrt-linux-musl-"  NO_RENAME=1 ; NM="aarch64-openwrt-linux-musl-nm" STRIP="/workspaces/openwrt-radxa-rock5b-plus/openwrt/staging_dir/host/bin/sstrip -z" STRIP_KMOD="/workspaces/openwrt-radxa-rock5b-plus/openwrt/scripts/strip-kmod.sh" PATCHELF="/workspaces/openwrt-radxa-rock5b-plus/openwrt/staging_dir/host/bin/patchelf" /workspaces/openwrt-radxa-rock5b-plus/openwrt/scripts/rstrip.sh /workspaces/openwrt-radxa-rock5b-plus/openwrt/build_dir/target-aarch64_generic_musl/uci-2025.08.14~9033e8c2/ipkg-aarch64_generic/uci
rstrip.sh: /workspaces/openwrt-radxa-rock5b-plus/openwrt/build_dir/target-aarch64_generic_musl/uci-2025.08.14~9033e8c2/ipkg-aarch64_generic/uci/sbin/uci: executable
install -d -m0755 /workspaces/openwrt-radxa-rock5b-plus/openwrt/bin/packages/aarch64_generic/base/tmp
mkdir -p /workspaces/openwrt-radxa-rock5b-plus/openwrt/build_dir/target-aarch64_generic_musl/uci-2025.08.14~9033e8c2/apk-aarch64_generic/uci/
mkdir -p /workspaces/openwrt-radxa-rock5b-plus/openwrt/build_dir/target-aarch64_generic_musl/uci-2025.08.14~9033e8c2/ipkg-aarch64_generic/uci/lib/apk/packages/
(cd /workspaces/openwrt-radxa-rock5b-plus/openwrt/build_dir/target-aarch64_generic_musl/uci-2025.08.14~9033e8c2/apk-aarch64_generic/uci; )
( echo "#!/bin/sh"; echo "[ \"\${IPKG_NO_SCRIPT}\" = \"1\" ] && exit 0"; echo "[ -s "\${IPKG_INSTROOT}/lib/functions.sh" ] || exit 0"; echo ". \${IPKG_INSTROOT}/lib/functions.sh"; echo 'export root="${IPKG_INSTROOT}"'; echo 'export pkgname="uci"'; echo "add_group_and_user"; echo "default_postinst"; [ ! -f /workspaces/openwrt-radxa-rock5b-plus/openwrt/build_dir/target-aarch64_generic_musl/uci-2025.08.14~9033e8c2/apk-aarch64_generic/uci/postinst-pkg ] || sed -z 's/^\s*#!/#!/' "/workspaces/openwrt-radxa-rock5b-plus/openwrt/build_dir/target-aarch64_generic_musl/uci-2025.08.14~9033e8c2/apk-aarch64_generic/uci/postinst-pkg"; ) > /workspaces/openwrt-radxa-rock5b-plus/openwrt/build_dir/target-aarch64_generic_musl/uci-2025.08.14~9033e8c2/apk-aarch64_generic/uci/post-install;
( echo "#!/bin/sh"; echo 'export PKG_UPGRADE=1'; [ ! -f /workspaces/openwrt-radxa-rock5b-plus/openwrt/build_dir/target-aarch64_generic_musl/uci-2025.08.14~9033e8c2/apk-aarch64_generic/uci/post-install ] || sed -z 's/^\s*#!/#!/' "/workspaces/openwrt-radxa-rock5b-plus/openwrt/build_dir/target-aarch64_generic_musl/uci-2025.08.14~9033e8c2/apk-aarch64_generic/uci/post-install"; ) > /workspaces/openwrt-radxa-rock5b-plus/openwrt/build_dir/target-aarch64_generic_musl/uci-2025.08.14~9033e8c2/apk-aarch64_generic/uci/post-upgrade;
( echo "#!/bin/sh"; echo "[ -s "\${IPKG_INSTROOT}/lib/functions.sh" ] || exit 0"; echo ". \${IPKG_INSTROOT}/lib/functions.sh"; echo 'export root="${IPKG_INSTROOT}"'; echo 'export pkgname="uci"'; echo "default_prerm"; [ ! -f /workspaces/openwrt-radxa-rock5b-plus/openwrt/build_dir/target-aarch64_generic_musl/uci-2025.08.14~9033e8c2/apk-aarch64_generic/uci/prerm-pkg ] || sed -z 's/^\s*#!/#!/' "/workspaces/openwrt-radxa-rock5b-plus/openwrt/build_dir/target-aarch64_generic_musl/uci-2025.08.14~9033e8c2/apk-aarch64_generic/uci/prerm-pkg"; ) > /workspaces/openwrt-radxa-rock5b-plus/openwrt/build_dir/target-aarch64_generic_musl/uci-2025.08.14~9033e8c2/apk-aarch64_generic/uci/pre-deinstall;
[ ! -f /workspaces/openwrt-radxa-rock5b-plus/openwrt/build_dir/target-aarch64_generic_musl/uci-2025.08.14~9033e8c2/apk-aarch64_generic/uci/postrm ] || sed -zi 's/^\s*#!/#!/' "/workspaces/openwrt-radxa-rock5b-plus/openwrt/build_dir/target-aarch64_generic_musl/uci-2025.08.14~9033e8c2/apk-aarch64_generic/uci/postrm";
if [ -n "" ]; then echo  > /workspaces/openwrt-radxa-rock5b-plus/openwrt/build_dir/target-aarch64_generic_musl/uci-2025.08.14~9033e8c2/ipkg-aarch64_generic/uci/lib/apk/packages/uci.rusers; fi;
if [ -n "" ]; then echo  > /workspaces/openwrt-radxa-rock5b-plus/openwrt/build_dir/target-aarch64_generic_musl/uci-2025.08.14~9033e8c2/ipkg-aarch64_generic/uci/lib/apk/packages/uci.alternatives; fi;
(cd /workspaces/openwrt-radxa-rock5b-plus/openwrt/build_dir/target-aarch64_generic_musl/uci-2025.08.14~9033e8c2/ipkg-aarch64_generic/uci && find . -type f,l -printf "/%P\n" | sort > /workspaces/openwrt-radxa-rock5b-plus/openwrt/tmp/uci.list && mv /workspaces/openwrt-radxa-rock5b-plus/openwrt/tmp/uci.list /workspaces/openwrt-radxa-rock5b-plus/openwrt/build_dir/target-aarch64_generic_musl/uci-2025.08.14~9033e8c2/ipkg-aarch64_generic/uci/lib/apk/packages/uci.list)
# Move conffiles to IDIR and build conffiles_static with csums
if [ -f /workspaces/openwrt-radxa-rock5b-plus/openwrt/build_dir/target-aarch64_generic_musl/uci-2025.08.14~9033e8c2/apk-aarch64_generic/uci/conffiles ]; then mv -f /workspaces/openwrt-radxa-rock5b-plus/openwrt/build_dir/target-aarch64_generic_musl/uci-2025.08.14~9033e8c2/apk-aarch64_generic/uci/conffiles /workspaces/openwrt-radxa-rock5b-plus/openwrt/build_dir/target-aarch64_generic_musl/uci-2025.08.14~9033e8c2/ipkg-aarch64_generic/uci/lib/apk/packages/uci.conffiles; for file in $(cat /workspaces/openwrt-radxa-rock5b-plus/openwrt/build_dir/target-aarch64_generic_musl/uci-2025.08.14~9033e8c2/ipkg-aarch64_generic/uci/lib/apk/packages/uci.conffiles); do [ -f /workspaces/openwrt-radxa-rock5b-plus/openwrt/build_dir/target-aarch64_generic_musl/uci-2025.08.14~9033e8c2/ipkg-aarch64_generic/uci/$file ] || continue; csum=$(/workspaces/openwrt-radxa-rock5b-plus/openwrt/staging_dir/host/bin/mkhash sha256 /workspaces/openwrt-radxa-rock5b-plus/openwrt/build_dir/target-aarch64_generic_musl/uci-2025.08.14~9033e8c2/ipkg-aarch64_generic/uci/$file); echo $file $csum >> /workspaces/openwrt-radxa-rock5b-plus/openwrt/build_dir/target-aarch64_generic_musl/uci-2025.08.14~9033e8c2/ipkg-aarch64_generic/uci/lib/apk/packages/uci.conffiles_static; done; fi
# Some package (base-files) manually append stuff to conffiles
# Append stuff from it and delete the CONTROL directory since everything else should be migrated
if [ -f /workspaces/openwrt-radxa-rock5b-plus/openwrt/build_dir/target-aarch64_generic_musl/uci-2025.08.14~9033e8c2/ipkg-aarch64_generic/uci/CONTROL/conffiles ]; then echo $(IDIR_uci)/CONTROL/conffiles >> /workspaces/openwrt-radxa-rock5b-plus/openwrt/build_dir/target-aarch64_generic_musl/uci-2025.08.14~9033e8c2/ipkg-aarch64_generic/uci/lib/apk/packages/uci.conffiles; for file in $(cat /workspaces/openwrt-radxa-rock5b-plus/openwrt/build_dir/target-aarch64_generic_musl/uci-2025.08.14~9033e8c2/ipkg-aarch64_generic/uci/CONTROL/conffiles); do [ -f /workspaces/openwrt-radxa-rock5b-plus/openwrt/build_dir/target-aarch64_generic_musl/uci-2025.08.14~9033e8c2/ipkg-aarch64_generic/uci/$file ] || continue; csum=$(/workspaces/openwrt-radxa-rock5b-plus/openwrt/staging_dir/host/bin/mkhash sha256 /workspaces/openwrt-radxa-rock5b-plus/openwrt/build_dir/target-aarch64_generic_musl/uci-2025.08.14~9033e8c2/ipkg-aarch64_generic/uci/$file); echo $file $csum >> /workspaces/openwrt-radxa-rock5b-plus/openwrt/build_dir/target-aarch64_generic_musl/uci-2025.08.14~9033e8c2/ipkg-aarch64_generic/uci/lib/apk/packages/uci.conffiles_static; done; rm -rf /workspaces/openwrt-radxa-rock5b-plus/openwrt/build_dir/target-aarch64_generic_musl/uci-2025.08.14~9033e8c2/ipkg-aarch64_generic/uci/CONTROL/conffiles; fi
if [ -z "$(ls -A /workspaces/openwrt-radxa-rock5b-plus/openwrt/build_dir/target-aarch64_generic_musl/uci-2025.08.14~9033e8c2/ipkg-aarch64_generic/uci/CONTROL 2>/dev/null)" ]; then rm -rf /workspaces/openwrt-radxa-rock5b-plus/openwrt/build_dir/target-aarch64_generic_musl/uci-2025.08.14~9033e8c2/ipkg-aarch64_generic/uci/CONTROL; else echo "CONTROL directory /workspaces/openwrt-radxa-rock5b-plus/openwrt/build_dir/target-aarch64_generic_musl/uci-2025.08.14~9033e8c2/ipkg-aarch64_generic/uci/CONTROL is not empty! This is not right and should be checked!" >&2; exit 1; fi
/workspaces/openwrt-radxa-rock5b-plus/openwrt/staging_dir/host/bin/fakeroot /workspaces/openwrt-radxa-rock5b-plus/openwrt/staging_dir/host/bin/apk mkpkg --info "name:uci" --info "version:2025.08.14~9033e8c2-r1"  --info "description:Utility for the Unified Configuration Interface (UCI)" --info "arch:aarch64_generic" --info "license:LGPL-2.1" --info "origin:feeds/base/system/uci" --info "url:" --info "maintainer:Felix Fietkau <nbd@nbd.name>" --info "provides:"  --script "post-install:/workspaces/openwrt-radxa-rock5b-plus/openwrt/build_dir/target-aarch64_generic_musl/uci-2025.08.14~9033e8c2/apk-aarch64_generic/uci/post-install" --script "post-upgrade:/workspaces/openwrt-radxa-rock5b-plus/openwrt/build_dir/target-aarch64_generic_musl/uci-2025.08.14~9033e8c2/apk-aarch64_generic/uci/post-upgrade" --script "pre-deinstall:/workspaces/openwrt-radxa-rock5b-plus/openwrt/build_dir/target-aarch64_generic_musl/uci-2025.08.14~9033e8c2/apk-aarch64_generic/uci/pre-deinstall" --info "depends:libc libuci20250120" --files "/workspaces/openwrt-radxa-rock5b-plus/openwrt/build_dir/target-aarch64_generic_musl/uci-2025.08.14~9033e8c2/ipkg-aarch64_generic/uci" --output "/workspaces/openwrt-radxa-rock5b-plus/openwrt/bin/packages/aarch64_generic/base/uci-2025.08.14~9033e8c2-r1.apk" --sign "/workspaces/openwrt-radxa-rock5b-plus/openwrt/private-key.pem"
echo "libuci" >> /workspaces/openwrt-radxa-rock5b-plus/openwrt/staging_dir/target-aarch64_generic_musl/pkginfo/uci.default.install
rm -rf /workspaces/openwrt-radxa-rock5b-plus/openwrt/tmp/stage-uci
mkdir -p /workspaces/openwrt-radxa-rock5b-plus/openwrt/tmp/stage-uci/host /workspaces/openwrt-radxa-rock5b-plus/openwrt/staging_dir/target-aarch64_generic_musl/packages
install -d -m0755 /workspaces/openwrt-radxa-rock5b-plus/openwrt/tmp/stage-uci/usr/include
cp -fpR /workspaces/openwrt-radxa-rock5b-plus/openwrt/build_dir/target-aarch64_generic_musl/uci-2025.08.14~9033e8c2/uci{,_config,_blob,map}.h /workspaces/openwrt-radxa-rock5b-plus/openwrt/tmp/stage-uci/usr/include
install -d -m0755 /workspaces/openwrt-radxa-rock5b-plus/openwrt/tmp/stage-uci/usr/lib
cp -fpR /workspaces/openwrt-radxa-rock5b-plus/openwrt/build_dir/target-aarch64_generic_musl/uci-2025.08.14~9033e8c2/libuci.so* /workspaces/openwrt-radxa-rock5b-plus/openwrt/tmp/stage-uci/usr/lib
cp -fpR /workspaces/openwrt-radxa-rock5b-plus/openwrt/build_dir/target-aarch64_generic_musl/uci-2025.08.14~9033e8c2/libucimap.a /workspaces/openwrt-radxa-rock5b-plus/openwrt/tmp/stage-uci/usr/lib
find /workspaces/openwrt-radxa-rock5b-plus/openwrt/tmp/stage-uci -name '*.la' | xargs -r rm -f; 
if [ -f /workspaces/openwrt-radxa-rock5b-plus/openwrt/staging_dir/target-aarch64_generic_musl/packages/uci.list ]; then /workspaces/openwrt-radxa-rock5b-plus/openwrt/scripts/clean-package.sh "/workspaces/openwrt-radxa-rock5b-plus/openwrt/staging_dir/target-aarch64_generic_musl/packages/uci.list" "/workspaces/openwrt-radxa-rock5b-plus/openwrt/staging_dir/target-aarch64_generic_musl"; fi
if [ -d /workspaces/openwrt-radxa-rock5b-plus/openwrt/tmp/stage-uci ]; then (cd /workspaces/openwrt-radxa-rock5b-plus/openwrt/tmp/stage-uci; find ./ > /workspaces/openwrt-radxa-rock5b-plus/openwrt/tmp/stage-uci.files); 	SHELL= flock /workspaces/openwrt-radxa-rock5b-plus/openwrt/tmp/.staging-dir.flock -c ' mv /workspaces/openwrt-radxa-rock5b-plus/openwrt/tmp/stage-uci.files /workspaces/openwrt-radxa-rock5b-plus/openwrt/staging_dir/target-aarch64_generic_musl/packages/uci.list && cp -fpR /workspaces/openwrt-radxa-rock5b-plus/openwrt/tmp/stage-uci/* /workspaces/openwrt-radxa-rock5b-plus/openwrt/staging_dir/target-aarch64_generic_musl/; '; fi
rm -rf /workspaces/openwrt-radxa-rock5b-plus/openwrt/tmp/stage-uci
touch /workspaces/openwrt-radxa-rock5b-plus/openwrt/staging_dir/target-aarch64_generic_musl/stamp/.uci_installed
rm -rf /workspaces/openwrt-radxa-rock5b-plus/openwrt/build_dir/target-aarch64_generic_musl/uci-2025.08.14~9033e8c2/.pkgdir/uci.installed /workspaces/openwrt-radxa-rock5b-plus/openwrt/build_dir/target-aarch64_generic_musl/uci-2025.08.14~9033e8c2/.pkgdir/uci
mkdir -p /workspaces/openwrt-radxa-rock5b-plus/openwrt/build_dir/target-aarch64_generic_musl/uci-2025.08.14~9033e8c2/.pkgdir/uci
install -d -m0755 /workspaces/openwrt-radxa-rock5b-plus/openwrt/build_dir/target-aarch64_generic_musl/uci-2025.08.14~9033e8c2/.pkgdir/uci/etc/uci-defaults
install -d -m0755 /workspaces/openwrt-radxa-rock5b-plus/openwrt/build_dir/target-aarch64_generic_musl/uci-2025.08.14~9033e8c2/.pkgdir/uci/sbin
install -m0755 /workspaces/openwrt-radxa-rock5b-plus/openwrt/build_dir/target-aarch64_generic_musl/uci-2025.08.14~9033e8c2/uci /workspaces/openwrt-radxa-rock5b-plus/openwrt/build_dir/target-aarch64_generic_musl/uci-2025.08.14~9033e8c2/.pkgdir/uci/sbin/
cp -fpR ./files/* /workspaces/openwrt-radxa-rock5b-plus/openwrt/build_dir/target-aarch64_generic_musl/uci-2025.08.14~9033e8c2/.pkgdir/uci/
touch /workspaces/openwrt-radxa-rock5b-plus/openwrt/build_dir/target-aarch64_generic_musl/uci-2025.08.14~9033e8c2/.pkgdir/uci.installed
mkdir -p /workspaces/openwrt-radxa-rock5b-plus/openwrt/staging_dir/target-aarch64_generic_musl/root-rockchip/stamp
SHELL= flock /workspaces/openwrt-radxa-rock5b-plus/openwrt/tmp/.root-copy.flock -c 'cp -fpR /workspaces/openwrt-radxa-rock5b-plus/openwrt/build_dir/target-aarch64_generic_musl/uci-2025.08.14~9033e8c2/.pkgdir/uci/. /workspaces/openwrt-radxa-rock5b-plus/openwrt/staging_dir/target-aarch64_generic_musl/root-rockchip/'
touch /workspaces/openwrt-radxa-rock5b-plus/openwrt/staging_dir/target-aarch64_generic_musl/root-rockchip/stamp/.uci_installed
echo "uci" >> /workspaces/openwrt-radxa-rock5b-plus/openwrt/staging_dir/target-aarch64_generic_musl/pkginfo/uci.default.install
make[3]: Leaving directory '/workspaces/openwrt-radxa-rock5b-plus/openwrt/package/system/uci'
time: package/system/uci/compile#0.31#0.37#1.69
make[3]: Entering directory '/workspaces/openwrt-radxa-rock5b-plus/openwrt/package/utils/busybox'
rm -f /workspaces/openwrt-radxa-rock5b-plus/openwrt/build_dir/target-aarch64_generic_musl/util-linux-2.41.1/.built
touch /workspaces/openwrt-radxa-rock5b-plus/openwrt/build_dir/target-aarch64_generic_musl/util-linux-2.41.1/.built_check
MAKEFLAGS="--jobserver-auth=3,4" /workspaces/openwrt-radxa-rock5b-plus/openwrt/staging_dir/host/bin/ninja   -C /workspaces/openwrt-radxa-rock5b-plus/openwrt/build_dir/target-aarch64_generic_musl/util-linux-2.41.1/openwrt-build 
ninja: Entering directory `/workspaces/openwrt-radxa-rock5b-plus/openwrt/build_dir/target-aarch64_generic_musl/util-linux-2.41.1/openwrt-build'
mkdir -p /workspaces/openwrt-radxa-rock5b-plus/openwrt/staging_dir/target-aarch64_generic_musl/root-rockchip/stamp
SHELL= flock /workspaces/openwrt-radxa-rock5b-plus/openwrt/tmp/.root-copy.flock -c 'cp -fpR /workspaces/openwrt-radxa-rock5b-plus/openwrt/build_dir/target-aarch64_generic_musl/busybox-default/busybox-1.37.0/.pkgdir/busybox/. /workspaces/openwrt-radxa-rock5b-plus/openwrt/staging_dir/target-aarch64_generic_musl/root-rockchip/'
touch /workspaces/openwrt-radxa-rock5b-plus/openwrt/staging_dir/target-aarch64_generic_musl/root-rockchip/stamp/.busybox_installed
echo "busybox" >> /workspaces/openwrt-radxa-rock5b-plus/openwrt/staging_dir/target-aarch64_generic_musl/pkginfo/busybox.default.install
make[3]: Leaving directory '/workspaces/openwrt-radxa-rock5b-plus/openwrt/package/utils/busybox'
time: package/utils/busybox/default/compile#0.17#0.15#1.39
[1/20] Compiling C object lib/libtcolors.a.p/colors.c.o
[2/20] Linking static target lib/libtcolors.a
[3/20] Compiling C object more.p/text-utils_more.c.o
[4/20] Compiling C object test_more.p/text-utils_more.c.o
[5/20] Compiling C object setterm.p/term-utils_setterm.c.o
[6/20] Compiling C object cfdisk.p/disk-utils_cfdisk.c.o
[7/20] Compiling C object test_colors.p/lib_colors.c.o
[8/20] Linking target more
[9/20] Linking target test_more
[10/20] Linking target hexdump
[11/20] Linking target dmesg
[12/20] Linking target test_dmesg
[13/20] Linking target sfdisk
[14/20] Linking target fdisk
[15/20] Linking target setterm
[16/20] Linking target cfdisk
[17/20] Linking target cal
[18/20] Linking target lsblk
[19/20] Linking target test_cal
[20/20] Linking target test_colors
DESTDIR="/workspaces/openwrt-radxa-rock5b-plus/openwrt/build_dir/target-aarch64_generic_musl/util-linux-2.41.1/ipkg-install" MAKEFLAGS="--jobserver-auth=3,4" /workspaces/openwrt-radxa-rock5b-plus/openwrt/staging_dir/host/bin/ninja   -C /workspaces/openwrt-radxa-rock5b-plus/openwrt/build_dir/target-aarch64_generic_musl/util-linux-2.41.1/openwrt-build install
ninja: Entering directory `/workspaces/openwrt-radxa-rock5b-plus/openwrt/build_dir/target-aarch64_generic_musl/util-linux-2.41.1/openwrt-build'
[0/1] Installing files.
make[3]: Entering directory '/workspaces/openwrt-radxa-rock5b-plus/openwrt/package/network/utils/iwinfo'
mkdir -p /workspaces/openwrt-radxa-rock5b-plus/openwrt/staging_dir/target-aarch64_generic_musl/root-rockchip/stamp
echo '20230701' | cmp -s - /workspaces/openwrt-radxa-rock5b-plus/openwrt/staging_dir/target-aarch64_generic_musl/pkginfo/libiwinfo.version || { echo '20230701' > /workspaces/openwrt-radxa-rock5b-plus/openwrt/staging_dir/target-aarch64_generic_musl/pkginfo/libiwinfo.version;  } 
SHELL= flock /workspaces/openwrt-radxa-rock5b-plus/openwrt/tmp/.root-copy.flock -c 'cp -fpR /workspaces/openwrt-radxa-rock5b-plus/openwrt/build_dir/target-aarch64_generic_musl/libiwinfo-2025.02.06~9cec6b4d/.pkgdir/libiwinfo/. /workspaces/openwrt-radxa-rock5b-plus/openwrt/staging_dir/target-aarch64_generic_musl/root-rockchip/'
touch /workspaces/openwrt-radxa-rock5b-plus/openwrt/staging_dir/target-aarch64_generic_musl/root-rockchip/stamp/.libiwinfo_installed
echo "libiwinfo" >> /workspaces/openwrt-radxa-rock5b-plus/openwrt/staging_dir/target-aarch64_generic_musl/pkginfo/iwinfo.default.install
mkdir -p /workspaces/openwrt-radxa-rock5b-plus/openwrt/staging_dir/target-aarch64_generic_musl/root-rockchip/stamp
SHELL= flock /workspaces/openwrt-radxa-rock5b-plus/openwrt/tmp/.root-copy.flock -c 'cp -fpR /workspaces/openwrt-radxa-rock5b-plus/openwrt/build_dir/target-aarch64_generic_musl/libiwinfo-2025.02.06~9cec6b4d/.pkgdir/libiwinfo-data/. /workspaces/openwrt-radxa-rock5b-plus/openwrt/staging_dir/target-aarch64_generic_musl/root-rockchip/'
touch /workspaces/openwrt-radxa-rock5b-plus/openwrt/staging_dir/target-aarch64_generic_musl/root-rockchip/stamp/.libiwinfo-data_installed
echo "libiwinfo-data" >> /workspaces/openwrt-radxa-rock5b-plus/openwrt/staging_dir/target-aarch64_generic_musl/pkginfo/iwinfo.default.install
mkdir -p /workspaces/openwrt-radxa-rock5b-plus/openwrt/staging_dir/target-aarch64_generic_musl/root-rockchip/stamp
SHELL= flock /workspaces/openwrt-radxa-rock5b-plus/openwrt/tmp/.root-copy.flock -c 'cp -fpR /workspaces/openwrt-radxa-rock5b-plus/openwrt/build_dir/target-aarch64_generic_musl/libiwinfo-2025.02.06~9cec6b4d/.pkgdir/iwinfo/. /workspaces/openwrt-radxa-rock5b-plus/openwrt/staging_dir/target-aarch64_generic_musl/root-rockchip/'
touch /workspaces/openwrt-radxa-rock5b-plus/openwrt/staging_dir/target-aarch64_generic_musl/root-rockchip/stamp/.iwinfo_installed
echo "iwinfo" >> /workspaces/openwrt-radxa-rock5b-plus/openwrt/staging_dir/target-aarch64_generic_musl/pkginfo/iwinfo.default.install
make[3]: Leaving directory '/workspaces/openwrt-radxa-rock5b-plus/openwrt/package/network/utils/iwinfo'
time: package/network/utils/iwinfo/compile#0.18#0.13#0.95
make[3]: Entering directory '/workspaces/openwrt-radxa-rock5b-plus/openwrt/feeds/packages/net/cgi-io'
mkdir -p /workspaces/openwrt-radxa-rock5b-plus/openwrt/staging_dir/target-aarch64_generic_musl/root-rockchip/stamp
SHELL= flock /workspaces/openwrt-radxa-rock5b-plus/openwrt/tmp/.root-copy.flock -c 'cp -fpR /workspaces/openwrt-radxa-rock5b-plus/openwrt/build_dir/target-aarch64_generic_musl/cgi-io-2022.08.10~901b0f04/.pkgdir/cgi-io/. /workspaces/openwrt-radxa-rock5b-plus/openwrt/staging_dir/target-aarch64_generic_musl/root-rockchip/'
touch /workspaces/openwrt-radxa-rock5b-plus/openwrt/staging_dir/target-aarch64_generic_musl/root-rockchip/stamp/.cgi-io_installed
echo "cgi-io" >> /workspaces/openwrt-radxa-rock5b-plus/openwrt/staging_dir/target-aarch64_generic_musl/pkginfo/cgi-io.default.install
make[3]: Leaving directory '/workspaces/openwrt-radxa-rock5b-plus/openwrt/feeds/packages/net/cgi-io'
time: package/feeds/packages/cgi-io/compile#0.11#0.10#0.47
make[3]: Entering directory '/workspaces/openwrt-radxa-rock5b-plus/openwrt/package/network/utils/nftables'
mkdir -p /workspaces/openwrt-radxa-rock5b-plus/openwrt/staging_dir/target-aarch64_generic_musl/root-rockchip/stamp
SHELL= flock /workspaces/openwrt-radxa-rock5b-plus/openwrt/tmp/.root-copy.flock -c 'cp -fpR /workspaces/openwrt-radxa-rock5b-plus/openwrt/build_dir/target-aarch64_generic_musl/nftables-json/nftables-1.1.3/.pkgdir/nftables-json/. /workspaces/openwrt-radxa-rock5b-plus/openwrt/staging_dir/target-aarch64_generic_musl/root-rockchip/'
touch /workspaces/openwrt-radxa-rock5b-plus/openwrt/staging_dir/target-aarch64_generic_musl/root-rockchip/stamp/.nftables-json_installed
echo "nftables-json" >> /workspaces/openwrt-radxa-rock5b-plus/openwrt/staging_dir/target-aarch64_generic_musl/pkginfo/nftables.json.install
make[3]: Leaving directory '/workspaces/openwrt-radxa-rock5b-plus/openwrt/package/network/utils/nftables'
time: package/network/utils/nftables/json/compile#0.15#0.13#0.93
make[3]: Entering directory '/workspaces/openwrt-radxa-rock5b-plus/openwrt/feeds/luci/protocols/luci-proto-qmi'
mkdir -p /workspaces/openwrt-radxa-rock5b-plus/openwrt/staging_dir/target-aarch64_generic_musl/root-rockchip/stamp
SHELL= flock /workspaces/openwrt-radxa-rock5b-plus/openwrt/tmp/.root-copy.flock -c 'cp -fpR /workspaces/openwrt-radxa-rock5b-plus/openwrt/build_dir/target-aarch64_generic_musl/luci-proto-qmi/.pkgdir/luci-proto-qmi/. /workspaces/openwrt-radxa-rock5b-plus/openwrt/staging_dir/target-aarch64_generic_musl/root-rockchip/'
touch /workspaces/openwrt-radxa-rock5b-plus/openwrt/staging_dir/target-aarch64_generic_musl/root-rockchip/stamp/.luci-proto-qmi_installed
echo "luci-proto-qmi" >> /workspaces/openwrt-radxa-rock5b-plus/openwrt/staging_dir/target-aarch64_generic_musl/pkginfo/luci-proto-qmi.default.install
make[3]: Leaving directory '/workspaces/openwrt-radxa-rock5b-plus/openwrt/feeds/luci/protocols/luci-proto-qmi'
time: package/feeds/luci/luci-proto-qmi/compile#0.17#0.16#0.66
make[3]: Entering directory '/workspaces/openwrt-radxa-rock5b-plus/openwrt/feeds/packages/admin/htop'
mkdir -p /workspaces/openwrt-radxa-rock5b-plus/openwrt/staging_dir/target-aarch64_generic_musl/root-rockchip/stamp
SHELL= flock /workspaces/openwrt-radxa-rock5b-plus/openwrt/tmp/.root-copy.flock -c 'cp -fpR /workspaces/openwrt-radxa-rock5b-plus/openwrt/build_dir/target-aarch64_generic_musl/htop-3.4.1/.pkgdir/htop/. /workspaces/openwrt-radxa-rock5b-plus/openwrt/staging_dir/target-aarch64_generic_musl/root-rockchip/'
touch /workspaces/openwrt-radxa-rock5b-plus/openwrt/staging_dir/target-aarch64_generic_musl/root-rockchip/stamp/.htop_installed
echo "htop" >> /workspaces/openwrt-radxa-rock5b-plus/openwrt/staging_dir/target-aarch64_generic_musl/pkginfo/htop.default.install
make[3]: Leaving directory '/workspaces/openwrt-radxa-rock5b-plus/openwrt/feeds/packages/admin/htop'
time: package/feeds/packages/htop/compile#0.11#0.11#0.66
make[3]: Entering directory '/workspaces/openwrt-radxa-rock5b-plus/openwrt/feeds/packages/libs/libfido2'
make[3]: Leaving directory '/workspaces/openwrt-radxa-rock5b-plus/openwrt/feeds/packages/libs/libfido2'
time: package/feeds/packages/libfido2/compile#0.13#0.08#0.58
make[3]: Entering directory '/workspaces/openwrt-radxa-rock5b-plus/openwrt/package/network/services/dnsmasq'
mkdir -p /workspaces/openwrt-radxa-rock5b-plus/openwrt/staging_dir/target-aarch64_generic_musl/root-rockchip/stamp
SHELL= flock /workspaces/openwrt-radxa-rock5b-plus/openwrt/tmp/.root-copy.flock -c 'cp -fpR /workspaces/openwrt-radxa-rock5b-plus/openwrt/build_dir/target-aarch64_generic_musl/dnsmasq-nodhcpv6/dnsmasq-2.91/.pkgdir/dnsmasq/. /workspaces/openwrt-radxa-rock5b-plus/openwrt/staging_dir/target-aarch64_generic_musl/root-rockchip/'
touch /workspaces/openwrt-radxa-rock5b-plus/openwrt/staging_dir/target-aarch64_generic_musl/root-rockchip/stamp/.dnsmasq_installed
echo "dnsmasq" >> /workspaces/openwrt-radxa-rock5b-plus/openwrt/staging_dir/target-aarch64_generic_musl/pkginfo/dnsmasq.nodhcpv6.install
make[3]: Leaving directory '/workspaces/openwrt-radxa-rock5b-plus/openwrt/package/network/services/dnsmasq'
time: package/network/services/dnsmasq/nodhcpv6/compile#0.15#0.11#0.65
make[3]: Entering directory '/workspaces/openwrt-radxa-rock5b-plus/openwrt/package/network/services/odhcpd'
mkdir -p /workspaces/openwrt-radxa-rock5b-plus/openwrt/staging_dir/target-aarch64_generic_musl/root-rockchip/stamp
SHELL= flock /workspaces/openwrt-radxa-rock5b-plus/openwrt/tmp/.root-copy.flock -c 'cp -fpR /workspaces/openwrt-radxa-rock5b-plus/openwrt/build_dir/target-aarch64_generic_musl/odhcpd-ipv6only/odhcpd-2024.05.08~a2988231/.pkgdir/odhcpd-ipv6only/. /workspaces/openwrt-radxa-rock5b-plus/openwrt/staging_dir/target-aarch64_generic_musl/root-rockchip/'
touch /workspaces/openwrt-radxa-rock5b-plus/openwrt/staging_dir/target-aarch64_generic_musl/root-rockchip/stamp/.odhcpd-ipv6only_installed
echo "odhcpd-ipv6only" >> /workspaces/openwrt-radxa-rock5b-plus/openwrt/staging_dir/target-aarch64_generic_musl/pkginfo/odhcpd.ipv6only.install
make[3]: Leaving directory '/workspaces/openwrt-radxa-rock5b-plus/openwrt/package/network/services/odhcpd'
time: package/network/services/odhcpd/ipv6only/compile#0.18#0.15#0.74
make[3]: Entering directory '/workspaces/openwrt-radxa-rock5b-plus/openwrt/package/utils/ucode'
Installing libblkid/libblkid.so.1.1.0 to /workspaces/openwrt-radxa-rock5b-plus/openwrt/build_dir/target-aarch64_generic_musl/util-linux-2.41.1/ipkg-install/usr/lib
Installing libblkid/libblkid.a to /workspaces/openwrt-radxa-rock5b-plus/openwrt/build_dir/target-aarch64_generic_musl/util-linux-2.41.1/ipkg-install/usr/lib
Installing libmount/libmount.so.1.1.0 to /workspaces/openwrt-radxa-rock5b-plus/openwrt/build_dir/target-aarch64_generic_musl/util-linux-2.41.1/ipkg-install/usr/lib
Installing libmount/libmount.a to /workspaces/openwrt-radxa-rock5b-plus/openwrt/build_dir/target-aarch64_generic_musl/util-linux-2.41.1/ipkg-install/usr/lib
Installing libsmartcols/libsmartcols.so.1.1.0 to /workspaces/openwrt-radxa-rock5b-plus/openwrt/build_dir/target-aarch64_generic_musl/util-linux-2.41.1/ipkg-install/usr/lib
Installing libsmartcols/libsmartcols.a to /workspaces/openwrt-radxa-rock5b-plus/openwrt/build_dir/target-aarch64_generic_musl/util-linux-2.41.1/ipkg-install/usr/lib
Installing libuuid/libuuid.so.1.3.0 to /workspaces/openwrt-radxa-rock5b-plus/openwrt/build_dir/target-aarch64_generic_musl/util-linux-2.41.1/ipkg-install/usr/lib
Installing libuuid/libuuid.a to /workspaces/openwrt-radxa-rock5b-plus/openwrt/build_dir/target-aarch64_generic_musl/util-linux-2.41.1/ipkg-install/usr/lib
Installing libfdisk/libfdisk.so.1.1.0 to /workspaces/openwrt-radxa-rock5b-plus/openwrt/build_dir/target-aarch64_generic_musl/util-linux-2.41.1/ipkg-install/usr/lib
Installing libfdisk/libfdisk.a to /workspaces/openwrt-radxa-rock5b-plus/openwrt/build_dir/target-aarch64_generic_musl/util-linux-2.41.1/ipkg-install/usr/lib
Installing po/ca/LC_MESSAGES/util-linux.mo to /workspaces/openwrt-radxa-rock5b-plus/openwrt/build_dir/target-aarch64_generic_musl/util-linux-2.41.1/ipkg-install/usr/share/locale/ca/LC_MESSAGES
Installing po/cs/LC_MESSAGES/util-linux.mo to /workspaces/openwrt-radxa-rock5b-plus/openwrt/build_dir/target-aarch64_generic_musl/util-linux-2.41.1/ipkg-install/usr/share/locale/cs/LC_MESSAGES
Installing po/da/LC_MESSAGES/util-linux.mo to /workspaces/openwrt-radxa-rock5b-plus/openwrt/build_dir/target-aarch64_generic_musl/util-linux-2.41.1/ipkg-install/usr/share/locale/da/LC_MESSAGES
Installing po/de/LC_MESSAGES/util-linux.mo to /workspaces/openwrt-radxa-rock5b-plus/openwrt/build_dir/target-aarch64_generic_musl/util-linux-2.41.1/ipkg-install/usr/share/locale/de/LC_MESSAGES
Installing po/es/LC_MESSAGES/util-linux.mo to /workspaces/openwrt-radxa-rock5b-plus/openwrt/build_dir/target-aarch64_generic_musl/util-linux-2.41.1/ipkg-install/usr/share/locale/es/LC_MESSAGES
Installing po/et/LC_MESSAGES/util-linux.mo to /workspaces/openwrt-radxa-rock5b-plus/openwrt/build_dir/target-aarch64_generic_musl/util-linux-2.41.1/ipkg-install/usr/share/locale/et/LC_MESSAGES
Installing po/eu/LC_MESSAGES/util-linux.mo to /workspaces/openwrt-radxa-rock5b-plus/openwrt/build_dir/target-aarch64_generic_musl/util-linux-2.41.1/ipkg-install/usr/share/locale/eu/LC_MESSAGES
Installing po/fi/LC_MESSAGES/util-linux.mo to /workspaces/openwrt-radxa-rock5b-plus/openwrt/build_dir/target-aarch64_generic_musl/util-linux-2.41.1/ipkg-install/usr/share/locale/fi/LC_MESSAGES
Installing po/fr/LC_MESSAGES/util-linux.mo to /workspaces/openwrt-radxa-rock5b-plus/openwrt/build_dir/target-aarch64_generic_musl/util-linux-2.41.1/ipkg-install/usr/share/locale/fr/LC_MESSAGES
Installing po/gl/LC_MESSAGES/util-linux.mo to /workspaces/openwrt-radxa-rock5b-plus/openwrt/build_dir/target-aarch64_generic_musl/util-linux-2.41.1/ipkg-install/usr/share/locale/gl/LC_MESSAGES
Installing po/hr/LC_MESSAGES/util-linux.mo to /workspaces/openwrt-radxa-rock5b-plus/openwrt/build_dir/target-aarch64_generic_musl/util-linux-2.41.1/ipkg-install/usr/share/locale/hr/LC_MESSAGES
Installing po/hu/LC_MESSAGES/util-linux.mo to /workspaces/openwrt-radxa-rock5b-plus/openwrt/build_dir/target-aarch64_generic_musl/util-linux-2.41.1/ipkg-install/usr/share/locale/hu/LC_MESSAGES
Installing po/id/LC_MESSAGES/util-linux.mo to /workspaces/openwrt-radxa-rock5b-plus/openwrt/build_dir/target-aarch64_generic_musl/util-linux-2.41.1/ipkg-install/usr/share/locale/id/LC_MESSAGES
Installing po/it/LC_MESSAGES/util-linux.mo to /workspaces/openwrt-radxa-rock5b-plus/openwrt/build_dir/target-aarch64_generic_musl/util-linux-2.41.1/ipkg-install/usr/share/locale/it/LC_MESSAGES
Installing po/ja/LC_MESSAGES/util-linux.mo to /workspaces/openwrt-radxa-rock5b-plus/openwrt/build_dir/target-aarch64_generic_musl/util-linux-2.41.1/ipkg-install/usr/share/locale/ja/LC_MESSAGES
Installing po/ka/LC_MESSAGES/util-linux.mo to /workspaces/openwrt-radxa-rock5b-plus/openwrt/build_dir/target-aarch64_generic_musl/util-linux-2.41.1/ipkg-install/usr/share/locale/ka/LC_MESSAGES
Installing po/ko/LC_MESSAGES/util-linux.mo to /workspaces/openwrt-radxa-rock5b-plus/openwrt/build_dir/target-aarch64_generic_musl/util-linux-2.41.1/ipkg-install/usr/share/locale/ko/LC_MESSAGES
Installing po/nl/LC_MESSAGES/util-linux.mo to /workspaces/openwrt-radxa-rock5b-plus/openwrt/build_dir/target-aarch64_generic_musl/util-linux-2.41.1/ipkg-install/usr/share/locale/nl/LC_MESSAGES
Installing po/pl/LC_MESSAGES/util-linux.mo to /workspaces/openwrt-radxa-rock5b-plus/openwrt/build_dir/target-aarch64_generic_musl/util-linux-2.41.1/ipkg-install/usr/share/locale/pl/LC_MESSAGES
Installing po/pt/LC_MESSAGES/util-linux.mo to /workspaces/openwrt-radxa-rock5b-plus/openwrt/build_dir/target-aarch64_generic_musl/util-linux-2.41.1/ipkg-install/usr/share/locale/pt/LC_MESSAGES
Installing po/pt_BR/LC_MESSAGES/util-linux.mo to /workspaces/openwrt-radxa-rock5b-plus/openwrt/build_dir/target-aarch64_generic_musl/util-linux-2.41.1/ipkg-install/usr/share/locale/pt_BR/LC_MESSAGES
Installing po/ro/LC_MESSAGES/util-linux.mo to /workspaces/openwrt-radxa-rock5b-plus/openwrt/build_dir/target-aarch64_generic_musl/util-linux-2.41.1/ipkg-install/usr/share/locale/ro/LC_MESSAGES
Installing po/ru/LC_MESSAGES/util-linux.mo to /workspaces/openwrt-radxa-rock5b-plus/openwrt/build_dir/target-aarch64_generic_musl/util-linux-2.41.1/ipkg-install/usr/share/locale/ru/LC_MESSAGES
Installing po/sk/LC_MESSAGES/util-linux.mo to /workspaces/openwrt-radxa-rock5b-plus/openwrt/build_dir/target-aarch64_generic_musl/util-linux-2.41.1/ipkg-install/usr/share/locale/sk/LC_MESSAGES
Installing po/sl/LC_MESSAGES/util-linux.mo to /workspaces/openwrt-radxa-rock5b-plus/openwrt/build_dir/target-aarch64_generic_musl/util-linux-2.41.1/ipkg-install/usr/share/locale/sl/LC_MESSAGES
Installing po/sr/LC_MESSAGES/util-linux.mo to /workspaces/openwrt-radxa-rock5b-plus/openwrt/build_dir/target-aarch64_generic_musl/util-linux-2.41.1/ipkg-install/usr/share/locale/sr/LC_MESSAGES
Installing po/sv/LC_MESSAGES/util-linux.mo to /workspaces/openwrt-radxa-rock5b-plus/openwrt/build_dir/target-aarch64_generic_musl/util-linux-2.41.1/ipkg-install/usr/share/locale/sv/LC_MESSAGES
Installing po/tr/LC_MESSAGES/util-linux.mo to /workspaces/openwrt-radxa-rock5b-plus/openwrt/build_dir/target-aarch64_generic_musl/util-linux-2.41.1/ipkg-install/usr/share/locale/tr/LC_MESSAGES
Installing po/uk/LC_MESSAGES/util-linux.mo to /workspaces/openwrt-radxa-rock5b-plus/openwrt/build_dir/target-aarch64_generic_musl/util-linux-2.41.1/ipkg-install/usr/share/locale/uk/LC_MESSAGES
Installing po/vi/LC_MESSAGES/util-linux.mo to /workspaces/openwrt-radxa-rock5b-plus/openwrt/build_dir/target-aarch64_generic_musl/util-linux-2.41.1/ipkg-install/usr/share/locale/vi/LC_MESSAGES
Installing po/zh_CN/LC_MESSAGES/util-linux.mo to /workspaces/openwrt-radxa-rock5b-plus/openwrt/build_dir/target-aarch64_generic_musl/util-linux-2.41.1/ipkg-install/usr/share/locale/zh_CN/LC_MESSAGES
Installing po/zh_TW/LC_MESSAGES/util-linux.mo to /workspaces/openwrt-radxa-rock5b-plus/openwrt/build_dir/target-aarch64_generic_musl/util-linux-2.41.1/ipkg-install/usr/share/locale/zh_TW/LC_MESSAGES
Installing last to /workspaces/openwrt-radxa-rock5b-plus/openwrt/build_dir/target-aarch64_generic_musl/util-linux-2.41.1/ipkg-install/usr/bin
Installing bits to /workspaces/openwrt-radxa-rock5b-plus/openwrt/build_dir/target-aarch64_generic_musl/util-linux-2.41.1/ipkg-install/usr/bin
rm -f /workspaces/openwrt-radxa-rock5b-plus/openwrt/build_dir/target-aarch64_generic_musl/ucode-2025.07.18~3f64c808/.built
touch /workspaces/openwrt-radxa-rock5b-plus/openwrt/build_dir/target-aarch64_generic_musl/ucode-2025.07.18~3f64c808/.built_check
MAKEFLAGS="--jobserver-auth=3,4" /workspaces/openwrt-radxa-rock5b-plus/openwrt/staging_dir/host/bin/ninja   -C /workspaces/openwrt-radxa-rock5b-plus/openwrt/build_dir/target-aarch64_generic_musl/ucode-2025.07.18~3f64c808 
ninja: Entering directory `/workspaces/openwrt-radxa-rock5b-plus/openwrt/build_dir/target-aarch64_generic_musl/ucode-2025.07.18~3f64c808'
[1/2] cd "/workspaces/openwrt-radxa-rock5b-plus/openwrt/build_dir/target-aarch64_generic_musl/ucode-2025.07.18~3f64c808" && /workspaces/openwrt-radxa-rock5b-plus/openwrt/staging_dir/host/bin/cmake -E create_symlink ucode utpl
[2/2] cd "/workspaces/openwrt-radxa-rock5b-plus/openwrt/build_dir/target-aarch64_generic_musl/ucode-2025.07.18~3f64c808" && /workspaces/openwrt-radxa-rock5b-plus/openwrt/staging_dir/host/bin/cmake -E create_symlink ucode ucc
DESTDIR="/workspaces/openwrt-radxa-rock5b-plus/openwrt/build_dir/target-aarch64_generic_musl/ucode-2025.07.18~3f64c808/ipkg-install" MAKEFLAGS="--jobserver-auth=3,4" /workspaces/openwrt-radxa-rock5b-plus/openwrt/staging_dir/host/bin/ninja   -C /workspaces/openwrt-radxa-rock5b-plus/openwrt/build_dir/target-aarch64_generic_musl/ucode-2025.07.18~3f64c808 install
ninja: Entering directory `/workspaces/openwrt-radxa-rock5b-plus/openwrt/build_dir/target-aarch64_generic_musl/ucode-2025.07.18~3f64c808'
[1/3] cd "/workspaces/openwrt-radxa-rock5b-plus/openwrt/build_dir/target-aarch64_generic_musl/ucode-2025.07.18~3f64c808" && /workspaces/openwrt-radxa-rock5b-plus/openwrt/staging_dir/host/bin/cmake -E create_symlink ucode utpl
[2/3] cd "/workspaces/openwrt-radxa-rock5b-plus/openwrt/build_dir/target-aarch64_generic_musl/ucode-2025.07.18~3f64c808" && /workspaces/openwrt-radxa-rock5b-plus/openwrt/staging_dir/host/bin/cmake -E create_symlink ucode ucc
[2/3] Install the project...
-- Install configuration: "Release"
-- Up-to-date: /workspaces/openwrt-radxa-rock5b-plus/openwrt/build_dir/target-aarch64_generic_musl/ucode-2025.07.18~3f64c808/ipkg-install/usr/bin/ucode
Installing colcrt to /workspaces/openwrt-radxa-rock5b-plus/openwrt/build_dir/target-aarch64_generic_musl/util-linux-2.41.1/ipkg-install/usr/bin
Installing colrm to /workspaces/openwrt-radxa-rock5b-plus/openwrt/build_dir/target-aarch64_generic_musl/util-linux-2.41.1/ipkg-install/usr/bin
Installing rev to /workspaces/openwrt-radxa-rock5b-plus/openwrt/build_dir/target-aarch64_generic_musl/util-linux-2.41.1/ipkg-install/usr/bin
Installing column to /workspaces/openwrt-radxa-rock5b-plus/openwrt/build_dir/target-aarch64_generic_musl/util-linux-2.41.1/ipkg-install/usr/bin
Installing more to /workspaces/openwrt-radxa-rock5b-plus/openwrt/build_dir/target-aarch64_generic_musl/util-linux-2.41.1/ipkg-install/usr/bin
Installing hexdump to /workspaces/openwrt-radxa-rock5b-plus/openwrt/build_dir/target-aarch64_generic_musl/util-linux-2.41.1/ipkg-install/usr/bin
Installing choom to /workspaces/openwrt-radxa-rock5b-plus/openwrt/build_dir/target-aarch64_generic_musl/util-linux-2.41.1/ipkg-install/usr/bin
Installing ipcmk to /workspaces/openwrt-radxa-rock5b-plus/openwrt/build_dir/target-aarch64_generic_musl/util-linux-2.41.1/ipkg-install/usr/bin
Installing ipcs to /workspaces/openwrt-radxa-rock5b-plus/openwrt/build_dir/target-aarch64_generic_musl/util-linux-2.41.1/ipkg-install/usr/bin
Installing renice to /workspaces/openwrt-radxa-rock5b-plus/openwrt/build_dir/target-aarch64_generic_musl/util-linux-2.41.1/ipkg-install/usr/bin
Installing setpgid to /workspaces/openwrt-radxa-rock5b-plus/openwrt/build_dir/target-aarch64_generic_musl/util-linux-2.41.1/ipkg-install/usr/bin
Installing setsid to /workspaces/openwrt-radxa-rock5b-plus/openwrt/build_dir/target-aarch64_generic_musl/util-linux-2.41.1/ipkg-install/usr/bin
Installing readprofile to /workspaces/openwrt-radxa-rock5b-plus/openwrt/build_dir/target-aarch64_generic_musl/util-linux-2.41.1/ipkg-install/usr/sbin
Installing fstrim to /workspaces/openwrt-radxa-rock5b-plus/openwrt/build_dir/target-aarch64_generic_musl/util-linux-2.41.1/ipkg-install/usr/sbin
Installing dmesg to /workspaces/openwrt-radxa-rock5b-plus/openwrt/build_dir/target-aarch64_generic_musl/util-linux-2.41.1/ipkg-install/usr/bin
Installing ctrlaltdel to /workspaces/openwrt-radxa-rock5b-plus/openwrt/build_dir/target-aarch64_generic_musl/util-linux-2.41.1/ipkg-install/usr/sbin
Installing fsfreeze to /workspaces/openwrt-radxa-rock5b-plus/openwrt/build_dir/target-aarch64_generic_musl/util-linux-2.41.1/ipkg-install/usr/sbin
Installing blkdiscard to /workspaces/openwrt-radxa-rock5b-plus/openwrt/build_dir/target-aarch64_generic_musl/util-linux-2.41.1/ipkg-install/usr/sbin
Installing blkzone to /workspaces/openwrt-radxa-rock5b-plus/openwrt/build_dir/target-aarch64_generic_musl/util-linux-2.41.1/ipkg-install/usr/sbin
Installing blkpr to /workspaces/openwrt-radxa-rock5b-plus/openwrt/build_dir/target-aarch64_generic_musl/util-linux-2.41.1/ipkg-install/usr/sbin
Installing ldattach to /workspaces/openwrt-radxa-rock5b-plus/openwrt/build_dir/target-aarch64_generic_musl/util-linux-2.41.1/ipkg-install/usr/sbin
Installing rtcwake to /workspaces/openwrt-radxa-rock5b-plus/openwrt/build_dir/target-aarch64_generic_musl/util-linux-2.41.1/ipkg-install/usr/sbin
Installing setarch to /workspaces/openwrt-radxa-rock5b-plus/openwrt/build_dir/target-aarch64_generic_musl/util-linux-2.41.1/ipkg-install/usr/bin
Installing eject to /workspaces/openwrt-radxa-rock5b-plus/openwrt/build_dir/target-aarch64_generic_musl/util-linux-2.41.1/ipkg-install/usr/bin
Installing losetup to /workspaces/openwrt-radxa-rock5b-plus/openwrt/build_dir/target-aarch64_generic_musl/util-linux-2.41.1/ipkg-install/usr/sbin
Installing prlimit to /workspaces/openwrt-radxa-rock5b-plus/openwrt/build_dir/target-aarch64_generic_musl/util-linux-2.41.1/ipkg-install/usr/bin
Installing lsns to /workspaces/openwrt-radxa-rock5b-plus/openwrt/build_dir/target-aarch64_generic_musl/util-linux-2.41.1/ipkg-install/usr/bin
Installing mount to /workspaces/openwrt-radxa-rock5b-plus/openwrt/build_dir/target-aarch64_generic_musl/util-linux-2.41.1/ipkg-install/usr/bin
Installing umount to /workspaces/openwrt-radxa-rock5b-plus/openwrt/build_dir/target-aarch64_generic_musl/util-linux-2.41.1/ipkg-install/usr/bin
Installing swapon to /workspaces/openwrt-radxa-rock5b-plus/openwrt/build_dir/target-aarch64_generic_musl/util-linux-2.41.1/ipkg-install/usr/sbin
Installing swapoff to /workspaces/openwrt-radxa-rock5b-plus/openwrt/build_dir/target-aarch64_generic_musl/util-linux-2.41.1/ipkg-install/usr/sbin
Installing lscpu to /workspaces/openwrt-radxa-rock5b-plus/openwrt/build_dir/target-aarch64_generic_musl/util-linux-2.41.1/ipkg-install/usr/bin
Installing chcpu to /workspaces/openwrt-radxa-rock5b-plus/openwrt/build_dir/target-aarch64_generic_musl/util-linux-2.41.1/ipkg-install/usr/sbin
Installing wdctl to /workspaces/openwrt-radxa-rock5b-plus/openwrt/build_dir/target-aarch64_generic_musl/util-linux-2.41.1/ipkg-install/usr/bin
Installing mountpoint to /workspaces/openwrt-radxa-rock5b-plus/openwrt/build_dir/target-aarch64_generic_musl/util-linux-2.41.1/ipkg-install/usr/bin
Installing unshare to /workspaces/openwrt-radxa-rock5b-plus/openwrt/build_dir/target-aarch64_generic_musl/util-linux-2.41.1/ipkg-install/usr/bin
Installing nsenter to /workspaces/openwrt-radxa-rock5b-plus/openwrt/build_dir/target-aarch64_generic_musl/util-linux-2.41.1/ipkg-install/usr/bin
Installing flock to /workspaces/openwrt-radxa-rock5b-plus/openwrt/build_dir/target-aarch64_generic_musl/util-linux-2.41.1/ipkg-install/usr/bin
Installing lsipc to /workspaces/openwrt-radxa-rock5b-plus/openwrt/build_dir/target-aarch64_generic_musl/util-linux-2.41.1/ipkg-install/usr/bin
Installing hwclock to /workspaces/openwrt-radxa-rock5b-plus/openwrt/build_dir/target-aarch64_generic_musl/util-linux-2.41.1/ipkg-install/usr/sbin
Installing mkfs to /workspaces/openwrt-radxa-rock5b-plus/openwrt/build_dir/target-aarch64_generic_musl/util-linux-2.41.1/ipkg-install/usr/sbin
Installing isosize to /workspaces/openwrt-radxa-rock5b-plus/openwrt/build_dir/target-aarch64_generic_musl/util-linux-2.41.1/ipkg-install/usr/bin
Installing mkswap to /workspaces/openwrt-radxa-rock5b-plus/openwrt/build_dir/target-aarch64_generic_musl/util-linux-2.41.1/ipkg-install/usr/sbin
Installing swaplabel to /workspaces/openwrt-radxa-rock5b-plus/openwrt/build_dir/target-aarch64_generic_musl/util-linux-2.41.1/ipkg-install/usr/sbin
Installing blockdev to /workspaces/openwrt-radxa-rock5b-plus/openwrt/build_dir/target-aarch64_generic_musl/util-linux-2.41.1/ipkg-install/usr/sbin
Installing fdisk to /workspaces/openwrt-radxa-rock5b-plus/openwrt/build_dir/target-aarch64_generic_musl/util-linux-2.41.1/ipkg-install/usr/sbin
Installing sfdisk to /workspaces/openwrt-radxa-rock5b-plus/openwrt/build_dir/target-aarch64_generic_musl/util-linux-2.41.1/ipkg-install/usr/sbin
Installing cfdisk to /workspaces/openwrt-radxa-rock5b-plus/openwrt/build_dir/target-aarch64_generic_musl/util-linux-2.41.1/ipkg-install/usr/sbin
Installing addpart to /workspaces/openwrt-radxa-rock5b-plus/openwrt/build_dir/target-aarch64_generic_musl/util-linux-2.41.1/ipkg-install/usr/sbin
Installing delpart to /workspaces/openwrt-radxa-rock5b-plus/openwrt/build_dir/target-aarch64_generic_musl/util-linux-2.41.1/ipkg-install/usr/sbin
Installing resizepart to /workspaces/openwrt-radxa-rock5b-plus/openwrt/build_dir/target-aarch64_generic_musl/util-linux-2.41.1/ipkg-install/usr/sbin
Installing partx to /workspaces/openwrt-radxa-rock5b-plus/openwrt/build_dir/target-aarch64_generic_musl/util-linux-2.41.1/ipkg-install/usr/sbin
Installing script to /workspaces/openwrt-radxa-rock5b-plus/openwrt/build_dir/target-aarch64_generic_musl/util-linux-2.41.1/ipkg-install/usr/bin
Installing scriptlive to /workspaces/openwrt-radxa-rock5b-plus/openwrt/build_dir/target-aarch64_generic_musl/util-linux-2.41.1/ipkg-install/usr/bin
Installing scriptreplay to /workspaces/openwrt-radxa-rock5b-plus/openwrt/build_dir/target-aarch64_generic_musl/util-linux-2.41.1/ipkg-install/usr/bin
Installing agetty to /workspaces/openwrt-radxa-rock5b-plus/openwrt/build_dir/target-aarch64_generic_musl/util-linux-2.41.1/ipkg-install/usr/sbin
-- Up-to-date: /workspaces/openwrt-radxa-rock5b-plus/openwrt/build_dir/target-aarch64_generic_musl/ucode-2025.07.18~3f64c808/ipkg-install/usr/lib/libucode.so.20230711
-- Up-to-date: /workspaces/openwrt-radxa-rock5b-plus/openwrt/build_dir/target-aarch64_generic_musl/ucode-2025.07.18~3f64c808/ipkg-install/usr/lib/libucode.so
-- Up-to-date: /workspaces/openwrt-radxa-rock5b-plus/openwrt/build_dir/target-aarch64_generic_musl/ucode-2025.07.18~3f64c808/ipkg-install/usr/lib/ucode/fs.so
-- Up-to-date: /workspaces/openwrt-radxa-rock5b-plus/openwrt/build_dir/target-aarch64_generic_musl/ucode-2025.07.18~3f64c808/ipkg-install/usr/lib/ucode/math.so
-- Up-to-date: /workspaces/openwrt-radxa-rock5b-plus/openwrt/build_dir/target-aarch64_generic_musl/ucode-2025.07.18~3f64c808/ipkg-install/usr/lib/ucode/ubus.so
-- Up-to-date: /workspaces/openwrt-radxa-rock5b-plus/openwrt/build_dir/target-aarch64_generic_musl/ucode-2025.07.18~3f64c808/ipkg-install/usr/lib/ucode/uci.so
-- Up-to-date: /workspaces/openwrt-radxa-rock5b-plus/openwrt/build_dir/target-aarch64_generic_musl/ucode-2025.07.18~3f64c808/ipkg-install/usr/lib/ucode/rtnl.so
-- Up-to-date: /workspaces/openwrt-radxa-rock5b-plus/openwrt/build_dir/target-aarch64_generic_musl/ucode-2025.07.18~3f64c808/ipkg-install/usr/lib/ucode/nl80211.so
-- Up-to-date: /workspaces/openwrt-radxa-rock5b-plus/openwrt/build_dir/target-aarch64_generic_musl/ucode-2025.07.18~3f64c808/ipkg-install/usr/lib/ucode/uloop.so
-- Up-to-date: /workspaces/openwrt-radxa-rock5b-plus/openwrt/build_dir/target-aarch64_generic_musl/ucode-2025.07.18~3f64c808/ipkg-install/usr/lib/ucode/log.so
-- Up-to-date: /workspaces/openwrt-radxa-rock5b-plus/openwrt/build_dir/target-aarch64_generic_musl/ucode-2025.07.18~3f64c808/ipkg-install/usr/lib/ucode/zlib.so
-- Up-to-date: /workspaces/openwrt-radxa-rock5b-plus/openwrt/build_dir/target-aarch64_generic_musl/ucode-2025.07.18~3f64c808/ipkg-install/usr/lib/ucode/digest.so
-- Up-to-date: /workspaces/openwrt-radxa-rock5b-plus/openwrt/build_dir/target-aarch64_generic_musl/ucode-2025.07.18~3f64c808/ipkg-install/usr/bin/utpl
-- Up-to-date: /workspaces/openwrt-radxa-rock5b-plus/openwrt/build_dir/target-aarch64_generic_musl/ucode-2025.07.18~3f64c808/ipkg-install/usr/bin/ucc
-- Up-to-date: /workspaces/openwrt-radxa-rock5b-plus/openwrt/build_dir/target-aarch64_generic_musl/ucode-2025.07.18~3f64c808/ipkg-install/usr/include/ucode/chunk.h
-- Up-to-date: /workspaces/openwrt-radxa-rock5b-plus/openwrt/build_dir/target-aarch64_generic_musl/ucode-2025.07.18~3f64c808/ipkg-install/usr/include/ucode/compiler.h
-- Up-to-date: /workspaces/openwrt-radxa-rock5b-plus/openwrt/build_dir/target-aarch64_generic_musl/ucode-2025.07.18~3f64c808/ipkg-install/usr/include/ucode/lexer.h
-- Up-to-date: /workspaces/openwrt-radxa-rock5b-plus/openwrt/build_dir/target-aarch64_generic_musl/ucode-2025.07.18~3f64c808/ipkg-install/usr/include/ucode/lib.h
-- Up-to-date: /workspaces/openwrt-radxa-rock5b-plus/openwrt/build_dir/target-aarch64_generic_musl/ucode-2025.07.18~3f64c808/ipkg-install/usr/include/ucode/module.h
-- Up-to-date: /workspaces/openwrt-radxa-rock5b-plus/openwrt/build_dir/target-aarch64_generic_musl/ucode-2025.07.18~3f64c808/ipkg-install/usr/include/ucode/platform.h
-- Up-to-date: /workspaces/openwrt-radxa-rock5b-plus/openwrt/build_dir/target-aarch64_generic_musl/ucode-2025.07.18~3f64c808/ipkg-install/usr/include/ucode/program.h
-- Up-to-date: /workspaces/openwrt-radxa-rock5b-plus/openwrt/build_dir/target-aarch64_generic_musl/ucode-2025.07.18~3f64c808/ipkg-install/usr/include/ucode/source.h
-- Up-to-date: /workspaces/openwrt-radxa-rock5b-plus/openwrt/build_dir/target-aarch64_generic_musl/ucode-2025.07.18~3f64c808/ipkg-install/usr/include/ucode/types.h
-- Up-to-date: /workspaces/openwrt-radxa-rock5b-plus/openwrt/build_dir/target-aarch64_generic_musl/ucode-2025.07.18~3f64c808/ipkg-install/usr/include/ucode/util.h
-- Up-to-date: /workspaces/openwrt-radxa-rock5b-plus/openwrt/build_dir/target-aarch64_generic_musl/ucode-2025.07.18~3f64c808/ipkg-install/usr/include/ucode/vallist.h
-- Up-to-date: /workspaces/openwrt-radxa-rock5b-plus/openwrt/build_dir/target-aarch64_generic_musl/ucode-2025.07.18~3f64c808/ipkg-install/usr/include/ucode/vm.h
touch /workspaces/openwrt-radxa-rock5b-plus/openwrt/build_dir/target-aarch64_generic_musl/ucode-2025.07.18~3f64c808/.built
rm -rf /workspaces/openwrt-radxa-rock5b-plus/openwrt/build_dir/target-aarch64_generic_musl/ucode-2025.07.18~3f64c808/.pkgdir/libucode.installed /workspaces/openwrt-radxa-rock5b-plus/openwrt/build_dir/target-aarch64_generic_musl/ucode-2025.07.18~3f64c808/.pkgdir/libucode
mkdir -p /workspaces/openwrt-radxa-rock5b-plus/openwrt/build_dir/target-aarch64_generic_musl/ucode-2025.07.18~3f64c808/.pkgdir/libucode
install -d -m0755 /workspaces/openwrt-radxa-rock5b-plus/openwrt/build_dir/target-aarch64_generic_musl/ucode-2025.07.18~3f64c808/.pkgdir/libucode/usr/lib
cp -fpR /workspaces/openwrt-radxa-rock5b-plus/openwrt/build_dir/target-aarch64_generic_musl/ucode-2025.07.18~3f64c808/ipkg-install/usr/lib/libucode.so.* /workspaces/openwrt-radxa-rock5b-plus/openwrt/build_dir/target-aarch64_generic_musl/ucode-2025.07.18~3f64c808/.pkgdir/libucode/usr/lib/
touch /workspaces/openwrt-radxa-rock5b-plus/openwrt/build_dir/target-aarch64_generic_musl/ucode-2025.07.18~3f64c808/.pkgdir/libucode.installed
mkdir -p /workspaces/openwrt-radxa-rock5b-plus/openwrt/staging_dir/target-aarch64_generic_musl/root-rockchip/stamp
echo '20230711' | cmp -s - /workspaces/openwrt-radxa-rock5b-plus/openwrt/staging_dir/target-aarch64_generic_musl/pkginfo/libucode.version || { echo '20230711' > /workspaces/openwrt-radxa-rock5b-plus/openwrt/staging_dir/target-aarch64_generic_musl/pkginfo/libucode.version;  } 
SHELL= flock /workspaces/openwrt-radxa-rock5b-plus/openwrt/tmp/.root-copy.flock -c 'cp -fpR /workspaces/openwrt-radxa-rock5b-plus/openwrt/build_dir/target-aarch64_generic_musl/ucode-2025.07.18~3f64c808/.pkgdir/libucode/. /workspaces/openwrt-radxa-rock5b-plus/openwrt/staging_dir/target-aarch64_generic_musl/root-rockchip/'
touch /workspaces/openwrt-radxa-rock5b-plus/openwrt/staging_dir/target-aarch64_generic_musl/root-rockchip/stamp/.libucode_installed
rm -rf /workspaces/openwrt-radxa-rock5b-plus/openwrt/build_dir/target-aarch64_generic_musl/ucode-2025.07.18~3f64c808/ipkg-aarch64_generic/libucode
/workspaces/openwrt-radxa-rock5b-plus/openwrt/scripts/ipkg-remove libucode /workspaces/openwrt-radxa-rock5b-plus/openwrt/bin/packages/aarch64_generic/base/libucode20230711-2025.07.18~3f64c808-r1.apk
removed '/workspaces/openwrt-radxa-rock5b-plus/openwrt/bin/packages/aarch64_generic/base/libucode20230711-2025.07.18~3f64c808-r1.apk'
mkdir -p /workspaces/openwrt-radxa-rock5b-plus/openwrt/bin/targets/rockchip/armv8/packages /workspaces/openwrt-radxa-rock5b-plus/openwrt/build_dir/target-aarch64_generic_musl/ucode-2025.07.18~3f64c808/ipkg-aarch64_generic/libucode /workspaces/openwrt-radxa-rock5b-plus/openwrt/staging_dir/target-aarch64_generic_musl/pkginfo
install -d -m0755 /workspaces/openwrt-radxa-rock5b-plus/openwrt/build_dir/target-aarch64_generic_musl/ucode-2025.07.18~3f64c808/ipkg-aarch64_generic/libucode/usr/lib
cp -fpR /workspaces/openwrt-radxa-rock5b-plus/openwrt/build_dir/target-aarch64_generic_musl/ucode-2025.07.18~3f64c808/ipkg-install/usr/lib/libucode.so.* /workspaces/openwrt-radxa-rock5b-plus/openwrt/build_dir/target-aarch64_generic_musl/ucode-2025.07.18~3f64c808/ipkg-aarch64_generic/libucode/usr/lib/
find /workspaces/openwrt-radxa-rock5b-plus/openwrt/build_dir/target-aarch64_generic_musl/ucode-2025.07.18~3f64c808/ipkg-aarch64_generic/libucode -name 'CVS' -o -name '.svn' -o -name '.#*' -o -name '*~'| xargs -r rm -rf
export CROSS="aarch64-openwrt-linux-musl-"  NO_RENAME=1 ; NM="aarch64-openwrt-linux-musl-nm" STRIP="/workspaces/openwrt-radxa-rock5b-plus/openwrt/staging_dir/host/bin/sstrip -z" STRIP_KMOD="/workspaces/openwrt-radxa-rock5b-plus/openwrt/scripts/strip-kmod.sh" PATCHELF="/workspaces/openwrt-radxa-rock5b-plus/openwrt/staging_dir/host/bin/patchelf" /workspaces/openwrt-radxa-rock5b-plus/openwrt/scripts/rstrip.sh /workspaces/openwrt-radxa-rock5b-plus/openwrt/build_dir/target-aarch64_generic_musl/ucode-2025.07.18~3f64c808/ipkg-aarch64_generic/libucode
rstrip.sh: /workspaces/openwrt-radxa-rock5b-plus/openwrt/build_dir/target-aarch64_generic_musl/ucode-2025.07.18~3f64c808/ipkg-aarch64_generic/libucode/usr/lib/libucode.so.20230711: shared object
install -d -m0755 /workspaces/openwrt-radxa-rock5b-plus/openwrt/bin/packages/aarch64_generic/base/tmp
mkdir -p /workspaces/openwrt-radxa-rock5b-plus/openwrt/build_dir/target-aarch64_generic_musl/ucode-2025.07.18~3f64c808/apk-aarch64_generic/libucode/
mkdir -p /workspaces/openwrt-radxa-rock5b-plus/openwrt/build_dir/target-aarch64_generic_musl/ucode-2025.07.18~3f64c808/ipkg-aarch64_generic/libucode/lib/apk/packages/
(cd /workspaces/openwrt-radxa-rock5b-plus/openwrt/build_dir/target-aarch64_generic_musl/ucode-2025.07.18~3f64c808/apk-aarch64_generic/libucode; )
( echo "#!/bin/sh"; echo "[ \"\${IPKG_NO_SCRIPT}\" = \"1\" ] && exit 0"; echo "[ -s "\${IPKG_INSTROOT}/lib/functions.sh" ] || exit 0"; echo ". \${IPKG_INSTROOT}/lib/functions.sh"; echo 'export root="${IPKG_INSTROOT}"'; echo 'export pkgname="libucode"'; echo "add_group_and_user"; echo "default_postinst"; [ ! -f /workspaces/openwrt-radxa-rock5b-plus/openwrt/build_dir/target-aarch64_generic_musl/ucode-2025.07.18~3f64c808/apk-aarch64_generic/libucode/postinst-pkg ] || sed -z 's/^\s*#!/#!/' "/workspaces/openwrt-radxa-rock5b-plus/openwrt/build_dir/target-aarch64_generic_musl/ucode-2025.07.18~3f64c808/apk-aarch64_generic/libucode/postinst-pkg"; ) > /workspaces/openwrt-radxa-rock5b-plus/openwrt/build_dir/target-aarch64_generic_musl/ucode-2025.07.18~3f64c808/apk-aarch64_generic/libucode/post-install;
( echo "#!/bin/sh"; echo 'export PKG_UPGRADE=1'; [ ! -f /workspaces/openwrt-radxa-rock5b-plus/openwrt/build_dir/target-aarch64_generic_musl/ucode-2025.07.18~3f64c808/apk-aarch64_generic/libucode/post-install ] || sed -z 's/^\s*#!/#!/' "/workspaces/openwrt-radxa-rock5b-plus/openwrt/build_dir/target-aarch64_generic_musl/ucode-2025.07.18~3f64c808/apk-aarch64_generic/libucode/post-install"; ) > /workspaces/openwrt-radxa-rock5b-plus/openwrt/build_dir/target-aarch64_generic_musl/ucode-2025.07.18~3f64c808/apk-aarch64_generic/libucode/post-upgrade;
( echo "#!/bin/sh"; echo "[ -s "\${IPKG_INSTROOT}/lib/functions.sh" ] || exit 0"; echo ". \${IPKG_INSTROOT}/lib/functions.sh"; echo 'export root="${IPKG_INSTROOT}"'; echo 'export pkgname="libucode"'; echo "default_prerm"; [ ! -f /workspaces/openwrt-radxa-rock5b-plus/openwrt/build_dir/target-aarch64_generic_musl/ucode-2025.07.18~3f64c808/apk-aarch64_generic/libucode/prerm-pkg ] || sed -z 's/^\s*#!/#!/' "/workspaces/openwrt-radxa-rock5b-plus/openwrt/build_dir/target-aarch64_generic_musl/ucode-2025.07.18~3f64c808/apk-aarch64_generic/libucode/prerm-pkg"; ) > /workspaces/openwrt-radxa-rock5b-plus/openwrt/build_dir/target-aarch64_generic_musl/ucode-2025.07.18~3f64c808/apk-aarch64_generic/libucode/pre-deinstall;
[ ! -f /workspaces/openwrt-radxa-rock5b-plus/openwrt/build_dir/target-aarch64_generic_musl/ucode-2025.07.18~3f64c808/apk-aarch64_generic/libucode/postrm ] || sed -zi 's/^\s*#!/#!/' "/workspaces/openwrt-radxa-rock5b-plus/openwrt/build_dir/target-aarch64_generic_musl/ucode-2025.07.18~3f64c808/apk-aarch64_generic/libucode/postrm";
if [ -n "" ]; then echo  > /workspaces/openwrt-radxa-rock5b-plus/openwrt/build_dir/target-aarch64_generic_musl/ucode-2025.07.18~3f64c808/ipkg-aarch64_generic/libucode/lib/apk/packages/libucode.rusers; fi;
if [ -n "" ]; then echo  > /workspaces/openwrt-radxa-rock5b-plus/openwrt/build_dir/target-aarch64_generic_musl/ucode-2025.07.18~3f64c808/ipkg-aarch64_generic/libucode/lib/apk/packages/libucode.alternatives; fi;
(cd /workspaces/openwrt-radxa-rock5b-plus/openwrt/build_dir/target-aarch64_generic_musl/ucode-2025.07.18~3f64c808/ipkg-aarch64_generic/libucode && find . -type f,l -printf "/%P\n" | sort > /workspaces/openwrt-radxa-rock5b-plus/openwrt/tmp/libucode.list && mv /workspaces/openwrt-radxa-rock5b-plus/openwrt/tmp/libucode.list /workspaces/openwrt-radxa-rock5b-plus/openwrt/build_dir/target-aarch64_generic_musl/ucode-2025.07.18~3f64c808/ipkg-aarch64_generic/libucode/lib/apk/packages/libucode.list)
# Move conffiles to IDIR and build conffiles_static with csums
if [ -f /workspaces/openwrt-radxa-rock5b-plus/openwrt/build_dir/target-aarch64_generic_musl/ucode-2025.07.18~3f64c808/apk-aarch64_generic/libucode/conffiles ]; then mv -f /workspaces/openwrt-radxa-rock5b-plus/openwrt/build_dir/target-aarch64_generic_musl/ucode-2025.07.18~3f64c808/apk-aarch64_generic/libucode/conffiles /workspaces/openwrt-radxa-rock5b-plus/openwrt/build_dir/target-aarch64_generic_musl/ucode-2025.07.18~3f64c808/ipkg-aarch64_generic/libucode/lib/apk/packages/libucode.conffiles; for file in $(cat /workspaces/openwrt-radxa-rock5b-plus/openwrt/build_dir/target-aarch64_generic_musl/ucode-2025.07.18~3f64c808/ipkg-aarch64_generic/libucode/lib/apk/packages/libucode.conffiles); do [ -f /workspaces/openwrt-radxa-rock5b-plus/openwrt/build_dir/target-aarch64_generic_musl/ucode-2025.07.18~3f64c808/ipkg-aarch64_generic/libucode/$file ] || continue; csum=$(/workspaces/openwrt-radxa-rock5b-plus/openwrt/staging_dir/host/bin/mkhash sha256 /workspaces/openwrt-radxa-rock5b-plus/openwrt/build_dir/target-aarch64_generic_musl/ucode-2025.07.18~3f64c808/ipkg-aarch64_generic/libucode/$file); echo $file $csum >> /workspaces/openwrt-radxa-rock5b-plus/openwrt/build_dir/target-aarch64_generic_musl/ucode-2025.07.18~3f64c808/ipkg-aarch64_generic/libucode/lib/apk/packages/libucode.conffiles_static; done; fi
# Some package (base-files) manually append stuff to conffiles
# Append stuff from it and delete the CONTROL directory since everything else should be migrated
if [ -f /workspaces/openwrt-radxa-rock5b-plus/openwrt/build_dir/target-aarch64_generic_musl/ucode-2025.07.18~3f64c808/ipkg-aarch64_generic/libucode/CONTROL/conffiles ]; then echo $(IDIR_libucode)/CONTROL/conffiles >> /workspaces/openwrt-radxa-rock5b-plus/openwrt/build_dir/target-aarch64_generic_musl/ucode-2025.07.18~3f64c808/ipkg-aarch64_generic/libucode/lib/apk/packages/libucode.conffiles; for file in $(cat /workspaces/openwrt-radxa-rock5b-plus/openwrt/build_dir/target-aarch64_generic_musl/ucode-2025.07.18~3f64c808/ipkg-aarch64_generic/libucode/CONTROL/conffiles); do [ -f /workspaces/openwrt-radxa-rock5b-plus/openwrt/build_dir/target-aarch64_generic_musl/ucode-2025.07.18~3f64c808/ipkg-aarch64_generic/libucode/$file ] || continue; csum=$(/workspaces/openwrt-radxa-rock5b-plus/openwrt/staging_dir/host/bin/mkhash sha256 /workspaces/openwrt-radxa-rock5b-plus/openwrt/build_dir/target-aarch64_generic_musl/ucode-2025.07.18~3f64c808/ipkg-aarch64_generic/libucode/$file); echo $file $csum >> /workspaces/openwrt-radxa-rock5b-plus/openwrt/build_dir/target-aarch64_generic_musl/ucode-2025.07.18~3f64c808/ipkg-aarch64_generic/libucode/lib/apk/packages/libucode.conffiles_static; done; rm -rf /workspaces/openwrt-radxa-rock5b-plus/openwrt/build_dir/target-aarch64_generic_musl/ucode-2025.07.18~3f64c808/ipkg-aarch64_generic/libucode/CONTROL/conffiles; fi
if [ -z "$(ls -A /workspaces/openwrt-radxa-rock5b-plus/openwrt/build_dir/target-aarch64_generic_musl/ucode-2025.07.18~3f64c808/ipkg-aarch64_generic/libucode/CONTROL 2>/dev/null)" ]; then rm -rf /workspaces/openwrt-radxa-rock5b-plus/openwrt/build_dir/target-aarch64_generic_musl/ucode-2025.07.18~3f64c808/ipkg-aarch64_generic/libucode/CONTROL; else echo "CONTROL directory /workspaces/openwrt-radxa-rock5b-plus/openwrt/build_dir/target-aarch64_generic_musl/ucode-2025.07.18~3f64c808/ipkg-aarch64_generic/libucode/CONTROL is not empty! This is not right and should be checked!" >&2; exit 1; fi
/workspaces/openwrt-radxa-rock5b-plus/openwrt/staging_dir/host/bin/fakeroot /workspaces/openwrt-radxa-rock5b-plus/openwrt/staging_dir/host/bin/apk mkpkg --info "name:libucode20230711" --info "version:2025.07.18~3f64c808-r1" --info "tags:openwrt:abiversion=20230711" --info "description:The libucode package provides the shared runtime library for the ucode interpreter." --info "arch:aarch64_generic" --info "license:ISC" --info "origin:feeds/base/utils/ucode" --info "url:" --info "maintainer:Jo-Philipp Wich <jo@mein.io>" --info "provides: libucode=2025.07.18~3f64c808-r1 "  --script "post-install:/workspaces/openwrt-radxa-rock5b-plus/openwrt/build_dir/target-aarch64_generic_musl/ucode-2025.07.18~3f64c808/apk-aarch64_generic/libucode/post-install" --script "post-upgrade:/workspaces/openwrt-radxa-rock5b-plus/openwrt/build_dir/target-aarch64_generic_musl/ucode-2025.07.18~3f64c808/apk-aarch64_generic/libucode/post-upgrade" --script "pre-deinstall:/workspaces/openwrt-radxa-rock5b-plus/openwrt/build_dir/target-aarch64_generic_musl/ucode-2025.07.18~3f64c808/apk-aarch64_generic/libucode/pre-deinstall" --info "depends:libc libjson-c5" --files "/workspaces/openwrt-radxa-rock5b-plus/openwrt/build_dir/target-aarch64_generic_musl/ucode-2025.07.18~3f64c808/ipkg-aarch64_generic/libucode" --output "/workspaces/openwrt-radxa-rock5b-plus/openwrt/bin/packages/aarch64_generic/base/libucode20230711-2025.07.18~3f64c808-r1.apk" --sign "/workspaces/openwrt-radxa-rock5b-plus/openwrt/private-key.pem"
rm -rf /workspaces/openwrt-radxa-rock5b-plus/openwrt/build_dir/target-aarch64_generic_musl/ucode-2025.07.18~3f64c808/ipkg-aarch64_generic/ucode
/workspaces/openwrt-radxa-rock5b-plus/openwrt/scripts/ipkg-remove ucode /workspaces/openwrt-radxa-rock5b-plus/openwrt/bin/packages/aarch64_generic/base/ucode-2025.07.18~3f64c808-r1.apk /workspaces/openwrt-radxa-rock5b-plus/openwrt/bin/packages/aarch64_generic/base/ucode-mod-digest-2025.07.18~3f64c808-r1.apk /workspaces/openwrt-radxa-rock5b-plus/openwrt/bin/packages/aarch64_generic/base/ucode-mod-fs-2025.07.18~3f64c808-r1.apk /workspaces/openwrt-radxa-rock5b-plus/openwrt/bin/packages/aarch64_generic/base/ucode-mod-log-2025.07.18~3f64c808-r1.apk /workspaces/openwrt-radxa-rock5b-plus/openwrt/bin/packages/aarch64_generic/base/ucode-mod-math-2025.07.18~3f64c808-r1.apk /workspaces/openwrt-radxa-rock5b-plus/openwrt/bin/packages/aarch64_generic/base/ucode-mod-nl80211-2025.07.18~3f64c808-r1.apk /workspaces/openwrt-radxa-rock5b-plus/openwrt/bin/packages/aarch64_generic/base/ucode-mod-rtnl-2025.07.18~3f64c808-r1.apk /workspaces/openwrt-radxa-rock5b-plus/openwrt/bin/packages/aarch64_generic/base/ucode-mod-ubus-2025.07.18~3f64c808-r1.apk /workspaces/openwrt-radxa-rock5b-plus/openwrt/bin/packages/aarch64_generic/base/ucode-mod-uci-2025.07.18~3f64c808-r1.apk /workspaces/openwrt-radxa-rock5b-plus/openwrt/bin/packages/aarch64_generic/base/ucode-mod-uloop-2025.07.18~3f64c808-r1.apk /workspaces/openwrt-radxa-rock5b-plus/openwrt/bin/packages/aarch64_generic/luci/ucode-mod-html-1.apk /workspaces/openwrt-radxa-rock5b-plus/openwrt/bin/packages/aarch64_generic/luci/ucode-mod-lua-1.apk
removed '/workspaces/openwrt-radxa-rock5b-plus/openwrt/bin/packages/aarch64_generic/base/ucode-2025.07.18~3f64c808-r1.apk'
Installing setterm to /workspaces/openwrt-radxa-rock5b-plus/openwrt/build_dir/target-aarch64_generic_musl/util-linux-2.41.1/ipkg-install/usr/bin
Installing wall to /workspaces/openwrt-radxa-rock5b-plus/openwrt/build_dir/target-aarch64_generic_musl/util-linux-2.41.1/ipkg-install/usr/bin
'/workspaces/openwrt-radxa-rock5b-plus/openwrt/build_dir/target-aarch64_generic_musl/util-linux-2.41.1/ipkg-install/usr/bin/wall': Unable to set owner 'root' and group 'tty': Operation not permitted, ignoring...
Installing cal to /workspaces/openwrt-radxa-rock5b-plus/openwrt/build_dir/target-aarch64_generic_musl/util-linux-2.41.1/ipkg-install/usr/bin
Installing logger to /workspaces/openwrt-radxa-rock5b-plus/openwrt/build_dir/target-aarch64_generic_musl/util-linux-2.41.1/ipkg-install/usr/bin
Installing look to /workspaces/openwrt-radxa-rock5b-plus/openwrt/build_dir/target-aarch64_generic_musl/util-linux-2.41.1/ipkg-install/usr/bin
Installing mcookie to /workspaces/openwrt-radxa-rock5b-plus/openwrt/build_dir/target-aarch64_generic_musl/util-linux-2.41.1/ipkg-install/usr/bin
Installing namei to /workspaces/openwrt-radxa-rock5b-plus/openwrt/build_dir/target-aarch64_generic_musl/util-linux-2.41.1/ipkg-install/usr/bin
Installing whereis to /workspaces/openwrt-radxa-rock5b-plus/openwrt/build_dir/target-aarch64_generic_musl/util-linux-2.41.1/ipkg-install/usr/bin
Installing lslocks to /workspaces/openwrt-radxa-rock5b-plus/openwrt/build_dir/target-aarch64_generic_musl/util-linux-2.41.1/ipkg-install/usr/bin
Installing lsblk to /workspaces/openwrt-radxa-rock5b-plus/openwrt/build_dir/target-aarch64_generic_musl/util-linux-2.41.1/ipkg-install/usr/bin
Installing lsfd to /workspaces/openwrt-radxa-rock5b-plus/openwrt/build_dir/target-aarch64_generic_musl/util-linux-2.41.1/ipkg-install/usr/bin
Installing uuidgen to /workspaces/openwrt-radxa-rock5b-plus/openwrt/build_dir/target-aarch64_generic_musl/util-linux-2.41.1/ipkg-install/usr/bin
Installing uuidparse to /workspaces/openwrt-radxa-rock5b-plus/openwrt/build_dir/target-aarch64_generic_musl/util-linux-2.41.1/ipkg-install/usr/bin
Installing uuidd to /workspaces/openwrt-radxa-rock5b-plus/openwrt/build_dir/target-aarch64_generic_musl/util-linux-2.41.1/ipkg-install/usr/sbin
Installing blkid to /workspaces/openwrt-radxa-rock5b-plus/openwrt/build_dir/target-aarch64_generic_musl/util-linux-2.41.1/ipkg-install/usr/sbin
Installing findfs to /workspaces/openwrt-radxa-rock5b-plus/openwrt/build_dir/target-aarch64_generic_musl/util-linux-2.41.1/ipkg-install/usr/sbin
Installing wipefs to /workspaces/openwrt-radxa-rock5b-plus/openwrt/build_dir/target-aarch64_generic_musl/util-linux-2.41.1/ipkg-install/usr/sbin
Installing findmnt to /workspaces/openwrt-radxa-rock5b-plus/openwrt/build_dir/target-aarch64_generic_musl/util-linux-2.41.1/ipkg-install/usr/bin
Installing rename to /workspaces/openwrt-radxa-rock5b-plus/openwrt/build_dir/target-aarch64_generic_musl/util-linux-2.41.1/ipkg-install/usr/bin
Installing getopt to /workspaces/openwrt-radxa-rock5b-plus/openwrt/build_dir/target-aarch64_generic_musl/util-linux-2.41.1/ipkg-install/usr/bin
Installing fincore to /workspaces/openwrt-radxa-rock5b-plus/openwrt/build_dir/target-aarch64_generic_musl/util-linux-2.41.1/ipkg-install/usr/bin
Installing pipesz to /workspaces/openwrt-radxa-rock5b-plus/openwrt/build_dir/target-aarch64_generic_musl/util-linux-2.41.1/ipkg-install/usr/bin
Installing fadvise to /workspaces/openwrt-radxa-rock5b-plus/openwrt/build_dir/target-aarch64_generic_musl/util-linux-2.41.1/ipkg-install/usr/bin
Installing enosys to /workspaces/openwrt-radxa-rock5b-plus/openwrt/build_dir/target-aarch64_generic_musl/util-linux-2.41.1/ipkg-install/usr/bin
Installing lsclocks to /workspaces/openwrt-radxa-rock5b-plus/openwrt/build_dir/target-aarch64_generic_musl/util-linux-2.41.1/ipkg-install/usr/bin
Installing exch to /workspaces/openwrt-radxa-rock5b-plus/openwrt/build_dir/target-aarch64_generic_musl/util-linux-2.41.1/ipkg-install/usr/bin
Installing chrt to /workspaces/openwrt-radxa-rock5b-plus/openwrt/build_dir/target-aarch64_generic_musl/util-linux-2.41.1/ipkg-install/usr/bin
Installing ionice to /workspaces/openwrt-radxa-rock5b-plus/openwrt/build_dir/target-aarch64_generic_musl/util-linux-2.41.1/ipkg-install/usr/bin
Installing taskset to /workspaces/openwrt-radxa-rock5b-plus/openwrt/build_dir/target-aarch64_generic_musl/util-linux-2.41.1/ipkg-install/usr/bin
Installing uclampset to /workspaces/openwrt-radxa-rock5b-plus/openwrt/build_dir/target-aarch64_generic_musl/util-linux-2.41.1/ipkg-install/usr/bin
Installing coresched to /workspaces/openwrt-radxa-rock5b-plus/openwrt/build_dir/target-aarch64_generic_musl/util-linux-2.41.1/ipkg-install/usr/bin
Installing /workspaces/openwrt-radxa-rock5b-plus/openwrt/build_dir/target-aarch64_generic_musl/util-linux-2.41.1/libuuid/src/uuid.h to /workspaces/openwrt-radxa-rock5b-plus/openwrt/build_dir/target-aarch64_generic_musl/util-linux-2.41.1/ipkg-install/usr/include/uuid
Installing /workspaces/openwrt-radxa-rock5b-plus/openwrt/build_dir/target-aarch64_generic_musl/util-linux-2.41.1/openwrt-build/libblkid/blkid.h to /workspaces/openwrt-radxa-rock5b-plus/openwrt/build_dir/target-aarch64_generic_musl/util-linux-2.41.1/ipkg-install/usr/include/blkid
Installing /workspaces/openwrt-radxa-rock5b-plus/openwrt/build_dir/target-aarch64_generic_musl/util-linux-2.41.1/openwrt-build/meson-private/blkid.pc to /workspaces/openwrt-radxa-rock5b-plus/openwrt/build_dir/target-aarch64_generic_musl/util-linux-2.41.1/ipkg-install/usr/lib/pkgconfig
Installing /workspaces/openwrt-radxa-rock5b-plus/openwrt/build_dir/target-aarch64_generic_musl/util-linux-2.41.1/openwrt-build/libmount/libmount.h to /workspaces/openwrt-radxa-rock5b-plus/openwrt/build_dir/target-aarch64_generic_musl/util-linux-2.41.1/ipkg-install/usr/include/libmount
Installing /workspaces/openwrt-radxa-rock5b-plus/openwrt/build_dir/target-aarch64_generic_musl/util-linux-2.41.1/openwrt-build/meson-private/mount.pc to /workspaces/openwrt-radxa-rock5b-plus/openwrt/build_dir/target-aarch64_generic_musl/util-linux-2.41.1/ipkg-install/usr/lib/pkgconfig
Installing /workspaces/openwrt-radxa-rock5b-plus/openwrt/build_dir/target-aarch64_generic_musl/util-linux-2.41.1/openwrt-build/libsmartcols/libsmartcols.h to /workspaces/openwrt-radxa-rock5b-plus/openwrt/build_dir/target-aarch64_generic_musl/util-linux-2.41.1/ipkg-install/usr/include/libsmartcols
Installing /workspaces/openwrt-radxa-rock5b-plus/openwrt/build_dir/target-aarch64_generic_musl/util-linux-2.41.1/openwrt-build/meson-private/smartcols.pc to /workspaces/openwrt-radxa-rock5b-plus/openwrt/build_dir/target-aarch64_generic_musl/util-linux-2.41.1/ipkg-install/usr/lib/pkgconfig
Installing /workspaces/openwrt-radxa-rock5b-plus/openwrt/build_dir/target-aarch64_generic_musl/util-linux-2.41.1/openwrt-build/meson-private/uuid.pc to /workspaces/openwrt-radxa-rock5b-plus/openwrt/build_dir/target-aarch64_generic_musl/util-linux-2.41.1/ipkg-install/usr/lib/pkgconfig
Installing /workspaces/openwrt-radxa-rock5b-plus/openwrt/build_dir/target-aarch64_generic_musl/util-linux-2.41.1/openwrt-build/libfdisk/libfdisk.h to /workspaces/openwrt-radxa-rock5b-plus/openwrt/build_dir/target-aarch64_generic_musl/util-linux-2.41.1/ipkg-install/usr/include/libfdisk
Installing /workspaces/openwrt-radxa-rock5b-plus/openwrt/build_dir/target-aarch64_generic_musl/util-linux-2.41.1/openwrt-build/meson-private/fdisk.pc to /workspaces/openwrt-radxa-rock5b-plus/openwrt/build_dir/target-aarch64_generic_musl/util-linux-2.41.1/ipkg-install/usr/lib/pkgconfig
Installing /workspaces/openwrt-radxa-rock5b-plus/openwrt/build_dir/target-aarch64_generic_musl/util-linux-2.41.1/misc-utils/getopt-example.bash to /workspaces/openwrt-radxa-rock5b-plus/openwrt/build_dir/target-aarch64_generic_musl/util-linux-2.41.1/ipkg-install/usr/share/doc/util-linux
Installing /workspaces/openwrt-radxa-rock5b-plus/openwrt/build_dir/target-aarch64_generic_musl/util-linux-2.41.1/misc-utils/getopt-example.tcsh to /workspaces/openwrt-radxa-rock5b-plus/openwrt/build_dir/target-aarch64_generic_musl/util-linux-2.41.1/ipkg-install/usr/share/doc/util-linux
Installing symlink pointing to libblkid.so.1.1.0 to /workspaces/openwrt-radxa-rock5b-plus/openwrt/build_dir/target-aarch64_generic_musl/util-linux-2.41.1/ipkg-install/usr/lib/libblkid.so.1
Installing symlink pointing to libblkid.so.1 to /workspaces/openwrt-radxa-rock5b-plus/openwrt/build_dir/target-aarch64_generic_musl/util-linux-2.41.1/ipkg-install/usr/lib/libblkid.so
Installing symlink pointing to libmount.so.1.1.0 to /workspaces/openwrt-radxa-rock5b-plus/openwrt/build_dir/target-aarch64_generic_musl/util-linux-2.41.1/ipkg-install/usr/lib/libmount.so.1
Installing symlink pointing to libmount.so.1 to /workspaces/openwrt-radxa-rock5b-plus/openwrt/build_dir/target-aarch64_generic_musl/util-linux-2.41.1/ipkg-install/usr/lib/libmount.so
Installing symlink pointing to libsmartcols.so.1.1.0 to /workspaces/openwrt-radxa-rock5b-plus/openwrt/build_dir/target-aarch64_generic_musl/util-linux-2.41.1/ipkg-install/usr/lib/libsmartcols.so.1
Installing symlink pointing to libsmartcols.so.1 to /workspaces/openwrt-radxa-rock5b-plus/openwrt/build_dir/target-aarch64_generic_musl/util-linux-2.41.1/ipkg-install/usr/lib/libsmartcols.so
Installing symlink pointing to libuuid.so.1.3.0 to /workspaces/openwrt-radxa-rock5b-plus/openwrt/build_dir/target-aarch64_generic_musl/util-linux-2.41.1/ipkg-install/usr/lib/libuuid.so.1
Installing symlink pointing to libuuid.so.1 to /workspaces/openwrt-radxa-rock5b-plus/openwrt/build_dir/target-aarch64_generic_musl/util-linux-2.41.1/ipkg-install/usr/lib/libuuid.so
Installing symlink pointing to libfdisk.so.1.1.0 to /workspaces/openwrt-radxa-rock5b-plus/openwrt/build_dir/target-aarch64_generic_musl/util-linux-2.41.1/ipkg-install/usr/lib/libfdisk.so.1
Installing symlink pointing to libfdisk.so.1 to /workspaces/openwrt-radxa-rock5b-plus/openwrt/build_dir/target-aarch64_generic_musl/util-linux-2.41.1/ipkg-install/usr/lib/libfdisk.so
Running custom install script '/workspaces/openwrt-radxa-rock5b-plus/openwrt/build_dir/target-aarch64_generic_musl/util-linux-2.41.1/tools/meson-make-symlink.sh last /usr/bin/lastb'
Running custom install script '/workspaces/openwrt-radxa-rock5b-plus/openwrt/build_dir/target-aarch64_generic_musl/util-linux-2.41.1/tools/meson-make-symlink.sh setarch /usr/bin/uname26'
Running custom install script '/workspaces/openwrt-radxa-rock5b-plus/openwrt/build_dir/target-aarch64_generic_musl/util-linux-2.41.1/tools/meson-make-symlink.sh setarch /usr/bin/linux32'
Running custom install script '/workspaces/openwrt-radxa-rock5b-plus/openwrt/build_dir/target-aarch64_generic_musl/util-linux-2.41.1/tools/meson-make-symlink.sh setarch /usr/bin/linux64'
mkdir -p /workspaces/openwrt-radxa-rock5b-plus/openwrt/bin/targets/rockchip/armv8/packages /workspaces/openwrt-radxa-rock5b-plus/openwrt/build_dir/target-aarch64_generic_musl/ucode-2025.07.18~3f64c808/ipkg-aarch64_generic/ucode /workspaces/openwrt-radxa-rock5b-plus/openwrt/staging_dir/target-aarch64_generic_musl/pkginfo
install -d -m0755 /workspaces/openwrt-radxa-rock5b-plus/openwrt/build_dir/target-aarch64_generic_musl/ucode-2025.07.18~3f64c808/ipkg-aarch64_generic/ucode/usr/bin
touch /workspaces/openwrt-radxa-rock5b-plus/openwrt/build_dir/target-aarch64_generic_musl/util-linux-2.41.1/.built
cp -fpR /workspaces/openwrt-radxa-rock5b-plus/openwrt/build_dir/target-aarch64_generic_musl/ucode-2025.07.18~3f64c808/ipkg-install/usr/bin/u* /workspaces/openwrt-radxa-rock5b-plus/openwrt/build_dir/target-aarch64_generic_musl/ucode-2025.07.18~3f64c808/ipkg-aarch64_generic/ucode/usr/bin/
rm -rf /workspaces/openwrt-radxa-rock5b-plus/openwrt/build_dir/target-aarch64_generic_musl/util-linux-2.41.1/.pkgdir/libuuid.installed /workspaces/openwrt-radxa-rock5b-plus/openwrt/build_dir/target-aarch64_generic_musl/util-linux-2.41.1/.pkgdir/libuuid
mkdir -p /workspaces/openwrt-radxa-rock5b-plus/openwrt/build_dir/target-aarch64_generic_musl/util-linux-2.41.1/.pkgdir/libuuid
install -d -m0755 /workspaces/openwrt-radxa-rock5b-plus/openwrt/build_dir/target-aarch64_generic_musl/util-linux-2.41.1/.pkgdir/libuuid/usr/lib
cp -fpR /workspaces/openwrt-radxa-rock5b-plus/openwrt/build_dir/target-aarch64_generic_musl/util-linux-2.41.1/ipkg-install/usr/lib/libuuid.so.* /workspaces/openwrt-radxa-rock5b-plus/openwrt/build_dir/target-aarch64_generic_musl/util-linux-2.41.1/.pkgdir/libuuid/usr/lib/
touch /workspaces/openwrt-radxa-rock5b-plus/openwrt/build_dir/target-aarch64_generic_musl/util-linux-2.41.1/.pkgdir/libuuid.installed
mkdir -p /workspaces/openwrt-radxa-rock5b-plus/openwrt/staging_dir/target-aarch64_generic_musl/root-rockchip/stamp
echo '1' | cmp -s - /workspaces/openwrt-radxa-rock5b-plus/openwrt/staging_dir/target-aarch64_generic_musl/pkginfo/libuuid.version || { echo '1' > /workspaces/openwrt-radxa-rock5b-plus/openwrt/staging_dir/target-aarch64_generic_musl/pkginfo/libuuid.version;  } 
find /workspaces/openwrt-radxa-rock5b-plus/openwrt/build_dir/target-aarch64_generic_musl/ucode-2025.07.18~3f64c808/ipkg-aarch64_generic/ucode -name 'CVS' -o -name '.svn' -o -name '.#*' -o -name '*~'| xargs -r rm -rf
SHELL= flock /workspaces/openwrt-radxa-rock5b-plus/openwrt/tmp/.root-copy.flock -c 'cp -fpR /workspaces/openwrt-radxa-rock5b-plus/openwrt/build_dir/target-aarch64_generic_musl/util-linux-2.41.1/.pkgdir/libuuid/. /workspaces/openwrt-radxa-rock5b-plus/openwrt/staging_dir/target-aarch64_generic_musl/root-rockchip/'
touch /workspaces/openwrt-radxa-rock5b-plus/openwrt/staging_dir/target-aarch64_generic_musl/root-rockchip/stamp/.libuuid_installed
export CROSS="aarch64-openwrt-linux-musl-"  NO_RENAME=1 ; NM="aarch64-openwrt-linux-musl-nm" STRIP="/workspaces/openwrt-radxa-rock5b-plus/openwrt/staging_dir/host/bin/sstrip -z" STRIP_KMOD="/workspaces/openwrt-radxa-rock5b-plus/openwrt/scripts/strip-kmod.sh" PATCHELF="/workspaces/openwrt-radxa-rock5b-plus/openwrt/staging_dir/host/bin/patchelf" /workspaces/openwrt-radxa-rock5b-plus/openwrt/scripts/rstrip.sh /workspaces/openwrt-radxa-rock5b-plus/openwrt/build_dir/target-aarch64_generic_musl/ucode-2025.07.18~3f64c808/ipkg-aarch64_generic/ucode
rm -rf /workspaces/openwrt-radxa-rock5b-plus/openwrt/build_dir/target-aarch64_generic_musl/util-linux-2.41.1/ipkg-aarch64_generic/libuuid
/workspaces/openwrt-radxa-rock5b-plus/openwrt/scripts/ipkg-remove libuuid /workspaces/openwrt-radxa-rock5b-plus/openwrt/bin/packages/aarch64_generic/base/libuuid1-2.41.1-r2.apk
rstrip.sh: /workspaces/openwrt-radxa-rock5b-plus/openwrt/build_dir/target-aarch64_generic_musl/ucode-2025.07.18~3f64c808/ipkg-aarch64_generic/ucode/usr/bin/ucode: executable
install -d -m0755 /workspaces/openwrt-radxa-rock5b-plus/openwrt/bin/packages/aarch64_generic/base/tmp
mkdir -p /workspaces/openwrt-radxa-rock5b-plus/openwrt/build_dir/target-aarch64_generic_musl/ucode-2025.07.18~3f64c808/apk-aarch64_generic/ucode/
mkdir -p /workspaces/openwrt-radxa-rock5b-plus/openwrt/build_dir/target-aarch64_generic_musl/ucode-2025.07.18~3f64c808/ipkg-aarch64_generic/ucode/lib/apk/packages/
(cd /workspaces/openwrt-radxa-rock5b-plus/openwrt/build_dir/target-aarch64_generic_musl/ucode-2025.07.18~3f64c808/apk-aarch64_generic/ucode; )
( echo "#!/bin/sh"; echo "[ \"\${IPKG_NO_SCRIPT}\" = \"1\" ] && exit 0"; echo "[ -s "\${IPKG_INSTROOT}/lib/functions.sh" ] || exit 0"; echo ". \${IPKG_INSTROOT}/lib/functions.sh"; echo 'export root="${IPKG_INSTROOT}"'; echo 'export pkgname="ucode"'; echo "add_group_and_user"; echo "default_postinst"; [ ! -f /workspaces/openwrt-radxa-rock5b-plus/openwrt/build_dir/target-aarch64_generic_musl/ucode-2025.07.18~3f64c808/apk-aarch64_generic/ucode/postinst-pkg ] || sed -z 's/^\s*#!/#!/' "/workspaces/openwrt-radxa-rock5b-plus/openwrt/build_dir/target-aarch64_generic_musl/ucode-2025.07.18~3f64c808/apk-aarch64_generic/ucode/postinst-pkg"; ) > /workspaces/openwrt-radxa-rock5b-plus/openwrt/build_dir/target-aarch64_generic_musl/ucode-2025.07.18~3f64c808/apk-aarch64_generic/ucode/post-install;
( echo "#!/bin/sh"; echo 'export PKG_UPGRADE=1'; [ ! -f /workspaces/openwrt-radxa-rock5b-plus/openwrt/build_dir/target-aarch64_generic_musl/ucode-2025.07.18~3f64c808/apk-aarch64_generic/ucode/post-install ] || sed -z 's/^\s*#!/#!/' "/workspaces/openwrt-radxa-rock5b-plus/openwrt/build_dir/target-aarch64_generic_musl/ucode-2025.07.18~3f64c808/apk-aarch64_generic/ucode/post-install"; ) > /workspaces/openwrt-radxa-rock5b-plus/openwrt/build_dir/target-aarch64_generic_musl/ucode-2025.07.18~3f64c808/apk-aarch64_generic/ucode/post-upgrade;
( echo "#!/bin/sh"; echo "[ -s "\${IPKG_INSTROOT}/lib/functions.sh" ] || exit 0"; echo ". \${IPKG_INSTROOT}/lib/functions.sh"; echo 'export root="${IPKG_INSTROOT}"'; echo 'export pkgname="ucode"'; echo "default_prerm"; [ ! -f /workspaces/openwrt-radxa-rock5b-plus/openwrt/build_dir/target-aarch64_generic_musl/ucode-2025.07.18~3f64c808/apk-aarch64_generic/ucode/prerm-pkg ] || sed -z 's/^\s*#!/#!/' "/workspaces/openwrt-radxa-rock5b-plus/openwrt/build_dir/target-aarch64_generic_musl/ucode-2025.07.18~3f64c808/apk-aarch64_generic/ucode/prerm-pkg"; ) > /workspaces/openwrt-radxa-rock5b-plus/openwrt/build_dir/target-aarch64_generic_musl/ucode-2025.07.18~3f64c808/apk-aarch64_generic/ucode/pre-deinstall;
[ ! -f /workspaces/openwrt-radxa-rock5b-plus/openwrt/build_dir/target-aarch64_generic_musl/ucode-2025.07.18~3f64c808/apk-aarch64_generic/ucode/postrm ] || sed -zi 's/^\s*#!/#!/' "/workspaces/openwrt-radxa-rock5b-plus/openwrt/build_dir/target-aarch64_generic_musl/ucode-2025.07.18~3f64c808/apk-aarch64_generic/ucode/postrm";
if [ -n "" ]; then echo  > /workspaces/openwrt-radxa-rock5b-plus/openwrt/build_dir/target-aarch64_generic_musl/ucode-2025.07.18~3f64c808/ipkg-aarch64_generic/ucode/lib/apk/packages/ucode.rusers; fi;
if [ -n "" ]; then echo  > /workspaces/openwrt-radxa-rock5b-plus/openwrt/build_dir/target-aarch64_generic_musl/ucode-2025.07.18~3f64c808/ipkg-aarch64_generic/ucode/lib/apk/packages/ucode.alternatives; fi;
removed '/workspaces/openwrt-radxa-rock5b-plus/openwrt/bin/packages/aarch64_generic/base/libuuid1-2.41.1-r2.apk'
mkdir -p /workspaces/openwrt-radxa-rock5b-plus/openwrt/bin/targets/rockchip/armv8/packages /workspaces/openwrt-radxa-rock5b-plus/openwrt/build_dir/target-aarch64_generic_musl/util-linux-2.41.1/ipkg-aarch64_generic/libuuid /workspaces/openwrt-radxa-rock5b-plus/openwrt/staging_dir/target-aarch64_generic_musl/pkginfo
(cd /workspaces/openwrt-radxa-rock5b-plus/openwrt/build_dir/target-aarch64_generic_musl/ucode-2025.07.18~3f64c808/ipkg-aarch64_generic/ucode && find . -type f,l -printf "/%P\n" | sort > /workspaces/openwrt-radxa-rock5b-plus/openwrt/tmp/ucode.list && mv /workspaces/openwrt-radxa-rock5b-plus/openwrt/tmp/ucode.list /workspaces/openwrt-radxa-rock5b-plus/openwrt/build_dir/target-aarch64_generic_musl/ucode-2025.07.18~3f64c808/ipkg-aarch64_generic/ucode/lib/apk/packages/ucode.list)
install -d -m0755 /workspaces/openwrt-radxa-rock5b-plus/openwrt/build_dir/target-aarch64_generic_musl/util-linux-2.41.1/ipkg-aarch64_generic/libuuid/usr/lib
cp -fpR /workspaces/openwrt-radxa-rock5b-plus/openwrt/build_dir/target-aarch64_generic_musl/util-linux-2.41.1/ipkg-install/usr/lib/libuuid.so.* /workspaces/openwrt-radxa-rock5b-plus/openwrt/build_dir/target-aarch64_generic_musl/util-linux-2.41.1/ipkg-aarch64_generic/libuuid/usr/lib/
# Move conffiles to IDIR and build conffiles_static with csums
find /workspaces/openwrt-radxa-rock5b-plus/openwrt/build_dir/target-aarch64_generic_musl/util-linux-2.41.1/ipkg-aarch64_generic/libuuid -name 'CVS' -o -name '.svn' -o -name '.#*' -o -name '*~'| xargs -r rm -rf
if [ -f /workspaces/openwrt-radxa-rock5b-plus/openwrt/build_dir/target-aarch64_generic_musl/ucode-2025.07.18~3f64c808/apk-aarch64_generic/ucode/conffiles ]; then mv -f /workspaces/openwrt-radxa-rock5b-plus/openwrt/build_dir/target-aarch64_generic_musl/ucode-2025.07.18~3f64c808/apk-aarch64_generic/ucode/conffiles /workspaces/openwrt-radxa-rock5b-plus/openwrt/build_dir/target-aarch64_generic_musl/ucode-2025.07.18~3f64c808/ipkg-aarch64_generic/ucode/lib/apk/packages/ucode.conffiles; for file in $(cat /workspaces/openwrt-radxa-rock5b-plus/openwrt/build_dir/target-aarch64_generic_musl/ucode-2025.07.18~3f64c808/ipkg-aarch64_generic/ucode/lib/apk/packages/ucode.conffiles); do [ -f /workspaces/openwrt-radxa-rock5b-plus/openwrt/build_dir/target-aarch64_generic_musl/ucode-2025.07.18~3f64c808/ipkg-aarch64_generic/ucode/$file ] || continue; csum=$(/workspaces/openwrt-radxa-rock5b-plus/openwrt/staging_dir/host/bin/mkhash sha256 /workspaces/openwrt-radxa-rock5b-plus/openwrt/build_dir/target-aarch64_generic_musl/ucode-2025.07.18~3f64c808/ipkg-aarch64_generic/ucode/$file); echo $file $csum >> /workspaces/openwrt-radxa-rock5b-plus/openwrt/build_dir/target-aarch64_generic_musl/ucode-2025.07.18~3f64c808/ipkg-aarch64_generic/ucode/lib/apk/packages/ucode.conffiles_static; done; fi
# Some package (base-files) manually append stuff to conffiles
# Append stuff from it and delete the CONTROL directory since everything else should be migrated
if [ -f /workspaces/openwrt-radxa-rock5b-plus/openwrt/build_dir/target-aarch64_generic_musl/ucode-2025.07.18~3f64c808/ipkg-aarch64_generic/ucode/CONTROL/conffiles ]; then echo $(IDIR_ucode)/CONTROL/conffiles >> /workspaces/openwrt-radxa-rock5b-plus/openwrt/build_dir/target-aarch64_generic_musl/ucode-2025.07.18~3f64c808/ipkg-aarch64_generic/ucode/lib/apk/packages/ucode.conffiles; for file in $(cat /workspaces/openwrt-radxa-rock5b-plus/openwrt/build_dir/target-aarch64_generic_musl/ucode-2025.07.18~3f64c808/ipkg-aarch64_generic/ucode/CONTROL/conffiles); do [ -f /workspaces/openwrt-radxa-rock5b-plus/openwrt/build_dir/target-aarch64_generic_musl/ucode-2025.07.18~3f64c808/ipkg-aarch64_generic/ucode/$file ] || continue; csum=$(/workspaces/openwrt-radxa-rock5b-plus/openwrt/staging_dir/host/bin/mkhash sha256 /workspaces/openwrt-radxa-rock5b-plus/openwrt/build_dir/target-aarch64_generic_musl/ucode-2025.07.18~3f64c808/ipkg-aarch64_generic/ucode/$file); echo $file $csum >> /workspaces/openwrt-radxa-rock5b-plus/openwrt/build_dir/target-aarch64_generic_musl/ucode-2025.07.18~3f64c808/ipkg-aarch64_generic/ucode/lib/apk/packages/ucode.conffiles_static; done; rm -rf /workspaces/openwrt-radxa-rock5b-plus/openwrt/build_dir/target-aarch64_generic_musl/ucode-2025.07.18~3f64c808/ipkg-aarch64_generic/ucode/CONTROL/conffiles; fi
if [ -z "$(ls -A /workspaces/openwrt-radxa-rock5b-plus/openwrt/build_dir/target-aarch64_generic_musl/ucode-2025.07.18~3f64c808/ipkg-aarch64_generic/ucode/CONTROL 2>/dev/null)" ]; then rm -rf /workspaces/openwrt-radxa-rock5b-plus/openwrt/build_dir/target-aarch64_generic_musl/ucode-2025.07.18~3f64c808/ipkg-aarch64_generic/ucode/CONTROL; else echo "CONTROL directory /workspaces/openwrt-radxa-rock5b-plus/openwrt/build_dir/target-aarch64_generic_musl/ucode-2025.07.18~3f64c808/ipkg-aarch64_generic/ucode/CONTROL is not empty! This is not right and should be checked!" >&2; exit 1; fi
/workspaces/openwrt-radxa-rock5b-plus/openwrt/staging_dir/host/bin/fakeroot /workspaces/openwrt-radxa-rock5b-plus/openwrt/staging_dir/host/bin/apk mkpkg --info "name:ucode" --info "version:2025.07.18~3f64c808-r1"  --info "description:ucode is a tiny script interpreter featuring an ECMAScript oriented script language and Jinja-inspired templating." --info "arch:aarch64_generic" --info "license:ISC" --info "origin:feeds/base/utils/ucode" --info "url:" --info "maintainer:Jo-Philipp Wich <jo@mein.io>" --info "provides:"  --script "post-install:/workspaces/openwrt-radxa-rock5b-plus/openwrt/build_dir/target-aarch64_generic_musl/ucode-2025.07.18~3f64c808/apk-aarch64_generic/ucode/post-install" --script "post-upgrade:/workspaces/openwrt-radxa-rock5b-plus/openwrt/build_dir/target-aarch64_generic_musl/ucode-2025.07.18~3f64c808/apk-aarch64_generic/ucode/post-upgrade" --script "pre-deinstall:/workspaces/openwrt-radxa-rock5b-plus/openwrt/build_dir/target-aarch64_generic_musl/ucode-2025.07.18~3f64c808/apk-aarch64_generic/ucode/pre-deinstall" --info "depends:libc libucode20230711" --files "/workspaces/openwrt-radxa-rock5b-plus/openwrt/build_dir/target-aarch64_generic_musl/ucode-2025.07.18~3f64c808/ipkg-aarch64_generic/ucode" --output "/workspaces/openwrt-radxa-rock5b-plus/openwrt/bin/packages/aarch64_generic/base/ucode-2025.07.18~3f64c808-r1.apk" --sign "/workspaces/openwrt-radxa-rock5b-plus/openwrt/private-key.pem"
export CROSS="aarch64-openwrt-linux-musl-"  NO_RENAME=1 ; NM="aarch64-openwrt-linux-musl-nm" STRIP="/workspaces/openwrt-radxa-rock5b-plus/openwrt/staging_dir/host/bin/sstrip -z" STRIP_KMOD="/workspaces/openwrt-radxa-rock5b-plus/openwrt/scripts/strip-kmod.sh" PATCHELF="/workspaces/openwrt-radxa-rock5b-plus/openwrt/staging_dir/host/bin/patchelf" /workspaces/openwrt-radxa-rock5b-plus/openwrt/scripts/rstrip.sh /workspaces/openwrt-radxa-rock5b-plus/openwrt/build_dir/target-aarch64_generic_musl/util-linux-2.41.1/ipkg-aarch64_generic/libuuid
rstrip.sh: /workspaces/openwrt-radxa-rock5b-plus/openwrt/build_dir/target-aarch64_generic_musl/util-linux-2.41.1/ipkg-aarch64_generic/libuuid/usr/lib/libuuid.so.1.3.0: shared object
rm -rf /workspaces/openwrt-radxa-rock5b-plus/openwrt/build_dir/target-aarch64_generic_musl/ucode-2025.07.18~3f64c808/ipkg-aarch64_generic/ucode-mod-fs
install -d -m0755 /workspaces/openwrt-radxa-rock5b-plus/openwrt/bin/packages/aarch64_generic/base/tmp
/workspaces/openwrt-radxa-rock5b-plus/openwrt/scripts/ipkg-remove ucode-mod-fs /workspaces/openwrt-radxa-rock5b-plus/openwrt/bin/packages/aarch64_generic/base/ucode-mod-fs-2025.07.18~3f64c808-r1.apk
mkdir -p /workspaces/openwrt-radxa-rock5b-plus/openwrt/build_dir/target-aarch64_generic_musl/util-linux-2.41.1/apk-aarch64_generic/libuuid/
mkdir -p /workspaces/openwrt-radxa-rock5b-plus/openwrt/build_dir/target-aarch64_generic_musl/util-linux-2.41.1/ipkg-aarch64_generic/libuuid/lib/apk/packages/
removed '/workspaces/openwrt-radxa-rock5b-plus/openwrt/bin/packages/aarch64_generic/base/ucode-mod-fs-2025.07.18~3f64c808-r1.apk'
mkdir -p /workspaces/openwrt-radxa-rock5b-plus/openwrt/bin/targets/rockchip/armv8/packages /workspaces/openwrt-radxa-rock5b-plus/openwrt/build_dir/target-aarch64_generic_musl/ucode-2025.07.18~3f64c808/ipkg-aarch64_generic/ucode-mod-fs /workspaces/openwrt-radxa-rock5b-plus/openwrt/staging_dir/target-aarch64_generic_musl/pkginfo
(cd /workspaces/openwrt-radxa-rock5b-plus/openwrt/build_dir/target-aarch64_generic_musl/util-linux-2.41.1/apk-aarch64_generic/libuuid; )
install -d -m0755 /workspaces/openwrt-radxa-rock5b-plus/openwrt/build_dir/target-aarch64_generic_musl/ucode-2025.07.18~3f64c808/ipkg-aarch64_generic/ucode-mod-fs/usr/lib/ucode
( echo "#!/bin/sh"; echo "[ \"\${IPKG_NO_SCRIPT}\" = \"1\" ] && exit 0"; echo "[ -s "\${IPKG_INSTROOT}/lib/functions.sh" ] || exit 0"; echo ". \${IPKG_INSTROOT}/lib/functions.sh"; echo 'export root="${IPKG_INSTROOT}"'; echo 'export pkgname="libuuid"'; echo "add_group_and_user"; echo "default_postinst"; [ ! -f /workspaces/openwrt-radxa-rock5b-plus/openwrt/build_dir/target-aarch64_generic_musl/util-linux-2.41.1/apk-aarch64_generic/libuuid/postinst-pkg ] || sed -z 's/^\s*#!/#!/' "/workspaces/openwrt-radxa-rock5b-plus/openwrt/build_dir/target-aarch64_generic_musl/util-linux-2.41.1/apk-aarch64_generic/libuuid/postinst-pkg"; ) > /workspaces/openwrt-radxa-rock5b-plus/openwrt/build_dir/target-aarch64_generic_musl/util-linux-2.41.1/apk-aarch64_generic/libuuid/post-install;
install -m0755 /workspaces/openwrt-radxa-rock5b-plus/openwrt/build_dir/target-aarch64_generic_musl/ucode-2025.07.18~3f64c808/ipkg-install/usr/lib/ucode/fs.so /workspaces/openwrt-radxa-rock5b-plus/openwrt/build_dir/target-aarch64_generic_musl/ucode-2025.07.18~3f64c808/ipkg-aarch64_generic/ucode-mod-fs/usr/lib/ucode/
( echo "#!/bin/sh"; echo 'export PKG_UPGRADE=1'; [ ! -f /workspaces/openwrt-radxa-rock5b-plus/openwrt/build_dir/target-aarch64_generic_musl/util-linux-2.41.1/apk-aarch64_generic/libuuid/post-install ] || sed -z 's/^\s*#!/#!/' "/workspaces/openwrt-radxa-rock5b-plus/openwrt/build_dir/target-aarch64_generic_musl/util-linux-2.41.1/apk-aarch64_generic/libuuid/post-install"; ) > /workspaces/openwrt-radxa-rock5b-plus/openwrt/build_dir/target-aarch64_generic_musl/util-linux-2.41.1/apk-aarch64_generic/libuuid/post-upgrade;
find /workspaces/openwrt-radxa-rock5b-plus/openwrt/build_dir/target-aarch64_generic_musl/ucode-2025.07.18~3f64c808/ipkg-aarch64_generic/ucode-mod-fs -name 'CVS' -o -name '.svn' -o -name '.#*' -o -name '*~'| xargs -r rm -rf
( echo "#!/bin/sh"; echo "[ -s "\${IPKG_INSTROOT}/lib/functions.sh" ] || exit 0"; echo ". \${IPKG_INSTROOT}/lib/functions.sh"; echo 'export root="${IPKG_INSTROOT}"'; echo 'export pkgname="libuuid"'; echo "default_prerm"; [ ! -f /workspaces/openwrt-radxa-rock5b-plus/openwrt/build_dir/target-aarch64_generic_musl/util-linux-2.41.1/apk-aarch64_generic/libuuid/prerm-pkg ] || sed -z 's/^\s*#!/#!/' "/workspaces/openwrt-radxa-rock5b-plus/openwrt/build_dir/target-aarch64_generic_musl/util-linux-2.41.1/apk-aarch64_generic/libuuid/prerm-pkg"; ) > /workspaces/openwrt-radxa-rock5b-plus/openwrt/build_dir/target-aarch64_generic_musl/util-linux-2.41.1/apk-aarch64_generic/libuuid/pre-deinstall;
[ ! -f /workspaces/openwrt-radxa-rock5b-plus/openwrt/build_dir/target-aarch64_generic_musl/util-linux-2.41.1/apk-aarch64_generic/libuuid/postrm ] || sed -zi 's/^\s*#!/#!/' "/workspaces/openwrt-radxa-rock5b-plus/openwrt/build_dir/target-aarch64_generic_musl/util-linux-2.41.1/apk-aarch64_generic/libuuid/postrm";
if [ -n "" ]; then echo  > /workspaces/openwrt-radxa-rock5b-plus/openwrt/build_dir/target-aarch64_generic_musl/util-linux-2.41.1/ipkg-aarch64_generic/libuuid/lib/apk/packages/libuuid.rusers; fi;
if [ -n "" ]; then echo  > /workspaces/openwrt-radxa-rock5b-plus/openwrt/build_dir/target-aarch64_generic_musl/util-linux-2.41.1/ipkg-aarch64_generic/libuuid/lib/apk/packages/libuuid.alternatives; fi;
(cd /workspaces/openwrt-radxa-rock5b-plus/openwrt/build_dir/target-aarch64_generic_musl/util-linux-2.41.1/ipkg-aarch64_generic/libuuid && find . -type f,l -printf "/%P\n" | sort > /workspaces/openwrt-radxa-rock5b-plus/openwrt/tmp/libuuid.list && mv /workspaces/openwrt-radxa-rock5b-plus/openwrt/tmp/libuuid.list /workspaces/openwrt-radxa-rock5b-plus/openwrt/build_dir/target-aarch64_generic_musl/util-linux-2.41.1/ipkg-aarch64_generic/libuuid/lib/apk/packages/libuuid.list)
# Move conffiles to IDIR and build conffiles_static with csums
if [ -f /workspaces/openwrt-radxa-rock5b-plus/openwrt/build_dir/target-aarch64_generic_musl/util-linux-2.41.1/apk-aarch64_generic/libuuid/conffiles ]; then mv -f /workspaces/openwrt-radxa-rock5b-plus/openwrt/build_dir/target-aarch64_generic_musl/util-linux-2.41.1/apk-aarch64_generic/libuuid/conffiles /workspaces/openwrt-radxa-rock5b-plus/openwrt/build_dir/target-aarch64_generic_musl/util-linux-2.41.1/ipkg-aarch64_generic/libuuid/lib/apk/packages/libuuid.conffiles; for file in $(cat /workspaces/openwrt-radxa-rock5b-plus/openwrt/build_dir/target-aarch64_generic_musl/util-linux-2.41.1/ipkg-aarch64_generic/libuuid/lib/apk/packages/libuuid.conffiles); do [ -f /workspaces/openwrt-radxa-rock5b-plus/openwrt/build_dir/target-aarch64_generic_musl/util-linux-2.41.1/ipkg-aarch64_generic/libuuid/$file ] || continue; csum=$(/workspaces/openwrt-radxa-rock5b-plus/openwrt/staging_dir/host/bin/mkhash sha256 /workspaces/openwrt-radxa-rock5b-plus/openwrt/build_dir/target-aarch64_generic_musl/util-linux-2.41.1/ipkg-aarch64_generic/libuuid/$file); echo $file $csum >> /workspaces/openwrt-radxa-rock5b-plus/openwrt/build_dir/target-aarch64_generic_musl/util-linux-2.41.1/ipkg-aarch64_generic/libuuid/lib/apk/packages/libuuid.conffiles_static; done; fi
# Some package (base-files) manually append stuff to conffiles
# Append stuff from it and delete the CONTROL directory since everything else should be migrated
if [ -f /workspaces/openwrt-radxa-rock5b-plus/openwrt/build_dir/target-aarch64_generic_musl/util-linux-2.41.1/ipkg-aarch64_generic/libuuid/CONTROL/conffiles ]; then echo $(IDIR_libuuid)/CONTROL/conffiles >> /workspaces/openwrt-radxa-rock5b-plus/openwrt/build_dir/target-aarch64_generic_musl/util-linux-2.41.1/ipkg-aarch64_generic/libuuid/lib/apk/packages/libuuid.conffiles; for file in $(cat /workspaces/openwrt-radxa-rock5b-plus/openwrt/build_dir/target-aarch64_generic_musl/util-linux-2.41.1/ipkg-aarch64_generic/libuuid/CONTROL/conffiles); do [ -f /workspaces/openwrt-radxa-rock5b-plus/openwrt/build_dir/target-aarch64_generic_musl/util-linux-2.41.1/ipkg-aarch64_generic/libuuid/$file ] || continue; csum=$(/workspaces/openwrt-radxa-rock5b-plus/openwrt/staging_dir/host/bin/mkhash sha256 /workspaces/openwrt-radxa-rock5b-plus/openwrt/build_dir/target-aarch64_generic_musl/util-linux-2.41.1/ipkg-aarch64_generic/libuuid/$file); echo $file $csum >> /workspaces/openwrt-radxa-rock5b-plus/openwrt/build_dir/target-aarch64_generic_musl/util-linux-2.41.1/ipkg-aarch64_generic/libuuid/lib/apk/packages/libuuid.conffiles_static; done; rm -rf /workspaces/openwrt-radxa-rock5b-plus/openwrt/build_dir/target-aarch64_generic_musl/util-linux-2.41.1/ipkg-aarch64_generic/libuuid/CONTROL/conffiles; fi
if [ -z "$(ls -A /workspaces/openwrt-radxa-rock5b-plus/openwrt/build_dir/target-aarch64_generic_musl/util-linux-2.41.1/ipkg-aarch64_generic/libuuid/CONTROL 2>/dev/null)" ]; then rm -rf /workspaces/openwrt-radxa-rock5b-plus/openwrt/build_dir/target-aarch64_generic_musl/util-linux-2.41.1/ipkg-aarch64_generic/libuuid/CONTROL; else echo "CONTROL directory /workspaces/openwrt-radxa-rock5b-plus/openwrt/build_dir/target-aarch64_generic_musl/util-linux-2.41.1/ipkg-aarch64_generic/libuuid/CONTROL is not empty! This is not right and should be checked!" >&2; exit 1; fi
export CROSS="aarch64-openwrt-linux-musl-"  NO_RENAME=1 ; NM="aarch64-openwrt-linux-musl-nm" STRIP="/workspaces/openwrt-radxa-rock5b-plus/openwrt/staging_dir/host/bin/sstrip -z" STRIP_KMOD="/workspaces/openwrt-radxa-rock5b-plus/openwrt/scripts/strip-kmod.sh" PATCHELF="/workspaces/openwrt-radxa-rock5b-plus/openwrt/staging_dir/host/bin/patchelf" /workspaces/openwrt-radxa-rock5b-plus/openwrt/scripts/rstrip.sh /workspaces/openwrt-radxa-rock5b-plus/openwrt/build_dir/target-aarch64_generic_musl/ucode-2025.07.18~3f64c808/ipkg-aarch64_generic/ucode-mod-fs
/workspaces/openwrt-radxa-rock5b-plus/openwrt/staging_dir/host/bin/fakeroot /workspaces/openwrt-radxa-rock5b-plus/openwrt/staging_dir/host/bin/apk mkpkg --info "name:libuuid1" --info "version:2.41.1-r2" --info "tags:openwrt:abiversion=1" --info "description:The UUID library is used to generate unique identifiers for objects that may be accessible beyond the local system. This library generates UUIDs compatible with those created by the Open Software Foundation (OSF) Distributed Computing Environment (DCE) utility." --info "arch:aarch64_generic" --info "license:BSD-3-Clause" --info "origin:feeds/base/utils/util-linux" --info "url:http://www.kernel.org/pub/linux/utils/util-linux/" --info "maintainer:" --info "provides: libuuid=2.41.1-r2 "  --script "post-install:/workspaces/openwrt-radxa-rock5b-plus/openwrt/build_dir/target-aarch64_generic_musl/util-linux-2.41.1/apk-aarch64_generic/libuuid/post-install" --script "post-upgrade:/workspaces/openwrt-radxa-rock5b-plus/openwrt/build_dir/target-aarch64_generic_musl/util-linux-2.41.1/apk-aarch64_generic/libuuid/post-upgrade" --script "pre-deinstall:/workspaces/openwrt-radxa-rock5b-plus/openwrt/build_dir/target-aarch64_generic_musl/util-linux-2.41.1/apk-aarch64_generic/libuuid/pre-deinstall" --info "depends:libc librt" --files "/workspaces/openwrt-radxa-rock5b-plus/openwrt/build_dir/target-aarch64_generic_musl/util-linux-2.41.1/ipkg-aarch64_generic/libuuid" --output "/workspaces/openwrt-radxa-rock5b-plus/openwrt/bin/packages/aarch64_generic/base/libuuid1-2.41.1-r2.apk" --sign "/workspaces/openwrt-radxa-rock5b-plus/openwrt/private-key.pem"
rstrip.sh: /workspaces/openwrt-radxa-rock5b-plus/openwrt/build_dir/target-aarch64_generic_musl/ucode-2025.07.18~3f64c808/ipkg-aarch64_generic/ucode-mod-fs/usr/lib/ucode/fs.so: shared object
install -d -m0755 /workspaces/openwrt-radxa-rock5b-plus/openwrt/bin/packages/aarch64_generic/base/tmp
mkdir -p /workspaces/openwrt-radxa-rock5b-plus/openwrt/build_dir/target-aarch64_generic_musl/ucode-2025.07.18~3f64c808/apk-aarch64_generic/ucode-mod-fs/
mkdir -p /workspaces/openwrt-radxa-rock5b-plus/openwrt/build_dir/target-aarch64_generic_musl/ucode-2025.07.18~3f64c808/ipkg-aarch64_generic/ucode-mod-fs/lib/apk/packages/
(cd /workspaces/openwrt-radxa-rock5b-plus/openwrt/build_dir/target-aarch64_generic_musl/ucode-2025.07.18~3f64c808/apk-aarch64_generic/ucode-mod-fs; )
( echo "#!/bin/sh"; echo "[ \"\${IPKG_NO_SCRIPT}\" = \"1\" ] && exit 0"; echo "[ -s "\${IPKG_INSTROOT}/lib/functions.sh" ] || exit 0"; echo ". \${IPKG_INSTROOT}/lib/functions.sh"; echo 'export root="${IPKG_INSTROOT}"'; echo 'export pkgname="ucode-mod-fs"'; echo "add_group_and_user"; echo "default_postinst"; [ ! -f /workspaces/openwrt-radxa-rock5b-plus/openwrt/build_dir/target-aarch64_generic_musl/ucode-2025.07.18~3f64c808/apk-aarch64_generic/ucode-mod-fs/postinst-pkg ] || sed -z 's/^\s*#!/#!/' "/workspaces/openwrt-radxa-rock5b-plus/openwrt/build_dir/target-aarch64_generic_musl/ucode-2025.07.18~3f64c808/apk-aarch64_generic/ucode-mod-fs/postinst-pkg"; ) > /workspaces/openwrt-radxa-rock5b-plus/openwrt/build_dir/target-aarch64_generic_musl/ucode-2025.07.18~3f64c808/apk-aarch64_generic/ucode-mod-fs/post-install;
( echo "#!/bin/sh"; echo 'export PKG_UPGRADE=1'; [ ! -f /workspaces/openwrt-radxa-rock5b-plus/openwrt/build_dir/target-aarch64_generic_musl/ucode-2025.07.18~3f64c808/apk-aarch64_generic/ucode-mod-fs/post-install ] || sed -z 's/^\s*#!/#!/' "/workspaces/openwrt-radxa-rock5b-plus/openwrt/build_dir/target-aarch64_generic_musl/ucode-2025.07.18~3f64c808/apk-aarch64_generic/ucode-mod-fs/post-install"; ) > /workspaces/openwrt-radxa-rock5b-plus/openwrt/build_dir/target-aarch64_generic_musl/ucode-2025.07.18~3f64c808/apk-aarch64_generic/ucode-mod-fs/post-upgrade;
( echo "#!/bin/sh"; echo "[ -s "\${IPKG_INSTROOT}/lib/functions.sh" ] || exit 0"; echo ". \${IPKG_INSTROOT}/lib/functions.sh"; echo 'export root="${IPKG_INSTROOT}"'; echo 'export pkgname="ucode-mod-fs"'; echo "default_prerm"; [ ! -f /workspaces/openwrt-radxa-rock5b-plus/openwrt/build_dir/target-aarch64_generic_musl/ucode-2025.07.18~3f64c808/apk-aarch64_generic/ucode-mod-fs/prerm-pkg ] || sed -z 's/^\s*#!/#!/' "/workspaces/openwrt-radxa-rock5b-plus/openwrt/build_dir/target-aarch64_generic_musl/ucode-2025.07.18~3f64c808/apk-aarch64_generic/ucode-mod-fs/prerm-pkg"; ) > /workspaces/openwrt-radxa-rock5b-plus/openwrt/build_dir/target-aarch64_generic_musl/ucode-2025.07.18~3f64c808/apk-aarch64_generic/ucode-mod-fs/pre-deinstall;
[ ! -f /workspaces/openwrt-radxa-rock5b-plus/openwrt/build_dir/target-aarch64_generic_musl/ucode-2025.07.18~3f64c808/apk-aarch64_generic/ucode-mod-fs/postrm ] || sed -zi 's/^\s*#!/#!/' "/workspaces/openwrt-radxa-rock5b-plus/openwrt/build_dir/target-aarch64_generic_musl/ucode-2025.07.18~3f64c808/apk-aarch64_generic/ucode-mod-fs/postrm";
rm -rf /workspaces/openwrt-radxa-rock5b-plus/openwrt/build_dir/target-aarch64_generic_musl/util-linux-2.41.1/ipkg-aarch64_generic/libblkid
if [ -n "" ]; then echo  > /workspaces/openwrt-radxa-rock5b-plus/openwrt/build_dir/target-aarch64_generic_musl/ucode-2025.07.18~3f64c808/ipkg-aarch64_generic/ucode-mod-fs/lib/apk/packages/ucode-mod-fs.rusers; fi;
if [ -n "" ]; then echo  > /workspaces/openwrt-radxa-rock5b-plus/openwrt/build_dir/target-aarch64_generic_musl/ucode-2025.07.18~3f64c808/ipkg-aarch64_generic/ucode-mod-fs/lib/apk/packages/ucode-mod-fs.alternatives; fi;
(cd /workspaces/openwrt-radxa-rock5b-plus/openwrt/build_dir/target-aarch64_generic_musl/ucode-2025.07.18~3f64c808/ipkg-aarch64_generic/ucode-mod-fs && find . -type f,l -printf "/%P\n" | sort > /workspaces/openwrt-radxa-rock5b-plus/openwrt/tmp/ucode-mod-fs.list && mv /workspaces/openwrt-radxa-rock5b-plus/openwrt/tmp/ucode-mod-fs.list /workspaces/openwrt-radxa-rock5b-plus/openwrt/build_dir/target-aarch64_generic_musl/ucode-2025.07.18~3f64c808/ipkg-aarch64_generic/ucode-mod-fs/lib/apk/packages/ucode-mod-fs.list)
/workspaces/openwrt-radxa-rock5b-plus/openwrt/scripts/ipkg-remove libblkid /workspaces/openwrt-radxa-rock5b-plus/openwrt/bin/packages/aarch64_generic/base/libblkid1-2.41.1-r2.apk
# Move conffiles to IDIR and build conffiles_static with csums
if [ -f /workspaces/openwrt-radxa-rock5b-plus/openwrt/build_dir/target-aarch64_generic_musl/ucode-2025.07.18~3f64c808/apk-aarch64_generic/ucode-mod-fs/conffiles ]; then mv -f /workspaces/openwrt-radxa-rock5b-plus/openwrt/build_dir/target-aarch64_generic_musl/ucode-2025.07.18~3f64c808/apk-aarch64_generic/ucode-mod-fs/conffiles /workspaces/openwrt-radxa-rock5b-plus/openwrt/build_dir/target-aarch64_generic_musl/ucode-2025.07.18~3f64c808/ipkg-aarch64_generic/ucode-mod-fs/lib/apk/packages/ucode-mod-fs.conffiles; for file in $(cat /workspaces/openwrt-radxa-rock5b-plus/openwrt/build_dir/target-aarch64_generic_musl/ucode-2025.07.18~3f64c808/ipkg-aarch64_generic/ucode-mod-fs/lib/apk/packages/ucode-mod-fs.conffiles); do [ -f /workspaces/openwrt-radxa-rock5b-plus/openwrt/build_dir/target-aarch64_generic_musl/ucode-2025.07.18~3f64c808/ipkg-aarch64_generic/ucode-mod-fs/$file ] || continue; csum=$(/workspaces/openwrt-radxa-rock5b-plus/openwrt/staging_dir/host/bin/mkhash sha256 /workspaces/openwrt-radxa-rock5b-plus/openwrt/build_dir/target-aarch64_generic_musl/ucode-2025.07.18~3f64c808/ipkg-aarch64_generic/ucode-mod-fs/$file); echo $file $csum >> /workspaces/openwrt-radxa-rock5b-plus/openwrt/build_dir/target-aarch64_generic_musl/ucode-2025.07.18~3f64c808/ipkg-aarch64_generic/ucode-mod-fs/lib/apk/packages/ucode-mod-fs.conffiles_static; done; fi
# Some package (base-files) manually append stuff to conffiles
# Append stuff from it and delete the CONTROL directory since everything else should be migrated
if [ -f /workspaces/openwrt-radxa-rock5b-plus/openwrt/build_dir/target-aarch64_generic_musl/ucode-2025.07.18~3f64c808/ipkg-aarch64_generic/ucode-mod-fs/CONTROL/conffiles ]; then echo $(IDIR_ucode-mod-fs)/CONTROL/conffiles >> /workspaces/openwrt-radxa-rock5b-plus/openwrt/build_dir/target-aarch64_generic_musl/ucode-2025.07.18~3f64c808/ipkg-aarch64_generic/ucode-mod-fs/lib/apk/packages/ucode-mod-fs.conffiles; for file in $(cat /workspaces/openwrt-radxa-rock5b-plus/openwrt/build_dir/target-aarch64_generic_musl/ucode-2025.07.18~3f64c808/ipkg-aarch64_generic/ucode-mod-fs/CONTROL/conffiles); do [ -f /workspaces/openwrt-radxa-rock5b-plus/openwrt/build_dir/target-aarch64_generic_musl/ucode-2025.07.18~3f64c808/ipkg-aarch64_generic/ucode-mod-fs/$file ] || continue; csum=$(/workspaces/openwrt-radxa-rock5b-plus/openwrt/staging_dir/host/bin/mkhash sha256 /workspaces/openwrt-radxa-rock5b-plus/openwrt/build_dir/target-aarch64_generic_musl/ucode-2025.07.18~3f64c808/ipkg-aarch64_generic/ucode-mod-fs/$file); echo $file $csum >> /workspaces/openwrt-radxa-rock5b-plus/openwrt/build_dir/target-aarch64_generic_musl/ucode-2025.07.18~3f64c808/ipkg-aarch64_generic/ucode-mod-fs/lib/apk/packages/ucode-mod-fs.conffiles_static; done; rm -rf /workspaces/openwrt-radxa-rock5b-plus/openwrt/build_dir/target-aarch64_generic_musl/ucode-2025.07.18~3f64c808/ipkg-aarch64_generic/ucode-mod-fs/CONTROL/conffiles; fi
if [ -z "$(ls -A /workspaces/openwrt-radxa-rock5b-plus/openwrt/build_dir/target-aarch64_generic_musl/ucode-2025.07.18~3f64c808/ipkg-aarch64_generic/ucode-mod-fs/CONTROL 2>/dev/null)" ]; then rm -rf /workspaces/openwrt-radxa-rock5b-plus/openwrt/build_dir/target-aarch64_generic_musl/ucode-2025.07.18~3f64c808/ipkg-aarch64_generic/ucode-mod-fs/CONTROL; else echo "CONTROL directory /workspaces/openwrt-radxa-rock5b-plus/openwrt/build_dir/target-aarch64_generic_musl/ucode-2025.07.18~3f64c808/ipkg-aarch64_generic/ucode-mod-fs/CONTROL is not empty! This is not right and should be checked!" >&2; exit 1; fi
/workspaces/openwrt-radxa-rock5b-plus/openwrt/staging_dir/host/bin/fakeroot /workspaces/openwrt-radxa-rock5b-plus/openwrt/staging_dir/host/bin/apk mkpkg --info "name:ucode-mod-fs" --info "version:2025.07.18~3f64c808-r1"  --info "description:The filesystem plugin module allows interaction with the local file system." --info "arch:aarch64_generic" --info "license:ISC" --info "origin:feeds/base/utils/ucode" --info "url:" --info "maintainer:Jo-Philipp Wich <jo@mein.io>" --info "provides:"  --script "post-install:/workspaces/openwrt-radxa-rock5b-plus/openwrt/build_dir/target-aarch64_generic_musl/ucode-2025.07.18~3f64c808/apk-aarch64_generic/ucode-mod-fs/post-install" --script "post-upgrade:/workspaces/openwrt-radxa-rock5b-plus/openwrt/build_dir/target-aarch64_generic_musl/ucode-2025.07.18~3f64c808/apk-aarch64_generic/ucode-mod-fs/post-upgrade" --script "pre-deinstall:/workspaces/openwrt-radxa-rock5b-plus/openwrt/build_dir/target-aarch64_generic_musl/ucode-2025.07.18~3f64c808/apk-aarch64_generic/ucode-mod-fs/pre-deinstall" --info "depends:libc ucode" --files "/workspaces/openwrt-radxa-rock5b-plus/openwrt/build_dir/target-aarch64_generic_musl/ucode-2025.07.18~3f64c808/ipkg-aarch64_generic/ucode-mod-fs" --output "/workspaces/openwrt-radxa-rock5b-plus/openwrt/bin/packages/aarch64_generic/base/ucode-mod-fs-2025.07.18~3f64c808-r1.apk" --sign "/workspaces/openwrt-radxa-rock5b-plus/openwrt/private-key.pem"
removed '/workspaces/openwrt-radxa-rock5b-plus/openwrt/bin/packages/aarch64_generic/base/libblkid1-2.41.1-r2.apk'
mkdir -p /workspaces/openwrt-radxa-rock5b-plus/openwrt/bin/targets/rockchip/armv8/packages /workspaces/openwrt-radxa-rock5b-plus/openwrt/build_dir/target-aarch64_generic_musl/util-linux-2.41.1/ipkg-aarch64_generic/libblkid /workspaces/openwrt-radxa-rock5b-plus/openwrt/staging_dir/target-aarch64_generic_musl/pkginfo
install -d -m0755 /workspaces/openwrt-radxa-rock5b-plus/openwrt/build_dir/target-aarch64_generic_musl/util-linux-2.41.1/ipkg-aarch64_generic/libblkid/usr/lib
cp -fpR /workspaces/openwrt-radxa-rock5b-plus/openwrt/build_dir/target-aarch64_generic_musl/util-linux-2.41.1/ipkg-install/usr/lib/libblkid.so.* /workspaces/openwrt-radxa-rock5b-plus/openwrt/build_dir/target-aarch64_generic_musl/util-linux-2.41.1/ipkg-aarch64_generic/libblkid/usr/lib/
find /workspaces/openwrt-radxa-rock5b-plus/openwrt/build_dir/target-aarch64_generic_musl/util-linux-2.41.1/ipkg-aarch64_generic/libblkid -name 'CVS' -o -name '.svn' -o -name '.#*' -o -name '*~'| xargs -r rm -rf
rm -rf /workspaces/openwrt-radxa-rock5b-plus/openwrt/build_dir/target-aarch64_generic_musl/ucode-2025.07.18~3f64c808/ipkg-aarch64_generic/ucode-mod-log
/workspaces/openwrt-radxa-rock5b-plus/openwrt/scripts/ipkg-remove ucode-mod-log /workspaces/openwrt-radxa-rock5b-plus/openwrt/bin/packages/aarch64_generic/base/ucode-mod-log-2025.07.18~3f64c808-r1.apk
removed '/workspaces/openwrt-radxa-rock5b-plus/openwrt/bin/packages/aarch64_generic/base/ucode-mod-log-2025.07.18~3f64c808-r1.apk'
mkdir -p /workspaces/openwrt-radxa-rock5b-plus/openwrt/bin/targets/rockchip/armv8/packages /workspaces/openwrt-radxa-rock5b-plus/openwrt/build_dir/target-aarch64_generic_musl/ucode-2025.07.18~3f64c808/ipkg-aarch64_generic/ucode-mod-log /workspaces/openwrt-radxa-rock5b-plus/openwrt/staging_dir/target-aarch64_generic_musl/pkginfo
install -d -m0755 /workspaces/openwrt-radxa-rock5b-plus/openwrt/build_dir/target-aarch64_generic_musl/ucode-2025.07.18~3f64c808/ipkg-aarch64_generic/ucode-mod-log/usr/lib/ucode
install -m0755 /workspaces/openwrt-radxa-rock5b-plus/openwrt/build_dir/target-aarch64_generic_musl/ucode-2025.07.18~3f64c808/ipkg-install/usr/lib/ucode/log.so /workspaces/openwrt-radxa-rock5b-plus/openwrt/build_dir/target-aarch64_generic_musl/ucode-2025.07.18~3f64c808/ipkg-aarch64_generic/ucode-mod-log/usr/lib/ucode/
export CROSS="aarch64-openwrt-linux-musl-"  NO_RENAME=1 ; NM="aarch64-openwrt-linux-musl-nm" STRIP="/workspaces/openwrt-radxa-rock5b-plus/openwrt/staging_dir/host/bin/sstrip -z" STRIP_KMOD="/workspaces/openwrt-radxa-rock5b-plus/openwrt/scripts/strip-kmod.sh" PATCHELF="/workspaces/openwrt-radxa-rock5b-plus/openwrt/staging_dir/host/bin/patchelf" /workspaces/openwrt-radxa-rock5b-plus/openwrt/scripts/rstrip.sh /workspaces/openwrt-radxa-rock5b-plus/openwrt/build_dir/target-aarch64_generic_musl/util-linux-2.41.1/ipkg-aarch64_generic/libblkid
rstrip.sh: /workspaces/openwrt-radxa-rock5b-plus/openwrt/build_dir/target-aarch64_generic_musl/util-linux-2.41.1/ipkg-aarch64_generic/libblkid/usr/lib/libblkid.so.1.1.0: shared object
install -d -m0755 /workspaces/openwrt-radxa-rock5b-plus/openwrt/bin/packages/aarch64_generic/base/tmp
mkdir -p /workspaces/openwrt-radxa-rock5b-plus/openwrt/build_dir/target-aarch64_generic_musl/util-linux-2.41.1/apk-aarch64_generic/libblkid/
mkdir -p /workspaces/openwrt-radxa-rock5b-plus/openwrt/build_dir/target-aarch64_generic_musl/util-linux-2.41.1/ipkg-aarch64_generic/libblkid/lib/apk/packages/
(cd /workspaces/openwrt-radxa-rock5b-plus/openwrt/build_dir/target-aarch64_generic_musl/util-linux-2.41.1/apk-aarch64_generic/libblkid; )
find /workspaces/openwrt-radxa-rock5b-plus/openwrt/build_dir/target-aarch64_generic_musl/ucode-2025.07.18~3f64c808/ipkg-aarch64_generic/ucode-mod-log -name 'CVS' -o -name '.svn' -o -name '.#*' -o -name '*~'| xargs -r rm -rf
( echo "#!/bin/sh"; echo "[ \"\${IPKG_NO_SCRIPT}\" = \"1\" ] && exit 0"; echo "[ -s "\${IPKG_INSTROOT}/lib/functions.sh" ] || exit 0"; echo ". \${IPKG_INSTROOT}/lib/functions.sh"; echo 'export root="${IPKG_INSTROOT}"'; echo 'export pkgname="libblkid"'; echo "add_group_and_user"; echo "default_postinst"; [ ! -f /workspaces/openwrt-radxa-rock5b-plus/openwrt/build_dir/target-aarch64_generic_musl/util-linux-2.41.1/apk-aarch64_generic/libblkid/postinst-pkg ] || sed -z 's/^\s*#!/#!/' "/workspaces/openwrt-radxa-rock5b-plus/openwrt/build_dir/target-aarch64_generic_musl/util-linux-2.41.1/apk-aarch64_generic/libblkid/postinst-pkg"; ) > /workspaces/openwrt-radxa-rock5b-plus/openwrt/build_dir/target-aarch64_generic_musl/util-linux-2.41.1/apk-aarch64_generic/libblkid/post-install;
( echo "#!/bin/sh"; echo 'export PKG_UPGRADE=1'; [ ! -f /workspaces/openwrt-radxa-rock5b-plus/openwrt/build_dir/target-aarch64_generic_musl/util-linux-2.41.1/apk-aarch64_generic/libblkid/post-install ] || sed -z 's/^\s*#!/#!/' "/workspaces/openwrt-radxa-rock5b-plus/openwrt/build_dir/target-aarch64_generic_musl/util-linux-2.41.1/apk-aarch64_generic/libblkid/post-install"; ) > /workspaces/openwrt-radxa-rock5b-plus/openwrt/build_dir/target-aarch64_generic_musl/util-linux-2.41.1/apk-aarch64_generic/libblkid/post-upgrade;
( echo "#!/bin/sh"; echo "[ -s "\${IPKG_INSTROOT}/lib/functions.sh" ] || exit 0"; echo ". \${IPKG_INSTROOT}/lib/functions.sh"; echo 'export root="${IPKG_INSTROOT}"'; echo 'export pkgname="libblkid"'; echo "default_prerm"; [ ! -f /workspaces/openwrt-radxa-rock5b-plus/openwrt/build_dir/target-aarch64_generic_musl/util-linux-2.41.1/apk-aarch64_generic/libblkid/prerm-pkg ] || sed -z 's/^\s*#!/#!/' "/workspaces/openwrt-radxa-rock5b-plus/openwrt/build_dir/target-aarch64_generic_musl/util-linux-2.41.1/apk-aarch64_generic/libblkid/prerm-pkg"; ) > /workspaces/openwrt-radxa-rock5b-plus/openwrt/build_dir/target-aarch64_generic_musl/util-linux-2.41.1/apk-aarch64_generic/libblkid/pre-deinstall;
[ ! -f /workspaces/openwrt-radxa-rock5b-plus/openwrt/build_dir/target-aarch64_generic_musl/util-linux-2.41.1/apk-aarch64_generic/libblkid/postrm ] || sed -zi 's/^\s*#!/#!/' "/workspaces/openwrt-radxa-rock5b-plus/openwrt/build_dir/target-aarch64_generic_musl/util-linux-2.41.1/apk-aarch64_generic/libblkid/postrm";
if [ -n "" ]; then echo  > /workspaces/openwrt-radxa-rock5b-plus/openwrt/build_dir/target-aarch64_generic_musl/util-linux-2.41.1/ipkg-aarch64_generic/libblkid/lib/apk/packages/libblkid.rusers; fi;
if [ -n "" ]; then echo  > /workspaces/openwrt-radxa-rock5b-plus/openwrt/build_dir/target-aarch64_generic_musl/util-linux-2.41.1/ipkg-aarch64_generic/libblkid/lib/apk/packages/libblkid.alternatives; fi;
(cd /workspaces/openwrt-radxa-rock5b-plus/openwrt/build_dir/target-aarch64_generic_musl/util-linux-2.41.1/ipkg-aarch64_generic/libblkid && find . -type f,l -printf "/%P\n" | sort > /workspaces/openwrt-radxa-rock5b-plus/openwrt/tmp/libblkid.list && mv /workspaces/openwrt-radxa-rock5b-plus/openwrt/tmp/libblkid.list /workspaces/openwrt-radxa-rock5b-plus/openwrt/build_dir/target-aarch64_generic_musl/util-linux-2.41.1/ipkg-aarch64_generic/libblkid/lib/apk/packages/libblkid.list)
# Move conffiles to IDIR and build conffiles_static with csums
if [ -f /workspaces/openwrt-radxa-rock5b-plus/openwrt/build_dir/target-aarch64_generic_musl/util-linux-2.41.1/apk-aarch64_generic/libblkid/conffiles ]; then mv -f /workspaces/openwrt-radxa-rock5b-plus/openwrt/build_dir/target-aarch64_generic_musl/util-linux-2.41.1/apk-aarch64_generic/libblkid/conffiles /workspaces/openwrt-radxa-rock5b-plus/openwrt/build_dir/target-aarch64_generic_musl/util-linux-2.41.1/ipkg-aarch64_generic/libblkid/lib/apk/packages/libblkid.conffiles; for file in $(cat /workspaces/openwrt-radxa-rock5b-plus/openwrt/build_dir/target-aarch64_generic_musl/util-linux-2.41.1/ipkg-aarch64_generic/libblkid/lib/apk/packages/libblkid.conffiles); do [ -f /workspaces/openwrt-radxa-rock5b-plus/openwrt/build_dir/target-aarch64_generic_musl/util-linux-2.41.1/ipkg-aarch64_generic/libblkid/$file ] || continue; csum=$(/workspaces/openwrt-radxa-rock5b-plus/openwrt/staging_dir/host/bin/mkhash sha256 /workspaces/openwrt-radxa-rock5b-plus/openwrt/build_dir/target-aarch64_generic_musl/util-linux-2.41.1/ipkg-aarch64_generic/libblkid/$file); echo $file $csum >> /workspaces/openwrt-radxa-rock5b-plus/openwrt/build_dir/target-aarch64_generic_musl/util-linux-2.41.1/ipkg-aarch64_generic/libblkid/lib/apk/packages/libblkid.conffiles_static; done; fi
# Some package (base-files) manually append stuff to conffiles
export CROSS="aarch64-openwrt-linux-musl-"  NO_RENAME=1 ; NM="aarch64-openwrt-linux-musl-nm" STRIP="/workspaces/openwrt-radxa-rock5b-plus/openwrt/staging_dir/host/bin/sstrip -z" STRIP_KMOD="/workspaces/openwrt-radxa-rock5b-plus/openwrt/scripts/strip-kmod.sh" PATCHELF="/workspaces/openwrt-radxa-rock5b-plus/openwrt/staging_dir/host/bin/patchelf" /workspaces/openwrt-radxa-rock5b-plus/openwrt/scripts/rstrip.sh /workspaces/openwrt-radxa-rock5b-plus/openwrt/build_dir/target-aarch64_generic_musl/ucode-2025.07.18~3f64c808/ipkg-aarch64_generic/ucode-mod-log
# Append stuff from it and delete the CONTROL directory since everything else should be migrated
if [ -f /workspaces/openwrt-radxa-rock5b-plus/openwrt/build_dir/target-aarch64_generic_musl/util-linux-2.41.1/ipkg-aarch64_generic/libblkid/CONTROL/conffiles ]; then echo $(IDIR_libblkid)/CONTROL/conffiles >> /workspaces/openwrt-radxa-rock5b-plus/openwrt/build_dir/target-aarch64_generic_musl/util-linux-2.41.1/ipkg-aarch64_generic/libblkid/lib/apk/packages/libblkid.conffiles; for file in $(cat /workspaces/openwrt-radxa-rock5b-plus/openwrt/build_dir/target-aarch64_generic_musl/util-linux-2.41.1/ipkg-aarch64_generic/libblkid/CONTROL/conffiles); do [ -f /workspaces/openwrt-radxa-rock5b-plus/openwrt/build_dir/target-aarch64_generic_musl/util-linux-2.41.1/ipkg-aarch64_generic/libblkid/$file ] || continue; csum=$(/workspaces/openwrt-radxa-rock5b-plus/openwrt/staging_dir/host/bin/mkhash sha256 /workspaces/openwrt-radxa-rock5b-plus/openwrt/build_dir/target-aarch64_generic_musl/util-linux-2.41.1/ipkg-aarch64_generic/libblkid/$file); echo $file $csum >> /workspaces/openwrt-radxa-rock5b-plus/openwrt/build_dir/target-aarch64_generic_musl/util-linux-2.41.1/ipkg-aarch64_generic/libblkid/lib/apk/packages/libblkid.conffiles_static; done; rm -rf /workspaces/openwrt-radxa-rock5b-plus/openwrt/build_dir/target-aarch64_generic_musl/util-linux-2.41.1/ipkg-aarch64_generic/libblkid/CONTROL/conffiles; fi
if [ -z "$(ls -A /workspaces/openwrt-radxa-rock5b-plus/openwrt/build_dir/target-aarch64_generic_musl/util-linux-2.41.1/ipkg-aarch64_generic/libblkid/CONTROL 2>/dev/null)" ]; then rm -rf /workspaces/openwrt-radxa-rock5b-plus/openwrt/build_dir/target-aarch64_generic_musl/util-linux-2.41.1/ipkg-aarch64_generic/libblkid/CONTROL; else echo "CONTROL directory /workspaces/openwrt-radxa-rock5b-plus/openwrt/build_dir/target-aarch64_generic_musl/util-linux-2.41.1/ipkg-aarch64_generic/libblkid/CONTROL is not empty! This is not right and should be checked!" >&2; exit 1; fi
rstrip.sh: /workspaces/openwrt-radxa-rock5b-plus/openwrt/build_dir/target-aarch64_generic_musl/ucode-2025.07.18~3f64c808/ipkg-aarch64_generic/ucode-mod-log/usr/lib/ucode/log.so: shared object
/workspaces/openwrt-radxa-rock5b-plus/openwrt/staging_dir/host/bin/fakeroot /workspaces/openwrt-radxa-rock5b-plus/openwrt/staging_dir/host/bin/apk mkpkg --info "name:libblkid1" --info "version:2.41.1-r2" --info "tags:openwrt:abiversion=1" --info "description:The libblkid library is used to identify block devices (disks) as to their content (e.g. filesystem type, partitions) as well as extracting additional information such as filesystem labels/volume names, partitions, unique identifiers/serial numbers..." --info "arch:aarch64_generic" --info "license:LGPL-2.1-or-later" --info "origin:feeds/base/utils/util-linux" --info "url:http://www.kernel.org/pub/linux/utils/util-linux/" --info "maintainer:" --info "provides: libblkid=2.41.1-r2 "  --script "post-install:/workspaces/openwrt-radxa-rock5b-plus/openwrt/build_dir/target-aarch64_generic_musl/util-linux-2.41.1/apk-aarch64_generic/libblkid/post-install" --script "post-upgrade:/workspaces/openwrt-radxa-rock5b-plus/openwrt/build_dir/target-aarch64_generic_musl/util-linux-2.41.1/apk-aarch64_generic/libblkid/post-upgrade" --script "pre-deinstall:/workspaces/openwrt-radxa-rock5b-plus/openwrt/build_dir/target-aarch64_generic_musl/util-linux-2.41.1/apk-aarch64_generic/libblkid/pre-deinstall" --info "depends:libc libuuid1" --files "/workspaces/openwrt-radxa-rock5b-plus/openwrt/build_dir/target-aarch64_generic_musl/util-linux-2.41.1/ipkg-aarch64_generic/libblkid" --output "/workspaces/openwrt-radxa-rock5b-plus/openwrt/bin/packages/aarch64_generic/base/libblkid1-2.41.1-r2.apk" --sign "/workspaces/openwrt-radxa-rock5b-plus/openwrt/private-key.pem"
install -d -m0755 /workspaces/openwrt-radxa-rock5b-plus/openwrt/bin/packages/aarch64_generic/base/tmp
mkdir -p /workspaces/openwrt-radxa-rock5b-plus/openwrt/build_dir/target-aarch64_generic_musl/ucode-2025.07.18~3f64c808/apk-aarch64_generic/ucode-mod-log/
mkdir -p /workspaces/openwrt-radxa-rock5b-plus/openwrt/build_dir/target-aarch64_generic_musl/ucode-2025.07.18~3f64c808/ipkg-aarch64_generic/ucode-mod-log/lib/apk/packages/
(cd /workspaces/openwrt-radxa-rock5b-plus/openwrt/build_dir/target-aarch64_generic_musl/ucode-2025.07.18~3f64c808/apk-aarch64_generic/ucode-mod-log; )
( echo "#!/bin/sh"; echo "[ \"\${IPKG_NO_SCRIPT}\" = \"1\" ] && exit 0"; echo "[ -s "\${IPKG_INSTROOT}/lib/functions.sh" ] || exit 0"; echo ". \${IPKG_INSTROOT}/lib/functions.sh"; echo 'export root="${IPKG_INSTROOT}"'; echo 'export pkgname="ucode-mod-log"'; echo "add_group_and_user"; echo "default_postinst"; [ ! -f /workspaces/openwrt-radxa-rock5b-plus/openwrt/build_dir/target-aarch64_generic_musl/ucode-2025.07.18~3f64c808/apk-aarch64_generic/ucode-mod-log/postinst-pkg ] || sed -z 's/^\s*#!/#!/' "/workspaces/openwrt-radxa-rock5b-plus/openwrt/build_dir/target-aarch64_generic_musl/ucode-2025.07.18~3f64c808/apk-aarch64_generic/ucode-mod-log/postinst-pkg"; ) > /workspaces/openwrt-radxa-rock5b-plus/openwrt/build_dir/target-aarch64_generic_musl/ucode-2025.07.18~3f64c808/apk-aarch64_generic/ucode-mod-log/post-install;
( echo "#!/bin/sh"; echo 'export PKG_UPGRADE=1'; [ ! -f /workspaces/openwrt-radxa-rock5b-plus/openwrt/build_dir/target-aarch64_generic_musl/ucode-2025.07.18~3f64c808/apk-aarch64_generic/ucode-mod-log/post-install ] || sed -z 's/^\s*#!/#!/' "/workspaces/openwrt-radxa-rock5b-plus/openwrt/build_dir/target-aarch64_generic_musl/ucode-2025.07.18~3f64c808/apk-aarch64_generic/ucode-mod-log/post-install"; ) > /workspaces/openwrt-radxa-rock5b-plus/openwrt/build_dir/target-aarch64_generic_musl/ucode-2025.07.18~3f64c808/apk-aarch64_generic/ucode-mod-log/post-upgrade;
( echo "#!/bin/sh"; echo "[ -s "\${IPKG_INSTROOT}/lib/functions.sh" ] || exit 0"; echo ". \${IPKG_INSTROOT}/lib/functions.sh"; echo 'export root="${IPKG_INSTROOT}"'; echo 'export pkgname="ucode-mod-log"'; echo "default_prerm"; [ ! -f /workspaces/openwrt-radxa-rock5b-plus/openwrt/build_dir/target-aarch64_generic_musl/ucode-2025.07.18~3f64c808/apk-aarch64_generic/ucode-mod-log/prerm-pkg ] || sed -z 's/^\s*#!/#!/' "/workspaces/openwrt-radxa-rock5b-plus/openwrt/build_dir/target-aarch64_generic_musl/ucode-2025.07.18~3f64c808/apk-aarch64_generic/ucode-mod-log/prerm-pkg"; ) > /workspaces/openwrt-radxa-rock5b-plus/openwrt/build_dir/target-aarch64_generic_musl/ucode-2025.07.18~3f64c808/apk-aarch64_generic/ucode-mod-log/pre-deinstall;
[ ! -f /workspaces/openwrt-radxa-rock5b-plus/openwrt/build_dir/target-aarch64_generic_musl/ucode-2025.07.18~3f64c808/apk-aarch64_generic/ucode-mod-log/postrm ] || sed -zi 's/^\s*#!/#!/' "/workspaces/openwrt-radxa-rock5b-plus/openwrt/build_dir/target-aarch64_generic_musl/ucode-2025.07.18~3f64c808/apk-aarch64_generic/ucode-mod-log/postrm";
if [ -n "" ]; then echo  > /workspaces/openwrt-radxa-rock5b-plus/openwrt/build_dir/target-aarch64_generic_musl/ucode-2025.07.18~3f64c808/ipkg-aarch64_generic/ucode-mod-log/lib/apk/packages/ucode-mod-log.rusers; fi;
if [ -n "" ]; then echo  > /workspaces/openwrt-radxa-rock5b-plus/openwrt/build_dir/target-aarch64_generic_musl/ucode-2025.07.18~3f64c808/ipkg-aarch64_generic/ucode-mod-log/lib/apk/packages/ucode-mod-log.alternatives; fi;
(cd /workspaces/openwrt-radxa-rock5b-plus/openwrt/build_dir/target-aarch64_generic_musl/ucode-2025.07.18~3f64c808/ipkg-aarch64_generic/ucode-mod-log && find . -type f,l -printf "/%P\n" | sort > /workspaces/openwrt-radxa-rock5b-plus/openwrt/tmp/ucode-mod-log.list && mv /workspaces/openwrt-radxa-rock5b-plus/openwrt/tmp/ucode-mod-log.list /workspaces/openwrt-radxa-rock5b-plus/openwrt/build_dir/target-aarch64_generic_musl/ucode-2025.07.18~3f64c808/ipkg-aarch64_generic/ucode-mod-log/lib/apk/packages/ucode-mod-log.list)
# Move conffiles to IDIR and build conffiles_static with csums
if [ -f /workspaces/openwrt-radxa-rock5b-plus/openwrt/build_dir/target-aarch64_generic_musl/ucode-2025.07.18~3f64c808/apk-aarch64_generic/ucode-mod-log/conffiles ]; then mv -f /workspaces/openwrt-radxa-rock5b-plus/openwrt/build_dir/target-aarch64_generic_musl/ucode-2025.07.18~3f64c808/apk-aarch64_generic/ucode-mod-log/conffiles /workspaces/openwrt-radxa-rock5b-plus/openwrt/build_dir/target-aarch64_generic_musl/ucode-2025.07.18~3f64c808/ipkg-aarch64_generic/ucode-mod-log/lib/apk/packages/ucode-mod-log.conffiles; for file in $(cat /workspaces/openwrt-radxa-rock5b-plus/openwrt/build_dir/target-aarch64_generic_musl/ucode-2025.07.18~3f64c808/ipkg-aarch64_generic/ucode-mod-log/lib/apk/packages/ucode-mod-log.conffiles); do [ -f /workspaces/openwrt-radxa-rock5b-plus/openwrt/build_dir/target-aarch64_generic_musl/ucode-2025.07.18~3f64c808/ipkg-aarch64_generic/ucode-mod-log/$file ] || continue; csum=$(/workspaces/openwrt-radxa-rock5b-plus/openwrt/staging_dir/host/bin/mkhash sha256 /workspaces/openwrt-radxa-rock5b-plus/openwrt/build_dir/target-aarch64_generic_musl/ucode-2025.07.18~3f64c808/ipkg-aarch64_generic/ucode-mod-log/$file); echo $file $csum >> /workspaces/openwrt-radxa-rock5b-plus/openwrt/build_dir/target-aarch64_generic_musl/ucode-2025.07.18~3f64c808/ipkg-aarch64_generic/ucode-mod-log/lib/apk/packages/ucode-mod-log.conffiles_static; done; fi
# Some package (base-files) manually append stuff to conffiles
# Append stuff from it and delete the CONTROL directory since everything else should be migrated
if [ -f /workspaces/openwrt-radxa-rock5b-plus/openwrt/build_dir/target-aarch64_generic_musl/ucode-2025.07.18~3f64c808/ipkg-aarch64_generic/ucode-mod-log/CONTROL/conffiles ]; then echo $(IDIR_ucode-mod-log)/CONTROL/conffiles >> /workspaces/openwrt-radxa-rock5b-plus/openwrt/build_dir/target-aarch64_generic_musl/ucode-2025.07.18~3f64c808/ipkg-aarch64_generic/ucode-mod-log/lib/apk/packages/ucode-mod-log.conffiles; for file in $(cat /workspaces/openwrt-radxa-rock5b-plus/openwrt/build_dir/target-aarch64_generic_musl/ucode-2025.07.18~3f64c808/ipkg-aarch64_generic/ucode-mod-log/CONTROL/conffiles); do [ -f /workspaces/openwrt-radxa-rock5b-plus/openwrt/build_dir/target-aarch64_generic_musl/ucode-2025.07.18~3f64c808/ipkg-aarch64_generic/ucode-mod-log/$file ] || continue; csum=$(/workspaces/openwrt-radxa-rock5b-plus/openwrt/staging_dir/host/bin/mkhash sha256 /workspaces/openwrt-radxa-rock5b-plus/openwrt/build_dir/target-aarch64_generic_musl/ucode-2025.07.18~3f64c808/ipkg-aarch64_generic/ucode-mod-log/$file); echo $file $csum >> /workspaces/openwrt-radxa-rock5b-plus/openwrt/build_dir/target-aarch64_generic_musl/ucode-2025.07.18~3f64c808/ipkg-aarch64_generic/ucode-mod-log/lib/apk/packages/ucode-mod-log.conffiles_static; done; rm -rf /workspaces/openwrt-radxa-rock5b-plus/openwrt/build_dir/target-aarch64_generic_musl/ucode-2025.07.18~3f64c808/ipkg-aarch64_generic/ucode-mod-log/CONTROL/conffiles; fi
if [ -z "$(ls -A /workspaces/openwrt-radxa-rock5b-plus/openwrt/build_dir/target-aarch64_generic_musl/ucode-2025.07.18~3f64c808/ipkg-aarch64_generic/ucode-mod-log/CONTROL 2>/dev/null)" ]; then rm -rf /workspaces/openwrt-radxa-rock5b-plus/openwrt/build_dir/target-aarch64_generic_musl/ucode-2025.07.18~3f64c808/ipkg-aarch64_generic/ucode-mod-log/CONTROL; else echo "CONTROL directory /workspaces/openwrt-radxa-rock5b-plus/openwrt/build_dir/target-aarch64_generic_musl/ucode-2025.07.18~3f64c808/ipkg-aarch64_generic/ucode-mod-log/CONTROL is not empty! This is not right and should be checked!" >&2; exit 1; fi
/workspaces/openwrt-radxa-rock5b-plus/openwrt/staging_dir/host/bin/fakeroot /workspaces/openwrt-radxa-rock5b-plus/openwrt/staging_dir/host/bin/apk mkpkg --info "name:ucode-mod-log" --info "version:2025.07.18~3f64c808-r1"  --info "description:The log plugin module provides access to the syslog and libubox ulog APIs." --info "arch:aarch64_generic" --info "license:ISC" --info "origin:feeds/base/utils/ucode" --info "url:" --info "maintainer:Jo-Philipp Wich <jo@mein.io>" --info "provides:"  --script "post-install:/workspaces/openwrt-radxa-rock5b-plus/openwrt/build_dir/target-aarch64_generic_musl/ucode-2025.07.18~3f64c808/apk-aarch64_generic/ucode-mod-log/post-install" --script "post-upgrade:/workspaces/openwrt-radxa-rock5b-plus/openwrt/build_dir/target-aarch64_generic_musl/ucode-2025.07.18~3f64c808/apk-aarch64_generic/ucode-mod-log/post-upgrade" --script "pre-deinstall:/workspaces/openwrt-radxa-rock5b-plus/openwrt/build_dir/target-aarch64_generic_musl/ucode-2025.07.18~3f64c808/apk-aarch64_generic/ucode-mod-log/pre-deinstall" --info "depends:libc ucode libubox20250723" --files "/workspaces/openwrt-radxa-rock5b-plus/openwrt/build_dir/target-aarch64_generic_musl/ucode-2025.07.18~3f64c808/ipkg-aarch64_generic/ucode-mod-log" --output "/workspaces/openwrt-radxa-rock5b-plus/openwrt/bin/packages/aarch64_generic/base/ucode-mod-log-2025.07.18~3f64c808-r1.apk" --sign "/workspaces/openwrt-radxa-rock5b-plus/openwrt/private-key.pem"
rm -rf /workspaces/openwrt-radxa-rock5b-plus/openwrt/build_dir/target-aarch64_generic_musl/util-linux-2.41.1/ipkg-aarch64_generic/libsmartcols
/workspaces/openwrt-radxa-rock5b-plus/openwrt/scripts/ipkg-remove libsmartcols /workspaces/openwrt-radxa-rock5b-plus/openwrt/bin/packages/aarch64_generic/base/libsmartcols1-2.41.1-r2.apk
removed '/workspaces/openwrt-radxa-rock5b-plus/openwrt/bin/packages/aarch64_generic/base/libsmartcols1-2.41.1-r2.apk'
mkdir -p /workspaces/openwrt-radxa-rock5b-plus/openwrt/bin/targets/rockchip/armv8/packages /workspaces/openwrt-radxa-rock5b-plus/openwrt/build_dir/target-aarch64_generic_musl/util-linux-2.41.1/ipkg-aarch64_generic/libsmartcols /workspaces/openwrt-radxa-rock5b-plus/openwrt/staging_dir/target-aarch64_generic_musl/pkginfo
rm -rf /workspaces/openwrt-radxa-rock5b-plus/openwrt/build_dir/target-aarch64_generic_musl/ucode-2025.07.18~3f64c808/ipkg-aarch64_generic/ucode-mod-math
install -d -m0755 /workspaces/openwrt-radxa-rock5b-plus/openwrt/build_dir/target-aarch64_generic_musl/util-linux-2.41.1/ipkg-aarch64_generic/libsmartcols/usr/lib
cp -fpR /workspaces/openwrt-radxa-rock5b-plus/openwrt/build_dir/target-aarch64_generic_musl/util-linux-2.41.1/ipkg-install/usr/lib/libsmartcols.so.* /workspaces/openwrt-radxa-rock5b-plus/openwrt/build_dir/target-aarch64_generic_musl/util-linux-2.41.1/ipkg-aarch64_generic/libsmartcols/usr/lib/
/workspaces/openwrt-radxa-rock5b-plus/openwrt/scripts/ipkg-remove ucode-mod-math /workspaces/openwrt-radxa-rock5b-plus/openwrt/bin/packages/aarch64_generic/base/ucode-mod-math-2025.07.18~3f64c808-r1.apk
find /workspaces/openwrt-radxa-rock5b-plus/openwrt/build_dir/target-aarch64_generic_musl/util-linux-2.41.1/ipkg-aarch64_generic/libsmartcols -name 'CVS' -o -name '.svn' -o -name '.#*' -o -name '*~'| xargs -r rm -rf
removed '/workspaces/openwrt-radxa-rock5b-plus/openwrt/bin/packages/aarch64_generic/base/ucode-mod-math-2025.07.18~3f64c808-r1.apk'
mkdir -p /workspaces/openwrt-radxa-rock5b-plus/openwrt/bin/targets/rockchip/armv8/packages /workspaces/openwrt-radxa-rock5b-plus/openwrt/build_dir/target-aarch64_generic_musl/ucode-2025.07.18~3f64c808/ipkg-aarch64_generic/ucode-mod-math /workspaces/openwrt-radxa-rock5b-plus/openwrt/staging_dir/target-aarch64_generic_musl/pkginfo
install -d -m0755 /workspaces/openwrt-radxa-rock5b-plus/openwrt/build_dir/target-aarch64_generic_musl/ucode-2025.07.18~3f64c808/ipkg-aarch64_generic/ucode-mod-math/usr/lib/ucode
install -m0755 /workspaces/openwrt-radxa-rock5b-plus/openwrt/build_dir/target-aarch64_generic_musl/ucode-2025.07.18~3f64c808/ipkg-install/usr/lib/ucode/math.so /workspaces/openwrt-radxa-rock5b-plus/openwrt/build_dir/target-aarch64_generic_musl/ucode-2025.07.18~3f64c808/ipkg-aarch64_generic/ucode-mod-math/usr/lib/ucode/
find /workspaces/openwrt-radxa-rock5b-plus/openwrt/build_dir/target-aarch64_generic_musl/ucode-2025.07.18~3f64c808/ipkg-aarch64_generic/ucode-mod-math -name 'CVS' -o -name '.svn' -o -name '.#*' -o -name '*~'| xargs -r rm -rf
export CROSS="aarch64-openwrt-linux-musl-"  NO_RENAME=1 ; NM="aarch64-openwrt-linux-musl-nm" STRIP="/workspaces/openwrt-radxa-rock5b-plus/openwrt/staging_dir/host/bin/sstrip -z" STRIP_KMOD="/workspaces/openwrt-radxa-rock5b-plus/openwrt/scripts/strip-kmod.sh" PATCHELF="/workspaces/openwrt-radxa-rock5b-plus/openwrt/staging_dir/host/bin/patchelf" /workspaces/openwrt-radxa-rock5b-plus/openwrt/scripts/rstrip.sh /workspaces/openwrt-radxa-rock5b-plus/openwrt/build_dir/target-aarch64_generic_musl/util-linux-2.41.1/ipkg-aarch64_generic/libsmartcols
rstrip.sh: /workspaces/openwrt-radxa-rock5b-plus/openwrt/build_dir/target-aarch64_generic_musl/util-linux-2.41.1/ipkg-aarch64_generic/libsmartcols/usr/lib/libsmartcols.so.1.1.0: shared object
install -d -m0755 /workspaces/openwrt-radxa-rock5b-plus/openwrt/bin/packages/aarch64_generic/base/tmp
mkdir -p /workspaces/openwrt-radxa-rock5b-plus/openwrt/build_dir/target-aarch64_generic_musl/util-linux-2.41.1/apk-aarch64_generic/libsmartcols/
mkdir -p /workspaces/openwrt-radxa-rock5b-plus/openwrt/build_dir/target-aarch64_generic_musl/util-linux-2.41.1/ipkg-aarch64_generic/libsmartcols/lib/apk/packages/
(cd /workspaces/openwrt-radxa-rock5b-plus/openwrt/build_dir/target-aarch64_generic_musl/util-linux-2.41.1/apk-aarch64_generic/libsmartcols; )
export CROSS="aarch64-openwrt-linux-musl-"  NO_RENAME=1 ; NM="aarch64-openwrt-linux-musl-nm" STRIP="/workspaces/openwrt-radxa-rock5b-plus/openwrt/staging_dir/host/bin/sstrip -z" STRIP_KMOD="/workspaces/openwrt-radxa-rock5b-plus/openwrt/scripts/strip-kmod.sh" PATCHELF="/workspaces/openwrt-radxa-rock5b-plus/openwrt/staging_dir/host/bin/patchelf" /workspaces/openwrt-radxa-rock5b-plus/openwrt/scripts/rstrip.sh /workspaces/openwrt-radxa-rock5b-plus/openwrt/build_dir/target-aarch64_generic_musl/ucode-2025.07.18~3f64c808/ipkg-aarch64_generic/ucode-mod-math
( echo "#!/bin/sh"; echo "[ \"\${IPKG_NO_SCRIPT}\" = \"1\" ] && exit 0"; echo "[ -s "\${IPKG_INSTROOT}/lib/functions.sh" ] || exit 0"; echo ". \${IPKG_INSTROOT}/lib/functions.sh"; echo 'export root="${IPKG_INSTROOT}"'; echo 'export pkgname="libsmartcols"'; echo "add_group_and_user"; echo "default_postinst"; [ ! -f /workspaces/openwrt-radxa-rock5b-plus/openwrt/build_dir/target-aarch64_generic_musl/util-linux-2.41.1/apk-aarch64_generic/libsmartcols/postinst-pkg ] || sed -z 's/^\s*#!/#!/' "/workspaces/openwrt-radxa-rock5b-plus/openwrt/build_dir/target-aarch64_generic_musl/util-linux-2.41.1/apk-aarch64_generic/libsmartcols/postinst-pkg"; ) > /workspaces/openwrt-radxa-rock5b-plus/openwrt/build_dir/target-aarch64_generic_musl/util-linux-2.41.1/apk-aarch64_generic/libsmartcols/post-install;
( echo "#!/bin/sh"; echo 'export PKG_UPGRADE=1'; [ ! -f /workspaces/openwrt-radxa-rock5b-plus/openwrt/build_dir/target-aarch64_generic_musl/util-linux-2.41.1/apk-aarch64_generic/libsmartcols/post-install ] || sed -z 's/^\s*#!/#!/' "/workspaces/openwrt-radxa-rock5b-plus/openwrt/build_dir/target-aarch64_generic_musl/util-linux-2.41.1/apk-aarch64_generic/libsmartcols/post-install"; ) > /workspaces/openwrt-radxa-rock5b-plus/openwrt/build_dir/target-aarch64_generic_musl/util-linux-2.41.1/apk-aarch64_generic/libsmartcols/post-upgrade;
rstrip.sh: /workspaces/openwrt-radxa-rock5b-plus/openwrt/build_dir/target-aarch64_generic_musl/ucode-2025.07.18~3f64c808/ipkg-aarch64_generic/ucode-mod-math/usr/lib/ucode/math.so: shared object
( echo "#!/bin/sh"; echo "[ -s "\${IPKG_INSTROOT}/lib/functions.sh" ] || exit 0"; echo ". \${IPKG_INSTROOT}/lib/functions.sh"; echo 'export root="${IPKG_INSTROOT}"'; echo 'export pkgname="libsmartcols"'; echo "default_prerm"; [ ! -f /workspaces/openwrt-radxa-rock5b-plus/openwrt/build_dir/target-aarch64_generic_musl/util-linux-2.41.1/apk-aarch64_generic/libsmartcols/prerm-pkg ] || sed -z 's/^\s*#!/#!/' "/workspaces/openwrt-radxa-rock5b-plus/openwrt/build_dir/target-aarch64_generic_musl/util-linux-2.41.1/apk-aarch64_generic/libsmartcols/prerm-pkg"; ) > /workspaces/openwrt-radxa-rock5b-plus/openwrt/build_dir/target-aarch64_generic_musl/util-linux-2.41.1/apk-aarch64_generic/libsmartcols/pre-deinstall;
[ ! -f /workspaces/openwrt-radxa-rock5b-plus/openwrt/build_dir/target-aarch64_generic_musl/util-linux-2.41.1/apk-aarch64_generic/libsmartcols/postrm ] || sed -zi 's/^\s*#!/#!/' "/workspaces/openwrt-radxa-rock5b-plus/openwrt/build_dir/target-aarch64_generic_musl/util-linux-2.41.1/apk-aarch64_generic/libsmartcols/postrm";
if [ -n "" ]; then echo  > /workspaces/openwrt-radxa-rock5b-plus/openwrt/build_dir/target-aarch64_generic_musl/util-linux-2.41.1/ipkg-aarch64_generic/libsmartcols/lib/apk/packages/libsmartcols.rusers; fi;
if [ -n "" ]; then echo  > /workspaces/openwrt-radxa-rock5b-plus/openwrt/build_dir/target-aarch64_generic_musl/util-linux-2.41.1/ipkg-aarch64_generic/libsmartcols/lib/apk/packages/libsmartcols.alternatives; fi;
(cd /workspaces/openwrt-radxa-rock5b-plus/openwrt/build_dir/target-aarch64_generic_musl/util-linux-2.41.1/ipkg-aarch64_generic/libsmartcols && find . -type f,l -printf "/%P\n" | sort > /workspaces/openwrt-radxa-rock5b-plus/openwrt/tmp/libsmartcols.list && mv /workspaces/openwrt-radxa-rock5b-plus/openwrt/tmp/libsmartcols.list /workspaces/openwrt-radxa-rock5b-plus/openwrt/build_dir/target-aarch64_generic_musl/util-linux-2.41.1/ipkg-aarch64_generic/libsmartcols/lib/apk/packages/libsmartcols.list)
install -d -m0755 /workspaces/openwrt-radxa-rock5b-plus/openwrt/bin/packages/aarch64_generic/base/tmp
mkdir -p /workspaces/openwrt-radxa-rock5b-plus/openwrt/build_dir/target-aarch64_generic_musl/ucode-2025.07.18~3f64c808/apk-aarch64_generic/ucode-mod-math/
mkdir -p /workspaces/openwrt-radxa-rock5b-plus/openwrt/build_dir/target-aarch64_generic_musl/ucode-2025.07.18~3f64c808/ipkg-aarch64_generic/ucode-mod-math/lib/apk/packages/
# Move conffiles to IDIR and build conffiles_static with csums
if [ -f /workspaces/openwrt-radxa-rock5b-plus/openwrt/build_dir/target-aarch64_generic_musl/util-linux-2.41.1/apk-aarch64_generic/libsmartcols/conffiles ]; then mv -f /workspaces/openwrt-radxa-rock5b-plus/openwrt/build_dir/target-aarch64_generic_musl/util-linux-2.41.1/apk-aarch64_generic/libsmartcols/conffiles /workspaces/openwrt-radxa-rock5b-plus/openwrt/build_dir/target-aarch64_generic_musl/util-linux-2.41.1/ipkg-aarch64_generic/libsmartcols/lib/apk/packages/libsmartcols.conffiles; for file in $(cat /workspaces/openwrt-radxa-rock5b-plus/openwrt/build_dir/target-aarch64_generic_musl/util-linux-2.41.1/ipkg-aarch64_generic/libsmartcols/lib/apk/packages/libsmartcols.conffiles); do [ -f /workspaces/openwrt-radxa-rock5b-plus/openwrt/build_dir/target-aarch64_generic_musl/util-linux-2.41.1/ipkg-aarch64_generic/libsmartcols/$file ] || continue; csum=$(/workspaces/openwrt-radxa-rock5b-plus/openwrt/staging_dir/host/bin/mkhash sha256 /workspaces/openwrt-radxa-rock5b-plus/openwrt/build_dir/target-aarch64_generic_musl/util-linux-2.41.1/ipkg-aarch64_generic/libsmartcols/$file); echo $file $csum >> /workspaces/openwrt-radxa-rock5b-plus/openwrt/build_dir/target-aarch64_generic_musl/util-linux-2.41.1/ipkg-aarch64_generic/libsmartcols/lib/apk/packages/libsmartcols.conffiles_static; done; fi
(cd /workspaces/openwrt-radxa-rock5b-plus/openwrt/build_dir/target-aarch64_generic_musl/ucode-2025.07.18~3f64c808/apk-aarch64_generic/ucode-mod-math; )
# Some package (base-files) manually append stuff to conffiles
( echo "#!/bin/sh"; echo "[ \"\${IPKG_NO_SCRIPT}\" = \"1\" ] && exit 0"; echo "[ -s "\${IPKG_INSTROOT}/lib/functions.sh" ] || exit 0"; echo ". \${IPKG_INSTROOT}/lib/functions.sh"; echo 'export root="${IPKG_INSTROOT}"'; echo 'export pkgname="ucode-mod-math"'; echo "add_group_and_user"; echo "default_postinst"; [ ! -f /workspaces/openwrt-radxa-rock5b-plus/openwrt/build_dir/target-aarch64_generic_musl/ucode-2025.07.18~3f64c808/apk-aarch64_generic/ucode-mod-math/postinst-pkg ] || sed -z 's/^\s*#!/#!/' "/workspaces/openwrt-radxa-rock5b-plus/openwrt/build_dir/target-aarch64_generic_musl/ucode-2025.07.18~3f64c808/apk-aarch64_generic/ucode-mod-math/postinst-pkg"; ) > /workspaces/openwrt-radxa-rock5b-plus/openwrt/build_dir/target-aarch64_generic_musl/ucode-2025.07.18~3f64c808/apk-aarch64_generic/ucode-mod-math/post-install;
# Append stuff from it and delete the CONTROL directory since everything else should be migrated
if [ -f /workspaces/openwrt-radxa-rock5b-plus/openwrt/build_dir/target-aarch64_generic_musl/util-linux-2.41.1/ipkg-aarch64_generic/libsmartcols/CONTROL/conffiles ]; then echo $(IDIR_libsmartcols)/CONTROL/conffiles >> /workspaces/openwrt-radxa-rock5b-plus/openwrt/build_dir/target-aarch64_generic_musl/util-linux-2.41.1/ipkg-aarch64_generic/libsmartcols/lib/apk/packages/libsmartcols.conffiles; for file in $(cat /workspaces/openwrt-radxa-rock5b-plus/openwrt/build_dir/target-aarch64_generic_musl/util-linux-2.41.1/ipkg-aarch64_generic/libsmartcols/CONTROL/conffiles); do [ -f /workspaces/openwrt-radxa-rock5b-plus/openwrt/build_dir/target-aarch64_generic_musl/util-linux-2.41.1/ipkg-aarch64_generic/libsmartcols/$file ] || continue; csum=$(/workspaces/openwrt-radxa-rock5b-plus/openwrt/staging_dir/host/bin/mkhash sha256 /workspaces/openwrt-radxa-rock5b-plus/openwrt/build_dir/target-aarch64_generic_musl/util-linux-2.41.1/ipkg-aarch64_generic/libsmartcols/$file); echo $file $csum >> /workspaces/openwrt-radxa-rock5b-plus/openwrt/build_dir/target-aarch64_generic_musl/util-linux-2.41.1/ipkg-aarch64_generic/libsmartcols/lib/apk/packages/libsmartcols.conffiles_static; done; rm -rf /workspaces/openwrt-radxa-rock5b-plus/openwrt/build_dir/target-aarch64_generic_musl/util-linux-2.41.1/ipkg-aarch64_generic/libsmartcols/CONTROL/conffiles; fi
if [ -z "$(ls -A /workspaces/openwrt-radxa-rock5b-plus/openwrt/build_dir/target-aarch64_generic_musl/util-linux-2.41.1/ipkg-aarch64_generic/libsmartcols/CONTROL 2>/dev/null)" ]; then rm -rf /workspaces/openwrt-radxa-rock5b-plus/openwrt/build_dir/target-aarch64_generic_musl/util-linux-2.41.1/ipkg-aarch64_generic/libsmartcols/CONTROL; else echo "CONTROL directory /workspaces/openwrt-radxa-rock5b-plus/openwrt/build_dir/target-aarch64_generic_musl/util-linux-2.41.1/ipkg-aarch64_generic/libsmartcols/CONTROL is not empty! This is not right and should be checked!" >&2; exit 1; fi
( echo "#!/bin/sh"; echo 'export PKG_UPGRADE=1'; [ ! -f /workspaces/openwrt-radxa-rock5b-plus/openwrt/build_dir/target-aarch64_generic_musl/ucode-2025.07.18~3f64c808/apk-aarch64_generic/ucode-mod-math/post-install ] || sed -z 's/^\s*#!/#!/' "/workspaces/openwrt-radxa-rock5b-plus/openwrt/build_dir/target-aarch64_generic_musl/ucode-2025.07.18~3f64c808/apk-aarch64_generic/ucode-mod-math/post-install"; ) > /workspaces/openwrt-radxa-rock5b-plus/openwrt/build_dir/target-aarch64_generic_musl/ucode-2025.07.18~3f64c808/apk-aarch64_generic/ucode-mod-math/post-upgrade;
( echo "#!/bin/sh"; echo "[ -s "\${IPKG_INSTROOT}/lib/functions.sh" ] || exit 0"; echo ". \${IPKG_INSTROOT}/lib/functions.sh"; echo 'export root="${IPKG_INSTROOT}"'; echo 'export pkgname="ucode-mod-math"'; echo "default_prerm"; [ ! -f /workspaces/openwrt-radxa-rock5b-plus/openwrt/build_dir/target-aarch64_generic_musl/ucode-2025.07.18~3f64c808/apk-aarch64_generic/ucode-mod-math/prerm-pkg ] || sed -z 's/^\s*#!/#!/' "/workspaces/openwrt-radxa-rock5b-plus/openwrt/build_dir/target-aarch64_generic_musl/ucode-2025.07.18~3f64c808/apk-aarch64_generic/ucode-mod-math/prerm-pkg"; ) > /workspaces/openwrt-radxa-rock5b-plus/openwrt/build_dir/target-aarch64_generic_musl/ucode-2025.07.18~3f64c808/apk-aarch64_generic/ucode-mod-math/pre-deinstall;
[ ! -f /workspaces/openwrt-radxa-rock5b-plus/openwrt/build_dir/target-aarch64_generic_musl/ucode-2025.07.18~3f64c808/apk-aarch64_generic/ucode-mod-math/postrm ] || sed -zi 's/^\s*#!/#!/' "/workspaces/openwrt-radxa-rock5b-plus/openwrt/build_dir/target-aarch64_generic_musl/ucode-2025.07.18~3f64c808/apk-aarch64_generic/ucode-mod-math/postrm";
if [ -n "" ]; then echo  > /workspaces/openwrt-radxa-rock5b-plus/openwrt/build_dir/target-aarch64_generic_musl/ucode-2025.07.18~3f64c808/ipkg-aarch64_generic/ucode-mod-math/lib/apk/packages/ucode-mod-math.rusers; fi;
if [ -n "" ]; then echo  > /workspaces/openwrt-radxa-rock5b-plus/openwrt/build_dir/target-aarch64_generic_musl/ucode-2025.07.18~3f64c808/ipkg-aarch64_generic/ucode-mod-math/lib/apk/packages/ucode-mod-math.alternatives; fi;
(cd /workspaces/openwrt-radxa-rock5b-plus/openwrt/build_dir/target-aarch64_generic_musl/ucode-2025.07.18~3f64c808/ipkg-aarch64_generic/ucode-mod-math && find . -type f,l -printf "/%P\n" | sort > /workspaces/openwrt-radxa-rock5b-plus/openwrt/tmp/ucode-mod-math.list && mv /workspaces/openwrt-radxa-rock5b-plus/openwrt/tmp/ucode-mod-math.list /workspaces/openwrt-radxa-rock5b-plus/openwrt/build_dir/target-aarch64_generic_musl/ucode-2025.07.18~3f64c808/ipkg-aarch64_generic/ucode-mod-math/lib/apk/packages/ucode-mod-math.list)
/workspaces/openwrt-radxa-rock5b-plus/openwrt/staging_dir/host/bin/fakeroot /workspaces/openwrt-radxa-rock5b-plus/openwrt/staging_dir/host/bin/apk mkpkg --info "name:libsmartcols1" --info "version:2.41.1-r2" --info "tags:openwrt:abiversion=1" --info "description:The smartcols library is used to print tables and trees in a pretty way." --info "arch:aarch64_generic" --info "license:LGPL-2.1-or-later" --info "origin:feeds/base/utils/util-linux" --info "url:http://www.kernel.org/pub/linux/utils/util-linux/" --info "maintainer:" --info "provides: libsmartcols=2.41.1-r2 "  --script "post-install:/workspaces/openwrt-radxa-rock5b-plus/openwrt/build_dir/target-aarch64_generic_musl/util-linux-2.41.1/apk-aarch64_generic/libsmartcols/post-install" --script "post-upgrade:/workspaces/openwrt-radxa-rock5b-plus/openwrt/build_dir/target-aarch64_generic_musl/util-linux-2.41.1/apk-aarch64_generic/libsmartcols/post-upgrade" --script "pre-deinstall:/workspaces/openwrt-radxa-rock5b-plus/openwrt/build_dir/target-aarch64_generic_musl/util-linux-2.41.1/apk-aarch64_generic/libsmartcols/pre-deinstall" --info "depends:libc librt" --files "/workspaces/openwrt-radxa-rock5b-plus/openwrt/build_dir/target-aarch64_generic_musl/util-linux-2.41.1/ipkg-aarch64_generic/libsmartcols" --output "/workspaces/openwrt-radxa-rock5b-plus/openwrt/bin/packages/aarch64_generic/base/libsmartcols1-2.41.1-r2.apk" --sign "/workspaces/openwrt-radxa-rock5b-plus/openwrt/private-key.pem"
# Move conffiles to IDIR and build conffiles_static with csums
if [ -f /workspaces/openwrt-radxa-rock5b-plus/openwrt/build_dir/target-aarch64_generic_musl/ucode-2025.07.18~3f64c808/apk-aarch64_generic/ucode-mod-math/conffiles ]; then mv -f /workspaces/openwrt-radxa-rock5b-plus/openwrt/build_dir/target-aarch64_generic_musl/ucode-2025.07.18~3f64c808/apk-aarch64_generic/ucode-mod-math/conffiles /workspaces/openwrt-radxa-rock5b-plus/openwrt/build_dir/target-aarch64_generic_musl/ucode-2025.07.18~3f64c808/ipkg-aarch64_generic/ucode-mod-math/lib/apk/packages/ucode-mod-math.conffiles; for file in $(cat /workspaces/openwrt-radxa-rock5b-plus/openwrt/build_dir/target-aarch64_generic_musl/ucode-2025.07.18~3f64c808/ipkg-aarch64_generic/ucode-mod-math/lib/apk/packages/ucode-mod-math.conffiles); do [ -f /workspaces/openwrt-radxa-rock5b-plus/openwrt/build_dir/target-aarch64_generic_musl/ucode-2025.07.18~3f64c808/ipkg-aarch64_generic/ucode-mod-math/$file ] || continue; csum=$(/workspaces/openwrt-radxa-rock5b-plus/openwrt/staging_dir/host/bin/mkhash sha256 /workspaces/openwrt-radxa-rock5b-plus/openwrt/build_dir/target-aarch64_generic_musl/ucode-2025.07.18~3f64c808/ipkg-aarch64_generic/ucode-mod-math/$file); echo $file $csum >> /workspaces/openwrt-radxa-rock5b-plus/openwrt/build_dir/target-aarch64_generic_musl/ucode-2025.07.18~3f64c808/ipkg-aarch64_generic/ucode-mod-math/lib/apk/packages/ucode-mod-math.conffiles_static; done; fi
# Some package (base-files) manually append stuff to conffiles
# Append stuff from it and delete the CONTROL directory since everything else should be migrated
if [ -f /workspaces/openwrt-radxa-rock5b-plus/openwrt/build_dir/target-aarch64_generic_musl/ucode-2025.07.18~3f64c808/ipkg-aarch64_generic/ucode-mod-math/CONTROL/conffiles ]; then echo $(IDIR_ucode-mod-math)/CONTROL/conffiles >> /workspaces/openwrt-radxa-rock5b-plus/openwrt/build_dir/target-aarch64_generic_musl/ucode-2025.07.18~3f64c808/ipkg-aarch64_generic/ucode-mod-math/lib/apk/packages/ucode-mod-math.conffiles; for file in $(cat /workspaces/openwrt-radxa-rock5b-plus/openwrt/build_dir/target-aarch64_generic_musl/ucode-2025.07.18~3f64c808/ipkg-aarch64_generic/ucode-mod-math/CONTROL/conffiles); do [ -f /workspaces/openwrt-radxa-rock5b-plus/openwrt/build_dir/target-aarch64_generic_musl/ucode-2025.07.18~3f64c808/ipkg-aarch64_generic/ucode-mod-math/$file ] || continue; csum=$(/workspaces/openwrt-radxa-rock5b-plus/openwrt/staging_dir/host/bin/mkhash sha256 /workspaces/openwrt-radxa-rock5b-plus/openwrt/build_dir/target-aarch64_generic_musl/ucode-2025.07.18~3f64c808/ipkg-aarch64_generic/ucode-mod-math/$file); echo $file $csum >> /workspaces/openwrt-radxa-rock5b-plus/openwrt/build_dir/target-aarch64_generic_musl/ucode-2025.07.18~3f64c808/ipkg-aarch64_generic/ucode-mod-math/lib/apk/packages/ucode-mod-math.conffiles_static; done; rm -rf /workspaces/openwrt-radxa-rock5b-plus/openwrt/build_dir/target-aarch64_generic_musl/ucode-2025.07.18~3f64c808/ipkg-aarch64_generic/ucode-mod-math/CONTROL/conffiles; fi
if [ -z "$(ls -A /workspaces/openwrt-radxa-rock5b-plus/openwrt/build_dir/target-aarch64_generic_musl/ucode-2025.07.18~3f64c808/ipkg-aarch64_generic/ucode-mod-math/CONTROL 2>/dev/null)" ]; then rm -rf /workspaces/openwrt-radxa-rock5b-plus/openwrt/build_dir/target-aarch64_generic_musl/ucode-2025.07.18~3f64c808/ipkg-aarch64_generic/ucode-mod-math/CONTROL; else echo "CONTROL directory /workspaces/openwrt-radxa-rock5b-plus/openwrt/build_dir/target-aarch64_generic_musl/ucode-2025.07.18~3f64c808/ipkg-aarch64_generic/ucode-mod-math/CONTROL is not empty! This is not right and should be checked!" >&2; exit 1; fi
/workspaces/openwrt-radxa-rock5b-plus/openwrt/staging_dir/host/bin/fakeroot /workspaces/openwrt-radxa-rock5b-plus/openwrt/staging_dir/host/bin/apk mkpkg --info "name:ucode-mod-math" --info "version:2025.07.18~3f64c808-r1"  --info "description:The math plugin provides access to various <math.h> procedures." --info "arch:aarch64_generic" --info "license:ISC" --info "origin:feeds/base/utils/ucode" --info "url:" --info "maintainer:Jo-Philipp Wich <jo@mein.io>" --info "provides:"  --script "post-install:/workspaces/openwrt-radxa-rock5b-plus/openwrt/build_dir/target-aarch64_generic_musl/ucode-2025.07.18~3f64c808/apk-aarch64_generic/ucode-mod-math/post-install" --script "post-upgrade:/workspaces/openwrt-radxa-rock5b-plus/openwrt/build_dir/target-aarch64_generic_musl/ucode-2025.07.18~3f64c808/apk-aarch64_generic/ucode-mod-math/post-upgrade" --script "pre-deinstall:/workspaces/openwrt-radxa-rock5b-plus/openwrt/build_dir/target-aarch64_generic_musl/ucode-2025.07.18~3f64c808/apk-aarch64_generic/ucode-mod-math/pre-deinstall" --info "depends:libc ucode" --files "/workspaces/openwrt-radxa-rock5b-plus/openwrt/build_dir/target-aarch64_generic_musl/ucode-2025.07.18~3f64c808/ipkg-aarch64_generic/ucode-mod-math" --output "/workspaces/openwrt-radxa-rock5b-plus/openwrt/bin/packages/aarch64_generic/base/ucode-mod-math-2025.07.18~3f64c808-r1.apk" --sign "/workspaces/openwrt-radxa-rock5b-plus/openwrt/private-key.pem"
rm -rf /workspaces/openwrt-radxa-rock5b-plus/openwrt/build_dir/target-aarch64_generic_musl/ucode-2025.07.18~3f64c808/ipkg-aarch64_generic/ucode-mod-nl80211
/workspaces/openwrt-radxa-rock5b-plus/openwrt/scripts/ipkg-remove ucode-mod-nl80211 /workspaces/openwrt-radxa-rock5b-plus/openwrt/bin/packages/aarch64_generic/base/ucode-mod-nl80211-2025.07.18~3f64c808-r1.apk
removed '/workspaces/openwrt-radxa-rock5b-plus/openwrt/bin/packages/aarch64_generic/base/ucode-mod-nl80211-2025.07.18~3f64c808-r1.apk'
mkdir -p /workspaces/openwrt-radxa-rock5b-plus/openwrt/bin/targets/rockchip/armv8/packages /workspaces/openwrt-radxa-rock5b-plus/openwrt/build_dir/target-aarch64_generic_musl/ucode-2025.07.18~3f64c808/ipkg-aarch64_generic/ucode-mod-nl80211 /workspaces/openwrt-radxa-rock5b-plus/openwrt/staging_dir/target-aarch64_generic_musl/pkginfo
install -d -m0755 /workspaces/openwrt-radxa-rock5b-plus/openwrt/build_dir/target-aarch64_generic_musl/ucode-2025.07.18~3f64c808/ipkg-aarch64_generic/ucode-mod-nl80211/usr/lib/ucode
rm -rf /workspaces/openwrt-radxa-rock5b-plus/openwrt/build_dir/target-aarch64_generic_musl/util-linux-2.41.1/ipkg-aarch64_generic/blkdiscard
install -m0755 /workspaces/openwrt-radxa-rock5b-plus/openwrt/build_dir/target-aarch64_generic_musl/ucode-2025.07.18~3f64c808/ipkg-install/usr/lib/ucode/nl80211.so /workspaces/openwrt-radxa-rock5b-plus/openwrt/build_dir/target-aarch64_generic_musl/ucode-2025.07.18~3f64c808/ipkg-aarch64_generic/ucode-mod-nl80211/usr/lib/ucode/
/workspaces/openwrt-radxa-rock5b-plus/openwrt/scripts/ipkg-remove blkdiscard /workspaces/openwrt-radxa-rock5b-plus/openwrt/bin/packages/aarch64_generic/base/blkdiscard-2.41.1-r2.apk
find /workspaces/openwrt-radxa-rock5b-plus/openwrt/build_dir/target-aarch64_generic_musl/ucode-2025.07.18~3f64c808/ipkg-aarch64_generic/ucode-mod-nl80211 -name 'CVS' -o -name '.svn' -o -name '.#*' -o -name '*~'| xargs -r rm -rf
removed '/workspaces/openwrt-radxa-rock5b-plus/openwrt/bin/packages/aarch64_generic/base/blkdiscard-2.41.1-r2.apk'
mkdir -p /workspaces/openwrt-radxa-rock5b-plus/openwrt/bin/targets/rockchip/armv8/packages /workspaces/openwrt-radxa-rock5b-plus/openwrt/build_dir/target-aarch64_generic_musl/util-linux-2.41.1/ipkg-aarch64_generic/blkdiscard /workspaces/openwrt-radxa-rock5b-plus/openwrt/staging_dir/target-aarch64_generic_musl/pkginfo
install -d -m0755 /workspaces/openwrt-radxa-rock5b-plus/openwrt/build_dir/target-aarch64_generic_musl/util-linux-2.41.1/ipkg-aarch64_generic/blkdiscard/usr/sbin
install -m0755 /workspaces/openwrt-radxa-rock5b-plus/openwrt/build_dir/target-aarch64_generic_musl/util-linux-2.41.1/ipkg-install/usr/sbin/blkdiscard /workspaces/openwrt-radxa-rock5b-plus/openwrt/build_dir/target-aarch64_generic_musl/util-linux-2.41.1/ipkg-aarch64_generic/blkdiscard/usr/sbin/
find /workspaces/openwrt-radxa-rock5b-plus/openwrt/build_dir/target-aarch64_generic_musl/util-linux-2.41.1/ipkg-aarch64_generic/blkdiscard -name 'CVS' -o -name '.svn' -o -name '.#*' -o -name '*~'| xargs -r rm -rf
export CROSS="aarch64-openwrt-linux-musl-"  NO_RENAME=1 ; NM="aarch64-openwrt-linux-musl-nm" STRIP="/workspaces/openwrt-radxa-rock5b-plus/openwrt/staging_dir/host/bin/sstrip -z" STRIP_KMOD="/workspaces/openwrt-radxa-rock5b-plus/openwrt/scripts/strip-kmod.sh" PATCHELF="/workspaces/openwrt-radxa-rock5b-plus/openwrt/staging_dir/host/bin/patchelf" /workspaces/openwrt-radxa-rock5b-plus/openwrt/scripts/rstrip.sh /workspaces/openwrt-radxa-rock5b-plus/openwrt/build_dir/target-aarch64_generic_musl/ucode-2025.07.18~3f64c808/ipkg-aarch64_generic/ucode-mod-nl80211
export CROSS="aarch64-openwrt-linux-musl-"  NO_RENAME=1 ; NM="aarch64-openwrt-linux-musl-nm" STRIP="/workspaces/openwrt-radxa-rock5b-plus/openwrt/staging_dir/host/bin/sstrip -z" STRIP_KMOD="/workspaces/openwrt-radxa-rock5b-plus/openwrt/scripts/strip-kmod.sh" PATCHELF="/workspaces/openwrt-radxa-rock5b-plus/openwrt/staging_dir/host/bin/patchelf" /workspaces/openwrt-radxa-rock5b-plus/openwrt/scripts/rstrip.sh /workspaces/openwrt-radxa-rock5b-plus/openwrt/build_dir/target-aarch64_generic_musl/util-linux-2.41.1/ipkg-aarch64_generic/blkdiscard
rstrip.sh: /workspaces/openwrt-radxa-rock5b-plus/openwrt/build_dir/target-aarch64_generic_musl/util-linux-2.41.1/ipkg-aarch64_generic/blkdiscard/usr/sbin/blkdiscard: executable
rstrip.sh: /workspaces/openwrt-radxa-rock5b-plus/openwrt/build_dir/target-aarch64_generic_musl/ucode-2025.07.18~3f64c808/ipkg-aarch64_generic/ucode-mod-nl80211/usr/lib/ucode/nl80211.so: shared object
install -d -m0755 /workspaces/openwrt-radxa-rock5b-plus/openwrt/bin/packages/aarch64_generic/base/tmp
mkdir -p /workspaces/openwrt-radxa-rock5b-plus/openwrt/build_dir/target-aarch64_generic_musl/util-linux-2.41.1/apk-aarch64_generic/blkdiscard/
mkdir -p /workspaces/openwrt-radxa-rock5b-plus/openwrt/build_dir/target-aarch64_generic_musl/util-linux-2.41.1/ipkg-aarch64_generic/blkdiscard/lib/apk/packages/
install -d -m0755 /workspaces/openwrt-radxa-rock5b-plus/openwrt/bin/packages/aarch64_generic/base/tmp
mkdir -p /workspaces/openwrt-radxa-rock5b-plus/openwrt/build_dir/target-aarch64_generic_musl/ucode-2025.07.18~3f64c808/apk-aarch64_generic/ucode-mod-nl80211/
(cd /workspaces/openwrt-radxa-rock5b-plus/openwrt/build_dir/target-aarch64_generic_musl/util-linux-2.41.1/apk-aarch64_generic/blkdiscard; )
( echo "#!/bin/sh"; echo "[ \"\${IPKG_NO_SCRIPT}\" = \"1\" ] && exit 0"; echo "[ -s "\${IPKG_INSTROOT}/lib/functions.sh" ] || exit 0"; echo ". \${IPKG_INSTROOT}/lib/functions.sh"; echo 'export root="${IPKG_INSTROOT}"'; echo 'export pkgname="blkdiscard"'; echo "add_group_and_user"; echo "default_postinst"; [ ! -f /workspaces/openwrt-radxa-rock5b-plus/openwrt/build_dir/target-aarch64_generic_musl/util-linux-2.41.1/apk-aarch64_generic/blkdiscard/postinst-pkg ] || sed -z 's/^\s*#!/#!/' "/workspaces/openwrt-radxa-rock5b-plus/openwrt/build_dir/target-aarch64_generic_musl/util-linux-2.41.1/apk-aarch64_generic/blkdiscard/postinst-pkg"; ) > /workspaces/openwrt-radxa-rock5b-plus/openwrt/build_dir/target-aarch64_generic_musl/util-linux-2.41.1/apk-aarch64_generic/blkdiscard/post-install;
mkdir -p /workspaces/openwrt-radxa-rock5b-plus/openwrt/build_dir/target-aarch64_generic_musl/ucode-2025.07.18~3f64c808/ipkg-aarch64_generic/ucode-mod-nl80211/lib/apk/packages/
( echo "#!/bin/sh"; echo 'export PKG_UPGRADE=1'; [ ! -f /workspaces/openwrt-radxa-rock5b-plus/openwrt/build_dir/target-aarch64_generic_musl/util-linux-2.41.1/apk-aarch64_generic/blkdiscard/post-install ] || sed -z 's/^\s*#!/#!/' "/workspaces/openwrt-radxa-rock5b-plus/openwrt/build_dir/target-aarch64_generic_musl/util-linux-2.41.1/apk-aarch64_generic/blkdiscard/post-install"; ) > /workspaces/openwrt-radxa-rock5b-plus/openwrt/build_dir/target-aarch64_generic_musl/util-linux-2.41.1/apk-aarch64_generic/blkdiscard/post-upgrade;
(cd /workspaces/openwrt-radxa-rock5b-plus/openwrt/build_dir/target-aarch64_generic_musl/ucode-2025.07.18~3f64c808/apk-aarch64_generic/ucode-mod-nl80211; )
( echo "#!/bin/sh"; echo "[ \"\${IPKG_NO_SCRIPT}\" = \"1\" ] && exit 0"; echo "[ -s "\${IPKG_INSTROOT}/lib/functions.sh" ] || exit 0"; echo ". \${IPKG_INSTROOT}/lib/functions.sh"; echo 'export root="${IPKG_INSTROOT}"'; echo 'export pkgname="ucode-mod-nl80211"'; echo "add_group_and_user"; echo "default_postinst"; [ ! -f /workspaces/openwrt-radxa-rock5b-plus/openwrt/build_dir/target-aarch64_generic_musl/ucode-2025.07.18~3f64c808/apk-aarch64_generic/ucode-mod-nl80211/postinst-pkg ] || sed -z 's/^\s*#!/#!/' "/workspaces/openwrt-radxa-rock5b-plus/openwrt/build_dir/target-aarch64_generic_musl/ucode-2025.07.18~3f64c808/apk-aarch64_generic/ucode-mod-nl80211/postinst-pkg"; ) > /workspaces/openwrt-radxa-rock5b-plus/openwrt/build_dir/target-aarch64_generic_musl/ucode-2025.07.18~3f64c808/apk-aarch64_generic/ucode-mod-nl80211/post-install;
( echo "#!/bin/sh"; echo 'export PKG_UPGRADE=1'; [ ! -f /workspaces/openwrt-radxa-rock5b-plus/openwrt/build_dir/target-aarch64_generic_musl/ucode-2025.07.18~3f64c808/apk-aarch64_generic/ucode-mod-nl80211/post-install ] || sed -z 's/^\s*#!/#!/' "/workspaces/openwrt-radxa-rock5b-plus/openwrt/build_dir/target-aarch64_generic_musl/ucode-2025.07.18~3f64c808/apk-aarch64_generic/ucode-mod-nl80211/post-install"; ) > /workspaces/openwrt-radxa-rock5b-plus/openwrt/build_dir/target-aarch64_generic_musl/ucode-2025.07.18~3f64c808/apk-aarch64_generic/ucode-mod-nl80211/post-upgrade;
( echo "#!/bin/sh"; echo "[ -s "\${IPKG_INSTROOT}/lib/functions.sh" ] || exit 0"; echo ". \${IPKG_INSTROOT}/lib/functions.sh"; echo 'export root="${IPKG_INSTROOT}"'; echo 'export pkgname="blkdiscard"'; echo "default_prerm"; [ ! -f /workspaces/openwrt-radxa-rock5b-plus/openwrt/build_dir/target-aarch64_generic_musl/util-linux-2.41.1/apk-aarch64_generic/blkdiscard/prerm-pkg ] || sed -z 's/^\s*#!/#!/' "/workspaces/openwrt-radxa-rock5b-plus/openwrt/build_dir/target-aarch64_generic_musl/util-linux-2.41.1/apk-aarch64_generic/blkdiscard/prerm-pkg"; ) > /workspaces/openwrt-radxa-rock5b-plus/openwrt/build_dir/target-aarch64_generic_musl/util-linux-2.41.1/apk-aarch64_generic/blkdiscard/pre-deinstall;
[ ! -f /workspaces/openwrt-radxa-rock5b-plus/openwrt/build_dir/target-aarch64_generic_musl/util-linux-2.41.1/apk-aarch64_generic/blkdiscard/postrm ] || sed -zi 's/^\s*#!/#!/' "/workspaces/openwrt-radxa-rock5b-plus/openwrt/build_dir/target-aarch64_generic_musl/util-linux-2.41.1/apk-aarch64_generic/blkdiscard/postrm";
( echo "#!/bin/sh"; echo "[ -s "\${IPKG_INSTROOT}/lib/functions.sh" ] || exit 0"; echo ". \${IPKG_INSTROOT}/lib/functions.sh"; echo 'export root="${IPKG_INSTROOT}"'; echo 'export pkgname="ucode-mod-nl80211"'; echo "default_prerm"; [ ! -f /workspaces/openwrt-radxa-rock5b-plus/openwrt/build_dir/target-aarch64_generic_musl/ucode-2025.07.18~3f64c808/apk-aarch64_generic/ucode-mod-nl80211/prerm-pkg ] || sed -z 's/^\s*#!/#!/' "/workspaces/openwrt-radxa-rock5b-plus/openwrt/build_dir/target-aarch64_generic_musl/ucode-2025.07.18~3f64c808/apk-aarch64_generic/ucode-mod-nl80211/prerm-pkg"; ) > /workspaces/openwrt-radxa-rock5b-plus/openwrt/build_dir/target-aarch64_generic_musl/ucode-2025.07.18~3f64c808/apk-aarch64_generic/ucode-mod-nl80211/pre-deinstall;
if [ -n "" ]; then echo  > /workspaces/openwrt-radxa-rock5b-plus/openwrt/build_dir/target-aarch64_generic_musl/util-linux-2.41.1/ipkg-aarch64_generic/blkdiscard/lib/apk/packages/blkdiscard.rusers; fi;
if [ -n "" ]; then echo  > /workspaces/openwrt-radxa-rock5b-plus/openwrt/build_dir/target-aarch64_generic_musl/util-linux-2.41.1/ipkg-aarch64_generic/blkdiscard/lib/apk/packages/blkdiscard.alternatives; fi;
[ ! -f /workspaces/openwrt-radxa-rock5b-plus/openwrt/build_dir/target-aarch64_generic_musl/ucode-2025.07.18~3f64c808/apk-aarch64_generic/ucode-mod-nl80211/postrm ] || sed -zi 's/^\s*#!/#!/' "/workspaces/openwrt-radxa-rock5b-plus/openwrt/build_dir/target-aarch64_generic_musl/ucode-2025.07.18~3f64c808/apk-aarch64_generic/ucode-mod-nl80211/postrm";
(cd /workspaces/openwrt-radxa-rock5b-plus/openwrt/build_dir/target-aarch64_generic_musl/util-linux-2.41.1/ipkg-aarch64_generic/blkdiscard && find . -type f,l -printf "/%P\n" | sort > /workspaces/openwrt-radxa-rock5b-plus/openwrt/tmp/blkdiscard.list && mv /workspaces/openwrt-radxa-rock5b-plus/openwrt/tmp/blkdiscard.list /workspaces/openwrt-radxa-rock5b-plus/openwrt/build_dir/target-aarch64_generic_musl/util-linux-2.41.1/ipkg-aarch64_generic/blkdiscard/lib/apk/packages/blkdiscard.list)
if [ -n "" ]; then echo  > /workspaces/openwrt-radxa-rock5b-plus/openwrt/build_dir/target-aarch64_generic_musl/ucode-2025.07.18~3f64c808/ipkg-aarch64_generic/ucode-mod-nl80211/lib/apk/packages/ucode-mod-nl80211.rusers; fi;
if [ -n "" ]; then echo  > /workspaces/openwrt-radxa-rock5b-plus/openwrt/build_dir/target-aarch64_generic_musl/ucode-2025.07.18~3f64c808/ipkg-aarch64_generic/ucode-mod-nl80211/lib/apk/packages/ucode-mod-nl80211.alternatives; fi;
(cd /workspaces/openwrt-radxa-rock5b-plus/openwrt/build_dir/target-aarch64_generic_musl/ucode-2025.07.18~3f64c808/ipkg-aarch64_generic/ucode-mod-nl80211 && find . -type f,l -printf "/%P\n" | sort > /workspaces/openwrt-radxa-rock5b-plus/openwrt/tmp/ucode-mod-nl80211.list && mv /workspaces/openwrt-radxa-rock5b-plus/openwrt/tmp/ucode-mod-nl80211.list /workspaces/openwrt-radxa-rock5b-plus/openwrt/build_dir/target-aarch64_generic_musl/ucode-2025.07.18~3f64c808/ipkg-aarch64_generic/ucode-mod-nl80211/lib/apk/packages/ucode-mod-nl80211.list)
# Move conffiles to IDIR and build conffiles_static with csums
if [ -f /workspaces/openwrt-radxa-rock5b-plus/openwrt/build_dir/target-aarch64_generic_musl/util-linux-2.41.1/apk-aarch64_generic/blkdiscard/conffiles ]; then mv -f /workspaces/openwrt-radxa-rock5b-plus/openwrt/build_dir/target-aarch64_generic_musl/util-linux-2.41.1/apk-aarch64_generic/blkdiscard/conffiles /workspaces/openwrt-radxa-rock5b-plus/openwrt/build_dir/target-aarch64_generic_musl/util-linux-2.41.1/ipkg-aarch64_generic/blkdiscard/lib/apk/packages/blkdiscard.conffiles; for file in $(cat /workspaces/openwrt-radxa-rock5b-plus/openwrt/build_dir/target-aarch64_generic_musl/util-linux-2.41.1/ipkg-aarch64_generic/blkdiscard/lib/apk/packages/blkdiscard.conffiles); do [ -f /workspaces/openwrt-radxa-rock5b-plus/openwrt/build_dir/target-aarch64_generic_musl/util-linux-2.41.1/ipkg-aarch64_generic/blkdiscard/$file ] || continue; csum=$(/workspaces/openwrt-radxa-rock5b-plus/openwrt/staging_dir/host/bin/mkhash sha256 /workspaces/openwrt-radxa-rock5b-plus/openwrt/build_dir/target-aarch64_generic_musl/util-linux-2.41.1/ipkg-aarch64_generic/blkdiscard/$file); echo $file $csum >> /workspaces/openwrt-radxa-rock5b-plus/openwrt/build_dir/target-aarch64_generic_musl/util-linux-2.41.1/ipkg-aarch64_generic/blkdiscard/lib/apk/packages/blkdiscard.conffiles_static; done; fi
# Some package (base-files) manually append stuff to conffiles
# Move conffiles to IDIR and build conffiles_static with csums
# Append stuff from it and delete the CONTROL directory since everything else should be migrated
if [ -f /workspaces/openwrt-radxa-rock5b-plus/openwrt/build_dir/target-aarch64_generic_musl/util-linux-2.41.1/ipkg-aarch64_generic/blkdiscard/CONTROL/conffiles ]; then echo $(IDIR_blkdiscard)/CONTROL/conffiles >> /workspaces/openwrt-radxa-rock5b-plus/openwrt/build_dir/target-aarch64_generic_musl/util-linux-2.41.1/ipkg-aarch64_generic/blkdiscard/lib/apk/packages/blkdiscard.conffiles; for file in $(cat /workspaces/openwrt-radxa-rock5b-plus/openwrt/build_dir/target-aarch64_generic_musl/util-linux-2.41.1/ipkg-aarch64_generic/blkdiscard/CONTROL/conffiles); do [ -f /workspaces/openwrt-radxa-rock5b-plus/openwrt/build_dir/target-aarch64_generic_musl/util-linux-2.41.1/ipkg-aarch64_generic/blkdiscard/$file ] || continue; csum=$(/workspaces/openwrt-radxa-rock5b-plus/openwrt/staging_dir/host/bin/mkhash sha256 /workspaces/openwrt-radxa-rock5b-plus/openwrt/build_dir/target-aarch64_generic_musl/util-linux-2.41.1/ipkg-aarch64_generic/blkdiscard/$file); echo $file $csum >> /workspaces/openwrt-radxa-rock5b-plus/openwrt/build_dir/target-aarch64_generic_musl/util-linux-2.41.1/ipkg-aarch64_generic/blkdiscard/lib/apk/packages/blkdiscard.conffiles_static; done; rm -rf /workspaces/openwrt-radxa-rock5b-plus/openwrt/build_dir/target-aarch64_generic_musl/util-linux-2.41.1/ipkg-aarch64_generic/blkdiscard/CONTROL/conffiles; fi
if [ -f /workspaces/openwrt-radxa-rock5b-plus/openwrt/build_dir/target-aarch64_generic_musl/ucode-2025.07.18~3f64c808/apk-aarch64_generic/ucode-mod-nl80211/conffiles ]; then mv -f /workspaces/openwrt-radxa-rock5b-plus/openwrt/build_dir/target-aarch64_generic_musl/ucode-2025.07.18~3f64c808/apk-aarch64_generic/ucode-mod-nl80211/conffiles /workspaces/openwrt-radxa-rock5b-plus/openwrt/build_dir/target-aarch64_generic_musl/ucode-2025.07.18~3f64c808/ipkg-aarch64_generic/ucode-mod-nl80211/lib/apk/packages/ucode-mod-nl80211.conffiles; for file in $(cat /workspaces/openwrt-radxa-rock5b-plus/openwrt/build_dir/target-aarch64_generic_musl/ucode-2025.07.18~3f64c808/ipkg-aarch64_generic/ucode-mod-nl80211/lib/apk/packages/ucode-mod-nl80211.conffiles); do [ -f /workspaces/openwrt-radxa-rock5b-plus/openwrt/build_dir/target-aarch64_generic_musl/ucode-2025.07.18~3f64c808/ipkg-aarch64_generic/ucode-mod-nl80211/$file ] || continue; csum=$(/workspaces/openwrt-radxa-rock5b-plus/openwrt/staging_dir/host/bin/mkhash sha256 /workspaces/openwrt-radxa-rock5b-plus/openwrt/build_dir/target-aarch64_generic_musl/ucode-2025.07.18~3f64c808/ipkg-aarch64_generic/ucode-mod-nl80211/$file); echo $file $csum >> /workspaces/openwrt-radxa-rock5b-plus/openwrt/build_dir/target-aarch64_generic_musl/ucode-2025.07.18~3f64c808/ipkg-aarch64_generic/ucode-mod-nl80211/lib/apk/packages/ucode-mod-nl80211.conffiles_static; done; fi
if [ -z "$(ls -A /workspaces/openwrt-radxa-rock5b-plus/openwrt/build_dir/target-aarch64_generic_musl/util-linux-2.41.1/ipkg-aarch64_generic/blkdiscard/CONTROL 2>/dev/null)" ]; then rm -rf /workspaces/openwrt-radxa-rock5b-plus/openwrt/build_dir/target-aarch64_generic_musl/util-linux-2.41.1/ipkg-aarch64_generic/blkdiscard/CONTROL; else echo "CONTROL directory /workspaces/openwrt-radxa-rock5b-plus/openwrt/build_dir/target-aarch64_generic_musl/util-linux-2.41.1/ipkg-aarch64_generic/blkdiscard/CONTROL is not empty! This is not right and should be checked!" >&2; exit 1; fi
# Some package (base-files) manually append stuff to conffiles
# Append stuff from it and delete the CONTROL directory since everything else should be migrated
if [ -f /workspaces/openwrt-radxa-rock5b-plus/openwrt/build_dir/target-aarch64_generic_musl/ucode-2025.07.18~3f64c808/ipkg-aarch64_generic/ucode-mod-nl80211/CONTROL/conffiles ]; then echo $(IDIR_ucode-mod-nl80211)/CONTROL/conffiles >> /workspaces/openwrt-radxa-rock5b-plus/openwrt/build_dir/target-aarch64_generic_musl/ucode-2025.07.18~3f64c808/ipkg-aarch64_generic/ucode-mod-nl80211/lib/apk/packages/ucode-mod-nl80211.conffiles; for file in $(cat /workspaces/openwrt-radxa-rock5b-plus/openwrt/build_dir/target-aarch64_generic_musl/ucode-2025.07.18~3f64c808/ipkg-aarch64_generic/ucode-mod-nl80211/CONTROL/conffiles); do [ -f /workspaces/openwrt-radxa-rock5b-plus/openwrt/build_dir/target-aarch64_generic_musl/ucode-2025.07.18~3f64c808/ipkg-aarch64_generic/ucode-mod-nl80211/$file ] || continue; csum=$(/workspaces/openwrt-radxa-rock5b-plus/openwrt/staging_dir/host/bin/mkhash sha256 /workspaces/openwrt-radxa-rock5b-plus/openwrt/build_dir/target-aarch64_generic_musl/ucode-2025.07.18~3f64c808/ipkg-aarch64_generic/ucode-mod-nl80211/$file); echo $file $csum >> /workspaces/openwrt-radxa-rock5b-plus/openwrt/build_dir/target-aarch64_generic_musl/ucode-2025.07.18~3f64c808/ipkg-aarch64_generic/ucode-mod-nl80211/lib/apk/packages/ucode-mod-nl80211.conffiles_static; done; rm -rf /workspaces/openwrt-radxa-rock5b-plus/openwrt/build_dir/target-aarch64_generic_musl/ucode-2025.07.18~3f64c808/ipkg-aarch64_generic/ucode-mod-nl80211/CONTROL/conffiles; fi
if [ -z "$(ls -A /workspaces/openwrt-radxa-rock5b-plus/openwrt/build_dir/target-aarch64_generic_musl/ucode-2025.07.18~3f64c808/ipkg-aarch64_generic/ucode-mod-nl80211/CONTROL 2>/dev/null)" ]; then rm -rf /workspaces/openwrt-radxa-rock5b-plus/openwrt/build_dir/target-aarch64_generic_musl/ucode-2025.07.18~3f64c808/ipkg-aarch64_generic/ucode-mod-nl80211/CONTROL; else echo "CONTROL directory /workspaces/openwrt-radxa-rock5b-plus/openwrt/build_dir/target-aarch64_generic_musl/ucode-2025.07.18~3f64c808/ipkg-aarch64_generic/ucode-mod-nl80211/CONTROL is not empty! This is not right and should be checked!" >&2; exit 1; fi
/workspaces/openwrt-radxa-rock5b-plus/openwrt/staging_dir/host/bin/fakeroot /workspaces/openwrt-radxa-rock5b-plus/openwrt/staging_dir/host/bin/apk mkpkg --info "name:blkdiscard" --info "version:2.41.1-r2"  --info "description:The blkdiscard is used to discard device sectors. This is useful for solid-state drivers (SSDs) and thinly-provisioned storage. Unlike fstrim, this command is used directly on the block device." --info "arch:aarch64_generic" --info "license:GPL-2.0-or-later" --info "origin:feeds/base/utils/util-linux" --info "url:http://www.kernel.org/pub/linux/utils/util-linux/" --info "maintainer:" --info "provides:"  --script "post-install:/workspaces/openwrt-radxa-rock5b-plus/openwrt/build_dir/target-aarch64_generic_musl/util-linux-2.41.1/apk-aarch64_generic/blkdiscard/post-install" --script "post-upgrade:/workspaces/openwrt-radxa-rock5b-plus/openwrt/build_dir/target-aarch64_generic_musl/util-linux-2.41.1/apk-aarch64_generic/blkdiscard/post-upgrade" --script "pre-deinstall:/workspaces/openwrt-radxa-rock5b-plus/openwrt/build_dir/target-aarch64_generic_musl/util-linux-2.41.1/apk-aarch64_generic/blkdiscard/pre-deinstall" --info "depends:libc libblkid1" --files "/workspaces/openwrt-radxa-rock5b-plus/openwrt/build_dir/target-aarch64_generic_musl/util-linux-2.41.1/ipkg-aarch64_generic/blkdiscard" --output "/workspaces/openwrt-radxa-rock5b-plus/openwrt/bin/packages/aarch64_generic/base/blkdiscard-2.41.1-r2.apk" --sign "/workspaces/openwrt-radxa-rock5b-plus/openwrt/private-key.pem"
/workspaces/openwrt-radxa-rock5b-plus/openwrt/staging_dir/host/bin/fakeroot /workspaces/openwrt-radxa-rock5b-plus/openwrt/staging_dir/host/bin/apk mkpkg --info "name:ucode-mod-nl80211" --info "version:2025.07.18~3f64c808-r1"  --info "description:The nl80211 plugin provides access to the Linux wireless 802.11 netlink API." --info "arch:aarch64_generic" --info "license:ISC" --info "origin:feeds/base/utils/ucode" --info "url:" --info "maintainer:Jo-Philipp Wich <jo@mein.io>" --info "provides:"  --script "post-install:/workspaces/openwrt-radxa-rock5b-plus/openwrt/build_dir/target-aarch64_generic_musl/ucode-2025.07.18~3f64c808/apk-aarch64_generic/ucode-mod-nl80211/post-install" --script "post-upgrade:/workspaces/openwrt-radxa-rock5b-plus/openwrt/build_dir/target-aarch64_generic_musl/ucode-2025.07.18~3f64c808/apk-aarch64_generic/ucode-mod-nl80211/post-upgrade" --script "pre-deinstall:/workspaces/openwrt-radxa-rock5b-plus/openwrt/build_dir/target-aarch64_generic_musl/ucode-2025.07.18~3f64c808/apk-aarch64_generic/ucode-mod-nl80211/pre-deinstall" --info "depends:libc ucode libnl-tiny1 libubox20250723" --files "/workspaces/openwrt-radxa-rock5b-plus/openwrt/build_dir/target-aarch64_generic_musl/ucode-2025.07.18~3f64c808/ipkg-aarch64_generic/ucode-mod-nl80211" --output "/workspaces/openwrt-radxa-rock5b-plus/openwrt/bin/packages/aarch64_generic/base/ucode-mod-nl80211-2025.07.18~3f64c808-r1.apk" --sign "/workspaces/openwrt-radxa-rock5b-plus/openwrt/private-key.pem"
rm -rf /workspaces/openwrt-radxa-rock5b-plus/openwrt/build_dir/target-aarch64_generic_musl/util-linux-2.41.1/ipkg-aarch64_generic/partx-utils
/workspaces/openwrt-radxa-rock5b-plus/openwrt/scripts/ipkg-remove partx-utils /workspaces/openwrt-radxa-rock5b-plus/openwrt/bin/packages/aarch64_generic/base/partx-utils-2.41.1-r2.apk
removed '/workspaces/openwrt-radxa-rock5b-plus/openwrt/bin/packages/aarch64_generic/base/partx-utils-2.41.1-r2.apk'
mkdir -p /workspaces/openwrt-radxa-rock5b-plus/openwrt/bin/targets/rockchip/armv8/packages /workspaces/openwrt-radxa-rock5b-plus/openwrt/build_dir/target-aarch64_generic_musl/util-linux-2.41.1/ipkg-aarch64_generic/partx-utils /workspaces/openwrt-radxa-rock5b-plus/openwrt/staging_dir/target-aarch64_generic_musl/pkginfo
install -d -m0755 /workspaces/openwrt-radxa-rock5b-plus/openwrt/build_dir/target-aarch64_generic_musl/util-linux-2.41.1/ipkg-aarch64_generic/partx-utils/usr/sbin
install -m0755 /workspaces/openwrt-radxa-rock5b-plus/openwrt/build_dir/target-aarch64_generic_musl/util-linux-2.41.1/ipkg-install/usr/sbin/partx /workspaces/openwrt-radxa-rock5b-plus/openwrt/build_dir/target-aarch64_generic_musl/util-linux-2.41.1/ipkg-aarch64_generic/partx-utils/usr/sbin/
install -m0755 /workspaces/openwrt-radxa-rock5b-plus/openwrt/build_dir/target-aarch64_generic_musl/util-linux-2.41.1/ipkg-install/usr/sbin/addpart /workspaces/openwrt-radxa-rock5b-plus/openwrt/build_dir/target-aarch64_generic_musl/util-linux-2.41.1/ipkg-aarch64_generic/partx-utils/usr/sbin/
install -m0755 /workspaces/openwrt-radxa-rock5b-plus/openwrt/build_dir/target-aarch64_generic_musl/util-linux-2.41.1/ipkg-install/usr/sbin/delpart /workspaces/openwrt-radxa-rock5b-plus/openwrt/build_dir/target-aarch64_generic_musl/util-linux-2.41.1/ipkg-aarch64_generic/partx-utils/usr/sbin/
find /workspaces/openwrt-radxa-rock5b-plus/openwrt/build_dir/target-aarch64_generic_musl/util-linux-2.41.1/ipkg-aarch64_generic/partx-utils -name 'CVS' -o -name '.svn' -o -name '.#*' -o -name '*~'| xargs -r rm -rf
rm -rf /workspaces/openwrt-radxa-rock5b-plus/openwrt/build_dir/target-aarch64_generic_musl/ucode-2025.07.18~3f64c808/ipkg-aarch64_generic/ucode-mod-rtnl
/workspaces/openwrt-radxa-rock5b-plus/openwrt/scripts/ipkg-remove ucode-mod-rtnl /workspaces/openwrt-radxa-rock5b-plus/openwrt/bin/packages/aarch64_generic/base/ucode-mod-rtnl-2025.07.18~3f64c808-r1.apk
removed '/workspaces/openwrt-radxa-rock5b-plus/openwrt/bin/packages/aarch64_generic/base/ucode-mod-rtnl-2025.07.18~3f64c808-r1.apk'
mkdir -p /workspaces/openwrt-radxa-rock5b-plus/openwrt/bin/targets/rockchip/armv8/packages /workspaces/openwrt-radxa-rock5b-plus/openwrt/build_dir/target-aarch64_generic_musl/ucode-2025.07.18~3f64c808/ipkg-aarch64_generic/ucode-mod-rtnl /workspaces/openwrt-radxa-rock5b-plus/openwrt/staging_dir/target-aarch64_generic_musl/pkginfo
export CROSS="aarch64-openwrt-linux-musl-"  NO_RENAME=1 ; NM="aarch64-openwrt-linux-musl-nm" STRIP="/workspaces/openwrt-radxa-rock5b-plus/openwrt/staging_dir/host/bin/sstrip -z" STRIP_KMOD="/workspaces/openwrt-radxa-rock5b-plus/openwrt/scripts/strip-kmod.sh" PATCHELF="/workspaces/openwrt-radxa-rock5b-plus/openwrt/staging_dir/host/bin/patchelf" /workspaces/openwrt-radxa-rock5b-plus/openwrt/scripts/rstrip.sh /workspaces/openwrt-radxa-rock5b-plus/openwrt/build_dir/target-aarch64_generic_musl/util-linux-2.41.1/ipkg-aarch64_generic/partx-utils
install -d -m0755 /workspaces/openwrt-radxa-rock5b-plus/openwrt/build_dir/target-aarch64_generic_musl/ucode-2025.07.18~3f64c808/ipkg-aarch64_generic/ucode-mod-rtnl/usr/lib/ucode
install -m0755 /workspaces/openwrt-radxa-rock5b-plus/openwrt/build_dir/target-aarch64_generic_musl/ucode-2025.07.18~3f64c808/ipkg-install/usr/lib/ucode/rtnl.so /workspaces/openwrt-radxa-rock5b-plus/openwrt/build_dir/target-aarch64_generic_musl/ucode-2025.07.18~3f64c808/ipkg-aarch64_generic/ucode-mod-rtnl/usr/lib/ucode/
rstrip.sh: /workspaces/openwrt-radxa-rock5b-plus/openwrt/build_dir/target-aarch64_generic_musl/util-linux-2.41.1/ipkg-aarch64_generic/partx-utils/usr/sbin/addpart: executable
find /workspaces/openwrt-radxa-rock5b-plus/openwrt/build_dir/target-aarch64_generic_musl/ucode-2025.07.18~3f64c808/ipkg-aarch64_generic/ucode-mod-rtnl -name 'CVS' -o -name '.svn' -o -name '.#*' -o -name '*~'| xargs -r rm -rf
rstrip.sh: /workspaces/openwrt-radxa-rock5b-plus/openwrt/build_dir/target-aarch64_generic_musl/util-linux-2.41.1/ipkg-aarch64_generic/partx-utils/usr/sbin/delpart: executable
rstrip.sh: /workspaces/openwrt-radxa-rock5b-plus/openwrt/build_dir/target-aarch64_generic_musl/util-linux-2.41.1/ipkg-aarch64_generic/partx-utils/usr/sbin/partx: executable
install -d -m0755 /workspaces/openwrt-radxa-rock5b-plus/openwrt/bin/packages/aarch64_generic/base/tmp
mkdir -p /workspaces/openwrt-radxa-rock5b-plus/openwrt/build_dir/target-aarch64_generic_musl/util-linux-2.41.1/apk-aarch64_generic/partx-utils/
export CROSS="aarch64-openwrt-linux-musl-"  NO_RENAME=1 ; NM="aarch64-openwrt-linux-musl-nm" STRIP="/workspaces/openwrt-radxa-rock5b-plus/openwrt/staging_dir/host/bin/sstrip -z" STRIP_KMOD="/workspaces/openwrt-radxa-rock5b-plus/openwrt/scripts/strip-kmod.sh" PATCHELF="/workspaces/openwrt-radxa-rock5b-plus/openwrt/staging_dir/host/bin/patchelf" /workspaces/openwrt-radxa-rock5b-plus/openwrt/scripts/rstrip.sh /workspaces/openwrt-radxa-rock5b-plus/openwrt/build_dir/target-aarch64_generic_musl/ucode-2025.07.18~3f64c808/ipkg-aarch64_generic/ucode-mod-rtnl
mkdir -p /workspaces/openwrt-radxa-rock5b-plus/openwrt/build_dir/target-aarch64_generic_musl/util-linux-2.41.1/ipkg-aarch64_generic/partx-utils/lib/apk/packages/
(cd /workspaces/openwrt-radxa-rock5b-plus/openwrt/build_dir/target-aarch64_generic_musl/util-linux-2.41.1/apk-aarch64_generic/partx-utils; )
rstrip.sh: /workspaces/openwrt-radxa-rock5b-plus/openwrt/build_dir/target-aarch64_generic_musl/ucode-2025.07.18~3f64c808/ipkg-aarch64_generic/ucode-mod-rtnl/usr/lib/ucode/rtnl.so: shared object
( echo "#!/bin/sh"; echo "[ \"\${IPKG_NO_SCRIPT}\" = \"1\" ] && exit 0"; echo "[ -s "\${IPKG_INSTROOT}/lib/functions.sh" ] || exit 0"; echo ". \${IPKG_INSTROOT}/lib/functions.sh"; echo 'export root="${IPKG_INSTROOT}"'; echo 'export pkgname="partx-utils"'; echo "add_group_and_user"; echo "default_postinst"; [ ! -f /workspaces/openwrt-radxa-rock5b-plus/openwrt/build_dir/target-aarch64_generic_musl/util-linux-2.41.1/apk-aarch64_generic/partx-utils/postinst-pkg ] || sed -z 's/^\s*#!/#!/' "/workspaces/openwrt-radxa-rock5b-plus/openwrt/build_dir/target-aarch64_generic_musl/util-linux-2.41.1/apk-aarch64_generic/partx-utils/postinst-pkg"; ) > /workspaces/openwrt-radxa-rock5b-plus/openwrt/build_dir/target-aarch64_generic_musl/util-linux-2.41.1/apk-aarch64_generic/partx-utils/post-install;
( echo "#!/bin/sh"; echo 'export PKG_UPGRADE=1'; [ ! -f /workspaces/openwrt-radxa-rock5b-plus/openwrt/build_dir/target-aarch64_generic_musl/util-linux-2.41.1/apk-aarch64_generic/partx-utils/post-install ] || sed -z 's/^\s*#!/#!/' "/workspaces/openwrt-radxa-rock5b-plus/openwrt/build_dir/target-aarch64_generic_musl/util-linux-2.41.1/apk-aarch64_generic/partx-utils/post-install"; ) > /workspaces/openwrt-radxa-rock5b-plus/openwrt/build_dir/target-aarch64_generic_musl/util-linux-2.41.1/apk-aarch64_generic/partx-utils/post-upgrade;
( echo "#!/bin/sh"; echo "[ -s "\${IPKG_INSTROOT}/lib/functions.sh" ] || exit 0"; echo ". \${IPKG_INSTROOT}/lib/functions.sh"; echo 'export root="${IPKG_INSTROOT}"'; echo 'export pkgname="partx-utils"'; echo "default_prerm"; [ ! -f /workspaces/openwrt-radxa-rock5b-plus/openwrt/build_dir/target-aarch64_generic_musl/util-linux-2.41.1/apk-aarch64_generic/partx-utils/prerm-pkg ] || sed -z 's/^\s*#!/#!/' "/workspaces/openwrt-radxa-rock5b-plus/openwrt/build_dir/target-aarch64_generic_musl/util-linux-2.41.1/apk-aarch64_generic/partx-utils/prerm-pkg"; ) > /workspaces/openwrt-radxa-rock5b-plus/openwrt/build_dir/target-aarch64_generic_musl/util-linux-2.41.1/apk-aarch64_generic/partx-utils/pre-deinstall;
install -d -m0755 /workspaces/openwrt-radxa-rock5b-plus/openwrt/bin/packages/aarch64_generic/base/tmp
mkdir -p /workspaces/openwrt-radxa-rock5b-plus/openwrt/build_dir/target-aarch64_generic_musl/ucode-2025.07.18~3f64c808/apk-aarch64_generic/ucode-mod-rtnl/
[ ! -f /workspaces/openwrt-radxa-rock5b-plus/openwrt/build_dir/target-aarch64_generic_musl/util-linux-2.41.1/apk-aarch64_generic/partx-utils/postrm ] || sed -zi 's/^\s*#!/#!/' "/workspaces/openwrt-radxa-rock5b-plus/openwrt/build_dir/target-aarch64_generic_musl/util-linux-2.41.1/apk-aarch64_generic/partx-utils/postrm";
if [ -n "" ]; then echo  > /workspaces/openwrt-radxa-rock5b-plus/openwrt/build_dir/target-aarch64_generic_musl/util-linux-2.41.1/ipkg-aarch64_generic/partx-utils/lib/apk/packages/partx-utils.rusers; fi;
mkdir -p /workspaces/openwrt-radxa-rock5b-plus/openwrt/build_dir/target-aarch64_generic_musl/ucode-2025.07.18~3f64c808/ipkg-aarch64_generic/ucode-mod-rtnl/lib/apk/packages/
if [ -n "" ]; then echo  > /workspaces/openwrt-radxa-rock5b-plus/openwrt/build_dir/target-aarch64_generic_musl/util-linux-2.41.1/ipkg-aarch64_generic/partx-utils/lib/apk/packages/partx-utils.alternatives; fi;
(cd /workspaces/openwrt-radxa-rock5b-plus/openwrt/build_dir/target-aarch64_generic_musl/util-linux-2.41.1/ipkg-aarch64_generic/partx-utils && find . -type f,l -printf "/%P\n" | sort > /workspaces/openwrt-radxa-rock5b-plus/openwrt/tmp/partx-utils.list && mv /workspaces/openwrt-radxa-rock5b-plus/openwrt/tmp/partx-utils.list /workspaces/openwrt-radxa-rock5b-plus/openwrt/build_dir/target-aarch64_generic_musl/util-linux-2.41.1/ipkg-aarch64_generic/partx-utils/lib/apk/packages/partx-utils.list)
(cd /workspaces/openwrt-radxa-rock5b-plus/openwrt/build_dir/target-aarch64_generic_musl/ucode-2025.07.18~3f64c808/apk-aarch64_generic/ucode-mod-rtnl; )
( echo "#!/bin/sh"; echo "[ \"\${IPKG_NO_SCRIPT}\" = \"1\" ] && exit 0"; echo "[ -s "\${IPKG_INSTROOT}/lib/functions.sh" ] || exit 0"; echo ". \${IPKG_INSTROOT}/lib/functions.sh"; echo 'export root="${IPKG_INSTROOT}"'; echo 'export pkgname="ucode-mod-rtnl"'; echo "add_group_and_user"; echo "default_postinst"; [ ! -f /workspaces/openwrt-radxa-rock5b-plus/openwrt/build_dir/target-aarch64_generic_musl/ucode-2025.07.18~3f64c808/apk-aarch64_generic/ucode-mod-rtnl/postinst-pkg ] || sed -z 's/^\s*#!/#!/' "/workspaces/openwrt-radxa-rock5b-plus/openwrt/build_dir/target-aarch64_generic_musl/ucode-2025.07.18~3f64c808/apk-aarch64_generic/ucode-mod-rtnl/postinst-pkg"; ) > /workspaces/openwrt-radxa-rock5b-plus/openwrt/build_dir/target-aarch64_generic_musl/ucode-2025.07.18~3f64c808/apk-aarch64_generic/ucode-mod-rtnl/post-install;
( echo "#!/bin/sh"; echo 'export PKG_UPGRADE=1'; [ ! -f /workspaces/openwrt-radxa-rock5b-plus/openwrt/build_dir/target-aarch64_generic_musl/ucode-2025.07.18~3f64c808/apk-aarch64_generic/ucode-mod-rtnl/post-install ] || sed -z 's/^\s*#!/#!/' "/workspaces/openwrt-radxa-rock5b-plus/openwrt/build_dir/target-aarch64_generic_musl/ucode-2025.07.18~3f64c808/apk-aarch64_generic/ucode-mod-rtnl/post-install"; ) > /workspaces/openwrt-radxa-rock5b-plus/openwrt/build_dir/target-aarch64_generic_musl/ucode-2025.07.18~3f64c808/apk-aarch64_generic/ucode-mod-rtnl/post-upgrade;
# Move conffiles to IDIR and build conffiles_static with csums
if [ -f /workspaces/openwrt-radxa-rock5b-plus/openwrt/build_dir/target-aarch64_generic_musl/util-linux-2.41.1/apk-aarch64_generic/partx-utils/conffiles ]; then mv -f /workspaces/openwrt-radxa-rock5b-plus/openwrt/build_dir/target-aarch64_generic_musl/util-linux-2.41.1/apk-aarch64_generic/partx-utils/conffiles /workspaces/openwrt-radxa-rock5b-plus/openwrt/build_dir/target-aarch64_generic_musl/util-linux-2.41.1/ipkg-aarch64_generic/partx-utils/lib/apk/packages/partx-utils.conffiles; for file in $(cat /workspaces/openwrt-radxa-rock5b-plus/openwrt/build_dir/target-aarch64_generic_musl/util-linux-2.41.1/ipkg-aarch64_generic/partx-utils/lib/apk/packages/partx-utils.conffiles); do [ -f /workspaces/openwrt-radxa-rock5b-plus/openwrt/build_dir/target-aarch64_generic_musl/util-linux-2.41.1/ipkg-aarch64_generic/partx-utils/$file ] || continue; csum=$(/workspaces/openwrt-radxa-rock5b-plus/openwrt/staging_dir/host/bin/mkhash sha256 /workspaces/openwrt-radxa-rock5b-plus/openwrt/build_dir/target-aarch64_generic_musl/util-linux-2.41.1/ipkg-aarch64_generic/partx-utils/$file); echo $file $csum >> /workspaces/openwrt-radxa-rock5b-plus/openwrt/build_dir/target-aarch64_generic_musl/util-linux-2.41.1/ipkg-aarch64_generic/partx-utils/lib/apk/packages/partx-utils.conffiles_static; done; fi
# Some package (base-files) manually append stuff to conffiles
# Append stuff from it and delete the CONTROL directory since everything else should be migrated
( echo "#!/bin/sh"; echo "[ -s "\${IPKG_INSTROOT}/lib/functions.sh" ] || exit 0"; echo ". \${IPKG_INSTROOT}/lib/functions.sh"; echo 'export root="${IPKG_INSTROOT}"'; echo 'export pkgname="ucode-mod-rtnl"'; echo "default_prerm"; [ ! -f /workspaces/openwrt-radxa-rock5b-plus/openwrt/build_dir/target-aarch64_generic_musl/ucode-2025.07.18~3f64c808/apk-aarch64_generic/ucode-mod-rtnl/prerm-pkg ] || sed -z 's/^\s*#!/#!/' "/workspaces/openwrt-radxa-rock5b-plus/openwrt/build_dir/target-aarch64_generic_musl/ucode-2025.07.18~3f64c808/apk-aarch64_generic/ucode-mod-rtnl/prerm-pkg"; ) > /workspaces/openwrt-radxa-rock5b-plus/openwrt/build_dir/target-aarch64_generic_musl/ucode-2025.07.18~3f64c808/apk-aarch64_generic/ucode-mod-rtnl/pre-deinstall;
if [ -f /workspaces/openwrt-radxa-rock5b-plus/openwrt/build_dir/target-aarch64_generic_musl/util-linux-2.41.1/ipkg-aarch64_generic/partx-utils/CONTROL/conffiles ]; then echo $(IDIR_partx-utils)/CONTROL/conffiles >> /workspaces/openwrt-radxa-rock5b-plus/openwrt/build_dir/target-aarch64_generic_musl/util-linux-2.41.1/ipkg-aarch64_generic/partx-utils/lib/apk/packages/partx-utils.conffiles; for file in $(cat /workspaces/openwrt-radxa-rock5b-plus/openwrt/build_dir/target-aarch64_generic_musl/util-linux-2.41.1/ipkg-aarch64_generic/partx-utils/CONTROL/conffiles); do [ -f /workspaces/openwrt-radxa-rock5b-plus/openwrt/build_dir/target-aarch64_generic_musl/util-linux-2.41.1/ipkg-aarch64_generic/partx-utils/$file ] || continue; csum=$(/workspaces/openwrt-radxa-rock5b-plus/openwrt/staging_dir/host/bin/mkhash sha256 /workspaces/openwrt-radxa-rock5b-plus/openwrt/build_dir/target-aarch64_generic_musl/util-linux-2.41.1/ipkg-aarch64_generic/partx-utils/$file); echo $file $csum >> /workspaces/openwrt-radxa-rock5b-plus/openwrt/build_dir/target-aarch64_generic_musl/util-linux-2.41.1/ipkg-aarch64_generic/partx-utils/lib/apk/packages/partx-utils.conffiles_static; done; rm -rf /workspaces/openwrt-radxa-rock5b-plus/openwrt/build_dir/target-aarch64_generic_musl/util-linux-2.41.1/ipkg-aarch64_generic/partx-utils/CONTROL/conffiles; fi
if [ -z "$(ls -A /workspaces/openwrt-radxa-rock5b-plus/openwrt/build_dir/target-aarch64_generic_musl/util-linux-2.41.1/ipkg-aarch64_generic/partx-utils/CONTROL 2>/dev/null)" ]; then rm -rf /workspaces/openwrt-radxa-rock5b-plus/openwrt/build_dir/target-aarch64_generic_musl/util-linux-2.41.1/ipkg-aarch64_generic/partx-utils/CONTROL; else echo "CONTROL directory /workspaces/openwrt-radxa-rock5b-plus/openwrt/build_dir/target-aarch64_generic_musl/util-linux-2.41.1/ipkg-aarch64_generic/partx-utils/CONTROL is not empty! This is not right and should be checked!" >&2; exit 1; fi
[ ! -f /workspaces/openwrt-radxa-rock5b-plus/openwrt/build_dir/target-aarch64_generic_musl/ucode-2025.07.18~3f64c808/apk-aarch64_generic/ucode-mod-rtnl/postrm ] || sed -zi 's/^\s*#!/#!/' "/workspaces/openwrt-radxa-rock5b-plus/openwrt/build_dir/target-aarch64_generic_musl/ucode-2025.07.18~3f64c808/apk-aarch64_generic/ucode-mod-rtnl/postrm";
if [ -n "" ]; then echo  > /workspaces/openwrt-radxa-rock5b-plus/openwrt/build_dir/target-aarch64_generic_musl/ucode-2025.07.18~3f64c808/ipkg-aarch64_generic/ucode-mod-rtnl/lib/apk/packages/ucode-mod-rtnl.rusers; fi;
if [ -n "" ]; then echo  > /workspaces/openwrt-radxa-rock5b-plus/openwrt/build_dir/target-aarch64_generic_musl/ucode-2025.07.18~3f64c808/ipkg-aarch64_generic/ucode-mod-rtnl/lib/apk/packages/ucode-mod-rtnl.alternatives; fi;
(cd /workspaces/openwrt-radxa-rock5b-plus/openwrt/build_dir/target-aarch64_generic_musl/ucode-2025.07.18~3f64c808/ipkg-aarch64_generic/ucode-mod-rtnl && find . -type f,l -printf "/%P\n" | sort > /workspaces/openwrt-radxa-rock5b-plus/openwrt/tmp/ucode-mod-rtnl.list && mv /workspaces/openwrt-radxa-rock5b-plus/openwrt/tmp/ucode-mod-rtnl.list /workspaces/openwrt-radxa-rock5b-plus/openwrt/build_dir/target-aarch64_generic_musl/ucode-2025.07.18~3f64c808/ipkg-aarch64_generic/ucode-mod-rtnl/lib/apk/packages/ucode-mod-rtnl.list)
/workspaces/openwrt-radxa-rock5b-plus/openwrt/staging_dir/host/bin/fakeroot /workspaces/openwrt-radxa-rock5b-plus/openwrt/staging_dir/host/bin/apk mkpkg --info "name:partx-utils" --info "version:2.41.1-r2"  --info "description:contains partx, addpart, delpart" --info "arch:aarch64_generic" --info "license:GPL-2.0-or-later" --info "origin:feeds/base/utils/util-linux" --info "url:http://www.kernel.org/pub/linux/utils/util-linux/" --info "maintainer:" --info "provides:"  --script "post-install:/workspaces/openwrt-radxa-rock5b-plus/openwrt/build_dir/target-aarch64_generic_musl/util-linux-2.41.1/apk-aarch64_generic/partx-utils/post-install" --script "post-upgrade:/workspaces/openwrt-radxa-rock5b-plus/openwrt/build_dir/target-aarch64_generic_musl/util-linux-2.41.1/apk-aarch64_generic/partx-utils/post-upgrade" --script "pre-deinstall:/workspaces/openwrt-radxa-rock5b-plus/openwrt/build_dir/target-aarch64_generic_musl/util-linux-2.41.1/apk-aarch64_generic/partx-utils/pre-deinstall" --info "depends:libc libblkid1 libsmartcols1" --files "/workspaces/openwrt-radxa-rock5b-plus/openwrt/build_dir/target-aarch64_generic_musl/util-linux-2.41.1/ipkg-aarch64_generic/partx-utils" --output "/workspaces/openwrt-radxa-rock5b-plus/openwrt/bin/packages/aarch64_generic/base/partx-utils-2.41.1-r2.apk" --sign "/workspaces/openwrt-radxa-rock5b-plus/openwrt/private-key.pem"
# Move conffiles to IDIR and build conffiles_static with csums
if [ -f /workspaces/openwrt-radxa-rock5b-plus/openwrt/build_dir/target-aarch64_generic_musl/ucode-2025.07.18~3f64c808/apk-aarch64_generic/ucode-mod-rtnl/conffiles ]; then mv -f /workspaces/openwrt-radxa-rock5b-plus/openwrt/build_dir/target-aarch64_generic_musl/ucode-2025.07.18~3f64c808/apk-aarch64_generic/ucode-mod-rtnl/conffiles /workspaces/openwrt-radxa-rock5b-plus/openwrt/build_dir/target-aarch64_generic_musl/ucode-2025.07.18~3f64c808/ipkg-aarch64_generic/ucode-mod-rtnl/lib/apk/packages/ucode-mod-rtnl.conffiles; for file in $(cat /workspaces/openwrt-radxa-rock5b-plus/openwrt/build_dir/target-aarch64_generic_musl/ucode-2025.07.18~3f64c808/ipkg-aarch64_generic/ucode-mod-rtnl/lib/apk/packages/ucode-mod-rtnl.conffiles); do [ -f /workspaces/openwrt-radxa-rock5b-plus/openwrt/build_dir/target-aarch64_generic_musl/ucode-2025.07.18~3f64c808/ipkg-aarch64_generic/ucode-mod-rtnl/$file ] || continue; csum=$(/workspaces/openwrt-radxa-rock5b-plus/openwrt/staging_dir/host/bin/mkhash sha256 /workspaces/openwrt-radxa-rock5b-plus/openwrt/build_dir/target-aarch64_generic_musl/ucode-2025.07.18~3f64c808/ipkg-aarch64_generic/ucode-mod-rtnl/$file); echo $file $csum >> /workspaces/openwrt-radxa-rock5b-plus/openwrt/build_dir/target-aarch64_generic_musl/ucode-2025.07.18~3f64c808/ipkg-aarch64_generic/ucode-mod-rtnl/lib/apk/packages/ucode-mod-rtnl.conffiles_static; done; fi
# Some package (base-files) manually append stuff to conffiles
# Append stuff from it and delete the CONTROL directory since everything else should be migrated
if [ -f /workspaces/openwrt-radxa-rock5b-plus/openwrt/build_dir/target-aarch64_generic_musl/ucode-2025.07.18~3f64c808/ipkg-aarch64_generic/ucode-mod-rtnl/CONTROL/conffiles ]; then echo $(IDIR_ucode-mod-rtnl)/CONTROL/conffiles >> /workspaces/openwrt-radxa-rock5b-plus/openwrt/build_dir/target-aarch64_generic_musl/ucode-2025.07.18~3f64c808/ipkg-aarch64_generic/ucode-mod-rtnl/lib/apk/packages/ucode-mod-rtnl.conffiles; for file in $(cat /workspaces/openwrt-radxa-rock5b-plus/openwrt/build_dir/target-aarch64_generic_musl/ucode-2025.07.18~3f64c808/ipkg-aarch64_generic/ucode-mod-rtnl/CONTROL/conffiles); do [ -f /workspaces/openwrt-radxa-rock5b-plus/openwrt/build_dir/target-aarch64_generic_musl/ucode-2025.07.18~3f64c808/ipkg-aarch64_generic/ucode-mod-rtnl/$file ] || continue; csum=$(/workspaces/openwrt-radxa-rock5b-plus/openwrt/staging_dir/host/bin/mkhash sha256 /workspaces/openwrt-radxa-rock5b-plus/openwrt/build_dir/target-aarch64_generic_musl/ucode-2025.07.18~3f64c808/ipkg-aarch64_generic/ucode-mod-rtnl/$file); echo $file $csum >> /workspaces/openwrt-radxa-rock5b-plus/openwrt/build_dir/target-aarch64_generic_musl/ucode-2025.07.18~3f64c808/ipkg-aarch64_generic/ucode-mod-rtnl/lib/apk/packages/ucode-mod-rtnl.conffiles_static; done; rm -rf /workspaces/openwrt-radxa-rock5b-plus/openwrt/build_dir/target-aarch64_generic_musl/ucode-2025.07.18~3f64c808/ipkg-aarch64_generic/ucode-mod-rtnl/CONTROL/conffiles; fi
if [ -z "$(ls -A /workspaces/openwrt-radxa-rock5b-plus/openwrt/build_dir/target-aarch64_generic_musl/ucode-2025.07.18~3f64c808/ipkg-aarch64_generic/ucode-mod-rtnl/CONTROL 2>/dev/null)" ]; then rm -rf /workspaces/openwrt-radxa-rock5b-plus/openwrt/build_dir/target-aarch64_generic_musl/ucode-2025.07.18~3f64c808/ipkg-aarch64_generic/ucode-mod-rtnl/CONTROL; else echo "CONTROL directory /workspaces/openwrt-radxa-rock5b-plus/openwrt/build_dir/target-aarch64_generic_musl/ucode-2025.07.18~3f64c808/ipkg-aarch64_generic/ucode-mod-rtnl/CONTROL is not empty! This is not right and should be checked!" >&2; exit 1; fi
/workspaces/openwrt-radxa-rock5b-plus/openwrt/staging_dir/host/bin/fakeroot /workspaces/openwrt-radxa-rock5b-plus/openwrt/staging_dir/host/bin/apk mkpkg --info "name:ucode-mod-rtnl" --info "version:2025.07.18~3f64c808-r1"  --info "description:The rtnl plugin provides access to the Linux routing netlink API." --info "arch:aarch64_generic" --info "license:ISC" --info "origin:feeds/base/utils/ucode" --info "url:" --info "maintainer:Jo-Philipp Wich <jo@mein.io>" --info "provides:"  --script "post-install:/workspaces/openwrt-radxa-rock5b-plus/openwrt/build_dir/target-aarch64_generic_musl/ucode-2025.07.18~3f64c808/apk-aarch64_generic/ucode-mod-rtnl/post-install" --script "post-upgrade:/workspaces/openwrt-radxa-rock5b-plus/openwrt/build_dir/target-aarch64_generic_musl/ucode-2025.07.18~3f64c808/apk-aarch64_generic/ucode-mod-rtnl/post-upgrade" --script "pre-deinstall:/workspaces/openwrt-radxa-rock5b-plus/openwrt/build_dir/target-aarch64_generic_musl/ucode-2025.07.18~3f64c808/apk-aarch64_generic/ucode-mod-rtnl/pre-deinstall" --info "depends:libc ucode libnl-tiny1 libubox20250723" --files "/workspaces/openwrt-radxa-rock5b-plus/openwrt/build_dir/target-aarch64_generic_musl/ucode-2025.07.18~3f64c808/ipkg-aarch64_generic/ucode-mod-rtnl" --output "/workspaces/openwrt-radxa-rock5b-plus/openwrt/bin/packages/aarch64_generic/base/ucode-mod-rtnl-2025.07.18~3f64c808-r1.apk" --sign "/workspaces/openwrt-radxa-rock5b-plus/openwrt/private-key.pem"
echo "libuuid" >> /workspaces/openwrt-radxa-rock5b-plus/openwrt/staging_dir/target-aarch64_generic_musl/pkginfo/util-linux.default.install
rm -rf /workspaces/openwrt-radxa-rock5b-plus/openwrt/tmp/stage-util-linux
mkdir -p /workspaces/openwrt-radxa-rock5b-plus/openwrt/tmp/stage-util-linux/host /workspaces/openwrt-radxa-rock5b-plus/openwrt/staging_dir/target-aarch64_generic_musl/packages
install -d -m0755 /workspaces/openwrt-radxa-rock5b-plus/openwrt/tmp/stage-util-linux/usr/lib/pkgconfig
cp -fpR /workspaces/openwrt-radxa-rock5b-plus/openwrt/build_dir/target-aarch64_generic_musl/util-linux-2.41.1/ipkg-install/usr/lib/pkgconfig/blkid.pc /workspaces/openwrt-radxa-rock5b-plus/openwrt/tmp/stage-util-linux/usr/lib/pkgconfig
cp -fpR /workspaces/openwrt-radxa-rock5b-plus/openwrt/build_dir/target-aarch64_generic_musl/util-linux-2.41.1/ipkg-install/usr/lib/pkgconfig/fdisk.pc /workspaces/openwrt-radxa-rock5b-plus/openwrt/tmp/stage-util-linux/usr/lib/pkgconfig
cp -fpR /workspaces/openwrt-radxa-rock5b-plus/openwrt/build_dir/target-aarch64_generic_musl/util-linux-2.41.1/ipkg-install/usr/lib/pkgconfig/mount.pc /workspaces/openwrt-radxa-rock5b-plus/openwrt/tmp/stage-util-linux/usr/lib/pkgconfig
cp -fpR /workspaces/openwrt-radxa-rock5b-plus/openwrt/build_dir/target-aarch64_generic_musl/util-linux-2.41.1/ipkg-install/usr/lib/pkgconfig/smartcols.pc /workspaces/openwrt-radxa-rock5b-plus/openwrt/tmp/stage-util-linux/usr/lib/pkgconfig
cp -fpR /workspaces/openwrt-radxa-rock5b-plus/openwrt/build_dir/target-aarch64_generic_musl/util-linux-2.41.1/ipkg-install/usr/lib/pkgconfig/uuid.pc /workspaces/openwrt-radxa-rock5b-plus/openwrt/tmp/stage-util-linux/usr/lib/pkgconfig
install -d -m0755 /workspaces/openwrt-radxa-rock5b-plus/openwrt/tmp/stage-util-linux/usr/include/blkid
cp -fpR /workspaces/openwrt-radxa-rock5b-plus/openwrt/build_dir/target-aarch64_generic_musl/util-linux-2.41.1/ipkg-install/usr/include/blkid/blkid.h /workspaces/openwrt-radxa-rock5b-plus/openwrt/tmp/stage-util-linux/usr/include/blkid
install -d -m0755 /workspaces/openwrt-radxa-rock5b-plus/openwrt/tmp/stage-util-linux/usr/include/libfdisk
cp -fpR /workspaces/openwrt-radxa-rock5b-plus/openwrt/build_dir/target-aarch64_generic_musl/util-linux-2.41.1/ipkg-install/usr/include/libfdisk/libfdisk.h /workspaces/openwrt-radxa-rock5b-plus/openwrt/tmp/stage-util-linux/usr/include/libfdisk
install -d -m0755 /workspaces/openwrt-radxa-rock5b-plus/openwrt/tmp/stage-util-linux/usr/include/libmount
cp -fpR /workspaces/openwrt-radxa-rock5b-plus/openwrt/build_dir/target-aarch64_generic_musl/util-linux-2.41.1/ipkg-install/usr/include/libmount/libmount.h /workspaces/openwrt-radxa-rock5b-plus/openwrt/tmp/stage-util-linux/usr/include/libmount
install -d -m0755 /workspaces/openwrt-radxa-rock5b-plus/openwrt/tmp/stage-util-linux/usr/include/uuid
cp -fpR /workspaces/openwrt-radxa-rock5b-plus/openwrt/build_dir/target-aarch64_generic_musl/util-linux-2.41.1/ipkg-install/usr/include/uuid/uuid.h /workspaces/openwrt-radxa-rock5b-plus/openwrt/tmp/stage-util-linux/usr/include/uuid
rm -rf /workspaces/openwrt-radxa-rock5b-plus/openwrt/build_dir/target-aarch64_generic_musl/ucode-2025.07.18~3f64c808/ipkg-aarch64_generic/ucode-mod-ubus
install -d -m0755 /workspaces/openwrt-radxa-rock5b-plus/openwrt/tmp/stage-util-linux/usr/include/libsmartcols
/workspaces/openwrt-radxa-rock5b-plus/openwrt/scripts/ipkg-remove ucode-mod-ubus /workspaces/openwrt-radxa-rock5b-plus/openwrt/bin/packages/aarch64_generic/base/ucode-mod-ubus-2025.07.18~3f64c808-r1.apk
cp -fpR /workspaces/openwrt-radxa-rock5b-plus/openwrt/build_dir/target-aarch64_generic_musl/util-linux-2.41.1/ipkg-install/usr/include/libsmartcols/libsmartcols.h /workspaces/openwrt-radxa-rock5b-plus/openwrt/tmp/stage-util-linux/usr/include/libsmartcols
removed '/workspaces/openwrt-radxa-rock5b-plus/openwrt/bin/packages/aarch64_generic/base/ucode-mod-ubus-2025.07.18~3f64c808-r1.apk'
mkdir -p /workspaces/openwrt-radxa-rock5b-plus/openwrt/bin/targets/rockchip/armv8/packages /workspaces/openwrt-radxa-rock5b-plus/openwrt/build_dir/target-aarch64_generic_musl/ucode-2025.07.18~3f64c808/ipkg-aarch64_generic/ucode-mod-ubus /workspaces/openwrt-radxa-rock5b-plus/openwrt/staging_dir/target-aarch64_generic_musl/pkginfo
install -d -m0755 /workspaces/openwrt-radxa-rock5b-plus/openwrt/tmp/stage-util-linux/usr/lib
install -d -m0755 /workspaces/openwrt-radxa-rock5b-plus/openwrt/build_dir/target-aarch64_generic_musl/ucode-2025.07.18~3f64c808/ipkg-aarch64_generic/ucode-mod-ubus/usr/lib/ucode
cp -fpR /workspaces/openwrt-radxa-rock5b-plus/openwrt/build_dir/target-aarch64_generic_musl/util-linux-2.41.1/ipkg-install/usr/lib/libblkid.so* /workspaces/openwrt-radxa-rock5b-plus/openwrt/tmp/stage-util-linux/usr/lib
install -m0755 /workspaces/openwrt-radxa-rock5b-plus/openwrt/build_dir/target-aarch64_generic_musl/ucode-2025.07.18~3f64c808/ipkg-install/usr/lib/ucode/ubus.so /workspaces/openwrt-radxa-rock5b-plus/openwrt/build_dir/target-aarch64_generic_musl/ucode-2025.07.18~3f64c808/ipkg-aarch64_generic/ucode-mod-ubus/usr/lib/ucode/
cp -fpR /workspaces/openwrt-radxa-rock5b-plus/openwrt/build_dir/target-aarch64_generic_musl/util-linux-2.41.1/ipkg-install/usr/lib/libfdisk.so* /workspaces/openwrt-radxa-rock5b-plus/openwrt/tmp/stage-util-linux/usr/lib
find /workspaces/openwrt-radxa-rock5b-plus/openwrt/build_dir/target-aarch64_generic_musl/ucode-2025.07.18~3f64c808/ipkg-aarch64_generic/ucode-mod-ubus -name 'CVS' -o -name '.svn' -o -name '.#*' -o -name '*~'| xargs -r rm -rf
cp -fpR /workspaces/openwrt-radxa-rock5b-plus/openwrt/build_dir/target-aarch64_generic_musl/util-linux-2.41.1/ipkg-install/usr/lib/libmount.so* /workspaces/openwrt-radxa-rock5b-plus/openwrt/tmp/stage-util-linux/usr/lib
cp -fpR /workspaces/openwrt-radxa-rock5b-plus/openwrt/build_dir/target-aarch64_generic_musl/util-linux-2.41.1/ipkg-install/usr/lib/libuuid.so* /workspaces/openwrt-radxa-rock5b-plus/openwrt/tmp/stage-util-linux/usr/lib
cp -fpR /workspaces/openwrt-radxa-rock5b-plus/openwrt/build_dir/target-aarch64_generic_musl/util-linux-2.41.1/ipkg-install/usr/lib/libsmartcols.so* /workspaces/openwrt-radxa-rock5b-plus/openwrt/tmp/stage-util-linux/usr/lib
find /workspaces/openwrt-radxa-rock5b-plus/openwrt/tmp/stage-util-linux -name '*.la' | xargs -r rm -f; 
if [ -f /workspaces/openwrt-radxa-rock5b-plus/openwrt/staging_dir/target-aarch64_generic_musl/packages/util-linux.list ]; then /workspaces/openwrt-radxa-rock5b-plus/openwrt/scripts/clean-package.sh "/workspaces/openwrt-radxa-rock5b-plus/openwrt/staging_dir/target-aarch64_generic_musl/packages/util-linux.list" "/workspaces/openwrt-radxa-rock5b-plus/openwrt/staging_dir/target-aarch64_generic_musl"; fi
export CROSS="aarch64-openwrt-linux-musl-"  NO_RENAME=1 ; NM="aarch64-openwrt-linux-musl-nm" STRIP="/workspaces/openwrt-radxa-rock5b-plus/openwrt/staging_dir/host/bin/sstrip -z" STRIP_KMOD="/workspaces/openwrt-radxa-rock5b-plus/openwrt/scripts/strip-kmod.sh" PATCHELF="/workspaces/openwrt-radxa-rock5b-plus/openwrt/staging_dir/host/bin/patchelf" /workspaces/openwrt-radxa-rock5b-plus/openwrt/scripts/rstrip.sh /workspaces/openwrt-radxa-rock5b-plus/openwrt/build_dir/target-aarch64_generic_musl/ucode-2025.07.18~3f64c808/ipkg-aarch64_generic/ucode-mod-ubus
rstrip.sh: /workspaces/openwrt-radxa-rock5b-plus/openwrt/build_dir/target-aarch64_generic_musl/ucode-2025.07.18~3f64c808/ipkg-aarch64_generic/ucode-mod-ubus/usr/lib/ucode/ubus.so: shared object
install -d -m0755 /workspaces/openwrt-radxa-rock5b-plus/openwrt/bin/packages/aarch64_generic/base/tmp
mkdir -p /workspaces/openwrt-radxa-rock5b-plus/openwrt/build_dir/target-aarch64_generic_musl/ucode-2025.07.18~3f64c808/apk-aarch64_generic/ucode-mod-ubus/
mkdir -p /workspaces/openwrt-radxa-rock5b-plus/openwrt/build_dir/target-aarch64_generic_musl/ucode-2025.07.18~3f64c808/ipkg-aarch64_generic/ucode-mod-ubus/lib/apk/packages/
(cd /workspaces/openwrt-radxa-rock5b-plus/openwrt/build_dir/target-aarch64_generic_musl/ucode-2025.07.18~3f64c808/apk-aarch64_generic/ucode-mod-ubus; )
( echo "#!/bin/sh"; echo "[ \"\${IPKG_NO_SCRIPT}\" = \"1\" ] && exit 0"; echo "[ -s "\${IPKG_INSTROOT}/lib/functions.sh" ] || exit 0"; echo ". \${IPKG_INSTROOT}/lib/functions.sh"; echo 'export root="${IPKG_INSTROOT}"'; echo 'export pkgname="ucode-mod-ubus"'; echo "add_group_and_user"; echo "default_postinst"; [ ! -f /workspaces/openwrt-radxa-rock5b-plus/openwrt/build_dir/target-aarch64_generic_musl/ucode-2025.07.18~3f64c808/apk-aarch64_generic/ucode-mod-ubus/postinst-pkg ] || sed -z 's/^\s*#!/#!/' "/workspaces/openwrt-radxa-rock5b-plus/openwrt/build_dir/target-aarch64_generic_musl/ucode-2025.07.18~3f64c808/apk-aarch64_generic/ucode-mod-ubus/postinst-pkg"; ) > /workspaces/openwrt-radxa-rock5b-plus/openwrt/build_dir/target-aarch64_generic_musl/ucode-2025.07.18~3f64c808/apk-aarch64_generic/ucode-mod-ubus/post-install;
( echo "#!/bin/sh"; echo 'export PKG_UPGRADE=1'; [ ! -f /workspaces/openwrt-radxa-rock5b-plus/openwrt/build_dir/target-aarch64_generic_musl/ucode-2025.07.18~3f64c808/apk-aarch64_generic/ucode-mod-ubus/post-install ] || sed -z 's/^\s*#!/#!/' "/workspaces/openwrt-radxa-rock5b-plus/openwrt/build_dir/target-aarch64_generic_musl/ucode-2025.07.18~3f64c808/apk-aarch64_generic/ucode-mod-ubus/post-install"; ) > /workspaces/openwrt-radxa-rock5b-plus/openwrt/build_dir/target-aarch64_generic_musl/ucode-2025.07.18~3f64c808/apk-aarch64_generic/ucode-mod-ubus/post-upgrade;
( echo "#!/bin/sh"; echo "[ -s "\${IPKG_INSTROOT}/lib/functions.sh" ] || exit 0"; echo ". \${IPKG_INSTROOT}/lib/functions.sh"; echo 'export root="${IPKG_INSTROOT}"'; echo 'export pkgname="ucode-mod-ubus"'; echo "default_prerm"; [ ! -f /workspaces/openwrt-radxa-rock5b-plus/openwrt/build_dir/target-aarch64_generic_musl/ucode-2025.07.18~3f64c808/apk-aarch64_generic/ucode-mod-ubus/prerm-pkg ] || sed -z 's/^\s*#!/#!/' "/workspaces/openwrt-radxa-rock5b-plus/openwrt/build_dir/target-aarch64_generic_musl/ucode-2025.07.18~3f64c808/apk-aarch64_generic/ucode-mod-ubus/prerm-pkg"; ) > /workspaces/openwrt-radxa-rock5b-plus/openwrt/build_dir/target-aarch64_generic_musl/ucode-2025.07.18~3f64c808/apk-aarch64_generic/ucode-mod-ubus/pre-deinstall;
[ ! -f /workspaces/openwrt-radxa-rock5b-plus/openwrt/build_dir/target-aarch64_generic_musl/ucode-2025.07.18~3f64c808/apk-aarch64_generic/ucode-mod-ubus/postrm ] || sed -zi 's/^\s*#!/#!/' "/workspaces/openwrt-radxa-rock5b-plus/openwrt/build_dir/target-aarch64_generic_musl/ucode-2025.07.18~3f64c808/apk-aarch64_generic/ucode-mod-ubus/postrm";
if [ -n "" ]; then echo  > /workspaces/openwrt-radxa-rock5b-plus/openwrt/build_dir/target-aarch64_generic_musl/ucode-2025.07.18~3f64c808/ipkg-aarch64_generic/ucode-mod-ubus/lib/apk/packages/ucode-mod-ubus.rusers; fi;
if [ -d /workspaces/openwrt-radxa-rock5b-plus/openwrt/tmp/stage-util-linux ]; then (cd /workspaces/openwrt-radxa-rock5b-plus/openwrt/tmp/stage-util-linux; find ./ > /workspaces/openwrt-radxa-rock5b-plus/openwrt/tmp/stage-util-linux.files); 	SHELL= flock /workspaces/openwrt-radxa-rock5b-plus/openwrt/tmp/.staging-dir.flock -c ' mv /workspaces/openwrt-radxa-rock5b-plus/openwrt/tmp/stage-util-linux.files /workspaces/openwrt-radxa-rock5b-plus/openwrt/staging_dir/target-aarch64_generic_musl/packages/util-linux.list && cp -fpR /workspaces/openwrt-radxa-rock5b-plus/openwrt/tmp/stage-util-linux/* /workspaces/openwrt-radxa-rock5b-plus/openwrt/staging_dir/target-aarch64_generic_musl/; '; fi
if [ -n "" ]; then echo  > /workspaces/openwrt-radxa-rock5b-plus/openwrt/build_dir/target-aarch64_generic_musl/ucode-2025.07.18~3f64c808/ipkg-aarch64_generic/ucode-mod-ubus/lib/apk/packages/ucode-mod-ubus.alternatives; fi;
(cd /workspaces/openwrt-radxa-rock5b-plus/openwrt/build_dir/target-aarch64_generic_musl/ucode-2025.07.18~3f64c808/ipkg-aarch64_generic/ucode-mod-ubus && find . -type f,l -printf "/%P\n" | sort > /workspaces/openwrt-radxa-rock5b-plus/openwrt/tmp/ucode-mod-ubus.list && mv /workspaces/openwrt-radxa-rock5b-plus/openwrt/tmp/ucode-mod-ubus.list /workspaces/openwrt-radxa-rock5b-plus/openwrt/build_dir/target-aarch64_generic_musl/ucode-2025.07.18~3f64c808/ipkg-aarch64_generic/ucode-mod-ubus/lib/apk/packages/ucode-mod-ubus.list)
# Move conffiles to IDIR and build conffiles_static with csums
if [ -f /workspaces/openwrt-radxa-rock5b-plus/openwrt/build_dir/target-aarch64_generic_musl/ucode-2025.07.18~3f64c808/apk-aarch64_generic/ucode-mod-ubus/conffiles ]; then mv -f /workspaces/openwrt-radxa-rock5b-plus/openwrt/build_dir/target-aarch64_generic_musl/ucode-2025.07.18~3f64c808/apk-aarch64_generic/ucode-mod-ubus/conffiles /workspaces/openwrt-radxa-rock5b-plus/openwrt/build_dir/target-aarch64_generic_musl/ucode-2025.07.18~3f64c808/ipkg-aarch64_generic/ucode-mod-ubus/lib/apk/packages/ucode-mod-ubus.conffiles; for file in $(cat /workspaces/openwrt-radxa-rock5b-plus/openwrt/build_dir/target-aarch64_generic_musl/ucode-2025.07.18~3f64c808/ipkg-aarch64_generic/ucode-mod-ubus/lib/apk/packages/ucode-mod-ubus.conffiles); do [ -f /workspaces/openwrt-radxa-rock5b-plus/openwrt/build_dir/target-aarch64_generic_musl/ucode-2025.07.18~3f64c808/ipkg-aarch64_generic/ucode-mod-ubus/$file ] || continue; csum=$(/workspaces/openwrt-radxa-rock5b-plus/openwrt/staging_dir/host/bin/mkhash sha256 /workspaces/openwrt-radxa-rock5b-plus/openwrt/build_dir/target-aarch64_generic_musl/ucode-2025.07.18~3f64c808/ipkg-aarch64_generic/ucode-mod-ubus/$file); echo $file $csum >> /workspaces/openwrt-radxa-rock5b-plus/openwrt/build_dir/target-aarch64_generic_musl/ucode-2025.07.18~3f64c808/ipkg-aarch64_generic/ucode-mod-ubus/lib/apk/packages/ucode-mod-ubus.conffiles_static; done; fi
# Some package (base-files) manually append stuff to conffiles
# Append stuff from it and delete the CONTROL directory since everything else should be migrated
rm -rf /workspaces/openwrt-radxa-rock5b-plus/openwrt/tmp/stage-util-linux
if [ -f /workspaces/openwrt-radxa-rock5b-plus/openwrt/build_dir/target-aarch64_generic_musl/ucode-2025.07.18~3f64c808/ipkg-aarch64_generic/ucode-mod-ubus/CONTROL/conffiles ]; then echo $(IDIR_ucode-mod-ubus)/CONTROL/conffiles >> /workspaces/openwrt-radxa-rock5b-plus/openwrt/build_dir/target-aarch64_generic_musl/ucode-2025.07.18~3f64c808/ipkg-aarch64_generic/ucode-mod-ubus/lib/apk/packages/ucode-mod-ubus.conffiles; for file in $(cat /workspaces/openwrt-radxa-rock5b-plus/openwrt/build_dir/target-aarch64_generic_musl/ucode-2025.07.18~3f64c808/ipkg-aarch64_generic/ucode-mod-ubus/CONTROL/conffiles); do [ -f /workspaces/openwrt-radxa-rock5b-plus/openwrt/build_dir/target-aarch64_generic_musl/ucode-2025.07.18~3f64c808/ipkg-aarch64_generic/ucode-mod-ubus/$file ] || continue; csum=$(/workspaces/openwrt-radxa-rock5b-plus/openwrt/staging_dir/host/bin/mkhash sha256 /workspaces/openwrt-radxa-rock5b-plus/openwrt/build_dir/target-aarch64_generic_musl/ucode-2025.07.18~3f64c808/ipkg-aarch64_generic/ucode-mod-ubus/$file); echo $file $csum >> /workspaces/openwrt-radxa-rock5b-plus/openwrt/build_dir/target-aarch64_generic_musl/ucode-2025.07.18~3f64c808/ipkg-aarch64_generic/ucode-mod-ubus/lib/apk/packages/ucode-mod-ubus.conffiles_static; done; rm -rf /workspaces/openwrt-radxa-rock5b-plus/openwrt/build_dir/target-aarch64_generic_musl/ucode-2025.07.18~3f64c808/ipkg-aarch64_generic/ucode-mod-ubus/CONTROL/conffiles; fi
if [ -z "$(ls -A /workspaces/openwrt-radxa-rock5b-plus/openwrt/build_dir/target-aarch64_generic_musl/ucode-2025.07.18~3f64c808/ipkg-aarch64_generic/ucode-mod-ubus/CONTROL 2>/dev/null)" ]; then rm -rf /workspaces/openwrt-radxa-rock5b-plus/openwrt/build_dir/target-aarch64_generic_musl/ucode-2025.07.18~3f64c808/ipkg-aarch64_generic/ucode-mod-ubus/CONTROL; else echo "CONTROL directory /workspaces/openwrt-radxa-rock5b-plus/openwrt/build_dir/target-aarch64_generic_musl/ucode-2025.07.18~3f64c808/ipkg-aarch64_generic/ucode-mod-ubus/CONTROL is not empty! This is not right and should be checked!" >&2; exit 1; fi
touch /workspaces/openwrt-radxa-rock5b-plus/openwrt/staging_dir/target-aarch64_generic_musl/stamp/.util-linux_installed
rm -rf /workspaces/openwrt-radxa-rock5b-plus/openwrt/build_dir/target-aarch64_generic_musl/util-linux-2.41.1/.pkgdir/libblkid.installed /workspaces/openwrt-radxa-rock5b-plus/openwrt/build_dir/target-aarch64_generic_musl/util-linux-2.41.1/.pkgdir/libblkid
/workspaces/openwrt-radxa-rock5b-plus/openwrt/staging_dir/host/bin/fakeroot /workspaces/openwrt-radxa-rock5b-plus/openwrt/staging_dir/host/bin/apk mkpkg --info "name:ucode-mod-ubus" --info "version:2025.07.18~3f64c808-r1"  --info "description:The ubus module allows ucode template scripts to enumerate and invoke ubus procedures." --info "arch:aarch64_generic" --info "license:ISC" --info "origin:feeds/base/utils/ucode" --info "url:" --info "maintainer:Jo-Philipp Wich <jo@mein.io>" --info "provides:"  --script "post-install:/workspaces/openwrt-radxa-rock5b-plus/openwrt/build_dir/target-aarch64_generic_musl/ucode-2025.07.18~3f64c808/apk-aarch64_generic/ucode-mod-ubus/post-install" --script "post-upgrade:/workspaces/openwrt-radxa-rock5b-plus/openwrt/build_dir/target-aarch64_generic_musl/ucode-2025.07.18~3f64c808/apk-aarch64_generic/ucode-mod-ubus/post-upgrade" --script "pre-deinstall:/workspaces/openwrt-radxa-rock5b-plus/openwrt/build_dir/target-aarch64_generic_musl/ucode-2025.07.18~3f64c808/apk-aarch64_generic/ucode-mod-ubus/pre-deinstall" --info "depends:libc ucode libubus20250702 libblobmsg-json20250723" --files "/workspaces/openwrt-radxa-rock5b-plus/openwrt/build_dir/target-aarch64_generic_musl/ucode-2025.07.18~3f64c808/ipkg-aarch64_generic/ucode-mod-ubus" --output "/workspaces/openwrt-radxa-rock5b-plus/openwrt/bin/packages/aarch64_generic/base/ucode-mod-ubus-2025.07.18~3f64c808-r1.apk" --sign "/workspaces/openwrt-radxa-rock5b-plus/openwrt/private-key.pem"
mkdir -p /workspaces/openwrt-radxa-rock5b-plus/openwrt/build_dir/target-aarch64_generic_musl/util-linux-2.41.1/.pkgdir/libblkid
install -d -m0755 /workspaces/openwrt-radxa-rock5b-plus/openwrt/build_dir/target-aarch64_generic_musl/util-linux-2.41.1/.pkgdir/libblkid/usr/lib
cp -fpR /workspaces/openwrt-radxa-rock5b-plus/openwrt/build_dir/target-aarch64_generic_musl/util-linux-2.41.1/ipkg-install/usr/lib/libblkid.so.* /workspaces/openwrt-radxa-rock5b-plus/openwrt/build_dir/target-aarch64_generic_musl/util-linux-2.41.1/.pkgdir/libblkid/usr/lib/
touch /workspaces/openwrt-radxa-rock5b-plus/openwrt/build_dir/target-aarch64_generic_musl/util-linux-2.41.1/.pkgdir/libblkid.installed
rm -rf /workspaces/openwrt-radxa-rock5b-plus/openwrt/build_dir/target-aarch64_generic_musl/util-linux-2.41.1/.pkgdir/libsmartcols.installed /workspaces/openwrt-radxa-rock5b-plus/openwrt/build_dir/target-aarch64_generic_musl/util-linux-2.41.1/.pkgdir/libsmartcols
mkdir -p /workspaces/openwrt-radxa-rock5b-plus/openwrt/build_dir/target-aarch64_generic_musl/util-linux-2.41.1/.pkgdir/libsmartcols
install -d -m0755 /workspaces/openwrt-radxa-rock5b-plus/openwrt/build_dir/target-aarch64_generic_musl/util-linux-2.41.1/.pkgdir/libsmartcols/usr/lib
cp -fpR /workspaces/openwrt-radxa-rock5b-plus/openwrt/build_dir/target-aarch64_generic_musl/util-linux-2.41.1/ipkg-install/usr/lib/libsmartcols.so.* /workspaces/openwrt-radxa-rock5b-plus/openwrt/build_dir/target-aarch64_generic_musl/util-linux-2.41.1/.pkgdir/libsmartcols/usr/lib/
touch /workspaces/openwrt-radxa-rock5b-plus/openwrt/build_dir/target-aarch64_generic_musl/util-linux-2.41.1/.pkgdir/libsmartcols.installed
rm -rf /workspaces/openwrt-radxa-rock5b-plus/openwrt/build_dir/target-aarch64_generic_musl/util-linux-2.41.1/.pkgdir/blkdiscard.installed /workspaces/openwrt-radxa-rock5b-plus/openwrt/build_dir/target-aarch64_generic_musl/util-linux-2.41.1/.pkgdir/blkdiscard
mkdir -p /workspaces/openwrt-radxa-rock5b-plus/openwrt/build_dir/target-aarch64_generic_musl/util-linux-2.41.1/.pkgdir/blkdiscard
install -d -m0755 /workspaces/openwrt-radxa-rock5b-plus/openwrt/build_dir/target-aarch64_generic_musl/util-linux-2.41.1/.pkgdir/blkdiscard/usr/sbin
install -m0755 /workspaces/openwrt-radxa-rock5b-plus/openwrt/build_dir/target-aarch64_generic_musl/util-linux-2.41.1/ipkg-install/usr/sbin/blkdiscard /workspaces/openwrt-radxa-rock5b-plus/openwrt/build_dir/target-aarch64_generic_musl/util-linux-2.41.1/.pkgdir/blkdiscard/usr/sbin/
rm -rf /workspaces/openwrt-radxa-rock5b-plus/openwrt/build_dir/target-aarch64_generic_musl/ucode-2025.07.18~3f64c808/ipkg-aarch64_generic/ucode-mod-uci
touch /workspaces/openwrt-radxa-rock5b-plus/openwrt/build_dir/target-aarch64_generic_musl/util-linux-2.41.1/.pkgdir/blkdiscard.installed
rm -rf /workspaces/openwrt-radxa-rock5b-plus/openwrt/build_dir/target-aarch64_generic_musl/util-linux-2.41.1/.pkgdir/partx-utils.installed /workspaces/openwrt-radxa-rock5b-plus/openwrt/build_dir/target-aarch64_generic_musl/util-linux-2.41.1/.pkgdir/partx-utils
/workspaces/openwrt-radxa-rock5b-plus/openwrt/scripts/ipkg-remove ucode-mod-uci /workspaces/openwrt-radxa-rock5b-plus/openwrt/bin/packages/aarch64_generic/base/ucode-mod-uci-2025.07.18~3f64c808-r1.apk
mkdir -p /workspaces/openwrt-radxa-rock5b-plus/openwrt/build_dir/target-aarch64_generic_musl/util-linux-2.41.1/.pkgdir/partx-utils
install -d -m0755 /workspaces/openwrt-radxa-rock5b-plus/openwrt/build_dir/target-aarch64_generic_musl/util-linux-2.41.1/.pkgdir/partx-utils/usr/sbin
removed '/workspaces/openwrt-radxa-rock5b-plus/openwrt/bin/packages/aarch64_generic/base/ucode-mod-uci-2025.07.18~3f64c808-r1.apk'
mkdir -p /workspaces/openwrt-radxa-rock5b-plus/openwrt/bin/targets/rockchip/armv8/packages /workspaces/openwrt-radxa-rock5b-plus/openwrt/build_dir/target-aarch64_generic_musl/ucode-2025.07.18~3f64c808/ipkg-aarch64_generic/ucode-mod-uci /workspaces/openwrt-radxa-rock5b-plus/openwrt/staging_dir/target-aarch64_generic_musl/pkginfo
install -m0755 /workspaces/openwrt-radxa-rock5b-plus/openwrt/build_dir/target-aarch64_generic_musl/util-linux-2.41.1/ipkg-install/usr/sbin/partx /workspaces/openwrt-radxa-rock5b-plus/openwrt/build_dir/target-aarch64_generic_musl/util-linux-2.41.1/.pkgdir/partx-utils/usr/sbin/
install -m0755 /workspaces/openwrt-radxa-rock5b-plus/openwrt/build_dir/target-aarch64_generic_musl/util-linux-2.41.1/ipkg-install/usr/sbin/addpart /workspaces/openwrt-radxa-rock5b-plus/openwrt/build_dir/target-aarch64_generic_musl/util-linux-2.41.1/.pkgdir/partx-utils/usr/sbin/
install -d -m0755 /workspaces/openwrt-radxa-rock5b-plus/openwrt/build_dir/target-aarch64_generic_musl/ucode-2025.07.18~3f64c808/ipkg-aarch64_generic/ucode-mod-uci/usr/lib/ucode
install -m0755 /workspaces/openwrt-radxa-rock5b-plus/openwrt/build_dir/target-aarch64_generic_musl/ucode-2025.07.18~3f64c808/ipkg-install/usr/lib/ucode/uci.so /workspaces/openwrt-radxa-rock5b-plus/openwrt/build_dir/target-aarch64_generic_musl/ucode-2025.07.18~3f64c808/ipkg-aarch64_generic/ucode-mod-uci/usr/lib/ucode/
install -m0755 /workspaces/openwrt-radxa-rock5b-plus/openwrt/build_dir/target-aarch64_generic_musl/util-linux-2.41.1/ipkg-install/usr/sbin/delpart /workspaces/openwrt-radxa-rock5b-plus/openwrt/build_dir/target-aarch64_generic_musl/util-linux-2.41.1/.pkgdir/partx-utils/usr/sbin/
find /workspaces/openwrt-radxa-rock5b-plus/openwrt/build_dir/target-aarch64_generic_musl/ucode-2025.07.18~3f64c808/ipkg-aarch64_generic/ucode-mod-uci -name 'CVS' -o -name '.svn' -o -name '.#*' -o -name '*~'| xargs -r rm -rf
touch /workspaces/openwrt-radxa-rock5b-plus/openwrt/build_dir/target-aarch64_generic_musl/util-linux-2.41.1/.pkgdir/partx-utils.installed
mkdir -p /workspaces/openwrt-radxa-rock5b-plus/openwrt/staging_dir/target-aarch64_generic_musl/root-rockchip/stamp
echo '1' | cmp -s - /workspaces/openwrt-radxa-rock5b-plus/openwrt/staging_dir/target-aarch64_generic_musl/pkginfo/libblkid.version || { echo '1' > /workspaces/openwrt-radxa-rock5b-plus/openwrt/staging_dir/target-aarch64_generic_musl/pkginfo/libblkid.version;  } 
SHELL= flock /workspaces/openwrt-radxa-rock5b-plus/openwrt/tmp/.root-copy.flock -c 'cp -fpR /workspaces/openwrt-radxa-rock5b-plus/openwrt/build_dir/target-aarch64_generic_musl/util-linux-2.41.1/.pkgdir/libblkid/. /workspaces/openwrt-radxa-rock5b-plus/openwrt/staging_dir/target-aarch64_generic_musl/root-rockchip/'
touch /workspaces/openwrt-radxa-rock5b-plus/openwrt/staging_dir/target-aarch64_generic_musl/root-rockchip/stamp/.libblkid_installed
echo "libblkid" >> /workspaces/openwrt-radxa-rock5b-plus/openwrt/staging_dir/target-aarch64_generic_musl/pkginfo/util-linux.default.install
mkdir -p /workspaces/openwrt-radxa-rock5b-plus/openwrt/staging_dir/target-aarch64_generic_musl/root-rockchip/stamp
echo '1' | cmp -s - /workspaces/openwrt-radxa-rock5b-plus/openwrt/staging_dir/target-aarch64_generic_musl/pkginfo/libsmartcols.version || { echo '1' > /workspaces/openwrt-radxa-rock5b-plus/openwrt/staging_dir/target-aarch64_generic_musl/pkginfo/libsmartcols.version;  } 
export CROSS="aarch64-openwrt-linux-musl-"  NO_RENAME=1 ; NM="aarch64-openwrt-linux-musl-nm" STRIP="/workspaces/openwrt-radxa-rock5b-plus/openwrt/staging_dir/host/bin/sstrip -z" STRIP_KMOD="/workspaces/openwrt-radxa-rock5b-plus/openwrt/scripts/strip-kmod.sh" PATCHELF="/workspaces/openwrt-radxa-rock5b-plus/openwrt/staging_dir/host/bin/patchelf" /workspaces/openwrt-radxa-rock5b-plus/openwrt/scripts/rstrip.sh /workspaces/openwrt-radxa-rock5b-plus/openwrt/build_dir/target-aarch64_generic_musl/ucode-2025.07.18~3f64c808/ipkg-aarch64_generic/ucode-mod-uci
SHELL= flock /workspaces/openwrt-radxa-rock5b-plus/openwrt/tmp/.root-copy.flock -c 'cp -fpR /workspaces/openwrt-radxa-rock5b-plus/openwrt/build_dir/target-aarch64_generic_musl/util-linux-2.41.1/.pkgdir/libsmartcols/. /workspaces/openwrt-radxa-rock5b-plus/openwrt/staging_dir/target-aarch64_generic_musl/root-rockchip/'
touch /workspaces/openwrt-radxa-rock5b-plus/openwrt/staging_dir/target-aarch64_generic_musl/root-rockchip/stamp/.libsmartcols_installed
rstrip.sh: /workspaces/openwrt-radxa-rock5b-plus/openwrt/build_dir/target-aarch64_generic_musl/ucode-2025.07.18~3f64c808/ipkg-aarch64_generic/ucode-mod-uci/usr/lib/ucode/uci.so: shared object
echo "libsmartcols" >> /workspaces/openwrt-radxa-rock5b-plus/openwrt/staging_dir/target-aarch64_generic_musl/pkginfo/util-linux.default.install
install -d -m0755 /workspaces/openwrt-radxa-rock5b-plus/openwrt/bin/packages/aarch64_generic/base/tmp
mkdir -p /workspaces/openwrt-radxa-rock5b-plus/openwrt/staging_dir/target-aarch64_generic_musl/root-rockchip/stamp
mkdir -p /workspaces/openwrt-radxa-rock5b-plus/openwrt/build_dir/target-aarch64_generic_musl/ucode-2025.07.18~3f64c808/apk-aarch64_generic/ucode-mod-uci/
SHELL= flock /workspaces/openwrt-radxa-rock5b-plus/openwrt/tmp/.root-copy.flock -c 'cp -fpR /workspaces/openwrt-radxa-rock5b-plus/openwrt/build_dir/target-aarch64_generic_musl/util-linux-2.41.1/.pkgdir/blkdiscard/. /workspaces/openwrt-radxa-rock5b-plus/openwrt/staging_dir/target-aarch64_generic_musl/root-rockchip/'
mkdir -p /workspaces/openwrt-radxa-rock5b-plus/openwrt/build_dir/target-aarch64_generic_musl/ucode-2025.07.18~3f64c808/ipkg-aarch64_generic/ucode-mod-uci/lib/apk/packages/
(cd /workspaces/openwrt-radxa-rock5b-plus/openwrt/build_dir/target-aarch64_generic_musl/ucode-2025.07.18~3f64c808/apk-aarch64_generic/ucode-mod-uci; )
( echo "#!/bin/sh"; echo "[ \"\${IPKG_NO_SCRIPT}\" = \"1\" ] && exit 0"; echo "[ -s "\${IPKG_INSTROOT}/lib/functions.sh" ] || exit 0"; echo ". \${IPKG_INSTROOT}/lib/functions.sh"; echo 'export root="${IPKG_INSTROOT}"'; echo 'export pkgname="ucode-mod-uci"'; echo "add_group_and_user"; echo "default_postinst"; [ ! -f /workspaces/openwrt-radxa-rock5b-plus/openwrt/build_dir/target-aarch64_generic_musl/ucode-2025.07.18~3f64c808/apk-aarch64_generic/ucode-mod-uci/postinst-pkg ] || sed -z 's/^\s*#!/#!/' "/workspaces/openwrt-radxa-rock5b-plus/openwrt/build_dir/target-aarch64_generic_musl/ucode-2025.07.18~3f64c808/apk-aarch64_generic/ucode-mod-uci/postinst-pkg"; ) > /workspaces/openwrt-radxa-rock5b-plus/openwrt/build_dir/target-aarch64_generic_musl/ucode-2025.07.18~3f64c808/apk-aarch64_generic/ucode-mod-uci/post-install;
touch /workspaces/openwrt-radxa-rock5b-plus/openwrt/staging_dir/target-aarch64_generic_musl/root-rockchip/stamp/.blkdiscard_installed
echo "blkdiscard" >> /workspaces/openwrt-radxa-rock5b-plus/openwrt/staging_dir/target-aarch64_generic_musl/pkginfo/util-linux.default.install
( echo "#!/bin/sh"; echo 'export PKG_UPGRADE=1'; [ ! -f /workspaces/openwrt-radxa-rock5b-plus/openwrt/build_dir/target-aarch64_generic_musl/ucode-2025.07.18~3f64c808/apk-aarch64_generic/ucode-mod-uci/post-install ] || sed -z 's/^\s*#!/#!/' "/workspaces/openwrt-radxa-rock5b-plus/openwrt/build_dir/target-aarch64_generic_musl/ucode-2025.07.18~3f64c808/apk-aarch64_generic/ucode-mod-uci/post-install"; ) > /workspaces/openwrt-radxa-rock5b-plus/openwrt/build_dir/target-aarch64_generic_musl/ucode-2025.07.18~3f64c808/apk-aarch64_generic/ucode-mod-uci/post-upgrade;
mkdir -p /workspaces/openwrt-radxa-rock5b-plus/openwrt/staging_dir/target-aarch64_generic_musl/root-rockchip/stamp
SHELL= flock /workspaces/openwrt-radxa-rock5b-plus/openwrt/tmp/.root-copy.flock -c 'cp -fpR /workspaces/openwrt-radxa-rock5b-plus/openwrt/build_dir/target-aarch64_generic_musl/util-linux-2.41.1/.pkgdir/partx-utils/. /workspaces/openwrt-radxa-rock5b-plus/openwrt/staging_dir/target-aarch64_generic_musl/root-rockchip/'
( echo "#!/bin/sh"; echo "[ -s "\${IPKG_INSTROOT}/lib/functions.sh" ] || exit 0"; echo ". \${IPKG_INSTROOT}/lib/functions.sh"; echo 'export root="${IPKG_INSTROOT}"'; echo 'export pkgname="ucode-mod-uci"'; echo "default_prerm"; [ ! -f /workspaces/openwrt-radxa-rock5b-plus/openwrt/build_dir/target-aarch64_generic_musl/ucode-2025.07.18~3f64c808/apk-aarch64_generic/ucode-mod-uci/prerm-pkg ] || sed -z 's/^\s*#!/#!/' "/workspaces/openwrt-radxa-rock5b-plus/openwrt/build_dir/target-aarch64_generic_musl/ucode-2025.07.18~3f64c808/apk-aarch64_generic/ucode-mod-uci/prerm-pkg"; ) > /workspaces/openwrt-radxa-rock5b-plus/openwrt/build_dir/target-aarch64_generic_musl/ucode-2025.07.18~3f64c808/apk-aarch64_generic/ucode-mod-uci/pre-deinstall;
[ ! -f /workspaces/openwrt-radxa-rock5b-plus/openwrt/build_dir/target-aarch64_generic_musl/ucode-2025.07.18~3f64c808/apk-aarch64_generic/ucode-mod-uci/postrm ] || sed -zi 's/^\s*#!/#!/' "/workspaces/openwrt-radxa-rock5b-plus/openwrt/build_dir/target-aarch64_generic_musl/ucode-2025.07.18~3f64c808/apk-aarch64_generic/ucode-mod-uci/postrm";
if [ -n "" ]; then echo  > /workspaces/openwrt-radxa-rock5b-plus/openwrt/build_dir/target-aarch64_generic_musl/ucode-2025.07.18~3f64c808/ipkg-aarch64_generic/ucode-mod-uci/lib/apk/packages/ucode-mod-uci.rusers; fi;
touch /workspaces/openwrt-radxa-rock5b-plus/openwrt/staging_dir/target-aarch64_generic_musl/root-rockchip/stamp/.partx-utils_installed
if [ -n "" ]; then echo  > /workspaces/openwrt-radxa-rock5b-plus/openwrt/build_dir/target-aarch64_generic_musl/ucode-2025.07.18~3f64c808/ipkg-aarch64_generic/ucode-mod-uci/lib/apk/packages/ucode-mod-uci.alternatives; fi;
echo "partx-utils" >> /workspaces/openwrt-radxa-rock5b-plus/openwrt/staging_dir/target-aarch64_generic_musl/pkginfo/util-linux.default.install
(cd /workspaces/openwrt-radxa-rock5b-plus/openwrt/build_dir/target-aarch64_generic_musl/ucode-2025.07.18~3f64c808/ipkg-aarch64_generic/ucode-mod-uci && find . -type f,l -printf "/%P\n" | sort > /workspaces/openwrt-radxa-rock5b-plus/openwrt/tmp/ucode-mod-uci.list && mv /workspaces/openwrt-radxa-rock5b-plus/openwrt/tmp/ucode-mod-uci.list /workspaces/openwrt-radxa-rock5b-plus/openwrt/build_dir/target-aarch64_generic_musl/ucode-2025.07.18~3f64c808/ipkg-aarch64_generic/ucode-mod-uci/lib/apk/packages/ucode-mod-uci.list)
make[3]: Leaving directory '/workspaces/openwrt-radxa-rock5b-plus/openwrt/package/utils/util-linux'
time: package/utils/util-linux/compile#6.40#1.11#15.96
# Move conffiles to IDIR and build conffiles_static with csums
if [ -f /workspaces/openwrt-radxa-rock5b-plus/openwrt/build_dir/target-aarch64_generic_musl/ucode-2025.07.18~3f64c808/apk-aarch64_generic/ucode-mod-uci/conffiles ]; then mv -f /workspaces/openwrt-radxa-rock5b-plus/openwrt/build_dir/target-aarch64_generic_musl/ucode-2025.07.18~3f64c808/apk-aarch64_generic/ucode-mod-uci/conffiles /workspaces/openwrt-radxa-rock5b-plus/openwrt/build_dir/target-aarch64_generic_musl/ucode-2025.07.18~3f64c808/ipkg-aarch64_generic/ucode-mod-uci/lib/apk/packages/ucode-mod-uci.conffiles; for file in $(cat /workspaces/openwrt-radxa-rock5b-plus/openwrt/build_dir/target-aarch64_generic_musl/ucode-2025.07.18~3f64c808/ipkg-aarch64_generic/ucode-mod-uci/lib/apk/packages/ucode-mod-uci.conffiles); do [ -f /workspaces/openwrt-radxa-rock5b-plus/openwrt/build_dir/target-aarch64_generic_musl/ucode-2025.07.18~3f64c808/ipkg-aarch64_generic/ucode-mod-uci/$file ] || continue; csum=$(/workspaces/openwrt-radxa-rock5b-plus/openwrt/staging_dir/host/bin/mkhash sha256 /workspaces/openwrt-radxa-rock5b-plus/openwrt/build_dir/target-aarch64_generic_musl/ucode-2025.07.18~3f64c808/ipkg-aarch64_generic/ucode-mod-uci/$file); echo $file $csum >> /workspaces/openwrt-radxa-rock5b-plus/openwrt/build_dir/target-aarch64_generic_musl/ucode-2025.07.18~3f64c808/ipkg-aarch64_generic/ucode-mod-uci/lib/apk/packages/ucode-mod-uci.conffiles_static; done; fi
# Some package (base-files) manually append stuff to conffiles
# Append stuff from it and delete the CONTROL directory since everything else should be migrated
if [ -f /workspaces/openwrt-radxa-rock5b-plus/openwrt/build_dir/target-aarch64_generic_musl/ucode-2025.07.18~3f64c808/ipkg-aarch64_generic/ucode-mod-uci/CONTROL/conffiles ]; then echo $(IDIR_ucode-mod-uci)/CONTROL/conffiles >> /workspaces/openwrt-radxa-rock5b-plus/openwrt/build_dir/target-aarch64_generic_musl/ucode-2025.07.18~3f64c808/ipkg-aarch64_generic/ucode-mod-uci/lib/apk/packages/ucode-mod-uci.conffiles; for file in $(cat /workspaces/openwrt-radxa-rock5b-plus/openwrt/build_dir/target-aarch64_generic_musl/ucode-2025.07.18~3f64c808/ipkg-aarch64_generic/ucode-mod-uci/CONTROL/conffiles); do [ -f /workspaces/openwrt-radxa-rock5b-plus/openwrt/build_dir/target-aarch64_generic_musl/ucode-2025.07.18~3f64c808/ipkg-aarch64_generic/ucode-mod-uci/$file ] || continue; csum=$(/workspaces/openwrt-radxa-rock5b-plus/openwrt/staging_dir/host/bin/mkhash sha256 /workspaces/openwrt-radxa-rock5b-plus/openwrt/build_dir/target-aarch64_generic_musl/ucode-2025.07.18~3f64c808/ipkg-aarch64_generic/ucode-mod-uci/$file); echo $file $csum >> /workspaces/openwrt-radxa-rock5b-plus/openwrt/build_dir/target-aarch64_generic_musl/ucode-2025.07.18~3f64c808/ipkg-aarch64_generic/ucode-mod-uci/lib/apk/packages/ucode-mod-uci.conffiles_static; done; rm -rf /workspaces/openwrt-radxa-rock5b-plus/openwrt/build_dir/target-aarch64_generic_musl/ucode-2025.07.18~3f64c808/ipkg-aarch64_generic/ucode-mod-uci/CONTROL/conffiles; fi
if [ -z "$(ls -A /workspaces/openwrt-radxa-rock5b-plus/openwrt/build_dir/target-aarch64_generic_musl/ucode-2025.07.18~3f64c808/ipkg-aarch64_generic/ucode-mod-uci/CONTROL 2>/dev/null)" ]; then rm -rf /workspaces/openwrt-radxa-rock5b-plus/openwrt/build_dir/target-aarch64_generic_musl/ucode-2025.07.18~3f64c808/ipkg-aarch64_generic/ucode-mod-uci/CONTROL; else echo "CONTROL directory /workspaces/openwrt-radxa-rock5b-plus/openwrt/build_dir/target-aarch64_generic_musl/ucode-2025.07.18~3f64c808/ipkg-aarch64_generic/ucode-mod-uci/CONTROL is not empty! This is not right and should be checked!" >&2; exit 1; fi
make[3]: Entering directory '/workspaces/openwrt-radxa-rock5b-plus/openwrt/feeds/packages/net/openssh'
/workspaces/openwrt-radxa-rock5b-plus/openwrt/staging_dir/host/bin/fakeroot /workspaces/openwrt-radxa-rock5b-plus/openwrt/staging_dir/host/bin/apk mkpkg --info "name:ucode-mod-uci" --info "version:2025.07.18~3f64c808-r1"  --info "description:The uci module allows templates to read and modify uci configuration." --info "arch:aarch64_generic" --info "license:ISC" --info "origin:feeds/base/utils/ucode" --info "url:" --info "maintainer:Jo-Philipp Wich <jo@mein.io>" --info "provides:"  --script "post-install:/workspaces/openwrt-radxa-rock5b-plus/openwrt/build_dir/target-aarch64_generic_musl/ucode-2025.07.18~3f64c808/apk-aarch64_generic/ucode-mod-uci/post-install" --script "post-upgrade:/workspaces/openwrt-radxa-rock5b-plus/openwrt/build_dir/target-aarch64_generic_musl/ucode-2025.07.18~3f64c808/apk-aarch64_generic/ucode-mod-uci/post-upgrade" --script "pre-deinstall:/workspaces/openwrt-radxa-rock5b-plus/openwrt/build_dir/target-aarch64_generic_musl/ucode-2025.07.18~3f64c808/apk-aarch64_generic/ucode-mod-uci/pre-deinstall" --info "depends:libc ucode libuci20250120" --files "/workspaces/openwrt-radxa-rock5b-plus/openwrt/build_dir/target-aarch64_generic_musl/ucode-2025.07.18~3f64c808/ipkg-aarch64_generic/ucode-mod-uci" --output "/workspaces/openwrt-radxa-rock5b-plus/openwrt/bin/packages/aarch64_generic/base/ucode-mod-uci-2025.07.18~3f64c808-r1.apk" --sign "/workspaces/openwrt-radxa-rock5b-plus/openwrt/private-key.pem"
rm -rf /workspaces/openwrt-radxa-rock5b-plus/openwrt/build_dir/target-aarch64_generic_musl/ucode-2025.07.18~3f64c808/ipkg-aarch64_generic/ucode-mod-uloop
/workspaces/openwrt-radxa-rock5b-plus/openwrt/scripts/ipkg-remove ucode-mod-uloop /workspaces/openwrt-radxa-rock5b-plus/openwrt/bin/packages/aarch64_generic/base/ucode-mod-uloop-2025.07.18~3f64c808-r1.apk
removed '/workspaces/openwrt-radxa-rock5b-plus/openwrt/bin/packages/aarch64_generic/base/ucode-mod-uloop-2025.07.18~3f64c808-r1.apk'
mkdir -p /workspaces/openwrt-radxa-rock5b-plus/openwrt/bin/targets/rockchip/armv8/packages /workspaces/openwrt-radxa-rock5b-plus/openwrt/build_dir/target-aarch64_generic_musl/ucode-2025.07.18~3f64c808/ipkg-aarch64_generic/ucode-mod-uloop /workspaces/openwrt-radxa-rock5b-plus/openwrt/staging_dir/target-aarch64_generic_musl/pkginfo
install -d -m0755 /workspaces/openwrt-radxa-rock5b-plus/openwrt/build_dir/target-aarch64_generic_musl/ucode-2025.07.18~3f64c808/ipkg-aarch64_generic/ucode-mod-uloop/usr/lib/ucode
install -m0755 /workspaces/openwrt-radxa-rock5b-plus/openwrt/build_dir/target-aarch64_generic_musl/ucode-2025.07.18~3f64c808/ipkg-install/usr/lib/ucode/uloop.so /workspaces/openwrt-radxa-rock5b-plus/openwrt/build_dir/target-aarch64_generic_musl/ucode-2025.07.18~3f64c808/ipkg-aarch64_generic/ucode-mod-uloop/usr/lib/ucode/
find /workspaces/openwrt-radxa-rock5b-plus/openwrt/build_dir/target-aarch64_generic_musl/ucode-2025.07.18~3f64c808/ipkg-aarch64_generic/ucode-mod-uloop -name 'CVS' -o -name '.svn' -o -name '.#*' -o -name '*~'| xargs -r rm -rf
export CROSS="aarch64-openwrt-linux-musl-"  NO_RENAME=1 ; NM="aarch64-openwrt-linux-musl-nm" STRIP="/workspaces/openwrt-radxa-rock5b-plus/openwrt/staging_dir/host/bin/sstrip -z" STRIP_KMOD="/workspaces/openwrt-radxa-rock5b-plus/openwrt/scripts/strip-kmod.sh" PATCHELF="/workspaces/openwrt-radxa-rock5b-plus/openwrt/staging_dir/host/bin/patchelf" /workspaces/openwrt-radxa-rock5b-plus/openwrt/scripts/rstrip.sh /workspaces/openwrt-radxa-rock5b-plus/openwrt/build_dir/target-aarch64_generic_musl/ucode-2025.07.18~3f64c808/ipkg-aarch64_generic/ucode-mod-uloop
rstrip.sh: /workspaces/openwrt-radxa-rock5b-plus/openwrt/build_dir/target-aarch64_generic_musl/ucode-2025.07.18~3f64c808/ipkg-aarch64_generic/ucode-mod-uloop/usr/lib/ucode/uloop.so: shared object
install -d -m0755 /workspaces/openwrt-radxa-rock5b-plus/openwrt/bin/packages/aarch64_generic/base/tmp
mkdir -p /workspaces/openwrt-radxa-rock5b-plus/openwrt/build_dir/target-aarch64_generic_musl/ucode-2025.07.18~3f64c808/apk-aarch64_generic/ucode-mod-uloop/
mkdir -p /workspaces/openwrt-radxa-rock5b-plus/openwrt/build_dir/target-aarch64_generic_musl/ucode-2025.07.18~3f64c808/ipkg-aarch64_generic/ucode-mod-uloop/lib/apk/packages/
(cd /workspaces/openwrt-radxa-rock5b-plus/openwrt/build_dir/target-aarch64_generic_musl/ucode-2025.07.18~3f64c808/apk-aarch64_generic/ucode-mod-uloop; )
( echo "#!/bin/sh"; echo "[ \"\${IPKG_NO_SCRIPT}\" = \"1\" ] && exit 0"; echo "[ -s "\${IPKG_INSTROOT}/lib/functions.sh" ] || exit 0"; echo ". \${IPKG_INSTROOT}/lib/functions.sh"; echo 'export root="${IPKG_INSTROOT}"'; echo 'export pkgname="ucode-mod-uloop"'; echo "add_group_and_user"; echo "default_postinst"; [ ! -f /workspaces/openwrt-radxa-rock5b-plus/openwrt/build_dir/target-aarch64_generic_musl/ucode-2025.07.18~3f64c808/apk-aarch64_generic/ucode-mod-uloop/postinst-pkg ] || sed -z 's/^\s*#!/#!/' "/workspaces/openwrt-radxa-rock5b-plus/openwrt/build_dir/target-aarch64_generic_musl/ucode-2025.07.18~3f64c808/apk-aarch64_generic/ucode-mod-uloop/postinst-pkg"; ) > /workspaces/openwrt-radxa-rock5b-plus/openwrt/build_dir/target-aarch64_generic_musl/ucode-2025.07.18~3f64c808/apk-aarch64_generic/ucode-mod-uloop/post-install;
( echo "#!/bin/sh"; echo 'export PKG_UPGRADE=1'; [ ! -f /workspaces/openwrt-radxa-rock5b-plus/openwrt/build_dir/target-aarch64_generic_musl/ucode-2025.07.18~3f64c808/apk-aarch64_generic/ucode-mod-uloop/post-install ] || sed -z 's/^\s*#!/#!/' "/workspaces/openwrt-radxa-rock5b-plus/openwrt/build_dir/target-aarch64_generic_musl/ucode-2025.07.18~3f64c808/apk-aarch64_generic/ucode-mod-uloop/post-install"; ) > /workspaces/openwrt-radxa-rock5b-plus/openwrt/build_dir/target-aarch64_generic_musl/ucode-2025.07.18~3f64c808/apk-aarch64_generic/ucode-mod-uloop/post-upgrade;
( echo "#!/bin/sh"; echo "[ -s "\${IPKG_INSTROOT}/lib/functions.sh" ] || exit 0"; echo ". \${IPKG_INSTROOT}/lib/functions.sh"; echo 'export root="${IPKG_INSTROOT}"'; echo 'export pkgname="ucode-mod-uloop"'; echo "default_prerm"; [ ! -f /workspaces/openwrt-radxa-rock5b-plus/openwrt/build_dir/target-aarch64_generic_musl/ucode-2025.07.18~3f64c808/apk-aarch64_generic/ucode-mod-uloop/prerm-pkg ] || sed -z 's/^\s*#!/#!/' "/workspaces/openwrt-radxa-rock5b-plus/openwrt/build_dir/target-aarch64_generic_musl/ucode-2025.07.18~3f64c808/apk-aarch64_generic/ucode-mod-uloop/prerm-pkg"; ) > /workspaces/openwrt-radxa-rock5b-plus/openwrt/build_dir/target-aarch64_generic_musl/ucode-2025.07.18~3f64c808/apk-aarch64_generic/ucode-mod-uloop/pre-deinstall;
[ ! -f /workspaces/openwrt-radxa-rock5b-plus/openwrt/build_dir/target-aarch64_generic_musl/ucode-2025.07.18~3f64c808/apk-aarch64_generic/ucode-mod-uloop/postrm ] || sed -zi 's/^\s*#!/#!/' "/workspaces/openwrt-radxa-rock5b-plus/openwrt/build_dir/target-aarch64_generic_musl/ucode-2025.07.18~3f64c808/apk-aarch64_generic/ucode-mod-uloop/postrm";
if [ -n "" ]; then echo  > /workspaces/openwrt-radxa-rock5b-plus/openwrt/build_dir/target-aarch64_generic_musl/ucode-2025.07.18~3f64c808/ipkg-aarch64_generic/ucode-mod-uloop/lib/apk/packages/ucode-mod-uloop.rusers; fi;
if [ -n "" ]; then echo  > /workspaces/openwrt-radxa-rock5b-plus/openwrt/build_dir/target-aarch64_generic_musl/ucode-2025.07.18~3f64c808/ipkg-aarch64_generic/ucode-mod-uloop/lib/apk/packages/ucode-mod-uloop.alternatives; fi;
(cd /workspaces/openwrt-radxa-rock5b-plus/openwrt/build_dir/target-aarch64_generic_musl/ucode-2025.07.18~3f64c808/ipkg-aarch64_generic/ucode-mod-uloop && find . -type f,l -printf "/%P\n" | sort > /workspaces/openwrt-radxa-rock5b-plus/openwrt/tmp/ucode-mod-uloop.list && mv /workspaces/openwrt-radxa-rock5b-plus/openwrt/tmp/ucode-mod-uloop.list /workspaces/openwrt-radxa-rock5b-plus/openwrt/build_dir/target-aarch64_generic_musl/ucode-2025.07.18~3f64c808/ipkg-aarch64_generic/ucode-mod-uloop/lib/apk/packages/ucode-mod-uloop.list)
# Move conffiles to IDIR and build conffiles_static with csums
if [ -f /workspaces/openwrt-radxa-rock5b-plus/openwrt/build_dir/target-aarch64_generic_musl/ucode-2025.07.18~3f64c808/apk-aarch64_generic/ucode-mod-uloop/conffiles ]; then mv -f /workspaces/openwrt-radxa-rock5b-plus/openwrt/build_dir/target-aarch64_generic_musl/ucode-2025.07.18~3f64c808/apk-aarch64_generic/ucode-mod-uloop/conffiles /workspaces/openwrt-radxa-rock5b-plus/openwrt/build_dir/target-aarch64_generic_musl/ucode-2025.07.18~3f64c808/ipkg-aarch64_generic/ucode-mod-uloop/lib/apk/packages/ucode-mod-uloop.conffiles; for file in $(cat /workspaces/openwrt-radxa-rock5b-plus/openwrt/build_dir/target-aarch64_generic_musl/ucode-2025.07.18~3f64c808/ipkg-aarch64_generic/ucode-mod-uloop/lib/apk/packages/ucode-mod-uloop.conffiles); do [ -f /workspaces/openwrt-radxa-rock5b-plus/openwrt/build_dir/target-aarch64_generic_musl/ucode-2025.07.18~3f64c808/ipkg-aarch64_generic/ucode-mod-uloop/$file ] || continue; csum=$(/workspaces/openwrt-radxa-rock5b-plus/openwrt/staging_dir/host/bin/mkhash sha256 /workspaces/openwrt-radxa-rock5b-plus/openwrt/build_dir/target-aarch64_generic_musl/ucode-2025.07.18~3f64c808/ipkg-aarch64_generic/ucode-mod-uloop/$file); echo $file $csum >> /workspaces/openwrt-radxa-rock5b-plus/openwrt/build_dir/target-aarch64_generic_musl/ucode-2025.07.18~3f64c808/ipkg-aarch64_generic/ucode-mod-uloop/lib/apk/packages/ucode-mod-uloop.conffiles_static; done; fi
# Some package (base-files) manually append stuff to conffiles
# Append stuff from it and delete the CONTROL directory since everything else should be migrated
if [ -f /workspaces/openwrt-radxa-rock5b-plus/openwrt/build_dir/target-aarch64_generic_musl/ucode-2025.07.18~3f64c808/ipkg-aarch64_generic/ucode-mod-uloop/CONTROL/conffiles ]; then echo $(IDIR_ucode-mod-uloop)/CONTROL/conffiles >> /workspaces/openwrt-radxa-rock5b-plus/openwrt/build_dir/target-aarch64_generic_musl/ucode-2025.07.18~3f64c808/ipkg-aarch64_generic/ucode-mod-uloop/lib/apk/packages/ucode-mod-uloop.conffiles; for file in $(cat /workspaces/openwrt-radxa-rock5b-plus/openwrt/build_dir/target-aarch64_generic_musl/ucode-2025.07.18~3f64c808/ipkg-aarch64_generic/ucode-mod-uloop/CONTROL/conffiles); do [ -f /workspaces/openwrt-radxa-rock5b-plus/openwrt/build_dir/target-aarch64_generic_musl/ucode-2025.07.18~3f64c808/ipkg-aarch64_generic/ucode-mod-uloop/$file ] || continue; csum=$(/workspaces/openwrt-radxa-rock5b-plus/openwrt/staging_dir/host/bin/mkhash sha256 /workspaces/openwrt-radxa-rock5b-plus/openwrt/build_dir/target-aarch64_generic_musl/ucode-2025.07.18~3f64c808/ipkg-aarch64_generic/ucode-mod-uloop/$file); echo $file $csum >> /workspaces/openwrt-radxa-rock5b-plus/openwrt/build_dir/target-aarch64_generic_musl/ucode-2025.07.18~3f64c808/ipkg-aarch64_generic/ucode-mod-uloop/lib/apk/packages/ucode-mod-uloop.conffiles_static; done; rm -rf /workspaces/openwrt-radxa-rock5b-plus/openwrt/build_dir/target-aarch64_generic_musl/ucode-2025.07.18~3f64c808/ipkg-aarch64_generic/ucode-mod-uloop/CONTROL/conffiles; fi
if [ -z "$(ls -A /workspaces/openwrt-radxa-rock5b-plus/openwrt/build_dir/target-aarch64_generic_musl/ucode-2025.07.18~3f64c808/ipkg-aarch64_generic/ucode-mod-uloop/CONTROL 2>/dev/null)" ]; then rm -rf /workspaces/openwrt-radxa-rock5b-plus/openwrt/build_dir/target-aarch64_generic_musl/ucode-2025.07.18~3f64c808/ipkg-aarch64_generic/ucode-mod-uloop/CONTROL; else echo "CONTROL directory /workspaces/openwrt-radxa-rock5b-plus/openwrt/build_dir/target-aarch64_generic_musl/ucode-2025.07.18~3f64c808/ipkg-aarch64_generic/ucode-mod-uloop/CONTROL is not empty! This is not right and should be checked!" >&2; exit 1; fi
/workspaces/openwrt-radxa-rock5b-plus/openwrt/staging_dir/host/bin/fakeroot /workspaces/openwrt-radxa-rock5b-plus/openwrt/staging_dir/host/bin/apk mkpkg --info "name:ucode-mod-uloop" --info "version:2025.07.18~3f64c808-r1"  --info "description:The uloop module allows ucode scripts to interact with OpenWrt uloop event loop implementation." --info "arch:aarch64_generic" --info "license:ISC" --info "origin:feeds/base/utils/ucode" --info "url:" --info "maintainer:Jo-Philipp Wich <jo@mein.io>" --info "provides:"  --script "post-install:/workspaces/openwrt-radxa-rock5b-plus/openwrt/build_dir/target-aarch64_generic_musl/ucode-2025.07.18~3f64c808/apk-aarch64_generic/ucode-mod-uloop/post-install" --script "post-upgrade:/workspaces/openwrt-radxa-rock5b-plus/openwrt/build_dir/target-aarch64_generic_musl/ucode-2025.07.18~3f64c808/apk-aarch64_generic/ucode-mod-uloop/post-upgrade" --script "pre-deinstall:/workspaces/openwrt-radxa-rock5b-plus/openwrt/build_dir/target-aarch64_generic_musl/ucode-2025.07.18~3f64c808/apk-aarch64_generic/ucode-mod-uloop/pre-deinstall" --info "depends:libc ucode libubox20250723" --files "/workspaces/openwrt-radxa-rock5b-plus/openwrt/build_dir/target-aarch64_generic_musl/ucode-2025.07.18~3f64c808/ipkg-aarch64_generic/ucode-mod-uloop" --output "/workspaces/openwrt-radxa-rock5b-plus/openwrt/bin/packages/aarch64_generic/base/ucode-mod-uloop-2025.07.18~3f64c808-r1.apk" --sign "/workspaces/openwrt-radxa-rock5b-plus/openwrt/private-key.pem"
rm -rf /workspaces/openwrt-radxa-rock5b-plus/openwrt/build_dir/target-aarch64_generic_musl/ucode-2025.07.18~3f64c808/ipkg-aarch64_generic/ucode-mod-digest
/workspaces/openwrt-radxa-rock5b-plus/openwrt/scripts/ipkg-remove ucode-mod-digest /workspaces/openwrt-radxa-rock5b-plus/openwrt/bin/packages/aarch64_generic/base/ucode-mod-digest-2025.07.18~3f64c808-r1.apk
removed '/workspaces/openwrt-radxa-rock5b-plus/openwrt/bin/packages/aarch64_generic/base/ucode-mod-digest-2025.07.18~3f64c808-r1.apk'
mkdir -p /workspaces/openwrt-radxa-rock5b-plus/openwrt/bin/targets/rockchip/armv8/packages /workspaces/openwrt-radxa-rock5b-plus/openwrt/build_dir/target-aarch64_generic_musl/ucode-2025.07.18~3f64c808/ipkg-aarch64_generic/ucode-mod-digest /workspaces/openwrt-radxa-rock5b-plus/openwrt/staging_dir/target-aarch64_generic_musl/pkginfo
install -d -m0755 /workspaces/openwrt-radxa-rock5b-plus/openwrt/build_dir/target-aarch64_generic_musl/ucode-2025.07.18~3f64c808/ipkg-aarch64_generic/ucode-mod-digest/usr/lib/ucode
install -m0755 /workspaces/openwrt-radxa-rock5b-plus/openwrt/build_dir/target-aarch64_generic_musl/ucode-2025.07.18~3f64c808/ipkg-install/usr/lib/ucode/digest.so /workspaces/openwrt-radxa-rock5b-plus/openwrt/build_dir/target-aarch64_generic_musl/ucode-2025.07.18~3f64c808/ipkg-aarch64_generic/ucode-mod-digest/usr/lib/ucode/
find /workspaces/openwrt-radxa-rock5b-plus/openwrt/build_dir/target-aarch64_generic_musl/ucode-2025.07.18~3f64c808/ipkg-aarch64_generic/ucode-mod-digest -name 'CVS' -o -name '.svn' -o -name '.#*' -o -name '*~'| xargs -r rm -rf
export CROSS="aarch64-openwrt-linux-musl-"  NO_RENAME=1 ; NM="aarch64-openwrt-linux-musl-nm" STRIP="/workspaces/openwrt-radxa-rock5b-plus/openwrt/staging_dir/host/bin/sstrip -z" STRIP_KMOD="/workspaces/openwrt-radxa-rock5b-plus/openwrt/scripts/strip-kmod.sh" PATCHELF="/workspaces/openwrt-radxa-rock5b-plus/openwrt/staging_dir/host/bin/patchelf" /workspaces/openwrt-radxa-rock5b-plus/openwrt/scripts/rstrip.sh /workspaces/openwrt-radxa-rock5b-plus/openwrt/build_dir/target-aarch64_generic_musl/ucode-2025.07.18~3f64c808/ipkg-aarch64_generic/ucode-mod-digest
rstrip.sh: /workspaces/openwrt-radxa-rock5b-plus/openwrt/build_dir/target-aarch64_generic_musl/ucode-2025.07.18~3f64c808/ipkg-aarch64_generic/ucode-mod-digest/usr/lib/ucode/digest.so: shared object
install -d -m0755 /workspaces/openwrt-radxa-rock5b-plus/openwrt/bin/packages/aarch64_generic/base/tmp
mkdir -p /workspaces/openwrt-radxa-rock5b-plus/openwrt/build_dir/target-aarch64_generic_musl/ucode-2025.07.18~3f64c808/apk-aarch64_generic/ucode-mod-digest/
mkdir -p /workspaces/openwrt-radxa-rock5b-plus/openwrt/build_dir/target-aarch64_generic_musl/ucode-2025.07.18~3f64c808/ipkg-aarch64_generic/ucode-mod-digest/lib/apk/packages/
(cd /workspaces/openwrt-radxa-rock5b-plus/openwrt/build_dir/target-aarch64_generic_musl/ucode-2025.07.18~3f64c808/apk-aarch64_generic/ucode-mod-digest; )
( echo "#!/bin/sh"; echo "[ \"\${IPKG_NO_SCRIPT}\" = \"1\" ] && exit 0"; echo "[ -s "\${IPKG_INSTROOT}/lib/functions.sh" ] || exit 0"; echo ". \${IPKG_INSTROOT}/lib/functions.sh"; echo 'export root="${IPKG_INSTROOT}"'; echo 'export pkgname="ucode-mod-digest"'; echo "add_group_and_user"; echo "default_postinst"; [ ! -f /workspaces/openwrt-radxa-rock5b-plus/openwrt/build_dir/target-aarch64_generic_musl/ucode-2025.07.18~3f64c808/apk-aarch64_generic/ucode-mod-digest/postinst-pkg ] || sed -z 's/^\s*#!/#!/' "/workspaces/openwrt-radxa-rock5b-plus/openwrt/build_dir/target-aarch64_generic_musl/ucode-2025.07.18~3f64c808/apk-aarch64_generic/ucode-mod-digest/postinst-pkg"; ) > /workspaces/openwrt-radxa-rock5b-plus/openwrt/build_dir/target-aarch64_generic_musl/ucode-2025.07.18~3f64c808/apk-aarch64_generic/ucode-mod-digest/post-install;
( echo "#!/bin/sh"; echo 'export PKG_UPGRADE=1'; [ ! -f /workspaces/openwrt-radxa-rock5b-plus/openwrt/build_dir/target-aarch64_generic_musl/ucode-2025.07.18~3f64c808/apk-aarch64_generic/ucode-mod-digest/post-install ] || sed -z 's/^\s*#!/#!/' "/workspaces/openwrt-radxa-rock5b-plus/openwrt/build_dir/target-aarch64_generic_musl/ucode-2025.07.18~3f64c808/apk-aarch64_generic/ucode-mod-digest/post-install"; ) > /workspaces/openwrt-radxa-rock5b-plus/openwrt/build_dir/target-aarch64_generic_musl/ucode-2025.07.18~3f64c808/apk-aarch64_generic/ucode-mod-digest/post-upgrade;
( echo "#!/bin/sh"; echo "[ -s "\${IPKG_INSTROOT}/lib/functions.sh" ] || exit 0"; echo ". \${IPKG_INSTROOT}/lib/functions.sh"; echo 'export root="${IPKG_INSTROOT}"'; echo 'export pkgname="ucode-mod-digest"'; echo "default_prerm"; [ ! -f /workspaces/openwrt-radxa-rock5b-plus/openwrt/build_dir/target-aarch64_generic_musl/ucode-2025.07.18~3f64c808/apk-aarch64_generic/ucode-mod-digest/prerm-pkg ] || sed -z 's/^\s*#!/#!/' "/workspaces/openwrt-radxa-rock5b-plus/openwrt/build_dir/target-aarch64_generic_musl/ucode-2025.07.18~3f64c808/apk-aarch64_generic/ucode-mod-digest/prerm-pkg"; ) > /workspaces/openwrt-radxa-rock5b-plus/openwrt/build_dir/target-aarch64_generic_musl/ucode-2025.07.18~3f64c808/apk-aarch64_generic/ucode-mod-digest/pre-deinstall;
[ ! -f /workspaces/openwrt-radxa-rock5b-plus/openwrt/build_dir/target-aarch64_generic_musl/ucode-2025.07.18~3f64c808/apk-aarch64_generic/ucode-mod-digest/postrm ] || sed -zi 's/^\s*#!/#!/' "/workspaces/openwrt-radxa-rock5b-plus/openwrt/build_dir/target-aarch64_generic_musl/ucode-2025.07.18~3f64c808/apk-aarch64_generic/ucode-mod-digest/postrm";
if [ -n "" ]; then echo  > /workspaces/openwrt-radxa-rock5b-plus/openwrt/build_dir/target-aarch64_generic_musl/ucode-2025.07.18~3f64c808/ipkg-aarch64_generic/ucode-mod-digest/lib/apk/packages/ucode-mod-digest.rusers; fi;
if [ -n "" ]; then echo  > /workspaces/openwrt-radxa-rock5b-plus/openwrt/build_dir/target-aarch64_generic_musl/ucode-2025.07.18~3f64c808/ipkg-aarch64_generic/ucode-mod-digest/lib/apk/packages/ucode-mod-digest.alternatives; fi;
(cd /workspaces/openwrt-radxa-rock5b-plus/openwrt/build_dir/target-aarch64_generic_musl/ucode-2025.07.18~3f64c808/ipkg-aarch64_generic/ucode-mod-digest && find . -type f,l -printf "/%P\n" | sort > /workspaces/openwrt-radxa-rock5b-plus/openwrt/tmp/ucode-mod-digest.list && mv /workspaces/openwrt-radxa-rock5b-plus/openwrt/tmp/ucode-mod-digest.list /workspaces/openwrt-radxa-rock5b-plus/openwrt/build_dir/target-aarch64_generic_musl/ucode-2025.07.18~3f64c808/ipkg-aarch64_generic/ucode-mod-digest/lib/apk/packages/ucode-mod-digest.list)
# Move conffiles to IDIR and build conffiles_static with csums
if [ -f /workspaces/openwrt-radxa-rock5b-plus/openwrt/build_dir/target-aarch64_generic_musl/ucode-2025.07.18~3f64c808/apk-aarch64_generic/ucode-mod-digest/conffiles ]; then mv -f /workspaces/openwrt-radxa-rock5b-plus/openwrt/build_dir/target-aarch64_generic_musl/ucode-2025.07.18~3f64c808/apk-aarch64_generic/ucode-mod-digest/conffiles /workspaces/openwrt-radxa-rock5b-plus/openwrt/build_dir/target-aarch64_generic_musl/ucode-2025.07.18~3f64c808/ipkg-aarch64_generic/ucode-mod-digest/lib/apk/packages/ucode-mod-digest.conffiles; for file in $(cat /workspaces/openwrt-radxa-rock5b-plus/openwrt/build_dir/target-aarch64_generic_musl/ucode-2025.07.18~3f64c808/ipkg-aarch64_generic/ucode-mod-digest/lib/apk/packages/ucode-mod-digest.conffiles); do [ -f /workspaces/openwrt-radxa-rock5b-plus/openwrt/build_dir/target-aarch64_generic_musl/ucode-2025.07.18~3f64c808/ipkg-aarch64_generic/ucode-mod-digest/$file ] || continue; csum=$(/workspaces/openwrt-radxa-rock5b-plus/openwrt/staging_dir/host/bin/mkhash sha256 /workspaces/openwrt-radxa-rock5b-plus/openwrt/build_dir/target-aarch64_generic_musl/ucode-2025.07.18~3f64c808/ipkg-aarch64_generic/ucode-mod-digest/$file); echo $file $csum >> /workspaces/openwrt-radxa-rock5b-plus/openwrt/build_dir/target-aarch64_generic_musl/ucode-2025.07.18~3f64c808/ipkg-aarch64_generic/ucode-mod-digest/lib/apk/packages/ucode-mod-digest.conffiles_static; done; fi
# Some package (base-files) manually append stuff to conffiles
# Append stuff from it and delete the CONTROL directory since everything else should be migrated
if [ -f /workspaces/openwrt-radxa-rock5b-plus/openwrt/build_dir/target-aarch64_generic_musl/ucode-2025.07.18~3f64c808/ipkg-aarch64_generic/ucode-mod-digest/CONTROL/conffiles ]; then echo $(IDIR_ucode-mod-digest)/CONTROL/conffiles >> /workspaces/openwrt-radxa-rock5b-plus/openwrt/build_dir/target-aarch64_generic_musl/ucode-2025.07.18~3f64c808/ipkg-aarch64_generic/ucode-mod-digest/lib/apk/packages/ucode-mod-digest.conffiles; for file in $(cat /workspaces/openwrt-radxa-rock5b-plus/openwrt/build_dir/target-aarch64_generic_musl/ucode-2025.07.18~3f64c808/ipkg-aarch64_generic/ucode-mod-digest/CONTROL/conffiles); do [ -f /workspaces/openwrt-radxa-rock5b-plus/openwrt/build_dir/target-aarch64_generic_musl/ucode-2025.07.18~3f64c808/ipkg-aarch64_generic/ucode-mod-digest/$file ] || continue; csum=$(/workspaces/openwrt-radxa-rock5b-plus/openwrt/staging_dir/host/bin/mkhash sha256 /workspaces/openwrt-radxa-rock5b-plus/openwrt/build_dir/target-aarch64_generic_musl/ucode-2025.07.18~3f64c808/ipkg-aarch64_generic/ucode-mod-digest/$file); echo $file $csum >> /workspaces/openwrt-radxa-rock5b-plus/openwrt/build_dir/target-aarch64_generic_musl/ucode-2025.07.18~3f64c808/ipkg-aarch64_generic/ucode-mod-digest/lib/apk/packages/ucode-mod-digest.conffiles_static; done; rm -rf /workspaces/openwrt-radxa-rock5b-plus/openwrt/build_dir/target-aarch64_generic_musl/ucode-2025.07.18~3f64c808/ipkg-aarch64_generic/ucode-mod-digest/CONTROL/conffiles; fi
if [ -z "$(ls -A /workspaces/openwrt-radxa-rock5b-plus/openwrt/build_dir/target-aarch64_generic_musl/ucode-2025.07.18~3f64c808/ipkg-aarch64_generic/ucode-mod-digest/CONTROL 2>/dev/null)" ]; then rm -rf /workspaces/openwrt-radxa-rock5b-plus/openwrt/build_dir/target-aarch64_generic_musl/ucode-2025.07.18~3f64c808/ipkg-aarch64_generic/ucode-mod-digest/CONTROL; else echo "CONTROL directory /workspaces/openwrt-radxa-rock5b-plus/openwrt/build_dir/target-aarch64_generic_musl/ucode-2025.07.18~3f64c808/ipkg-aarch64_generic/ucode-mod-digest/CONTROL is not empty! This is not right and should be checked!" >&2; exit 1; fi
/workspaces/openwrt-radxa-rock5b-plus/openwrt/staging_dir/host/bin/fakeroot /workspaces/openwrt-radxa-rock5b-plus/openwrt/staging_dir/host/bin/apk mkpkg --info "name:ucode-mod-digest" --info "version:2025.07.18~3f64c808-r1"  --info "description:The digest module allows ucode scripts to use libmd digests." --info "arch:aarch64_generic" --info "license:ISC" --info "origin:feeds/base/utils/ucode" --info "url:" --info "maintainer:Jo-Philipp Wich <jo@mein.io>" --info "provides:"  --script "post-install:/workspaces/openwrt-radxa-rock5b-plus/openwrt/build_dir/target-aarch64_generic_musl/ucode-2025.07.18~3f64c808/apk-aarch64_generic/ucode-mod-digest/post-install" --script "post-upgrade:/workspaces/openwrt-radxa-rock5b-plus/openwrt/build_dir/target-aarch64_generic_musl/ucode-2025.07.18~3f64c808/apk-aarch64_generic/ucode-mod-digest/post-upgrade" --script "pre-deinstall:/workspaces/openwrt-radxa-rock5b-plus/openwrt/build_dir/target-aarch64_generic_musl/ucode-2025.07.18~3f64c808/apk-aarch64_generic/ucode-mod-digest/pre-deinstall" --info "depends:libc ucode" --files "/workspaces/openwrt-radxa-rock5b-plus/openwrt/build_dir/target-aarch64_generic_musl/ucode-2025.07.18~3f64c808/ipkg-aarch64_generic/ucode-mod-digest" --output "/workspaces/openwrt-radxa-rock5b-plus/openwrt/bin/packages/aarch64_generic/base/ucode-mod-digest-2025.07.18~3f64c808-r1.apk" --sign "/workspaces/openwrt-radxa-rock5b-plus/openwrt/private-key.pem"
echo "libucode" >> /workspaces/openwrt-radxa-rock5b-plus/openwrt/staging_dir/target-aarch64_generic_musl/pkginfo/ucode.default.install
rm -rf /workspaces/openwrt-radxa-rock5b-plus/openwrt/tmp/stage-ucode
mkdir -p /workspaces/openwrt-radxa-rock5b-plus/openwrt/tmp/stage-ucode/host /workspaces/openwrt-radxa-rock5b-plus/openwrt/staging_dir/target-aarch64_generic_musl/packages
mkdir -p /workspaces/openwrt-radxa-rock5b-plus/openwrt/staging_dir/target-aarch64_generic_musl/root-rockchip/stamp
install -d -m0755 /workspaces/openwrt-radxa-rock5b-plus/openwrt/tmp/stage-ucode/usr/lib /workspaces/openwrt-radxa-rock5b-plus/openwrt/tmp/stage-ucode/usr/include/ucode
cp -fpR /workspaces/openwrt-radxa-rock5b-plus/openwrt/build_dir/target-aarch64_generic_musl/ucode-2025.07.18~3f64c808/ipkg-install/usr/include/ucode/*.h /workspaces/openwrt-radxa-rock5b-plus/openwrt/tmp/stage-ucode/usr/include/ucode/
SHELL= flock /workspaces/openwrt-radxa-rock5b-plus/openwrt/tmp/.root-copy.flock -c 'cp -fpR /workspaces/openwrt-radxa-rock5b-plus/openwrt/build_dir/target-aarch64_generic_musl/openssh-without-pam/openssh-10.0p1/.pkgdir/openssh-sftp-server/. /workspaces/openwrt-radxa-rock5b-plus/openwrt/staging_dir/target-aarch64_generic_musl/root-rockchip/'
touch /workspaces/openwrt-radxa-rock5b-plus/openwrt/staging_dir/target-aarch64_generic_musl/root-rockchip/stamp/.openssh-sftp-server_installed
cp -fpR /workspaces/openwrt-radxa-rock5b-plus/openwrt/build_dir/target-aarch64_generic_musl/ucode-2025.07.18~3f64c808/ipkg-install/usr/lib/libucode.so* /workspaces/openwrt-radxa-rock5b-plus/openwrt/tmp/stage-ucode/usr/lib/
find /workspaces/openwrt-radxa-rock5b-plus/openwrt/tmp/stage-ucode -name '*.la' | xargs -r rm -f; 
if [ -f /workspaces/openwrt-radxa-rock5b-plus/openwrt/staging_dir/target-aarch64_generic_musl/packages/ucode.list ]; then /workspaces/openwrt-radxa-rock5b-plus/openwrt/scripts/clean-package.sh "/workspaces/openwrt-radxa-rock5b-plus/openwrt/staging_dir/target-aarch64_generic_musl/packages/ucode.list" "/workspaces/openwrt-radxa-rock5b-plus/openwrt/staging_dir/target-aarch64_generic_musl"; fi
echo "openssh-sftp-server" >> /workspaces/openwrt-radxa-rock5b-plus/openwrt/staging_dir/target-aarch64_generic_musl/pkginfo/openssh.without-pam.install
make[3]: Leaving directory '/workspaces/openwrt-radxa-rock5b-plus/openwrt/feeds/packages/net/openssh'
time: package/feeds/packages/openssh/without-pam/compile#0.14#0.11#0.71
make[3]: Entering directory '/workspaces/openwrt-radxa-rock5b-plus/openwrt/package/utils/e2fsprogs'
if [ -d /workspaces/openwrt-radxa-rock5b-plus/openwrt/tmp/stage-ucode ]; then (cd /workspaces/openwrt-radxa-rock5b-plus/openwrt/tmp/stage-ucode; find ./ > /workspaces/openwrt-radxa-rock5b-plus/openwrt/tmp/stage-ucode.files); 	SHELL= flock /workspaces/openwrt-radxa-rock5b-plus/openwrt/tmp/.staging-dir.flock -c ' mv /workspaces/openwrt-radxa-rock5b-plus/openwrt/tmp/stage-ucode.files /workspaces/openwrt-radxa-rock5b-plus/openwrt/staging_dir/target-aarch64_generic_musl/packages/ucode.list && cp -fpR /workspaces/openwrt-radxa-rock5b-plus/openwrt/tmp/stage-ucode/* /workspaces/openwrt-radxa-rock5b-plus/openwrt/staging_dir/target-aarch64_generic_musl/; '; fi
rm -rf /workspaces/openwrt-radxa-rock5b-plus/openwrt/tmp/stage-ucode
touch /workspaces/openwrt-radxa-rock5b-plus/openwrt/staging_dir/target-aarch64_generic_musl/stamp/.ucode_installed
rm -rf /workspaces/openwrt-radxa-rock5b-plus/openwrt/build_dir/target-aarch64_generic_musl/ucode-2025.07.18~3f64c808/.pkgdir/ucode.installed /workspaces/openwrt-radxa-rock5b-plus/openwrt/build_dir/target-aarch64_generic_musl/ucode-2025.07.18~3f64c808/.pkgdir/ucode
mkdir -p /workspaces/openwrt-radxa-rock5b-plus/openwrt/build_dir/target-aarch64_generic_musl/ucode-2025.07.18~3f64c808/.pkgdir/ucode
install -d -m0755 /workspaces/openwrt-radxa-rock5b-plus/openwrt/build_dir/target-aarch64_generic_musl/ucode-2025.07.18~3f64c808/.pkgdir/ucode/usr/bin
cp -fpR /workspaces/openwrt-radxa-rock5b-plus/openwrt/build_dir/target-aarch64_generic_musl/ucode-2025.07.18~3f64c808/ipkg-install/usr/bin/u* /workspaces/openwrt-radxa-rock5b-plus/openwrt/build_dir/target-aarch64_generic_musl/ucode-2025.07.18~3f64c808/.pkgdir/ucode/usr/bin/
touch /workspaces/openwrt-radxa-rock5b-plus/openwrt/build_dir/target-aarch64_generic_musl/ucode-2025.07.18~3f64c808/.pkgdir/ucode.installed
rm -rf /workspaces/openwrt-radxa-rock5b-plus/openwrt/build_dir/target-aarch64_generic_musl/ucode-2025.07.18~3f64c808/.pkgdir/ucode-mod-fs.installed /workspaces/openwrt-radxa-rock5b-plus/openwrt/build_dir/target-aarch64_generic_musl/ucode-2025.07.18~3f64c808/.pkgdir/ucode-mod-fs
mkdir -p /workspaces/openwrt-radxa-rock5b-plus/openwrt/build_dir/target-aarch64_generic_musl/ucode-2025.07.18~3f64c808/.pkgdir/ucode-mod-fs
install -d -m0755 /workspaces/openwrt-radxa-rock5b-plus/openwrt/build_dir/target-aarch64_generic_musl/ucode-2025.07.18~3f64c808/.pkgdir/ucode-mod-fs/usr/lib/ucode
install -m0755 /workspaces/openwrt-radxa-rock5b-plus/openwrt/build_dir/target-aarch64_generic_musl/ucode-2025.07.18~3f64c808/ipkg-install/usr/lib/ucode/fs.so /workspaces/openwrt-radxa-rock5b-plus/openwrt/build_dir/target-aarch64_generic_musl/ucode-2025.07.18~3f64c808/.pkgdir/ucode-mod-fs/usr/lib/ucode/
touch /workspaces/openwrt-radxa-rock5b-plus/openwrt/build_dir/target-aarch64_generic_musl/ucode-2025.07.18~3f64c808/.pkgdir/ucode-mod-fs.installed
rm -rf /workspaces/openwrt-radxa-rock5b-plus/openwrt/build_dir/target-aarch64_generic_musl/ucode-2025.07.18~3f64c808/.pkgdir/ucode-mod-log.installed /workspaces/openwrt-radxa-rock5b-plus/openwrt/build_dir/target-aarch64_generic_musl/ucode-2025.07.18~3f64c808/.pkgdir/ucode-mod-log
mkdir -p /workspaces/openwrt-radxa-rock5b-plus/openwrt/build_dir/target-aarch64_generic_musl/ucode-2025.07.18~3f64c808/.pkgdir/ucode-mod-log
install -d -m0755 /workspaces/openwrt-radxa-rock5b-plus/openwrt/build_dir/target-aarch64_generic_musl/ucode-2025.07.18~3f64c808/.pkgdir/ucode-mod-log/usr/lib/ucode
install -m0755 /workspaces/openwrt-radxa-rock5b-plus/openwrt/build_dir/target-aarch64_generic_musl/ucode-2025.07.18~3f64c808/ipkg-install/usr/lib/ucode/log.so /workspaces/openwrt-radxa-rock5b-plus/openwrt/build_dir/target-aarch64_generic_musl/ucode-2025.07.18~3f64c808/.pkgdir/ucode-mod-log/usr/lib/ucode/
touch /workspaces/openwrt-radxa-rock5b-plus/openwrt/build_dir/target-aarch64_generic_musl/ucode-2025.07.18~3f64c808/.pkgdir/ucode-mod-log.installed
rm -rf /workspaces/openwrt-radxa-rock5b-plus/openwrt/build_dir/target-aarch64_generic_musl/ucode-2025.07.18~3f64c808/.pkgdir/ucode-mod-math.installed /workspaces/openwrt-radxa-rock5b-plus/openwrt/build_dir/target-aarch64_generic_musl/ucode-2025.07.18~3f64c808/.pkgdir/ucode-mod-math
mkdir -p /workspaces/openwrt-radxa-rock5b-plus/openwrt/build_dir/target-aarch64_generic_musl/ucode-2025.07.18~3f64c808/.pkgdir/ucode-mod-math
install -d -m0755 /workspaces/openwrt-radxa-rock5b-plus/openwrt/build_dir/target-aarch64_generic_musl/ucode-2025.07.18~3f64c808/.pkgdir/ucode-mod-math/usr/lib/ucode
install -m0755 /workspaces/openwrt-radxa-rock5b-plus/openwrt/build_dir/target-aarch64_generic_musl/ucode-2025.07.18~3f64c808/ipkg-install/usr/lib/ucode/math.so /workspaces/openwrt-radxa-rock5b-plus/openwrt/build_dir/target-aarch64_generic_musl/ucode-2025.07.18~3f64c808/.pkgdir/ucode-mod-math/usr/lib/ucode/
touch /workspaces/openwrt-radxa-rock5b-plus/openwrt/build_dir/target-aarch64_generic_musl/ucode-2025.07.18~3f64c808/.pkgdir/ucode-mod-math.installed
rm -rf /workspaces/openwrt-radxa-rock5b-plus/openwrt/build_dir/target-aarch64_generic_musl/ucode-2025.07.18~3f64c808/.pkgdir/ucode-mod-nl80211.installed /workspaces/openwrt-radxa-rock5b-plus/openwrt/build_dir/target-aarch64_generic_musl/ucode-2025.07.18~3f64c808/.pkgdir/ucode-mod-nl80211
mkdir -p /workspaces/openwrt-radxa-rock5b-plus/openwrt/build_dir/target-aarch64_generic_musl/ucode-2025.07.18~3f64c808/.pkgdir/ucode-mod-nl80211
install -d -m0755 /workspaces/openwrt-radxa-rock5b-plus/openwrt/build_dir/target-aarch64_generic_musl/ucode-2025.07.18~3f64c808/.pkgdir/ucode-mod-nl80211/usr/lib/ucode
install -m0755 /workspaces/openwrt-radxa-rock5b-plus/openwrt/build_dir/target-aarch64_generic_musl/ucode-2025.07.18~3f64c808/ipkg-install/usr/lib/ucode/nl80211.so /workspaces/openwrt-radxa-rock5b-plus/openwrt/build_dir/target-aarch64_generic_musl/ucode-2025.07.18~3f64c808/.pkgdir/ucode-mod-nl80211/usr/lib/ucode/
touch /workspaces/openwrt-radxa-rock5b-plus/openwrt/build_dir/target-aarch64_generic_musl/ucode-2025.07.18~3f64c808/.pkgdir/ucode-mod-nl80211.installed
rm -rf /workspaces/openwrt-radxa-rock5b-plus/openwrt/build_dir/target-aarch64_generic_musl/ucode-2025.07.18~3f64c808/.pkgdir/ucode-mod-rtnl.installed /workspaces/openwrt-radxa-rock5b-plus/openwrt/build_dir/target-aarch64_generic_musl/ucode-2025.07.18~3f64c808/.pkgdir/ucode-mod-rtnl
mkdir -p /workspaces/openwrt-radxa-rock5b-plus/openwrt/build_dir/target-aarch64_generic_musl/ucode-2025.07.18~3f64c808/.pkgdir/ucode-mod-rtnl
install -d -m0755 /workspaces/openwrt-radxa-rock5b-plus/openwrt/build_dir/target-aarch64_generic_musl/ucode-2025.07.18~3f64c808/.pkgdir/ucode-mod-rtnl/usr/lib/ucode
install -m0755 /workspaces/openwrt-radxa-rock5b-plus/openwrt/build_dir/target-aarch64_generic_musl/ucode-2025.07.18~3f64c808/ipkg-install/usr/lib/ucode/rtnl.so /workspaces/openwrt-radxa-rock5b-plus/openwrt/build_dir/target-aarch64_generic_musl/ucode-2025.07.18~3f64c808/.pkgdir/ucode-mod-rtnl/usr/lib/ucode/
touch /workspaces/openwrt-radxa-rock5b-plus/openwrt/build_dir/target-aarch64_generic_musl/ucode-2025.07.18~3f64c808/.pkgdir/ucode-mod-rtnl.installed
rm -rf /workspaces/openwrt-radxa-rock5b-plus/openwrt/build_dir/target-aarch64_generic_musl/ucode-2025.07.18~3f64c808/.pkgdir/ucode-mod-ubus.installed /workspaces/openwrt-radxa-rock5b-plus/openwrt/build_dir/target-aarch64_generic_musl/ucode-2025.07.18~3f64c808/.pkgdir/ucode-mod-ubus
mkdir -p /workspaces/openwrt-radxa-rock5b-plus/openwrt/build_dir/target-aarch64_generic_musl/ucode-2025.07.18~3f64c808/.pkgdir/ucode-mod-ubus
install -d -m0755 /workspaces/openwrt-radxa-rock5b-plus/openwrt/build_dir/target-aarch64_generic_musl/ucode-2025.07.18~3f64c808/.pkgdir/ucode-mod-ubus/usr/lib/ucode
install -m0755 /workspaces/openwrt-radxa-rock5b-plus/openwrt/build_dir/target-aarch64_generic_musl/ucode-2025.07.18~3f64c808/ipkg-install/usr/lib/ucode/ubus.so /workspaces/openwrt-radxa-rock5b-plus/openwrt/build_dir/target-aarch64_generic_musl/ucode-2025.07.18~3f64c808/.pkgdir/ucode-mod-ubus/usr/lib/ucode/
touch /workspaces/openwrt-radxa-rock5b-plus/openwrt/build_dir/target-aarch64_generic_musl/ucode-2025.07.18~3f64c808/.pkgdir/ucode-mod-ubus.installed
rm -rf /workspaces/openwrt-radxa-rock5b-plus/openwrt/build_dir/target-aarch64_generic_musl/ucode-2025.07.18~3f64c808/.pkgdir/ucode-mod-uci.installed /workspaces/openwrt-radxa-rock5b-plus/openwrt/build_dir/target-aarch64_generic_musl/ucode-2025.07.18~3f64c808/.pkgdir/ucode-mod-uci
mkdir -p /workspaces/openwrt-radxa-rock5b-plus/openwrt/build_dir/target-aarch64_generic_musl/ucode-2025.07.18~3f64c808/.pkgdir/ucode-mod-uci
install -d -m0755 /workspaces/openwrt-radxa-rock5b-plus/openwrt/build_dir/target-aarch64_generic_musl/ucode-2025.07.18~3f64c808/.pkgdir/ucode-mod-uci/usr/lib/ucode
install -m0755 /workspaces/openwrt-radxa-rock5b-plus/openwrt/build_dir/target-aarch64_generic_musl/ucode-2025.07.18~3f64c808/ipkg-install/usr/lib/ucode/uci.so /workspaces/openwrt-radxa-rock5b-plus/openwrt/build_dir/target-aarch64_generic_musl/ucode-2025.07.18~3f64c808/.pkgdir/ucode-mod-uci/usr/lib/ucode/
touch /workspaces/openwrt-radxa-rock5b-plus/openwrt/build_dir/target-aarch64_generic_musl/ucode-2025.07.18~3f64c808/.pkgdir/ucode-mod-uci.installed
rm -rf /workspaces/openwrt-radxa-rock5b-plus/openwrt/build_dir/target-aarch64_generic_musl/ucode-2025.07.18~3f64c808/.pkgdir/ucode-mod-uloop.installed /workspaces/openwrt-radxa-rock5b-plus/openwrt/build_dir/target-aarch64_generic_musl/ucode-2025.07.18~3f64c808/.pkgdir/ucode-mod-uloop
mkdir -p /workspaces/openwrt-radxa-rock5b-plus/openwrt/build_dir/target-aarch64_generic_musl/ucode-2025.07.18~3f64c808/.pkgdir/ucode-mod-uloop
install -d -m0755 /workspaces/openwrt-radxa-rock5b-plus/openwrt/build_dir/target-aarch64_generic_musl/ucode-2025.07.18~3f64c808/.pkgdir/ucode-mod-uloop/usr/lib/ucode
install -m0755 /workspaces/openwrt-radxa-rock5b-plus/openwrt/build_dir/target-aarch64_generic_musl/ucode-2025.07.18~3f64c808/ipkg-install/usr/lib/ucode/uloop.so /workspaces/openwrt-radxa-rock5b-plus/openwrt/build_dir/target-aarch64_generic_musl/ucode-2025.07.18~3f64c808/.pkgdir/ucode-mod-uloop/usr/lib/ucode/
touch /workspaces/openwrt-radxa-rock5b-plus/openwrt/build_dir/target-aarch64_generic_musl/ucode-2025.07.18~3f64c808/.pkgdir/ucode-mod-uloop.installed
rm -rf /workspaces/openwrt-radxa-rock5b-plus/openwrt/build_dir/target-aarch64_generic_musl/ucode-2025.07.18~3f64c808/.pkgdir/ucode-mod-digest.installed /workspaces/openwrt-radxa-rock5b-plus/openwrt/build_dir/target-aarch64_generic_musl/ucode-2025.07.18~3f64c808/.pkgdir/ucode-mod-digest
mkdir -p /workspaces/openwrt-radxa-rock5b-plus/openwrt/build_dir/target-aarch64_generic_musl/ucode-2025.07.18~3f64c808/.pkgdir/ucode-mod-digest
install -d -m0755 /workspaces/openwrt-radxa-rock5b-plus/openwrt/build_dir/target-aarch64_generic_musl/ucode-2025.07.18~3f64c808/.pkgdir/ucode-mod-digest/usr/lib/ucode
install -m0755 /workspaces/openwrt-radxa-rock5b-plus/openwrt/build_dir/target-aarch64_generic_musl/ucode-2025.07.18~3f64c808/ipkg-install/usr/lib/ucode/digest.so /workspaces/openwrt-radxa-rock5b-plus/openwrt/build_dir/target-aarch64_generic_musl/ucode-2025.07.18~3f64c808/.pkgdir/ucode-mod-digest/usr/lib/ucode/
touch /workspaces/openwrt-radxa-rock5b-plus/openwrt/build_dir/target-aarch64_generic_musl/ucode-2025.07.18~3f64c808/.pkgdir/ucode-mod-digest.installed
mkdir -p /workspaces/openwrt-radxa-rock5b-plus/openwrt/staging_dir/target-aarch64_generic_musl/root-rockchip/stamp
SHELL= flock /workspaces/openwrt-radxa-rock5b-plus/openwrt/tmp/.root-copy.flock -c 'cp -fpR /workspaces/openwrt-radxa-rock5b-plus/openwrt/build_dir/target-aarch64_generic_musl/ucode-2025.07.18~3f64c808/.pkgdir/ucode/. /workspaces/openwrt-radxa-rock5b-plus/openwrt/staging_dir/target-aarch64_generic_musl/root-rockchip/'
touch /workspaces/openwrt-radxa-rock5b-plus/openwrt/staging_dir/target-aarch64_generic_musl/root-rockchip/stamp/.ucode_installed
echo "ucode" >> /workspaces/openwrt-radxa-rock5b-plus/openwrt/staging_dir/target-aarch64_generic_musl/pkginfo/ucode.default.install
mkdir -p /workspaces/openwrt-radxa-rock5b-plus/openwrt/staging_dir/target-aarch64_generic_musl/root-rockchip/stamp
SHELL= flock /workspaces/openwrt-radxa-rock5b-plus/openwrt/tmp/.root-copy.flock -c 'cp -fpR /workspaces/openwrt-radxa-rock5b-plus/openwrt/build_dir/target-aarch64_generic_musl/ucode-2025.07.18~3f64c808/.pkgdir/ucode-mod-fs/. /workspaces/openwrt-radxa-rock5b-plus/openwrt/staging_dir/target-aarch64_generic_musl/root-rockchip/'
touch /workspaces/openwrt-radxa-rock5b-plus/openwrt/staging_dir/target-aarch64_generic_musl/root-rockchip/stamp/.ucode-mod-fs_installed
echo "ucode-mod-fs" >> /workspaces/openwrt-radxa-rock5b-plus/openwrt/staging_dir/target-aarch64_generic_musl/pkginfo/ucode.default.install
mkdir -p /workspaces/openwrt-radxa-rock5b-plus/openwrt/staging_dir/target-aarch64_generic_musl/root-rockchip/stamp
SHELL= flock /workspaces/openwrt-radxa-rock5b-plus/openwrt/tmp/.root-copy.flock -c 'cp -fpR /workspaces/openwrt-radxa-rock5b-plus/openwrt/build_dir/target-aarch64_generic_musl/ucode-2025.07.18~3f64c808/.pkgdir/ucode-mod-log/. /workspaces/openwrt-radxa-rock5b-plus/openwrt/staging_dir/target-aarch64_generic_musl/root-rockchip/'
touch /workspaces/openwrt-radxa-rock5b-plus/openwrt/staging_dir/target-aarch64_generic_musl/root-rockchip/stamp/.ucode-mod-log_installed
echo "ucode-mod-log" >> /workspaces/openwrt-radxa-rock5b-plus/openwrt/staging_dir/target-aarch64_generic_musl/pkginfo/ucode.default.install
mkdir -p /workspaces/openwrt-radxa-rock5b-plus/openwrt/staging_dir/target-aarch64_generic_musl/root-rockchip/stamp
SHELL= flock /workspaces/openwrt-radxa-rock5b-plus/openwrt/tmp/.root-copy.flock -c 'cp -fpR /workspaces/openwrt-radxa-rock5b-plus/openwrt/build_dir/target-aarch64_generic_musl/ucode-2025.07.18~3f64c808/.pkgdir/ucode-mod-math/. /workspaces/openwrt-radxa-rock5b-plus/openwrt/staging_dir/target-aarch64_generic_musl/root-rockchip/'
touch /workspaces/openwrt-radxa-rock5b-plus/openwrt/staging_dir/target-aarch64_generic_musl/root-rockchip/stamp/.ucode-mod-math_installed
echo "ucode-mod-math" >> /workspaces/openwrt-radxa-rock5b-plus/openwrt/staging_dir/target-aarch64_generic_musl/pkginfo/ucode.default.install
mkdir -p /workspaces/openwrt-radxa-rock5b-plus/openwrt/staging_dir/target-aarch64_generic_musl/root-rockchip/stamp
SHELL= flock /workspaces/openwrt-radxa-rock5b-plus/openwrt/tmp/.root-copy.flock -c 'cp -fpR /workspaces/openwrt-radxa-rock5b-plus/openwrt/build_dir/target-aarch64_generic_musl/ucode-2025.07.18~3f64c808/.pkgdir/ucode-mod-nl80211/. /workspaces/openwrt-radxa-rock5b-plus/openwrt/staging_dir/target-aarch64_generic_musl/root-rockchip/'
touch /workspaces/openwrt-radxa-rock5b-plus/openwrt/staging_dir/target-aarch64_generic_musl/root-rockchip/stamp/.ucode-mod-nl80211_installed
echo "ucode-mod-nl80211" >> /workspaces/openwrt-radxa-rock5b-plus/openwrt/staging_dir/target-aarch64_generic_musl/pkginfo/ucode.default.install
mkdir -p /workspaces/openwrt-radxa-rock5b-plus/openwrt/staging_dir/target-aarch64_generic_musl/root-rockchip/stamp
SHELL= flock /workspaces/openwrt-radxa-rock5b-plus/openwrt/tmp/.root-copy.flock -c 'cp -fpR /workspaces/openwrt-radxa-rock5b-plus/openwrt/build_dir/target-aarch64_generic_musl/ucode-2025.07.18~3f64c808/.pkgdir/ucode-mod-rtnl/. /workspaces/openwrt-radxa-rock5b-plus/openwrt/staging_dir/target-aarch64_generic_musl/root-rockchip/'
touch /workspaces/openwrt-radxa-rock5b-plus/openwrt/staging_dir/target-aarch64_generic_musl/root-rockchip/stamp/.ucode-mod-rtnl_installed
echo "ucode-mod-rtnl" >> /workspaces/openwrt-radxa-rock5b-plus/openwrt/staging_dir/target-aarch64_generic_musl/pkginfo/ucode.default.install
mkdir -p /workspaces/openwrt-radxa-rock5b-plus/openwrt/staging_dir/target-aarch64_generic_musl/root-rockchip/stamp
SHELL= flock /workspaces/openwrt-radxa-rock5b-plus/openwrt/tmp/.root-copy.flock -c 'cp -fpR /workspaces/openwrt-radxa-rock5b-plus/openwrt/build_dir/target-aarch64_generic_musl/ucode-2025.07.18~3f64c808/.pkgdir/ucode-mod-ubus/. /workspaces/openwrt-radxa-rock5b-plus/openwrt/staging_dir/target-aarch64_generic_musl/root-rockchip/'
touch /workspaces/openwrt-radxa-rock5b-plus/openwrt/staging_dir/target-aarch64_generic_musl/root-rockchip/stamp/.ucode-mod-ubus_installed
echo "ucode-mod-ubus" >> /workspaces/openwrt-radxa-rock5b-plus/openwrt/staging_dir/target-aarch64_generic_musl/pkginfo/ucode.default.install
mkdir -p /workspaces/openwrt-radxa-rock5b-plus/openwrt/staging_dir/target-aarch64_generic_musl/root-rockchip/stamp
SHELL= flock /workspaces/openwrt-radxa-rock5b-plus/openwrt/tmp/.root-copy.flock -c 'cp -fpR /workspaces/openwrt-radxa-rock5b-plus/openwrt/build_dir/target-aarch64_generic_musl/ucode-2025.07.18~3f64c808/.pkgdir/ucode-mod-uci/. /workspaces/openwrt-radxa-rock5b-plus/openwrt/staging_dir/target-aarch64_generic_musl/root-rockchip/'
touch /workspaces/openwrt-radxa-rock5b-plus/openwrt/staging_dir/target-aarch64_generic_musl/root-rockchip/stamp/.ucode-mod-uci_installed
echo "ucode-mod-uci" >> /workspaces/openwrt-radxa-rock5b-plus/openwrt/staging_dir/target-aarch64_generic_musl/pkginfo/ucode.default.install
mkdir -p /workspaces/openwrt-radxa-rock5b-plus/openwrt/staging_dir/target-aarch64_generic_musl/root-rockchip/stamp
SHELL= flock /workspaces/openwrt-radxa-rock5b-plus/openwrt/tmp/.root-copy.flock -c 'cp -fpR /workspaces/openwrt-radxa-rock5b-plus/openwrt/build_dir/target-aarch64_generic_musl/ucode-2025.07.18~3f64c808/.pkgdir/ucode-mod-uloop/. /workspaces/openwrt-radxa-rock5b-plus/openwrt/staging_dir/target-aarch64_generic_musl/root-rockchip/'
touch /workspaces/openwrt-radxa-rock5b-plus/openwrt/staging_dir/target-aarch64_generic_musl/root-rockchip/stamp/.ucode-mod-uloop_installed
echo "ucode-mod-uloop" >> /workspaces/openwrt-radxa-rock5b-plus/openwrt/staging_dir/target-aarch64_generic_musl/pkginfo/ucode.default.install
mkdir -p /workspaces/openwrt-radxa-rock5b-plus/openwrt/staging_dir/target-aarch64_generic_musl/root-rockchip/stamp
SHELL= flock /workspaces/openwrt-radxa-rock5b-plus/openwrt/tmp/.root-copy.flock -c 'cp -fpR /workspaces/openwrt-radxa-rock5b-plus/openwrt/build_dir/target-aarch64_generic_musl/ucode-2025.07.18~3f64c808/.pkgdir/ucode-mod-digest/. /workspaces/openwrt-radxa-rock5b-plus/openwrt/staging_dir/target-aarch64_generic_musl/root-rockchip/'
touch /workspaces/openwrt-radxa-rock5b-plus/openwrt/staging_dir/target-aarch64_generic_musl/root-rockchip/stamp/.ucode-mod-digest_installed
echo "ucode-mod-digest" >> /workspaces/openwrt-radxa-rock5b-plus/openwrt/staging_dir/target-aarch64_generic_musl/pkginfo/ucode.default.install
make[3]: Leaving directory '/workspaces/openwrt-radxa-rock5b-plus/openwrt/package/utils/ucode'
time: package/utils/ucode/compile#1.08#1.24#4.73
make[3]: Entering directory '/workspaces/openwrt-radxa-rock5b-plus/openwrt/package/utils/f2fs-tools'
mkdir -p /workspaces/openwrt-radxa-rock5b-plus/openwrt/staging_dir/target-aarch64_generic_musl/root-rockchip/stamp
echo '6' | cmp -s - /workspaces/openwrt-radxa-rock5b-plus/openwrt/staging_dir/target-aarch64_generic_musl/pkginfo/libf2fs.version || { echo '6' > /workspaces/openwrt-radxa-rock5b-plus/openwrt/staging_dir/target-aarch64_generic_musl/pkginfo/libf2fs.version;  } 
SHELL= flock /workspaces/openwrt-radxa-rock5b-plus/openwrt/tmp/.root-copy.flock -c 'cp -fpR /workspaces/openwrt-radxa-rock5b-plus/openwrt/build_dir/target-aarch64_generic_musl/f2fs-tools-default/f2fs-tools-1.16.0/.pkgdir/libf2fs/. /workspaces/openwrt-radxa-rock5b-plus/openwrt/staging_dir/target-aarch64_generic_musl/root-rockchip/'
touch /workspaces/openwrt-radxa-rock5b-plus/openwrt/staging_dir/target-aarch64_generic_musl/root-rockchip/stamp/.libf2fs_installed
echo "libf2fs" >> /workspaces/openwrt-radxa-rock5b-plus/openwrt/staging_dir/target-aarch64_generic_musl/pkginfo/f2fs-tools.default.install
mkdir -p /workspaces/openwrt-radxa-rock5b-plus/openwrt/staging_dir/target-aarch64_generic_musl/root-rockchip/stamp
SHELL= flock /workspaces/openwrt-radxa-rock5b-plus/openwrt/tmp/.root-copy.flock -c 'cp -fpR /workspaces/openwrt-radxa-rock5b-plus/openwrt/build_dir/target-aarch64_generic_musl/f2fs-tools-default/f2fs-tools-1.16.0/.pkgdir/mkf2fs/. /workspaces/openwrt-radxa-rock5b-plus/openwrt/staging_dir/target-aarch64_generic_musl/root-rockchip/'
touch /workspaces/openwrt-radxa-rock5b-plus/openwrt/staging_dir/target-aarch64_generic_musl/root-rockchip/stamp/.mkf2fs_installed
echo "mkf2fs" >> /workspaces/openwrt-radxa-rock5b-plus/openwrt/staging_dir/target-aarch64_generic_musl/pkginfo/f2fs-tools.default.install
make[3]: Leaving directory '/workspaces/openwrt-radxa-rock5b-plus/openwrt/package/utils/f2fs-tools'
time: package/utils/f2fs-tools/default/compile#0.15#0.11#0.57
rm -f /workspaces/openwrt-radxa-rock5b-plus/openwrt/build_dir/target-aarch64_generic_musl/e2fsprogs-1.47.2/.built
touch /workspaces/openwrt-radxa-rock5b-plus/openwrt/build_dir/target-aarch64_generic_musl/e2fsprogs-1.47.2/.built_check
make --jobserver-auth=3,4  -C /workspaces/openwrt-radxa-rock5b-plus/openwrt/build_dir/target-aarch64_generic_musl/e2fsprogs-1.47.2/util BUILDCC="/workspaces/openwrt-radxa-rock5b-plus/openwrt/staging_dir/host/bin/gcc" CFLAGS="" CPPFLAGS="" LDFLAGS="" V= subst
make[3]: Entering directory '/workspaces/openwrt-radxa-rock5b-plus/openwrt/package/utils/f2fs-tools'
make[4]: Entering directory '/workspaces/openwrt-radxa-rock5b-plus/openwrt/build_dir/target-aarch64_generic_musl/e2fsprogs-1.47.2/util'
make[4]: 'subst' is up to date.
make[4]: Leaving directory '/workspaces/openwrt-radxa-rock5b-plus/openwrt/build_dir/target-aarch64_generic_musl/e2fsprogs-1.47.2/util'
make --jobserver-auth=3,4  -C /workspaces/openwrt-radxa-rock5b-plus/openwrt/build_dir/target-aarch64_generic_musl/e2fsprogs-1.47.2 BUILDCC="/workspaces/openwrt-radxa-rock5b-plus/openwrt/staging_dir/host/bin/gcc" DESTDIR="/workspaces/openwrt-radxa-rock5b-plus/openwrt/build_dir/target-aarch64_generic_musl/e2fsprogs-1.47.2/ipkg-install" ELF_OTHER_LIBS="-L/workspaces/openwrt-radxa-rock5b-plus/openwrt/staging_dir/toolchain-aarch64_generic_gcc-14.3.0_musl/usr/lib -L/workspaces/openwrt-radxa-rock5b-plus/openwrt/staging_dir/toolchain-aarch64_generic_gcc-14.3.0_musl/lib -fuse-ld=bfd -Wl,--gc-sections -flto=auto -fuse-linker-plugin -znow -zrelro -luuid" SYSLIBS="-L/workspaces/openwrt-radxa-rock5b-plus/openwrt/staging_dir/toolchain-aarch64_generic_gcc-14.3.0_musl/usr/lib -L/workspaces/openwrt-radxa-rock5b-plus/openwrt/staging_dir/toolchain-aarch64_generic_gcc-14.3.0_musl/lib -fuse-ld=bfd -Wl,--gc-sections -flto=auto -fuse-linker-plugin -znow -zrelro -ldl -L/workspaces/openwrt-radxa-rock5b-plus/openwrt/build_dir/target-aarch64_generic_musl/e2fsprogs-1.47.2/lib/ -l:libcom_err.so.0.0" V= all
make[4]: Entering directory '/workspaces/openwrt-radxa-rock5b-plus/openwrt/build_dir/target-aarch64_generic_musl/e2fsprogs-1.47.2'
make[5]: Entering directory '/workspaces/openwrt-radxa-rock5b-plus/openwrt/build_dir/target-aarch64_generic_musl/e2fsprogs-1.47.2'
make[5]: 'util/subst.conf' is up to date.
make[5]: Leaving directory '/workspaces/openwrt-radxa-rock5b-plus/openwrt/build_dir/target-aarch64_generic_musl/e2fsprogs-1.47.2'
make[5]: Entering directory '/workspaces/openwrt-radxa-rock5b-plus/openwrt/build_dir/target-aarch64_generic_musl/e2fsprogs-1.47.2'
make[5]: 'lib/config.h' is up to date.
make[5]: Leaving directory '/workspaces/openwrt-radxa-rock5b-plus/openwrt/build_dir/target-aarch64_generic_musl/e2fsprogs-1.47.2'
make[5]: Entering directory '/workspaces/openwrt-radxa-rock5b-plus/openwrt/build_dir/target-aarch64_generic_musl/e2fsprogs-1.47.2'
make[5]: 'lib/dirpaths.h' is up to date.
make[5]: Leaving directory '/workspaces/openwrt-radxa-rock5b-plus/openwrt/build_dir/target-aarch64_generic_musl/e2fsprogs-1.47.2'
make[5]: Entering directory '/workspaces/openwrt-radxa-rock5b-plus/openwrt/build_dir/target-aarch64_generic_musl/e2fsprogs-1.47.2'
make[5]: 'lib/ext2fs/ext2_types.h' is up to date.
make[5]: Leaving directory '/workspaces/openwrt-radxa-rock5b-plus/openwrt/build_dir/target-aarch64_generic_musl/e2fsprogs-1.47.2'
make[5]: Entering directory '/workspaces/openwrt-radxa-rock5b-plus/openwrt/build_dir/target-aarch64_generic_musl/e2fsprogs-1.47.2'
make[5]: 'lib/blkid/blkid_types.h' is up to date.
make[5]: Leaving directory '/workspaces/openwrt-radxa-rock5b-plus/openwrt/build_dir/target-aarch64_generic_musl/e2fsprogs-1.47.2'
make[5]: Entering directory '/workspaces/openwrt-radxa-rock5b-plus/openwrt/build_dir/target-aarch64_generic_musl/e2fsprogs-1.47.2'
make[5]: 'lib/uuid/uuid_types.h' is up to date.
make[5]: Leaving directory '/workspaces/openwrt-radxa-rock5b-plus/openwrt/build_dir/target-aarch64_generic_musl/e2fsprogs-1.47.2'
make[5]: Entering directory '/workspaces/openwrt-radxa-rock5b-plus/openwrt/build_dir/target-aarch64_generic_musl/e2fsprogs-1.47.2/lib/et'
make[5]: 'compile_et' is up to date.
make[5]: Leaving directory '/workspaces/openwrt-radxa-rock5b-plus/openwrt/build_dir/target-aarch64_generic_musl/e2fsprogs-1.47.2/lib/et'
make[5]: Entering directory '/workspaces/openwrt-radxa-rock5b-plus/openwrt/build_dir/target-aarch64_generic_musl/e2fsprogs-1.47.2/lib/ext2fs'
make[5]: 'ext2_err.h' is up to date.
make[5]: Leaving directory '/workspaces/openwrt-radxa-rock5b-plus/openwrt/build_dir/target-aarch64_generic_musl/e2fsprogs-1.47.2/lib/ext2fs'
make[5]: Entering directory '/workspaces/openwrt-radxa-rock5b-plus/openwrt/build_dir/target-aarch64_generic_musl/e2fsprogs-1.47.2/lib/support'
make[5]: 'prof_err.h' is up to date.
make[5]: Leaving directory '/workspaces/openwrt-radxa-rock5b-plus/openwrt/build_dir/target-aarch64_generic_musl/e2fsprogs-1.47.2/lib/support'
make libs
make[5]: Entering directory '/workspaces/openwrt-radxa-rock5b-plus/openwrt/build_dir/target-aarch64_generic_musl/e2fsprogs-1.47.2'
echo "libf2fs" >> /workspaces/openwrt-radxa-rock5b-plus/openwrt/staging_dir/target-aarch64_generic_musl/pkginfo/f2fs-tools.default.install
echo "mkf2fs" >> /workspaces/openwrt-radxa-rock5b-plus/openwrt/staging_dir/target-aarch64_generic_musl/pkginfo/f2fs-tools.default.install
make[6]: Entering directory '/workspaces/openwrt-radxa-rock5b-plus/openwrt/build_dir/target-aarch64_generic_musl/e2fsprogs-1.47.2'
make[6]: 'util/subst.conf' is up to date.
make[6]: Leaving directory '/workspaces/openwrt-radxa-rock5b-plus/openwrt/build_dir/target-aarch64_generic_musl/e2fsprogs-1.47.2'
make[3]: Leaving directory '/workspaces/openwrt-radxa-rock5b-plus/openwrt/package/utils/f2fs-tools'
time: package/utils/f2fs-tools/default/compile#0.15#0.09#0.40
make[6]: Entering directory '/workspaces/openwrt-radxa-rock5b-plus/openwrt/build_dir/target-aarch64_generic_musl/e2fsprogs-1.47.2'
make[6]: 'lib/config.h' is up to date.
make[6]: Leaving directory '/workspaces/openwrt-radxa-rock5b-plus/openwrt/build_dir/target-aarch64_generic_musl/e2fsprogs-1.47.2'
make[6]: Entering directory '/workspaces/openwrt-radxa-rock5b-plus/openwrt/build_dir/target-aarch64_generic_musl/e2fsprogs-1.47.2'
make[6]: 'lib/dirpaths.h' is up to date.
make[6]: Leaving directory '/workspaces/openwrt-radxa-rock5b-plus/openwrt/build_dir/target-aarch64_generic_musl/e2fsprogs-1.47.2'
make[6]: Entering directory '/workspaces/openwrt-radxa-rock5b-plus/openwrt/build_dir/target-aarch64_generic_musl/e2fsprogs-1.47.2'
make[6]: 'lib/ext2fs/ext2_types.h' is up to date.
make[6]: Leaving directory '/workspaces/openwrt-radxa-rock5b-plus/openwrt/build_dir/target-aarch64_generic_musl/e2fsprogs-1.47.2'
make[6]: Entering directory '/workspaces/openwrt-radxa-rock5b-plus/openwrt/build_dir/target-aarch64_generic_musl/e2fsprogs-1.47.2'
make[6]: 'lib/blkid/blkid_types.h' is up to date.
make[6]: Leaving directory '/workspaces/openwrt-radxa-rock5b-plus/openwrt/build_dir/target-aarch64_generic_musl/e2fsprogs-1.47.2'
make[6]: Entering directory '/workspaces/openwrt-radxa-rock5b-plus/openwrt/build_dir/target-aarch64_generic_musl/e2fsprogs-1.47.2'
make[6]: 'lib/uuid/uuid_types.h' is up to date.
make[6]: Leaving directory '/workspaces/openwrt-radxa-rock5b-plus/openwrt/build_dir/target-aarch64_generic_musl/e2fsprogs-1.47.2'
make[6]: Entering directory '/workspaces/openwrt-radxa-rock5b-plus/openwrt/build_dir/target-aarch64_generic_musl/e2fsprogs-1.47.2/lib/et'
make[6]: 'compile_et' is up to date.
make[6]: Leaving directory '/workspaces/openwrt-radxa-rock5b-plus/openwrt/build_dir/target-aarch64_generic_musl/e2fsprogs-1.47.2/lib/et'
make[3]: Entering directory '/workspaces/openwrt-radxa-rock5b-plus/openwrt/package/libs/udebug'
make[6]: Entering directory '/workspaces/openwrt-radxa-rock5b-plus/openwrt/build_dir/target-aarch64_generic_musl/e2fsprogs-1.47.2/lib/ext2fs'
make[6]: 'ext2_err.h' is up to date.
make[6]: Leaving directory '/workspaces/openwrt-radxa-rock5b-plus/openwrt/build_dir/target-aarch64_generic_musl/e2fsprogs-1.47.2/lib/ext2fs'
make[6]: Entering directory '/workspaces/openwrt-radxa-rock5b-plus/openwrt/build_dir/target-aarch64_generic_musl/e2fsprogs-1.47.2/lib/support'
make[6]: 'prof_err.h' is up to date.
make[6]: Leaving directory '/workspaces/openwrt-radxa-rock5b-plus/openwrt/build_dir/target-aarch64_generic_musl/e2fsprogs-1.47.2/lib/support'
making all in lib/et
make[6]: Entering directory '/workspaces/openwrt-radxa-rock5b-plus/openwrt/build_dir/target-aarch64_generic_musl/e2fsprogs-1.47.2/lib/et'
make[6]: Nothing to be done for 'all'.
make[6]: Leaving directory '/workspaces/openwrt-radxa-rock5b-plus/openwrt/build_dir/target-aarch64_generic_musl/e2fsprogs-1.47.2/lib/et'
making all in lib/ss
make[6]: Entering directory '/workspaces/openwrt-radxa-rock5b-plus/openwrt/build_dir/target-aarch64_generic_musl/e2fsprogs-1.47.2/lib/ss'
make[6]: Nothing to be done for 'all'.
make[6]: Leaving directory '/workspaces/openwrt-radxa-rock5b-plus/openwrt/build_dir/target-aarch64_generic_musl/e2fsprogs-1.47.2/lib/ss'
making all in lib/e2p
make[6]: Entering directory '/workspaces/openwrt-radxa-rock5b-plus/openwrt/build_dir/target-aarch64_generic_musl/e2fsprogs-1.47.2/lib/e2p'
make[6]: Nothing to be done for 'all'.
make[6]: Leaving directory '/workspaces/openwrt-radxa-rock5b-plus/openwrt/build_dir/target-aarch64_generic_musl/e2fsprogs-1.47.2/lib/e2p'
making all in lib/support
make[6]: Entering directory '/workspaces/openwrt-radxa-rock5b-plus/openwrt/build_dir/target-aarch64_generic_musl/e2fsprogs-1.47.2/lib/support'
make[6]: Nothing to be done for 'all'.
make[6]: Leaving directory '/workspaces/openwrt-radxa-rock5b-plus/openwrt/build_dir/target-aarch64_generic_musl/e2fsprogs-1.47.2/lib/support'
making all in lib/ext2fs
make[6]: Entering directory '/workspaces/openwrt-radxa-rock5b-plus/openwrt/build_dir/target-aarch64_generic_musl/e2fsprogs-1.47.2/lib/ext2fs'
make[6]: Nothing to be done for 'all'.
make[6]: Leaving directory '/workspaces/openwrt-radxa-rock5b-plus/openwrt/build_dir/target-aarch64_generic_musl/e2fsprogs-1.47.2/lib/ext2fs'
make[5]: Leaving directory '/workspaces/openwrt-radxa-rock5b-plus/openwrt/build_dir/target-aarch64_generic_musl/e2fsprogs-1.47.2'
make progs
make[5]: Entering directory '/workspaces/openwrt-radxa-rock5b-plus/openwrt/build_dir/target-aarch64_generic_musl/e2fsprogs-1.47.2'
make[6]: Entering directory '/workspaces/openwrt-radxa-rock5b-plus/openwrt/build_dir/target-aarch64_generic_musl/e2fsprogs-1.47.2'
make[6]: 'util/subst.conf' is up to date.
make[6]: Leaving directory '/workspaces/openwrt-radxa-rock5b-plus/openwrt/build_dir/target-aarch64_generic_musl/e2fsprogs-1.47.2'
make[6]: Entering directory '/workspaces/openwrt-radxa-rock5b-plus/openwrt/build_dir/target-aarch64_generic_musl/e2fsprogs-1.47.2'
make[6]: 'lib/config.h' is up to date.
make[6]: Leaving directory '/workspaces/openwrt-radxa-rock5b-plus/openwrt/build_dir/target-aarch64_generic_musl/e2fsprogs-1.47.2'
make[6]: Entering directory '/workspaces/openwrt-radxa-rock5b-plus/openwrt/build_dir/target-aarch64_generic_musl/e2fsprogs-1.47.2'
make[6]: 'lib/dirpaths.h' is up to date.
make[6]: Leaving directory '/workspaces/openwrt-radxa-rock5b-plus/openwrt/build_dir/target-aarch64_generic_musl/e2fsprogs-1.47.2'
make[6]: Entering directory '/workspaces/openwrt-radxa-rock5b-plus/openwrt/build_dir/target-aarch64_generic_musl/e2fsprogs-1.47.2'
make[6]: 'lib/ext2fs/ext2_types.h' is up to date.
make[6]: Leaving directory '/workspaces/openwrt-radxa-rock5b-plus/openwrt/build_dir/target-aarch64_generic_musl/e2fsprogs-1.47.2'
make[6]: Entering directory '/workspaces/openwrt-radxa-rock5b-plus/openwrt/build_dir/target-aarch64_generic_musl/e2fsprogs-1.47.2'
make[6]: 'lib/blkid/blkid_types.h' is up to date.
make[6]: Leaving directory '/workspaces/openwrt-radxa-rock5b-plus/openwrt/build_dir/target-aarch64_generic_musl/e2fsprogs-1.47.2'
make[6]: Entering directory '/workspaces/openwrt-radxa-rock5b-plus/openwrt/build_dir/target-aarch64_generic_musl/e2fsprogs-1.47.2'
make[6]: 'lib/uuid/uuid_types.h' is up to date.
make[6]: Leaving directory '/workspaces/openwrt-radxa-rock5b-plus/openwrt/build_dir/target-aarch64_generic_musl/e2fsprogs-1.47.2'
make[6]: Entering directory '/workspaces/openwrt-radxa-rock5b-plus/openwrt/build_dir/target-aarch64_generic_musl/e2fsprogs-1.47.2/lib/et'
make[6]: 'compile_et' is up to date.
make[6]: Leaving directory '/workspaces/openwrt-radxa-rock5b-plus/openwrt/build_dir/target-aarch64_generic_musl/e2fsprogs-1.47.2/lib/et'
make[6]: Entering directory '/workspaces/openwrt-radxa-rock5b-plus/openwrt/build_dir/target-aarch64_generic_musl/e2fsprogs-1.47.2/lib/ext2fs'
make[6]: 'ext2_err.h' is up to date.
make[6]: Leaving directory '/workspaces/openwrt-radxa-rock5b-plus/openwrt/build_dir/target-aarch64_generic_musl/e2fsprogs-1.47.2/lib/ext2fs'
make[6]: Entering directory '/workspaces/openwrt-radxa-rock5b-plus/openwrt/build_dir/target-aarch64_generic_musl/e2fsprogs-1.47.2/lib/support'
make[6]: 'prof_err.h' is up to date.
make[6]: Leaving directory '/workspaces/openwrt-radxa-rock5b-plus/openwrt/build_dir/target-aarch64_generic_musl/e2fsprogs-1.47.2/lib/support'
making all in lib/et
make[6]: Entering directory '/workspaces/openwrt-radxa-rock5b-plus/openwrt/build_dir/target-aarch64_generic_musl/e2fsprogs-1.47.2/lib/et'
make[6]: Nothing to be done for 'all'.
make[6]: Leaving directory '/workspaces/openwrt-radxa-rock5b-plus/openwrt/build_dir/target-aarch64_generic_musl/e2fsprogs-1.47.2/lib/et'
making all in lib/ss
make[6]: Entering directory '/workspaces/openwrt-radxa-rock5b-plus/openwrt/build_dir/target-aarch64_generic_musl/e2fsprogs-1.47.2/lib/ss'
make[6]: Nothing to be done for 'all'.
make[6]: Leaving directory '/workspaces/openwrt-radxa-rock5b-plus/openwrt/build_dir/target-aarch64_generic_musl/e2fsprogs-1.47.2/lib/ss'
making all in lib/e2p
make[6]: Entering directory '/workspaces/openwrt-radxa-rock5b-plus/openwrt/build_dir/target-aarch64_generic_musl/e2fsprogs-1.47.2/lib/e2p'
make[6]: Nothing to be done for 'all'.
make[6]: Leaving directory '/workspaces/openwrt-radxa-rock5b-plus/openwrt/build_dir/target-aarch64_generic_musl/e2fsprogs-1.47.2/lib/e2p'
making all in lib/support
make[6]: Entering directory '/workspaces/openwrt-radxa-rock5b-plus/openwrt/build_dir/target-aarch64_generic_musl/e2fsprogs-1.47.2/lib/support'
make[6]: Nothing to be done for 'all'.
make[6]: Leaving directory '/workspaces/openwrt-radxa-rock5b-plus/openwrt/build_dir/target-aarch64_generic_musl/e2fsprogs-1.47.2/lib/support'
making all in lib/ext2fs
make[6]: Entering directory '/workspaces/openwrt-radxa-rock5b-plus/openwrt/build_dir/target-aarch64_generic_musl/e2fsprogs-1.47.2/lib/ext2fs'
make[6]: Nothing to be done for 'all'.
make[6]: Leaving directory '/workspaces/openwrt-radxa-rock5b-plus/openwrt/build_dir/target-aarch64_generic_musl/e2fsprogs-1.47.2/lib/ext2fs'
making all in e2fsck
make[6]: Entering directory '/workspaces/openwrt-radxa-rock5b-plus/openwrt/build_dir/target-aarch64_generic_musl/e2fsprogs-1.47.2/e2fsck'
make[6]: Nothing to be done for 'all'.
make[6]: Leaving directory '/workspaces/openwrt-radxa-rock5b-plus/openwrt/build_dir/target-aarch64_generic_musl/e2fsprogs-1.47.2/e2fsck'
making all in debugfs
make[6]: Entering directory '/workspaces/openwrt-radxa-rock5b-plus/openwrt/build_dir/target-aarch64_generic_musl/e2fsprogs-1.47.2/debugfs'
make[6]: Nothing to be done for 'all'.
make[6]: Leaving directory '/workspaces/openwrt-radxa-rock5b-plus/openwrt/build_dir/target-aarch64_generic_musl/e2fsprogs-1.47.2/debugfs'
making all in misc
make[6]: Entering directory '/workspaces/openwrt-radxa-rock5b-plus/openwrt/build_dir/target-aarch64_generic_musl/e2fsprogs-1.47.2/misc'
make[6]: Nothing to be done for 'all'.
make[6]: Leaving directory '/workspaces/openwrt-radxa-rock5b-plus/openwrt/build_dir/target-aarch64_generic_musl/e2fsprogs-1.47.2/misc'
making all in resize
make[6]: Entering directory '/workspaces/openwrt-radxa-rock5b-plus/openwrt/build_dir/target-aarch64_generic_musl/e2fsprogs-1.47.2/resize'
make[6]: Nothing to be done for 'all'.
make[6]: Leaving directory '/workspaces/openwrt-radxa-rock5b-plus/openwrt/build_dir/target-aarch64_generic_musl/e2fsprogs-1.47.2/resize'
making all in tests/progs
make[6]: Entering directory '/workspaces/openwrt-radxa-rock5b-plus/openwrt/build_dir/target-aarch64_generic_musl/e2fsprogs-1.47.2/tests/progs'
make[6]: Nothing to be done for 'all'.
make[6]: Leaving directory '/workspaces/openwrt-radxa-rock5b-plus/openwrt/build_dir/target-aarch64_generic_musl/e2fsprogs-1.47.2/tests/progs'
making all in tests/fuzz
make[6]: Entering directory '/workspaces/openwrt-radxa-rock5b-plus/openwrt/build_dir/target-aarch64_generic_musl/e2fsprogs-1.47.2/tests/fuzz'
make[6]: Nothing to be done for 'all'.
make[6]: Leaving directory '/workspaces/openwrt-radxa-rock5b-plus/openwrt/build_dir/target-aarch64_generic_musl/e2fsprogs-1.47.2/tests/fuzz'
making all in po
make[6]: Entering directory '/workspaces/openwrt-radxa-rock5b-plus/openwrt/build_dir/target-aarch64_generic_musl/e2fsprogs-1.47.2/po'
make[6]: Nothing to be done for 'all'.
make[6]: Leaving directory '/workspaces/openwrt-radxa-rock5b-plus/openwrt/build_dir/target-aarch64_generic_musl/e2fsprogs-1.47.2/po'
making all in scrub
make[6]: Entering directory '/workspaces/openwrt-radxa-rock5b-plus/openwrt/build_dir/target-aarch64_generic_musl/e2fsprogs-1.47.2/scrub'
make[6]: Nothing to be done for 'all'.
make[6]: Leaving directory '/workspaces/openwrt-radxa-rock5b-plus/openwrt/build_dir/target-aarch64_generic_musl/e2fsprogs-1.47.2/scrub'
make[5]: Leaving directory '/workspaces/openwrt-radxa-rock5b-plus/openwrt/build_dir/target-aarch64_generic_musl/e2fsprogs-1.47.2'
make docs
make[5]: Entering directory '/workspaces/openwrt-radxa-rock5b-plus/openwrt/build_dir/target-aarch64_generic_musl/e2fsprogs-1.47.2'
make[6]: Entering directory '/workspaces/openwrt-radxa-rock5b-plus/openwrt/build_dir/target-aarch64_generic_musl/e2fsprogs-1.47.2/doc'
make[6]: 'libext2fs.info' is up to date.
make[6]: Leaving directory '/workspaces/openwrt-radxa-rock5b-plus/openwrt/build_dir/target-aarch64_generic_musl/e2fsprogs-1.47.2/doc'
make[5]: Leaving directory '/workspaces/openwrt-radxa-rock5b-plus/openwrt/build_dir/target-aarch64_generic_musl/e2fsprogs-1.47.2'
make[4]: Leaving directory '/workspaces/openwrt-radxa-rock5b-plus/openwrt/build_dir/target-aarch64_generic_musl/e2fsprogs-1.47.2'
CFLAGS="-Os -pipe -mcpu=generic -fno-caller-saves -fno-plt -fhonour-copts -fmacro-prefix-map=/workspaces/openwrt-radxa-rock5b-plus/openwrt/build_dir/target-aarch64_generic_musl/e2fsprogs-1.47.2=e2fsprogs-1.47.2 -ffunction-sections -fdata-sections -flto=auto -fno-fat-lto-objects -Wformat -Werror=format-security -fstack-protector -D_FORTIFY_SOURCE=1 -Wl,-z,now -Wl,-z,relro -DPIC -fPIC  -I/workspaces/openwrt-radxa-rock5b-plus/openwrt/staging_dir/toolchain-aarch64_generic_gcc-14.3.0_musl/usr/include -I/workspaces/openwrt-radxa-rock5b-plus/openwrt/staging_dir/toolchain-aarch64_generic_gcc-14.3.0_musl/include -I/workspaces/openwrt-radxa-rock5b-plus/openwrt/staging_dir/toolchain-aarch64_generic_gcc-14.3.0_musl/include/fortify " CXXFLAGS="-Os -pipe -mcpu=generic -fno-caller-saves -fno-plt -fhonour-copts -fmacro-prefix-map=/workspaces/openwrt-radxa-rock5b-plus/openwrt/build_dir/target-aarch64_generic_musl/e2fsprogs-1.47.2=e2fsprogs-1.47.2 -ffunction-sections -fdata-sections -flto=auto -fno-fat-lto-objects -Wformat -Werror=format-security -fstack-protector -D_FORTIFY_SOURCE=1 -Wl,-z,now -Wl,-z,relro -DPIC -fPIC -ffunction-sections -fdata-sections -flto=auto -fno-fat-lto-objects  -I/workspaces/openwrt-radxa-rock5b-plus/openwrt/staging_dir/toolchain-aarch64_generic_gcc-14.3.0_musl/usr/include -I/workspaces/openwrt-radxa-rock5b-plus/openwrt/staging_dir/toolchain-aarch64_generic_gcc-14.3.0_musl/include -I/workspaces/openwrt-radxa-rock5b-plus/openwrt/staging_dir/toolchain-aarch64_generic_gcc-14.3.0_musl/include/fortify " LDFLAGS="-L/workspaces/openwrt-radxa-rock5b-plus/openwrt/staging_dir/toolchain-aarch64_generic_gcc-14.3.0_musl/usr/lib -L/workspaces/openwrt-radxa-rock5b-plus/openwrt/staging_dir/toolchain-aarch64_generic_gcc-14.3.0_musl/lib -fuse-ld=bfd -Wl,--gc-sections -flto=auto -fuse-linker-plugin -znow -zrelro " make -C /workspaces/openwrt-radxa-rock5b-plus/openwrt/build_dir/target-aarch64_generic_musl/e2fsprogs-1.47.2/. AR="aarch64-openwrt-linux-musl-gcc-ar" AS="aarch64-openwrt-linux-musl-gcc -c -Os -pipe -mcpu=generic -fno-caller-saves -fno-plt -fhonour-copts -fmacro-prefix-map=/workspaces/openwrt-radxa-rock5b-plus/openwrt/build_dir/target-aarch64_generic_musl/e2fsprogs-1.47.2=e2fsprogs-1.47.2 -ffunction-sections -fdata-sections -flto=auto -fno-fat-lto-objects -Wformat -Werror=format-security -fstack-protector -D_FORTIFY_SOURCE=1 -Wl,-z,now -Wl,-z,relro -DPIC -fPIC" LD="aarch64-openwrt-linux-musl-ld.bfd" NM="aarch64-openwrt-linux-musl-gcc-nm" CC="aarch64-openwrt-linux-musl-gcc" GCC="aarch64-openwrt-linux-musl-gcc" CXX="aarch64-openwrt-linux-musl-g++" RANLIB="aarch64-openwrt-linux-musl-gcc-ranlib" STRIP=aarch64-openwrt-linux-musl-strip OBJCOPY=aarch64-openwrt-linux-musl-objcopy OBJDUMP=aarch64-openwrt-linux-musl-objdump SIZE=aarch64-openwrt-linux-musl-size CROSS="aarch64-openwrt-linux-musl-" ARCH="aarch64" DESTDIR="/workspaces/openwrt-radxa-rock5b-plus/openwrt/build_dir/target-aarch64_generic_musl/e2fsprogs-1.47.2/ipkg-install"   install;
make[4]: Entering directory '/workspaces/openwrt-radxa-rock5b-plus/openwrt/build_dir/target-aarch64_generic_musl/e2fsprogs-1.47.2'
mkdir -p /workspaces/openwrt-radxa-rock5b-plus/openwrt/staging_dir/target-aarch64_generic_musl/root-rockchip/stamp
make[5]: Entering directory '/workspaces/openwrt-radxa-rock5b-plus/openwrt/build_dir/target-aarch64_generic_musl/e2fsprogs-1.47.2'
make[5]: 'util/subst.conf' is up to date.
make[5]: Leaving directory '/workspaces/openwrt-radxa-rock5b-plus/openwrt/build_dir/target-aarch64_generic_musl/e2fsprogs-1.47.2'
make[5]: Entering directory '/workspaces/openwrt-radxa-rock5b-plus/openwrt/build_dir/target-aarch64_generic_musl/e2fsprogs-1.47.2'
make[5]: 'lib/config.h' is up to date.
make[5]: Leaving directory '/workspaces/openwrt-radxa-rock5b-plus/openwrt/build_dir/target-aarch64_generic_musl/e2fsprogs-1.47.2'
SHELL= flock /workspaces/openwrt-radxa-rock5b-plus/openwrt/tmp/.root-copy.flock -c 'cp -fpR /workspaces/openwrt-radxa-rock5b-plus/openwrt/build_dir/target-aarch64_generic_musl/udebug-2025.08.24~edeb4d6d/.pkgdir/libudebug/. /workspaces/openwrt-radxa-rock5b-plus/openwrt/staging_dir/target-aarch64_generic_musl/root-rockchip/'
make[5]: Entering directory '/workspaces/openwrt-radxa-rock5b-plus/openwrt/build_dir/target-aarch64_generic_musl/e2fsprogs-1.47.2'
make[5]: 'lib/dirpaths.h' is up to date.
make[5]: Leaving directory '/workspaces/openwrt-radxa-rock5b-plus/openwrt/build_dir/target-aarch64_generic_musl/e2fsprogs-1.47.2'
make[5]: Entering directory '/workspaces/openwrt-radxa-rock5b-plus/openwrt/build_dir/target-aarch64_generic_musl/e2fsprogs-1.47.2'
make[5]: 'lib/ext2fs/ext2_types.h' is up to date.
make[5]: Leaving directory '/workspaces/openwrt-radxa-rock5b-plus/openwrt/build_dir/target-aarch64_generic_musl/e2fsprogs-1.47.2'
make[5]: Entering directory '/workspaces/openwrt-radxa-rock5b-plus/openwrt/build_dir/target-aarch64_generic_musl/e2fsprogs-1.47.2'
make[5]: 'lib/blkid/blkid_types.h' is up to date.
make[5]: Leaving directory '/workspaces/openwrt-radxa-rock5b-plus/openwrt/build_dir/target-aarch64_generic_musl/e2fsprogs-1.47.2'
make[5]: Entering directory '/workspaces/openwrt-radxa-rock5b-plus/openwrt/build_dir/target-aarch64_generic_musl/e2fsprogs-1.47.2'
make[5]: 'lib/uuid/uuid_types.h' is up to date.
make[5]: Leaving directory '/workspaces/openwrt-radxa-rock5b-plus/openwrt/build_dir/target-aarch64_generic_musl/e2fsprogs-1.47.2'
make[5]: Entering directory '/workspaces/openwrt-radxa-rock5b-plus/openwrt/build_dir/target-aarch64_generic_musl/e2fsprogs-1.47.2/lib/et'
make[5]: 'compile_et' is up to date.
make[5]: Leaving directory '/workspaces/openwrt-radxa-rock5b-plus/openwrt/build_dir/target-aarch64_generic_musl/e2fsprogs-1.47.2/lib/et'
make[5]: Entering directory '/workspaces/openwrt-radxa-rock5b-plus/openwrt/build_dir/target-aarch64_generic_musl/e2fsprogs-1.47.2/lib/ext2fs'
make[5]: 'ext2_err.h' is up to date.
make[5]: Leaving directory '/workspaces/openwrt-radxa-rock5b-plus/openwrt/build_dir/target-aarch64_generic_musl/e2fsprogs-1.47.2/lib/ext2fs'
make[5]: Entering directory '/workspaces/openwrt-radxa-rock5b-plus/openwrt/build_dir/target-aarch64_generic_musl/e2fsprogs-1.47.2/lib/support'
make[5]: 'prof_err.h' is up to date.
make[5]: Leaving directory '/workspaces/openwrt-radxa-rock5b-plus/openwrt/build_dir/target-aarch64_generic_musl/e2fsprogs-1.47.2/lib/support'
making all in lib/et
make[5]: Entering directory '/workspaces/openwrt-radxa-rock5b-plus/openwrt/build_dir/target-aarch64_generic_musl/e2fsprogs-1.47.2/lib/et'
make[5]: Nothing to be done for 'all'.
make[5]: Leaving directory '/workspaces/openwrt-radxa-rock5b-plus/openwrt/build_dir/target-aarch64_generic_musl/e2fsprogs-1.47.2/lib/et'
making all in lib/ss
make[5]: Entering directory '/workspaces/openwrt-radxa-rock5b-plus/openwrt/build_dir/target-aarch64_generic_musl/e2fsprogs-1.47.2/lib/ss'
make[5]: Nothing to be done for 'all'.
make[5]: Leaving directory '/workspaces/openwrt-radxa-rock5b-plus/openwrt/build_dir/target-aarch64_generic_musl/e2fsprogs-1.47.2/lib/ss'
making all in lib/e2p
make[5]: Entering directory '/workspaces/openwrt-radxa-rock5b-plus/openwrt/build_dir/target-aarch64_generic_musl/e2fsprogs-1.47.2/lib/e2p'
make[5]: Nothing to be done for 'all'.
make[5]: Leaving directory '/workspaces/openwrt-radxa-rock5b-plus/openwrt/build_dir/target-aarch64_generic_musl/e2fsprogs-1.47.2/lib/e2p'
making all in lib/support
make[5]: Entering directory '/workspaces/openwrt-radxa-rock5b-plus/openwrt/build_dir/target-aarch64_generic_musl/e2fsprogs-1.47.2/lib/support'
make[5]: Nothing to be done for 'all'.
make[5]: Leaving directory '/workspaces/openwrt-radxa-rock5b-plus/openwrt/build_dir/target-aarch64_generic_musl/e2fsprogs-1.47.2/lib/support'
making all in lib/ext2fs
touch /workspaces/openwrt-radxa-rock5b-plus/openwrt/staging_dir/target-aarch64_generic_musl/root-rockchip/stamp/.libudebug_installed
make[5]: Entering directory '/workspaces/openwrt-radxa-rock5b-plus/openwrt/build_dir/target-aarch64_generic_musl/e2fsprogs-1.47.2/lib/ext2fs'
make[5]: Nothing to be done for 'all'.
make[5]: Leaving directory '/workspaces/openwrt-radxa-rock5b-plus/openwrt/build_dir/target-aarch64_generic_musl/e2fsprogs-1.47.2/lib/ext2fs'
making install in e2fsck
echo "libudebug" >> /workspaces/openwrt-radxa-rock5b-plus/openwrt/staging_dir/target-aarch64_generic_musl/pkginfo/udebug.default.install
make[3]: Leaving directory '/workspaces/openwrt-radxa-rock5b-plus/openwrt/package/libs/udebug'
make[5]: Entering directory '/workspaces/openwrt-radxa-rock5b-plus/openwrt/build_dir/target-aarch64_generic_musl/e2fsprogs-1.47.2/e2fsck'
time: package/libs/udebug/compile#0.13#0.10#0.66
	MKDIR_P /usr/sbin /usr/man/man8
	INSTALL /usr/sbin/e2fsck
	LINK /usr/sbin/fsck.ext2
make[3]: Entering directory '/workspaces/openwrt-radxa-rock5b-plus/openwrt/feeds/luci/contrib/package/lucihttp'
	LINK /usr/sbin/fsck.ext3
	LINK /usr/sbin/fsck.ext4
	INSTALL_DATA /usr/man/man8/e2fsck.8
	INSTALL_DATA /usr/man/man5/e2fsck.conf.5
	LINK /usr/man/man8/fsck.ext2.8
	LINK /usr/man/man8/fsck.ext3.8
	LINK /usr/man/man8/fsck.ext4.8
make[5]: Leaving directory '/workspaces/openwrt-radxa-rock5b-plus/openwrt/build_dir/target-aarch64_generic_musl/e2fsprogs-1.47.2/e2fsck'
making install in debugfs
make[5]: Entering directory '/workspaces/openwrt-radxa-rock5b-plus/openwrt/build_dir/target-aarch64_generic_musl/e2fsprogs-1.47.2/debugfs'
	MKDIR_P /usr/sbin /usr/man/man8
	INSTALL /usr/sbin/debugfs
	INSTALL_DATA /usr/man/man8/debugfs.8
make[5]: Leaving directory '/workspaces/openwrt-radxa-rock5b-plus/openwrt/build_dir/target-aarch64_generic_musl/e2fsprogs-1.47.2/debugfs'
making install in misc
make[5]: Entering directory '/workspaces/openwrt-radxa-rock5b-plus/openwrt/build_dir/target-aarch64_generic_musl/e2fsprogs-1.47.2/misc'
	MKDIR_P /usr/sbin /usr/sbin /usr/bin /usr/man/man1 /usr/man/man8 /usr/lib /etc
	INSTALL /usr/sbin/mke2fs
	INSTALL /usr/sbin/badblocks
	INSTALL /usr/sbin/tune2fs
	INSTALL /usr/sbin/dumpe2fs
	INSTALL /usr/sbin/logsave
	INSTALL /usr/sbin/e2image
	INSTALL /usr/sbin/fsck
	INSTALL /usr/sbin/e2undo
	INSTALL /usr/sbin/mklost+found
	INSTALL /usr/sbin/filefrag
	INSTALL /usr/sbin/e2freefrag
	INSTALL /usr/sbin/e4defrag
	INSTALL /usr/sbin/e4crypt
	LINK /usr/sbin/mkfs.ext2
	LINK /usr/sbin/mkfs.ext3
	LINK /usr/sbin/mkfs.ext4
	INSTALL /usr/bin/chattr
	INSTALL /usr/bin/lsattr
	INSTALL /usr/lib/e2initrd_helper
	INSTALL_DATA /usr/man/man8/tune2fs.8
mkdir -p /workspaces/openwrt-radxa-rock5b-plus/openwrt/staging_dir/target-aarch64_generic_musl/root-rockchip/stamp
echo '0' | cmp -s - /workspaces/openwrt-radxa-rock5b-plus/openwrt/staging_dir/target-aarch64_generic_musl/pkginfo/liblucihttp.version || { echo '0' > /workspaces/openwrt-radxa-rock5b-plus/openwrt/staging_dir/target-aarch64_generic_musl/pkginfo/liblucihttp.version;  } 
	INSTALL_DATA /usr/man/man8/mklost+found.8
	INSTALL_DATA /usr/man/man8/mke2fs.8
SHELL= flock /workspaces/openwrt-radxa-rock5b-plus/openwrt/tmp/.root-copy.flock -c 'cp -fpR /workspaces/openwrt-radxa-rock5b-plus/openwrt/build_dir/target-aarch64_generic_musl/lucihttp-2023.03.15~9b5b683f/.pkgdir/liblucihttp/. /workspaces/openwrt-radxa-rock5b-plus/openwrt/staging_dir/target-aarch64_generic_musl/root-rockchip/'
	INSTALL_DATA /usr/man/man8/dumpe2fs.8
	INSTALL_DATA /usr/man/man8/badblocks.8
touch /workspaces/openwrt-radxa-rock5b-plus/openwrt/staging_dir/target-aarch64_generic_musl/root-rockchip/stamp/.liblucihttp_installed
	INSTALL_DATA /usr/man/man8/e2label.8
	INSTALL_DATA /usr/man/man8/e2image.8
	INSTALL_DATA /usr/man/man8/logsave.8
echo "liblucihttp" >> /workspaces/openwrt-radxa-rock5b-plus/openwrt/staging_dir/target-aarch64_generic_musl/pkginfo/lucihttp.default.install
	INSTALL_DATA /usr/man/man8/filefrag.8
mkdir -p /workspaces/openwrt-radxa-rock5b-plus/openwrt/staging_dir/target-aarch64_generic_musl/root-rockchip/stamp
	INSTALL_DATA /usr/man/man8/e2freefrag.8
SHELL= flock /workspaces/openwrt-radxa-rock5b-plus/openwrt/tmp/.root-copy.flock -c 'cp -fpR /workspaces/openwrt-radxa-rock5b-plus/openwrt/build_dir/target-aarch64_generic_musl/lucihttp-2023.03.15~9b5b683f/.pkgdir/liblucihttp-lua/. /workspaces/openwrt-radxa-rock5b-plus/openwrt/staging_dir/target-aarch64_generic_musl/root-rockchip/'
	INSTALL_DATA /usr/man/man8/e2undo.8
touch /workspaces/openwrt-radxa-rock5b-plus/openwrt/staging_dir/target-aarch64_generic_musl/root-rockchip/stamp/.liblucihttp-lua_installed
echo "liblucihttp-lua" >> /workspaces/openwrt-radxa-rock5b-plus/openwrt/staging_dir/target-aarch64_generic_musl/pkginfo/lucihttp.default.install
	INSTALL_DATA /usr/man/man8/e4defrag.8
	INSTALL_DATA /usr/man/man8/e4crypt.8
mkdir -p /workspaces/openwrt-radxa-rock5b-plus/openwrt/staging_dir/target-aarch64_generic_musl/root-rockchip/stamp
SHELL= flock /workspaces/openwrt-radxa-rock5b-plus/openwrt/tmp/.root-copy.flock -c 'cp -fpR /workspaces/openwrt-radxa-rock5b-plus/openwrt/build_dir/target-aarch64_generic_musl/lucihttp-2023.03.15~9b5b683f/.pkgdir/liblucihttp-ucode/. /workspaces/openwrt-radxa-rock5b-plus/openwrt/staging_dir/target-aarch64_generic_musl/root-rockchip/'
touch /workspaces/openwrt-radxa-rock5b-plus/openwrt/staging_dir/target-aarch64_generic_musl/root-rockchip/stamp/.liblucihttp-ucode_installed
	INSTALL_DATA /usr/man/man8/fsck.8
echo "liblucihttp-ucode" >> /workspaces/openwrt-radxa-rock5b-plus/openwrt/staging_dir/target-aarch64_generic_musl/pkginfo/lucihttp.default.install
make[3]: Leaving directory '/workspaces/openwrt-radxa-rock5b-plus/openwrt/feeds/luci/contrib/package/lucihttp'
time: package/feeds/luci/lucihttp/compile#0.13#0.12#0.52
	INSTALL_DATA /usr/man/man8/e2mmpstatus.8
	LINK mkfs.ext2.8
	LINK mkfs.ext3.8
	LINK mkfs.ext4.8
	INSTALL_DATA /usr/man/man1/chattr.1
make[3]: Entering directory '/workspaces/openwrt-radxa-rock5b-plus/openwrt/package/system/rpcd'
	INSTALL_DATA /usr/man/man1/lsattr.1
	INSTALL_DATA /usr/man/man5/mke2fs.conf.5
	INSTALL_DATA /usr/man/man5/ext4.5
	LINK ext2.5
	LINK ext3.5
make[5]: Leaving directory '/workspaces/openwrt-radxa-rock5b-plus/openwrt/build_dir/target-aarch64_generic_musl/e2fsprogs-1.47.2/misc'
making install in resize
make[5]: Entering directory '/workspaces/openwrt-radxa-rock5b-plus/openwrt/build_dir/target-aarch64_generic_musl/e2fsprogs-1.47.2/resize'
	MKDIR_P /usr/sbin /usr/man/man8
	INSTALL /usr/sbin/resize2fs
	INSTALL_DATA /usr/man/man8/resize2fs.8
make[5]: Leaving directory '/workspaces/openwrt-radxa-rock5b-plus/openwrt/build_dir/target-aarch64_generic_musl/e2fsprogs-1.47.2/resize'
making install in tests/progs
make[5]: Entering directory '/workspaces/openwrt-radxa-rock5b-plus/openwrt/build_dir/target-aarch64_generic_musl/e2fsprogs-1.47.2/tests/progs'
make[5]: Nothing to be done for 'install'.
make[5]: Leaving directory '/workspaces/openwrt-radxa-rock5b-plus/openwrt/build_dir/target-aarch64_generic_musl/e2fsprogs-1.47.2/tests/progs'
making install in tests/fuzz
make[5]: Entering directory '/workspaces/openwrt-radxa-rock5b-plus/openwrt/build_dir/target-aarch64_generic_musl/e2fsprogs-1.47.2/tests/fuzz'
make[5]: Nothing to be done for 'install'.
make[5]: Leaving directory '/workspaces/openwrt-radxa-rock5b-plus/openwrt/build_dir/target-aarch64_generic_musl/e2fsprogs-1.47.2/tests/fuzz'
making install in po
make[5]: Entering directory '/workspaces/openwrt-radxa-rock5b-plus/openwrt/build_dir/target-aarch64_generic_musl/e2fsprogs-1.47.2/po'
if test "e2fsprogs" = "gettext-tools"; then \
  /usr/bin/mkdir -p /workspaces/openwrt-radxa-rock5b-plus/openwrt/build_dir/target-aarch64_generic_musl/e2fsprogs-1.47.2/ipkg-install/usr/share/gettext/po; \
  for file in Makefile.in.in remove-potcdate.sin quot.sed boldquot.sed en@quot.header en@boldquot.header insert-header.sin Rules-quot   Makevars.template; do \
    /workspaces/openwrt-radxa-rock5b-plus/openwrt/staging_dir/host/bin/install -c -m 644 ./$file \
		    /workspaces/openwrt-radxa-rock5b-plus/openwrt/build_dir/target-aarch64_generic_musl/e2fsprogs-1.47.2/ipkg-install/usr/share/gettext/po/$file; \
  done; \
  for file in Makevars; do \
    rm -f /workspaces/openwrt-radxa-rock5b-plus/openwrt/build_dir/target-aarch64_generic_musl/e2fsprogs-1.47.2/ipkg-install/usr/share/gettext/po/$file; \
  done; \
else \
  : ; \
fi
make[5]: Leaving directory '/workspaces/openwrt-radxa-rock5b-plus/openwrt/build_dir/target-aarch64_generic_musl/e2fsprogs-1.47.2/po'
making install in scrub
make[5]: Entering directory '/workspaces/openwrt-radxa-rock5b-plus/openwrt/build_dir/target-aarch64_generic_musl/e2fsprogs-1.47.2/scrub'
	MKDIR_P /etc/cron.d
	MKDIR_P /usr/lib/e2fsprogs
	MKDIR_P /usr/sbin /usr/man/man8 /etc
	INSTALL /etc/cron.d/e2scrub_all
	INSTALL /usr/lib/e2fsprogs/e2scrub_all_cron
	INSTALL /usr/sbin/e2scrub
	INSTALL /usr/sbin/e2scrub_all
	INSTALL_DATA /usr/man/man8/e2scrub.8
	INSTALL_DATA /usr/man/man8/e2scrub_all.8
	INSTALL_DATA /etc/e2scrub.conf
make[5]: Leaving directory '/workspaces/openwrt-radxa-rock5b-plus/openwrt/build_dir/target-aarch64_generic_musl/e2fsprogs-1.47.2/scrub'
making install-shlibs in lib/et
make[5]: Entering directory '/workspaces/openwrt-radxa-rock5b-plus/openwrt/build_dir/target-aarch64_generic_musl/e2fsprogs-1.47.2/lib/et'
	MKDIR_P /usr/lib /usr/lib
	INSTALL-ELF-LIB /usr/lib/libcom_err.so.0.0
	SYMLINK /usr/lib/libcom_err.so.0
	SYMLINK /usr/lib/libcom_err.so
	LDCONFIG
make[5]: Leaving directory '/workspaces/openwrt-radxa-rock5b-plus/openwrt/build_dir/target-aarch64_generic_musl/e2fsprogs-1.47.2/lib/et'
making install-shlibs in lib/ss
make[5]: Entering directory '/workspaces/openwrt-radxa-rock5b-plus/openwrt/build_dir/target-aarch64_generic_musl/e2fsprogs-1.47.2/lib/ss'
	MKDIR_P /usr/lib /usr/lib
	INSTALL-ELF-LIB /usr/lib/libss.so.2.0
	SYMLINK /usr/lib/libss.so.2
	SYMLINK /usr/lib/libss.so
	LDCONFIG
make[5]: Leaving directory '/workspaces/openwrt-radxa-rock5b-plus/openwrt/build_dir/target-aarch64_generic_musl/e2fsprogs-1.47.2/lib/ss'
making install-shlibs in lib/e2p
make[5]: Entering directory '/workspaces/openwrt-radxa-rock5b-plus/openwrt/build_dir/target-aarch64_generic_musl/e2fsprogs-1.47.2/lib/e2p'
	MKDIR_P /usr/lib /usr/lib
	INSTALL-ELF-LIB /usr/lib/libe2p.so.2.3
	SYMLINK /usr/lib/libe2p.so.2
	SYMLINK /usr/lib/libe2p.so
	LDCONFIG
make[5]: Leaving directory '/workspaces/openwrt-radxa-rock5b-plus/openwrt/build_dir/target-aarch64_generic_musl/e2fsprogs-1.47.2/lib/e2p'
making install-shlibs in lib/support
make[5]: Entering directory '/workspaces/openwrt-radxa-rock5b-plus/openwrt/build_dir/target-aarch64_generic_musl/e2fsprogs-1.47.2/lib/support'
make[5]: Nothing to be done for 'install-shlibs'.
make[5]: Leaving directory '/workspaces/openwrt-radxa-rock5b-plus/openwrt/build_dir/target-aarch64_generic_musl/e2fsprogs-1.47.2/lib/support'
making install-shlibs in lib/ext2fs
rm -f /workspaces/openwrt-radxa-rock5b-plus/openwrt/build_dir/target-aarch64_generic_musl/rpcd-2025.08.09~1905e096/.built
touch /workspaces/openwrt-radxa-rock5b-plus/openwrt/build_dir/target-aarch64_generic_musl/rpcd-2025.08.09~1905e096/.built_check
MAKEFLAGS="--jobserver-auth=3,4" /workspaces/openwrt-radxa-rock5b-plus/openwrt/staging_dir/host/bin/ninja   -C /workspaces/openwrt-radxa-rock5b-plus/openwrt/build_dir/target-aarch64_generic_musl/rpcd-2025.08.09~1905e096 
make[5]: Entering directory '/workspaces/openwrt-radxa-rock5b-plus/openwrt/build_dir/target-aarch64_generic_musl/e2fsprogs-1.47.2/lib/ext2fs'
ninja: Entering directory `/workspaces/openwrt-radxa-rock5b-plus/openwrt/build_dir/target-aarch64_generic_musl/rpcd-2025.08.09~1905e096'
	MKDIR_P /usr/lib /usr/lib
	INSTALL-ELF-LIB /usr/lib/libext2fs.so.2.4
ninja: no work to do.
DESTDIR="/workspaces/openwrt-radxa-rock5b-plus/openwrt/build_dir/target-aarch64_generic_musl/rpcd-2025.08.09~1905e096/ipkg-install" MAKEFLAGS="--jobserver-auth=3,4" /workspaces/openwrt-radxa-rock5b-plus/openwrt/staging_dir/host/bin/ninja   -C /workspaces/openwrt-radxa-rock5b-plus/openwrt/build_dir/target-aarch64_generic_musl/rpcd-2025.08.09~1905e096 install
ninja: Entering directory `/workspaces/openwrt-radxa-rock5b-plus/openwrt/build_dir/target-aarch64_generic_musl/rpcd-2025.08.09~1905e096'
[0/1] Install the project...
-- Install configuration: "Release"
-- Up-to-date: /workspaces/openwrt-radxa-rock5b-plus/openwrt/build_dir/target-aarch64_generic_musl/rpcd-2025.08.09~1905e096/ipkg-install/usr/sbin/rpcd
-- Up-to-date: /workspaces/openwrt-radxa-rock5b-plus/openwrt/build_dir/target-aarch64_generic_musl/rpcd-2025.08.09~1905e096/ipkg-install/usr/lib/rpcd/file.so
-- Up-to-date: /workspaces/openwrt-radxa-rock5b-plus/openwrt/build_dir/target-aarch64_generic_musl/rpcd-2025.08.09~1905e096/ipkg-install/usr/lib/rpcd/rpcsys.so
-- Up-to-date: /workspaces/openwrt-radxa-rock5b-plus/openwrt/build_dir/target-aarch64_generic_musl/rpcd-2025.08.09~1905e096/ipkg-install/usr/lib/rpcd/iwinfo.so
-- Up-to-date: /workspaces/openwrt-radxa-rock5b-plus/openwrt/build_dir/target-aarch64_generic_musl/rpcd-2025.08.09~1905e096/ipkg-install/usr/lib/rpcd/ucode.so
touch /workspaces/openwrt-radxa-rock5b-plus/openwrt/build_dir/target-aarch64_generic_musl/rpcd-2025.08.09~1905e096/.built
rm -rf /workspaces/openwrt-radxa-rock5b-plus/openwrt/build_dir/target-aarch64_generic_musl/rpcd-2025.08.09~1905e096/.pkgdir/rpcd.installed /workspaces/openwrt-radxa-rock5b-plus/openwrt/build_dir/target-aarch64_generic_musl/rpcd-2025.08.09~1905e096/.pkgdir/rpcd
	SYMLINK /usr/lib/libext2fs.so.2
mkdir -p /workspaces/openwrt-radxa-rock5b-plus/openwrt/build_dir/target-aarch64_generic_musl/rpcd-2025.08.09~1905e096/.pkgdir/rpcd
install -d -m0755 /workspaces/openwrt-radxa-rock5b-plus/openwrt/build_dir/target-aarch64_generic_musl/rpcd-2025.08.09~1905e096/.pkgdir/rpcd/etc/init.d
install -m0755 ./files/rpcd.init /workspaces/openwrt-radxa-rock5b-plus/openwrt/build_dir/target-aarch64_generic_musl/rpcd-2025.08.09~1905e096/.pkgdir/rpcd/etc/init.d/rpcd
install -d -m0755 /workspaces/openwrt-radxa-rock5b-plus/openwrt/build_dir/target-aarch64_generic_musl/rpcd-2025.08.09~1905e096/.pkgdir/rpcd/sbin
install -m0755 /workspaces/openwrt-radxa-rock5b-plus/openwrt/build_dir/target-aarch64_generic_musl/rpcd-2025.08.09~1905e096/rpcd /workspaces/openwrt-radxa-rock5b-plus/openwrt/build_dir/target-aarch64_generic_musl/rpcd-2025.08.09~1905e096/.pkgdir/rpcd/sbin/rpcd
	SYMLINK /usr/lib/libext2fs.so
	LDCONFIG
make[5]: Leaving directory '/workspaces/openwrt-radxa-rock5b-plus/openwrt/build_dir/target-aarch64_generic_musl/e2fsprogs-1.47.2/lib/ext2fs'
make[5]: Entering directory '/workspaces/openwrt-radxa-rock5b-plus/openwrt/build_dir/target-aarch64_generic_musl/e2fsprogs-1.47.2/doc'
	TEXI2DVI libext2fs.dvi
install -d -m0755 /workspaces/openwrt-radxa-rock5b-plus/openwrt/build_dir/target-aarch64_generic_musl/rpcd-2025.08.09~1905e096/.pkgdir/rpcd/usr/share/rpcd/acl.d
install -m0644 /workspaces/openwrt-radxa-rock5b-plus/openwrt/build_dir/target-aarch64_generic_musl/rpcd-2025.08.09~1905e096/unauthenticated.json /workspaces/openwrt-radxa-rock5b-plus/openwrt/build_dir/target-aarch64_generic_musl/rpcd-2025.08.09~1905e096/.pkgdir/rpcd/usr/share/rpcd/acl.d/unauthenticated.json
install -d -m0755 /workspaces/openwrt-radxa-rock5b-plus/openwrt/build_dir/target-aarch64_generic_musl/rpcd-2025.08.09~1905e096/.pkgdir/rpcd/etc/config
install -m0600 ./files/rpcd.config /workspaces/openwrt-radxa-rock5b-plus/openwrt/build_dir/target-aarch64_generic_musl/rpcd-2025.08.09~1905e096/.pkgdir/rpcd/etc/config/rpcd
install -d -m0755 /workspaces/openwrt-radxa-rock5b-plus/openwrt/build_dir/target-aarch64_generic_musl/rpcd-2025.08.09~1905e096/.pkgdir/rpcd/etc/uci-defaults
install -m0755 ./files/50-migrate-rpcd-ubus-sock.sh /workspaces/openwrt-radxa-rock5b-plus/openwrt/build_dir/target-aarch64_generic_musl/rpcd-2025.08.09~1905e096/.pkgdir/rpcd/etc/uci-defaults
touch /workspaces/openwrt-radxa-rock5b-plus/openwrt/build_dir/target-aarch64_generic_musl/rpcd-2025.08.09~1905e096/.pkgdir/rpcd.installed
mkdir -p /workspaces/openwrt-radxa-rock5b-plus/openwrt/staging_dir/target-aarch64_generic_musl/root-rockchip/stamp
SHELL= flock /workspaces/openwrt-radxa-rock5b-plus/openwrt/tmp/.root-copy.flock -c 'cp -fpR /workspaces/openwrt-radxa-rock5b-plus/openwrt/build_dir/target-aarch64_generic_musl/rpcd-2025.08.09~1905e096/.pkgdir/rpcd/. /workspaces/openwrt-radxa-rock5b-plus/openwrt/staging_dir/target-aarch64_generic_musl/root-rockchip/'
touch /workspaces/openwrt-radxa-rock5b-plus/openwrt/staging_dir/target-aarch64_generic_musl/root-rockchip/stamp/.rpcd_installed
rm -rf /workspaces/openwrt-radxa-rock5b-plus/openwrt/build_dir/target-aarch64_generic_musl/rpcd-2025.08.09~1905e096/ipkg-aarch64_generic/rpcd
/workspaces/openwrt-radxa-rock5b-plus/openwrt/scripts/ipkg-remove rpcd /workspaces/openwrt-radxa-rock5b-plus/openwrt/bin/packages/aarch64_generic/base/rpcd-2025.08.09~1905e096-r1.apk /workspaces/openwrt-radxa-rock5b-plus/openwrt/bin/packages/aarch64_generic/base/rpcd-mod-file-2025.08.09~1905e096-r1.apk /workspaces/openwrt-radxa-rock5b-plus/openwrt/bin/packages/aarch64_generic/base/rpcd-mod-iwinfo-2025.08.09~1905e096-r1.apk /workspaces/openwrt-radxa-rock5b-plus/openwrt/bin/packages/aarch64_generic/base/rpcd-mod-ucode-2025.08.09~1905e096-r1.apk /workspaces/openwrt-radxa-rock5b-plus/openwrt/bin/packages/aarch64_generic/luci/rpcd-mod-luci-20240305-r1.apk /workspaces/openwrt-radxa-rock5b-plus/openwrt/bin/packages/aarch64_generic/luci/rpcd-mod-rrdns-20170710.apk
removed '/workspaces/openwrt-radxa-rock5b-plus/openwrt/bin/packages/aarch64_generic/base/rpcd-2025.08.09~1905e096-r1.apk'
	MKDIR_P /usr/info
	INSTALL_DATA /usr/info/libext2fs.info
	GZIP /usr/info/libext2fs.info*
make[5]: Leaving directory '/workspaces/openwrt-radxa-rock5b-plus/openwrt/build_dir/target-aarch64_generic_musl/e2fsprogs-1.47.2/doc'
make install-libs
make[5]: Entering directory '/workspaces/openwrt-radxa-rock5b-plus/openwrt/build_dir/target-aarch64_generic_musl/e2fsprogs-1.47.2'
making install in lib/et
make[6]: Entering directory '/workspaces/openwrt-radxa-rock5b-plus/openwrt/build_dir/target-aarch64_generic_musl/e2fsprogs-1.47.2/lib/et'
	MKDIR_P /usr/lib /usr/lib
	INSTALL-ELF-LIB /usr/lib/libcom_err.so.0.0
	SYMLINK /usr/lib/libcom_err.so.0
	SYMLINK /usr/lib/libcom_err.so
	LDCONFIG
	MKDIR_P /usr/lib /usr/include/et /usr/share/et /usr/bin /usr/man/man1 /usr/man/man3
	INSTALL_DATA /usr/lib/libcom_err.a
	INSTALL_DATA /usr/include/et/com_err.h
mkdir -p /workspaces/openwrt-radxa-rock5b-plus/openwrt/bin/targets/rockchip/armv8/packages /workspaces/openwrt-radxa-rock5b-plus/openwrt/build_dir/target-aarch64_generic_musl/rpcd-2025.08.09~1905e096/ipkg-aarch64_generic/rpcd /workspaces/openwrt-radxa-rock5b-plus/openwrt/staging_dir/target-aarch64_generic_musl/pkginfo
install -d -m0755 /workspaces/openwrt-radxa-rock5b-plus/openwrt/build_dir/target-aarch64_generic_musl/rpcd-2025.08.09~1905e096/ipkg-aarch64_generic/rpcd/etc/init.d
install -m0755 ./files/rpcd.init /workspaces/openwrt-radxa-rock5b-plus/openwrt/build_dir/target-aarch64_generic_musl/rpcd-2025.08.09~1905e096/ipkg-aarch64_generic/rpcd/etc/init.d/rpcd
install -d -m0755 /workspaces/openwrt-radxa-rock5b-plus/openwrt/build_dir/target-aarch64_generic_musl/rpcd-2025.08.09~1905e096/ipkg-aarch64_generic/rpcd/sbin
install -m0755 /workspaces/openwrt-radxa-rock5b-plus/openwrt/build_dir/target-aarch64_generic_musl/rpcd-2025.08.09~1905e096/rpcd /workspaces/openwrt-radxa-rock5b-plus/openwrt/build_dir/target-aarch64_generic_musl/rpcd-2025.08.09~1905e096/ipkg-aarch64_generic/rpcd/sbin/rpcd
	INSTALL_DATA /usr/share/et/et_c.awk
	INSTALL_DATA /usr/share/et/et_h.awk
install -d -m0755 /workspaces/openwrt-radxa-rock5b-plus/openwrt/build_dir/target-aarch64_generic_musl/rpcd-2025.08.09~1905e096/ipkg-aarch64_generic/rpcd/usr/share/rpcd/acl.d
	INSTALL_SCRIPT /usr/bin/compile_et
	INSTALL_DATA /usr/man/man3/com_err.3
install -m0644 /workspaces/openwrt-radxa-rock5b-plus/openwrt/build_dir/target-aarch64_generic_musl/rpcd-2025.08.09~1905e096/unauthenticated.json /workspaces/openwrt-radxa-rock5b-plus/openwrt/build_dir/target-aarch64_generic_musl/rpcd-2025.08.09~1905e096/ipkg-aarch64_generic/rpcd/usr/share/rpcd/acl.d/unauthenticated.json
install -d -m0755 /workspaces/openwrt-radxa-rock5b-plus/openwrt/build_dir/target-aarch64_generic_musl/rpcd-2025.08.09~1905e096/ipkg-aarch64_generic/rpcd/etc/config
install -m0600 ./files/rpcd.config /workspaces/openwrt-radxa-rock5b-plus/openwrt/build_dir/target-aarch64_generic_musl/rpcd-2025.08.09~1905e096/ipkg-aarch64_generic/rpcd/etc/config/rpcd
install -d -m0755 /workspaces/openwrt-radxa-rock5b-plus/openwrt/build_dir/target-aarch64_generic_musl/rpcd-2025.08.09~1905e096/ipkg-aarch64_generic/rpcd/etc/uci-defaults
	INSTALL_DATA /usr/man/man1/compile_et.1
install -m0755 ./files/50-migrate-rpcd-ubus-sock.sh /workspaces/openwrt-radxa-rock5b-plus/openwrt/build_dir/target-aarch64_generic_musl/rpcd-2025.08.09~1905e096/ipkg-aarch64_generic/rpcd/etc/uci-defaults
find /workspaces/openwrt-radxa-rock5b-plus/openwrt/build_dir/target-aarch64_generic_musl/rpcd-2025.08.09~1905e096/ipkg-aarch64_generic/rpcd -name 'CVS' -o -name '.svn' -o -name '.#*' -o -name '*~'| xargs -r rm -rf
	INSTALL_DATA /usr/lib/pkgconfig/com_err.pc
make[6]: Leaving directory '/workspaces/openwrt-radxa-rock5b-plus/openwrt/build_dir/target-aarch64_generic_musl/e2fsprogs-1.47.2/lib/et'
making install in lib/ss
make[6]: Entering directory '/workspaces/openwrt-radxa-rock5b-plus/openwrt/build_dir/target-aarch64_generic_musl/e2fsprogs-1.47.2/lib/ss'
	MKDIR_P /usr/lib /usr/lib
	INSTALL-ELF-LIB /usr/lib/libss.so.2.0
	SYMLINK /usr/lib/libss.so.2
	SYMLINK /usr/lib/libss.so
export CROSS="aarch64-openwrt-linux-musl-"  NO_RENAME=1 ; NM="aarch64-openwrt-linux-musl-nm" STRIP="/workspaces/openwrt-radxa-rock5b-plus/openwrt/staging_dir/host/bin/sstrip -z" STRIP_KMOD="/workspaces/openwrt-radxa-rock5b-plus/openwrt/scripts/strip-kmod.sh" PATCHELF="/workspaces/openwrt-radxa-rock5b-plus/openwrt/staging_dir/host/bin/patchelf" /workspaces/openwrt-radxa-rock5b-plus/openwrt/scripts/rstrip.sh /workspaces/openwrt-radxa-rock5b-plus/openwrt/build_dir/target-aarch64_generic_musl/rpcd-2025.08.09~1905e096/ipkg-aarch64_generic/rpcd
	LDCONFIG
	MKDIR_P /usr/lib /usr/include/ss /usr/share/ss /usr/bin /usr/lib/pkgconfig /usr/man/man1
	INSTALL_DATA /workspaces/openwrt-radxa-rock5b-plus/openwrt/build_dir/target-aarch64_generic_musl/e2fsprogs-1.47.2/ipkg-install/usr/lib/libss.a
	INSTALL_DATA /workspaces/openwrt-radxa-rock5b-plus/openwrt/build_dir/target-aarch64_generic_musl/e2fsprogs-1.47.2/ipkg-install/usr/include/ss/ss.h
rstrip.sh: /workspaces/openwrt-radxa-rock5b-plus/openwrt/build_dir/target-aarch64_generic_musl/rpcd-2025.08.09~1905e096/ipkg-aarch64_generic/rpcd/sbin/rpcd: executable
	INSTALL_DATA /usr/include/ss/ss_err.h
install -d -m0755 /workspaces/openwrt-radxa-rock5b-plus/openwrt/bin/packages/aarch64_generic/base/tmp
mkdir -p /workspaces/openwrt-radxa-rock5b-plus/openwrt/build_dir/target-aarch64_generic_musl/rpcd-2025.08.09~1905e096/apk-aarch64_generic/rpcd/
	INSTALL_DATA /workspaces/openwrt-radxa-rock5b-plus/openwrt/build_dir/target-aarch64_generic_musl/e2fsprogs-1.47.2/ipkg-install/usr/share/ss/ct_c.awk
mkdir -p /workspaces/openwrt-radxa-rock5b-plus/openwrt/build_dir/target-aarch64_generic_musl/rpcd-2025.08.09~1905e096/ipkg-aarch64_generic/rpcd/lib/apk/packages/
	INSTALL_DATA /workspaces/openwrt-radxa-rock5b-plus/openwrt/build_dir/target-aarch64_generic_musl/e2fsprogs-1.47.2/ipkg-install/usr/share/ss/ct_c.sed
(cd /workspaces/openwrt-radxa-rock5b-plus/openwrt/build_dir/target-aarch64_generic_musl/rpcd-2025.08.09~1905e096/apk-aarch64_generic/rpcd; echo "$V_Package_rpcd_conffiles" > conffiles; )
( echo "#!/bin/sh"; echo "[ \"\${IPKG_NO_SCRIPT}\" = \"1\" ] && exit 0"; echo "[ -s "\${IPKG_INSTROOT}/lib/functions.sh" ] || exit 0"; echo ". \${IPKG_INSTROOT}/lib/functions.sh"; echo 'export root="${IPKG_INSTROOT}"'; echo 'export pkgname="rpcd"'; echo "add_group_and_user"; echo "default_postinst"; [ ! -f /workspaces/openwrt-radxa-rock5b-plus/openwrt/build_dir/target-aarch64_generic_musl/rpcd-2025.08.09~1905e096/apk-aarch64_generic/rpcd/postinst-pkg ] || sed -z 's/^\s*#!/#!/' "/workspaces/openwrt-radxa-rock5b-plus/openwrt/build_dir/target-aarch64_generic_musl/rpcd-2025.08.09~1905e096/apk-aarch64_generic/rpcd/postinst-pkg"; ) > /workspaces/openwrt-radxa-rock5b-plus/openwrt/build_dir/target-aarch64_generic_musl/rpcd-2025.08.09~1905e096/apk-aarch64_generic/rpcd/post-install;
	INSTALL /usr/bin/mk_cmds
	INSTALL_DATA /usr/man/man1/mk_cmds.1
( echo "#!/bin/sh"; echo 'export PKG_UPGRADE=1'; [ ! -f /workspaces/openwrt-radxa-rock5b-plus/openwrt/build_dir/target-aarch64_generic_musl/rpcd-2025.08.09~1905e096/apk-aarch64_generic/rpcd/post-install ] || sed -z 's/^\s*#!/#!/' "/workspaces/openwrt-radxa-rock5b-plus/openwrt/build_dir/target-aarch64_generic_musl/rpcd-2025.08.09~1905e096/apk-aarch64_generic/rpcd/post-install"; ) > /workspaces/openwrt-radxa-rock5b-plus/openwrt/build_dir/target-aarch64_generic_musl/rpcd-2025.08.09~1905e096/apk-aarch64_generic/rpcd/post-upgrade;
	INSTALL_DATA /usr/lib/pkgconfig/ss.pc
make[6]: Leaving directory '/workspaces/openwrt-radxa-rock5b-plus/openwrt/build_dir/target-aarch64_generic_musl/e2fsprogs-1.47.2/lib/ss'
making install in lib/e2p
( echo "#!/bin/sh"; echo "[ -s "\${IPKG_INSTROOT}/lib/functions.sh" ] || exit 0"; echo ". \${IPKG_INSTROOT}/lib/functions.sh"; echo 'export root="${IPKG_INSTROOT}"'; echo 'export pkgname="rpcd"'; echo "default_prerm"; [ ! -f /workspaces/openwrt-radxa-rock5b-plus/openwrt/build_dir/target-aarch64_generic_musl/rpcd-2025.08.09~1905e096/apk-aarch64_generic/rpcd/prerm-pkg ] || sed -z 's/^\s*#!/#!/' "/workspaces/openwrt-radxa-rock5b-plus/openwrt/build_dir/target-aarch64_generic_musl/rpcd-2025.08.09~1905e096/apk-aarch64_generic/rpcd/prerm-pkg"; ) > /workspaces/openwrt-radxa-rock5b-plus/openwrt/build_dir/target-aarch64_generic_musl/rpcd-2025.08.09~1905e096/apk-aarch64_generic/rpcd/pre-deinstall;
make[6]: Entering directory '/workspaces/openwrt-radxa-rock5b-plus/openwrt/build_dir/target-aarch64_generic_musl/e2fsprogs-1.47.2/lib/e2p'
[ ! -f /workspaces/openwrt-radxa-rock5b-plus/openwrt/build_dir/target-aarch64_generic_musl/rpcd-2025.08.09~1905e096/apk-aarch64_generic/rpcd/postrm ] || sed -zi 's/^\s*#!/#!/' "/workspaces/openwrt-radxa-rock5b-plus/openwrt/build_dir/target-aarch64_generic_musl/rpcd-2025.08.09~1905e096/apk-aarch64_generic/rpcd/postrm";
	MKDIR_P /usr/lib /usr/lib
if [ -n "" ]; then echo  > /workspaces/openwrt-radxa-rock5b-plus/openwrt/build_dir/target-aarch64_generic_musl/rpcd-2025.08.09~1905e096/ipkg-aarch64_generic/rpcd/lib/apk/packages/rpcd.rusers; fi;
if [ -n "" ]; then echo  > /workspaces/openwrt-radxa-rock5b-plus/openwrt/build_dir/target-aarch64_generic_musl/rpcd-2025.08.09~1905e096/ipkg-aarch64_generic/rpcd/lib/apk/packages/rpcd.alternatives; fi;
(cd /workspaces/openwrt-radxa-rock5b-plus/openwrt/build_dir/target-aarch64_generic_musl/rpcd-2025.08.09~1905e096/ipkg-aarch64_generic/rpcd && find . -type f,l -printf "/%P\n" | sort > /workspaces/openwrt-radxa-rock5b-plus/openwrt/tmp/rpcd.list && mv /workspaces/openwrt-radxa-rock5b-plus/openwrt/tmp/rpcd.list /workspaces/openwrt-radxa-rock5b-plus/openwrt/build_dir/target-aarch64_generic_musl/rpcd-2025.08.09~1905e096/ipkg-aarch64_generic/rpcd/lib/apk/packages/rpcd.list)
	INSTALL-ELF-LIB /usr/lib/libe2p.so.2.3
	SYMLINK /usr/lib/libe2p.so.2
# Move conffiles to IDIR and build conffiles_static with csums
if [ -f /workspaces/openwrt-radxa-rock5b-plus/openwrt/build_dir/target-aarch64_generic_musl/rpcd-2025.08.09~1905e096/apk-aarch64_generic/rpcd/conffiles ]; then mv -f /workspaces/openwrt-radxa-rock5b-plus/openwrt/build_dir/target-aarch64_generic_musl/rpcd-2025.08.09~1905e096/apk-aarch64_generic/rpcd/conffiles /workspaces/openwrt-radxa-rock5b-plus/openwrt/build_dir/target-aarch64_generic_musl/rpcd-2025.08.09~1905e096/ipkg-aarch64_generic/rpcd/lib/apk/packages/rpcd.conffiles; for file in $(cat /workspaces/openwrt-radxa-rock5b-plus/openwrt/build_dir/target-aarch64_generic_musl/rpcd-2025.08.09~1905e096/ipkg-aarch64_generic/rpcd/lib/apk/packages/rpcd.conffiles); do [ -f /workspaces/openwrt-radxa-rock5b-plus/openwrt/build_dir/target-aarch64_generic_musl/rpcd-2025.08.09~1905e096/ipkg-aarch64_generic/rpcd/$file ] || continue; csum=$(/workspaces/openwrt-radxa-rock5b-plus/openwrt/staging_dir/host/bin/mkhash sha256 /workspaces/openwrt-radxa-rock5b-plus/openwrt/build_dir/target-aarch64_generic_musl/rpcd-2025.08.09~1905e096/ipkg-aarch64_generic/rpcd/$file); echo $file $csum >> /workspaces/openwrt-radxa-rock5b-plus/openwrt/build_dir/target-aarch64_generic_musl/rpcd-2025.08.09~1905e096/ipkg-aarch64_generic/rpcd/lib/apk/packages/rpcd.conffiles_static; done; fi
# Some package (base-files) manually append stuff to conffiles
	SYMLINK /usr/lib/libe2p.so
# Append stuff from it and delete the CONTROL directory since everything else should be migrated
if [ -f /workspaces/openwrt-radxa-rock5b-plus/openwrt/build_dir/target-aarch64_generic_musl/rpcd-2025.08.09~1905e096/ipkg-aarch64_generic/rpcd/CONTROL/conffiles ]; then echo $(IDIR_rpcd)/CONTROL/conffiles >> /workspaces/openwrt-radxa-rock5b-plus/openwrt/build_dir/target-aarch64_generic_musl/rpcd-2025.08.09~1905e096/ipkg-aarch64_generic/rpcd/lib/apk/packages/rpcd.conffiles; for file in $(cat /workspaces/openwrt-radxa-rock5b-plus/openwrt/build_dir/target-aarch64_generic_musl/rpcd-2025.08.09~1905e096/ipkg-aarch64_generic/rpcd/CONTROL/conffiles); do [ -f /workspaces/openwrt-radxa-rock5b-plus/openwrt/build_dir/target-aarch64_generic_musl/rpcd-2025.08.09~1905e096/ipkg-aarch64_generic/rpcd/$file ] || continue; csum=$(/workspaces/openwrt-radxa-rock5b-plus/openwrt/staging_dir/host/bin/mkhash sha256 /workspaces/openwrt-radxa-rock5b-plus/openwrt/build_dir/target-aarch64_generic_musl/rpcd-2025.08.09~1905e096/ipkg-aarch64_generic/rpcd/$file); echo $file $csum >> /workspaces/openwrt-radxa-rock5b-plus/openwrt/build_dir/target-aarch64_generic_musl/rpcd-2025.08.09~1905e096/ipkg-aarch64_generic/rpcd/lib/apk/packages/rpcd.conffiles_static; done; rm -rf /workspaces/openwrt-radxa-rock5b-plus/openwrt/build_dir/target-aarch64_generic_musl/rpcd-2025.08.09~1905e096/ipkg-aarch64_generic/rpcd/CONTROL/conffiles; fi
if [ -z "$(ls -A /workspaces/openwrt-radxa-rock5b-plus/openwrt/build_dir/target-aarch64_generic_musl/rpcd-2025.08.09~1905e096/ipkg-aarch64_generic/rpcd/CONTROL 2>/dev/null)" ]; then rm -rf /workspaces/openwrt-radxa-rock5b-plus/openwrt/build_dir/target-aarch64_generic_musl/rpcd-2025.08.09~1905e096/ipkg-aarch64_generic/rpcd/CONTROL; else echo "CONTROL directory /workspaces/openwrt-radxa-rock5b-plus/openwrt/build_dir/target-aarch64_generic_musl/rpcd-2025.08.09~1905e096/ipkg-aarch64_generic/rpcd/CONTROL is not empty! This is not right and should be checked!" >&2; exit 1; fi
	LDCONFIG
	MKDIR_P /usr/lib /usr/include/e2p
/workspaces/openwrt-radxa-rock5b-plus/openwrt/staging_dir/host/bin/fakeroot /workspaces/openwrt-radxa-rock5b-plus/openwrt/staging_dir/host/bin/apk mkpkg --info "name:rpcd" --info "version:2025.08.09~1905e096-r1"  --info "description:This package provides the UBUS RPC backend server to expose various functionality to frontend programs via JSON-RPC." --info "arch:aarch64_generic" --info "license:ISC" --info "origin:feeds/base/system/rpcd" --info "url:" --info "maintainer:Jo-Philipp Wich <jo@mein.io>" --info "provides:"  --script "post-install:/workspaces/openwrt-radxa-rock5b-plus/openwrt/build_dir/target-aarch64_generic_musl/rpcd-2025.08.09~1905e096/apk-aarch64_generic/rpcd/post-install" --script "post-upgrade:/workspaces/openwrt-radxa-rock5b-plus/openwrt/build_dir/target-aarch64_generic_musl/rpcd-2025.08.09~1905e096/apk-aarch64_generic/rpcd/post-upgrade" --script "pre-deinstall:/workspaces/openwrt-radxa-rock5b-plus/openwrt/build_dir/target-aarch64_generic_musl/rpcd-2025.08.09~1905e096/apk-aarch64_generic/rpcd/pre-deinstall" --info "depends:libc libubus20250702 libubox20250723 libuci20250120 libblobmsg-json20250723 libjson-c5" --files "/workspaces/openwrt-radxa-rock5b-plus/openwrt/build_dir/target-aarch64_generic_musl/rpcd-2025.08.09~1905e096/ipkg-aarch64_generic/rpcd" --output "/workspaces/openwrt-radxa-rock5b-plus/openwrt/bin/packages/aarch64_generic/base/rpcd-2025.08.09~1905e096-r1.apk" --sign "/workspaces/openwrt-radxa-rock5b-plus/openwrt/private-key.pem"
	INSTALL_DATA /usr/lib/libe2p.a
rm -rf /workspaces/openwrt-radxa-rock5b-plus/openwrt/build_dir/target-aarch64_generic_musl/rpcd-2025.08.09~1905e096/ipkg-aarch64_generic/rpcd-mod-file
/workspaces/openwrt-radxa-rock5b-plus/openwrt/scripts/ipkg-remove rpcd-mod-file /workspaces/openwrt-radxa-rock5b-plus/openwrt/bin/packages/aarch64_generic/base/rpcd-mod-file-2025.08.09~1905e096-r1.apk
	INSTALL_DATA /usr/include/e2p/e2p.h
removed '/workspaces/openwrt-radxa-rock5b-plus/openwrt/bin/packages/aarch64_generic/base/rpcd-mod-file-2025.08.09~1905e096-r1.apk'
mkdir -p /workspaces/openwrt-radxa-rock5b-plus/openwrt/bin/targets/rockchip/armv8/packages /workspaces/openwrt-radxa-rock5b-plus/openwrt/build_dir/target-aarch64_generic_musl/rpcd-2025.08.09~1905e096/ipkg-aarch64_generic/rpcd-mod-file /workspaces/openwrt-radxa-rock5b-plus/openwrt/staging_dir/target-aarch64_generic_musl/pkginfo
	INSTALL_DATA /usr/lib/pkgconfig/e2p.pc
install -d -m0755 /workspaces/openwrt-radxa-rock5b-plus/openwrt/build_dir/target-aarch64_generic_musl/rpcd-2025.08.09~1905e096/ipkg-aarch64_generic/rpcd-mod-file/usr/lib/rpcd
make[6]: Leaving directory '/workspaces/openwrt-radxa-rock5b-plus/openwrt/build_dir/target-aarch64_generic_musl/e2fsprogs-1.47.2/lib/e2p'
install -m0755 /workspaces/openwrt-radxa-rock5b-plus/openwrt/build_dir/target-aarch64_generic_musl/rpcd-2025.08.09~1905e096/file.so /workspaces/openwrt-radxa-rock5b-plus/openwrt/build_dir/target-aarch64_generic_musl/rpcd-2025.08.09~1905e096/ipkg-aarch64_generic/rpcd-mod-file/usr/lib/rpcd/
making install in lib/support
make[6]: Entering directory '/workspaces/openwrt-radxa-rock5b-plus/openwrt/build_dir/target-aarch64_generic_musl/e2fsprogs-1.47.2/lib/support'
make[6]: Nothing to be done for 'install'.
make[6]: Leaving directory '/workspaces/openwrt-radxa-rock5b-plus/openwrt/build_dir/target-aarch64_generic_musl/e2fsprogs-1.47.2/lib/support'
making install in lib/ext2fs
make[6]: Entering directory '/workspaces/openwrt-radxa-rock5b-plus/openwrt/build_dir/target-aarch64_generic_musl/e2fsprogs-1.47.2/lib/ext2fs'
	MKDIR_P /usr/lib /usr/lib
	INSTALL-ELF-LIB /usr/lib/libext2fs.so.2.4
	SYMLINK /usr/lib/libext2fs.so.2
find /workspaces/openwrt-radxa-rock5b-plus/openwrt/build_dir/target-aarch64_generic_musl/rpcd-2025.08.09~1905e096/ipkg-aarch64_generic/rpcd-mod-file -name 'CVS' -o -name '.svn' -o -name '.#*' -o -name '*~'| xargs -r rm -rf
	SYMLINK /usr/lib/libext2fs.so
	LDCONFIG
	MKDIR_P /usr/lib /usr/include/ext2fs
	INSTALL_DATA /usr/lib/libext2fs.a
export CROSS="aarch64-openwrt-linux-musl-"  NO_RENAME=1 ; NM="aarch64-openwrt-linux-musl-nm" STRIP="/workspaces/openwrt-radxa-rock5b-plus/openwrt/staging_dir/host/bin/sstrip -z" STRIP_KMOD="/workspaces/openwrt-radxa-rock5b-plus/openwrt/scripts/strip-kmod.sh" PATCHELF="/workspaces/openwrt-radxa-rock5b-plus/openwrt/staging_dir/host/bin/patchelf" /workspaces/openwrt-radxa-rock5b-plus/openwrt/scripts/rstrip.sh /workspaces/openwrt-radxa-rock5b-plus/openwrt/build_dir/target-aarch64_generic_musl/rpcd-2025.08.09~1905e096/ipkg-aarch64_generic/rpcd-mod-file
rstrip.sh: /workspaces/openwrt-radxa-rock5b-plus/openwrt/build_dir/target-aarch64_generic_musl/rpcd-2025.08.09~1905e096/ipkg-aarch64_generic/rpcd-mod-file/usr/lib/rpcd/file.so: shared object
install -d -m0755 /workspaces/openwrt-radxa-rock5b-plus/openwrt/bin/packages/aarch64_generic/base/tmp
mkdir -p /workspaces/openwrt-radxa-rock5b-plus/openwrt/build_dir/target-aarch64_generic_musl/rpcd-2025.08.09~1905e096/apk-aarch64_generic/rpcd-mod-file/
mkdir -p /workspaces/openwrt-radxa-rock5b-plus/openwrt/build_dir/target-aarch64_generic_musl/rpcd-2025.08.09~1905e096/ipkg-aarch64_generic/rpcd-mod-file/lib/apk/packages/
(cd /workspaces/openwrt-radxa-rock5b-plus/openwrt/build_dir/target-aarch64_generic_musl/rpcd-2025.08.09~1905e096/apk-aarch64_generic/rpcd-mod-file; echo "$V_Package_rpcd_mod_file_postinst" > postinst-pkg; chmod 0755 postinst-pkg;)
( echo "#!/bin/sh"; echo "[ \"\${IPKG_NO_SCRIPT}\" = \"1\" ] && exit 0"; echo "[ -s "\${IPKG_INSTROOT}/lib/functions.sh" ] || exit 0"; echo ". \${IPKG_INSTROOT}/lib/functions.sh"; echo 'export root="${IPKG_INSTROOT}"'; echo 'export pkgname="rpcd-mod-file"'; echo "add_group_and_user"; echo "default_postinst"; [ ! -f /workspaces/openwrt-radxa-rock5b-plus/openwrt/build_dir/target-aarch64_generic_musl/rpcd-2025.08.09~1905e096/apk-aarch64_generic/rpcd-mod-file/postinst-pkg ] || sed -z 's/^\s*#!/#!/' "/workspaces/openwrt-radxa-rock5b-plus/openwrt/build_dir/target-aarch64_generic_musl/rpcd-2025.08.09~1905e096/apk-aarch64_generic/rpcd-mod-file/postinst-pkg"; ) > /workspaces/openwrt-radxa-rock5b-plus/openwrt/build_dir/target-aarch64_generic_musl/rpcd-2025.08.09~1905e096/apk-aarch64_generic/rpcd-mod-file/post-install;
( echo "#!/bin/sh"; echo 'export PKG_UPGRADE=1'; [ ! -f /workspaces/openwrt-radxa-rock5b-plus/openwrt/build_dir/target-aarch64_generic_musl/rpcd-2025.08.09~1905e096/apk-aarch64_generic/rpcd-mod-file/post-install ] || sed -z 's/^\s*#!/#!/' "/workspaces/openwrt-radxa-rock5b-plus/openwrt/build_dir/target-aarch64_generic_musl/rpcd-2025.08.09~1905e096/apk-aarch64_generic/rpcd-mod-file/post-install"; ) > /workspaces/openwrt-radxa-rock5b-plus/openwrt/build_dir/target-aarch64_generic_musl/rpcd-2025.08.09~1905e096/apk-aarch64_generic/rpcd-mod-file/post-upgrade;
( echo "#!/bin/sh"; echo "[ -s "\${IPKG_INSTROOT}/lib/functions.sh" ] || exit 0"; echo ". \${IPKG_INSTROOT}/lib/functions.sh"; echo 'export root="${IPKG_INSTROOT}"'; echo 'export pkgname="rpcd-mod-file"'; echo "default_prerm"; [ ! -f /workspaces/openwrt-radxa-rock5b-plus/openwrt/build_dir/target-aarch64_generic_musl/rpcd-2025.08.09~1905e096/apk-aarch64_generic/rpcd-mod-file/prerm-pkg ] || sed -z 's/^\s*#!/#!/' "/workspaces/openwrt-radxa-rock5b-plus/openwrt/build_dir/target-aarch64_generic_musl/rpcd-2025.08.09~1905e096/apk-aarch64_generic/rpcd-mod-file/prerm-pkg"; ) > /workspaces/openwrt-radxa-rock5b-plus/openwrt/build_dir/target-aarch64_generic_musl/rpcd-2025.08.09~1905e096/apk-aarch64_generic/rpcd-mod-file/pre-deinstall;
[ ! -f /workspaces/openwrt-radxa-rock5b-plus/openwrt/build_dir/target-aarch64_generic_musl/rpcd-2025.08.09~1905e096/apk-aarch64_generic/rpcd-mod-file/postrm ] || sed -zi 's/^\s*#!/#!/' "/workspaces/openwrt-radxa-rock5b-plus/openwrt/build_dir/target-aarch64_generic_musl/rpcd-2025.08.09~1905e096/apk-aarch64_generic/rpcd-mod-file/postrm";
if [ -n "" ]; then echo  > /workspaces/openwrt-radxa-rock5b-plus/openwrt/build_dir/target-aarch64_generic_musl/rpcd-2025.08.09~1905e096/ipkg-aarch64_generic/rpcd-mod-file/lib/apk/packages/rpcd-mod-file.rusers; fi;
if [ -n "" ]; then echo  > /workspaces/openwrt-radxa-rock5b-plus/openwrt/build_dir/target-aarch64_generic_musl/rpcd-2025.08.09~1905e096/ipkg-aarch64_generic/rpcd-mod-file/lib/apk/packages/rpcd-mod-file.alternatives; fi;
(cd /workspaces/openwrt-radxa-rock5b-plus/openwrt/build_dir/target-aarch64_generic_musl/rpcd-2025.08.09~1905e096/ipkg-aarch64_generic/rpcd-mod-file && find . -type f,l -printf "/%P\n" | sort > /workspaces/openwrt-radxa-rock5b-plus/openwrt/tmp/rpcd-mod-file.list && mv /workspaces/openwrt-radxa-rock5b-plus/openwrt/tmp/rpcd-mod-file.list /workspaces/openwrt-radxa-rock5b-plus/openwrt/build_dir/target-aarch64_generic_musl/rpcd-2025.08.09~1905e096/ipkg-aarch64_generic/rpcd-mod-file/lib/apk/packages/rpcd-mod-file.list)
# Move conffiles to IDIR and build conffiles_static with csums
if [ -f /workspaces/openwrt-radxa-rock5b-plus/openwrt/build_dir/target-aarch64_generic_musl/rpcd-2025.08.09~1905e096/apk-aarch64_generic/rpcd-mod-file/conffiles ]; then mv -f /workspaces/openwrt-radxa-rock5b-plus/openwrt/build_dir/target-aarch64_generic_musl/rpcd-2025.08.09~1905e096/apk-aarch64_generic/rpcd-mod-file/conffiles /workspaces/openwrt-radxa-rock5b-plus/openwrt/build_dir/target-aarch64_generic_musl/rpcd-2025.08.09~1905e096/ipkg-aarch64_generic/rpcd-mod-file/lib/apk/packages/rpcd-mod-file.conffiles; for file in $(cat /workspaces/openwrt-radxa-rock5b-plus/openwrt/build_dir/target-aarch64_generic_musl/rpcd-2025.08.09~1905e096/ipkg-aarch64_generic/rpcd-mod-file/lib/apk/packages/rpcd-mod-file.conffiles); do [ -f /workspaces/openwrt-radxa-rock5b-plus/openwrt/build_dir/target-aarch64_generic_musl/rpcd-2025.08.09~1905e096/ipkg-aarch64_generic/rpcd-mod-file/$file ] || continue; csum=$(/workspaces/openwrt-radxa-rock5b-plus/openwrt/staging_dir/host/bin/mkhash sha256 /workspaces/openwrt-radxa-rock5b-plus/openwrt/build_dir/target-aarch64_generic_musl/rpcd-2025.08.09~1905e096/ipkg-aarch64_generic/rpcd-mod-file/$file); echo $file $csum >> /workspaces/openwrt-radxa-rock5b-plus/openwrt/build_dir/target-aarch64_generic_musl/rpcd-2025.08.09~1905e096/ipkg-aarch64_generic/rpcd-mod-file/lib/apk/packages/rpcd-mod-file.conffiles_static; done; fi
# Some package (base-files) manually append stuff to conffiles
# Append stuff from it and delete the CONTROL directory since everything else should be migrated
if [ -f /workspaces/openwrt-radxa-rock5b-plus/openwrt/build_dir/target-aarch64_generic_musl/rpcd-2025.08.09~1905e096/ipkg-aarch64_generic/rpcd-mod-file/CONTROL/conffiles ]; then echo $(IDIR_rpcd-mod-file)/CONTROL/conffiles >> /workspaces/openwrt-radxa-rock5b-plus/openwrt/build_dir/target-aarch64_generic_musl/rpcd-2025.08.09~1905e096/ipkg-aarch64_generic/rpcd-mod-file/lib/apk/packages/rpcd-mod-file.conffiles; for file in $(cat /workspaces/openwrt-radxa-rock5b-plus/openwrt/build_dir/target-aarch64_generic_musl/rpcd-2025.08.09~1905e096/ipkg-aarch64_generic/rpcd-mod-file/CONTROL/conffiles); do [ -f /workspaces/openwrt-radxa-rock5b-plus/openwrt/build_dir/target-aarch64_generic_musl/rpcd-2025.08.09~1905e096/ipkg-aarch64_generic/rpcd-mod-file/$file ] || continue; csum=$(/workspaces/openwrt-radxa-rock5b-plus/openwrt/staging_dir/host/bin/mkhash sha256 /workspaces/openwrt-radxa-rock5b-plus/openwrt/build_dir/target-aarch64_generic_musl/rpcd-2025.08.09~1905e096/ipkg-aarch64_generic/rpcd-mod-file/$file); echo $file $csum >> /workspaces/openwrt-radxa-rock5b-plus/openwrt/build_dir/target-aarch64_generic_musl/rpcd-2025.08.09~1905e096/ipkg-aarch64_generic/rpcd-mod-file/lib/apk/packages/rpcd-mod-file.conffiles_static; done; rm -rf /workspaces/openwrt-radxa-rock5b-plus/openwrt/build_dir/target-aarch64_generic_musl/rpcd-2025.08.09~1905e096/ipkg-aarch64_generic/rpcd-mod-file/CONTROL/conffiles; fi
if [ -z "$(ls -A /workspaces/openwrt-radxa-rock5b-plus/openwrt/build_dir/target-aarch64_generic_musl/rpcd-2025.08.09~1905e096/ipkg-aarch64_generic/rpcd-mod-file/CONTROL 2>/dev/null)" ]; then rm -rf /workspaces/openwrt-radxa-rock5b-plus/openwrt/build_dir/target-aarch64_generic_musl/rpcd-2025.08.09~1905e096/ipkg-aarch64_generic/rpcd-mod-file/CONTROL; else echo "CONTROL directory /workspaces/openwrt-radxa-rock5b-plus/openwrt/build_dir/target-aarch64_generic_musl/rpcd-2025.08.09~1905e096/ipkg-aarch64_generic/rpcd-mod-file/CONTROL is not empty! This is not right and should be checked!" >&2; exit 1; fi
/workspaces/openwrt-radxa-rock5b-plus/openwrt/staging_dir/host/bin/fakeroot /workspaces/openwrt-radxa-rock5b-plus/openwrt/staging_dir/host/bin/apk mkpkg --info "name:rpcd-mod-file" --info "version:2025.08.09~1905e096-r1"  --info "description:Provides ubus calls for file and directory operations." --info "arch:aarch64_generic" --info "license:ISC" --info "origin:feeds/base/system/rpcd" --info "url:" --info "maintainer:Jo-Philipp Wich <jo@mein.io>" --info "provides:"  --script "post-install:/workspaces/openwrt-radxa-rock5b-plus/openwrt/build_dir/target-aarch64_generic_musl/rpcd-2025.08.09~1905e096/apk-aarch64_generic/rpcd-mod-file/post-install" --script "post-upgrade:/workspaces/openwrt-radxa-rock5b-plus/openwrt/build_dir/target-aarch64_generic_musl/rpcd-2025.08.09~1905e096/apk-aarch64_generic/rpcd-mod-file/post-upgrade" --script "pre-deinstall:/workspaces/openwrt-radxa-rock5b-plus/openwrt/build_dir/target-aarch64_generic_musl/rpcd-2025.08.09~1905e096/apk-aarch64_generic/rpcd-mod-file/pre-deinstall" --info "depends:libc libubus20250702 libubox20250723 rpcd" --files "/workspaces/openwrt-radxa-rock5b-plus/openwrt/build_dir/target-aarch64_generic_musl/rpcd-2025.08.09~1905e096/ipkg-aarch64_generic/rpcd-mod-file" --output "/workspaces/openwrt-radxa-rock5b-plus/openwrt/bin/packages/aarch64_generic/base/rpcd-mod-file-2025.08.09~1905e096-r1.apk" --sign "/workspaces/openwrt-radxa-rock5b-plus/openwrt/private-key.pem"
rm -rf /workspaces/openwrt-radxa-rock5b-plus/openwrt/build_dir/target-aarch64_generic_musl/rpcd-2025.08.09~1905e096/ipkg-aarch64_generic/rpcd-mod-iwinfo
/workspaces/openwrt-radxa-rock5b-plus/openwrt/scripts/ipkg-remove rpcd-mod-iwinfo /workspaces/openwrt-radxa-rock5b-plus/openwrt/bin/packages/aarch64_generic/base/rpcd-mod-iwinfo-2025.08.09~1905e096-r1.apk
removed '/workspaces/openwrt-radxa-rock5b-plus/openwrt/bin/packages/aarch64_generic/base/rpcd-mod-iwinfo-2025.08.09~1905e096-r1.apk'
mkdir -p /workspaces/openwrt-radxa-rock5b-plus/openwrt/bin/targets/rockchip/armv8/packages /workspaces/openwrt-radxa-rock5b-plus/openwrt/build_dir/target-aarch64_generic_musl/rpcd-2025.08.09~1905e096/ipkg-aarch64_generic/rpcd-mod-iwinfo /workspaces/openwrt-radxa-rock5b-plus/openwrt/staging_dir/target-aarch64_generic_musl/pkginfo
install -d -m0755 /workspaces/openwrt-radxa-rock5b-plus/openwrt/build_dir/target-aarch64_generic_musl/rpcd-2025.08.09~1905e096/ipkg-aarch64_generic/rpcd-mod-iwinfo/usr/lib/rpcd
install -m0755 /workspaces/openwrt-radxa-rock5b-plus/openwrt/build_dir/target-aarch64_generic_musl/rpcd-2025.08.09~1905e096/iwinfo.so /workspaces/openwrt-radxa-rock5b-plus/openwrt/build_dir/target-aarch64_generic_musl/rpcd-2025.08.09~1905e096/ipkg-aarch64_generic/rpcd-mod-iwinfo/usr/lib/rpcd/
find /workspaces/openwrt-radxa-rock5b-plus/openwrt/build_dir/target-aarch64_generic_musl/rpcd-2025.08.09~1905e096/ipkg-aarch64_generic/rpcd-mod-iwinfo -name 'CVS' -o -name '.svn' -o -name '.#*' -o -name '*~'| xargs -r rm -rf
	INSTALL_DATA /usr/include/ext2fs/bitops.h
	INSTALL_DATA /usr/include/ext2fs/ext2fs.h
export CROSS="aarch64-openwrt-linux-musl-"  NO_RENAME=1 ; NM="aarch64-openwrt-linux-musl-nm" STRIP="/workspaces/openwrt-radxa-rock5b-plus/openwrt/staging_dir/host/bin/sstrip -z" STRIP_KMOD="/workspaces/openwrt-radxa-rock5b-plus/openwrt/scripts/strip-kmod.sh" PATCHELF="/workspaces/openwrt-radxa-rock5b-plus/openwrt/staging_dir/host/bin/patchelf" /workspaces/openwrt-radxa-rock5b-plus/openwrt/scripts/rstrip.sh /workspaces/openwrt-radxa-rock5b-plus/openwrt/build_dir/target-aarch64_generic_musl/rpcd-2025.08.09~1905e096/ipkg-aarch64_generic/rpcd-mod-iwinfo
rstrip.sh: /workspaces/openwrt-radxa-rock5b-plus/openwrt/build_dir/target-aarch64_generic_musl/rpcd-2025.08.09~1905e096/ipkg-aarch64_generic/rpcd-mod-iwinfo/usr/lib/rpcd/iwinfo.so: shared object
install -d -m0755 /workspaces/openwrt-radxa-rock5b-plus/openwrt/bin/packages/aarch64_generic/base/tmp
mkdir -p /workspaces/openwrt-radxa-rock5b-plus/openwrt/build_dir/target-aarch64_generic_musl/rpcd-2025.08.09~1905e096/apk-aarch64_generic/rpcd-mod-iwinfo/
mkdir -p /workspaces/openwrt-radxa-rock5b-plus/openwrt/build_dir/target-aarch64_generic_musl/rpcd-2025.08.09~1905e096/ipkg-aarch64_generic/rpcd-mod-iwinfo/lib/apk/packages/
(cd /workspaces/openwrt-radxa-rock5b-plus/openwrt/build_dir/target-aarch64_generic_musl/rpcd-2025.08.09~1905e096/apk-aarch64_generic/rpcd-mod-iwinfo; echo "$V_Package_rpcd_mod_iwinfo_postinst" > postinst-pkg; chmod 0755 postinst-pkg;)
( echo "#!/bin/sh"; echo "[ \"\${IPKG_NO_SCRIPT}\" = \"1\" ] && exit 0"; echo "[ -s "\${IPKG_INSTROOT}/lib/functions.sh" ] || exit 0"; echo ". \${IPKG_INSTROOT}/lib/functions.sh"; echo 'export root="${IPKG_INSTROOT}"'; echo 'export pkgname="rpcd-mod-iwinfo"'; echo "add_group_and_user"; echo "default_postinst"; [ ! -f /workspaces/openwrt-radxa-rock5b-plus/openwrt/build_dir/target-aarch64_generic_musl/rpcd-2025.08.09~1905e096/apk-aarch64_generic/rpcd-mod-iwinfo/postinst-pkg ] || sed -z 's/^\s*#!/#!/' "/workspaces/openwrt-radxa-rock5b-plus/openwrt/build_dir/target-aarch64_generic_musl/rpcd-2025.08.09~1905e096/apk-aarch64_generic/rpcd-mod-iwinfo/postinst-pkg"; ) > /workspaces/openwrt-radxa-rock5b-plus/openwrt/build_dir/target-aarch64_generic_musl/rpcd-2025.08.09~1905e096/apk-aarch64_generic/rpcd-mod-iwinfo/post-install;
	INSTALL_DATA /usr/include/ext2fs/ext2_io.h
( echo "#!/bin/sh"; echo 'export PKG_UPGRADE=1'; [ ! -f /workspaces/openwrt-radxa-rock5b-plus/openwrt/build_dir/target-aarch64_generic_musl/rpcd-2025.08.09~1905e096/apk-aarch64_generic/rpcd-mod-iwinfo/post-install ] || sed -z 's/^\s*#!/#!/' "/workspaces/openwrt-radxa-rock5b-plus/openwrt/build_dir/target-aarch64_generic_musl/rpcd-2025.08.09~1905e096/apk-aarch64_generic/rpcd-mod-iwinfo/post-install"; ) > /workspaces/openwrt-radxa-rock5b-plus/openwrt/build_dir/target-aarch64_generic_musl/rpcd-2025.08.09~1905e096/apk-aarch64_generic/rpcd-mod-iwinfo/post-upgrade;
	INSTALL_DATA /usr/include/ext2fs/ext2_fs.h
( echo "#!/bin/sh"; echo "[ -s "\${IPKG_INSTROOT}/lib/functions.sh" ] || exit 0"; echo ". \${IPKG_INSTROOT}/lib/functions.sh"; echo 'export root="${IPKG_INSTROOT}"'; echo 'export pkgname="rpcd-mod-iwinfo"'; echo "default_prerm"; [ ! -f /workspaces/openwrt-radxa-rock5b-plus/openwrt/build_dir/target-aarch64_generic_musl/rpcd-2025.08.09~1905e096/apk-aarch64_generic/rpcd-mod-iwinfo/prerm-pkg ] || sed -z 's/^\s*#!/#!/' "/workspaces/openwrt-radxa-rock5b-plus/openwrt/build_dir/target-aarch64_generic_musl/rpcd-2025.08.09~1905e096/apk-aarch64_generic/rpcd-mod-iwinfo/prerm-pkg"; ) > /workspaces/openwrt-radxa-rock5b-plus/openwrt/build_dir/target-aarch64_generic_musl/rpcd-2025.08.09~1905e096/apk-aarch64_generic/rpcd-mod-iwinfo/pre-deinstall;
	INSTALL_DATA /usr/include/ext2fs/ext2_ext_attr.h
	INSTALL_DATA /usr/include/ext2fs/ext3_extents.h
[ ! -f /workspaces/openwrt-radxa-rock5b-plus/openwrt/build_dir/target-aarch64_generic_musl/rpcd-2025.08.09~1905e096/apk-aarch64_generic/rpcd-mod-iwinfo/postrm ] || sed -zi 's/^\s*#!/#!/' "/workspaces/openwrt-radxa-rock5b-plus/openwrt/build_dir/target-aarch64_generic_musl/rpcd-2025.08.09~1905e096/apk-aarch64_generic/rpcd-mod-iwinfo/postrm";
	INSTALL_DATA /usr/include/ext2fs/tdb.h
if [ -n "" ]; then echo  > /workspaces/openwrt-radxa-rock5b-plus/openwrt/build_dir/target-aarch64_generic_musl/rpcd-2025.08.09~1905e096/ipkg-aarch64_generic/rpcd-mod-iwinfo/lib/apk/packages/rpcd-mod-iwinfo.rusers; fi;
if [ -n "" ]; then echo  > /workspaces/openwrt-radxa-rock5b-plus/openwrt/build_dir/target-aarch64_generic_musl/rpcd-2025.08.09~1905e096/ipkg-aarch64_generic/rpcd-mod-iwinfo/lib/apk/packages/rpcd-mod-iwinfo.alternatives; fi;
	INSTALL_DATA /usr/include/ext2fs/qcow2.h
	INSTALL_DATA /usr/include/ext2fs/hashmap.h
(cd /workspaces/openwrt-radxa-rock5b-plus/openwrt/build_dir/target-aarch64_generic_musl/rpcd-2025.08.09~1905e096/ipkg-aarch64_generic/rpcd-mod-iwinfo && find . -type f,l -printf "/%P\n" | sort > /workspaces/openwrt-radxa-rock5b-plus/openwrt/tmp/rpcd-mod-iwinfo.list && mv /workspaces/openwrt-radxa-rock5b-plus/openwrt/tmp/rpcd-mod-iwinfo.list /workspaces/openwrt-radxa-rock5b-plus/openwrt/build_dir/target-aarch64_generic_musl/rpcd-2025.08.09~1905e096/ipkg-aarch64_generic/rpcd-mod-iwinfo/lib/apk/packages/rpcd-mod-iwinfo.list)
	INSTALL_DATA /usr/include/ext2fs/ext2_err.h
	INSTALL_DATA /usr/include/ext2fs/ext2_types.h
# Move conffiles to IDIR and build conffiles_static with csums
	INSTALL_DATA /usr/lib/pkgconfig/ext2fs.pc
make[6]: Leaving directory '/workspaces/openwrt-radxa-rock5b-plus/openwrt/build_dir/target-aarch64_generic_musl/e2fsprogs-1.47.2/lib/ext2fs'
make[5]: Leaving directory '/workspaces/openwrt-radxa-rock5b-plus/openwrt/build_dir/target-aarch64_generic_musl/e2fsprogs-1.47.2'
make[4]: Leaving directory '/workspaces/openwrt-radxa-rock5b-plus/openwrt/build_dir/target-aarch64_generic_musl/e2fsprogs-1.47.2'
touch /workspaces/openwrt-radxa-rock5b-plus/openwrt/build_dir/target-aarch64_generic_musl/e2fsprogs-1.47.2/.built
if [ -f /workspaces/openwrt-radxa-rock5b-plus/openwrt/build_dir/target-aarch64_generic_musl/rpcd-2025.08.09~1905e096/apk-aarch64_generic/rpcd-mod-iwinfo/conffiles ]; then mv -f /workspaces/openwrt-radxa-rock5b-plus/openwrt/build_dir/target-aarch64_generic_musl/rpcd-2025.08.09~1905e096/apk-aarch64_generic/rpcd-mod-iwinfo/conffiles /workspaces/openwrt-radxa-rock5b-plus/openwrt/build_dir/target-aarch64_generic_musl/rpcd-2025.08.09~1905e096/ipkg-aarch64_generic/rpcd-mod-iwinfo/lib/apk/packages/rpcd-mod-iwinfo.conffiles; for file in $(cat /workspaces/openwrt-radxa-rock5b-plus/openwrt/build_dir/target-aarch64_generic_musl/rpcd-2025.08.09~1905e096/ipkg-aarch64_generic/rpcd-mod-iwinfo/lib/apk/packages/rpcd-mod-iwinfo.conffiles); do [ -f /workspaces/openwrt-radxa-rock5b-plus/openwrt/build_dir/target-aarch64_generic_musl/rpcd-2025.08.09~1905e096/ipkg-aarch64_generic/rpcd-mod-iwinfo/$file ] || continue; csum=$(/workspaces/openwrt-radxa-rock5b-plus/openwrt/staging_dir/host/bin/mkhash sha256 /workspaces/openwrt-radxa-rock5b-plus/openwrt/build_dir/target-aarch64_generic_musl/rpcd-2025.08.09~1905e096/ipkg-aarch64_generic/rpcd-mod-iwinfo/$file); echo $file $csum >> /workspaces/openwrt-radxa-rock5b-plus/openwrt/build_dir/target-aarch64_generic_musl/rpcd-2025.08.09~1905e096/ipkg-aarch64_generic/rpcd-mod-iwinfo/lib/apk/packages/rpcd-mod-iwinfo.conffiles_static; done; fi
# Some package (base-files) manually append stuff to conffiles
# Append stuff from it and delete the CONTROL directory since everything else should be migrated
rm -rf /workspaces/openwrt-radxa-rock5b-plus/openwrt/build_dir/target-aarch64_generic_musl/e2fsprogs-1.47.2/.pkgdir/libcomerr.installed /workspaces/openwrt-radxa-rock5b-plus/openwrt/build_dir/target-aarch64_generic_musl/e2fsprogs-1.47.2/.pkgdir/libcomerr
if [ -f /workspaces/openwrt-radxa-rock5b-plus/openwrt/build_dir/target-aarch64_generic_musl/rpcd-2025.08.09~1905e096/ipkg-aarch64_generic/rpcd-mod-iwinfo/CONTROL/conffiles ]; then echo $(IDIR_rpcd-mod-iwinfo)/CONTROL/conffiles >> /workspaces/openwrt-radxa-rock5b-plus/openwrt/build_dir/target-aarch64_generic_musl/rpcd-2025.08.09~1905e096/ipkg-aarch64_generic/rpcd-mod-iwinfo/lib/apk/packages/rpcd-mod-iwinfo.conffiles; for file in $(cat /workspaces/openwrt-radxa-rock5b-plus/openwrt/build_dir/target-aarch64_generic_musl/rpcd-2025.08.09~1905e096/ipkg-aarch64_generic/rpcd-mod-iwinfo/CONTROL/conffiles); do [ -f /workspaces/openwrt-radxa-rock5b-plus/openwrt/build_dir/target-aarch64_generic_musl/rpcd-2025.08.09~1905e096/ipkg-aarch64_generic/rpcd-mod-iwinfo/$file ] || continue; csum=$(/workspaces/openwrt-radxa-rock5b-plus/openwrt/staging_dir/host/bin/mkhash sha256 /workspaces/openwrt-radxa-rock5b-plus/openwrt/build_dir/target-aarch64_generic_musl/rpcd-2025.08.09~1905e096/ipkg-aarch64_generic/rpcd-mod-iwinfo/$file); echo $file $csum >> /workspaces/openwrt-radxa-rock5b-plus/openwrt/build_dir/target-aarch64_generic_musl/rpcd-2025.08.09~1905e096/ipkg-aarch64_generic/rpcd-mod-iwinfo/lib/apk/packages/rpcd-mod-iwinfo.conffiles_static; done; rm -rf /workspaces/openwrt-radxa-rock5b-plus/openwrt/build_dir/target-aarch64_generic_musl/rpcd-2025.08.09~1905e096/ipkg-aarch64_generic/rpcd-mod-iwinfo/CONTROL/conffiles; fi
if [ -z "$(ls -A /workspaces/openwrt-radxa-rock5b-plus/openwrt/build_dir/target-aarch64_generic_musl/rpcd-2025.08.09~1905e096/ipkg-aarch64_generic/rpcd-mod-iwinfo/CONTROL 2>/dev/null)" ]; then rm -rf /workspaces/openwrt-radxa-rock5b-plus/openwrt/build_dir/target-aarch64_generic_musl/rpcd-2025.08.09~1905e096/ipkg-aarch64_generic/rpcd-mod-iwinfo/CONTROL; else echo "CONTROL directory /workspaces/openwrt-radxa-rock5b-plus/openwrt/build_dir/target-aarch64_generic_musl/rpcd-2025.08.09~1905e096/ipkg-aarch64_generic/rpcd-mod-iwinfo/CONTROL is not empty! This is not right and should be checked!" >&2; exit 1; fi
mkdir -p /workspaces/openwrt-radxa-rock5b-plus/openwrt/build_dir/target-aarch64_generic_musl/e2fsprogs-1.47.2/.pkgdir/libcomerr
/workspaces/openwrt-radxa-rock5b-plus/openwrt/staging_dir/host/bin/fakeroot /workspaces/openwrt-radxa-rock5b-plus/openwrt/staging_dir/host/bin/apk mkpkg --info "name:rpcd-mod-iwinfo" --info "version:2025.08.09~1905e096-r1"  --info "description:Provides ubus calls for accessing iwinfo data." --info "arch:aarch64_generic" --info "license:ISC" --info "origin:feeds/base/system/rpcd" --info "url:" --info "maintainer:Jo-Philipp Wich <jo@mein.io>" --info "provides:"  --script "post-install:/workspaces/openwrt-radxa-rock5b-plus/openwrt/build_dir/target-aarch64_generic_musl/rpcd-2025.08.09~1905e096/apk-aarch64_generic/rpcd-mod-iwinfo/post-install" --script "post-upgrade:/workspaces/openwrt-radxa-rock5b-plus/openwrt/build_dir/target-aarch64_generic_musl/rpcd-2025.08.09~1905e096/apk-aarch64_generic/rpcd-mod-iwinfo/post-upgrade" --script "pre-deinstall:/workspaces/openwrt-radxa-rock5b-plus/openwrt/build_dir/target-aarch64_generic_musl/rpcd-2025.08.09~1905e096/apk-aarch64_generic/rpcd-mod-iwinfo/pre-deinstall" --info "depends:libiwinfo>=2023.01.21 libc libubus20250702 libubox20250723 rpcd libiwinfo20230701" --files "/workspaces/openwrt-radxa-rock5b-plus/openwrt/build_dir/target-aarch64_generic_musl/rpcd-2025.08.09~1905e096/ipkg-aarch64_generic/rpcd-mod-iwinfo" --output "/workspaces/openwrt-radxa-rock5b-plus/openwrt/bin/packages/aarch64_generic/base/rpcd-mod-iwinfo-2025.08.09~1905e096-r1.apk" --sign "/workspaces/openwrt-radxa-rock5b-plus/openwrt/private-key.pem"
install -d -m0755 /workspaces/openwrt-radxa-rock5b-plus/openwrt/build_dir/target-aarch64_generic_musl/e2fsprogs-1.47.2/.pkgdir/libcomerr/usr/lib
cp -fpR /workspaces/openwrt-radxa-rock5b-plus/openwrt/build_dir/target-aarch64_generic_musl/e2fsprogs-1.47.2/ipkg-install/usr/lib/libcom_err.so.* /workspaces/openwrt-radxa-rock5b-plus/openwrt/build_dir/target-aarch64_generic_musl/e2fsprogs-1.47.2/.pkgdir/libcomerr/usr/lib/
touch /workspaces/openwrt-radxa-rock5b-plus/openwrt/build_dir/target-aarch64_generic_musl/e2fsprogs-1.47.2/.pkgdir/libcomerr.installed
mkdir -p /workspaces/openwrt-radxa-rock5b-plus/openwrt/staging_dir/target-aarch64_generic_musl/root-rockchip/stamp
echo '0' | cmp -s - /workspaces/openwrt-radxa-rock5b-plus/openwrt/staging_dir/target-aarch64_generic_musl/pkginfo/libcomerr.version || { echo '0' > /workspaces/openwrt-radxa-rock5b-plus/openwrt/staging_dir/target-aarch64_generic_musl/pkginfo/libcomerr.version;  } 
SHELL= flock /workspaces/openwrt-radxa-rock5b-plus/openwrt/tmp/.root-copy.flock -c 'cp -fpR /workspaces/openwrt-radxa-rock5b-plus/openwrt/build_dir/target-aarch64_generic_musl/e2fsprogs-1.47.2/.pkgdir/libcomerr/. /workspaces/openwrt-radxa-rock5b-plus/openwrt/staging_dir/target-aarch64_generic_musl/root-rockchip/'
touch /workspaces/openwrt-radxa-rock5b-plus/openwrt/staging_dir/target-aarch64_generic_musl/root-rockchip/stamp/.libcomerr_installed
rm -rf /workspaces/openwrt-radxa-rock5b-plus/openwrt/build_dir/target-aarch64_generic_musl/e2fsprogs-1.47.2/ipkg-aarch64_generic/libcomerr
rm -rf /workspaces/openwrt-radxa-rock5b-plus/openwrt/build_dir/target-aarch64_generic_musl/rpcd-2025.08.09~1905e096/ipkg-aarch64_generic/rpcd-mod-ucode
/workspaces/openwrt-radxa-rock5b-plus/openwrt/scripts/ipkg-remove libcomerr /workspaces/openwrt-radxa-rock5b-plus/openwrt/bin/packages/aarch64_generic/base/libcomerr0-1.47.2-r1.apk
/workspaces/openwrt-radxa-rock5b-plus/openwrt/scripts/ipkg-remove rpcd-mod-ucode /workspaces/openwrt-radxa-rock5b-plus/openwrt/bin/packages/aarch64_generic/base/rpcd-mod-ucode-2025.08.09~1905e096-r1.apk
removed '/workspaces/openwrt-radxa-rock5b-plus/openwrt/bin/packages/aarch64_generic/base/rpcd-mod-ucode-2025.08.09~1905e096-r1.apk'
mkdir -p /workspaces/openwrt-radxa-rock5b-plus/openwrt/bin/targets/rockchip/armv8/packages /workspaces/openwrt-radxa-rock5b-plus/openwrt/build_dir/target-aarch64_generic_musl/rpcd-2025.08.09~1905e096/ipkg-aarch64_generic/rpcd-mod-ucode /workspaces/openwrt-radxa-rock5b-plus/openwrt/staging_dir/target-aarch64_generic_musl/pkginfo
install -d -m0755 /workspaces/openwrt-radxa-rock5b-plus/openwrt/build_dir/target-aarch64_generic_musl/rpcd-2025.08.09~1905e096/ipkg-aarch64_generic/rpcd-mod-ucode/usr/lib/rpcd
removed '/workspaces/openwrt-radxa-rock5b-plus/openwrt/bin/packages/aarch64_generic/base/libcomerr0-1.47.2-r1.apk'
mkdir -p /workspaces/openwrt-radxa-rock5b-plus/openwrt/bin/targets/rockchip/armv8/packages /workspaces/openwrt-radxa-rock5b-plus/openwrt/build_dir/target-aarch64_generic_musl/e2fsprogs-1.47.2/ipkg-aarch64_generic/libcomerr /workspaces/openwrt-radxa-rock5b-plus/openwrt/staging_dir/target-aarch64_generic_musl/pkginfo
install -m0755 /workspaces/openwrt-radxa-rock5b-plus/openwrt/build_dir/target-aarch64_generic_musl/rpcd-2025.08.09~1905e096/ucode.so /workspaces/openwrt-radxa-rock5b-plus/openwrt/build_dir/target-aarch64_generic_musl/rpcd-2025.08.09~1905e096/ipkg-aarch64_generic/rpcd-mod-ucode/usr/lib/rpcd/
install -d -m0755 /workspaces/openwrt-radxa-rock5b-plus/openwrt/build_dir/target-aarch64_generic_musl/e2fsprogs-1.47.2/ipkg-aarch64_generic/libcomerr/usr/lib
find /workspaces/openwrt-radxa-rock5b-plus/openwrt/build_dir/target-aarch64_generic_musl/rpcd-2025.08.09~1905e096/ipkg-aarch64_generic/rpcd-mod-ucode -name 'CVS' -o -name '.svn' -o -name '.#*' -o -name '*~'| xargs -r rm -rf
cp -fpR /workspaces/openwrt-radxa-rock5b-plus/openwrt/build_dir/target-aarch64_generic_musl/e2fsprogs-1.47.2/ipkg-install/usr/lib/libcom_err.so.* /workspaces/openwrt-radxa-rock5b-plus/openwrt/build_dir/target-aarch64_generic_musl/e2fsprogs-1.47.2/ipkg-aarch64_generic/libcomerr/usr/lib/
find /workspaces/openwrt-radxa-rock5b-plus/openwrt/build_dir/target-aarch64_generic_musl/e2fsprogs-1.47.2/ipkg-aarch64_generic/libcomerr -name 'CVS' -o -name '.svn' -o -name '.#*' -o -name '*~'| xargs -r rm -rf
export CROSS="aarch64-openwrt-linux-musl-"  NO_RENAME=1 ; NM="aarch64-openwrt-linux-musl-nm" STRIP="/workspaces/openwrt-radxa-rock5b-plus/openwrt/staging_dir/host/bin/sstrip -z" STRIP_KMOD="/workspaces/openwrt-radxa-rock5b-plus/openwrt/scripts/strip-kmod.sh" PATCHELF="/workspaces/openwrt-radxa-rock5b-plus/openwrt/staging_dir/host/bin/patchelf" /workspaces/openwrt-radxa-rock5b-plus/openwrt/scripts/rstrip.sh /workspaces/openwrt-radxa-rock5b-plus/openwrt/build_dir/target-aarch64_generic_musl/e2fsprogs-1.47.2/ipkg-aarch64_generic/libcomerr
export CROSS="aarch64-openwrt-linux-musl-"  NO_RENAME=1 ; NM="aarch64-openwrt-linux-musl-nm" STRIP="/workspaces/openwrt-radxa-rock5b-plus/openwrt/staging_dir/host/bin/sstrip -z" STRIP_KMOD="/workspaces/openwrt-radxa-rock5b-plus/openwrt/scripts/strip-kmod.sh" PATCHELF="/workspaces/openwrt-radxa-rock5b-plus/openwrt/staging_dir/host/bin/patchelf" /workspaces/openwrt-radxa-rock5b-plus/openwrt/scripts/rstrip.sh /workspaces/openwrt-radxa-rock5b-plus/openwrt/build_dir/target-aarch64_generic_musl/rpcd-2025.08.09~1905e096/ipkg-aarch64_generic/rpcd-mod-ucode
rstrip.sh: /workspaces/openwrt-radxa-rock5b-plus/openwrt/build_dir/target-aarch64_generic_musl/e2fsprogs-1.47.2/ipkg-aarch64_generic/libcomerr/usr/lib/libcom_err.so.0.0: shared object
rstrip.sh: /workspaces/openwrt-radxa-rock5b-plus/openwrt/build_dir/target-aarch64_generic_musl/rpcd-2025.08.09~1905e096/ipkg-aarch64_generic/rpcd-mod-ucode/usr/lib/rpcd/ucode.so: shared object
install -d -m0755 /workspaces/openwrt-radxa-rock5b-plus/openwrt/bin/packages/aarch64_generic/base/tmp
install -d -m0755 /workspaces/openwrt-radxa-rock5b-plus/openwrt/bin/packages/aarch64_generic/base/tmp
mkdir -p /workspaces/openwrt-radxa-rock5b-plus/openwrt/build_dir/target-aarch64_generic_musl/e2fsprogs-1.47.2/apk-aarch64_generic/libcomerr/
mkdir -p /workspaces/openwrt-radxa-rock5b-plus/openwrt/build_dir/target-aarch64_generic_musl/e2fsprogs-1.47.2/ipkg-aarch64_generic/libcomerr/lib/apk/packages/
mkdir -p /workspaces/openwrt-radxa-rock5b-plus/openwrt/build_dir/target-aarch64_generic_musl/rpcd-2025.08.09~1905e096/apk-aarch64_generic/rpcd-mod-ucode/
(cd /workspaces/openwrt-radxa-rock5b-plus/openwrt/build_dir/target-aarch64_generic_musl/e2fsprogs-1.47.2/apk-aarch64_generic/libcomerr; )
mkdir -p /workspaces/openwrt-radxa-rock5b-plus/openwrt/build_dir/target-aarch64_generic_musl/rpcd-2025.08.09~1905e096/ipkg-aarch64_generic/rpcd-mod-ucode/lib/apk/packages/
( echo "#!/bin/sh"; echo "[ \"\${IPKG_NO_SCRIPT}\" = \"1\" ] && exit 0"; echo "[ -s "\${IPKG_INSTROOT}/lib/functions.sh" ] || exit 0"; echo ". \${IPKG_INSTROOT}/lib/functions.sh"; echo 'export root="${IPKG_INSTROOT}"'; echo 'export pkgname="libcomerr"'; echo "add_group_and_user"; echo "default_postinst"; [ ! -f /workspaces/openwrt-radxa-rock5b-plus/openwrt/build_dir/target-aarch64_generic_musl/e2fsprogs-1.47.2/apk-aarch64_generic/libcomerr/postinst-pkg ] || sed -z 's/^\s*#!/#!/' "/workspaces/openwrt-radxa-rock5b-plus/openwrt/build_dir/target-aarch64_generic_musl/e2fsprogs-1.47.2/apk-aarch64_generic/libcomerr/postinst-pkg"; ) > /workspaces/openwrt-radxa-rock5b-plus/openwrt/build_dir/target-aarch64_generic_musl/e2fsprogs-1.47.2/apk-aarch64_generic/libcomerr/post-install;
(cd /workspaces/openwrt-radxa-rock5b-plus/openwrt/build_dir/target-aarch64_generic_musl/rpcd-2025.08.09~1905e096/apk-aarch64_generic/rpcd-mod-ucode; echo "$V_Package_rpcd_mod_ucode_postinst" > postinst-pkg; chmod 0755 postinst-pkg;)
( echo "#!/bin/sh"; echo 'export PKG_UPGRADE=1'; [ ! -f /workspaces/openwrt-radxa-rock5b-plus/openwrt/build_dir/target-aarch64_generic_musl/e2fsprogs-1.47.2/apk-aarch64_generic/libcomerr/post-install ] || sed -z 's/^\s*#!/#!/' "/workspaces/openwrt-radxa-rock5b-plus/openwrt/build_dir/target-aarch64_generic_musl/e2fsprogs-1.47.2/apk-aarch64_generic/libcomerr/post-install"; ) > /workspaces/openwrt-radxa-rock5b-plus/openwrt/build_dir/target-aarch64_generic_musl/e2fsprogs-1.47.2/apk-aarch64_generic/libcomerr/post-upgrade;
( echo "#!/bin/sh"; echo "[ \"\${IPKG_NO_SCRIPT}\" = \"1\" ] && exit 0"; echo "[ -s "\${IPKG_INSTROOT}/lib/functions.sh" ] || exit 0"; echo ". \${IPKG_INSTROOT}/lib/functions.sh"; echo 'export root="${IPKG_INSTROOT}"'; echo 'export pkgname="rpcd-mod-ucode"'; echo "add_group_and_user"; echo "default_postinst"; [ ! -f /workspaces/openwrt-radxa-rock5b-plus/openwrt/build_dir/target-aarch64_generic_musl/rpcd-2025.08.09~1905e096/apk-aarch64_generic/rpcd-mod-ucode/postinst-pkg ] || sed -z 's/^\s*#!/#!/' "/workspaces/openwrt-radxa-rock5b-plus/openwrt/build_dir/target-aarch64_generic_musl/rpcd-2025.08.09~1905e096/apk-aarch64_generic/rpcd-mod-ucode/postinst-pkg"; ) > /workspaces/openwrt-radxa-rock5b-plus/openwrt/build_dir/target-aarch64_generic_musl/rpcd-2025.08.09~1905e096/apk-aarch64_generic/rpcd-mod-ucode/post-install;
( echo "#!/bin/sh"; echo "[ -s "\${IPKG_INSTROOT}/lib/functions.sh" ] || exit 0"; echo ". \${IPKG_INSTROOT}/lib/functions.sh"; echo 'export root="${IPKG_INSTROOT}"'; echo 'export pkgname="libcomerr"'; echo "default_prerm"; [ ! -f /workspaces/openwrt-radxa-rock5b-plus/openwrt/build_dir/target-aarch64_generic_musl/e2fsprogs-1.47.2/apk-aarch64_generic/libcomerr/prerm-pkg ] || sed -z 's/^\s*#!/#!/' "/workspaces/openwrt-radxa-rock5b-plus/openwrt/build_dir/target-aarch64_generic_musl/e2fsprogs-1.47.2/apk-aarch64_generic/libcomerr/prerm-pkg"; ) > /workspaces/openwrt-radxa-rock5b-plus/openwrt/build_dir/target-aarch64_generic_musl/e2fsprogs-1.47.2/apk-aarch64_generic/libcomerr/pre-deinstall;
( echo "#!/bin/sh"; echo 'export PKG_UPGRADE=1'; [ ! -f /workspaces/openwrt-radxa-rock5b-plus/openwrt/build_dir/target-aarch64_generic_musl/rpcd-2025.08.09~1905e096/apk-aarch64_generic/rpcd-mod-ucode/post-install ] || sed -z 's/^\s*#!/#!/' "/workspaces/openwrt-radxa-rock5b-plus/openwrt/build_dir/target-aarch64_generic_musl/rpcd-2025.08.09~1905e096/apk-aarch64_generic/rpcd-mod-ucode/post-install"; ) > /workspaces/openwrt-radxa-rock5b-plus/openwrt/build_dir/target-aarch64_generic_musl/rpcd-2025.08.09~1905e096/apk-aarch64_generic/rpcd-mod-ucode/post-upgrade;
[ ! -f /workspaces/openwrt-radxa-rock5b-plus/openwrt/build_dir/target-aarch64_generic_musl/e2fsprogs-1.47.2/apk-aarch64_generic/libcomerr/postrm ] || sed -zi 's/^\s*#!/#!/' "/workspaces/openwrt-radxa-rock5b-plus/openwrt/build_dir/target-aarch64_generic_musl/e2fsprogs-1.47.2/apk-aarch64_generic/libcomerr/postrm";
if [ -n "" ]; then echo  > /workspaces/openwrt-radxa-rock5b-plus/openwrt/build_dir/target-aarch64_generic_musl/e2fsprogs-1.47.2/ipkg-aarch64_generic/libcomerr/lib/apk/packages/libcomerr.rusers; fi;
( echo "#!/bin/sh"; echo "[ -s "\${IPKG_INSTROOT}/lib/functions.sh" ] || exit 0"; echo ". \${IPKG_INSTROOT}/lib/functions.sh"; echo 'export root="${IPKG_INSTROOT}"'; echo 'export pkgname="rpcd-mod-ucode"'; echo "default_prerm"; [ ! -f /workspaces/openwrt-radxa-rock5b-plus/openwrt/build_dir/target-aarch64_generic_musl/rpcd-2025.08.09~1905e096/apk-aarch64_generic/rpcd-mod-ucode/prerm-pkg ] || sed -z 's/^\s*#!/#!/' "/workspaces/openwrt-radxa-rock5b-plus/openwrt/build_dir/target-aarch64_generic_musl/rpcd-2025.08.09~1905e096/apk-aarch64_generic/rpcd-mod-ucode/prerm-pkg"; ) > /workspaces/openwrt-radxa-rock5b-plus/openwrt/build_dir/target-aarch64_generic_musl/rpcd-2025.08.09~1905e096/apk-aarch64_generic/rpcd-mod-ucode/pre-deinstall;
if [ -n "" ]; then echo  > /workspaces/openwrt-radxa-rock5b-plus/openwrt/build_dir/target-aarch64_generic_musl/e2fsprogs-1.47.2/ipkg-aarch64_generic/libcomerr/lib/apk/packages/libcomerr.alternatives; fi;
(cd /workspaces/openwrt-radxa-rock5b-plus/openwrt/build_dir/target-aarch64_generic_musl/e2fsprogs-1.47.2/ipkg-aarch64_generic/libcomerr && find . -type f,l -printf "/%P\n" | sort > /workspaces/openwrt-radxa-rock5b-plus/openwrt/tmp/libcomerr.list && mv /workspaces/openwrt-radxa-rock5b-plus/openwrt/tmp/libcomerr.list /workspaces/openwrt-radxa-rock5b-plus/openwrt/build_dir/target-aarch64_generic_musl/e2fsprogs-1.47.2/ipkg-aarch64_generic/libcomerr/lib/apk/packages/libcomerr.list)
[ ! -f /workspaces/openwrt-radxa-rock5b-plus/openwrt/build_dir/target-aarch64_generic_musl/rpcd-2025.08.09~1905e096/apk-aarch64_generic/rpcd-mod-ucode/postrm ] || sed -zi 's/^\s*#!/#!/' "/workspaces/openwrt-radxa-rock5b-plus/openwrt/build_dir/target-aarch64_generic_musl/rpcd-2025.08.09~1905e096/apk-aarch64_generic/rpcd-mod-ucode/postrm";
if [ -n "" ]; then echo  > /workspaces/openwrt-radxa-rock5b-plus/openwrt/build_dir/target-aarch64_generic_musl/rpcd-2025.08.09~1905e096/ipkg-aarch64_generic/rpcd-mod-ucode/lib/apk/packages/rpcd-mod-ucode.rusers; fi;
if [ -n "" ]; then echo  > /workspaces/openwrt-radxa-rock5b-plus/openwrt/build_dir/target-aarch64_generic_musl/rpcd-2025.08.09~1905e096/ipkg-aarch64_generic/rpcd-mod-ucode/lib/apk/packages/rpcd-mod-ucode.alternatives; fi;
(cd /workspaces/openwrt-radxa-rock5b-plus/openwrt/build_dir/target-aarch64_generic_musl/rpcd-2025.08.09~1905e096/ipkg-aarch64_generic/rpcd-mod-ucode && find . -type f,l -printf "/%P\n" | sort > /workspaces/openwrt-radxa-rock5b-plus/openwrt/tmp/rpcd-mod-ucode.list && mv /workspaces/openwrt-radxa-rock5b-plus/openwrt/tmp/rpcd-mod-ucode.list /workspaces/openwrt-radxa-rock5b-plus/openwrt/build_dir/target-aarch64_generic_musl/rpcd-2025.08.09~1905e096/ipkg-aarch64_generic/rpcd-mod-ucode/lib/apk/packages/rpcd-mod-ucode.list)
# Move conffiles to IDIR and build conffiles_static with csums
if [ -f /workspaces/openwrt-radxa-rock5b-plus/openwrt/build_dir/target-aarch64_generic_musl/e2fsprogs-1.47.2/apk-aarch64_generic/libcomerr/conffiles ]; then mv -f /workspaces/openwrt-radxa-rock5b-plus/openwrt/build_dir/target-aarch64_generic_musl/e2fsprogs-1.47.2/apk-aarch64_generic/libcomerr/conffiles /workspaces/openwrt-radxa-rock5b-plus/openwrt/build_dir/target-aarch64_generic_musl/e2fsprogs-1.47.2/ipkg-aarch64_generic/libcomerr/lib/apk/packages/libcomerr.conffiles; for file in $(cat /workspaces/openwrt-radxa-rock5b-plus/openwrt/build_dir/target-aarch64_generic_musl/e2fsprogs-1.47.2/ipkg-aarch64_generic/libcomerr/lib/apk/packages/libcomerr.conffiles); do [ -f /workspaces/openwrt-radxa-rock5b-plus/openwrt/build_dir/target-aarch64_generic_musl/e2fsprogs-1.47.2/ipkg-aarch64_generic/libcomerr/$file ] || continue; csum=$(/workspaces/openwrt-radxa-rock5b-plus/openwrt/staging_dir/host/bin/mkhash sha256 /workspaces/openwrt-radxa-rock5b-plus/openwrt/build_dir/target-aarch64_generic_musl/e2fsprogs-1.47.2/ipkg-aarch64_generic/libcomerr/$file); echo $file $csum >> /workspaces/openwrt-radxa-rock5b-plus/openwrt/build_dir/target-aarch64_generic_musl/e2fsprogs-1.47.2/ipkg-aarch64_generic/libcomerr/lib/apk/packages/libcomerr.conffiles_static; done; fi
# Some package (base-files) manually append stuff to conffiles
# Append stuff from it and delete the CONTROL directory since everything else should be migrated
# Move conffiles to IDIR and build conffiles_static with csums
if [ -f /workspaces/openwrt-radxa-rock5b-plus/openwrt/build_dir/target-aarch64_generic_musl/rpcd-2025.08.09~1905e096/apk-aarch64_generic/rpcd-mod-ucode/conffiles ]; then mv -f /workspaces/openwrt-radxa-rock5b-plus/openwrt/build_dir/target-aarch64_generic_musl/rpcd-2025.08.09~1905e096/apk-aarch64_generic/rpcd-mod-ucode/conffiles /workspaces/openwrt-radxa-rock5b-plus/openwrt/build_dir/target-aarch64_generic_musl/rpcd-2025.08.09~1905e096/ipkg-aarch64_generic/rpcd-mod-ucode/lib/apk/packages/rpcd-mod-ucode.conffiles; for file in $(cat /workspaces/openwrt-radxa-rock5b-plus/openwrt/build_dir/target-aarch64_generic_musl/rpcd-2025.08.09~1905e096/ipkg-aarch64_generic/rpcd-mod-ucode/lib/apk/packages/rpcd-mod-ucode.conffiles); do [ -f /workspaces/openwrt-radxa-rock5b-plus/openwrt/build_dir/target-aarch64_generic_musl/rpcd-2025.08.09~1905e096/ipkg-aarch64_generic/rpcd-mod-ucode/$file ] || continue; csum=$(/workspaces/openwrt-radxa-rock5b-plus/openwrt/staging_dir/host/bin/mkhash sha256 /workspaces/openwrt-radxa-rock5b-plus/openwrt/build_dir/target-aarch64_generic_musl/rpcd-2025.08.09~1905e096/ipkg-aarch64_generic/rpcd-mod-ucode/$file); echo $file $csum >> /workspaces/openwrt-radxa-rock5b-plus/openwrt/build_dir/target-aarch64_generic_musl/rpcd-2025.08.09~1905e096/ipkg-aarch64_generic/rpcd-mod-ucode/lib/apk/packages/rpcd-mod-ucode.conffiles_static; done; fi
if [ -f /workspaces/openwrt-radxa-rock5b-plus/openwrt/build_dir/target-aarch64_generic_musl/e2fsprogs-1.47.2/ipkg-aarch64_generic/libcomerr/CONTROL/conffiles ]; then echo $(IDIR_libcomerr)/CONTROL/conffiles >> /workspaces/openwrt-radxa-rock5b-plus/openwrt/build_dir/target-aarch64_generic_musl/e2fsprogs-1.47.2/ipkg-aarch64_generic/libcomerr/lib/apk/packages/libcomerr.conffiles; for file in $(cat /workspaces/openwrt-radxa-rock5b-plus/openwrt/build_dir/target-aarch64_generic_musl/e2fsprogs-1.47.2/ipkg-aarch64_generic/libcomerr/CONTROL/conffiles); do [ -f /workspaces/openwrt-radxa-rock5b-plus/openwrt/build_dir/target-aarch64_generic_musl/e2fsprogs-1.47.2/ipkg-aarch64_generic/libcomerr/$file ] || continue; csum=$(/workspaces/openwrt-radxa-rock5b-plus/openwrt/staging_dir/host/bin/mkhash sha256 /workspaces/openwrt-radxa-rock5b-plus/openwrt/build_dir/target-aarch64_generic_musl/e2fsprogs-1.47.2/ipkg-aarch64_generic/libcomerr/$file); echo $file $csum >> /workspaces/openwrt-radxa-rock5b-plus/openwrt/build_dir/target-aarch64_generic_musl/e2fsprogs-1.47.2/ipkg-aarch64_generic/libcomerr/lib/apk/packages/libcomerr.conffiles_static; done; rm -rf /workspaces/openwrt-radxa-rock5b-plus/openwrt/build_dir/target-aarch64_generic_musl/e2fsprogs-1.47.2/ipkg-aarch64_generic/libcomerr/CONTROL/conffiles; fi
if [ -z "$(ls -A /workspaces/openwrt-radxa-rock5b-plus/openwrt/build_dir/target-aarch64_generic_musl/e2fsprogs-1.47.2/ipkg-aarch64_generic/libcomerr/CONTROL 2>/dev/null)" ]; then rm -rf /workspaces/openwrt-radxa-rock5b-plus/openwrt/build_dir/target-aarch64_generic_musl/e2fsprogs-1.47.2/ipkg-aarch64_generic/libcomerr/CONTROL; else echo "CONTROL directory /workspaces/openwrt-radxa-rock5b-plus/openwrt/build_dir/target-aarch64_generic_musl/e2fsprogs-1.47.2/ipkg-aarch64_generic/libcomerr/CONTROL is not empty! This is not right and should be checked!" >&2; exit 1; fi
# Some package (base-files) manually append stuff to conffiles
# Append stuff from it and delete the CONTROL directory since everything else should be migrated
if [ -f /workspaces/openwrt-radxa-rock5b-plus/openwrt/build_dir/target-aarch64_generic_musl/rpcd-2025.08.09~1905e096/ipkg-aarch64_generic/rpcd-mod-ucode/CONTROL/conffiles ]; then echo $(IDIR_rpcd-mod-ucode)/CONTROL/conffiles >> /workspaces/openwrt-radxa-rock5b-plus/openwrt/build_dir/target-aarch64_generic_musl/rpcd-2025.08.09~1905e096/ipkg-aarch64_generic/rpcd-mod-ucode/lib/apk/packages/rpcd-mod-ucode.conffiles; for file in $(cat /workspaces/openwrt-radxa-rock5b-plus/openwrt/build_dir/target-aarch64_generic_musl/rpcd-2025.08.09~1905e096/ipkg-aarch64_generic/rpcd-mod-ucode/CONTROL/conffiles); do [ -f /workspaces/openwrt-radxa-rock5b-plus/openwrt/build_dir/target-aarch64_generic_musl/rpcd-2025.08.09~1905e096/ipkg-aarch64_generic/rpcd-mod-ucode/$file ] || continue; csum=$(/workspaces/openwrt-radxa-rock5b-plus/openwrt/staging_dir/host/bin/mkhash sha256 /workspaces/openwrt-radxa-rock5b-plus/openwrt/build_dir/target-aarch64_generic_musl/rpcd-2025.08.09~1905e096/ipkg-aarch64_generic/rpcd-mod-ucode/$file); echo $file $csum >> /workspaces/openwrt-radxa-rock5b-plus/openwrt/build_dir/target-aarch64_generic_musl/rpcd-2025.08.09~1905e096/ipkg-aarch64_generic/rpcd-mod-ucode/lib/apk/packages/rpcd-mod-ucode.conffiles_static; done; rm -rf /workspaces/openwrt-radxa-rock5b-plus/openwrt/build_dir/target-aarch64_generic_musl/rpcd-2025.08.09~1905e096/ipkg-aarch64_generic/rpcd-mod-ucode/CONTROL/conffiles; fi
/workspaces/openwrt-radxa-rock5b-plus/openwrt/staging_dir/host/bin/fakeroot /workspaces/openwrt-radxa-rock5b-plus/openwrt/staging_dir/host/bin/apk mkpkg --info "name:libcomerr0" --info "version:1.47.2-r1" --info "tags:openwrt:abiversion=0" --info "description:This package contains libcom_err, the common error description library bundled with e2fsprogs." --info "arch:aarch64_generic" --info "license:GPL-2.0" --info "origin:feeds/base/utils/e2fsprogs" --info "url:http://e2fsprogs.sourceforge.net/" --info "maintainer:" --info "provides: libcomerr=1.47.2-r1 "  --script "post-install:/workspaces/openwrt-radxa-rock5b-plus/openwrt/build_dir/target-aarch64_generic_musl/e2fsprogs-1.47.2/apk-aarch64_generic/libcomerr/post-install" --script "post-upgrade:/workspaces/openwrt-radxa-rock5b-plus/openwrt/build_dir/target-aarch64_generic_musl/e2fsprogs-1.47.2/apk-aarch64_generic/libcomerr/post-upgrade" --script "pre-deinstall:/workspaces/openwrt-radxa-rock5b-plus/openwrt/build_dir/target-aarch64_generic_musl/e2fsprogs-1.47.2/apk-aarch64_generic/libcomerr/pre-deinstall" --info "depends:libc libuuid1" --files "/workspaces/openwrt-radxa-rock5b-plus/openwrt/build_dir/target-aarch64_generic_musl/e2fsprogs-1.47.2/ipkg-aarch64_generic/libcomerr" --output "/workspaces/openwrt-radxa-rock5b-plus/openwrt/bin/packages/aarch64_generic/base/libcomerr0-1.47.2-r1.apk" --sign "/workspaces/openwrt-radxa-rock5b-plus/openwrt/private-key.pem"
if [ -z "$(ls -A /workspaces/openwrt-radxa-rock5b-plus/openwrt/build_dir/target-aarch64_generic_musl/rpcd-2025.08.09~1905e096/ipkg-aarch64_generic/rpcd-mod-ucode/CONTROL 2>/dev/null)" ]; then rm -rf /workspaces/openwrt-radxa-rock5b-plus/openwrt/build_dir/target-aarch64_generic_musl/rpcd-2025.08.09~1905e096/ipkg-aarch64_generic/rpcd-mod-ucode/CONTROL; else echo "CONTROL directory /workspaces/openwrt-radxa-rock5b-plus/openwrt/build_dir/target-aarch64_generic_musl/rpcd-2025.08.09~1905e096/ipkg-aarch64_generic/rpcd-mod-ucode/CONTROL is not empty! This is not right and should be checked!" >&2; exit 1; fi
/workspaces/openwrt-radxa-rock5b-plus/openwrt/staging_dir/host/bin/fakeroot /workspaces/openwrt-radxa-rock5b-plus/openwrt/staging_dir/host/bin/apk mkpkg --info "name:rpcd-mod-ucode" --info "version:2025.08.09~1905e096-r1"  --info "description:Allows implementing plugins using ucode scripts." --info "arch:aarch64_generic" --info "license:ISC" --info "origin:feeds/base/system/rpcd" --info "url:" --info "maintainer:Jo-Philipp Wich <jo@mein.io>" --info "provides:"  --script "post-install:/workspaces/openwrt-radxa-rock5b-plus/openwrt/build_dir/target-aarch64_generic_musl/rpcd-2025.08.09~1905e096/apk-aarch64_generic/rpcd-mod-ucode/post-install" --script "post-upgrade:/workspaces/openwrt-radxa-rock5b-plus/openwrt/build_dir/target-aarch64_generic_musl/rpcd-2025.08.09~1905e096/apk-aarch64_generic/rpcd-mod-ucode/post-upgrade" --script "pre-deinstall:/workspaces/openwrt-radxa-rock5b-plus/openwrt/build_dir/target-aarch64_generic_musl/rpcd-2025.08.09~1905e096/apk-aarch64_generic/rpcd-mod-ucode/pre-deinstall" --info "depends:libc libubus20250702 libubox20250723 rpcd libucode20230711" --files "/workspaces/openwrt-radxa-rock5b-plus/openwrt/build_dir/target-aarch64_generic_musl/rpcd-2025.08.09~1905e096/ipkg-aarch64_generic/rpcd-mod-ucode" --output "/workspaces/openwrt-radxa-rock5b-plus/openwrt/bin/packages/aarch64_generic/base/rpcd-mod-ucode-2025.08.09~1905e096-r1.apk" --sign "/workspaces/openwrt-radxa-rock5b-plus/openwrt/private-key.pem"
rm -rf /workspaces/openwrt-radxa-rock5b-plus/openwrt/build_dir/target-aarch64_generic_musl/e2fsprogs-1.47.2/ipkg-aarch64_generic/libss
/workspaces/openwrt-radxa-rock5b-plus/openwrt/scripts/ipkg-remove libss /workspaces/openwrt-radxa-rock5b-plus/openwrt/bin/packages/aarch64_generic/base/libss2-1.47.2-r1.apk
removed '/workspaces/openwrt-radxa-rock5b-plus/openwrt/bin/packages/aarch64_generic/base/libss2-1.47.2-r1.apk'
mkdir -p /workspaces/openwrt-radxa-rock5b-plus/openwrt/bin/targets/rockchip/armv8/packages /workspaces/openwrt-radxa-rock5b-plus/openwrt/build_dir/target-aarch64_generic_musl/e2fsprogs-1.47.2/ipkg-aarch64_generic/libss /workspaces/openwrt-radxa-rock5b-plus/openwrt/staging_dir/target-aarch64_generic_musl/pkginfo
install -d -m0755 /workspaces/openwrt-radxa-rock5b-plus/openwrt/build_dir/target-aarch64_generic_musl/e2fsprogs-1.47.2/ipkg-aarch64_generic/libss/usr/lib
cp -fpR /workspaces/openwrt-radxa-rock5b-plus/openwrt/build_dir/target-aarch64_generic_musl/e2fsprogs-1.47.2/ipkg-install/usr/lib/libss.so.* /workspaces/openwrt-radxa-rock5b-plus/openwrt/build_dir/target-aarch64_generic_musl/e2fsprogs-1.47.2/ipkg-aarch64_generic/libss/usr/lib/
find /workspaces/openwrt-radxa-rock5b-plus/openwrt/build_dir/target-aarch64_generic_musl/e2fsprogs-1.47.2/ipkg-aarch64_generic/libss -name 'CVS' -o -name '.svn' -o -name '.#*' -o -name '*~'| xargs -r rm -rf
echo "rpcd" >> /workspaces/openwrt-radxa-rock5b-plus/openwrt/staging_dir/target-aarch64_generic_musl/pkginfo/rpcd.default.install
rm -rf /workspaces/openwrt-radxa-rock5b-plus/openwrt/tmp/stage-rpcd
mkdir -p /workspaces/openwrt-radxa-rock5b-plus/openwrt/tmp/stage-rpcd/host /workspaces/openwrt-radxa-rock5b-plus/openwrt/staging_dir/target-aarch64_generic_musl/packages
install -d -m0755 /workspaces/openwrt-radxa-rock5b-plus/openwrt/tmp/stage-rpcd/usr/include
cp -fpR /workspaces/openwrt-radxa-rock5b-plus/openwrt/build_dir/target-aarch64_generic_musl/rpcd-2025.08.09~1905e096/include/rpcd /workspaces/openwrt-radxa-rock5b-plus/openwrt/tmp/stage-rpcd/usr/include/
find /workspaces/openwrt-radxa-rock5b-plus/openwrt/tmp/stage-rpcd -name '*.la' | xargs -r rm -f; 
if [ -f /workspaces/openwrt-radxa-rock5b-plus/openwrt/staging_dir/target-aarch64_generic_musl/packages/rpcd.list ]; then /workspaces/openwrt-radxa-rock5b-plus/openwrt/scripts/clean-package.sh "/workspaces/openwrt-radxa-rock5b-plus/openwrt/staging_dir/target-aarch64_generic_musl/packages/rpcd.list" "/workspaces/openwrt-radxa-rock5b-plus/openwrt/staging_dir/target-aarch64_generic_musl"; fi
export CROSS="aarch64-openwrt-linux-musl-"  NO_RENAME=1 ; NM="aarch64-openwrt-linux-musl-nm" STRIP="/workspaces/openwrt-radxa-rock5b-plus/openwrt/staging_dir/host/bin/sstrip -z" STRIP_KMOD="/workspaces/openwrt-radxa-rock5b-plus/openwrt/scripts/strip-kmod.sh" PATCHELF="/workspaces/openwrt-radxa-rock5b-plus/openwrt/staging_dir/host/bin/patchelf" /workspaces/openwrt-radxa-rock5b-plus/openwrt/scripts/rstrip.sh /workspaces/openwrt-radxa-rock5b-plus/openwrt/build_dir/target-aarch64_generic_musl/e2fsprogs-1.47.2/ipkg-aarch64_generic/libss
rstrip.sh: /workspaces/openwrt-radxa-rock5b-plus/openwrt/build_dir/target-aarch64_generic_musl/e2fsprogs-1.47.2/ipkg-aarch64_generic/libss/usr/lib/libss.so.2.0: shared object
install -d -m0755 /workspaces/openwrt-radxa-rock5b-plus/openwrt/bin/packages/aarch64_generic/base/tmp
if [ -d /workspaces/openwrt-radxa-rock5b-plus/openwrt/tmp/stage-rpcd ]; then (cd /workspaces/openwrt-radxa-rock5b-plus/openwrt/tmp/stage-rpcd; find ./ > /workspaces/openwrt-radxa-rock5b-plus/openwrt/tmp/stage-rpcd.files); 	SHELL= flock /workspaces/openwrt-radxa-rock5b-plus/openwrt/tmp/.staging-dir.flock -c ' mv /workspaces/openwrt-radxa-rock5b-plus/openwrt/tmp/stage-rpcd.files /workspaces/openwrt-radxa-rock5b-plus/openwrt/staging_dir/target-aarch64_generic_musl/packages/rpcd.list && cp -fpR /workspaces/openwrt-radxa-rock5b-plus/openwrt/tmp/stage-rpcd/* /workspaces/openwrt-radxa-rock5b-plus/openwrt/staging_dir/target-aarch64_generic_musl/; '; fi
mkdir -p /workspaces/openwrt-radxa-rock5b-plus/openwrt/build_dir/target-aarch64_generic_musl/e2fsprogs-1.47.2/apk-aarch64_generic/libss/
mkdir -p /workspaces/openwrt-radxa-rock5b-plus/openwrt/build_dir/target-aarch64_generic_musl/e2fsprogs-1.47.2/ipkg-aarch64_generic/libss/lib/apk/packages/
(cd /workspaces/openwrt-radxa-rock5b-plus/openwrt/build_dir/target-aarch64_generic_musl/e2fsprogs-1.47.2/apk-aarch64_generic/libss; )
( echo "#!/bin/sh"; echo "[ \"\${IPKG_NO_SCRIPT}\" = \"1\" ] && exit 0"; echo "[ -s "\${IPKG_INSTROOT}/lib/functions.sh" ] || exit 0"; echo ". \${IPKG_INSTROOT}/lib/functions.sh"; echo 'export root="${IPKG_INSTROOT}"'; echo 'export pkgname="libss"'; echo "add_group_and_user"; echo "default_postinst"; [ ! -f /workspaces/openwrt-radxa-rock5b-plus/openwrt/build_dir/target-aarch64_generic_musl/e2fsprogs-1.47.2/apk-aarch64_generic/libss/postinst-pkg ] || sed -z 's/^\s*#!/#!/' "/workspaces/openwrt-radxa-rock5b-plus/openwrt/build_dir/target-aarch64_generic_musl/e2fsprogs-1.47.2/apk-aarch64_generic/libss/postinst-pkg"; ) > /workspaces/openwrt-radxa-rock5b-plus/openwrt/build_dir/target-aarch64_generic_musl/e2fsprogs-1.47.2/apk-aarch64_generic/libss/post-install;
rm -rf /workspaces/openwrt-radxa-rock5b-plus/openwrt/tmp/stage-rpcd
( echo "#!/bin/sh"; echo 'export PKG_UPGRADE=1'; [ ! -f /workspaces/openwrt-radxa-rock5b-plus/openwrt/build_dir/target-aarch64_generic_musl/e2fsprogs-1.47.2/apk-aarch64_generic/libss/post-install ] || sed -z 's/^\s*#!/#!/' "/workspaces/openwrt-radxa-rock5b-plus/openwrt/build_dir/target-aarch64_generic_musl/e2fsprogs-1.47.2/apk-aarch64_generic/libss/post-install"; ) > /workspaces/openwrt-radxa-rock5b-plus/openwrt/build_dir/target-aarch64_generic_musl/e2fsprogs-1.47.2/apk-aarch64_generic/libss/post-upgrade;
touch /workspaces/openwrt-radxa-rock5b-plus/openwrt/staging_dir/target-aarch64_generic_musl/stamp/.rpcd_installed
rm -rf /workspaces/openwrt-radxa-rock5b-plus/openwrt/build_dir/target-aarch64_generic_musl/rpcd-2025.08.09~1905e096/.pkgdir/rpcd-mod-file.installed /workspaces/openwrt-radxa-rock5b-plus/openwrt/build_dir/target-aarch64_generic_musl/rpcd-2025.08.09~1905e096/.pkgdir/rpcd-mod-file
( echo "#!/bin/sh"; echo "[ -s "\${IPKG_INSTROOT}/lib/functions.sh" ] || exit 0"; echo ". \${IPKG_INSTROOT}/lib/functions.sh"; echo 'export root="${IPKG_INSTROOT}"'; echo 'export pkgname="libss"'; echo "default_prerm"; [ ! -f /workspaces/openwrt-radxa-rock5b-plus/openwrt/build_dir/target-aarch64_generic_musl/e2fsprogs-1.47.2/apk-aarch64_generic/libss/prerm-pkg ] || sed -z 's/^\s*#!/#!/' "/workspaces/openwrt-radxa-rock5b-plus/openwrt/build_dir/target-aarch64_generic_musl/e2fsprogs-1.47.2/apk-aarch64_generic/libss/prerm-pkg"; ) > /workspaces/openwrt-radxa-rock5b-plus/openwrt/build_dir/target-aarch64_generic_musl/e2fsprogs-1.47.2/apk-aarch64_generic/libss/pre-deinstall;
mkdir -p /workspaces/openwrt-radxa-rock5b-plus/openwrt/build_dir/target-aarch64_generic_musl/rpcd-2025.08.09~1905e096/.pkgdir/rpcd-mod-file
[ ! -f /workspaces/openwrt-radxa-rock5b-plus/openwrt/build_dir/target-aarch64_generic_musl/e2fsprogs-1.47.2/apk-aarch64_generic/libss/postrm ] || sed -zi 's/^\s*#!/#!/' "/workspaces/openwrt-radxa-rock5b-plus/openwrt/build_dir/target-aarch64_generic_musl/e2fsprogs-1.47.2/apk-aarch64_generic/libss/postrm";
if [ -n "" ]; then echo  > /workspaces/openwrt-radxa-rock5b-plus/openwrt/build_dir/target-aarch64_generic_musl/e2fsprogs-1.47.2/ipkg-aarch64_generic/libss/lib/apk/packages/libss.rusers; fi;
install -d -m0755 /workspaces/openwrt-radxa-rock5b-plus/openwrt/build_dir/target-aarch64_generic_musl/rpcd-2025.08.09~1905e096/.pkgdir/rpcd-mod-file/usr/lib/rpcd
if [ -n "" ]; then echo  > /workspaces/openwrt-radxa-rock5b-plus/openwrt/build_dir/target-aarch64_generic_musl/e2fsprogs-1.47.2/ipkg-aarch64_generic/libss/lib/apk/packages/libss.alternatives; fi;
(cd /workspaces/openwrt-radxa-rock5b-plus/openwrt/build_dir/target-aarch64_generic_musl/e2fsprogs-1.47.2/ipkg-aarch64_generic/libss && find . -type f,l -printf "/%P\n" | sort > /workspaces/openwrt-radxa-rock5b-plus/openwrt/tmp/libss.list && mv /workspaces/openwrt-radxa-rock5b-plus/openwrt/tmp/libss.list /workspaces/openwrt-radxa-rock5b-plus/openwrt/build_dir/target-aarch64_generic_musl/e2fsprogs-1.47.2/ipkg-aarch64_generic/libss/lib/apk/packages/libss.list)
install -m0755 /workspaces/openwrt-radxa-rock5b-plus/openwrt/build_dir/target-aarch64_generic_musl/rpcd-2025.08.09~1905e096/file.so /workspaces/openwrt-radxa-rock5b-plus/openwrt/build_dir/target-aarch64_generic_musl/rpcd-2025.08.09~1905e096/.pkgdir/rpcd-mod-file/usr/lib/rpcd/
touch /workspaces/openwrt-radxa-rock5b-plus/openwrt/build_dir/target-aarch64_generic_musl/rpcd-2025.08.09~1905e096/.pkgdir/rpcd-mod-file.installed
# Move conffiles to IDIR and build conffiles_static with csums
if [ -f /workspaces/openwrt-radxa-rock5b-plus/openwrt/build_dir/target-aarch64_generic_musl/e2fsprogs-1.47.2/apk-aarch64_generic/libss/conffiles ]; then mv -f /workspaces/openwrt-radxa-rock5b-plus/openwrt/build_dir/target-aarch64_generic_musl/e2fsprogs-1.47.2/apk-aarch64_generic/libss/conffiles /workspaces/openwrt-radxa-rock5b-plus/openwrt/build_dir/target-aarch64_generic_musl/e2fsprogs-1.47.2/ipkg-aarch64_generic/libss/lib/apk/packages/libss.conffiles; for file in $(cat /workspaces/openwrt-radxa-rock5b-plus/openwrt/build_dir/target-aarch64_generic_musl/e2fsprogs-1.47.2/ipkg-aarch64_generic/libss/lib/apk/packages/libss.conffiles); do [ -f /workspaces/openwrt-radxa-rock5b-plus/openwrt/build_dir/target-aarch64_generic_musl/e2fsprogs-1.47.2/ipkg-aarch64_generic/libss/$file ] || continue; csum=$(/workspaces/openwrt-radxa-rock5b-plus/openwrt/staging_dir/host/bin/mkhash sha256 /workspaces/openwrt-radxa-rock5b-plus/openwrt/build_dir/target-aarch64_generic_musl/e2fsprogs-1.47.2/ipkg-aarch64_generic/libss/$file); echo $file $csum >> /workspaces/openwrt-radxa-rock5b-plus/openwrt/build_dir/target-aarch64_generic_musl/e2fsprogs-1.47.2/ipkg-aarch64_generic/libss/lib/apk/packages/libss.conffiles_static; done; fi
rm -rf /workspaces/openwrt-radxa-rock5b-plus/openwrt/build_dir/target-aarch64_generic_musl/rpcd-2025.08.09~1905e096/.pkgdir/rpcd-mod-iwinfo.installed /workspaces/openwrt-radxa-rock5b-plus/openwrt/build_dir/target-aarch64_generic_musl/rpcd-2025.08.09~1905e096/.pkgdir/rpcd-mod-iwinfo
# Some package (base-files) manually append stuff to conffiles
mkdir -p /workspaces/openwrt-radxa-rock5b-plus/openwrt/build_dir/target-aarch64_generic_musl/rpcd-2025.08.09~1905e096/.pkgdir/rpcd-mod-iwinfo
# Append stuff from it and delete the CONTROL directory since everything else should be migrated
if [ -f /workspaces/openwrt-radxa-rock5b-plus/openwrt/build_dir/target-aarch64_generic_musl/e2fsprogs-1.47.2/ipkg-aarch64_generic/libss/CONTROL/conffiles ]; then echo $(IDIR_libss)/CONTROL/conffiles >> /workspaces/openwrt-radxa-rock5b-plus/openwrt/build_dir/target-aarch64_generic_musl/e2fsprogs-1.47.2/ipkg-aarch64_generic/libss/lib/apk/packages/libss.conffiles; for file in $(cat /workspaces/openwrt-radxa-rock5b-plus/openwrt/build_dir/target-aarch64_generic_musl/e2fsprogs-1.47.2/ipkg-aarch64_generic/libss/CONTROL/conffiles); do [ -f /workspaces/openwrt-radxa-rock5b-plus/openwrt/build_dir/target-aarch64_generic_musl/e2fsprogs-1.47.2/ipkg-aarch64_generic/libss/$file ] || continue; csum=$(/workspaces/openwrt-radxa-rock5b-plus/openwrt/staging_dir/host/bin/mkhash sha256 /workspaces/openwrt-radxa-rock5b-plus/openwrt/build_dir/target-aarch64_generic_musl/e2fsprogs-1.47.2/ipkg-aarch64_generic/libss/$file); echo $file $csum >> /workspaces/openwrt-radxa-rock5b-plus/openwrt/build_dir/target-aarch64_generic_musl/e2fsprogs-1.47.2/ipkg-aarch64_generic/libss/lib/apk/packages/libss.conffiles_static; done; rm -rf /workspaces/openwrt-radxa-rock5b-plus/openwrt/build_dir/target-aarch64_generic_musl/e2fsprogs-1.47.2/ipkg-aarch64_generic/libss/CONTROL/conffiles; fi
if [ -z "$(ls -A /workspaces/openwrt-radxa-rock5b-plus/openwrt/build_dir/target-aarch64_generic_musl/e2fsprogs-1.47.2/ipkg-aarch64_generic/libss/CONTROL 2>/dev/null)" ]; then rm -rf /workspaces/openwrt-radxa-rock5b-plus/openwrt/build_dir/target-aarch64_generic_musl/e2fsprogs-1.47.2/ipkg-aarch64_generic/libss/CONTROL; else echo "CONTROL directory /workspaces/openwrt-radxa-rock5b-plus/openwrt/build_dir/target-aarch64_generic_musl/e2fsprogs-1.47.2/ipkg-aarch64_generic/libss/CONTROL is not empty! This is not right and should be checked!" >&2; exit 1; fi
install -d -m0755 /workspaces/openwrt-radxa-rock5b-plus/openwrt/build_dir/target-aarch64_generic_musl/rpcd-2025.08.09~1905e096/.pkgdir/rpcd-mod-iwinfo/usr/lib/rpcd
install -m0755 /workspaces/openwrt-radxa-rock5b-plus/openwrt/build_dir/target-aarch64_generic_musl/rpcd-2025.08.09~1905e096/iwinfo.so /workspaces/openwrt-radxa-rock5b-plus/openwrt/build_dir/target-aarch64_generic_musl/rpcd-2025.08.09~1905e096/.pkgdir/rpcd-mod-iwinfo/usr/lib/rpcd/
/workspaces/openwrt-radxa-rock5b-plus/openwrt/staging_dir/host/bin/fakeroot /workspaces/openwrt-radxa-rock5b-plus/openwrt/staging_dir/host/bin/apk mkpkg --info "name:libss2" --info "version:1.47.2-r1" --info "tags:openwrt:abiversion=2" --info "description:This pacakge contains libss, a command-line interface parsing library bundled with e2fsprogs." --info "arch:aarch64_generic" --info "license:GPL-2.0" --info "origin:feeds/base/utils/e2fsprogs" --info "url:http://e2fsprogs.sourceforge.net/" --info "maintainer:" --info "provides: libss=1.47.2-r1 "  --script "post-install:/workspaces/openwrt-radxa-rock5b-plus/openwrt/build_dir/target-aarch64_generic_musl/e2fsprogs-1.47.2/apk-aarch64_generic/libss/post-install" --script "post-upgrade:/workspaces/openwrt-radxa-rock5b-plus/openwrt/build_dir/target-aarch64_generic_musl/e2fsprogs-1.47.2/apk-aarch64_generic/libss/post-upgrade" --script "pre-deinstall:/workspaces/openwrt-radxa-rock5b-plus/openwrt/build_dir/target-aarch64_generic_musl/e2fsprogs-1.47.2/apk-aarch64_generic/libss/pre-deinstall" --info "depends:libc libcomerr0" --files "/workspaces/openwrt-radxa-rock5b-plus/openwrt/build_dir/target-aarch64_generic_musl/e2fsprogs-1.47.2/ipkg-aarch64_generic/libss" --output "/workspaces/openwrt-radxa-rock5b-plus/openwrt/bin/packages/aarch64_generic/base/libss2-1.47.2-r1.apk" --sign "/workspaces/openwrt-radxa-rock5b-plus/openwrt/private-key.pem"
touch /workspaces/openwrt-radxa-rock5b-plus/openwrt/build_dir/target-aarch64_generic_musl/rpcd-2025.08.09~1905e096/.pkgdir/rpcd-mod-iwinfo.installed
rm -rf /workspaces/openwrt-radxa-rock5b-plus/openwrt/build_dir/target-aarch64_generic_musl/rpcd-2025.08.09~1905e096/.pkgdir/rpcd-mod-ucode.installed /workspaces/openwrt-radxa-rock5b-plus/openwrt/build_dir/target-aarch64_generic_musl/rpcd-2025.08.09~1905e096/.pkgdir/rpcd-mod-ucode
mkdir -p /workspaces/openwrt-radxa-rock5b-plus/openwrt/build_dir/target-aarch64_generic_musl/rpcd-2025.08.09~1905e096/.pkgdir/rpcd-mod-ucode
install -d -m0755 /workspaces/openwrt-radxa-rock5b-plus/openwrt/build_dir/target-aarch64_generic_musl/rpcd-2025.08.09~1905e096/.pkgdir/rpcd-mod-ucode/usr/lib/rpcd
install -m0755 /workspaces/openwrt-radxa-rock5b-plus/openwrt/build_dir/target-aarch64_generic_musl/rpcd-2025.08.09~1905e096/ucode.so /workspaces/openwrt-radxa-rock5b-plus/openwrt/build_dir/target-aarch64_generic_musl/rpcd-2025.08.09~1905e096/.pkgdir/rpcd-mod-ucode/usr/lib/rpcd/
touch /workspaces/openwrt-radxa-rock5b-plus/openwrt/build_dir/target-aarch64_generic_musl/rpcd-2025.08.09~1905e096/.pkgdir/rpcd-mod-ucode.installed
mkdir -p /workspaces/openwrt-radxa-rock5b-plus/openwrt/staging_dir/target-aarch64_generic_musl/root-rockchip/stamp
SHELL= flock /workspaces/openwrt-radxa-rock5b-plus/openwrt/tmp/.root-copy.flock -c 'cp -fpR /workspaces/openwrt-radxa-rock5b-plus/openwrt/build_dir/target-aarch64_generic_musl/rpcd-2025.08.09~1905e096/.pkgdir/rpcd-mod-file/. /workspaces/openwrt-radxa-rock5b-plus/openwrt/staging_dir/target-aarch64_generic_musl/root-rockchip/'
touch /workspaces/openwrt-radxa-rock5b-plus/openwrt/staging_dir/target-aarch64_generic_musl/root-rockchip/stamp/.rpcd-mod-file_installed
echo "rpcd-mod-file" >> /workspaces/openwrt-radxa-rock5b-plus/openwrt/staging_dir/target-aarch64_generic_musl/pkginfo/rpcd.default.install
mkdir -p /workspaces/openwrt-radxa-rock5b-plus/openwrt/staging_dir/target-aarch64_generic_musl/root-rockchip/stamp
SHELL= flock /workspaces/openwrt-radxa-rock5b-plus/openwrt/tmp/.root-copy.flock -c 'cp -fpR /workspaces/openwrt-radxa-rock5b-plus/openwrt/build_dir/target-aarch64_generic_musl/rpcd-2025.08.09~1905e096/.pkgdir/rpcd-mod-iwinfo/. /workspaces/openwrt-radxa-rock5b-plus/openwrt/staging_dir/target-aarch64_generic_musl/root-rockchip/'
rm -rf /workspaces/openwrt-radxa-rock5b-plus/openwrt/build_dir/target-aarch64_generic_musl/e2fsprogs-1.47.2/ipkg-aarch64_generic/libext2fs
touch /workspaces/openwrt-radxa-rock5b-plus/openwrt/staging_dir/target-aarch64_generic_musl/root-rockchip/stamp/.rpcd-mod-iwinfo_installed
/workspaces/openwrt-radxa-rock5b-plus/openwrt/scripts/ipkg-remove libext2fs /workspaces/openwrt-radxa-rock5b-plus/openwrt/bin/packages/aarch64_generic/base/libext2fs2-1.47.2-r1.apk
echo "rpcd-mod-iwinfo" >> /workspaces/openwrt-radxa-rock5b-plus/openwrt/staging_dir/target-aarch64_generic_musl/pkginfo/rpcd.default.install
mkdir -p /workspaces/openwrt-radxa-rock5b-plus/openwrt/staging_dir/target-aarch64_generic_musl/root-rockchip/stamp
SHELL= flock /workspaces/openwrt-radxa-rock5b-plus/openwrt/tmp/.root-copy.flock -c 'cp -fpR /workspaces/openwrt-radxa-rock5b-plus/openwrt/build_dir/target-aarch64_generic_musl/rpcd-2025.08.09~1905e096/.pkgdir/rpcd-mod-ucode/. /workspaces/openwrt-radxa-rock5b-plus/openwrt/staging_dir/target-aarch64_generic_musl/root-rockchip/'
touch /workspaces/openwrt-radxa-rock5b-plus/openwrt/staging_dir/target-aarch64_generic_musl/root-rockchip/stamp/.rpcd-mod-ucode_installed
echo "rpcd-mod-ucode" >> /workspaces/openwrt-radxa-rock5b-plus/openwrt/staging_dir/target-aarch64_generic_musl/pkginfo/rpcd.default.install
make[3]: Leaving directory '/workspaces/openwrt-radxa-rock5b-plus/openwrt/package/system/rpcd'
time: package/system/rpcd/compile#0.47#0.61#2.40
make[3]: Entering directory '/workspaces/openwrt-radxa-rock5b-plus/openwrt/feeds/luci/contrib/package/ucode-mod-html'
removed '/workspaces/openwrt-radxa-rock5b-plus/openwrt/bin/packages/aarch64_generic/base/libext2fs2-1.47.2-r1.apk'
mkdir -p /workspaces/openwrt-radxa-rock5b-plus/openwrt/bin/targets/rockchip/armv8/packages /workspaces/openwrt-radxa-rock5b-plus/openwrt/build_dir/target-aarch64_generic_musl/e2fsprogs-1.47.2/ipkg-aarch64_generic/libext2fs /workspaces/openwrt-radxa-rock5b-plus/openwrt/staging_dir/target-aarch64_generic_musl/pkginfo
install -d -m0755 /workspaces/openwrt-radxa-rock5b-plus/openwrt/build_dir/target-aarch64_generic_musl/e2fsprogs-1.47.2/ipkg-aarch64_generic/libext2fs/usr/lib
cp -fpR /workspaces/openwrt-radxa-rock5b-plus/openwrt/build_dir/target-aarch64_generic_musl/e2fsprogs-1.47.2/ipkg-install/usr/lib/libext2fs.so.* /workspaces/openwrt-radxa-rock5b-plus/openwrt/build_dir/target-aarch64_generic_musl/e2fsprogs-1.47.2/ipkg-aarch64_generic/libext2fs/usr/lib/
find /workspaces/openwrt-radxa-rock5b-plus/openwrt/build_dir/target-aarch64_generic_musl/e2fsprogs-1.47.2/ipkg-aarch64_generic/libext2fs -name 'CVS' -o -name '.svn' -o -name '.#*' -o -name '*~'| xargs -r rm -rf
mkdir -p /workspaces/openwrt-radxa-rock5b-plus/openwrt/staging_dir/target-aarch64_generic_musl/root-rockchip/stamp
SHELL= flock /workspaces/openwrt-radxa-rock5b-plus/openwrt/tmp/.root-copy.flock -c 'cp -fpR /workspaces/openwrt-radxa-rock5b-plus/openwrt/build_dir/target-aarch64_generic_musl/ucode-mod-html/.pkgdir/ucode-mod-html/. /workspaces/openwrt-radxa-rock5b-plus/openwrt/staging_dir/target-aarch64_generic_musl/root-rockchip/'
export CROSS="aarch64-openwrt-linux-musl-"  NO_RENAME=1 ; NM="aarch64-openwrt-linux-musl-nm" STRIP="/workspaces/openwrt-radxa-rock5b-plus/openwrt/staging_dir/host/bin/sstrip -z" STRIP_KMOD="/workspaces/openwrt-radxa-rock5b-plus/openwrt/scripts/strip-kmod.sh" PATCHELF="/workspaces/openwrt-radxa-rock5b-plus/openwrt/staging_dir/host/bin/patchelf" /workspaces/openwrt-radxa-rock5b-plus/openwrt/scripts/rstrip.sh /workspaces/openwrt-radxa-rock5b-plus/openwrt/build_dir/target-aarch64_generic_musl/e2fsprogs-1.47.2/ipkg-aarch64_generic/libext2fs
rstrip.sh: /workspaces/openwrt-radxa-rock5b-plus/openwrt/build_dir/target-aarch64_generic_musl/e2fsprogs-1.47.2/ipkg-aarch64_generic/libext2fs/usr/lib/libext2fs.so.2.4: shared object
install -d -m0755 /workspaces/openwrt-radxa-rock5b-plus/openwrt/bin/packages/aarch64_generic/base/tmp
mkdir -p /workspaces/openwrt-radxa-rock5b-plus/openwrt/build_dir/target-aarch64_generic_musl/e2fsprogs-1.47.2/apk-aarch64_generic/libext2fs/
mkdir -p /workspaces/openwrt-radxa-rock5b-plus/openwrt/build_dir/target-aarch64_generic_musl/e2fsprogs-1.47.2/ipkg-aarch64_generic/libext2fs/lib/apk/packages/
(cd /workspaces/openwrt-radxa-rock5b-plus/openwrt/build_dir/target-aarch64_generic_musl/e2fsprogs-1.47.2/apk-aarch64_generic/libext2fs; )
( echo "#!/bin/sh"; echo "[ \"\${IPKG_NO_SCRIPT}\" = \"1\" ] && exit 0"; echo "[ -s "\${IPKG_INSTROOT}/lib/functions.sh" ] || exit 0"; echo ". \${IPKG_INSTROOT}/lib/functions.sh"; echo 'export root="${IPKG_INSTROOT}"'; echo 'export pkgname="libext2fs"'; echo "add_group_and_user"; echo "default_postinst"; [ ! -f /workspaces/openwrt-radxa-rock5b-plus/openwrt/build_dir/target-aarch64_generic_musl/e2fsprogs-1.47.2/apk-aarch64_generic/libext2fs/postinst-pkg ] || sed -z 's/^\s*#!/#!/' "/workspaces/openwrt-radxa-rock5b-plus/openwrt/build_dir/target-aarch64_generic_musl/e2fsprogs-1.47.2/apk-aarch64_generic/libext2fs/postinst-pkg"; ) > /workspaces/openwrt-radxa-rock5b-plus/openwrt/build_dir/target-aarch64_generic_musl/e2fsprogs-1.47.2/apk-aarch64_generic/libext2fs/post-install;
( echo "#!/bin/sh"; echo 'export PKG_UPGRADE=1'; [ ! -f /workspaces/openwrt-radxa-rock5b-plus/openwrt/build_dir/target-aarch64_generic_musl/e2fsprogs-1.47.2/apk-aarch64_generic/libext2fs/post-install ] || sed -z 's/^\s*#!/#!/' "/workspaces/openwrt-radxa-rock5b-plus/openwrt/build_dir/target-aarch64_generic_musl/e2fsprogs-1.47.2/apk-aarch64_generic/libext2fs/post-install"; ) > /workspaces/openwrt-radxa-rock5b-plus/openwrt/build_dir/target-aarch64_generic_musl/e2fsprogs-1.47.2/apk-aarch64_generic/libext2fs/post-upgrade;
( echo "#!/bin/sh"; echo "[ -s "\${IPKG_INSTROOT}/lib/functions.sh" ] || exit 0"; echo ". \${IPKG_INSTROOT}/lib/functions.sh"; echo 'export root="${IPKG_INSTROOT}"'; echo 'export pkgname="libext2fs"'; echo "default_prerm"; [ ! -f /workspaces/openwrt-radxa-rock5b-plus/openwrt/build_dir/target-aarch64_generic_musl/e2fsprogs-1.47.2/apk-aarch64_generic/libext2fs/prerm-pkg ] || sed -z 's/^\s*#!/#!/' "/workspaces/openwrt-radxa-rock5b-plus/openwrt/build_dir/target-aarch64_generic_musl/e2fsprogs-1.47.2/apk-aarch64_generic/libext2fs/prerm-pkg"; ) > /workspaces/openwrt-radxa-rock5b-plus/openwrt/build_dir/target-aarch64_generic_musl/e2fsprogs-1.47.2/apk-aarch64_generic/libext2fs/pre-deinstall;
[ ! -f /workspaces/openwrt-radxa-rock5b-plus/openwrt/build_dir/target-aarch64_generic_musl/e2fsprogs-1.47.2/apk-aarch64_generic/libext2fs/postrm ] || sed -zi 's/^\s*#!/#!/' "/workspaces/openwrt-radxa-rock5b-plus/openwrt/build_dir/target-aarch64_generic_musl/e2fsprogs-1.47.2/apk-aarch64_generic/libext2fs/postrm";
if [ -n "" ]; then echo  > /workspaces/openwrt-radxa-rock5b-plus/openwrt/build_dir/target-aarch64_generic_musl/e2fsprogs-1.47.2/ipkg-aarch64_generic/libext2fs/lib/apk/packages/libext2fs.rusers; fi;
if [ -n "" ]; then echo  > /workspaces/openwrt-radxa-rock5b-plus/openwrt/build_dir/target-aarch64_generic_musl/e2fsprogs-1.47.2/ipkg-aarch64_generic/libext2fs/lib/apk/packages/libext2fs.alternatives; fi;
(cd /workspaces/openwrt-radxa-rock5b-plus/openwrt/build_dir/target-aarch64_generic_musl/e2fsprogs-1.47.2/ipkg-aarch64_generic/libext2fs && find . -type f,l -printf "/%P\n" | sort > /workspaces/openwrt-radxa-rock5b-plus/openwrt/tmp/libext2fs.list && mv /workspaces/openwrt-radxa-rock5b-plus/openwrt/tmp/libext2fs.list /workspaces/openwrt-radxa-rock5b-plus/openwrt/build_dir/target-aarch64_generic_musl/e2fsprogs-1.47.2/ipkg-aarch64_generic/libext2fs/lib/apk/packages/libext2fs.list)
# Move conffiles to IDIR and build conffiles_static with csums
if [ -f /workspaces/openwrt-radxa-rock5b-plus/openwrt/build_dir/target-aarch64_generic_musl/e2fsprogs-1.47.2/apk-aarch64_generic/libext2fs/conffiles ]; then mv -f /workspaces/openwrt-radxa-rock5b-plus/openwrt/build_dir/target-aarch64_generic_musl/e2fsprogs-1.47.2/apk-aarch64_generic/libext2fs/conffiles /workspaces/openwrt-radxa-rock5b-plus/openwrt/build_dir/target-aarch64_generic_musl/e2fsprogs-1.47.2/ipkg-aarch64_generic/libext2fs/lib/apk/packages/libext2fs.conffiles; for file in $(cat /workspaces/openwrt-radxa-rock5b-plus/openwrt/build_dir/target-aarch64_generic_musl/e2fsprogs-1.47.2/ipkg-aarch64_generic/libext2fs/lib/apk/packages/libext2fs.conffiles); do [ -f /workspaces/openwrt-radxa-rock5b-plus/openwrt/build_dir/target-aarch64_generic_musl/e2fsprogs-1.47.2/ipkg-aarch64_generic/libext2fs/$file ] || continue; csum=$(/workspaces/openwrt-radxa-rock5b-plus/openwrt/staging_dir/host/bin/mkhash sha256 /workspaces/openwrt-radxa-rock5b-plus/openwrt/build_dir/target-aarch64_generic_musl/e2fsprogs-1.47.2/ipkg-aarch64_generic/libext2fs/$file); echo $file $csum >> /workspaces/openwrt-radxa-rock5b-plus/openwrt/build_dir/target-aarch64_generic_musl/e2fsprogs-1.47.2/ipkg-aarch64_generic/libext2fs/lib/apk/packages/libext2fs.conffiles_static; done; fi
# Some package (base-files) manually append stuff to conffiles
# Append stuff from it and delete the CONTROL directory since everything else should be migrated
if [ -f /workspaces/openwrt-radxa-rock5b-plus/openwrt/build_dir/target-aarch64_generic_musl/e2fsprogs-1.47.2/ipkg-aarch64_generic/libext2fs/CONTROL/conffiles ]; then echo $(IDIR_libext2fs)/CONTROL/conffiles >> /workspaces/openwrt-radxa-rock5b-plus/openwrt/build_dir/target-aarch64_generic_musl/e2fsprogs-1.47.2/ipkg-aarch64_generic/libext2fs/lib/apk/packages/libext2fs.conffiles; for file in $(cat /workspaces/openwrt-radxa-rock5b-plus/openwrt/build_dir/target-aarch64_generic_musl/e2fsprogs-1.47.2/ipkg-aarch64_generic/libext2fs/CONTROL/conffiles); do [ -f /workspaces/openwrt-radxa-rock5b-plus/openwrt/build_dir/target-aarch64_generic_musl/e2fsprogs-1.47.2/ipkg-aarch64_generic/libext2fs/$file ] || continue; csum=$(/workspaces/openwrt-radxa-rock5b-plus/openwrt/staging_dir/host/bin/mkhash sha256 /workspaces/openwrt-radxa-rock5b-plus/openwrt/build_dir/target-aarch64_generic_musl/e2fsprogs-1.47.2/ipkg-aarch64_generic/libext2fs/$file); echo $file $csum >> /workspaces/openwrt-radxa-rock5b-plus/openwrt/build_dir/target-aarch64_generic_musl/e2fsprogs-1.47.2/ipkg-aarch64_generic/libext2fs/lib/apk/packages/libext2fs.conffiles_static; done; rm -rf /workspaces/openwrt-radxa-rock5b-plus/openwrt/build_dir/target-aarch64_generic_musl/e2fsprogs-1.47.2/ipkg-aarch64_generic/libext2fs/CONTROL/conffiles; fi
if [ -z "$(ls -A /workspaces/openwrt-radxa-rock5b-plus/openwrt/build_dir/target-aarch64_generic_musl/e2fsprogs-1.47.2/ipkg-aarch64_generic/libext2fs/CONTROL 2>/dev/null)" ]; then rm -rf /workspaces/openwrt-radxa-rock5b-plus/openwrt/build_dir/target-aarch64_generic_musl/e2fsprogs-1.47.2/ipkg-aarch64_generic/libext2fs/CONTROL; else echo "CONTROL directory /workspaces/openwrt-radxa-rock5b-plus/openwrt/build_dir/target-aarch64_generic_musl/e2fsprogs-1.47.2/ipkg-aarch64_generic/libext2fs/CONTROL is not empty! This is not right and should be checked!" >&2; exit 1; fi
/workspaces/openwrt-radxa-rock5b-plus/openwrt/staging_dir/host/bin/fakeroot /workspaces/openwrt-radxa-rock5b-plus/openwrt/staging_dir/host/bin/apk mkpkg --info "name:libext2fs2" --info "version:1.47.2-r1" --info "tags:openwrt:abiversion=2" --info "description:libext2fs is a library which can access ext2, ext3 and ext4 filesystems." --info "arch:aarch64_generic" --info "license:GPL-2.0" --info "origin:feeds/base/utils/e2fsprogs" --info "url:http://e2fsprogs.sourceforge.net/" --info "maintainer:" --info "provides: libext2fs=1.47.2-r1 "  --script "post-install:/workspaces/openwrt-radxa-rock5b-plus/openwrt/build_dir/target-aarch64_generic_musl/e2fsprogs-1.47.2/apk-aarch64_generic/libext2fs/post-install" --script "post-upgrade:/workspaces/openwrt-radxa-rock5b-plus/openwrt/build_dir/target-aarch64_generic_musl/e2fsprogs-1.47.2/apk-aarch64_generic/libext2fs/post-upgrade" --script "pre-deinstall:/workspaces/openwrt-radxa-rock5b-plus/openwrt/build_dir/target-aarch64_generic_musl/e2fsprogs-1.47.2/apk-aarch64_generic/libext2fs/pre-deinstall" --info "depends:libc libuuid1 libblkid1 libss2 libcomerr0" --files "/workspaces/openwrt-radxa-rock5b-plus/openwrt/build_dir/target-aarch64_generic_musl/e2fsprogs-1.47.2/ipkg-aarch64_generic/libext2fs" --output "/workspaces/openwrt-radxa-rock5b-plus/openwrt/bin/packages/aarch64_generic/base/libext2fs2-1.47.2-r1.apk" --sign "/workspaces/openwrt-radxa-rock5b-plus/openwrt/private-key.pem"
touch /workspaces/openwrt-radxa-rock5b-plus/openwrt/staging_dir/target-aarch64_generic_musl/root-rockchip/stamp/.ucode-mod-html_installed
echo "ucode-mod-html" >> /workspaces/openwrt-radxa-rock5b-plus/openwrt/staging_dir/target-aarch64_generic_musl/pkginfo/ucode-mod-html.default.install
make[3]: Leaving directory '/workspaces/openwrt-radxa-rock5b-plus/openwrt/feeds/luci/contrib/package/ucode-mod-html'
time: package/feeds/luci/ucode-mod-html/compile#0.11#0.09#0.50
rm -rf /workspaces/openwrt-radxa-rock5b-plus/openwrt/build_dir/target-aarch64_generic_musl/e2fsprogs-1.47.2/ipkg-aarch64_generic/libe2p
make[3]: Entering directory '/workspaces/openwrt-radxa-rock5b-plus/openwrt/package/network/config/firewall4'
/workspaces/openwrt-radxa-rock5b-plus/openwrt/scripts/ipkg-remove libe2p /workspaces/openwrt-radxa-rock5b-plus/openwrt/bin/packages/aarch64_generic/base/libe2p2-1.47.2-r1.apk
removed '/workspaces/openwrt-radxa-rock5b-plus/openwrt/bin/packages/aarch64_generic/base/libe2p2-1.47.2-r1.apk'
mkdir -p /workspaces/openwrt-radxa-rock5b-plus/openwrt/bin/targets/rockchip/armv8/packages /workspaces/openwrt-radxa-rock5b-plus/openwrt/build_dir/target-aarch64_generic_musl/e2fsprogs-1.47.2/ipkg-aarch64_generic/libe2p /workspaces/openwrt-radxa-rock5b-plus/openwrt/staging_dir/target-aarch64_generic_musl/pkginfo
install -d -m0755 /workspaces/openwrt-radxa-rock5b-plus/openwrt/build_dir/target-aarch64_generic_musl/e2fsprogs-1.47.2/ipkg-aarch64_generic/libe2p/usr/lib
cp -fpR /workspaces/openwrt-radxa-rock5b-plus/openwrt/build_dir/target-aarch64_generic_musl/e2fsprogs-1.47.2/ipkg-install/usr/lib/libe2p.so.* /workspaces/openwrt-radxa-rock5b-plus/openwrt/build_dir/target-aarch64_generic_musl/e2fsprogs-1.47.2/ipkg-aarch64_generic/libe2p/usr/lib/
find /workspaces/openwrt-radxa-rock5b-plus/openwrt/build_dir/target-aarch64_generic_musl/e2fsprogs-1.47.2/ipkg-aarch64_generic/libe2p -name 'CVS' -o -name '.svn' -o -name '.#*' -o -name '*~'| xargs -r rm -rf
export CROSS="aarch64-openwrt-linux-musl-"  NO_RENAME=1 ; NM="aarch64-openwrt-linux-musl-nm" STRIP="/workspaces/openwrt-radxa-rock5b-plus/openwrt/staging_dir/host/bin/sstrip -z" STRIP_KMOD="/workspaces/openwrt-radxa-rock5b-plus/openwrt/scripts/strip-kmod.sh" PATCHELF="/workspaces/openwrt-radxa-rock5b-plus/openwrt/staging_dir/host/bin/patchelf" /workspaces/openwrt-radxa-rock5b-plus/openwrt/scripts/rstrip.sh /workspaces/openwrt-radxa-rock5b-plus/openwrt/build_dir/target-aarch64_generic_musl/e2fsprogs-1.47.2/ipkg-aarch64_generic/libe2p
rstrip.sh: /workspaces/openwrt-radxa-rock5b-plus/openwrt/build_dir/target-aarch64_generic_musl/e2fsprogs-1.47.2/ipkg-aarch64_generic/libe2p/usr/lib/libe2p.so.2.3: shared object
install -d -m0755 /workspaces/openwrt-radxa-rock5b-plus/openwrt/bin/packages/aarch64_generic/base/tmp
mkdir -p /workspaces/openwrt-radxa-rock5b-plus/openwrt/build_dir/target-aarch64_generic_musl/e2fsprogs-1.47.2/apk-aarch64_generic/libe2p/
mkdir -p /workspaces/openwrt-radxa-rock5b-plus/openwrt/build_dir/target-aarch64_generic_musl/e2fsprogs-1.47.2/ipkg-aarch64_generic/libe2p/lib/apk/packages/
(cd /workspaces/openwrt-radxa-rock5b-plus/openwrt/build_dir/target-aarch64_generic_musl/e2fsprogs-1.47.2/apk-aarch64_generic/libe2p; )
( echo "#!/bin/sh"; echo "[ \"\${IPKG_NO_SCRIPT}\" = \"1\" ] && exit 0"; echo "[ -s "\${IPKG_INSTROOT}/lib/functions.sh" ] || exit 0"; echo ". \${IPKG_INSTROOT}/lib/functions.sh"; echo 'export root="${IPKG_INSTROOT}"'; echo 'export pkgname="libe2p"'; echo "add_group_and_user"; echo "default_postinst"; [ ! -f /workspaces/openwrt-radxa-rock5b-plus/openwrt/build_dir/target-aarch64_generic_musl/e2fsprogs-1.47.2/apk-aarch64_generic/libe2p/postinst-pkg ] || sed -z 's/^\s*#!/#!/' "/workspaces/openwrt-radxa-rock5b-plus/openwrt/build_dir/target-aarch64_generic_musl/e2fsprogs-1.47.2/apk-aarch64_generic/libe2p/postinst-pkg"; ) > /workspaces/openwrt-radxa-rock5b-plus/openwrt/build_dir/target-aarch64_generic_musl/e2fsprogs-1.47.2/apk-aarch64_generic/libe2p/post-install;
( echo "#!/bin/sh"; echo 'export PKG_UPGRADE=1'; [ ! -f /workspaces/openwrt-radxa-rock5b-plus/openwrt/build_dir/target-aarch64_generic_musl/e2fsprogs-1.47.2/apk-aarch64_generic/libe2p/post-install ] || sed -z 's/^\s*#!/#!/' "/workspaces/openwrt-radxa-rock5b-plus/openwrt/build_dir/target-aarch64_generic_musl/e2fsprogs-1.47.2/apk-aarch64_generic/libe2p/post-install"; ) > /workspaces/openwrt-radxa-rock5b-plus/openwrt/build_dir/target-aarch64_generic_musl/e2fsprogs-1.47.2/apk-aarch64_generic/libe2p/post-upgrade;
( echo "#!/bin/sh"; echo "[ -s "\${IPKG_INSTROOT}/lib/functions.sh" ] || exit 0"; echo ". \${IPKG_INSTROOT}/lib/functions.sh"; echo 'export root="${IPKG_INSTROOT}"'; echo 'export pkgname="libe2p"'; echo "default_prerm"; [ ! -f /workspaces/openwrt-radxa-rock5b-plus/openwrt/build_dir/target-aarch64_generic_musl/e2fsprogs-1.47.2/apk-aarch64_generic/libe2p/prerm-pkg ] || sed -z 's/^\s*#!/#!/' "/workspaces/openwrt-radxa-rock5b-plus/openwrt/build_dir/target-aarch64_generic_musl/e2fsprogs-1.47.2/apk-aarch64_generic/libe2p/prerm-pkg"; ) > /workspaces/openwrt-radxa-rock5b-plus/openwrt/build_dir/target-aarch64_generic_musl/e2fsprogs-1.47.2/apk-aarch64_generic/libe2p/pre-deinstall;
[ ! -f /workspaces/openwrt-radxa-rock5b-plus/openwrt/build_dir/target-aarch64_generic_musl/e2fsprogs-1.47.2/apk-aarch64_generic/libe2p/postrm ] || sed -zi 's/^\s*#!/#!/' "/workspaces/openwrt-radxa-rock5b-plus/openwrt/build_dir/target-aarch64_generic_musl/e2fsprogs-1.47.2/apk-aarch64_generic/libe2p/postrm";
if [ -n "" ]; then echo  > /workspaces/openwrt-radxa-rock5b-plus/openwrt/build_dir/target-aarch64_generic_musl/e2fsprogs-1.47.2/ipkg-aarch64_generic/libe2p/lib/apk/packages/libe2p.rusers; fi;
if [ -n "" ]; then echo  > /workspaces/openwrt-radxa-rock5b-plus/openwrt/build_dir/target-aarch64_generic_musl/e2fsprogs-1.47.2/ipkg-aarch64_generic/libe2p/lib/apk/packages/libe2p.alternatives; fi;
(cd /workspaces/openwrt-radxa-rock5b-plus/openwrt/build_dir/target-aarch64_generic_musl/e2fsprogs-1.47.2/ipkg-aarch64_generic/libe2p && find . -type f,l -printf "/%P\n" | sort > /workspaces/openwrt-radxa-rock5b-plus/openwrt/tmp/libe2p.list && mv /workspaces/openwrt-radxa-rock5b-plus/openwrt/tmp/libe2p.list /workspaces/openwrt-radxa-rock5b-plus/openwrt/build_dir/target-aarch64_generic_musl/e2fsprogs-1.47.2/ipkg-aarch64_generic/libe2p/lib/apk/packages/libe2p.list)
# Move conffiles to IDIR and build conffiles_static with csums
if [ -f /workspaces/openwrt-radxa-rock5b-plus/openwrt/build_dir/target-aarch64_generic_musl/e2fsprogs-1.47.2/apk-aarch64_generic/libe2p/conffiles ]; then mv -f /workspaces/openwrt-radxa-rock5b-plus/openwrt/build_dir/target-aarch64_generic_musl/e2fsprogs-1.47.2/apk-aarch64_generic/libe2p/conffiles /workspaces/openwrt-radxa-rock5b-plus/openwrt/build_dir/target-aarch64_generic_musl/e2fsprogs-1.47.2/ipkg-aarch64_generic/libe2p/lib/apk/packages/libe2p.conffiles; for file in $(cat /workspaces/openwrt-radxa-rock5b-plus/openwrt/build_dir/target-aarch64_generic_musl/e2fsprogs-1.47.2/ipkg-aarch64_generic/libe2p/lib/apk/packages/libe2p.conffiles); do [ -f /workspaces/openwrt-radxa-rock5b-plus/openwrt/build_dir/target-aarch64_generic_musl/e2fsprogs-1.47.2/ipkg-aarch64_generic/libe2p/$file ] || continue; csum=$(/workspaces/openwrt-radxa-rock5b-plus/openwrt/staging_dir/host/bin/mkhash sha256 /workspaces/openwrt-radxa-rock5b-plus/openwrt/build_dir/target-aarch64_generic_musl/e2fsprogs-1.47.2/ipkg-aarch64_generic/libe2p/$file); echo $file $csum >> /workspaces/openwrt-radxa-rock5b-plus/openwrt/build_dir/target-aarch64_generic_musl/e2fsprogs-1.47.2/ipkg-aarch64_generic/libe2p/lib/apk/packages/libe2p.conffiles_static; done; fi
# Some package (base-files) manually append stuff to conffiles
# Append stuff from it and delete the CONTROL directory since everything else should be migrated
if [ -f /workspaces/openwrt-radxa-rock5b-plus/openwrt/build_dir/target-aarch64_generic_musl/e2fsprogs-1.47.2/ipkg-aarch64_generic/libe2p/CONTROL/conffiles ]; then echo $(IDIR_libe2p)/CONTROL/conffiles >> /workspaces/openwrt-radxa-rock5b-plus/openwrt/build_dir/target-aarch64_generic_musl/e2fsprogs-1.47.2/ipkg-aarch64_generic/libe2p/lib/apk/packages/libe2p.conffiles; for file in $(cat /workspaces/openwrt-radxa-rock5b-plus/openwrt/build_dir/target-aarch64_generic_musl/e2fsprogs-1.47.2/ipkg-aarch64_generic/libe2p/CONTROL/conffiles); do [ -f /workspaces/openwrt-radxa-rock5b-plus/openwrt/build_dir/target-aarch64_generic_musl/e2fsprogs-1.47.2/ipkg-aarch64_generic/libe2p/$file ] || continue; csum=$(/workspaces/openwrt-radxa-rock5b-plus/openwrt/staging_dir/host/bin/mkhash sha256 /workspaces/openwrt-radxa-rock5b-plus/openwrt/build_dir/target-aarch64_generic_musl/e2fsprogs-1.47.2/ipkg-aarch64_generic/libe2p/$file); echo $file $csum >> /workspaces/openwrt-radxa-rock5b-plus/openwrt/build_dir/target-aarch64_generic_musl/e2fsprogs-1.47.2/ipkg-aarch64_generic/libe2p/lib/apk/packages/libe2p.conffiles_static; done; rm -rf /workspaces/openwrt-radxa-rock5b-plus/openwrt/build_dir/target-aarch64_generic_musl/e2fsprogs-1.47.2/ipkg-aarch64_generic/libe2p/CONTROL/conffiles; fi
if [ -z "$(ls -A /workspaces/openwrt-radxa-rock5b-plus/openwrt/build_dir/target-aarch64_generic_musl/e2fsprogs-1.47.2/ipkg-aarch64_generic/libe2p/CONTROL 2>/dev/null)" ]; then rm -rf /workspaces/openwrt-radxa-rock5b-plus/openwrt/build_dir/target-aarch64_generic_musl/e2fsprogs-1.47.2/ipkg-aarch64_generic/libe2p/CONTROL; else echo "CONTROL directory /workspaces/openwrt-radxa-rock5b-plus/openwrt/build_dir/target-aarch64_generic_musl/e2fsprogs-1.47.2/ipkg-aarch64_generic/libe2p/CONTROL is not empty! This is not right and should be checked!" >&2; exit 1; fi
/workspaces/openwrt-radxa-rock5b-plus/openwrt/staging_dir/host/bin/fakeroot /workspaces/openwrt-radxa-rock5b-plus/openwrt/staging_dir/host/bin/apk mkpkg --info "name:libe2p2" --info "version:1.47.2-r1" --info "tags:openwrt:abiversion=2" --info "description:This package contains libe2p, ext2fs userspace programs utility library bundled with e2fsprogs." --info "arch:aarch64_generic" --info "license:GPL-2.0" --info "origin:feeds/base/utils/e2fsprogs" --info "url:http://e2fsprogs.sourceforge.net/" --info "maintainer:" --info "provides: libe2p=1.47.2-r1 "  --script "post-install:/workspaces/openwrt-radxa-rock5b-plus/openwrt/build_dir/target-aarch64_generic_musl/e2fsprogs-1.47.2/apk-aarch64_generic/libe2p/post-install" --script "post-upgrade:/workspaces/openwrt-radxa-rock5b-plus/openwrt/build_dir/target-aarch64_generic_musl/e2fsprogs-1.47.2/apk-aarch64_generic/libe2p/post-upgrade" --script "pre-deinstall:/workspaces/openwrt-radxa-rock5b-plus/openwrt/build_dir/target-aarch64_generic_musl/e2fsprogs-1.47.2/apk-aarch64_generic/libe2p/pre-deinstall" --info "depends:libc libuuid1" --files "/workspaces/openwrt-radxa-rock5b-plus/openwrt/build_dir/target-aarch64_generic_musl/e2fsprogs-1.47.2/ipkg-aarch64_generic/libe2p" --output "/workspaces/openwrt-radxa-rock5b-plus/openwrt/bin/packages/aarch64_generic/base/libe2p2-1.47.2-r1.apk" --sign "/workspaces/openwrt-radxa-rock5b-plus/openwrt/private-key.pem"
rm -rf /workspaces/openwrt-radxa-rock5b-plus/openwrt/build_dir/target-aarch64_generic_musl/e2fsprogs-1.47.2/ipkg-aarch64_generic/e2fsprogs
/workspaces/openwrt-radxa-rock5b-plus/openwrt/scripts/ipkg-remove e2fsprogs /workspaces/openwrt-radxa-rock5b-plus/openwrt/bin/packages/aarch64_generic/base/e2fsprogs-1.47.2-r1.apk
removed '/workspaces/openwrt-radxa-rock5b-plus/openwrt/bin/packages/aarch64_generic/base/e2fsprogs-1.47.2-r1.apk'
mkdir -p /workspaces/openwrt-radxa-rock5b-plus/openwrt/bin/targets/rockchip/armv8/packages /workspaces/openwrt-radxa-rock5b-plus/openwrt/build_dir/target-aarch64_generic_musl/e2fsprogs-1.47.2/ipkg-aarch64_generic/e2fsprogs /workspaces/openwrt-radxa-rock5b-plus/openwrt/staging_dir/target-aarch64_generic_musl/pkginfo
install -d -m0755 /workspaces/openwrt-radxa-rock5b-plus/openwrt/build_dir/target-aarch64_generic_musl/e2fsprogs-1.47.2/ipkg-aarch64_generic/e2fsprogs/usr/sbin
install -m0755 /workspaces/openwrt-radxa-rock5b-plus/openwrt/build_dir/target-aarch64_generic_musl/e2fsprogs-1.47.2/ipkg-install/usr/sbin/e2fsck /workspaces/openwrt-radxa-rock5b-plus/openwrt/build_dir/target-aarch64_generic_musl/e2fsprogs-1.47.2/ipkg-aarch64_generic/e2fsprogs/usr/sbin/
install -m0755 /workspaces/openwrt-radxa-rock5b-plus/openwrt/build_dir/target-aarch64_generic_musl/e2fsprogs-1.47.2/ipkg-install/usr/sbin/mke2fs /workspaces/openwrt-radxa-rock5b-plus/openwrt/build_dir/target-aarch64_generic_musl/e2fsprogs-1.47.2/ipkg-aarch64_generic/e2fsprogs/usr/sbin/
ln -sf mke2fs /workspaces/openwrt-radxa-rock5b-plus/openwrt/build_dir/target-aarch64_generic_musl/e2fsprogs-1.47.2/ipkg-aarch64_generic/e2fsprogs/usr/sbin/mkfs.ext2
ln -sf mke2fs /workspaces/openwrt-radxa-rock5b-plus/openwrt/build_dir/target-aarch64_generic_musl/e2fsprogs-1.47.2/ipkg-aarch64_generic/e2fsprogs/usr/sbin/mkfs.ext3
ln -sf mke2fs /workspaces/openwrt-radxa-rock5b-plus/openwrt/build_dir/target-aarch64_generic_musl/e2fsprogs-1.47.2/ipkg-aarch64_generic/e2fsprogs/usr/sbin/mkfs.ext4
ln -sf e2fsck /workspaces/openwrt-radxa-rock5b-plus/openwrt/build_dir/target-aarch64_generic_musl/e2fsprogs-1.47.2/ipkg-aarch64_generic/e2fsprogs/usr/sbin/fsck.ext2
ln -sf e2fsck /workspaces/openwrt-radxa-rock5b-plus/openwrt/build_dir/target-aarch64_generic_musl/e2fsprogs-1.47.2/ipkg-aarch64_generic/e2fsprogs/usr/sbin/fsck.ext3
ln -sf e2fsck /workspaces/openwrt-radxa-rock5b-plus/openwrt/build_dir/target-aarch64_generic_musl/e2fsprogs-1.47.2/ipkg-aarch64_generic/e2fsprogs/usr/sbin/fsck.ext4
install -d -m0755 /workspaces/openwrt-radxa-rock5b-plus/openwrt/build_dir/target-aarch64_generic_musl/e2fsprogs-1.47.2/ipkg-aarch64_generic/e2fsprogs/usr/lib
install -d -m0755 /workspaces/openwrt-radxa-rock5b-plus/openwrt/build_dir/target-aarch64_generic_musl/e2fsprogs-1.47.2/ipkg-aarch64_generic/e2fsprogs/etc/init.d
install -d -m0755 /workspaces/openwrt-radxa-rock5b-plus/openwrt/build_dir/target-aarch64_generic_musl/e2fsprogs-1.47.2/ipkg-aarch64_generic/e2fsprogs/lib/functions/fsck
install -m0644 ./files/e2fsck.sh /workspaces/openwrt-radxa-rock5b-plus/openwrt/build_dir/target-aarch64_generic_musl/e2fsprogs-1.47.2/ipkg-aarch64_generic/e2fsprogs/lib/functions/fsck/
install -m0644 ./files/e2fsck.conf /workspaces/openwrt-radxa-rock5b-plus/openwrt/build_dir/target-aarch64_generic_musl/e2fsprogs-1.47.2/ipkg-aarch64_generic/e2fsprogs/etc/e2fsck.conf
find /workspaces/openwrt-radxa-rock5b-plus/openwrt/build_dir/target-aarch64_generic_musl/e2fsprogs-1.47.2/ipkg-aarch64_generic/e2fsprogs -name 'CVS' -o -name '.svn' -o -name '.#*' -o -name '*~'| xargs -r rm -rf
rm -f /workspaces/openwrt-radxa-rock5b-plus/openwrt/build_dir/target-aarch64_generic_musl/firewall4-2025.03.17~b6e51575/.built
touch /workspaces/openwrt-radxa-rock5b-plus/openwrt/build_dir/target-aarch64_generic_musl/firewall4-2025.03.17~b6e51575/.built_check
touch /workspaces/openwrt-radxa-rock5b-plus/openwrt/build_dir/target-aarch64_generic_musl/firewall4-2025.03.17~b6e51575/.built
rm -rf /workspaces/openwrt-radxa-rock5b-plus/openwrt/build_dir/target-aarch64_generic_musl/firewall4-2025.03.17~b6e51575/.pkgdir/firewall4.installed /workspaces/openwrt-radxa-rock5b-plus/openwrt/build_dir/target-aarch64_generic_musl/firewall4-2025.03.17~b6e51575/.pkgdir/firewall4
export CROSS="aarch64-openwrt-linux-musl-"  NO_RENAME=1 ; NM="aarch64-openwrt-linux-musl-nm" STRIP="/workspaces/openwrt-radxa-rock5b-plus/openwrt/staging_dir/host/bin/sstrip -z" STRIP_KMOD="/workspaces/openwrt-radxa-rock5b-plus/openwrt/scripts/strip-kmod.sh" PATCHELF="/workspaces/openwrt-radxa-rock5b-plus/openwrt/staging_dir/host/bin/patchelf" /workspaces/openwrt-radxa-rock5b-plus/openwrt/scripts/rstrip.sh /workspaces/openwrt-radxa-rock5b-plus/openwrt/build_dir/target-aarch64_generic_musl/e2fsprogs-1.47.2/ipkg-aarch64_generic/e2fsprogs
mkdir -p /workspaces/openwrt-radxa-rock5b-plus/openwrt/build_dir/target-aarch64_generic_musl/firewall4-2025.03.17~b6e51575/.pkgdir/firewall4
cp -fpR -a /workspaces/openwrt-radxa-rock5b-plus/openwrt/build_dir/target-aarch64_generic_musl/firewall4-2025.03.17~b6e51575/root/* /workspaces/openwrt-radxa-rock5b-plus/openwrt/build_dir/target-aarch64_generic_musl/firewall4-2025.03.17~b6e51575/.pkgdir/firewall4/
touch /workspaces/openwrt-radxa-rock5b-plus/openwrt/build_dir/target-aarch64_generic_musl/firewall4-2025.03.17~b6e51575/.pkgdir/firewall4.installed
mkdir -p /workspaces/openwrt-radxa-rock5b-plus/openwrt/staging_dir/target-aarch64_generic_musl/root-rockchip/stamp
SHELL= flock /workspaces/openwrt-radxa-rock5b-plus/openwrt/tmp/.root-copy.flock -c 'cp -fpR /workspaces/openwrt-radxa-rock5b-plus/openwrt/build_dir/target-aarch64_generic_musl/firewall4-2025.03.17~b6e51575/.pkgdir/firewall4/. /workspaces/openwrt-radxa-rock5b-plus/openwrt/staging_dir/target-aarch64_generic_musl/root-rockchip/'
touch /workspaces/openwrt-radxa-rock5b-plus/openwrt/staging_dir/target-aarch64_generic_musl/root-rockchip/stamp/.firewall4_installed
rm -rf /workspaces/openwrt-radxa-rock5b-plus/openwrt/build_dir/target-aarch64_generic_musl/firewall4-2025.03.17~b6e51575/ipkg-aarch64_generic/firewall4
rstrip.sh: /workspaces/openwrt-radxa-rock5b-plus/openwrt/build_dir/target-aarch64_generic_musl/e2fsprogs-1.47.2/ipkg-aarch64_generic/e2fsprogs/usr/sbin/mke2fs: executable
/workspaces/openwrt-radxa-rock5b-plus/openwrt/scripts/ipkg-remove firewall4 /workspaces/openwrt-radxa-rock5b-plus/openwrt/bin/packages/aarch64_generic/base/firewall4-2025.03.17~b6e51575-r1.apk
removed '/workspaces/openwrt-radxa-rock5b-plus/openwrt/bin/packages/aarch64_generic/base/firewall4-2025.03.17~b6e51575-r1.apk'
mkdir -p /workspaces/openwrt-radxa-rock5b-plus/openwrt/bin/targets/rockchip/armv8/packages /workspaces/openwrt-radxa-rock5b-plus/openwrt/build_dir/target-aarch64_generic_musl/firewall4-2025.03.17~b6e51575/ipkg-aarch64_generic/firewall4 /workspaces/openwrt-radxa-rock5b-plus/openwrt/staging_dir/target-aarch64_generic_musl/pkginfo
rstrip.sh: /workspaces/openwrt-radxa-rock5b-plus/openwrt/build_dir/target-aarch64_generic_musl/e2fsprogs-1.47.2/ipkg-aarch64_generic/e2fsprogs/usr/sbin/e2fsck: executable
cp -fpR -a /workspaces/openwrt-radxa-rock5b-plus/openwrt/build_dir/target-aarch64_generic_musl/firewall4-2025.03.17~b6e51575/root/* /workspaces/openwrt-radxa-rock5b-plus/openwrt/build_dir/target-aarch64_generic_musl/firewall4-2025.03.17~b6e51575/ipkg-aarch64_generic/firewall4/
find /workspaces/openwrt-radxa-rock5b-plus/openwrt/build_dir/target-aarch64_generic_musl/firewall4-2025.03.17~b6e51575/ipkg-aarch64_generic/firewall4 -name 'CVS' -o -name '.svn' -o -name '.#*' -o -name '*~'| xargs -r rm -rf
install -d -m0755 /workspaces/openwrt-radxa-rock5b-plus/openwrt/bin/packages/aarch64_generic/base/tmp
mkdir -p /workspaces/openwrt-radxa-rock5b-plus/openwrt/build_dir/target-aarch64_generic_musl/e2fsprogs-1.47.2/apk-aarch64_generic/e2fsprogs/
mkdir -p /workspaces/openwrt-radxa-rock5b-plus/openwrt/build_dir/target-aarch64_generic_musl/e2fsprogs-1.47.2/ipkg-aarch64_generic/e2fsprogs/lib/apk/packages/
(cd /workspaces/openwrt-radxa-rock5b-plus/openwrt/build_dir/target-aarch64_generic_musl/e2fsprogs-1.47.2/apk-aarch64_generic/e2fsprogs; echo "$V_Package_e2fsprogs_conffiles" > conffiles; )
( echo "#!/bin/sh"; echo "[ \"\${IPKG_NO_SCRIPT}\" = \"1\" ] && exit 0"; echo "[ -s "\${IPKG_INSTROOT}/lib/functions.sh" ] || exit 0"; echo ". \${IPKG_INSTROOT}/lib/functions.sh"; echo 'export root="${IPKG_INSTROOT}"'; echo 'export pkgname="e2fsprogs"'; echo "add_group_and_user"; echo "default_postinst"; [ ! -f /workspaces/openwrt-radxa-rock5b-plus/openwrt/build_dir/target-aarch64_generic_musl/e2fsprogs-1.47.2/apk-aarch64_generic/e2fsprogs/postinst-pkg ] || sed -z 's/^\s*#!/#!/' "/workspaces/openwrt-radxa-rock5b-plus/openwrt/build_dir/target-aarch64_generic_musl/e2fsprogs-1.47.2/apk-aarch64_generic/e2fsprogs/postinst-pkg"; ) > /workspaces/openwrt-radxa-rock5b-plus/openwrt/build_dir/target-aarch64_generic_musl/e2fsprogs-1.47.2/apk-aarch64_generic/e2fsprogs/post-install;
( echo "#!/bin/sh"; echo 'export PKG_UPGRADE=1'; [ ! -f /workspaces/openwrt-radxa-rock5b-plus/openwrt/build_dir/target-aarch64_generic_musl/e2fsprogs-1.47.2/apk-aarch64_generic/e2fsprogs/post-install ] || sed -z 's/^\s*#!/#!/' "/workspaces/openwrt-radxa-rock5b-plus/openwrt/build_dir/target-aarch64_generic_musl/e2fsprogs-1.47.2/apk-aarch64_generic/e2fsprogs/post-install"; ) > /workspaces/openwrt-radxa-rock5b-plus/openwrt/build_dir/target-aarch64_generic_musl/e2fsprogs-1.47.2/apk-aarch64_generic/e2fsprogs/post-upgrade;
( echo "#!/bin/sh"; echo "[ -s "\${IPKG_INSTROOT}/lib/functions.sh" ] || exit 0"; echo ". \${IPKG_INSTROOT}/lib/functions.sh"; echo 'export root="${IPKG_INSTROOT}"'; echo 'export pkgname="e2fsprogs"'; echo "default_prerm"; [ ! -f /workspaces/openwrt-radxa-rock5b-plus/openwrt/build_dir/target-aarch64_generic_musl/e2fsprogs-1.47.2/apk-aarch64_generic/e2fsprogs/prerm-pkg ] || sed -z 's/^\s*#!/#!/' "/workspaces/openwrt-radxa-rock5b-plus/openwrt/build_dir/target-aarch64_generic_musl/e2fsprogs-1.47.2/apk-aarch64_generic/e2fsprogs/prerm-pkg"; ) > /workspaces/openwrt-radxa-rock5b-plus/openwrt/build_dir/target-aarch64_generic_musl/e2fsprogs-1.47.2/apk-aarch64_generic/e2fsprogs/pre-deinstall;
[ ! -f /workspaces/openwrt-radxa-rock5b-plus/openwrt/build_dir/target-aarch64_generic_musl/e2fsprogs-1.47.2/apk-aarch64_generic/e2fsprogs/postrm ] || sed -zi 's/^\s*#!/#!/' "/workspaces/openwrt-radxa-rock5b-plus/openwrt/build_dir/target-aarch64_generic_musl/e2fsprogs-1.47.2/apk-aarch64_generic/e2fsprogs/postrm";
if [ -n "" ]; then echo  > /workspaces/openwrt-radxa-rock5b-plus/openwrt/build_dir/target-aarch64_generic_musl/e2fsprogs-1.47.2/ipkg-aarch64_generic/e2fsprogs/lib/apk/packages/e2fsprogs.rusers; fi;
if [ -n "" ]; then echo  > /workspaces/openwrt-radxa-rock5b-plus/openwrt/build_dir/target-aarch64_generic_musl/e2fsprogs-1.47.2/ipkg-aarch64_generic/e2fsprogs/lib/apk/packages/e2fsprogs.alternatives; fi;
(cd /workspaces/openwrt-radxa-rock5b-plus/openwrt/build_dir/target-aarch64_generic_musl/e2fsprogs-1.47.2/ipkg-aarch64_generic/e2fsprogs && find . -type f,l -printf "/%P\n" | sort > /workspaces/openwrt-radxa-rock5b-plus/openwrt/tmp/e2fsprogs.list && mv /workspaces/openwrt-radxa-rock5b-plus/openwrt/tmp/e2fsprogs.list /workspaces/openwrt-radxa-rock5b-plus/openwrt/build_dir/target-aarch64_generic_musl/e2fsprogs-1.47.2/ipkg-aarch64_generic/e2fsprogs/lib/apk/packages/e2fsprogs.list)
# Move conffiles to IDIR and build conffiles_static with csums
if [ -f /workspaces/openwrt-radxa-rock5b-plus/openwrt/build_dir/target-aarch64_generic_musl/e2fsprogs-1.47.2/apk-aarch64_generic/e2fsprogs/conffiles ]; then mv -f /workspaces/openwrt-radxa-rock5b-plus/openwrt/build_dir/target-aarch64_generic_musl/e2fsprogs-1.47.2/apk-aarch64_generic/e2fsprogs/conffiles /workspaces/openwrt-radxa-rock5b-plus/openwrt/build_dir/target-aarch64_generic_musl/e2fsprogs-1.47.2/ipkg-aarch64_generic/e2fsprogs/lib/apk/packages/e2fsprogs.conffiles; for file in $(cat /workspaces/openwrt-radxa-rock5b-plus/openwrt/build_dir/target-aarch64_generic_musl/e2fsprogs-1.47.2/ipkg-aarch64_generic/e2fsprogs/lib/apk/packages/e2fsprogs.conffiles); do [ -f /workspaces/openwrt-radxa-rock5b-plus/openwrt/build_dir/target-aarch64_generic_musl/e2fsprogs-1.47.2/ipkg-aarch64_generic/e2fsprogs/$file ] || continue; csum=$(/workspaces/openwrt-radxa-rock5b-plus/openwrt/staging_dir/host/bin/mkhash sha256 /workspaces/openwrt-radxa-rock5b-plus/openwrt/build_dir/target-aarch64_generic_musl/e2fsprogs-1.47.2/ipkg-aarch64_generic/e2fsprogs/$file); echo $file $csum >> /workspaces/openwrt-radxa-rock5b-plus/openwrt/build_dir/target-aarch64_generic_musl/e2fsprogs-1.47.2/ipkg-aarch64_generic/e2fsprogs/lib/apk/packages/e2fsprogs.conffiles_static; done; fi
# Some package (base-files) manually append stuff to conffiles
# Append stuff from it and delete the CONTROL directory since everything else should be migrated
if [ -f /workspaces/openwrt-radxa-rock5b-plus/openwrt/build_dir/target-aarch64_generic_musl/e2fsprogs-1.47.2/ipkg-aarch64_generic/e2fsprogs/CONTROL/conffiles ]; then echo $(IDIR_e2fsprogs)/CONTROL/conffiles >> /workspaces/openwrt-radxa-rock5b-plus/openwrt/build_dir/target-aarch64_generic_musl/e2fsprogs-1.47.2/ipkg-aarch64_generic/e2fsprogs/lib/apk/packages/e2fsprogs.conffiles; for file in $(cat /workspaces/openwrt-radxa-rock5b-plus/openwrt/build_dir/target-aarch64_generic_musl/e2fsprogs-1.47.2/ipkg-aarch64_generic/e2fsprogs/CONTROL/conffiles); do [ -f /workspaces/openwrt-radxa-rock5b-plus/openwrt/build_dir/target-aarch64_generic_musl/e2fsprogs-1.47.2/ipkg-aarch64_generic/e2fsprogs/$file ] || continue; csum=$(/workspaces/openwrt-radxa-rock5b-plus/openwrt/staging_dir/host/bin/mkhash sha256 /workspaces/openwrt-radxa-rock5b-plus/openwrt/build_dir/target-aarch64_generic_musl/e2fsprogs-1.47.2/ipkg-aarch64_generic/e2fsprogs/$file); echo $file $csum >> /workspaces/openwrt-radxa-rock5b-plus/openwrt/build_dir/target-aarch64_generic_musl/e2fsprogs-1.47.2/ipkg-aarch64_generic/e2fsprogs/lib/apk/packages/e2fsprogs.conffiles_static; done; rm -rf /workspaces/openwrt-radxa-rock5b-plus/openwrt/build_dir/target-aarch64_generic_musl/e2fsprogs-1.47.2/ipkg-aarch64_generic/e2fsprogs/CONTROL/conffiles; fi
if [ -z "$(ls -A /workspaces/openwrt-radxa-rock5b-plus/openwrt/build_dir/target-aarch64_generic_musl/e2fsprogs-1.47.2/ipkg-aarch64_generic/e2fsprogs/CONTROL 2>/dev/null)" ]; then rm -rf /workspaces/openwrt-radxa-rock5b-plus/openwrt/build_dir/target-aarch64_generic_musl/e2fsprogs-1.47.2/ipkg-aarch64_generic/e2fsprogs/CONTROL; else echo "CONTROL directory /workspaces/openwrt-radxa-rock5b-plus/openwrt/build_dir/target-aarch64_generic_musl/e2fsprogs-1.47.2/ipkg-aarch64_generic/e2fsprogs/CONTROL is not empty! This is not right and should be checked!" >&2; exit 1; fi
/workspaces/openwrt-radxa-rock5b-plus/openwrt/staging_dir/host/bin/fakeroot /workspaces/openwrt-radxa-rock5b-plus/openwrt/staging_dir/host/bin/apk mkpkg --info "name:e2fsprogs" --info "version:1.47.2-r1"  --info "description:This package contains essential ext2 filesystem utilities which consists of e2fsck, mke2fs and most of the other core ext2 filesystem utilities." --info "arch:aarch64_generic" --info "license:GPL-2.0" --info "origin:feeds/base/utils/e2fsprogs" --info "url:http://e2fsprogs.sourceforge.net/" --info "maintainer:" --info "provides:"  --script "post-install:/workspaces/openwrt-radxa-rock5b-plus/openwrt/build_dir/target-aarch64_generic_musl/e2fsprogs-1.47.2/apk-aarch64_generic/e2fsprogs/post-install" --script "post-upgrade:/workspaces/openwrt-radxa-rock5b-plus/openwrt/build_dir/target-aarch64_generic_musl/e2fsprogs-1.47.2/apk-aarch64_generic/e2fsprogs/post-upgrade" --script "pre-deinstall:/workspaces/openwrt-radxa-rock5b-plus/openwrt/build_dir/target-aarch64_generic_musl/e2fsprogs-1.47.2/apk-aarch64_generic/e2fsprogs/pre-deinstall" --info "depends:libc libuuid1 libext2fs2 libe2p2" --files "/workspaces/openwrt-radxa-rock5b-plus/openwrt/build_dir/target-aarch64_generic_musl/e2fsprogs-1.47.2/ipkg-aarch64_generic/e2fsprogs" --output "/workspaces/openwrt-radxa-rock5b-plus/openwrt/bin/packages/aarch64_generic/base/e2fsprogs-1.47.2-r1.apk" --sign "/workspaces/openwrt-radxa-rock5b-plus/openwrt/private-key.pem"
echo "libcomerr" >> /workspaces/openwrt-radxa-rock5b-plus/openwrt/staging_dir/target-aarch64_generic_musl/pkginfo/e2fsprogs.default.install
rm -rf /workspaces/openwrt-radxa-rock5b-plus/openwrt/tmp/stage-e2fsprogs
mkdir -p /workspaces/openwrt-radxa-rock5b-plus/openwrt/tmp/stage-e2fsprogs/host /workspaces/openwrt-radxa-rock5b-plus/openwrt/staging_dir/target-aarch64_generic_musl/packages
install -d -m0755 /workspaces/openwrt-radxa-rock5b-plus/openwrt/tmp/stage-e2fsprogs/usr/lib/pkgconfig
cp -fpR /workspaces/openwrt-radxa-rock5b-plus/openwrt/build_dir/target-aarch64_generic_musl/e2fsprogs-1.47.2/lib/ext2fs/ext2fs.pc /workspaces/openwrt-radxa-rock5b-plus/openwrt/tmp/stage-e2fsprogs/usr/lib/pkgconfig
cp -fpR /workspaces/openwrt-radxa-rock5b-plus/openwrt/build_dir/target-aarch64_generic_musl/e2fsprogs-1.47.2/lib/et/com_err.pc /workspaces/openwrt-radxa-rock5b-plus/openwrt/tmp/stage-e2fsprogs/usr/lib/pkgconfig
cp -fpR /workspaces/openwrt-radxa-rock5b-plus/openwrt/build_dir/target-aarch64_generic_musl/e2fsprogs-1.47.2/lib/e2p/e2p.pc /workspaces/openwrt-radxa-rock5b-plus/openwrt/tmp/stage-e2fsprogs/usr/lib/pkgconfig
cp -fpR /workspaces/openwrt-radxa-rock5b-plus/openwrt/build_dir/target-aarch64_generic_musl/e2fsprogs-1.47.2/lib/ss/ss.pc /workspaces/openwrt-radxa-rock5b-plus/openwrt/tmp/stage-e2fsprogs/usr/lib/pkgconfig
install -d -m0755 /workspaces/openwrt-radxa-rock5b-plus/openwrt/tmp/stage-e2fsprogs/usr/lib
cp -fpR /workspaces/openwrt-radxa-rock5b-plus/openwrt/build_dir/target-aarch64_generic_musl/e2fsprogs-1.47.2/lib/libext2fs.{so,a}* /workspaces/openwrt-radxa-rock5b-plus/openwrt/tmp/stage-e2fsprogs/usr/lib
cp -fpR /workspaces/openwrt-radxa-rock5b-plus/openwrt/build_dir/target-aarch64_generic_musl/e2fsprogs-1.47.2/lib/libcom_err.{so,a}* /workspaces/openwrt-radxa-rock5b-plus/openwrt/tmp/stage-e2fsprogs/usr/lib
cp -fpR /workspaces/openwrt-radxa-rock5b-plus/openwrt/build_dir/target-aarch64_generic_musl/e2fsprogs-1.47.2/lib/libss.{so,a}* /workspaces/openwrt-radxa-rock5b-plus/openwrt/tmp/stage-e2fsprogs/usr/lib
cp -fpR /workspaces/openwrt-radxa-rock5b-plus/openwrt/build_dir/target-aarch64_generic_musl/e2fsprogs-1.47.2/lib/libe2p.{so,a}* /workspaces/openwrt-radxa-rock5b-plus/openwrt/tmp/stage-e2fsprogs/usr/lib
install -d -m0755 /workspaces/openwrt-radxa-rock5b-plus/openwrt/tmp/stage-e2fsprogs/usr/include/ext2fs
cp -fpR /workspaces/openwrt-radxa-rock5b-plus/openwrt/build_dir/target-aarch64_generic_musl/e2fsprogs-1.47.2/lib/ext2fs/*.h /workspaces/openwrt-radxa-rock5b-plus/openwrt/tmp/stage-e2fsprogs/usr/include/ext2fs
export CROSS="aarch64-openwrt-linux-musl-"  NO_RENAME=1 ; NM="aarch64-openwrt-linux-musl-nm" STRIP="/workspaces/openwrt-radxa-rock5b-plus/openwrt/staging_dir/host/bin/sstrip -z" STRIP_KMOD="/workspaces/openwrt-radxa-rock5b-plus/openwrt/scripts/strip-kmod.sh" PATCHELF="/workspaces/openwrt-radxa-rock5b-plus/openwrt/staging_dir/host/bin/patchelf" /workspaces/openwrt-radxa-rock5b-plus/openwrt/scripts/rstrip.sh /workspaces/openwrt-radxa-rock5b-plus/openwrt/build_dir/target-aarch64_generic_musl/firewall4-2025.03.17~b6e51575/ipkg-aarch64_generic/firewall4
install -d -m0755 /workspaces/openwrt-radxa-rock5b-plus/openwrt/tmp/stage-e2fsprogs/usr/include/et
install -m0755 /workspaces/openwrt-radxa-rock5b-plus/openwrt/build_dir/target-aarch64_generic_musl/e2fsprogs-1.47.2/lib/et/*.h /workspaces/openwrt-radxa-rock5b-plus/openwrt/tmp/stage-e2fsprogs/usr/include/et
# Apparently there is some confusion
echo "#include <et/com_err.h>" > /workspaces/openwrt-radxa-rock5b-plus/openwrt/tmp/stage-e2fsprogs/usr/include/com_err.h
install -d -m0755 /workspaces/openwrt-radxa-rock5b-plus/openwrt/tmp/stage-e2fsprogs/usr/include/ss
cp -fpR /workspaces/openwrt-radxa-rock5b-plus/openwrt/build_dir/target-aarch64_generic_musl/e2fsprogs-1.47.2/lib/ss/ss.h /workspaces/openwrt-radxa-rock5b-plus/openwrt/build_dir/target-aarch64_generic_musl/e2fsprogs-1.47.2/lib/ss/ss_err.h /workspaces/openwrt-radxa-rock5b-plus/openwrt/tmp/stage-e2fsprogs/usr/include/ss/
install -d -m0755 /workspaces/openwrt-radxa-rock5b-plus/openwrt/tmp/stage-e2fsprogs/usr/include/e2p
cp -fpR /workspaces/openwrt-radxa-rock5b-plus/openwrt/build_dir/target-aarch64_generic_musl/e2fsprogs-1.47.2/lib/e2p/e2p.h /workspaces/openwrt-radxa-rock5b-plus/openwrt/tmp/stage-e2fsprogs/usr/include/e2p
find /workspaces/openwrt-radxa-rock5b-plus/openwrt/tmp/stage-e2fsprogs -name '*.la' | xargs -r rm -f; 
if [ -f /workspaces/openwrt-radxa-rock5b-plus/openwrt/staging_dir/target-aarch64_generic_musl/packages/e2fsprogs.list ]; then /workspaces/openwrt-radxa-rock5b-plus/openwrt/scripts/clean-package.sh "/workspaces/openwrt-radxa-rock5b-plus/openwrt/staging_dir/target-aarch64_generic_musl/packages/e2fsprogs.list" "/workspaces/openwrt-radxa-rock5b-plus/openwrt/staging_dir/target-aarch64_generic_musl"; fi
install -d -m0755 /workspaces/openwrt-radxa-rock5b-plus/openwrt/bin/packages/aarch64_generic/base/tmp
mkdir -p /workspaces/openwrt-radxa-rock5b-plus/openwrt/build_dir/target-aarch64_generic_musl/firewall4-2025.03.17~b6e51575/apk-aarch64_generic/firewall4/
mkdir -p /workspaces/openwrt-radxa-rock5b-plus/openwrt/build_dir/target-aarch64_generic_musl/firewall4-2025.03.17~b6e51575/ipkg-aarch64_generic/firewall4/lib/apk/packages/
(cd /workspaces/openwrt-radxa-rock5b-plus/openwrt/build_dir/target-aarch64_generic_musl/firewall4-2025.03.17~b6e51575/apk-aarch64_generic/firewall4; echo "$V_Package_firewall4_conffiles" > conffiles; )
( echo "#!/bin/sh"; echo "[ \"\${IPKG_NO_SCRIPT}\" = \"1\" ] && exit 0"; echo "[ -s "\${IPKG_INSTROOT}/lib/functions.sh" ] || exit 0"; echo ". \${IPKG_INSTROOT}/lib/functions.sh"; echo 'export root="${IPKG_INSTROOT}"'; echo 'export pkgname="firewall4"'; echo "add_group_and_user"; echo "default_postinst"; [ ! -f /workspaces/openwrt-radxa-rock5b-plus/openwrt/build_dir/target-aarch64_generic_musl/firewall4-2025.03.17~b6e51575/apk-aarch64_generic/firewall4/postinst-pkg ] || sed -z 's/^\s*#!/#!/' "/workspaces/openwrt-radxa-rock5b-plus/openwrt/build_dir/target-aarch64_generic_musl/firewall4-2025.03.17~b6e51575/apk-aarch64_generic/firewall4/postinst-pkg"; ) > /workspaces/openwrt-radxa-rock5b-plus/openwrt/build_dir/target-aarch64_generic_musl/firewall4-2025.03.17~b6e51575/apk-aarch64_generic/firewall4/post-install;
( echo "#!/bin/sh"; echo 'export PKG_UPGRADE=1'; [ ! -f /workspaces/openwrt-radxa-rock5b-plus/openwrt/build_dir/target-aarch64_generic_musl/firewall4-2025.03.17~b6e51575/apk-aarch64_generic/firewall4/post-install ] || sed -z 's/^\s*#!/#!/' "/workspaces/openwrt-radxa-rock5b-plus/openwrt/build_dir/target-aarch64_generic_musl/firewall4-2025.03.17~b6e51575/apk-aarch64_generic/firewall4/post-install"; ) > /workspaces/openwrt-radxa-rock5b-plus/openwrt/build_dir/target-aarch64_generic_musl/firewall4-2025.03.17~b6e51575/apk-aarch64_generic/firewall4/post-upgrade;
( echo "#!/bin/sh"; echo "[ -s "\${IPKG_INSTROOT}/lib/functions.sh" ] || exit 0"; echo ". \${IPKG_INSTROOT}/lib/functions.sh"; echo 'export root="${IPKG_INSTROOT}"'; echo 'export pkgname="firewall4"'; echo "default_prerm"; [ ! -f /workspaces/openwrt-radxa-rock5b-plus/openwrt/build_dir/target-aarch64_generic_musl/firewall4-2025.03.17~b6e51575/apk-aarch64_generic/firewall4/prerm-pkg ] || sed -z 's/^\s*#!/#!/' "/workspaces/openwrt-radxa-rock5b-plus/openwrt/build_dir/target-aarch64_generic_musl/firewall4-2025.03.17~b6e51575/apk-aarch64_generic/firewall4/prerm-pkg"; ) > /workspaces/openwrt-radxa-rock5b-plus/openwrt/build_dir/target-aarch64_generic_musl/firewall4-2025.03.17~b6e51575/apk-aarch64_generic/firewall4/pre-deinstall;
[ ! -f /workspaces/openwrt-radxa-rock5b-plus/openwrt/build_dir/target-aarch64_generic_musl/firewall4-2025.03.17~b6e51575/apk-aarch64_generic/firewall4/postrm ] || sed -zi 's/^\s*#!/#!/' "/workspaces/openwrt-radxa-rock5b-plus/openwrt/build_dir/target-aarch64_generic_musl/firewall4-2025.03.17~b6e51575/apk-aarch64_generic/firewall4/postrm";
if [ -n "" ]; then echo  > /workspaces/openwrt-radxa-rock5b-plus/openwrt/build_dir/target-aarch64_generic_musl/firewall4-2025.03.17~b6e51575/ipkg-aarch64_generic/firewall4/lib/apk/packages/firewall4.rusers; fi;
if [ -n "" ]; then echo  > /workspaces/openwrt-radxa-rock5b-plus/openwrt/build_dir/target-aarch64_generic_musl/firewall4-2025.03.17~b6e51575/ipkg-aarch64_generic/firewall4/lib/apk/packages/firewall4.alternatives; fi;
(cd /workspaces/openwrt-radxa-rock5b-plus/openwrt/build_dir/target-aarch64_generic_musl/firewall4-2025.03.17~b6e51575/ipkg-aarch64_generic/firewall4 && find . -type f,l -printf "/%P\n" | sort > /workspaces/openwrt-radxa-rock5b-plus/openwrt/tmp/firewall4.list && mv /workspaces/openwrt-radxa-rock5b-plus/openwrt/tmp/firewall4.list /workspaces/openwrt-radxa-rock5b-plus/openwrt/build_dir/target-aarch64_generic_musl/firewall4-2025.03.17~b6e51575/ipkg-aarch64_generic/firewall4/lib/apk/packages/firewall4.list)
# Move conffiles to IDIR and build conffiles_static with csums
if [ -f /workspaces/openwrt-radxa-rock5b-plus/openwrt/build_dir/target-aarch64_generic_musl/firewall4-2025.03.17~b6e51575/apk-aarch64_generic/firewall4/conffiles ]; then mv -f /workspaces/openwrt-radxa-rock5b-plus/openwrt/build_dir/target-aarch64_generic_musl/firewall4-2025.03.17~b6e51575/apk-aarch64_generic/firewall4/conffiles /workspaces/openwrt-radxa-rock5b-plus/openwrt/build_dir/target-aarch64_generic_musl/firewall4-2025.03.17~b6e51575/ipkg-aarch64_generic/firewall4/lib/apk/packages/firewall4.conffiles; for file in $(cat /workspaces/openwrt-radxa-rock5b-plus/openwrt/build_dir/target-aarch64_generic_musl/firewall4-2025.03.17~b6e51575/ipkg-aarch64_generic/firewall4/lib/apk/packages/firewall4.conffiles); do [ -f /workspaces/openwrt-radxa-rock5b-plus/openwrt/build_dir/target-aarch64_generic_musl/firewall4-2025.03.17~b6e51575/ipkg-aarch64_generic/firewall4/$file ] || continue; csum=$(/workspaces/openwrt-radxa-rock5b-plus/openwrt/staging_dir/host/bin/mkhash sha256 /workspaces/openwrt-radxa-rock5b-plus/openwrt/build_dir/target-aarch64_generic_musl/firewall4-2025.03.17~b6e51575/ipkg-aarch64_generic/firewall4/$file); echo $file $csum >> /workspaces/openwrt-radxa-rock5b-plus/openwrt/build_dir/target-aarch64_generic_musl/firewall4-2025.03.17~b6e51575/ipkg-aarch64_generic/firewall4/lib/apk/packages/firewall4.conffiles_static; done; fi
# Some package (base-files) manually append stuff to conffiles
# Append stuff from it and delete the CONTROL directory since everything else should be migrated
if [ -f /workspaces/openwrt-radxa-rock5b-plus/openwrt/build_dir/target-aarch64_generic_musl/firewall4-2025.03.17~b6e51575/ipkg-aarch64_generic/firewall4/CONTROL/conffiles ]; then echo $(IDIR_firewall4)/CONTROL/conffiles >> /workspaces/openwrt-radxa-rock5b-plus/openwrt/build_dir/target-aarch64_generic_musl/firewall4-2025.03.17~b6e51575/ipkg-aarch64_generic/firewall4/lib/apk/packages/firewall4.conffiles; for file in $(cat /workspaces/openwrt-radxa-rock5b-plus/openwrt/build_dir/target-aarch64_generic_musl/firewall4-2025.03.17~b6e51575/ipkg-aarch64_generic/firewall4/CONTROL/conffiles); do [ -f /workspaces/openwrt-radxa-rock5b-plus/openwrt/build_dir/target-aarch64_generic_musl/firewall4-2025.03.17~b6e51575/ipkg-aarch64_generic/firewall4/$file ] || continue; csum=$(/workspaces/openwrt-radxa-rock5b-plus/openwrt/staging_dir/host/bin/mkhash sha256 /workspaces/openwrt-radxa-rock5b-plus/openwrt/build_dir/target-aarch64_generic_musl/firewall4-2025.03.17~b6e51575/ipkg-aarch64_generic/firewall4/$file); echo $file $csum >> /workspaces/openwrt-radxa-rock5b-plus/openwrt/build_dir/target-aarch64_generic_musl/firewall4-2025.03.17~b6e51575/ipkg-aarch64_generic/firewall4/lib/apk/packages/firewall4.conffiles_static; done; rm -rf /workspaces/openwrt-radxa-rock5b-plus/openwrt/build_dir/target-aarch64_generic_musl/firewall4-2025.03.17~b6e51575/ipkg-aarch64_generic/firewall4/CONTROL/conffiles; fi
if [ -z "$(ls -A /workspaces/openwrt-radxa-rock5b-plus/openwrt/build_dir/target-aarch64_generic_musl/firewall4-2025.03.17~b6e51575/ipkg-aarch64_generic/firewall4/CONTROL 2>/dev/null)" ]; then rm -rf /workspaces/openwrt-radxa-rock5b-plus/openwrt/build_dir/target-aarch64_generic_musl/firewall4-2025.03.17~b6e51575/ipkg-aarch64_generic/firewall4/CONTROL; else echo "CONTROL directory /workspaces/openwrt-radxa-rock5b-plus/openwrt/build_dir/target-aarch64_generic_musl/firewall4-2025.03.17~b6e51575/ipkg-aarch64_generic/firewall4/CONTROL is not empty! This is not right and should be checked!" >&2; exit 1; fi
/workspaces/openwrt-radxa-rock5b-plus/openwrt/staging_dir/host/bin/fakeroot /workspaces/openwrt-radxa-rock5b-plus/openwrt/staging_dir/host/bin/apk mkpkg --info "name:firewall4" --info "version:2025.03.17~b6e51575-r1"  --info "description:This package provides an nftables-based implementation of the UCI firewall sharing the same configuration format." --info "arch:aarch64_generic" --info "license:ISC" --info "origin:feeds/base/network/config/firewall4" --info "url:" --info "maintainer:Jo-Philipp Wich <jo@mein.io>" --info "provides: uci-firewall " --info "provider-priority:1" --script "post-install:/workspaces/openwrt-radxa-rock5b-plus/openwrt/build_dir/target-aarch64_generic_musl/firewall4-2025.03.17~b6e51575/apk-aarch64_generic/firewall4/post-install" --script "post-upgrade:/workspaces/openwrt-radxa-rock5b-plus/openwrt/build_dir/target-aarch64_generic_musl/firewall4-2025.03.17~b6e51575/apk-aarch64_generic/firewall4/post-upgrade" --script "pre-deinstall:/workspaces/openwrt-radxa-rock5b-plus/openwrt/build_dir/target-aarch64_generic_musl/firewall4-2025.03.17~b6e51575/apk-aarch64_generic/firewall4/pre-deinstall" --info "depends:ucode>=2022.03.22 libc kmod-nft-core kmod-nft-fib kmod-nft-offload kmod-nft-nat nftables-json ucode ucode-mod-fs ucode-mod-ubus ucode-mod-uci" --files "/workspaces/openwrt-radxa-rock5b-plus/openwrt/build_dir/target-aarch64_generic_musl/firewall4-2025.03.17~b6e51575/ipkg-aarch64_generic/firewall4" --output "/workspaces/openwrt-radxa-rock5b-plus/openwrt/bin/packages/aarch64_generic/base/firewall4-2025.03.17~b6e51575-r1.apk" --sign "/workspaces/openwrt-radxa-rock5b-plus/openwrt/private-key.pem"
if [ -d /workspaces/openwrt-radxa-rock5b-plus/openwrt/tmp/stage-e2fsprogs ]; then (cd /workspaces/openwrt-radxa-rock5b-plus/openwrt/tmp/stage-e2fsprogs; find ./ > /workspaces/openwrt-radxa-rock5b-plus/openwrt/tmp/stage-e2fsprogs.files); 	SHELL= flock /workspaces/openwrt-radxa-rock5b-plus/openwrt/tmp/.staging-dir.flock -c ' mv /workspaces/openwrt-radxa-rock5b-plus/openwrt/tmp/stage-e2fsprogs.files /workspaces/openwrt-radxa-rock5b-plus/openwrt/staging_dir/target-aarch64_generic_musl/packages/e2fsprogs.list && cp -fpR /workspaces/openwrt-radxa-rock5b-plus/openwrt/tmp/stage-e2fsprogs/* /workspaces/openwrt-radxa-rock5b-plus/openwrt/staging_dir/target-aarch64_generic_musl/; '; fi
rm -rf /workspaces/openwrt-radxa-rock5b-plus/openwrt/tmp/stage-e2fsprogs
touch /workspaces/openwrt-radxa-rock5b-plus/openwrt/staging_dir/target-aarch64_generic_musl/stamp/.e2fsprogs_installed
rm -rf /workspaces/openwrt-radxa-rock5b-plus/openwrt/build_dir/target-aarch64_generic_musl/e2fsprogs-1.47.2/.pkgdir/libss.installed /workspaces/openwrt-radxa-rock5b-plus/openwrt/build_dir/target-aarch64_generic_musl/e2fsprogs-1.47.2/.pkgdir/libss
echo "firewall4" >> /workspaces/openwrt-radxa-rock5b-plus/openwrt/staging_dir/target-aarch64_generic_musl/pkginfo/firewall4.default.install
mkdir -p /workspaces/openwrt-radxa-rock5b-plus/openwrt/build_dir/target-aarch64_generic_musl/e2fsprogs-1.47.2/.pkgdir/libss
make[3]: Leaving directory '/workspaces/openwrt-radxa-rock5b-plus/openwrt/package/network/config/firewall4'
time: package/network/config/firewall4/compile#0.40#0.30#1.37
install -d -m0755 /workspaces/openwrt-radxa-rock5b-plus/openwrt/build_dir/target-aarch64_generic_musl/e2fsprogs-1.47.2/.pkgdir/libss/usr/lib
cp -fpR /workspaces/openwrt-radxa-rock5b-plus/openwrt/build_dir/target-aarch64_generic_musl/e2fsprogs-1.47.2/ipkg-install/usr/lib/libss.so.* /workspaces/openwrt-radxa-rock5b-plus/openwrt/build_dir/target-aarch64_generic_musl/e2fsprogs-1.47.2/.pkgdir/libss/usr/lib/
touch /workspaces/openwrt-radxa-rock5b-plus/openwrt/build_dir/target-aarch64_generic_musl/e2fsprogs-1.47.2/.pkgdir/libss.installed
rm -rf /workspaces/openwrt-radxa-rock5b-plus/openwrt/build_dir/target-aarch64_generic_musl/e2fsprogs-1.47.2/.pkgdir/libext2fs.installed /workspaces/openwrt-radxa-rock5b-plus/openwrt/build_dir/target-aarch64_generic_musl/e2fsprogs-1.47.2/.pkgdir/libext2fs
mkdir -p /workspaces/openwrt-radxa-rock5b-plus/openwrt/build_dir/target-aarch64_generic_musl/e2fsprogs-1.47.2/.pkgdir/libext2fs
make[3]: Entering directory '/workspaces/openwrt-radxa-rock5b-plus/openwrt/feeds/luci/libs/rpcd-mod-rrdns'
install -d -m0755 /workspaces/openwrt-radxa-rock5b-plus/openwrt/build_dir/target-aarch64_generic_musl/e2fsprogs-1.47.2/.pkgdir/libext2fs/usr/lib
cp -fpR /workspaces/openwrt-radxa-rock5b-plus/openwrt/build_dir/target-aarch64_generic_musl/e2fsprogs-1.47.2/ipkg-install/usr/lib/libext2fs.so.* /workspaces/openwrt-radxa-rock5b-plus/openwrt/build_dir/target-aarch64_generic_musl/e2fsprogs-1.47.2/.pkgdir/libext2fs/usr/lib/
install -d -m0755 /workspaces/openwrt-radxa-rock5b-plus/openwrt/build_dir/target-aarch64_generic_musl/e2fsprogs-1.47.2/.pkgdir/libext2fs/usr/lib
cp -fpR /workspaces/openwrt-radxa-rock5b-plus/openwrt/build_dir/target-aarch64_generic_musl/e2fsprogs-1.47.2/lib/ext2fs/libext2fs.a /workspaces/openwrt-radxa-rock5b-plus/openwrt/build_dir/target-aarch64_generic_musl/e2fsprogs-1.47.2/.pkgdir/libext2fs/usr/lib/libext2fs_pic.a
touch /workspaces/openwrt-radxa-rock5b-plus/openwrt/build_dir/target-aarch64_generic_musl/e2fsprogs-1.47.2/.pkgdir/libext2fs.installed
rm -rf /workspaces/openwrt-radxa-rock5b-plus/openwrt/build_dir/target-aarch64_generic_musl/e2fsprogs-1.47.2/.pkgdir/libe2p.installed /workspaces/openwrt-radxa-rock5b-plus/openwrt/build_dir/target-aarch64_generic_musl/e2fsprogs-1.47.2/.pkgdir/libe2p
mkdir -p /workspaces/openwrt-radxa-rock5b-plus/openwrt/build_dir/target-aarch64_generic_musl/e2fsprogs-1.47.2/.pkgdir/libe2p
install -d -m0755 /workspaces/openwrt-radxa-rock5b-plus/openwrt/build_dir/target-aarch64_generic_musl/e2fsprogs-1.47.2/.pkgdir/libe2p/usr/lib
cp -fpR /workspaces/openwrt-radxa-rock5b-plus/openwrt/build_dir/target-aarch64_generic_musl/e2fsprogs-1.47.2/ipkg-install/usr/lib/libe2p.so.* /workspaces/openwrt-radxa-rock5b-plus/openwrt/build_dir/target-aarch64_generic_musl/e2fsprogs-1.47.2/.pkgdir/libe2p/usr/lib/
touch /workspaces/openwrt-radxa-rock5b-plus/openwrt/build_dir/target-aarch64_generic_musl/e2fsprogs-1.47.2/.pkgdir/libe2p.installed
rm -rf /workspaces/openwrt-radxa-rock5b-plus/openwrt/build_dir/target-aarch64_generic_musl/e2fsprogs-1.47.2/.pkgdir/e2fsprogs.installed /workspaces/openwrt-radxa-rock5b-plus/openwrt/build_dir/target-aarch64_generic_musl/e2fsprogs-1.47.2/.pkgdir/e2fsprogs
mkdir -p /workspaces/openwrt-radxa-rock5b-plus/openwrt/build_dir/target-aarch64_generic_musl/e2fsprogs-1.47.2/.pkgdir/e2fsprogs
install -d -m0755 /workspaces/openwrt-radxa-rock5b-plus/openwrt/build_dir/target-aarch64_generic_musl/e2fsprogs-1.47.2/.pkgdir/e2fsprogs/usr/sbin
install -m0755 /workspaces/openwrt-radxa-rock5b-plus/openwrt/build_dir/target-aarch64_generic_musl/e2fsprogs-1.47.2/ipkg-install/usr/sbin/e2fsck /workspaces/openwrt-radxa-rock5b-plus/openwrt/build_dir/target-aarch64_generic_musl/e2fsprogs-1.47.2/.pkgdir/e2fsprogs/usr/sbin/
install -m0755 /workspaces/openwrt-radxa-rock5b-plus/openwrt/build_dir/target-aarch64_generic_musl/e2fsprogs-1.47.2/ipkg-install/usr/sbin/mke2fs /workspaces/openwrt-radxa-rock5b-plus/openwrt/build_dir/target-aarch64_generic_musl/e2fsprogs-1.47.2/.pkgdir/e2fsprogs/usr/sbin/
ln -sf mke2fs /workspaces/openwrt-radxa-rock5b-plus/openwrt/build_dir/target-aarch64_generic_musl/e2fsprogs-1.47.2/.pkgdir/e2fsprogs/usr/sbin/mkfs.ext2
ln -sf mke2fs /workspaces/openwrt-radxa-rock5b-plus/openwrt/build_dir/target-aarch64_generic_musl/e2fsprogs-1.47.2/.pkgdir/e2fsprogs/usr/sbin/mkfs.ext3
ln -sf mke2fs /workspaces/openwrt-radxa-rock5b-plus/openwrt/build_dir/target-aarch64_generic_musl/e2fsprogs-1.47.2/.pkgdir/e2fsprogs/usr/sbin/mkfs.ext4
ln -sf e2fsck /workspaces/openwrt-radxa-rock5b-plus/openwrt/build_dir/target-aarch64_generic_musl/e2fsprogs-1.47.2/.pkgdir/e2fsprogs/usr/sbin/fsck.ext2
ln -sf e2fsck /workspaces/openwrt-radxa-rock5b-plus/openwrt/build_dir/target-aarch64_generic_musl/e2fsprogs-1.47.2/.pkgdir/e2fsprogs/usr/sbin/fsck.ext3
ln -sf e2fsck /workspaces/openwrt-radxa-rock5b-plus/openwrt/build_dir/target-aarch64_generic_musl/e2fsprogs-1.47.2/.pkgdir/e2fsprogs/usr/sbin/fsck.ext4
install -d -m0755 /workspaces/openwrt-radxa-rock5b-plus/openwrt/build_dir/target-aarch64_generic_musl/e2fsprogs-1.47.2/.pkgdir/e2fsprogs/usr/lib
install -d -m0755 /workspaces/openwrt-radxa-rock5b-plus/openwrt/build_dir/target-aarch64_generic_musl/e2fsprogs-1.47.2/.pkgdir/e2fsprogs/etc/init.d
install -d -m0755 /workspaces/openwrt-radxa-rock5b-plus/openwrt/build_dir/target-aarch64_generic_musl/e2fsprogs-1.47.2/.pkgdir/e2fsprogs/lib/functions/fsck
install -m0644 ./files/e2fsck.sh /workspaces/openwrt-radxa-rock5b-plus/openwrt/build_dir/target-aarch64_generic_musl/e2fsprogs-1.47.2/.pkgdir/e2fsprogs/lib/functions/fsck/
install -m0644 ./files/e2fsck.conf /workspaces/openwrt-radxa-rock5b-plus/openwrt/build_dir/target-aarch64_generic_musl/e2fsprogs-1.47.2/.pkgdir/e2fsprogs/etc/e2fsck.conf
touch /workspaces/openwrt-radxa-rock5b-plus/openwrt/build_dir/target-aarch64_generic_musl/e2fsprogs-1.47.2/.pkgdir/e2fsprogs.installed
mkdir -p /workspaces/openwrt-radxa-rock5b-plus/openwrt/staging_dir/target-aarch64_generic_musl/root-rockchip/stamp
echo '2' | cmp -s - /workspaces/openwrt-radxa-rock5b-plus/openwrt/staging_dir/target-aarch64_generic_musl/pkginfo/libss.version || { echo '2' > /workspaces/openwrt-radxa-rock5b-plus/openwrt/staging_dir/target-aarch64_generic_musl/pkginfo/libss.version;  } 
SHELL= flock /workspaces/openwrt-radxa-rock5b-plus/openwrt/tmp/.root-copy.flock -c 'cp -fpR /workspaces/openwrt-radxa-rock5b-plus/openwrt/build_dir/target-aarch64_generic_musl/e2fsprogs-1.47.2/.pkgdir/libss/. /workspaces/openwrt-radxa-rock5b-plus/openwrt/staging_dir/target-aarch64_generic_musl/root-rockchip/'
touch /workspaces/openwrt-radxa-rock5b-plus/openwrt/staging_dir/target-aarch64_generic_musl/root-rockchip/stamp/.libss_installed
echo "libss" >> /workspaces/openwrt-radxa-rock5b-plus/openwrt/staging_dir/target-aarch64_generic_musl/pkginfo/e2fsprogs.default.install
mkdir -p /workspaces/openwrt-radxa-rock5b-plus/openwrt/staging_dir/target-aarch64_generic_musl/root-rockchip/stamp
echo '2' | cmp -s - /workspaces/openwrt-radxa-rock5b-plus/openwrt/staging_dir/target-aarch64_generic_musl/pkginfo/libext2fs.version || { echo '2' > /workspaces/openwrt-radxa-rock5b-plus/openwrt/staging_dir/target-aarch64_generic_musl/pkginfo/libext2fs.version;  } 
SHELL= flock /workspaces/openwrt-radxa-rock5b-plus/openwrt/tmp/.root-copy.flock -c 'cp -fpR /workspaces/openwrt-radxa-rock5b-plus/openwrt/build_dir/target-aarch64_generic_musl/e2fsprogs-1.47.2/.pkgdir/libext2fs/. /workspaces/openwrt-radxa-rock5b-plus/openwrt/staging_dir/target-aarch64_generic_musl/root-rockchip/'
touch /workspaces/openwrt-radxa-rock5b-plus/openwrt/staging_dir/target-aarch64_generic_musl/root-rockchip/stamp/.libext2fs_installed
echo "libext2fs" >> /workspaces/openwrt-radxa-rock5b-plus/openwrt/staging_dir/target-aarch64_generic_musl/pkginfo/e2fsprogs.default.install
mkdir -p /workspaces/openwrt-radxa-rock5b-plus/openwrt/staging_dir/target-aarch64_generic_musl/root-rockchip/stamp
echo '2' | cmp -s - /workspaces/openwrt-radxa-rock5b-plus/openwrt/staging_dir/target-aarch64_generic_musl/pkginfo/libe2p.version || { echo '2' > /workspaces/openwrt-radxa-rock5b-plus/openwrt/staging_dir/target-aarch64_generic_musl/pkginfo/libe2p.version;  } 
SHELL= flock /workspaces/openwrt-radxa-rock5b-plus/openwrt/tmp/.root-copy.flock -c 'cp -fpR /workspaces/openwrt-radxa-rock5b-plus/openwrt/build_dir/target-aarch64_generic_musl/e2fsprogs-1.47.2/.pkgdir/libe2p/. /workspaces/openwrt-radxa-rock5b-plus/openwrt/staging_dir/target-aarch64_generic_musl/root-rockchip/'
touch /workspaces/openwrt-radxa-rock5b-plus/openwrt/staging_dir/target-aarch64_generic_musl/root-rockchip/stamp/.libe2p_installed
echo "libe2p" >> /workspaces/openwrt-radxa-rock5b-plus/openwrt/staging_dir/target-aarch64_generic_musl/pkginfo/e2fsprogs.default.install
mkdir -p /workspaces/openwrt-radxa-rock5b-plus/openwrt/staging_dir/target-aarch64_generic_musl/root-rockchip/stamp
SHELL= flock /workspaces/openwrt-radxa-rock5b-plus/openwrt/tmp/.root-copy.flock -c 'cp -fpR /workspaces/openwrt-radxa-rock5b-plus/openwrt/build_dir/target-aarch64_generic_musl/e2fsprogs-1.47.2/.pkgdir/e2fsprogs/. /workspaces/openwrt-radxa-rock5b-plus/openwrt/staging_dir/target-aarch64_generic_musl/root-rockchip/'
touch /workspaces/openwrt-radxa-rock5b-plus/openwrt/staging_dir/target-aarch64_generic_musl/root-rockchip/stamp/.e2fsprogs_installed
echo "e2fsprogs" >> /workspaces/openwrt-radxa-rock5b-plus/openwrt/staging_dir/target-aarch64_generic_musl/pkginfo/e2fsprogs.default.install
make[3]: Leaving directory '/workspaces/openwrt-radxa-rock5b-plus/openwrt/package/utils/e2fsprogs'
time: package/utils/e2fsprogs/compile#1.41#1.21#7.42
make[3]: Entering directory '/workspaces/openwrt-radxa-rock5b-plus/openwrt/package/network/services/uhttpd'
mkdir -p /workspaces/openwrt-radxa-rock5b-plus/openwrt/staging_dir/target-aarch64_generic_musl/root-rockchip/stamp
SHELL= flock /workspaces/openwrt-radxa-rock5b-plus/openwrt/tmp/.root-copy.flock -c 'cp -fpR /workspaces/openwrt-radxa-rock5b-plus/openwrt/build_dir/target-aarch64_generic_musl/rpcd-mod-rrdns-20170710/.pkgdir/rpcd-mod-rrdns/. /workspaces/openwrt-radxa-rock5b-plus/openwrt/staging_dir/target-aarch64_generic_musl/root-rockchip/'
touch /workspaces/openwrt-radxa-rock5b-plus/openwrt/staging_dir/target-aarch64_generic_musl/root-rockchip/stamp/.rpcd-mod-rrdns_installed
echo "rpcd-mod-rrdns" >> /workspaces/openwrt-radxa-rock5b-plus/openwrt/staging_dir/target-aarch64_generic_musl/pkginfo/rpcd-mod-rrdns.default.install
make[3]: Leaving directory '/workspaces/openwrt-radxa-rock5b-plus/openwrt/feeds/luci/libs/rpcd-mod-rrdns'
time: package/feeds/luci/rpcd-mod-rrdns/compile#0.11#0.09#0.50
make[3]: Entering directory '/workspaces/openwrt-radxa-rock5b-plus/openwrt/feeds/luci/libs/luci-lib-base'
mkdir -p /workspaces/openwrt-radxa-rock5b-plus/openwrt/staging_dir/target-aarch64_generic_musl/root-rockchip/stamp
SHELL= flock /workspaces/openwrt-radxa-rock5b-plus/openwrt/tmp/.root-copy.flock -c 'cp -fpR /workspaces/openwrt-radxa-rock5b-plus/openwrt/build_dir/target-aarch64_generic_musl/uhttpd-2025.07.06~7e64e8ba/.pkgdir/uhttpd/. /workspaces/openwrt-radxa-rock5b-plus/openwrt/staging_dir/target-aarch64_generic_musl/root-rockchip/'
touch /workspaces/openwrt-radxa-rock5b-plus/openwrt/staging_dir/target-aarch64_generic_musl/root-rockchip/stamp/.uhttpd_installed
echo "uhttpd" >> /workspaces/openwrt-radxa-rock5b-plus/openwrt/staging_dir/target-aarch64_generic_musl/pkginfo/uhttpd.default.install
mkdir -p /workspaces/openwrt-radxa-rock5b-plus/openwrt/staging_dir/target-aarch64_generic_musl/root-rockchip/stamp
SHELL= flock /workspaces/openwrt-radxa-rock5b-plus/openwrt/tmp/.root-copy.flock -c 'cp -fpR /workspaces/openwrt-radxa-rock5b-plus/openwrt/build_dir/target-aarch64_generic_musl/uhttpd-2025.07.06~7e64e8ba/.pkgdir/uhttpd-mod-ubus/. /workspaces/openwrt-radxa-rock5b-plus/openwrt/staging_dir/target-aarch64_generic_musl/root-rockchip/'
touch /workspaces/openwrt-radxa-rock5b-plus/openwrt/staging_dir/target-aarch64_generic_musl/root-rockchip/stamp/.uhttpd-mod-ubus_installed
echo "uhttpd-mod-ubus" >> /workspaces/openwrt-radxa-rock5b-plus/openwrt/staging_dir/target-aarch64_generic_musl/pkginfo/uhttpd.default.install
make[3]: Leaving directory '/workspaces/openwrt-radxa-rock5b-plus/openwrt/package/network/services/uhttpd'
time: package/network/services/uhttpd/compile#0.14#0.12#0.61
make[3]: Entering directory '/workspaces/openwrt-radxa-rock5b-plus/openwrt/feeds/luci/contrib/package/ucode-mod-lua'
mkdir -p /workspaces/openwrt-radxa-rock5b-plus/openwrt/staging_dir/target-aarch64_generic_musl/root-rockchip/stamp
SHELL= flock /workspaces/openwrt-radxa-rock5b-plus/openwrt/tmp/.root-copy.flock -c 'cp -fpR /workspaces/openwrt-radxa-rock5b-plus/openwrt/build_dir/target-aarch64_generic_musl/luci-lib-base/.pkgdir/luci-lib-base/. /workspaces/openwrt-radxa-rock5b-plus/openwrt/staging_dir/target-aarch64_generic_musl/root-rockchip/'
touch /workspaces/openwrt-radxa-rock5b-plus/openwrt/staging_dir/target-aarch64_generic_musl/root-rockchip/stamp/.luci-lib-base_installed
echo "luci-lib-base" >> /workspaces/openwrt-radxa-rock5b-plus/openwrt/staging_dir/target-aarch64_generic_musl/pkginfo/luci-lib-base.default.install
make[3]: Leaving directory '/workspaces/openwrt-radxa-rock5b-plus/openwrt/feeds/luci/libs/luci-lib-base'
time: package/feeds/luci/luci-lib-base/compile#0.15#0.15#0.48
make[3]: Entering directory '/workspaces/openwrt-radxa-rock5b-plus/openwrt/package/network/services/hostapd'
mkdir -p /workspaces/openwrt-radxa-rock5b-plus/openwrt/staging_dir/target-aarch64_generic_musl/root-rockchip/stamp
SHELL= flock /workspaces/openwrt-radxa-rock5b-plus/openwrt/tmp/.root-copy.flock -c 'cp -fpR /workspaces/openwrt-radxa-rock5b-plus/openwrt/build_dir/target-aarch64_generic_musl/ucode-mod-lua/.pkgdir/ucode-mod-lua/. /workspaces/openwrt-radxa-rock5b-plus/openwrt/staging_dir/target-aarch64_generic_musl/root-rockchip/'
touch /workspaces/openwrt-radxa-rock5b-plus/openwrt/staging_dir/target-aarch64_generic_musl/root-rockchip/stamp/.ucode-mod-lua_installed
echo "ucode-mod-lua" >> /workspaces/openwrt-radxa-rock5b-plus/openwrt/staging_dir/target-aarch64_generic_musl/pkginfo/ucode-mod-lua.default.install
make[3]: Leaving directory '/workspaces/openwrt-radxa-rock5b-plus/openwrt/feeds/luci/contrib/package/ucode-mod-lua'
time: package/feeds/luci/ucode-mod-lua/compile#0.12#0.08#0.40
make[3]: Entering directory '/workspaces/openwrt-radxa-rock5b-plus/openwrt/package/libs/uclient'
mkdir -p /workspaces/openwrt-radxa-rock5b-plus/openwrt/staging_dir/target-aarch64_generic_musl/root-rockchip/stamp
echo '20201210' | cmp -s - /workspaces/openwrt-radxa-rock5b-plus/openwrt/staging_dir/target-aarch64_generic_musl/pkginfo/libuclient.version || { echo '20201210' > /workspaces/openwrt-radxa-rock5b-plus/openwrt/staging_dir/target-aarch64_generic_musl/pkginfo/libuclient.version;  } 
SHELL= flock /workspaces/openwrt-radxa-rock5b-plus/openwrt/tmp/.root-copy.flock -c 'cp -fpR /workspaces/openwrt-radxa-rock5b-plus/openwrt/build_dir/target-aarch64_generic_musl/uclient-2024.10.22~88ae8f20/.pkgdir/libuclient/. /workspaces/openwrt-radxa-rock5b-plus/openwrt/staging_dir/target-aarch64_generic_musl/root-rockchip/'
touch /workspaces/openwrt-radxa-rock5b-plus/openwrt/staging_dir/target-aarch64_generic_musl/root-rockchip/stamp/.libuclient_installed
echo "libuclient" >> /workspaces/openwrt-radxa-rock5b-plus/openwrt/staging_dir/target-aarch64_generic_musl/pkginfo/uclient.default.install
mkdir -p /workspaces/openwrt-radxa-rock5b-plus/openwrt/staging_dir/target-aarch64_generic_musl/root-rockchip/stamp
SHELL= flock /workspaces/openwrt-radxa-rock5b-plus/openwrt/tmp/.root-copy.flock -c 'cp -fpR /workspaces/openwrt-radxa-rock5b-plus/openwrt/build_dir/target-aarch64_generic_musl/uclient-2024.10.22~88ae8f20/.pkgdir/uclient-fetch/. /workspaces/openwrt-radxa-rock5b-plus/openwrt/staging_dir/target-aarch64_generic_musl/root-rockchip/'
touch /workspaces/openwrt-radxa-rock5b-plus/openwrt/staging_dir/target-aarch64_generic_musl/root-rockchip/stamp/.uclient-fetch_installed
echo "uclient-fetch" >> /workspaces/openwrt-radxa-rock5b-plus/openwrt/staging_dir/target-aarch64_generic_musl/pkginfo/uclient.default.install
make[3]: Leaving directory '/workspaces/openwrt-radxa-rock5b-plus/openwrt/package/libs/uclient'
time: package/libs/uclient/compile#0.18#0.11#0.53
make[3]: Entering directory '/workspaces/openwrt-radxa-rock5b-plus/openwrt/package/network/config/netifd'
mkdir -p /workspaces/openwrt-radxa-rock5b-plus/openwrt/staging_dir/target-aarch64_generic_musl/root-rockchip/stamp
SHELL= flock /workspaces/openwrt-radxa-rock5b-plus/openwrt/tmp/.root-copy.flock -c 'cp -fpR /workspaces/openwrt-radxa-rock5b-plus/openwrt/build_dir/target-aarch64_generic_musl/netifd-2025.09.12~2a85440b/.pkgdir/netifd/. /workspaces/openwrt-radxa-rock5b-plus/openwrt/staging_dir/target-aarch64_generic_musl/root-rockchip/'
touch /workspaces/openwrt-radxa-rock5b-plus/openwrt/staging_dir/target-aarch64_generic_musl/root-rockchip/stamp/.netifd_installed
mkdir -p /workspaces/openwrt-radxa-rock5b-plus/openwrt/staging_dir/target-aarch64_generic_musl/root-rockchip/stamp
SHELL= flock /workspaces/openwrt-radxa-rock5b-plus/openwrt/tmp/.root-copy.flock -c 'cp -fpR /workspaces/openwrt-radxa-rock5b-plus/openwrt/build_dir/target-aarch64_generic_musl/hostapd-wpad-basic-mbedtls/hostapd-2025.08.26~ca266cc2/.pkgdir/hostapd-common/. /workspaces/openwrt-radxa-rock5b-plus/openwrt/staging_dir/target-aarch64_generic_musl/root-rockchip/'
echo "netifd" >> /workspaces/openwrt-radxa-rock5b-plus/openwrt/staging_dir/target-aarch64_generic_musl/pkginfo/netifd.default.install
make[3]: Leaving directory '/workspaces/openwrt-radxa-rock5b-plus/openwrt/package/network/config/netifd'
time: package/network/config/netifd/compile#0.11#0.11#0.53
make[3]: Entering directory '/workspaces/openwrt-radxa-rock5b-plus/openwrt/package/system/ubox'
touch /workspaces/openwrt-radxa-rock5b-plus/openwrt/staging_dir/target-aarch64_generic_musl/root-rockchip/stamp/.hostapd-common_installed
echo "hostapd-common" >> /workspaces/openwrt-radxa-rock5b-plus/openwrt/staging_dir/target-aarch64_generic_musl/pkginfo/hostapd.wpad-basic-mbedtls.install
mkdir -p /workspaces/openwrt-radxa-rock5b-plus/openwrt/staging_dir/target-aarch64_generic_musl/root-rockchip/stamp
SHELL= flock /workspaces/openwrt-radxa-rock5b-plus/openwrt/tmp/.root-copy.flock -c 'cp -fpR /workspaces/openwrt-radxa-rock5b-plus/openwrt/build_dir/target-aarch64_generic_musl/hostapd-wpad-basic-mbedtls/hostapd-2025.08.26~ca266cc2/.pkgdir/wpad-basic-mbedtls/. /workspaces/openwrt-radxa-rock5b-plus/openwrt/staging_dir/target-aarch64_generic_musl/root-rockchip/'
touch /workspaces/openwrt-radxa-rock5b-plus/openwrt/staging_dir/target-aarch64_generic_musl/root-rockchip/stamp/.wpad-basic-mbedtls_installed
echo "wpad-basic-mbedtls" >> /workspaces/openwrt-radxa-rock5b-plus/openwrt/staging_dir/target-aarch64_generic_musl/pkginfo/hostapd.wpad-basic-mbedtls.install
make[3]: Leaving directory '/workspaces/openwrt-radxa-rock5b-plus/openwrt/package/network/services/hostapd'
time: package/network/services/hostapd/wpad-basic-mbedtls/compile#0.31#0.32#1.63
make[3]: Entering directory '/workspaces/openwrt-radxa-rock5b-plus/openwrt/package/network/services/hostapd'
rm -f /workspaces/openwrt-radxa-rock5b-plus/openwrt/build_dir/target-aarch64_generic_musl/ubox-2024.04.26~85f10530/.built
touch /workspaces/openwrt-radxa-rock5b-plus/openwrt/build_dir/target-aarch64_generic_musl/ubox-2024.04.26~85f10530/.built_check
MAKEFLAGS="--jobserver-auth=3,4" /workspaces/openwrt-radxa-rock5b-plus/openwrt/staging_dir/host/bin/ninja   -C /workspaces/openwrt-radxa-rock5b-plus/openwrt/build_dir/target-aarch64_generic_musl/ubox-2024.04.26~85f10530 
ninja: Entering directory `/workspaces/openwrt-radxa-rock5b-plus/openwrt/build_dir/target-aarch64_generic_musl/ubox-2024.04.26~85f10530'
ninja: no work to do.
DESTDIR="/workspaces/openwrt-radxa-rock5b-plus/openwrt/build_dir/target-aarch64_generic_musl/ubox-2024.04.26~85f10530/ipkg-install" MAKEFLAGS="--jobserver-auth=3,4" /workspaces/openwrt-radxa-rock5b-plus/openwrt/staging_dir/host/bin/ninja   -C /workspaces/openwrt-radxa-rock5b-plus/openwrt/build_dir/target-aarch64_generic_musl/ubox-2024.04.26~85f10530 install
ninja: Entering directory `/workspaces/openwrt-radxa-rock5b-plus/openwrt/build_dir/target-aarch64_generic_musl/ubox-2024.04.26~85f10530'
[0/1] Install the project...
-- Install configuration: "Release"
-- Up-to-date: /workspaces/openwrt-radxa-rock5b-plus/openwrt/build_dir/target-aarch64_generic_musl/ubox-2024.04.26~85f10530/ipkg-install/usr/bin/getrandom
-- Up-to-date: /workspaces/openwrt-radxa-rock5b-plus/openwrt/build_dir/target-aarch64_generic_musl/ubox-2024.04.26~85f10530/ipkg-install/usr/sbin/kmodloader
-- Up-to-date: /workspaces/openwrt-radxa-rock5b-plus/openwrt/build_dir/target-aarch64_generic_musl/ubox-2024.04.26~85f10530/ipkg-install/usr/sbin/lsbloader
-- Up-to-date: /workspaces/openwrt-radxa-rock5b-plus/openwrt/build_dir/target-aarch64_generic_musl/ubox-2024.04.26~85f10530/ipkg-install/usr/lib/libvalidate.so
-- Up-to-date: /workspaces/openwrt-radxa-rock5b-plus/openwrt/build_dir/target-aarch64_generic_musl/ubox-2024.04.26~85f10530/ipkg-install/usr/sbin/validate_data
-- Up-to-date: /workspaces/openwrt-radxa-rock5b-plus/openwrt/build_dir/target-aarch64_generic_musl/ubox-2024.04.26~85f10530/ipkg-install/usr/sbin/logd
-- Up-to-date: /workspaces/openwrt-radxa-rock5b-plus/openwrt/build_dir/target-aarch64_generic_musl/ubox-2024.04.26~85f10530/ipkg-install/usr/sbin/logread
touch /workspaces/openwrt-radxa-rock5b-plus/openwrt/build_dir/target-aarch64_generic_musl/ubox-2024.04.26~85f10530/.built
rm -rf /workspaces/openwrt-radxa-rock5b-plus/openwrt/build_dir/target-aarch64_generic_musl/ubox-2024.04.26~85f10530/.pkgdir/ubox.installed /workspaces/openwrt-radxa-rock5b-plus/openwrt/build_dir/target-aarch64_generic_musl/ubox-2024.04.26~85f10530/.pkgdir/ubox
mkdir -p /workspaces/openwrt-radxa-rock5b-plus/openwrt/build_dir/target-aarch64_generic_musl/ubox-2024.04.26~85f10530/.pkgdir/ubox
install -d -m0755 /workspaces/openwrt-radxa-rock5b-plus/openwrt/build_dir/target-aarch64_generic_musl/ubox-2024.04.26~85f10530/.pkgdir/ubox/sbin /workspaces/openwrt-radxa-rock5b-plus/openwrt/build_dir/target-aarch64_generic_musl/ubox-2024.04.26~85f10530/.pkgdir/ubox/usr/sbin /workspaces/openwrt-radxa-rock5b-plus/openwrt/build_dir/target-aarch64_generic_musl/ubox-2024.04.26~85f10530/.pkgdir/ubox/lib /workspaces/openwrt-radxa-rock5b-plus/openwrt/build_dir/target-aarch64_generic_musl/ubox-2024.04.26~85f10530/.pkgdir/ubox/usr/bin /workspaces/openwrt-radxa-rock5b-plus/openwrt/build_dir/target-aarch64_generic_musl/ubox-2024.04.26~85f10530/.pkgdir/ubox/etc
install -m0755 /workspaces/openwrt-radxa-rock5b-plus/openwrt/build_dir/target-aarch64_generic_musl/ubox-2024.04.26~85f10530/ipkg-install/usr/sbin/{kmodloader,validate_data} /workspaces/openwrt-radxa-rock5b-plus/openwrt/build_dir/target-aarch64_generic_musl/ubox-2024.04.26~85f10530/.pkgdir/ubox/sbin/
install -m0644 /workspaces/openwrt-radxa-rock5b-plus/openwrt/build_dir/target-aarch64_generic_musl/ubox-2024.04.26~85f10530/ipkg-install/usr/lib/libvalidate.so /workspaces/openwrt-radxa-rock5b-plus/openwrt/build_dir/target-aarch64_generic_musl/ubox-2024.04.26~85f10530/.pkgdir/ubox/lib
install -m0644 ./files/modules.conf /workspaces/openwrt-radxa-rock5b-plus/openwrt/build_dir/target-aarch64_generic_musl/ubox-2024.04.26~85f10530/.pkgdir/ubox/etc/modules.conf
touch /workspaces/openwrt-radxa-rock5b-plus/openwrt/build_dir/target-aarch64_generic_musl/ubox-2024.04.26~85f10530/.pkgdir/ubox.installed
mkdir -p /workspaces/openwrt-radxa-rock5b-plus/openwrt/staging_dir/target-aarch64_generic_musl/root-rockchip/stamp
SHELL= flock /workspaces/openwrt-radxa-rock5b-plus/openwrt/tmp/.root-copy.flock -c 'cp -fpR /workspaces/openwrt-radxa-rock5b-plus/openwrt/build_dir/target-aarch64_generic_musl/ubox-2024.04.26~85f10530/.pkgdir/ubox/. /workspaces/openwrt-radxa-rock5b-plus/openwrt/staging_dir/target-aarch64_generic_musl/root-rockchip/'
touch /workspaces/openwrt-radxa-rock5b-plus/openwrt/staging_dir/target-aarch64_generic_musl/root-rockchip/stamp/.ubox_installed
rm -rf /workspaces/openwrt-radxa-rock5b-plus/openwrt/build_dir/target-aarch64_generic_musl/ubox-2024.04.26~85f10530/ipkg-aarch64_generic/ubox
/workspaces/openwrt-radxa-rock5b-plus/openwrt/scripts/ipkg-remove ubox /workspaces/openwrt-radxa-rock5b-plus/openwrt/bin/packages/aarch64_generic/base/ubox-2024.04.26~85f10530-r1.apk
removed '/workspaces/openwrt-radxa-rock5b-plus/openwrt/bin/packages/aarch64_generic/base/ubox-2024.04.26~85f10530-r1.apk'
mkdir -p /workspaces/openwrt-radxa-rock5b-plus/openwrt/bin/targets/rockchip/armv8/packages /workspaces/openwrt-radxa-rock5b-plus/openwrt/build_dir/target-aarch64_generic_musl/ubox-2024.04.26~85f10530/ipkg-aarch64_generic/ubox /workspaces/openwrt-radxa-rock5b-plus/openwrt/staging_dir/target-aarch64_generic_musl/pkginfo
install -d -m0755 /workspaces/openwrt-radxa-rock5b-plus/openwrt/build_dir/target-aarch64_generic_musl/ubox-2024.04.26~85f10530/ipkg-aarch64_generic/ubox/sbin /workspaces/openwrt-radxa-rock5b-plus/openwrt/build_dir/target-aarch64_generic_musl/ubox-2024.04.26~85f10530/ipkg-aarch64_generic/ubox/usr/sbin /workspaces/openwrt-radxa-rock5b-plus/openwrt/build_dir/target-aarch64_generic_musl/ubox-2024.04.26~85f10530/ipkg-aarch64_generic/ubox/lib /workspaces/openwrt-radxa-rock5b-plus/openwrt/build_dir/target-aarch64_generic_musl/ubox-2024.04.26~85f10530/ipkg-aarch64_generic/ubox/usr/bin /workspaces/openwrt-radxa-rock5b-plus/openwrt/build_dir/target-aarch64_generic_musl/ubox-2024.04.26~85f10530/ipkg-aarch64_generic/ubox/etc
install -m0755 /workspaces/openwrt-radxa-rock5b-plus/openwrt/build_dir/target-aarch64_generic_musl/ubox-2024.04.26~85f10530/ipkg-install/usr/sbin/{kmodloader,validate_data} /workspaces/openwrt-radxa-rock5b-plus/openwrt/build_dir/target-aarch64_generic_musl/ubox-2024.04.26~85f10530/ipkg-aarch64_generic/ubox/sbin/
install -m0644 /workspaces/openwrt-radxa-rock5b-plus/openwrt/build_dir/target-aarch64_generic_musl/ubox-2024.04.26~85f10530/ipkg-install/usr/lib/libvalidate.so /workspaces/openwrt-radxa-rock5b-plus/openwrt/build_dir/target-aarch64_generic_musl/ubox-2024.04.26~85f10530/ipkg-aarch64_generic/ubox/lib
install -m0644 ./files/modules.conf /workspaces/openwrt-radxa-rock5b-plus/openwrt/build_dir/target-aarch64_generic_musl/ubox-2024.04.26~85f10530/ipkg-aarch64_generic/ubox/etc/modules.conf
find /workspaces/openwrt-radxa-rock5b-plus/openwrt/build_dir/target-aarch64_generic_musl/ubox-2024.04.26~85f10530/ipkg-aarch64_generic/ubox -name 'CVS' -o -name '.svn' -o -name '.#*' -o -name '*~'| xargs -r rm -rf
export CROSS="aarch64-openwrt-linux-musl-"  NO_RENAME=1 ; NM="aarch64-openwrt-linux-musl-nm" STRIP="/workspaces/openwrt-radxa-rock5b-plus/openwrt/staging_dir/host/bin/sstrip -z" STRIP_KMOD="/workspaces/openwrt-radxa-rock5b-plus/openwrt/scripts/strip-kmod.sh" PATCHELF="/workspaces/openwrt-radxa-rock5b-plus/openwrt/staging_dir/host/bin/patchelf" /workspaces/openwrt-radxa-rock5b-plus/openwrt/scripts/rstrip.sh /workspaces/openwrt-radxa-rock5b-plus/openwrt/build_dir/target-aarch64_generic_musl/ubox-2024.04.26~85f10530/ipkg-aarch64_generic/ubox
rstrip.sh: /workspaces/openwrt-radxa-rock5b-plus/openwrt/build_dir/target-aarch64_generic_musl/ubox-2024.04.26~85f10530/ipkg-aarch64_generic/ubox/lib/libvalidate.so: shared object
rstrip.sh: /workspaces/openwrt-radxa-rock5b-plus/openwrt/build_dir/target-aarch64_generic_musl/ubox-2024.04.26~85f10530/ipkg-aarch64_generic/ubox/sbin/validate_data: executable
rstrip.sh: /workspaces/openwrt-radxa-rock5b-plus/openwrt/build_dir/target-aarch64_generic_musl/ubox-2024.04.26~85f10530/ipkg-aarch64_generic/ubox/sbin/kmodloader: executable
install -d -m0755 /workspaces/openwrt-radxa-rock5b-plus/openwrt/bin/packages/aarch64_generic/base/tmp
mkdir -p /workspaces/openwrt-radxa-rock5b-plus/openwrt/build_dir/target-aarch64_generic_musl/ubox-2024.04.26~85f10530/apk-aarch64_generic/ubox/
mkdir -p /workspaces/openwrt-radxa-rock5b-plus/openwrt/build_dir/target-aarch64_generic_musl/ubox-2024.04.26~85f10530/ipkg-aarch64_generic/ubox/lib/apk/packages/
(cd /workspaces/openwrt-radxa-rock5b-plus/openwrt/build_dir/target-aarch64_generic_musl/ubox-2024.04.26~85f10530/apk-aarch64_generic/ubox; echo "$V_Package_ubox_conffiles" > conffiles; )
( echo "#!/bin/sh"; echo "[ \"\${IPKG_NO_SCRIPT}\" = \"1\" ] && exit 0"; echo "[ -s "\${IPKG_INSTROOT}/lib/functions.sh" ] || exit 0"; echo ". \${IPKG_INSTROOT}/lib/functions.sh"; echo 'export root="${IPKG_INSTROOT}"'; echo 'export pkgname="ubox"'; echo "add_group_and_user"; echo "default_postinst"; [ ! -f /workspaces/openwrt-radxa-rock5b-plus/openwrt/build_dir/target-aarch64_generic_musl/ubox-2024.04.26~85f10530/apk-aarch64_generic/ubox/postinst-pkg ] || sed -z 's/^\s*#!/#!/' "/workspaces/openwrt-radxa-rock5b-plus/openwrt/build_dir/target-aarch64_generic_musl/ubox-2024.04.26~85f10530/apk-aarch64_generic/ubox/postinst-pkg"; ) > /workspaces/openwrt-radxa-rock5b-plus/openwrt/build_dir/target-aarch64_generic_musl/ubox-2024.04.26~85f10530/apk-aarch64_generic/ubox/post-install;
( echo "#!/bin/sh"; echo 'export PKG_UPGRADE=1'; [ ! -f /workspaces/openwrt-radxa-rock5b-plus/openwrt/build_dir/target-aarch64_generic_musl/ubox-2024.04.26~85f10530/apk-aarch64_generic/ubox/post-install ] || sed -z 's/^\s*#!/#!/' "/workspaces/openwrt-radxa-rock5b-plus/openwrt/build_dir/target-aarch64_generic_musl/ubox-2024.04.26~85f10530/apk-aarch64_generic/ubox/post-install"; ) > /workspaces/openwrt-radxa-rock5b-plus/openwrt/build_dir/target-aarch64_generic_musl/ubox-2024.04.26~85f10530/apk-aarch64_generic/ubox/post-upgrade;
( echo "#!/bin/sh"; echo "[ -s "\${IPKG_INSTROOT}/lib/functions.sh" ] || exit 0"; echo ". \${IPKG_INSTROOT}/lib/functions.sh"; echo 'export root="${IPKG_INSTROOT}"'; echo 'export pkgname="ubox"'; echo "default_prerm"; [ ! -f /workspaces/openwrt-radxa-rock5b-plus/openwrt/build_dir/target-aarch64_generic_musl/ubox-2024.04.26~85f10530/apk-aarch64_generic/ubox/prerm-pkg ] || sed -z 's/^\s*#!/#!/' "/workspaces/openwrt-radxa-rock5b-plus/openwrt/build_dir/target-aarch64_generic_musl/ubox-2024.04.26~85f10530/apk-aarch64_generic/ubox/prerm-pkg"; ) > /workspaces/openwrt-radxa-rock5b-plus/openwrt/build_dir/target-aarch64_generic_musl/ubox-2024.04.26~85f10530/apk-aarch64_generic/ubox/pre-deinstall;
[ ! -f /workspaces/openwrt-radxa-rock5b-plus/openwrt/build_dir/target-aarch64_generic_musl/ubox-2024.04.26~85f10530/apk-aarch64_generic/ubox/postrm ] || sed -zi 's/^\s*#!/#!/' "/workspaces/openwrt-radxa-rock5b-plus/openwrt/build_dir/target-aarch64_generic_musl/ubox-2024.04.26~85f10530/apk-aarch64_generic/ubox/postrm";
if [ -n "" ]; then echo  > /workspaces/openwrt-radxa-rock5b-plus/openwrt/build_dir/target-aarch64_generic_musl/ubox-2024.04.26~85f10530/ipkg-aarch64_generic/ubox/lib/apk/packages/ubox.rusers; fi;
if [ -n "100:/sbin/rmmod:/sbin/kmodloader 100:/sbin/insmod:/sbin/kmodloader 100:/sbin/lsmod:/sbin/kmodloader 100:/sbin/modinfo:/sbin/kmodloader 100:/sbin/modprobe:/sbin/kmodloader" ]; then echo 100:/sbin/rmmod:/sbin/kmodloader 100:/sbin/insmod:/sbin/kmodloader 100:/sbin/lsmod:/sbin/kmodloader 100:/sbin/modinfo:/sbin/kmodloader 100:/sbin/modprobe:/sbin/kmodloader > /workspaces/openwrt-radxa-rock5b-plus/openwrt/build_dir/target-aarch64_generic_musl/ubox-2024.04.26~85f10530/ipkg-aarch64_generic/ubox/lib/apk/packages/ubox.alternatives; fi;
(cd /workspaces/openwrt-radxa-rock5b-plus/openwrt/build_dir/target-aarch64_generic_musl/ubox-2024.04.26~85f10530/ipkg-aarch64_generic/ubox && find . -type f,l -printf "/%P\n" | sort > /workspaces/openwrt-radxa-rock5b-plus/openwrt/tmp/ubox.list && mv /workspaces/openwrt-radxa-rock5b-plus/openwrt/tmp/ubox.list /workspaces/openwrt-radxa-rock5b-plus/openwrt/build_dir/target-aarch64_generic_musl/ubox-2024.04.26~85f10530/ipkg-aarch64_generic/ubox/lib/apk/packages/ubox.list)
# Move conffiles to IDIR and build conffiles_static with csums
if [ -f /workspaces/openwrt-radxa-rock5b-plus/openwrt/build_dir/target-aarch64_generic_musl/ubox-2024.04.26~85f10530/apk-aarch64_generic/ubox/conffiles ]; then mv -f /workspaces/openwrt-radxa-rock5b-plus/openwrt/build_dir/target-aarch64_generic_musl/ubox-2024.04.26~85f10530/apk-aarch64_generic/ubox/conffiles /workspaces/openwrt-radxa-rock5b-plus/openwrt/build_dir/target-aarch64_generic_musl/ubox-2024.04.26~85f10530/ipkg-aarch64_generic/ubox/lib/apk/packages/ubox.conffiles; for file in $(cat /workspaces/openwrt-radxa-rock5b-plus/openwrt/build_dir/target-aarch64_generic_musl/ubox-2024.04.26~85f10530/ipkg-aarch64_generic/ubox/lib/apk/packages/ubox.conffiles); do [ -f /workspaces/openwrt-radxa-rock5b-plus/openwrt/build_dir/target-aarch64_generic_musl/ubox-2024.04.26~85f10530/ipkg-aarch64_generic/ubox/$file ] || continue; csum=$(/workspaces/openwrt-radxa-rock5b-plus/openwrt/staging_dir/host/bin/mkhash sha256 /workspaces/openwrt-radxa-rock5b-plus/openwrt/build_dir/target-aarch64_generic_musl/ubox-2024.04.26~85f10530/ipkg-aarch64_generic/ubox/$file); echo $file $csum >> /workspaces/openwrt-radxa-rock5b-plus/openwrt/build_dir/target-aarch64_generic_musl/ubox-2024.04.26~85f10530/ipkg-aarch64_generic/ubox/lib/apk/packages/ubox.conffiles_static; done; fi
# Some package (base-files) manually append stuff to conffiles
# Append stuff from it and delete the CONTROL directory since everything else should be migrated
if [ -f /workspaces/openwrt-radxa-rock5b-plus/openwrt/build_dir/target-aarch64_generic_musl/ubox-2024.04.26~85f10530/ipkg-aarch64_generic/ubox/CONTROL/conffiles ]; then echo $(IDIR_ubox)/CONTROL/conffiles >> /workspaces/openwrt-radxa-rock5b-plus/openwrt/build_dir/target-aarch64_generic_musl/ubox-2024.04.26~85f10530/ipkg-aarch64_generic/ubox/lib/apk/packages/ubox.conffiles; for file in $(cat /workspaces/openwrt-radxa-rock5b-plus/openwrt/build_dir/target-aarch64_generic_musl/ubox-2024.04.26~85f10530/ipkg-aarch64_generic/ubox/CONTROL/conffiles); do [ -f /workspaces/openwrt-radxa-rock5b-plus/openwrt/build_dir/target-aarch64_generic_musl/ubox-2024.04.26~85f10530/ipkg-aarch64_generic/ubox/$file ] || continue; csum=$(/workspaces/openwrt-radxa-rock5b-plus/openwrt/staging_dir/host/bin/mkhash sha256 /workspaces/openwrt-radxa-rock5b-plus/openwrt/build_dir/target-aarch64_generic_musl/ubox-2024.04.26~85f10530/ipkg-aarch64_generic/ubox/$file); echo $file $csum >> /workspaces/openwrt-radxa-rock5b-plus/openwrt/build_dir/target-aarch64_generic_musl/ubox-2024.04.26~85f10530/ipkg-aarch64_generic/ubox/lib/apk/packages/ubox.conffiles_static; done; rm -rf /workspaces/openwrt-radxa-rock5b-plus/openwrt/build_dir/target-aarch64_generic_musl/ubox-2024.04.26~85f10530/ipkg-aarch64_generic/ubox/CONTROL/conffiles; fi
if [ -z "$(ls -A /workspaces/openwrt-radxa-rock5b-plus/openwrt/build_dir/target-aarch64_generic_musl/ubox-2024.04.26~85f10530/ipkg-aarch64_generic/ubox/CONTROL 2>/dev/null)" ]; then rm -rf /workspaces/openwrt-radxa-rock5b-plus/openwrt/build_dir/target-aarch64_generic_musl/ubox-2024.04.26~85f10530/ipkg-aarch64_generic/ubox/CONTROL; else echo "CONTROL directory /workspaces/openwrt-radxa-rock5b-plus/openwrt/build_dir/target-aarch64_generic_musl/ubox-2024.04.26~85f10530/ipkg-aarch64_generic/ubox/CONTROL is not empty! This is not right and should be checked!" >&2; exit 1; fi
/workspaces/openwrt-radxa-rock5b-plus/openwrt/staging_dir/host/bin/fakeroot /workspaces/openwrt-radxa-rock5b-plus/openwrt/staging_dir/host/bin/apk mkpkg --info "name:ubox" --info "version:2024.04.26~85f10530-r1"  --info "description:OpenWrt system helper toolbox" --info "arch:aarch64_generic" --info "license:GPL-2.0" --info "origin:feeds/base/system/ubox" --info "url:" --info "maintainer:John Crispin <john@phrozen.org>" --info "provides:"  --script "post-install:/workspaces/openwrt-radxa-rock5b-plus/openwrt/build_dir/target-aarch64_generic_musl/ubox-2024.04.26~85f10530/apk-aarch64_generic/ubox/post-install" --script "post-upgrade:/workspaces/openwrt-radxa-rock5b-plus/openwrt/build_dir/target-aarch64_generic_musl/ubox-2024.04.26~85f10530/apk-aarch64_generic/ubox/post-upgrade" --script "pre-deinstall:/workspaces/openwrt-radxa-rock5b-plus/openwrt/build_dir/target-aarch64_generic_musl/ubox-2024.04.26~85f10530/apk-aarch64_generic/ubox/pre-deinstall" --info "depends:libc libubox20250723 ubusd ubus libubus20250702 libuci20250120" --files "/workspaces/openwrt-radxa-rock5b-plus/openwrt/build_dir/target-aarch64_generic_musl/ubox-2024.04.26~85f10530/ipkg-aarch64_generic/ubox" --output "/workspaces/openwrt-radxa-rock5b-plus/openwrt/bin/packages/aarch64_generic/base/ubox-2024.04.26~85f10530-r1.apk" --sign "/workspaces/openwrt-radxa-rock5b-plus/openwrt/private-key.pem"
rm -rf /workspaces/openwrt-radxa-rock5b-plus/openwrt/build_dir/target-aarch64_generic_musl/ubox-2024.04.26~85f10530/ipkg-aarch64_generic/getrandom
/workspaces/openwrt-radxa-rock5b-plus/openwrt/scripts/ipkg-remove getrandom /workspaces/openwrt-radxa-rock5b-plus/openwrt/bin/packages/aarch64_generic/base/getrandom-2024.04.26~85f10530-r1.apk
removed '/workspaces/openwrt-radxa-rock5b-plus/openwrt/bin/packages/aarch64_generic/base/getrandom-2024.04.26~85f10530-r1.apk'
mkdir -p /workspaces/openwrt-radxa-rock5b-plus/openwrt/bin/targets/rockchip/armv8/packages /workspaces/openwrt-radxa-rock5b-plus/openwrt/build_dir/target-aarch64_generic_musl/ubox-2024.04.26~85f10530/ipkg-aarch64_generic/getrandom /workspaces/openwrt-radxa-rock5b-plus/openwrt/staging_dir/target-aarch64_generic_musl/pkginfo
install -d -m0755 /workspaces/openwrt-radxa-rock5b-plus/openwrt/build_dir/target-aarch64_generic_musl/ubox-2024.04.26~85f10530/ipkg-aarch64_generic/getrandom/usr/bin
install -m0755 /workspaces/openwrt-radxa-rock5b-plus/openwrt/build_dir/target-aarch64_generic_musl/ubox-2024.04.26~85f10530/ipkg-install/usr/bin/getrandom /workspaces/openwrt-radxa-rock5b-plus/openwrt/build_dir/target-aarch64_generic_musl/ubox-2024.04.26~85f10530/ipkg-aarch64_generic/getrandom/usr/bin/
find /workspaces/openwrt-radxa-rock5b-plus/openwrt/build_dir/target-aarch64_generic_musl/ubox-2024.04.26~85f10530/ipkg-aarch64_generic/getrandom -name 'CVS' -o -name '.svn' -o -name '.#*' -o -name '*~'| xargs -r rm -rf
export CROSS="aarch64-openwrt-linux-musl-"  NO_RENAME=1 ; NM="aarch64-openwrt-linux-musl-nm" STRIP="/workspaces/openwrt-radxa-rock5b-plus/openwrt/staging_dir/host/bin/sstrip -z" STRIP_KMOD="/workspaces/openwrt-radxa-rock5b-plus/openwrt/scripts/strip-kmod.sh" PATCHELF="/workspaces/openwrt-radxa-rock5b-plus/openwrt/staging_dir/host/bin/patchelf" /workspaces/openwrt-radxa-rock5b-plus/openwrt/scripts/rstrip.sh /workspaces/openwrt-radxa-rock5b-plus/openwrt/build_dir/target-aarch64_generic_musl/ubox-2024.04.26~85f10530/ipkg-aarch64_generic/getrandom
rstrip.sh: /workspaces/openwrt-radxa-rock5b-plus/openwrt/build_dir/target-aarch64_generic_musl/ubox-2024.04.26~85f10530/ipkg-aarch64_generic/getrandom/usr/bin/getrandom: executable
install -d -m0755 /workspaces/openwrt-radxa-rock5b-plus/openwrt/bin/packages/aarch64_generic/base/tmp
mkdir -p /workspaces/openwrt-radxa-rock5b-plus/openwrt/build_dir/target-aarch64_generic_musl/ubox-2024.04.26~85f10530/apk-aarch64_generic/getrandom/
mkdir -p /workspaces/openwrt-radxa-rock5b-plus/openwrt/build_dir/target-aarch64_generic_musl/ubox-2024.04.26~85f10530/ipkg-aarch64_generic/getrandom/lib/apk/packages/
(cd /workspaces/openwrt-radxa-rock5b-plus/openwrt/build_dir/target-aarch64_generic_musl/ubox-2024.04.26~85f10530/apk-aarch64_generic/getrandom; )
( echo "#!/bin/sh"; echo "[ \"\${IPKG_NO_SCRIPT}\" = \"1\" ] && exit 0"; echo "[ -s "\${IPKG_INSTROOT}/lib/functions.sh" ] || exit 0"; echo ". \${IPKG_INSTROOT}/lib/functions.sh"; echo 'export root="${IPKG_INSTROOT}"'; echo 'export pkgname="getrandom"'; echo "add_group_and_user"; echo "default_postinst"; [ ! -f /workspaces/openwrt-radxa-rock5b-plus/openwrt/build_dir/target-aarch64_generic_musl/ubox-2024.04.26~85f10530/apk-aarch64_generic/getrandom/postinst-pkg ] || sed -z 's/^\s*#!/#!/' "/workspaces/openwrt-radxa-rock5b-plus/openwrt/build_dir/target-aarch64_generic_musl/ubox-2024.04.26~85f10530/apk-aarch64_generic/getrandom/postinst-pkg"; ) > /workspaces/openwrt-radxa-rock5b-plus/openwrt/build_dir/target-aarch64_generic_musl/ubox-2024.04.26~85f10530/apk-aarch64_generic/getrandom/post-install;
( echo "#!/bin/sh"; echo 'export PKG_UPGRADE=1'; [ ! -f /workspaces/openwrt-radxa-rock5b-plus/openwrt/build_dir/target-aarch64_generic_musl/ubox-2024.04.26~85f10530/apk-aarch64_generic/getrandom/post-install ] || sed -z 's/^\s*#!/#!/' "/workspaces/openwrt-radxa-rock5b-plus/openwrt/build_dir/target-aarch64_generic_musl/ubox-2024.04.26~85f10530/apk-aarch64_generic/getrandom/post-install"; ) > /workspaces/openwrt-radxa-rock5b-plus/openwrt/build_dir/target-aarch64_generic_musl/ubox-2024.04.26~85f10530/apk-aarch64_generic/getrandom/post-upgrade;
( echo "#!/bin/sh"; echo "[ -s "\${IPKG_INSTROOT}/lib/functions.sh" ] || exit 0"; echo ". \${IPKG_INSTROOT}/lib/functions.sh"; echo 'export root="${IPKG_INSTROOT}"'; echo 'export pkgname="getrandom"'; echo "default_prerm"; [ ! -f /workspaces/openwrt-radxa-rock5b-plus/openwrt/build_dir/target-aarch64_generic_musl/ubox-2024.04.26~85f10530/apk-aarch64_generic/getrandom/prerm-pkg ] || sed -z 's/^\s*#!/#!/' "/workspaces/openwrt-radxa-rock5b-plus/openwrt/build_dir/target-aarch64_generic_musl/ubox-2024.04.26~85f10530/apk-aarch64_generic/getrandom/prerm-pkg"; ) > /workspaces/openwrt-radxa-rock5b-plus/openwrt/build_dir/target-aarch64_generic_musl/ubox-2024.04.26~85f10530/apk-aarch64_generic/getrandom/pre-deinstall;
[ ! -f /workspaces/openwrt-radxa-rock5b-plus/openwrt/build_dir/target-aarch64_generic_musl/ubox-2024.04.26~85f10530/apk-aarch64_generic/getrandom/postrm ] || sed -zi 's/^\s*#!/#!/' "/workspaces/openwrt-radxa-rock5b-plus/openwrt/build_dir/target-aarch64_generic_musl/ubox-2024.04.26~85f10530/apk-aarch64_generic/getrandom/postrm";
if [ -n "" ]; then echo  > /workspaces/openwrt-radxa-rock5b-plus/openwrt/build_dir/target-aarch64_generic_musl/ubox-2024.04.26~85f10530/ipkg-aarch64_generic/getrandom/lib/apk/packages/getrandom.rusers; fi;
if [ -n "" ]; then echo  > /workspaces/openwrt-radxa-rock5b-plus/openwrt/build_dir/target-aarch64_generic_musl/ubox-2024.04.26~85f10530/ipkg-aarch64_generic/getrandom/lib/apk/packages/getrandom.alternatives; fi;
(cd /workspaces/openwrt-radxa-rock5b-plus/openwrt/build_dir/target-aarch64_generic_musl/ubox-2024.04.26~85f10530/ipkg-aarch64_generic/getrandom && find . -type f,l -printf "/%P\n" | sort > /workspaces/openwrt-radxa-rock5b-plus/openwrt/tmp/getrandom.list && mv /workspaces/openwrt-radxa-rock5b-plus/openwrt/tmp/getrandom.list /workspaces/openwrt-radxa-rock5b-plus/openwrt/build_dir/target-aarch64_generic_musl/ubox-2024.04.26~85f10530/ipkg-aarch64_generic/getrandom/lib/apk/packages/getrandom.list)
# Move conffiles to IDIR and build conffiles_static with csums
if [ -f /workspaces/openwrt-radxa-rock5b-plus/openwrt/build_dir/target-aarch64_generic_musl/ubox-2024.04.26~85f10530/apk-aarch64_generic/getrandom/conffiles ]; then mv -f /workspaces/openwrt-radxa-rock5b-plus/openwrt/build_dir/target-aarch64_generic_musl/ubox-2024.04.26~85f10530/apk-aarch64_generic/getrandom/conffiles /workspaces/openwrt-radxa-rock5b-plus/openwrt/build_dir/target-aarch64_generic_musl/ubox-2024.04.26~85f10530/ipkg-aarch64_generic/getrandom/lib/apk/packages/getrandom.conffiles; for file in $(cat /workspaces/openwrt-radxa-rock5b-plus/openwrt/build_dir/target-aarch64_generic_musl/ubox-2024.04.26~85f10530/ipkg-aarch64_generic/getrandom/lib/apk/packages/getrandom.conffiles); do [ -f /workspaces/openwrt-radxa-rock5b-plus/openwrt/build_dir/target-aarch64_generic_musl/ubox-2024.04.26~85f10530/ipkg-aarch64_generic/getrandom/$file ] || continue; csum=$(/workspaces/openwrt-radxa-rock5b-plus/openwrt/staging_dir/host/bin/mkhash sha256 /workspaces/openwrt-radxa-rock5b-plus/openwrt/build_dir/target-aarch64_generic_musl/ubox-2024.04.26~85f10530/ipkg-aarch64_generic/getrandom/$file); echo $file $csum >> /workspaces/openwrt-radxa-rock5b-plus/openwrt/build_dir/target-aarch64_generic_musl/ubox-2024.04.26~85f10530/ipkg-aarch64_generic/getrandom/lib/apk/packages/getrandom.conffiles_static; done; fi
# Some package (base-files) manually append stuff to conffiles
# Append stuff from it and delete the CONTROL directory since everything else should be migrated
if [ -f /workspaces/openwrt-radxa-rock5b-plus/openwrt/build_dir/target-aarch64_generic_musl/ubox-2024.04.26~85f10530/ipkg-aarch64_generic/getrandom/CONTROL/conffiles ]; then echo $(IDIR_getrandom)/CONTROL/conffiles >> /workspaces/openwrt-radxa-rock5b-plus/openwrt/build_dir/target-aarch64_generic_musl/ubox-2024.04.26~85f10530/ipkg-aarch64_generic/getrandom/lib/apk/packages/getrandom.conffiles; for file in $(cat /workspaces/openwrt-radxa-rock5b-plus/openwrt/build_dir/target-aarch64_generic_musl/ubox-2024.04.26~85f10530/ipkg-aarch64_generic/getrandom/CONTROL/conffiles); do [ -f /workspaces/openwrt-radxa-rock5b-plus/openwrt/build_dir/target-aarch64_generic_musl/ubox-2024.04.26~85f10530/ipkg-aarch64_generic/getrandom/$file ] || continue; csum=$(/workspaces/openwrt-radxa-rock5b-plus/openwrt/staging_dir/host/bin/mkhash sha256 /workspaces/openwrt-radxa-rock5b-plus/openwrt/build_dir/target-aarch64_generic_musl/ubox-2024.04.26~85f10530/ipkg-aarch64_generic/getrandom/$file); echo $file $csum >> /workspaces/openwrt-radxa-rock5b-plus/openwrt/build_dir/target-aarch64_generic_musl/ubox-2024.04.26~85f10530/ipkg-aarch64_generic/getrandom/lib/apk/packages/getrandom.conffiles_static; done; rm -rf /workspaces/openwrt-radxa-rock5b-plus/openwrt/build_dir/target-aarch64_generic_musl/ubox-2024.04.26~85f10530/ipkg-aarch64_generic/getrandom/CONTROL/conffiles; fi
if [ -z "$(ls -A /workspaces/openwrt-radxa-rock5b-plus/openwrt/build_dir/target-aarch64_generic_musl/ubox-2024.04.26~85f10530/ipkg-aarch64_generic/getrandom/CONTROL 2>/dev/null)" ]; then rm -rf /workspaces/openwrt-radxa-rock5b-plus/openwrt/build_dir/target-aarch64_generic_musl/ubox-2024.04.26~85f10530/ipkg-aarch64_generic/getrandom/CONTROL; else echo "CONTROL directory /workspaces/openwrt-radxa-rock5b-plus/openwrt/build_dir/target-aarch64_generic_musl/ubox-2024.04.26~85f10530/ipkg-aarch64_generic/getrandom/CONTROL is not empty! This is not right and should be checked!" >&2; exit 1; fi
/workspaces/openwrt-radxa-rock5b-plus/openwrt/staging_dir/host/bin/fakeroot /workspaces/openwrt-radxa-rock5b-plus/openwrt/staging_dir/host/bin/apk mkpkg --info "name:getrandom" --info "version:2024.04.26~85f10530-r1"  --info "description:OpenWrt getrandom system helper" --info "arch:aarch64_generic" --info "license:GPL-2.0" --info "origin:feeds/base/system/ubox" --info "url:" --info "maintainer:John Crispin <john@phrozen.org>" --info "provides:"  --script "post-install:/workspaces/openwrt-radxa-rock5b-plus/openwrt/build_dir/target-aarch64_generic_musl/ubox-2024.04.26~85f10530/apk-aarch64_generic/getrandom/post-install" --script "post-upgrade:/workspaces/openwrt-radxa-rock5b-plus/openwrt/build_dir/target-aarch64_generic_musl/ubox-2024.04.26~85f10530/apk-aarch64_generic/getrandom/post-upgrade" --script "pre-deinstall:/workspaces/openwrt-radxa-rock5b-plus/openwrt/build_dir/target-aarch64_generic_musl/ubox-2024.04.26~85f10530/apk-aarch64_generic/getrandom/pre-deinstall" --info "depends:libc" --files "/workspaces/openwrt-radxa-rock5b-plus/openwrt/build_dir/target-aarch64_generic_musl/ubox-2024.04.26~85f10530/ipkg-aarch64_generic/getrandom" --output "/workspaces/openwrt-radxa-rock5b-plus/openwrt/bin/packages/aarch64_generic/base/getrandom-2024.04.26~85f10530-r1.apk" --sign "/workspaces/openwrt-radxa-rock5b-plus/openwrt/private-key.pem"
mkdir -p /workspaces/openwrt-radxa-rock5b-plus/openwrt/staging_dir/target-aarch64_generic_musl/root-rockchip/stamp
SHELL= flock /workspaces/openwrt-radxa-rock5b-plus/openwrt/tmp/.root-copy.flock -c 'cp -fpR /workspaces/openwrt-radxa-rock5b-plus/openwrt/build_dir/target-aarch64_generic_musl/hostapd-supplicant-full-internal/hostapd-2025.08.26~ca266cc2/.pkgdir/wpa-supplicant/. /workspaces/openwrt-radxa-rock5b-plus/openwrt/staging_dir/target-aarch64_generic_musl/root-rockchip/'
rm -rf /workspaces/openwrt-radxa-rock5b-plus/openwrt/build_dir/target-aarch64_generic_musl/ubox-2024.04.26~85f10530/ipkg-aarch64_generic/logd
/workspaces/openwrt-radxa-rock5b-plus/openwrt/scripts/ipkg-remove logd /workspaces/openwrt-radxa-rock5b-plus/openwrt/bin/packages/aarch64_generic/base/logd-2024.04.26~85f10530-r1.apk
removed '/workspaces/openwrt-radxa-rock5b-plus/openwrt/bin/packages/aarch64_generic/base/logd-2024.04.26~85f10530-r1.apk'
mkdir -p /workspaces/openwrt-radxa-rock5b-plus/openwrt/bin/targets/rockchip/armv8/packages /workspaces/openwrt-radxa-rock5b-plus/openwrt/build_dir/target-aarch64_generic_musl/ubox-2024.04.26~85f10530/ipkg-aarch64_generic/logd /workspaces/openwrt-radxa-rock5b-plus/openwrt/staging_dir/target-aarch64_generic_musl/pkginfo
install -d -m0755 /workspaces/openwrt-radxa-rock5b-plus/openwrt/build_dir/target-aarch64_generic_musl/ubox-2024.04.26~85f10530/ipkg-aarch64_generic/logd/sbin /workspaces/openwrt-radxa-rock5b-plus/openwrt/build_dir/target-aarch64_generic_musl/ubox-2024.04.26~85f10530/ipkg-aarch64_generic/logd/usr/libexec/ /workspaces/openwrt-radxa-rock5b-plus/openwrt/build_dir/target-aarch64_generic_musl/ubox-2024.04.26~85f10530/ipkg-aarch64_generic/logd/etc/init.d/ /workspaces/openwrt-radxa-rock5b-plus/openwrt/build_dir/target-aarch64_generic_musl/ubox-2024.04.26~85f10530/ipkg-aarch64_generic/logd/usr/share/acl.d
install -m0755 /workspaces/openwrt-radxa-rock5b-plus/openwrt/build_dir/target-aarch64_generic_musl/ubox-2024.04.26~85f10530/ipkg-install/usr/sbin/logd /workspaces/openwrt-radxa-rock5b-plus/openwrt/build_dir/target-aarch64_generic_musl/ubox-2024.04.26~85f10530/ipkg-aarch64_generic/logd/sbin/
install -m0755 /workspaces/openwrt-radxa-rock5b-plus/openwrt/build_dir/target-aarch64_generic_musl/ubox-2024.04.26~85f10530/ipkg-install/usr/sbin/logread /workspaces/openwrt-radxa-rock5b-plus/openwrt/build_dir/target-aarch64_generic_musl/ubox-2024.04.26~85f10530/ipkg-aarch64_generic/logd/usr/libexec/logread-ubox
install -m0755 ./files/log.init /workspaces/openwrt-radxa-rock5b-plus/openwrt/build_dir/target-aarch64_generic_musl/ubox-2024.04.26~85f10530/ipkg-aarch64_generic/logd/etc/init.d/log
install -m0644 ./files/logd.json /workspaces/openwrt-radxa-rock5b-plus/openwrt/build_dir/target-aarch64_generic_musl/ubox-2024.04.26~85f10530/ipkg-aarch64_generic/logd/usr/share/acl.d
find /workspaces/openwrt-radxa-rock5b-plus/openwrt/build_dir/target-aarch64_generic_musl/ubox-2024.04.26~85f10530/ipkg-aarch64_generic/logd -name 'CVS' -o -name '.svn' -o -name '.#*' -o -name '*~'| xargs -r rm -rf
touch /workspaces/openwrt-radxa-rock5b-plus/openwrt/staging_dir/target-aarch64_generic_musl/root-rockchip/stamp/.wpa-supplicant_installed
make[3]: Leaving directory '/workspaces/openwrt-radxa-rock5b-plus/openwrt/package/network/services/hostapd'
time: package/network/services/hostapd/supplicant-full-internal/compile#0.27#0.31#1.19
make[3]: Entering directory '/workspaces/openwrt-radxa-rock5b-plus/openwrt/feeds/luci/libs/rpcd-mod-luci'
export CROSS="aarch64-openwrt-linux-musl-"  NO_RENAME=1 ; NM="aarch64-openwrt-linux-musl-nm" STRIP="/workspaces/openwrt-radxa-rock5b-plus/openwrt/staging_dir/host/bin/sstrip -z" STRIP_KMOD="/workspaces/openwrt-radxa-rock5b-plus/openwrt/scripts/strip-kmod.sh" PATCHELF="/workspaces/openwrt-radxa-rock5b-plus/openwrt/staging_dir/host/bin/patchelf" /workspaces/openwrt-radxa-rock5b-plus/openwrt/scripts/rstrip.sh /workspaces/openwrt-radxa-rock5b-plus/openwrt/build_dir/target-aarch64_generic_musl/ubox-2024.04.26~85f10530/ipkg-aarch64_generic/logd
rstrip.sh: /workspaces/openwrt-radxa-rock5b-plus/openwrt/build_dir/target-aarch64_generic_musl/ubox-2024.04.26~85f10530/ipkg-aarch64_generic/logd/usr/libexec/logread-ubox: executable
rstrip.sh: /workspaces/openwrt-radxa-rock5b-plus/openwrt/build_dir/target-aarch64_generic_musl/ubox-2024.04.26~85f10530/ipkg-aarch64_generic/logd/sbin/logd: executable
install -d -m0755 /workspaces/openwrt-radxa-rock5b-plus/openwrt/bin/packages/aarch64_generic/base/tmp
mkdir -p /workspaces/openwrt-radxa-rock5b-plus/openwrt/build_dir/target-aarch64_generic_musl/ubox-2024.04.26~85f10530/apk-aarch64_generic/logd/
mkdir -p /workspaces/openwrt-radxa-rock5b-plus/openwrt/build_dir/target-aarch64_generic_musl/ubox-2024.04.26~85f10530/ipkg-aarch64_generic/logd/lib/apk/packages/
(cd /workspaces/openwrt-radxa-rock5b-plus/openwrt/build_dir/target-aarch64_generic_musl/ubox-2024.04.26~85f10530/apk-aarch64_generic/logd; )
( echo "#!/bin/sh"; echo "[ \"\${IPKG_NO_SCRIPT}\" = \"1\" ] && exit 0"; echo "[ -s "\${IPKG_INSTROOT}/lib/functions.sh" ] || exit 0"; echo ". \${IPKG_INSTROOT}/lib/functions.sh"; echo 'export root="${IPKG_INSTROOT}"'; echo 'export pkgname="logd"'; echo "add_group_and_user"; echo "default_postinst"; [ ! -f /workspaces/openwrt-radxa-rock5b-plus/openwrt/build_dir/target-aarch64_generic_musl/ubox-2024.04.26~85f10530/apk-aarch64_generic/logd/postinst-pkg ] || sed -z 's/^\s*#!/#!/' "/workspaces/openwrt-radxa-rock5b-plus/openwrt/build_dir/target-aarch64_generic_musl/ubox-2024.04.26~85f10530/apk-aarch64_generic/logd/postinst-pkg"; ) > /workspaces/openwrt-radxa-rock5b-plus/openwrt/build_dir/target-aarch64_generic_musl/ubox-2024.04.26~85f10530/apk-aarch64_generic/logd/post-install;
( echo "#!/bin/sh"; echo 'export PKG_UPGRADE=1'; [ ! -f /workspaces/openwrt-radxa-rock5b-plus/openwrt/build_dir/target-aarch64_generic_musl/ubox-2024.04.26~85f10530/apk-aarch64_generic/logd/post-install ] || sed -z 's/^\s*#!/#!/' "/workspaces/openwrt-radxa-rock5b-plus/openwrt/build_dir/target-aarch64_generic_musl/ubox-2024.04.26~85f10530/apk-aarch64_generic/logd/post-install"; ) > /workspaces/openwrt-radxa-rock5b-plus/openwrt/build_dir/target-aarch64_generic_musl/ubox-2024.04.26~85f10530/apk-aarch64_generic/logd/post-upgrade;
( echo "#!/bin/sh"; echo "[ -s "\${IPKG_INSTROOT}/lib/functions.sh" ] || exit 0"; echo ". \${IPKG_INSTROOT}/lib/functions.sh"; echo 'export root="${IPKG_INSTROOT}"'; echo 'export pkgname="logd"'; echo "default_prerm"; [ ! -f /workspaces/openwrt-radxa-rock5b-plus/openwrt/build_dir/target-aarch64_generic_musl/ubox-2024.04.26~85f10530/apk-aarch64_generic/logd/prerm-pkg ] || sed -z 's/^\s*#!/#!/' "/workspaces/openwrt-radxa-rock5b-plus/openwrt/build_dir/target-aarch64_generic_musl/ubox-2024.04.26~85f10530/apk-aarch64_generic/logd/prerm-pkg"; ) > /workspaces/openwrt-radxa-rock5b-plus/openwrt/build_dir/target-aarch64_generic_musl/ubox-2024.04.26~85f10530/apk-aarch64_generic/logd/pre-deinstall;
[ ! -f /workspaces/openwrt-radxa-rock5b-plus/openwrt/build_dir/target-aarch64_generic_musl/ubox-2024.04.26~85f10530/apk-aarch64_generic/logd/postrm ] || sed -zi 's/^\s*#!/#!/' "/workspaces/openwrt-radxa-rock5b-plus/openwrt/build_dir/target-aarch64_generic_musl/ubox-2024.04.26~85f10530/apk-aarch64_generic/logd/postrm";
if [ -n "logd=514:logd=514" ]; then echo logd=514:logd=514 > /workspaces/openwrt-radxa-rock5b-plus/openwrt/build_dir/target-aarch64_generic_musl/ubox-2024.04.26~85f10530/ipkg-aarch64_generic/logd/lib/apk/packages/logd.rusers; fi;
if [ -n "200:/sbin/logread:/usr/libexec/logread-ubox" ]; then echo 200:/sbin/logread:/usr/libexec/logread-ubox > /workspaces/openwrt-radxa-rock5b-plus/openwrt/build_dir/target-aarch64_generic_musl/ubox-2024.04.26~85f10530/ipkg-aarch64_generic/logd/lib/apk/packages/logd.alternatives; fi;
(cd /workspaces/openwrt-radxa-rock5b-plus/openwrt/build_dir/target-aarch64_generic_musl/ubox-2024.04.26~85f10530/ipkg-aarch64_generic/logd && find . -type f,l -printf "/%P\n" | sort > /workspaces/openwrt-radxa-rock5b-plus/openwrt/tmp/logd.list && mv /workspaces/openwrt-radxa-rock5b-plus/openwrt/tmp/logd.list /workspaces/openwrt-radxa-rock5b-plus/openwrt/build_dir/target-aarch64_generic_musl/ubox-2024.04.26~85f10530/ipkg-aarch64_generic/logd/lib/apk/packages/logd.list)
# Move conffiles to IDIR and build conffiles_static with csums
if [ -f /workspaces/openwrt-radxa-rock5b-plus/openwrt/build_dir/target-aarch64_generic_musl/ubox-2024.04.26~85f10530/apk-aarch64_generic/logd/conffiles ]; then mv -f /workspaces/openwrt-radxa-rock5b-plus/openwrt/build_dir/target-aarch64_generic_musl/ubox-2024.04.26~85f10530/apk-aarch64_generic/logd/conffiles /workspaces/openwrt-radxa-rock5b-plus/openwrt/build_dir/target-aarch64_generic_musl/ubox-2024.04.26~85f10530/ipkg-aarch64_generic/logd/lib/apk/packages/logd.conffiles; for file in $(cat /workspaces/openwrt-radxa-rock5b-plus/openwrt/build_dir/target-aarch64_generic_musl/ubox-2024.04.26~85f10530/ipkg-aarch64_generic/logd/lib/apk/packages/logd.conffiles); do [ -f /workspaces/openwrt-radxa-rock5b-plus/openwrt/build_dir/target-aarch64_generic_musl/ubox-2024.04.26~85f10530/ipkg-aarch64_generic/logd/$file ] || continue; csum=$(/workspaces/openwrt-radxa-rock5b-plus/openwrt/staging_dir/host/bin/mkhash sha256 /workspaces/openwrt-radxa-rock5b-plus/openwrt/build_dir/target-aarch64_generic_musl/ubox-2024.04.26~85f10530/ipkg-aarch64_generic/logd/$file); echo $file $csum >> /workspaces/openwrt-radxa-rock5b-plus/openwrt/build_dir/target-aarch64_generic_musl/ubox-2024.04.26~85f10530/ipkg-aarch64_generic/logd/lib/apk/packages/logd.conffiles_static; done; fi
# Some package (base-files) manually append stuff to conffiles
# Append stuff from it and delete the CONTROL directory since everything else should be migrated
if [ -f /workspaces/openwrt-radxa-rock5b-plus/openwrt/build_dir/target-aarch64_generic_musl/ubox-2024.04.26~85f10530/ipkg-aarch64_generic/logd/CONTROL/conffiles ]; then echo $(IDIR_logd)/CONTROL/conffiles >> /workspaces/openwrt-radxa-rock5b-plus/openwrt/build_dir/target-aarch64_generic_musl/ubox-2024.04.26~85f10530/ipkg-aarch64_generic/logd/lib/apk/packages/logd.conffiles; for file in $(cat /workspaces/openwrt-radxa-rock5b-plus/openwrt/build_dir/target-aarch64_generic_musl/ubox-2024.04.26~85f10530/ipkg-aarch64_generic/logd/CONTROL/conffiles); do [ -f /workspaces/openwrt-radxa-rock5b-plus/openwrt/build_dir/target-aarch64_generic_musl/ubox-2024.04.26~85f10530/ipkg-aarch64_generic/logd/$file ] || continue; csum=$(/workspaces/openwrt-radxa-rock5b-plus/openwrt/staging_dir/host/bin/mkhash sha256 /workspaces/openwrt-radxa-rock5b-plus/openwrt/build_dir/target-aarch64_generic_musl/ubox-2024.04.26~85f10530/ipkg-aarch64_generic/logd/$file); echo $file $csum >> /workspaces/openwrt-radxa-rock5b-plus/openwrt/build_dir/target-aarch64_generic_musl/ubox-2024.04.26~85f10530/ipkg-aarch64_generic/logd/lib/apk/packages/logd.conffiles_static; done; rm -rf /workspaces/openwrt-radxa-rock5b-plus/openwrt/build_dir/target-aarch64_generic_musl/ubox-2024.04.26~85f10530/ipkg-aarch64_generic/logd/CONTROL/conffiles; fi
if [ -z "$(ls -A /workspaces/openwrt-radxa-rock5b-plus/openwrt/build_dir/target-aarch64_generic_musl/ubox-2024.04.26~85f10530/ipkg-aarch64_generic/logd/CONTROL 2>/dev/null)" ]; then rm -rf /workspaces/openwrt-radxa-rock5b-plus/openwrt/build_dir/target-aarch64_generic_musl/ubox-2024.04.26~85f10530/ipkg-aarch64_generic/logd/CONTROL; else echo "CONTROL directory /workspaces/openwrt-radxa-rock5b-plus/openwrt/build_dir/target-aarch64_generic_musl/ubox-2024.04.26~85f10530/ipkg-aarch64_generic/logd/CONTROL is not empty! This is not right and should be checked!" >&2; exit 1; fi
/workspaces/openwrt-radxa-rock5b-plus/openwrt/staging_dir/host/bin/fakeroot /workspaces/openwrt-radxa-rock5b-plus/openwrt/staging_dir/host/bin/apk mkpkg --info "name:logd" --info "version:2024.04.26~85f10530-r1"  --info "description:OpenWrt system log implementation" --info "arch:aarch64_generic" --info "license:GPL-2.0" --info "origin:feeds/base/system/ubox" --info "url:" --info "maintainer:John Crispin <john@phrozen.org>" --info "provides:"  --script "post-install:/workspaces/openwrt-radxa-rock5b-plus/openwrt/build_dir/target-aarch64_generic_musl/ubox-2024.04.26~85f10530/apk-aarch64_generic/logd/post-install" --script "post-upgrade:/workspaces/openwrt-radxa-rock5b-plus/openwrt/build_dir/target-aarch64_generic_musl/ubox-2024.04.26~85f10530/apk-aarch64_generic/logd/post-upgrade" --script "pre-deinstall:/workspaces/openwrt-radxa-rock5b-plus/openwrt/build_dir/target-aarch64_generic_musl/ubox-2024.04.26~85f10530/apk-aarch64_generic/logd/pre-deinstall" --info "depends:libc libubox20250723 libubus20250702 libblobmsg-json20250723 libudebug" --files "/workspaces/openwrt-radxa-rock5b-plus/openwrt/build_dir/target-aarch64_generic_musl/ubox-2024.04.26~85f10530/ipkg-aarch64_generic/logd" --output "/workspaces/openwrt-radxa-rock5b-plus/openwrt/bin/packages/aarch64_generic/base/logd-2024.04.26~85f10530-r1.apk" --sign "/workspaces/openwrt-radxa-rock5b-plus/openwrt/private-key.pem"
echo "ubox" >> /workspaces/openwrt-radxa-rock5b-plus/openwrt/staging_dir/target-aarch64_generic_musl/pkginfo/ubox.default.install
rm -rf /workspaces/openwrt-radxa-rock5b-plus/openwrt/tmp/stage-ubox
mkdir -p /workspaces/openwrt-radxa-rock5b-plus/openwrt/tmp/stage-ubox/host /workspaces/openwrt-radxa-rock5b-plus/openwrt/staging_dir/target-aarch64_generic_musl/packages
install -d -m0755 /workspaces/openwrt-radxa-rock5b-plus/openwrt/tmp/stage-ubox
cp -fpR /workspaces/openwrt-radxa-rock5b-plus/openwrt/build_dir/target-aarch64_generic_musl/ubox-2024.04.26~85f10530/ipkg-install/* /workspaces/openwrt-radxa-rock5b-plus/openwrt/tmp/stage-ubox/
find /workspaces/openwrt-radxa-rock5b-plus/openwrt/tmp/stage-ubox -name '*.la' | xargs -r rm -f; 
if [ -f /workspaces/openwrt-radxa-rock5b-plus/openwrt/staging_dir/target-aarch64_generic_musl/packages/ubox.list ]; then /workspaces/openwrt-radxa-rock5b-plus/openwrt/scripts/clean-package.sh "/workspaces/openwrt-radxa-rock5b-plus/openwrt/staging_dir/target-aarch64_generic_musl/packages/ubox.list" "/workspaces/openwrt-radxa-rock5b-plus/openwrt/staging_dir/target-aarch64_generic_musl"; fi
if [ -d /workspaces/openwrt-radxa-rock5b-plus/openwrt/tmp/stage-ubox ]; then (cd /workspaces/openwrt-radxa-rock5b-plus/openwrt/tmp/stage-ubox; find ./ > /workspaces/openwrt-radxa-rock5b-plus/openwrt/tmp/stage-ubox.files); 	SHELL= flock /workspaces/openwrt-radxa-rock5b-plus/openwrt/tmp/.staging-dir.flock -c ' mv /workspaces/openwrt-radxa-rock5b-plus/openwrt/tmp/stage-ubox.files /workspaces/openwrt-radxa-rock5b-plus/openwrt/staging_dir/target-aarch64_generic_musl/packages/ubox.list && cp -fpR /workspaces/openwrt-radxa-rock5b-plus/openwrt/tmp/stage-ubox/* /workspaces/openwrt-radxa-rock5b-plus/openwrt/staging_dir/target-aarch64_generic_musl/; '; fi
mkdir -p /workspaces/openwrt-radxa-rock5b-plus/openwrt/staging_dir/target-aarch64_generic_musl/root-rockchip/stamp
SHELL= flock /workspaces/openwrt-radxa-rock5b-plus/openwrt/tmp/.root-copy.flock -c 'cp -fpR /workspaces/openwrt-radxa-rock5b-plus/openwrt/build_dir/target-aarch64_generic_musl/rpcd-mod-luci-20240305/.pkgdir/rpcd-mod-luci/. /workspaces/openwrt-radxa-rock5b-plus/openwrt/staging_dir/target-aarch64_generic_musl/root-rockchip/'
rm -rf /workspaces/openwrt-radxa-rock5b-plus/openwrt/tmp/stage-ubox
touch /workspaces/openwrt-radxa-rock5b-plus/openwrt/staging_dir/target-aarch64_generic_musl/stamp/.ubox_installed
rm -rf /workspaces/openwrt-radxa-rock5b-plus/openwrt/build_dir/target-aarch64_generic_musl/ubox-2024.04.26~85f10530/.pkgdir/getrandom.installed /workspaces/openwrt-radxa-rock5b-plus/openwrt/build_dir/target-aarch64_generic_musl/ubox-2024.04.26~85f10530/.pkgdir/getrandom
mkdir -p /workspaces/openwrt-radxa-rock5b-plus/openwrt/build_dir/target-aarch64_generic_musl/ubox-2024.04.26~85f10530/.pkgdir/getrandom
install -d -m0755 /workspaces/openwrt-radxa-rock5b-plus/openwrt/build_dir/target-aarch64_generic_musl/ubox-2024.04.26~85f10530/.pkgdir/getrandom/usr/bin
install -m0755 /workspaces/openwrt-radxa-rock5b-plus/openwrt/build_dir/target-aarch64_generic_musl/ubox-2024.04.26~85f10530/ipkg-install/usr/bin/getrandom /workspaces/openwrt-radxa-rock5b-plus/openwrt/build_dir/target-aarch64_generic_musl/ubox-2024.04.26~85f10530/.pkgdir/getrandom/usr/bin/
touch /workspaces/openwrt-radxa-rock5b-plus/openwrt/staging_dir/target-aarch64_generic_musl/root-rockchip/stamp/.rpcd-mod-luci_installed
touch /workspaces/openwrt-radxa-rock5b-plus/openwrt/build_dir/target-aarch64_generic_musl/ubox-2024.04.26~85f10530/.pkgdir/getrandom.installed
rm -rf /workspaces/openwrt-radxa-rock5b-plus/openwrt/build_dir/target-aarch64_generic_musl/ubox-2024.04.26~85f10530/.pkgdir/logd.installed /workspaces/openwrt-radxa-rock5b-plus/openwrt/build_dir/target-aarch64_generic_musl/ubox-2024.04.26~85f10530/.pkgdir/logd
echo "rpcd-mod-luci" >> /workspaces/openwrt-radxa-rock5b-plus/openwrt/staging_dir/target-aarch64_generic_musl/pkginfo/rpcd-mod-luci.default.install
make[3]: Leaving directory '/workspaces/openwrt-radxa-rock5b-plus/openwrt/feeds/luci/libs/rpcd-mod-luci'
time: package/feeds/luci/rpcd-mod-luci/compile#0.12#0.07#0.54
mkdir -p /workspaces/openwrt-radxa-rock5b-plus/openwrt/build_dir/target-aarch64_generic_musl/ubox-2024.04.26~85f10530/.pkgdir/logd
install -d -m0755 /workspaces/openwrt-radxa-rock5b-plus/openwrt/build_dir/target-aarch64_generic_musl/ubox-2024.04.26~85f10530/.pkgdir/logd/sbin /workspaces/openwrt-radxa-rock5b-plus/openwrt/build_dir/target-aarch64_generic_musl/ubox-2024.04.26~85f10530/.pkgdir/logd/usr/libexec/ /workspaces/openwrt-radxa-rock5b-plus/openwrt/build_dir/target-aarch64_generic_musl/ubox-2024.04.26~85f10530/.pkgdir/logd/etc/init.d/ /workspaces/openwrt-radxa-rock5b-plus/openwrt/build_dir/target-aarch64_generic_musl/ubox-2024.04.26~85f10530/.pkgdir/logd/usr/share/acl.d
install -m0755 /workspaces/openwrt-radxa-rock5b-plus/openwrt/build_dir/target-aarch64_generic_musl/ubox-2024.04.26~85f10530/ipkg-install/usr/sbin/logd /workspaces/openwrt-radxa-rock5b-plus/openwrt/build_dir/target-aarch64_generic_musl/ubox-2024.04.26~85f10530/.pkgdir/logd/sbin/
install -m0755 /workspaces/openwrt-radxa-rock5b-plus/openwrt/build_dir/target-aarch64_generic_musl/ubox-2024.04.26~85f10530/ipkg-install/usr/sbin/logread /workspaces/openwrt-radxa-rock5b-plus/openwrt/build_dir/target-aarch64_generic_musl/ubox-2024.04.26~85f10530/.pkgdir/logd/usr/libexec/logread-ubox
install -m0755 ./files/log.init /workspaces/openwrt-radxa-rock5b-plus/openwrt/build_dir/target-aarch64_generic_musl/ubox-2024.04.26~85f10530/.pkgdir/logd/etc/init.d/log
make[3]: Entering directory '/workspaces/openwrt-radxa-rock5b-plus/openwrt/package/network/config/wifi-scripts'
install -m0644 ./files/logd.json /workspaces/openwrt-radxa-rock5b-plus/openwrt/build_dir/target-aarch64_generic_musl/ubox-2024.04.26~85f10530/.pkgdir/logd/usr/share/acl.d
touch /workspaces/openwrt-radxa-rock5b-plus/openwrt/build_dir/target-aarch64_generic_musl/ubox-2024.04.26~85f10530/.pkgdir/logd.installed
mkdir -p /workspaces/openwrt-radxa-rock5b-plus/openwrt/staging_dir/target-aarch64_generic_musl/root-rockchip/stamp
SHELL= flock /workspaces/openwrt-radxa-rock5b-plus/openwrt/tmp/.root-copy.flock -c 'cp -fpR /workspaces/openwrt-radxa-rock5b-plus/openwrt/build_dir/target-aarch64_generic_musl/ubox-2024.04.26~85f10530/.pkgdir/getrandom/. /workspaces/openwrt-radxa-rock5b-plus/openwrt/staging_dir/target-aarch64_generic_musl/root-rockchip/'
touch /workspaces/openwrt-radxa-rock5b-plus/openwrt/staging_dir/target-aarch64_generic_musl/root-rockchip/stamp/.getrandom_installed
echo "getrandom" >> /workspaces/openwrt-radxa-rock5b-plus/openwrt/staging_dir/target-aarch64_generic_musl/pkginfo/ubox.default.install
mkdir -p /workspaces/openwrt-radxa-rock5b-plus/openwrt/staging_dir/target-aarch64_generic_musl/root-rockchip/stamp
SHELL= flock /workspaces/openwrt-radxa-rock5b-plus/openwrt/tmp/.root-copy.flock -c 'cp -fpR /workspaces/openwrt-radxa-rock5b-plus/openwrt/build_dir/target-aarch64_generic_musl/ubox-2024.04.26~85f10530/.pkgdir/logd/. /workspaces/openwrt-radxa-rock5b-plus/openwrt/staging_dir/target-aarch64_generic_musl/root-rockchip/'
touch /workspaces/openwrt-radxa-rock5b-plus/openwrt/staging_dir/target-aarch64_generic_musl/root-rockchip/stamp/.logd_installed
echo "logd" >> /workspaces/openwrt-radxa-rock5b-plus/openwrt/staging_dir/target-aarch64_generic_musl/pkginfo/ubox.default.install
make[3]: Leaving directory '/workspaces/openwrt-radxa-rock5b-plus/openwrt/package/system/ubox'
time: package/system/ubox/compile#0.43#0.46#2.08
make[3]: Entering directory '/workspaces/openwrt-radxa-rock5b-plus/openwrt/package/system/apk'
mkdir -p /workspaces/openwrt-radxa-rock5b-plus/openwrt/staging_dir/target-aarch64_generic_musl/root-rockchip/stamp
SHELL= flock /workspaces/openwrt-radxa-rock5b-plus/openwrt/tmp/.root-copy.flock -c 'cp -fpR /workspaces/openwrt-radxa-rock5b-plus/openwrt/build_dir/target-aarch64_generic_musl/wifi-scripts-1.0/.pkgdir/wifi-scripts/. /workspaces/openwrt-radxa-rock5b-plus/openwrt/staging_dir/target-aarch64_generic_musl/root-rockchip/'
touch /workspaces/openwrt-radxa-rock5b-plus/openwrt/staging_dir/target-aarch64_generic_musl/root-rockchip/stamp/.wifi-scripts_installed
echo "wifi-scripts" >> /workspaces/openwrt-radxa-rock5b-plus/openwrt/staging_dir/target-aarch64_generic_musl/pkginfo/wifi-scripts.default.install
make[3]: Leaving directory '/workspaces/openwrt-radxa-rock5b-plus/openwrt/package/network/config/wifi-scripts'
time: package/network/config/wifi-scripts/compile#0.12#0.09#0.45
make[3]: Entering directory '/workspaces/openwrt-radxa-rock5b-plus/openwrt/package/system/opkg'
mkdir -p /workspaces/openwrt-radxa-rock5b-plus/openwrt/staging_dir/target-aarch64_generic_musl/root-rockchip/stamp
SHELL= flock /workspaces/openwrt-radxa-rock5b-plus/openwrt/tmp/.root-copy.flock -c 'cp -fpR /workspaces/openwrt-radxa-rock5b-plus/openwrt/build_dir/target-aarch64_generic_musl/apk-mbedtls/apk-3.0.0_pre20250606/.pkgdir/apk-mbedtls/. /workspaces/openwrt-radxa-rock5b-plus/openwrt/staging_dir/target-aarch64_generic_musl/root-rockchip/'
touch /workspaces/openwrt-radxa-rock5b-plus/openwrt/staging_dir/target-aarch64_generic_musl/root-rockchip/stamp/.apk-mbedtls_installed
echo "apk-mbedtls" >> /workspaces/openwrt-radxa-rock5b-plus/openwrt/staging_dir/target-aarch64_generic_musl/pkginfo/apk.mbedtls.install
make[3]: Leaving directory '/workspaces/openwrt-radxa-rock5b-plus/openwrt/package/system/apk'
time: package/system/apk/mbedtls/compile#0.19#0.15#0.72
make[3]: Entering directory '/workspaces/openwrt-radxa-rock5b-plus/openwrt/package/system/urandom-seed'
mkdir -p /workspaces/openwrt-radxa-rock5b-plus/openwrt/staging_dir/target-aarch64_generic_musl/root-rockchip/stamp
SHELL= flock /workspaces/openwrt-radxa-rock5b-plus/openwrt/tmp/.root-copy.flock -c 'cp -fpR /workspaces/openwrt-radxa-rock5b-plus/openwrt/build_dir/target-aarch64_generic_musl/linux-rockchip_armv8/opkg-2024.10.16~38eccbb1/.pkgdir/opkg/. /workspaces/openwrt-radxa-rock5b-plus/openwrt/staging_dir/target-aarch64_generic_musl/root-rockchip/'
touch /workspaces/openwrt-radxa-rock5b-plus/openwrt/staging_dir/target-aarch64_generic_musl/root-rockchip/stamp/.opkg_installed
echo "opkg" >> /workspaces/openwrt-radxa-rock5b-plus/openwrt/staging_dir/target-aarch64_generic_musl/pkginfo/opkg.default.install
make[3]: Leaving directory '/workspaces/openwrt-radxa-rock5b-plus/openwrt/package/system/opkg'
time: package/system/opkg/compile#0.23#0.15#0.90
mkdir -p /workspaces/openwrt-radxa-rock5b-plus/openwrt/staging_dir/target-aarch64_generic_musl/root-rockchip/stamp
SHELL= flock /workspaces/openwrt-radxa-rock5b-plus/openwrt/tmp/.root-copy.flock -c 'cp -fpR /workspaces/openwrt-radxa-rock5b-plus/openwrt/build_dir/target-aarch64_generic_musl/urandom-seed/.pkgdir/urandom-seed/. /workspaces/openwrt-radxa-rock5b-plus/openwrt/staging_dir/target-aarch64_generic_musl/root-rockchip/'
make[3]: Entering directory '/workspaces/openwrt-radxa-rock5b-plus/openwrt/package/system/fstools'
touch /workspaces/openwrt-radxa-rock5b-plus/openwrt/staging_dir/target-aarch64_generic_musl/root-rockchip/stamp/.urandom-seed_installed
echo "urandom-seed" >> /workspaces/openwrt-radxa-rock5b-plus/openwrt/staging_dir/target-aarch64_generic_musl/pkginfo/urandom-seed.default.install
make[3]: Leaving directory '/workspaces/openwrt-radxa-rock5b-plus/openwrt/package/system/urandom-seed'
time: package/system/urandom-seed/compile#0.22#0.11#0.62
make[3]: Entering directory '/workspaces/openwrt-radxa-rock5b-plus/openwrt/feeds/luci/modules/luci-base'
mkdir -p /workspaces/openwrt-radxa-rock5b-plus/openwrt/staging_dir/target-aarch64_generic_musl/root-rockchip/stamp
SHELL= flock /workspaces/openwrt-radxa-rock5b-plus/openwrt/tmp/.root-copy.flock -c 'cp -fpR /workspaces/openwrt-radxa-rock5b-plus/openwrt/build_dir/target-aarch64_generic_musl/fstools-2025.07.05~e8cd820c/.pkgdir/fstools/. /workspaces/openwrt-radxa-rock5b-plus/openwrt/staging_dir/target-aarch64_generic_musl/root-rockchip/'
touch /workspaces/openwrt-radxa-rock5b-plus/openwrt/staging_dir/target-aarch64_generic_musl/root-rockchip/stamp/.fstools_installed
echo "fstools" >> /workspaces/openwrt-radxa-rock5b-plus/openwrt/staging_dir/target-aarch64_generic_musl/pkginfo/fstools.default.install
mkdir -p /workspaces/openwrt-radxa-rock5b-plus/openwrt/staging_dir/target-aarch64_generic_musl/root-rockchip/stamp
SHELL= flock /workspaces/openwrt-radxa-rock5b-plus/openwrt/tmp/.root-copy.flock -c 'cp -fpR /workspaces/openwrt-radxa-rock5b-plus/openwrt/build_dir/target-aarch64_generic_musl/fstools-2025.07.05~e8cd820c/.pkgdir/block-mount/. /workspaces/openwrt-radxa-rock5b-plus/openwrt/staging_dir/target-aarch64_generic_musl/root-rockchip/'
touch /workspaces/openwrt-radxa-rock5b-plus/openwrt/staging_dir/target-aarch64_generic_musl/root-rockchip/stamp/.block-mount_installed
echo "block-mount" >> /workspaces/openwrt-radxa-rock5b-plus/openwrt/staging_dir/target-aarch64_generic_musl/pkginfo/fstools.default.install
make[3]: Leaving directory '/workspaces/openwrt-radxa-rock5b-plus/openwrt/package/system/fstools'
time: package/system/fstools/compile#0.15#0.11#0.67
make[3]: Entering directory '/workspaces/openwrt-radxa-rock5b-plus/openwrt/package/kernel/mac80211'
touch /workspaces/openwrt-radxa-rock5b-plus/openwrt/build_dir/target-aarch64_generic_musl/luci-base/.prepared_9fa3ac9f71aed0027420dcd99560f9dd_6664517399ebbbc92a37c5bb081b5c53_check
for d in luasrc ucode htdocs root src; do if [ -d ./$d ]; then mkdir -p /workspaces/openwrt-radxa-rock5b-plus/openwrt/build_dir/target-aarch64_generic_musl/luci-base/$d; cp -fpR ./$d/* /workspaces/openwrt-radxa-rock5b-plus/openwrt/build_dir/target-aarch64_generic_musl/luci-base/$d/; fi; done
cp -fpR ../../NOTICE /workspaces/openwrt-radxa-rock5b-plus/openwrt/build_dir/target-aarch64_generic_musl/luci-base
cp -fpR ../../LICENSE /workspaces/openwrt-radxa-rock5b-plus/openwrt/build_dir/target-aarch64_generic_musl/luci-base
true
[ ! -d ./src/ ] || cp -fpR ./src/. /workspaces/openwrt-radxa-rock5b-plus/openwrt/build_dir/target-aarch64_generic_musl/luci-base
touch /workspaces/openwrt-radxa-rock5b-plus/openwrt/build_dir/target-aarch64_generic_musl/luci-base/.prepared_9fa3ac9f71aed0027420dcd99560f9dd_6664517399ebbbc92a37c5bb081b5c53
rm -f /workspaces/openwrt-radxa-rock5b-plus/openwrt/build_dir/target-aarch64_generic_musl/luci-base/.configured_*
rm -f /workspaces/openwrt-radxa-rock5b-plus/openwrt/staging_dir/target-aarch64_generic_musl/stamp/.luci-base_installed
touch /workspaces/openwrt-radxa-rock5b-plus/openwrt/build_dir/target-aarch64_generic_musl/luci-base/.configured_811dc2f0ccfbe4b68a068320f8578dbe
rm -f /workspaces/openwrt-radxa-rock5b-plus/openwrt/build_dir/target-aarch64_generic_musl/luci-base/.built
touch /workspaces/openwrt-radxa-rock5b-plus/openwrt/build_dir/target-aarch64_generic_musl/luci-base/.built_check
CFLAGS="-Os -pipe -mcpu=generic -fno-caller-saves -fno-plt -fhonour-copts -fmacro-prefix-map=/workspaces/openwrt-radxa-rock5b-plus/openwrt/build_dir/target-aarch64_generic_musl/luci-base=luci-base -Wformat -Werror=format-security -fstack-protector -D_FORTIFY_SOURCE=1 -Wl,-z,now -Wl,-z,relro  -I/workspaces/openwrt-radxa-rock5b-plus/openwrt/staging_dir/toolchain-aarch64_generic_gcc-14.3.0_musl/usr/include -I/workspaces/openwrt-radxa-rock5b-plus/openwrt/staging_dir/toolchain-aarch64_generic_gcc-14.3.0_musl/include -I/workspaces/openwrt-radxa-rock5b-plus/openwrt/staging_dir/toolchain-aarch64_generic_gcc-14.3.0_musl/include/fortify " CXXFLAGS="-Os -pipe -mcpu=generic -fno-caller-saves -fno-plt -fhonour-copts -fmacro-prefix-map=/workspaces/openwrt-radxa-rock5b-plus/openwrt/build_dir/target-aarch64_generic_musl/luci-base=luci-base -Wformat -Werror=format-security -fstack-protector -D_FORTIFY_SOURCE=1 -Wl,-z,now -Wl,-z,relro  -I/workspaces/openwrt-radxa-rock5b-plus/openwrt/staging_dir/toolchain-aarch64_generic_gcc-14.3.0_musl/usr/include -I/workspaces/openwrt-radxa-rock5b-plus/openwrt/staging_dir/toolchain-aarch64_generic_gcc-14.3.0_musl/include -I/workspaces/openwrt-radxa-rock5b-plus/openwrt/staging_dir/toolchain-aarch64_generic_gcc-14.3.0_musl/include/fortify " LDFLAGS="-L/workspaces/openwrt-radxa-rock5b-plus/openwrt/staging_dir/toolchain-aarch64_generic_gcc-14.3.0_musl/usr/lib -L/workspaces/openwrt-radxa-rock5b-plus/openwrt/staging_dir/toolchain-aarch64_generic_gcc-14.3.0_musl/lib -fuse-ld=bfd -znow -zrelro " FPIC="-DPIC -fPIC" LUCI_VERSION="25.253.73204~220531f" LUCI_GITBRANCH="LuCI Master" make -j1 -C /workspaces/openwrt-radxa-rock5b-plus/openwrt/build_dir/target-aarch64_generic_musl/luci-base/src/ AR="aarch64-openwrt-linux-musl-gcc-ar" AS="aarch64-openwrt-linux-musl-gcc -c -Os -pipe -mcpu=generic -fno-caller-saves -fno-plt -fhonour-copts -fmacro-prefix-map=/workspaces/openwrt-radxa-rock5b-plus/openwrt/build_dir/target-aarch64_generic_musl/luci-base=luci-base -Wformat -Werror=format-security -fstack-protector -D_FORTIFY_SOURCE=1 -Wl,-z,now -Wl,-z,relro" LD="aarch64-openwrt-linux-musl-ld.bfd" NM="aarch64-openwrt-linux-musl-gcc-nm" CC="aarch64-openwrt-linux-musl-gcc" GCC="aarch64-openwrt-linux-musl-gcc" CXX="aarch64-openwrt-linux-musl-g++" RANLIB="aarch64-openwrt-linux-musl-gcc-ranlib" STRIP=aarch64-openwrt-linux-musl-strip OBJCOPY=aarch64-openwrt-linux-musl-objcopy OBJDUMP=aarch64-openwrt-linux-musl-objdump SIZE=aarch64-openwrt-linux-musl-size CROSS="aarch64-openwrt-linux-musl-" ARCH="aarch64" clean compile;
make[4]: Entering directory '/workspaces/openwrt-radxa-rock5b-plus/openwrt/build_dir/target-aarch64_generic_musl/luci-base/src'
rm -f contrib/lemon lib/*.o lib/plural_formula.c lib/plural_formula.h core.so version.uc
aarch64-openwrt-linux-musl-gcc  -Os -pipe -mcpu=generic -fno-caller-saves -fno-plt -fhonour-copts -fmacro-prefix-map=/workspaces/openwrt-radxa-rock5b-plus/openwrt/build_dir/target-aarch64_generic_musl/luci-base=luci-base -Wformat -Werror=format-security -fstack-protector -D_FORTIFY_SOURCE=1 -Wl,-z,now -Wl,-z,relro  -I/workspaces/openwrt-radxa-rock5b-plus/openwrt/staging_dir/toolchain-aarch64_generic_gcc-14.3.0_musl/usr/include -I/workspaces/openwrt-radxa-rock5b-plus/openwrt/staging_dir/toolchain-aarch64_generic_gcc-14.3.0_musl/include -I/workspaces/openwrt-radxa-rock5b-plus/openwrt/staging_dir/toolchain-aarch64_generic_gcc-14.3.0_musl/include/fortify  -DPIC -fPIC -DNDEBUG -c -o lib/luci.o lib/luci.c
cc -std=gnu17 -o contrib/lemon contrib/lemon.c
rm -f /workspaces/openwrt-radxa-rock5b-plus/openwrt/build_dir/target-aarch64_generic_musl/linux-rockchip_armv8/mac80211-regular/backports-6.16/.built
touch /workspaces/openwrt-radxa-rock5b-plus/openwrt/build_dir/target-aarch64_generic_musl/linux-rockchip_armv8/mac80211-regular/backports-6.16/.built_check
. /workspaces/openwrt-radxa-rock5b-plus/openwrt/include/shell.sh; var2file "V_mac80211_config" /workspaces/openwrt-radxa-rock5b-plus/openwrt/build_dir/target-aarch64_generic_musl/linux-rockchip_armv8/mac80211-regular/backports-6.16/.config
make -C "/workspaces/openwrt-radxa-rock5b-plus/openwrt/build_dir/target-aarch64_generic_musl/linux-rockchip_armv8/mac80211-regular/backports-6.16" KCFLAGS="-fmacro-prefix-map=/workspaces/openwrt-radxa-rock5b-plus/openwrt/build_dir/target-aarch64_generic_musl=target-aarch64_generic_musl -fno-caller-saves " HOSTCFLAGS="-O2 -I/workspaces/openwrt-radxa-rock5b-plus/openwrt/staging_dir/host/include -I/workspaces/openwrt-radxa-rock5b-plus/openwrt/staging_dir/hostpkg/include -I/workspaces/openwrt-radxa-rock5b-plus/openwrt/staging_dir/target-aarch64_generic_musl/host/include -Wall -Wmissing-prototypes -Wstrict-prototypes" CROSS_COMPILE="aarch64-openwrt-linux-musl-" ARCH="arm64" KBUILD_HAVE_NLS=no KBUILD_BUILD_USER="" KBUILD_BUILD_HOST="" KBUILD_BUILD_TIMESTAMP="Sat Sep 13 11:54:03 2025" KBUILD_BUILD_VERSION="0" KBUILD_HOSTLDFLAGS="-L/workspaces/openwrt-radxa-rock5b-plus/openwrt/staging_dir/host/lib" CONFIG_SHELL="bash" V=''  cmd_syscalls= KBUILD_EXTRA_SYMBOLS="/workspaces/openwrt-radxa-rock5b-plus/openwrt/build_dir/target-aarch64_generic_musl/linux-rockchip_armv8/symvers/gpio-button-hotplug.symvers /workspaces/openwrt-radxa-rock5b-plus/openwrt/build_dir/target-aarch64_generic_musl/linux-rockchip_armv8/symvers/mac80211.symvers" CC="aarch64-openwrt-linux-musl-gcc" KERNELRELEASE=6.12.45 EXTRA_CFLAGS="-I/workspaces/openwrt-radxa-rock5b-plus/openwrt/build_dir/target-aarch64_generic_musl/linux-rockchip_armv8/mac80211-regular/backports-6.16/include -fmacro-prefix-map=/workspaces/openwrt-radxa-rock5b-plus/openwrt/build_dir/target-aarch64_generic_musl/linux-rockchip_armv8/mac80211-regular/backports-6.16=backports-6.16 " KLIB_BUILD="/workspaces/openwrt-radxa-rock5b-plus/openwrt/build_dir/target-aarch64_generic_musl/linux-rockchip_armv8/linux-6.12.45" MODPROBE=true KLIB=/lib/modules/6.12.45 KERNEL_SUBLEVEL=12 KBUILD_LDFLAGS_MODULE_PREREQ= allnoconfig
make[4]: Entering directory '/workspaces/openwrt-radxa-rock5b-plus/openwrt/build_dir/target-aarch64_generic_musl/linux-rockchip_armv8/mac80211-regular/backports-6.16'
make[5]: 'Kconfig.versions' is up to date.
make[6]: 'conf' is up to date.
./contrib/lemon -q lib/plural_formula.y
aarch64-openwrt-linux-musl-gcc  -Os -pipe -mcpu=generic -fno-caller-saves -fno-plt -fhonour-copts -fmacro-prefix-map=/workspaces/openwrt-radxa-rock5b-plus/openwrt/build_dir/target-aarch64_generic_musl/luci-base=luci-base -Wformat -Werror=format-security -fstack-protector -D_FORTIFY_SOURCE=1 -Wl,-z,now -Wl,-z,relro  -I/workspaces/openwrt-radxa-rock5b-plus/openwrt/staging_dir/toolchain-aarch64_generic_gcc-14.3.0_musl/usr/include -I/workspaces/openwrt-radxa-rock5b-plus/openwrt/staging_dir/toolchain-aarch64_generic_gcc-14.3.0_musl/include -I/workspaces/openwrt-radxa-rock5b-plus/openwrt/staging_dir/toolchain-aarch64_generic_gcc-14.3.0_musl/include/fortify  -DPIC -fPIC -DNDEBUG -c -o lib/lmo.o lib/lmo.c
aarch64-openwrt-linux-musl-gcc  -Os -pipe -mcpu=generic -fno-caller-saves -fno-plt -fhonour-copts -fmacro-prefix-map=/workspaces/openwrt-radxa-rock5b-plus/openwrt/build_dir/target-aarch64_generic_musl/luci-base=luci-base -Wformat -Werror=format-security -fstack-protector -D_FORTIFY_SOURCE=1 -Wl,-z,now -Wl,-z,relro  -I/workspaces/openwrt-radxa-rock5b-plus/openwrt/staging_dir/toolchain-aarch64_generic_gcc-14.3.0_musl/usr/include -I/workspaces/openwrt-radxa-rock5b-plus/openwrt/staging_dir/toolchain-aarch64_generic_gcc-14.3.0_musl/include -I/workspaces/openwrt-radxa-rock5b-plus/openwrt/staging_dir/toolchain-aarch64_generic_gcc-14.3.0_musl/include/fortify  -DPIC -fPIC -DNDEBUG -c -o lib/plural_formula.o lib/plural_formula.c
aarch64-openwrt-linux-musl-gcc -L/workspaces/openwrt-radxa-rock5b-plus/openwrt/staging_dir/toolchain-aarch64_generic_gcc-14.3.0_musl/usr/lib -L/workspaces/openwrt-radxa-rock5b-plus/openwrt/staging_dir/toolchain-aarch64_generic_gcc-14.3.0_musl/lib -fuse-ld=bfd -znow -zrelro  -shared -lcrypt -o core.so lib/luci.o lib/lmo.o lib/plural_formula.o
echo "export const revision = '25.253.73204~220531f', branch = 'LuCI Master';" > version.uc
make[4]: Leaving directory '/workspaces/openwrt-radxa-rock5b-plus/openwrt/build_dir/target-aarch64_generic_musl/luci-base/src'
CFLAGS="-Os -pipe -mcpu=generic -fno-caller-saves -fno-plt -fhonour-copts -fmacro-prefix-map=/workspaces/openwrt-radxa-rock5b-plus/openwrt/build_dir/target-aarch64_generic_musl/luci-base=luci-base -Wformat -Werror=format-security -fstack-protector -D_FORTIFY_SOURCE=1 -Wl,-z,now -Wl,-z,relro  -I/workspaces/openwrt-radxa-rock5b-plus/openwrt/staging_dir/toolchain-aarch64_generic_gcc-14.3.0_musl/usr/include -I/workspaces/openwrt-radxa-rock5b-plus/openwrt/staging_dir/toolchain-aarch64_generic_gcc-14.3.0_musl/include -I/workspaces/openwrt-radxa-rock5b-plus/openwrt/staging_dir/toolchain-aarch64_generic_gcc-14.3.0_musl/include/fortify " CXXFLAGS="-Os -pipe -mcpu=generic -fno-caller-saves -fno-plt -fhonour-copts -fmacro-prefix-map=/workspaces/openwrt-radxa-rock5b-plus/openwrt/build_dir/target-aarch64_generic_musl/luci-base=luci-base -Wformat -Werror=format-security -fstack-protector -D_FORTIFY_SOURCE=1 -Wl,-z,now -Wl,-z,relro  -I/workspaces/openwrt-radxa-rock5b-plus/openwrt/staging_dir/toolchain-aarch64_generic_gcc-14.3.0_musl/usr/include -I/workspaces/openwrt-radxa-rock5b-plus/openwrt/staging_dir/toolchain-aarch64_generic_gcc-14.3.0_musl/include -I/workspaces/openwrt-radxa-rock5b-plus/openwrt/staging_dir/toolchain-aarch64_generic_gcc-14.3.0_musl/include/fortify " LDFLAGS="-L/workspaces/openwrt-radxa-rock5b-plus/openwrt/staging_dir/toolchain-aarch64_generic_gcc-14.3.0_musl/usr/lib -L/workspaces/openwrt-radxa-rock5b-plus/openwrt/staging_dir/toolchain-aarch64_generic_gcc-14.3.0_musl/lib -fuse-ld=bfd -znow -zrelro " FPIC="-DPIC -fPIC" LUCI_VERSION="25.253.73204~220531f" LUCI_GITBRANCH="LuCI Master" make -C /workspaces/openwrt-radxa-rock5b-plus/openwrt/build_dir/target-aarch64_generic_musl/luci-base/src/ AR="aarch64-openwrt-linux-musl-gcc-ar" AS="aarch64-openwrt-linux-musl-gcc -c -Os -pipe -mcpu=generic -fno-caller-saves -fno-plt -fhonour-copts -fmacro-prefix-map=/workspaces/openwrt-radxa-rock5b-plus/openwrt/build_dir/target-aarch64_generic_musl/luci-base=luci-base -Wformat -Werror=format-security -fstack-protector -D_FORTIFY_SOURCE=1 -Wl,-z,now -Wl,-z,relro" LD="aarch64-openwrt-linux-musl-ld.bfd" NM="aarch64-openwrt-linux-musl-gcc-nm" CC="aarch64-openwrt-linux-musl-gcc" GCC="aarch64-openwrt-linux-musl-gcc" CXX="aarch64-openwrt-linux-musl-g++" RANLIB="aarch64-openwrt-linux-musl-gcc-ranlib" STRIP=aarch64-openwrt-linux-musl-strip OBJCOPY=aarch64-openwrt-linux-musl-objcopy OBJDUMP=aarch64-openwrt-linux-musl-objdump SIZE=aarch64-openwrt-linux-musl-size CROSS="aarch64-openwrt-linux-musl-" ARCH="aarch64" DESTDIR="/workspaces/openwrt-radxa-rock5b-plus/openwrt/build_dir/target-aarch64_generic_musl/luci-base/ipkg-install"   install;
make[4]: Entering directory '/workspaces/openwrt-radxa-rock5b-plus/openwrt/build_dir/target-aarch64_generic_musl/luci-base/src'
mkdir -p /workspaces/openwrt-radxa-rock5b-plus/openwrt/build_dir/target-aarch64_generic_musl/luci-base/ipkg-install/usr/lib/ucode/luci
cp core.so /workspaces/openwrt-radxa-rock5b-plus/openwrt/build_dir/target-aarch64_generic_musl/luci-base/ipkg-install/usr/lib/ucode/luci/core.so
mkdir -p /workspaces/openwrt-radxa-rock5b-plus/openwrt/build_dir/target-aarch64_generic_musl/luci-base/ipkg-install/usr/share/ucode/luci
cp version.uc /workspaces/openwrt-radxa-rock5b-plus/openwrt/build_dir/target-aarch64_generic_musl/luci-base/ipkg-install/usr/share/ucode/luci/version.uc
make[4]: Leaving directory '/workspaces/openwrt-radxa-rock5b-plus/openwrt/build_dir/target-aarch64_generic_musl/luci-base/src'
touch /workspaces/openwrt-radxa-rock5b-plus/openwrt/build_dir/target-aarch64_generic_musl/luci-base/.built
rm -rf /workspaces/openwrt-radxa-rock5b-plus/openwrt/build_dir/target-aarch64_generic_musl/luci-base/.pkgdir/luci-base.installed /workspaces/openwrt-radxa-rock5b-plus/openwrt/build_dir/target-aarch64_generic_musl/luci-base/.pkgdir/luci-base
mkdir -p /workspaces/openwrt-radxa-rock5b-plus/openwrt/build_dir/target-aarch64_generic_musl/luci-base/.pkgdir/luci-base
install -d -m0755 /workspaces/openwrt-radxa-rock5b-plus/openwrt/build_dir/target-aarch64_generic_musl/luci-base/.pkgdir/luci-base/usr/share/ucode/luci
cp -pR /workspaces/openwrt-radxa-rock5b-plus/openwrt/build_dir/target-aarch64_generic_musl/luci-base/ucode/* /workspaces/openwrt-radxa-rock5b-plus/openwrt/build_dir/target-aarch64_generic_musl/luci-base/.pkgdir/luci-base/usr/share/ucode/luci/
find /workspaces/openwrt-radxa-rock5b-plus/openwrt/build_dir/target-aarch64_generic_musl/luci-base/.pkgdir/luci-base/usr/share/ucode/luci/ -type f -name '*.htm' | while read src; do /workspaces/openwrt-radxa-rock5b-plus/openwrt/staging_dir/host/bin/sed -i -e 's/<%# *\([^ ]*\)PKG_VERSION *%>/\125.253.73204~220531f/g' -e 's/"\(<%= *\(media\|resource\) *%>[^"]*\.\(js\|css\)\)"/"\1?v=25.253.73204~220531f"/g' "$src"; done; find /workspaces/openwrt-radxa-rock5b-plus/openwrt/build_dir/target-aarch64_generic_musl/luci-base/.pkgdir/luci-base/usr/share/ucode/luci/ -type f -name '*.ut' | while read src; do /workspaces/openwrt-radxa-rock5b-plus/openwrt/staging_dir/host/bin/sed -i -e 's/{# *\([^ ]*\)PKG_VERSION *#}/\125.253.73204~220531f/g' -e 's/"\({{ *\(media\|resource\) *}}[^"]*\.\(js\|css\)\)"/"\1?v=25.253.73204~220531f"/g' "$src"; done
install -d -m0755 /workspaces/openwrt-radxa-rock5b-plus/openwrt/build_dir/target-aarch64_generic_musl/luci-base/.pkgdir/luci-base/www
cp -pR /workspaces/openwrt-radxa-rock5b-plus/openwrt/build_dir/target-aarch64_generic_musl/luci-base/htdocs/* /workspaces/openwrt-radxa-rock5b-plus/openwrt/build_dir/target-aarch64_generic_musl/luci-base/.pkgdir/luci-base/www/
find /workspaces/openwrt-radxa-rock5b-plus/openwrt/build_dir/target-aarch64_generic_musl/luci-base/.pkgdir/luci-base/www/ -type f -name '*.js' | while read src; do if jsmin < "$src" > "$src.o"; then mv "$src.o" "$src"; fi; done
find /workspaces/openwrt-radxa-rock5b-plus/openwrt/build_dir/target-aarch64_generic_musl/luci-base/.pkgdir/luci-base/www/ -type f -name '*.css' | while read src; do if csstidy "$src" --template=highest --remove_last_semicolon=true "$src.o"; then mv "$src.o" "$src"; fi; done
install -d -m0755 /workspaces/openwrt-radxa-rock5b-plus/openwrt/build_dir/target-aarch64_generic_musl/luci-base/.pkgdir/luci-base/
cp -pR /workspaces/openwrt-radxa-rock5b-plus/openwrt/build_dir/target-aarch64_generic_musl/luci-base/root/* /workspaces/openwrt-radxa-rock5b-plus/openwrt/build_dir/target-aarch64_generic_musl/luci-base/.pkgdir/luci-base/
CFLAGS="-Os -pipe -mcpu=generic -fno-caller-saves -fno-plt -fhonour-copts -fmacro-prefix-map=/workspaces/openwrt-radxa-rock5b-plus/openwrt/build_dir/target-aarch64_generic_musl/luci-base=luci-base -Wformat -Werror=format-security -fstack-protector -D_FORTIFY_SOURCE=1 -Wl,-z,now -Wl,-z,relro  -I/workspaces/openwrt-radxa-rock5b-plus/openwrt/staging_dir/toolchain-aarch64_generic_gcc-14.3.0_musl/usr/include -I/workspaces/openwrt-radxa-rock5b-plus/openwrt/staging_dir/toolchain-aarch64_generic_gcc-14.3.0_musl/include -I/workspaces/openwrt-radxa-rock5b-plus/openwrt/staging_dir/toolchain-aarch64_generic_gcc-14.3.0_musl/include/fortify " CXXFLAGS="-Os -pipe -mcpu=generic -fno-caller-saves -fno-plt -fhonour-copts -fmacro-prefix-map=/workspaces/openwrt-radxa-rock5b-plus/openwrt/build_dir/target-aarch64_generic_musl/luci-base=luci-base -Wformat -Werror=format-security -fstack-protector -D_FORTIFY_SOURCE=1 -Wl,-z,now -Wl,-z,relro  -I/workspaces/openwrt-radxa-rock5b-plus/openwrt/staging_dir/toolchain-aarch64_generic_gcc-14.3.0_musl/usr/include -I/workspaces/openwrt-radxa-rock5b-plus/openwrt/staging_dir/toolchain-aarch64_generic_gcc-14.3.0_musl/include -I/workspaces/openwrt-radxa-rock5b-plus/openwrt/staging_dir/toolchain-aarch64_generic_gcc-14.3.0_musl/include/fortify " LDFLAGS="-L/workspaces/openwrt-radxa-rock5b-plus/openwrt/staging_dir/toolchain-aarch64_generic_gcc-14.3.0_musl/usr/lib -L/workspaces/openwrt-radxa-rock5b-plus/openwrt/staging_dir/toolchain-aarch64_generic_gcc-14.3.0_musl/lib -fuse-ld=bfd -znow -zrelro " FPIC="-DPIC -fPIC" LUCI_VERSION="25.253.73204~220531f" LUCI_GITBRANCH="LuCI Master" make -C /workspaces/openwrt-radxa-rock5b-plus/openwrt/build_dir/target-aarch64_generic_musl/luci-base/src/ AR="aarch64-openwrt-linux-musl-gcc-ar" AS="aarch64-openwrt-linux-musl-gcc -c -Os -pipe -mcpu=generic -fno-caller-saves -fno-plt -fhonour-copts -fmacro-prefix-map=/workspaces/openwrt-radxa-rock5b-plus/openwrt/build_dir/target-aarch64_generic_musl/luci-base=luci-base -Wformat -Werror=format-security -fstack-protector -D_FORTIFY_SOURCE=1 -Wl,-z,now -Wl,-z,relro" LD="aarch64-openwrt-linux-musl-ld.bfd" NM="aarch64-openwrt-linux-musl-gcc-nm" CC="aarch64-openwrt-linux-musl-gcc" GCC="aarch64-openwrt-linux-musl-gcc" CXX="aarch64-openwrt-linux-musl-g++" RANLIB="aarch64-openwrt-linux-musl-gcc-ranlib" STRIP=aarch64-openwrt-linux-musl-strip OBJCOPY=aarch64-openwrt-linux-musl-objcopy OBJDUMP=aarch64-openwrt-linux-musl-objdump SIZE=aarch64-openwrt-linux-musl-size CROSS="aarch64-openwrt-linux-musl-" ARCH="aarch64" DESTDIR="/workspaces/openwrt-radxa-rock5b-plus/openwrt/build_dir/target-aarch64_generic_musl/luci-base/ipkg-install"   install;
make[4]: Entering directory '/workspaces/openwrt-radxa-rock5b-plus/openwrt/build_dir/target-aarch64_generic_musl/luci-base/src'
mkdir -p /workspaces/openwrt-radxa-rock5b-plus/openwrt/build_dir/target-aarch64_generic_musl/luci-base/ipkg-install/usr/lib/ucode/luci
cp core.so /workspaces/openwrt-radxa-rock5b-plus/openwrt/build_dir/target-aarch64_generic_musl/luci-base/ipkg-install/usr/lib/ucode/luci/core.so
mkdir -p /workspaces/openwrt-radxa-rock5b-plus/openwrt/build_dir/target-aarch64_generic_musl/luci-base/ipkg-install/usr/share/ucode/luci
cp version.uc /workspaces/openwrt-radxa-rock5b-plus/openwrt/build_dir/target-aarch64_generic_musl/luci-base/ipkg-install/usr/share/ucode/luci/version.uc
make[4]: Leaving directory '/workspaces/openwrt-radxa-rock5b-plus/openwrt/build_dir/target-aarch64_generic_musl/luci-base/src'
cp -fpR /workspaces/openwrt-radxa-rock5b-plus/openwrt/build_dir/target-aarch64_generic_musl/luci-base/ipkg-install/* /workspaces/openwrt-radxa-rock5b-plus/openwrt/build_dir/target-aarch64_generic_musl/luci-base/.pkgdir/luci-base/
touch /workspaces/openwrt-radxa-rock5b-plus/openwrt/build_dir/target-aarch64_generic_musl/luci-base/.pkgdir/luci-base.installed
mkdir -p /workspaces/openwrt-radxa-rock5b-plus/openwrt/staging_dir/target-aarch64_generic_musl/root-rockchip/stamp
boolean symbol CRYPTO_LIB_ARC4 tested for 'm'? test forced to 'n'
#
# configuration written to .config
#
make[4]: Leaving directory '/workspaces/openwrt-radxa-rock5b-plus/openwrt/build_dir/target-aarch64_generic_musl/linux-rockchip_armv8/mac80211-regular/backports-6.16'
rm -rf /workspaces/openwrt-radxa-rock5b-plus/openwrt/build_dir/target-aarch64_generic_musl/linux-rockchip_armv8/mac80211-regular/backports-6.16/modules
SHELL= flock /workspaces/openwrt-radxa-rock5b-plus/openwrt/tmp/.root-copy.flock -c 'cp -fpR /workspaces/openwrt-radxa-rock5b-plus/openwrt/build_dir/target-aarch64_generic_musl/luci-base/.pkgdir/luci-base/. /workspaces/openwrt-radxa-rock5b-plus/openwrt/staging_dir/target-aarch64_generic_musl/root-rockchip/'
make --jobserver-auth=3,4  -C "/workspaces/openwrt-radxa-rock5b-plus/openwrt/build_dir/target-aarch64_generic_musl/linux-rockchip_armv8/mac80211-regular/backports-6.16" KCFLAGS="-fmacro-prefix-map=/workspaces/openwrt-radxa-rock5b-plus/openwrt/build_dir/target-aarch64_generic_musl=target-aarch64_generic_musl -fno-caller-saves " HOSTCFLAGS="-O2 -I/workspaces/openwrt-radxa-rock5b-plus/openwrt/staging_dir/host/include -I/workspaces/openwrt-radxa-rock5b-plus/openwrt/staging_dir/hostpkg/include -I/workspaces/openwrt-radxa-rock5b-plus/openwrt/staging_dir/target-aarch64_generic_musl/host/include -Wall -Wmissing-prototypes -Wstrict-prototypes" CROSS_COMPILE="aarch64-openwrt-linux-musl-" ARCH="arm64" KBUILD_HAVE_NLS=no KBUILD_BUILD_USER="" KBUILD_BUILD_HOST="" KBUILD_BUILD_TIMESTAMP="Sat Sep 13 11:54:03 2025" KBUILD_BUILD_VERSION="0" KBUILD_HOSTLDFLAGS="-L/workspaces/openwrt-radxa-rock5b-plus/openwrt/staging_dir/host/lib" CONFIG_SHELL="bash" V=''  cmd_syscalls= KBUILD_EXTRA_SYMBOLS="/workspaces/openwrt-radxa-rock5b-plus/openwrt/build_dir/target-aarch64_generic_musl/linux-rockchip_armv8/symvers/gpio-button-hotplug.symvers /workspaces/openwrt-radxa-rock5b-plus/openwrt/build_dir/target-aarch64_generic_musl/linux-rockchip_armv8/symvers/mac80211.symvers" CC="aarch64-openwrt-linux-musl-gcc" KERNELRELEASE=6.12.45 EXTRA_CFLAGS="-I/workspaces/openwrt-radxa-rock5b-plus/openwrt/build_dir/target-aarch64_generic_musl/linux-rockchip_armv8/mac80211-regular/backports-6.16/include -fmacro-prefix-map=/workspaces/openwrt-radxa-rock5b-plus/openwrt/build_dir/target-aarch64_generic_musl/linux-rockchip_armv8/mac80211-regular/backports-6.16=backports-6.16 " KLIB_BUILD="/workspaces/openwrt-radxa-rock5b-plus/openwrt/build_dir/target-aarch64_generic_musl/linux-rockchip_armv8/linux-6.12.45" MODPROBE=true KLIB=/lib/modules/6.12.45 KERNEL_SUBLEVEL=12 KBUILD_LDFLAGS_MODULE_PREREQ= modules
make[4]: Entering directory '/workspaces/openwrt-radxa-rock5b-plus/openwrt/build_dir/target-aarch64_generic_musl/linux-rockchip_armv8/mac80211-regular/backports-6.16'
touch /workspaces/openwrt-radxa-rock5b-plus/openwrt/staging_dir/target-aarch64_generic_musl/root-rockchip/stamp/.luci-base_installed
rm -rf /workspaces/openwrt-radxa-rock5b-plus/openwrt/build_dir/target-aarch64_generic_musl/luci-base/ipkg-aarch64_generic/luci-base
mkdir -p /workspaces/openwrt-radxa-rock5b-plus/openwrt/bin/targets/rockchip/armv8/packages /workspaces/openwrt-radxa-rock5b-plus/openwrt/build_dir/target-aarch64_generic_musl/luci-base/ipkg-aarch64_generic/luci-base /workspaces/openwrt-radxa-rock5b-plus/openwrt/staging_dir/target-aarch64_generic_musl/pkginfo
make[5]: 'Kconfig.versions' is up to date.
install -d -m0755 /workspaces/openwrt-radxa-rock5b-plus/openwrt/build_dir/target-aarch64_generic_musl/luci-base/ipkg-aarch64_generic/luci-base/usr/share/ucode/luci
cp -pR /workspaces/openwrt-radxa-rock5b-plus/openwrt/build_dir/target-aarch64_generic_musl/luci-base/ucode/* /workspaces/openwrt-radxa-rock5b-plus/openwrt/build_dir/target-aarch64_generic_musl/luci-base/ipkg-aarch64_generic/luci-base/usr/share/ucode/luci/
find /workspaces/openwrt-radxa-rock5b-plus/openwrt/build_dir/target-aarch64_generic_musl/luci-base/ipkg-aarch64_generic/luci-base/usr/share/ucode/luci/ -type f -name '*.htm' | while read src; do /workspaces/openwrt-radxa-rock5b-plus/openwrt/staging_dir/host/bin/sed -i -e 's/<%# *\([^ ]*\)PKG_VERSION *%>/\125.253.73204~220531f/g' -e 's/"\(<%= *\(media\|resource\) *%>[^"]*\.\(js\|css\)\)"/"\1?v=25.253.73204~220531f"/g' "$src"; done; find /workspaces/openwrt-radxa-rock5b-plus/openwrt/build_dir/target-aarch64_generic_musl/luci-base/ipkg-aarch64_generic/luci-base/usr/share/ucode/luci/ -type f -name '*.ut' | while read src; do /workspaces/openwrt-radxa-rock5b-plus/openwrt/staging_dir/host/bin/sed -i -e 's/{# *\([^ ]*\)PKG_VERSION *#}/\125.253.73204~220531f/g' -e 's/"\({{ *\(media\|resource\) *}}[^"]*\.\(js\|css\)\)"/"\1?v=25.253.73204~220531f"/g' "$src"; done
make[7]: 'Kconfig.versions' is up to date.
install -d -m0755 /workspaces/openwrt-radxa-rock5b-plus/openwrt/build_dir/target-aarch64_generic_musl/luci-base/ipkg-aarch64_generic/luci-base/www
cp -pR /workspaces/openwrt-radxa-rock5b-plus/openwrt/build_dir/target-aarch64_generic_musl/luci-base/htdocs/* /workspaces/openwrt-radxa-rock5b-plus/openwrt/build_dir/target-aarch64_generic_musl/luci-base/ipkg-aarch64_generic/luci-base/www/
find /workspaces/openwrt-radxa-rock5b-plus/openwrt/build_dir/target-aarch64_generic_musl/luci-base/ipkg-aarch64_generic/luci-base/www/ -type f -name '*.js' | while read src; do if jsmin < "$src" > "$src.o"; then mv "$src.o" "$src"; fi; done
make[8]: 'conf' is up to date.
boolean symbol CRYPTO_LIB_ARC4 tested for 'm'? test forced to 'n'
#
# configuration written to .config
#
Building backport-include/backport/autoconf.h ... done.
find /workspaces/openwrt-radxa-rock5b-plus/openwrt/build_dir/target-aarch64_generic_musl/luci-base/ipkg-aarch64_generic/luci-base/www/ -type f -name '*.css' | while read src; do if csstidy "$src" --template=highest --remove_last_semicolon=true "$src.o"; then mv "$src.o" "$src"; fi; done
install -d -m0755 /workspaces/openwrt-radxa-rock5b-plus/openwrt/build_dir/target-aarch64_generic_musl/luci-base/ipkg-aarch64_generic/luci-base/
cp -pR /workspaces/openwrt-radxa-rock5b-plus/openwrt/build_dir/target-aarch64_generic_musl/luci-base/root/* /workspaces/openwrt-radxa-rock5b-plus/openwrt/build_dir/target-aarch64_generic_musl/luci-base/ipkg-aarch64_generic/luci-base/
CFLAGS="-Os -pipe -mcpu=generic -fno-caller-saves -fno-plt -fhonour-copts -fmacro-prefix-map=/workspaces/openwrt-radxa-rock5b-plus/openwrt/build_dir/target-aarch64_generic_musl/luci-base=luci-base -Wformat -Werror=format-security -fstack-protector -D_FORTIFY_SOURCE=1 -Wl,-z,now -Wl,-z,relro  -I/workspaces/openwrt-radxa-rock5b-plus/openwrt/staging_dir/toolchain-aarch64_generic_gcc-14.3.0_musl/usr/include -I/workspaces/openwrt-radxa-rock5b-plus/openwrt/staging_dir/toolchain-aarch64_generic_gcc-14.3.0_musl/include -I/workspaces/openwrt-radxa-rock5b-plus/openwrt/staging_dir/toolchain-aarch64_generic_gcc-14.3.0_musl/include/fortify " CXXFLAGS="-Os -pipe -mcpu=generic -fno-caller-saves -fno-plt -fhonour-copts -fmacro-prefix-map=/workspaces/openwrt-radxa-rock5b-plus/openwrt/build_dir/target-aarch64_generic_musl/luci-base=luci-base -Wformat -Werror=format-security -fstack-protector -D_FORTIFY_SOURCE=1 -Wl,-z,now -Wl,-z,relro  -I/workspaces/openwrt-radxa-rock5b-plus/openwrt/staging_dir/toolchain-aarch64_generic_gcc-14.3.0_musl/usr/include -I/workspaces/openwrt-radxa-rock5b-plus/openwrt/staging_dir/toolchain-aarch64_generic_gcc-14.3.0_musl/include -I/workspaces/openwrt-radxa-rock5b-plus/openwrt/staging_dir/toolchain-aarch64_generic_gcc-14.3.0_musl/include/fortify " LDFLAGS="-L/workspaces/openwrt-radxa-rock5b-plus/openwrt/staging_dir/toolchain-aarch64_generic_gcc-14.3.0_musl/usr/lib -L/workspaces/openwrt-radxa-rock5b-plus/openwrt/staging_dir/toolchain-aarch64_generic_gcc-14.3.0_musl/lib -fuse-ld=bfd -znow -zrelro " FPIC="-DPIC -fPIC" LUCI_VERSION="25.253.73204~220531f" LUCI_GITBRANCH="LuCI Master" make -C /workspaces/openwrt-radxa-rock5b-plus/openwrt/build_dir/target-aarch64_generic_musl/luci-base/src/ AR="aarch64-openwrt-linux-musl-gcc-ar" AS="aarch64-openwrt-linux-musl-gcc -c -Os -pipe -mcpu=generic -fno-caller-saves -fno-plt -fhonour-copts -fmacro-prefix-map=/workspaces/openwrt-radxa-rock5b-plus/openwrt/build_dir/target-aarch64_generic_musl/luci-base=luci-base -Wformat -Werror=format-security -fstack-protector -D_FORTIFY_SOURCE=1 -Wl,-z,now -Wl,-z,relro" LD="aarch64-openwrt-linux-musl-ld.bfd" NM="aarch64-openwrt-linux-musl-gcc-nm" CC="aarch64-openwrt-linux-musl-gcc" GCC="aarch64-openwrt-linux-musl-gcc" CXX="aarch64-openwrt-linux-musl-g++" RANLIB="aarch64-openwrt-linux-musl-gcc-ranlib" STRIP=aarch64-openwrt-linux-musl-strip OBJCOPY=aarch64-openwrt-linux-musl-objcopy OBJDUMP=aarch64-openwrt-linux-musl-objdump SIZE=aarch64-openwrt-linux-musl-size CROSS="aarch64-openwrt-linux-musl-" ARCH="aarch64" DESTDIR="/workspaces/openwrt-radxa-rock5b-plus/openwrt/build_dir/target-aarch64_generic_musl/luci-base/ipkg-install"   install;
make[4]: Entering directory '/workspaces/openwrt-radxa-rock5b-plus/openwrt/build_dir/target-aarch64_generic_musl/luci-base/src'
mkdir -p /workspaces/openwrt-radxa-rock5b-plus/openwrt/build_dir/target-aarch64_generic_musl/luci-base/ipkg-install/usr/lib/ucode/luci
cp core.so /workspaces/openwrt-radxa-rock5b-plus/openwrt/build_dir/target-aarch64_generic_musl/luci-base/ipkg-install/usr/lib/ucode/luci/core.so
mkdir -p /workspaces/openwrt-radxa-rock5b-plus/openwrt/build_dir/target-aarch64_generic_musl/luci-base/ipkg-install/usr/share/ucode/luci
cp version.uc /workspaces/openwrt-radxa-rock5b-plus/openwrt/build_dir/target-aarch64_generic_musl/luci-base/ipkg-install/usr/share/ucode/luci/version.uc
make[4]: Leaving directory '/workspaces/openwrt-radxa-rock5b-plus/openwrt/build_dir/target-aarch64_generic_musl/luci-base/src'
cp -fpR /workspaces/openwrt-radxa-rock5b-plus/openwrt/build_dir/target-aarch64_generic_musl/luci-base/ipkg-install/* /workspaces/openwrt-radxa-rock5b-plus/openwrt/build_dir/target-aarch64_generic_musl/luci-base/ipkg-aarch64_generic/luci-base/
find /workspaces/openwrt-radxa-rock5b-plus/openwrt/build_dir/target-aarch64_generic_musl/luci-base/ipkg-aarch64_generic/luci-base -name 'CVS' -o -name '.svn' -o -name '.#*' -o -name '*~'| xargs -r rm -rf
export CROSS="aarch64-openwrt-linux-musl-"  NO_RENAME=1 ; NM="aarch64-openwrt-linux-musl-nm" STRIP="/workspaces/openwrt-radxa-rock5b-plus/openwrt/staging_dir/host/bin/sstrip -z" STRIP_KMOD="/workspaces/openwrt-radxa-rock5b-plus/openwrt/scripts/strip-kmod.sh" PATCHELF="/workspaces/openwrt-radxa-rock5b-plus/openwrt/staging_dir/host/bin/patchelf" /workspaces/openwrt-radxa-rock5b-plus/openwrt/scripts/rstrip.sh /workspaces/openwrt-radxa-rock5b-plus/openwrt/build_dir/target-aarch64_generic_musl/luci-base/ipkg-aarch64_generic/luci-base
rstrip.sh: /workspaces/openwrt-radxa-rock5b-plus/openwrt/build_dir/target-aarch64_generic_musl/luci-base/ipkg-aarch64_generic/luci-base/usr/lib/ucode/luci/core.so: shared object
install -d -m0755 /workspaces/openwrt-radxa-rock5b-plus/openwrt/bin/packages/aarch64_generic/luci/tmp
mkdir -p /workspaces/openwrt-radxa-rock5b-plus/openwrt/build_dir/target-aarch64_generic_musl/luci-base/apk-aarch64_generic/luci-base/
mkdir -p /workspaces/openwrt-radxa-rock5b-plus/openwrt/build_dir/target-aarch64_generic_musl/luci-base/ipkg-aarch64_generic/luci-base/lib/apk/packages/
(cd /workspaces/openwrt-radxa-rock5b-plus/openwrt/build_dir/target-aarch64_generic_musl/luci-base/apk-aarch64_generic/luci-base; echo "$V_Package_luci_base_conffiles" > conffiles;  echo "$V_Package_luci_base_postinst" > postinst-pkg; chmod 0755 postinst-pkg;)
( echo "#!/bin/sh"; echo "[ \"\${IPKG_NO_SCRIPT}\" = \"1\" ] && exit 0"; echo "[ -s "\${IPKG_INSTROOT}/lib/functions.sh" ] || exit 0"; echo ". \${IPKG_INSTROOT}/lib/functions.sh"; echo 'export root="${IPKG_INSTROOT}"'; echo 'export pkgname="luci-base"'; echo "add_group_and_user"; echo "default_postinst"; [ ! -f /workspaces/openwrt-radxa-rock5b-plus/openwrt/build_dir/target-aarch64_generic_musl/luci-base/apk-aarch64_generic/luci-base/postinst-pkg ] || sed -z 's/^\s*#!/#!/' "/workspaces/openwrt-radxa-rock5b-plus/openwrt/build_dir/target-aarch64_generic_musl/luci-base/apk-aarch64_generic/luci-base/postinst-pkg"; ) > /workspaces/openwrt-radxa-rock5b-plus/openwrt/build_dir/target-aarch64_generic_musl/luci-base/apk-aarch64_generic/luci-base/post-install;
( echo "#!/bin/sh"; echo 'export PKG_UPGRADE=1'; [ ! -f /workspaces/openwrt-radxa-rock5b-plus/openwrt/build_dir/target-aarch64_generic_musl/luci-base/apk-aarch64_generic/luci-base/post-install ] || sed -z 's/^\s*#!/#!/' "/workspaces/openwrt-radxa-rock5b-plus/openwrt/build_dir/target-aarch64_generic_musl/luci-base/apk-aarch64_generic/luci-base/post-install"; ) > /workspaces/openwrt-radxa-rock5b-plus/openwrt/build_dir/target-aarch64_generic_musl/luci-base/apk-aarch64_generic/luci-base/post-upgrade;
( echo "#!/bin/sh"; echo "[ -s "\${IPKG_INSTROOT}/lib/functions.sh" ] || exit 0"; echo ". \${IPKG_INSTROOT}/lib/functions.sh"; echo 'export root="${IPKG_INSTROOT}"'; echo 'export pkgname="luci-base"'; echo "default_prerm"; [ ! -f /workspaces/openwrt-radxa-rock5b-plus/openwrt/build_dir/target-aarch64_generic_musl/luci-base/apk-aarch64_generic/luci-base/prerm-pkg ] || sed -z 's/^\s*#!/#!/' "/workspaces/openwrt-radxa-rock5b-plus/openwrt/build_dir/target-aarch64_generic_musl/luci-base/apk-aarch64_generic/luci-base/prerm-pkg"; ) > /workspaces/openwrt-radxa-rock5b-plus/openwrt/build_dir/target-aarch64_generic_musl/luci-base/apk-aarch64_generic/luci-base/pre-deinstall;
[ ! -f /workspaces/openwrt-radxa-rock5b-plus/openwrt/build_dir/target-aarch64_generic_musl/luci-base/apk-aarch64_generic/luci-base/postrm ] || sed -zi 's/^\s*#!/#!/' "/workspaces/openwrt-radxa-rock5b-plus/openwrt/build_dir/target-aarch64_generic_musl/luci-base/apk-aarch64_generic/luci-base/postrm";
if [ -n "" ]; then echo  > /workspaces/openwrt-radxa-rock5b-plus/openwrt/build_dir/target-aarch64_generic_musl/luci-base/ipkg-aarch64_generic/luci-base/lib/apk/packages/luci-base.rusers; fi;
if [ -n "" ]; then echo  > /workspaces/openwrt-radxa-rock5b-plus/openwrt/build_dir/target-aarch64_generic_musl/luci-base/ipkg-aarch64_generic/luci-base/lib/apk/packages/luci-base.alternatives; fi;
(cd /workspaces/openwrt-radxa-rock5b-plus/openwrt/build_dir/target-aarch64_generic_musl/luci-base/ipkg-aarch64_generic/luci-base && find . -type f,l -printf "/%P\n" | sort > /workspaces/openwrt-radxa-rock5b-plus/openwrt/tmp/luci-base.list && mv /workspaces/openwrt-radxa-rock5b-plus/openwrt/tmp/luci-base.list /workspaces/openwrt-radxa-rock5b-plus/openwrt/build_dir/target-aarch64_generic_musl/luci-base/ipkg-aarch64_generic/luci-base/lib/apk/packages/luci-base.list)
# Move conffiles to IDIR and build conffiles_static with csums
if [ -f /workspaces/openwrt-radxa-rock5b-plus/openwrt/build_dir/target-aarch64_generic_musl/luci-base/apk-aarch64_generic/luci-base/conffiles ]; then mv -f /workspaces/openwrt-radxa-rock5b-plus/openwrt/build_dir/target-aarch64_generic_musl/luci-base/apk-aarch64_generic/luci-base/conffiles /workspaces/openwrt-radxa-rock5b-plus/openwrt/build_dir/target-aarch64_generic_musl/luci-base/ipkg-aarch64_generic/luci-base/lib/apk/packages/luci-base.conffiles; for file in $(cat /workspaces/openwrt-radxa-rock5b-plus/openwrt/build_dir/target-aarch64_generic_musl/luci-base/ipkg-aarch64_generic/luci-base/lib/apk/packages/luci-base.conffiles); do [ -f /workspaces/openwrt-radxa-rock5b-plus/openwrt/build_dir/target-aarch64_generic_musl/luci-base/ipkg-aarch64_generic/luci-base/$file ] || continue; csum=$(/workspaces/openwrt-radxa-rock5b-plus/openwrt/staging_dir/host/bin/mkhash sha256 /workspaces/openwrt-radxa-rock5b-plus/openwrt/build_dir/target-aarch64_generic_musl/luci-base/ipkg-aarch64_generic/luci-base/$file); echo $file $csum >> /workspaces/openwrt-radxa-rock5b-plus/openwrt/build_dir/target-aarch64_generic_musl/luci-base/ipkg-aarch64_generic/luci-base/lib/apk/packages/luci-base.conffiles_static; done; fi
# Some package (base-files) manually append stuff to conffiles
# Append stuff from it and delete the CONTROL directory since everything else should be migrated
if [ -f /workspaces/openwrt-radxa-rock5b-plus/openwrt/build_dir/target-aarch64_generic_musl/luci-base/ipkg-aarch64_generic/luci-base/CONTROL/conffiles ]; then echo $(IDIR_luci-base)/CONTROL/conffiles >> /workspaces/openwrt-radxa-rock5b-plus/openwrt/build_dir/target-aarch64_generic_musl/luci-base/ipkg-aarch64_generic/luci-base/lib/apk/packages/luci-base.conffiles; for file in $(cat /workspaces/openwrt-radxa-rock5b-plus/openwrt/build_dir/target-aarch64_generic_musl/luci-base/ipkg-aarch64_generic/luci-base/CONTROL/conffiles); do [ -f /workspaces/openwrt-radxa-rock5b-plus/openwrt/build_dir/target-aarch64_generic_musl/luci-base/ipkg-aarch64_generic/luci-base/$file ] || continue; csum=$(/workspaces/openwrt-radxa-rock5b-plus/openwrt/staging_dir/host/bin/mkhash sha256 /workspaces/openwrt-radxa-rock5b-plus/openwrt/build_dir/target-aarch64_generic_musl/luci-base/ipkg-aarch64_generic/luci-base/$file); echo $file $csum >> /workspaces/openwrt-radxa-rock5b-plus/openwrt/build_dir/target-aarch64_generic_musl/luci-base/ipkg-aarch64_generic/luci-base/lib/apk/packages/luci-base.conffiles_static; done; rm -rf /workspaces/openwrt-radxa-rock5b-plus/openwrt/build_dir/target-aarch64_generic_musl/luci-base/ipkg-aarch64_generic/luci-base/CONTROL/conffiles; fi
if [ -z "$(ls -A /workspaces/openwrt-radxa-rock5b-plus/openwrt/build_dir/target-aarch64_generic_musl/luci-base/ipkg-aarch64_generic/luci-base/CONTROL 2>/dev/null)" ]; then rm -rf /workspaces/openwrt-radxa-rock5b-plus/openwrt/build_dir/target-aarch64_generic_musl/luci-base/ipkg-aarch64_generic/luci-base/CONTROL; else echo "CONTROL directory /workspaces/openwrt-radxa-rock5b-plus/openwrt/build_dir/target-aarch64_generic_musl/luci-base/ipkg-aarch64_generic/luci-base/CONTROL is not empty! This is not right and should be checked!" >&2; exit 1; fi
/workspaces/openwrt-radxa-rock5b-plus/openwrt/staging_dir/host/bin/fakeroot /workspaces/openwrt-radxa-rock5b-plus/openwrt/staging_dir/host/bin/apk mkpkg --info "name:luci-base" --info "version:25.253.73204~220531f"  --info "description:LuCI core runtime" --info "arch:aarch64_generic" --info "license:Apache-2.0" --info "origin:feeds/luci/modules/luci-base" --info "url:https://github.com/openwrt/luci" --info "maintainer:OpenWrt LuCI community" --info "provides:"  --script "post-install:/workspaces/openwrt-radxa-rock5b-plus/openwrt/build_dir/target-aarch64_generic_musl/luci-base/apk-aarch64_generic/luci-base/post-install" --script "post-upgrade:/workspaces/openwrt-radxa-rock5b-plus/openwrt/build_dir/target-aarch64_generic_musl/luci-base/apk-aarch64_generic/luci-base/post-upgrade" --script "pre-deinstall:/workspaces/openwrt-radxa-rock5b-plus/openwrt/build_dir/target-aarch64_generic_musl/luci-base/apk-aarch64_generic/luci-base/pre-deinstall" --info "depends:libc rpcd rpcd-mod-file rpcd-mod-luci rpcd-mod-ucode cgi-io ucode ucode-mod-fs ucode-mod-log ucode-mod-uci ucode-mod-ubus ucode-mod-math ucode-mod-html liblucihttp-ucode" --files "/workspaces/openwrt-radxa-rock5b-plus/openwrt/build_dir/target-aarch64_generic_musl/luci-base/ipkg-aarch64_generic/luci-base" --output "/workspaces/openwrt-radxa-rock5b-plus/openwrt/bin/packages/aarch64_generic/luci/luci-base-25.253.73204~220531f.apk" --sign "/workspaces/openwrt-radxa-rock5b-plus/openwrt/private-key.pem"
echo "luci-base" >> /workspaces/openwrt-radxa-rock5b-plus/openwrt/staging_dir/target-aarch64_generic_musl/pkginfo/luci-base.default.install
make[3]: Leaving directory '/workspaces/openwrt-radxa-rock5b-plus/openwrt/feeds/luci/modules/luci-base'
time: package/feeds/luci/luci-base/compile#1.55#0.98#4.56
make[3]: Entering directory '/workspaces/openwrt-radxa-rock5b-plus/openwrt/package/system/procd'
rm -f /workspaces/openwrt-radxa-rock5b-plus/openwrt/build_dir/target-aarch64_generic_musl/procd-default/procd-2025.08.12~dafdf98b/.built
touch /workspaces/openwrt-radxa-rock5b-plus/openwrt/build_dir/target-aarch64_generic_musl/procd-default/procd-2025.08.12~dafdf98b/.built_check
MAKEFLAGS="--jobserver-auth=3,4" /workspaces/openwrt-radxa-rock5b-plus/openwrt/staging_dir/host/bin/ninja   -C /workspaces/openwrt-radxa-rock5b-plus/openwrt/build_dir/target-aarch64_generic_musl/procd-default/procd-2025.08.12~dafdf98b 
ninja: Entering directory `/workspaces/openwrt-radxa-rock5b-plus/openwrt/build_dir/target-aarch64_generic_musl/procd-default/procd-2025.08.12~dafdf98b'
ninja: no work to do.
DESTDIR="/workspaces/openwrt-radxa-rock5b-plus/openwrt/build_dir/target-aarch64_generic_musl/procd-default/procd-2025.08.12~dafdf98b/ipkg-install" MAKEFLAGS="--jobserver-auth=3,4" /workspaces/openwrt-radxa-rock5b-plus/openwrt/staging_dir/host/bin/ninja   -C /workspaces/openwrt-radxa-rock5b-plus/openwrt/build_dir/target-aarch64_generic_musl/procd-default/procd-2025.08.12~dafdf98b install
ninja: Entering directory `/workspaces/openwrt-radxa-rock5b-plus/openwrt/build_dir/target-aarch64_generic_musl/procd-default/procd-2025.08.12~dafdf98b'
[0/1] Install the project...
-- Install configuration: "Release"
-- Up-to-date: /workspaces/openwrt-radxa-rock5b-plus/openwrt/build_dir/target-aarch64_generic_musl/procd-default/procd-2025.08.12~dafdf98b/ipkg-install/usr/lib/libsetlbf.so
-- Up-to-date: /workspaces/openwrt-radxa-rock5b-plus/openwrt/build_dir/target-aarch64_generic_musl/procd-default/procd-2025.08.12~dafdf98b/ipkg-install/usr/sbin/procd
-- Up-to-date: /workspaces/openwrt-radxa-rock5b-plus/openwrt/build_dir/target-aarch64_generic_musl/procd-default/procd-2025.08.12~dafdf98b/ipkg-install/usr/sbin/init
-- Up-to-date: /workspaces/openwrt-radxa-rock5b-plus/openwrt/build_dir/target-aarch64_generic_musl/procd-default/procd-2025.08.12~dafdf98b/ipkg-install/usr/sbin/udevtrigger
-- Up-to-date: /workspaces/openwrt-radxa-rock5b-plus/openwrt/build_dir/target-aarch64_generic_musl/procd-default/procd-2025.08.12~dafdf98b/ipkg-install/usr/sbin/askfirst
-- Up-to-date: /workspaces/openwrt-radxa-rock5b-plus/openwrt/build_dir/target-aarch64_generic_musl/procd-default/procd-2025.08.12~dafdf98b/ipkg-install/usr/lib/libpreload-seccomp.so
-- Up-to-date: /workspaces/openwrt-radxa-rock5b-plus/openwrt/build_dir/target-aarch64_generic_musl/procd-default/procd-2025.08.12~dafdf98b/ipkg-install/usr/sbin/ujail
-- Up-to-date: /workspaces/openwrt-radxa-rock5b-plus/openwrt/build_dir/target-aarch64_generic_musl/procd-default/procd-2025.08.12~dafdf98b/ipkg-install/usr/sbin/uxc
-- Up-to-date: /workspaces/openwrt-radxa-rock5b-plus/openwrt/build_dir/target-aarch64_generic_musl/procd-default/procd-2025.08.12~dafdf98b/ipkg-install/usr/sbin/utrace
-- Up-to-date: /workspaces/openwrt-radxa-rock5b-plus/openwrt/build_dir/target-aarch64_generic_musl/procd-default/procd-2025.08.12~dafdf98b/ipkg-install/usr/lib/libpreload-trace.so
-- Up-to-date: /workspaces/openwrt-radxa-rock5b-plus/openwrt/build_dir/target-aarch64_generic_musl/procd-default/procd-2025.08.12~dafdf98b/ipkg-install/usr/sbin/upgraded
touch /workspaces/openwrt-radxa-rock5b-plus/openwrt/build_dir/target-aarch64_generic_musl/procd-default/procd-2025.08.12~dafdf98b/.built
rm -rf /workspaces/openwrt-radxa-rock5b-plus/openwrt/build_dir/target-aarch64_generic_musl/procd-default/procd-2025.08.12~dafdf98b/.pkgdir/procd.installed /workspaces/openwrt-radxa-rock5b-plus/openwrt/build_dir/target-aarch64_generic_musl/procd-default/procd-2025.08.12~dafdf98b/.pkgdir/procd
mkdir -p /workspaces/openwrt-radxa-rock5b-plus/openwrt/build_dir/target-aarch64_generic_musl/procd-default/procd-2025.08.12~dafdf98b/.pkgdir/procd
install -d -m0755 /workspaces/openwrt-radxa-rock5b-plus/openwrt/build_dir/target-aarch64_generic_musl/procd-default/procd-2025.08.12~dafdf98b/.pkgdir/procd/sbin /workspaces/openwrt-radxa-rock5b-plus/openwrt/build_dir/target-aarch64_generic_musl/procd-default/procd-2025.08.12~dafdf98b/.pkgdir/procd/etc /workspaces/openwrt-radxa-rock5b-plus/openwrt/build_dir/target-aarch64_generic_musl/procd-default/procd-2025.08.12~dafdf98b/.pkgdir/procd/lib/functions
install -m0755 /workspaces/openwrt-radxa-rock5b-plus/openwrt/build_dir/target-aarch64_generic_musl/procd-default/procd-2025.08.12~dafdf98b/ipkg-install/usr/sbin/{init,procd,askfirst,udevtrigger,upgraded} /workspaces/openwrt-radxa-rock5b-plus/openwrt/build_dir/target-aarch64_generic_musl/procd-default/procd-2025.08.12~dafdf98b/.pkgdir/procd/sbin/
install -m0644 /workspaces/openwrt-radxa-rock5b-plus/openwrt/build_dir/target-aarch64_generic_musl/procd-default/procd-2025.08.12~dafdf98b/ipkg-install/usr/lib/libsetlbf.so /workspaces/openwrt-radxa-rock5b-plus/openwrt/build_dir/target-aarch64_generic_musl/procd-default/procd-2025.08.12~dafdf98b/.pkgdir/procd/lib
install -m0755 ./files/reload_config /workspaces/openwrt-radxa-rock5b-plus/openwrt/build_dir/target-aarch64_generic_musl/procd-default/procd-2025.08.12~dafdf98b/.pkgdir/procd/sbin/
install -m0600 ./files/hotplug*.json /workspaces/openwrt-radxa-rock5b-plus/openwrt/build_dir/target-aarch64_generic_musl/procd-default/procd-2025.08.12~dafdf98b/.pkgdir/procd/etc/
install -m0644 ./files/procd.sh /workspaces/openwrt-radxa-rock5b-plus/openwrt/build_dir/target-aarch64_generic_musl/procd-default/procd-2025.08.12~dafdf98b/.pkgdir/procd/lib/functions/
install -m0755 ./files/service /workspaces/openwrt-radxa-rock5b-plus/openwrt/build_dir/target-aarch64_generic_musl/procd-default/procd-2025.08.12~dafdf98b/.pkgdir/procd/sbin/service
touch /workspaces/openwrt-radxa-rock5b-plus/openwrt/build_dir/target-aarch64_generic_musl/procd-default/procd-2025.08.12~dafdf98b/.pkgdir/procd.installed
mkdir -p /workspaces/openwrt-radxa-rock5b-plus/openwrt/staging_dir/target-aarch64_generic_musl/root-rockchip/stamp
SHELL= flock /workspaces/openwrt-radxa-rock5b-plus/openwrt/tmp/.root-copy.flock -c 'cp -fpR /workspaces/openwrt-radxa-rock5b-plus/openwrt/build_dir/target-aarch64_generic_musl/procd-default/procd-2025.08.12~dafdf98b/.pkgdir/procd/. /workspaces/openwrt-radxa-rock5b-plus/openwrt/staging_dir/target-aarch64_generic_musl/root-rockchip/'
touch /workspaces/openwrt-radxa-rock5b-plus/openwrt/staging_dir/target-aarch64_generic_musl/root-rockchip/stamp/.procd_installed
rm -rf /workspaces/openwrt-radxa-rock5b-plus/openwrt/build_dir/target-aarch64_generic_musl/procd-default/procd-2025.08.12~dafdf98b/ipkg-aarch64_generic/procd
/workspaces/openwrt-radxa-rock5b-plus/openwrt/scripts/ipkg-remove procd /workspaces/openwrt-radxa-rock5b-plus/openwrt/bin/packages/aarch64_generic/base/procd-2025.08.12~dafdf98b-r1.apk /workspaces/openwrt-radxa-rock5b-plus/openwrt/bin/packages/aarch64_generic/base/procd-seccomp-2025.08.12~dafdf98b-r1.apk /workspaces/openwrt-radxa-rock5b-plus/openwrt/bin/packages/aarch64_generic/base/procd-ujail-2025.08.12~dafdf98b-r1.apk
removed '/workspaces/openwrt-radxa-rock5b-plus/openwrt/bin/packages/aarch64_generic/base/procd-2025.08.12~dafdf98b-r1.apk'
mkdir -p /workspaces/openwrt-radxa-rock5b-plus/openwrt/bin/targets/rockchip/armv8/packages /workspaces/openwrt-radxa-rock5b-plus/openwrt/build_dir/target-aarch64_generic_musl/procd-default/procd-2025.08.12~dafdf98b/ipkg-aarch64_generic/procd /workspaces/openwrt-radxa-rock5b-plus/openwrt/staging_dir/target-aarch64_generic_musl/pkginfo
install -d -m0755 /workspaces/openwrt-radxa-rock5b-plus/openwrt/build_dir/target-aarch64_generic_musl/procd-default/procd-2025.08.12~dafdf98b/ipkg-aarch64_generic/procd/sbin /workspaces/openwrt-radxa-rock5b-plus/openwrt/build_dir/target-aarch64_generic_musl/procd-default/procd-2025.08.12~dafdf98b/ipkg-aarch64_generic/procd/etc /workspaces/openwrt-radxa-rock5b-plus/openwrt/build_dir/target-aarch64_generic_musl/procd-default/procd-2025.08.12~dafdf98b/ipkg-aarch64_generic/procd/lib/functions
install -m0755 /workspaces/openwrt-radxa-rock5b-plus/openwrt/build_dir/target-aarch64_generic_musl/procd-default/procd-2025.08.12~dafdf98b/ipkg-install/usr/sbin/{init,procd,askfirst,udevtrigger,upgraded} /workspaces/openwrt-radxa-rock5b-plus/openwrt/build_dir/target-aarch64_generic_musl/procd-default/procd-2025.08.12~dafdf98b/ipkg-aarch64_generic/procd/sbin/
install -m0644 /workspaces/openwrt-radxa-rock5b-plus/openwrt/build_dir/target-aarch64_generic_musl/procd-default/procd-2025.08.12~dafdf98b/ipkg-install/usr/lib/libsetlbf.so /workspaces/openwrt-radxa-rock5b-plus/openwrt/build_dir/target-aarch64_generic_musl/procd-default/procd-2025.08.12~dafdf98b/ipkg-aarch64_generic/procd/lib
install -m0755 ./files/reload_config /workspaces/openwrt-radxa-rock5b-plus/openwrt/build_dir/target-aarch64_generic_musl/procd-default/procd-2025.08.12~dafdf98b/ipkg-aarch64_generic/procd/sbin/
install -m0600 ./files/hotplug*.json /workspaces/openwrt-radxa-rock5b-plus/openwrt/build_dir/target-aarch64_generic_musl/procd-default/procd-2025.08.12~dafdf98b/ipkg-aarch64_generic/procd/etc/
install -m0644 ./files/procd.sh /workspaces/openwrt-radxa-rock5b-plus/openwrt/build_dir/target-aarch64_generic_musl/procd-default/procd-2025.08.12~dafdf98b/ipkg-aarch64_generic/procd/lib/functions/
install -m0755 ./files/service /workspaces/openwrt-radxa-rock5b-plus/openwrt/build_dir/target-aarch64_generic_musl/procd-default/procd-2025.08.12~dafdf98b/ipkg-aarch64_generic/procd/sbin/service
find /workspaces/openwrt-radxa-rock5b-plus/openwrt/build_dir/target-aarch64_generic_musl/procd-default/procd-2025.08.12~dafdf98b/ipkg-aarch64_generic/procd -name 'CVS' -o -name '.svn' -o -name '.#*' -o -name '*~'| xargs -r rm -rf
export CROSS="aarch64-openwrt-linux-musl-"  NO_RENAME=1 ; NM="aarch64-openwrt-linux-musl-nm" STRIP="/workspaces/openwrt-radxa-rock5b-plus/openwrt/staging_dir/host/bin/sstrip -z" STRIP_KMOD="/workspaces/openwrt-radxa-rock5b-plus/openwrt/scripts/strip-kmod.sh" PATCHELF="/workspaces/openwrt-radxa-rock5b-plus/openwrt/staging_dir/host/bin/patchelf" /workspaces/openwrt-radxa-rock5b-plus/openwrt/scripts/rstrip.sh /workspaces/openwrt-radxa-rock5b-plus/openwrt/build_dir/target-aarch64_generic_musl/procd-default/procd-2025.08.12~dafdf98b/ipkg-aarch64_generic/procd
rstrip.sh: /workspaces/openwrt-radxa-rock5b-plus/openwrt/build_dir/target-aarch64_generic_musl/procd-default/procd-2025.08.12~dafdf98b/ipkg-aarch64_generic/procd/lib/libsetlbf.so: shared object
rstrip.sh: /workspaces/openwrt-radxa-rock5b-plus/openwrt/build_dir/target-aarch64_generic_musl/procd-default/procd-2025.08.12~dafdf98b/ipkg-aarch64_generic/procd/sbin/udevtrigger: executable
rstrip.sh: /workspaces/openwrt-radxa-rock5b-plus/openwrt/build_dir/target-aarch64_generic_musl/procd-default/procd-2025.08.12~dafdf98b/ipkg-aarch64_generic/procd/sbin/upgraded: executable
rstrip.sh: /workspaces/openwrt-radxa-rock5b-plus/openwrt/build_dir/target-aarch64_generic_musl/procd-default/procd-2025.08.12~dafdf98b/ipkg-aarch64_generic/procd/sbin/askfirst: executable
rstrip.sh: /workspaces/openwrt-radxa-rock5b-plus/openwrt/build_dir/target-aarch64_generic_musl/procd-default/procd-2025.08.12~dafdf98b/ipkg-aarch64_generic/procd/sbin/init: executable
rstrip.sh: /workspaces/openwrt-radxa-rock5b-plus/openwrt/build_dir/target-aarch64_generic_musl/procd-default/procd-2025.08.12~dafdf98b/ipkg-aarch64_generic/procd/sbin/procd: executable
install -d -m0755 /workspaces/openwrt-radxa-rock5b-plus/openwrt/bin/packages/aarch64_generic/base/tmp
mkdir -p /workspaces/openwrt-radxa-rock5b-plus/openwrt/build_dir/target-aarch64_generic_musl/procd-default/procd-2025.08.12~dafdf98b/apk-aarch64_generic/procd/
mkdir -p /workspaces/openwrt-radxa-rock5b-plus/openwrt/build_dir/target-aarch64_generic_musl/procd-default/procd-2025.08.12~dafdf98b/ipkg-aarch64_generic/procd/lib/apk/packages/
(cd /workspaces/openwrt-radxa-rock5b-plus/openwrt/build_dir/target-aarch64_generic_musl/procd-default/procd-2025.08.12~dafdf98b/apk-aarch64_generic/procd; )
( echo "#!/bin/sh"; echo "[ \"\${IPKG_NO_SCRIPT}\" = \"1\" ] && exit 0"; echo "[ -s "\${IPKG_INSTROOT}/lib/functions.sh" ] || exit 0"; echo ". \${IPKG_INSTROOT}/lib/functions.sh"; echo 'export root="${IPKG_INSTROOT}"'; echo 'export pkgname="procd"'; echo "add_group_and_user"; echo "default_postinst"; [ ! -f /workspaces/openwrt-radxa-rock5b-plus/openwrt/build_dir/target-aarch64_generic_musl/procd-default/procd-2025.08.12~dafdf98b/apk-aarch64_generic/procd/postinst-pkg ] || sed -z 's/^\s*#!/#!/' "/workspaces/openwrt-radxa-rock5b-plus/openwrt/build_dir/target-aarch64_generic_musl/procd-default/procd-2025.08.12~dafdf98b/apk-aarch64_generic/procd/postinst-pkg"; ) > /workspaces/openwrt-radxa-rock5b-plus/openwrt/build_dir/target-aarch64_generic_musl/procd-default/procd-2025.08.12~dafdf98b/apk-aarch64_generic/procd/post-install;
( echo "#!/bin/sh"; echo 'export PKG_UPGRADE=1'; [ ! -f /workspaces/openwrt-radxa-rock5b-plus/openwrt/build_dir/target-aarch64_generic_musl/procd-default/procd-2025.08.12~dafdf98b/apk-aarch64_generic/procd/post-install ] || sed -z 's/^\s*#!/#!/' "/workspaces/openwrt-radxa-rock5b-plus/openwrt/build_dir/target-aarch64_generic_musl/procd-default/procd-2025.08.12~dafdf98b/apk-aarch64_generic/procd/post-install"; ) > /workspaces/openwrt-radxa-rock5b-plus/openwrt/build_dir/target-aarch64_generic_musl/procd-default/procd-2025.08.12~dafdf98b/apk-aarch64_generic/procd/post-upgrade;
( echo "#!/bin/sh"; echo "[ -s "\${IPKG_INSTROOT}/lib/functions.sh" ] || exit 0"; echo ". \${IPKG_INSTROOT}/lib/functions.sh"; echo 'export root="${IPKG_INSTROOT}"'; echo 'export pkgname="procd"'; echo "default_prerm"; [ ! -f /workspaces/openwrt-radxa-rock5b-plus/openwrt/build_dir/target-aarch64_generic_musl/procd-default/procd-2025.08.12~dafdf98b/apk-aarch64_generic/procd/prerm-pkg ] || sed -z 's/^\s*#!/#!/' "/workspaces/openwrt-radxa-rock5b-plus/openwrt/build_dir/target-aarch64_generic_musl/procd-default/procd-2025.08.12~dafdf98b/apk-aarch64_generic/procd/prerm-pkg"; ) > /workspaces/openwrt-radxa-rock5b-plus/openwrt/build_dir/target-aarch64_generic_musl/procd-default/procd-2025.08.12~dafdf98b/apk-aarch64_generic/procd/pre-deinstall;
[ ! -f /workspaces/openwrt-radxa-rock5b-plus/openwrt/build_dir/target-aarch64_generic_musl/procd-default/procd-2025.08.12~dafdf98b/apk-aarch64_generic/procd/postrm ] || sed -zi 's/^\s*#!/#!/' "/workspaces/openwrt-radxa-rock5b-plus/openwrt/build_dir/target-aarch64_generic_musl/procd-default/procd-2025.08.12~dafdf98b/apk-aarch64_generic/procd/postrm";
if [ -n ":dialout=20 :audio=29" ]; then echo :dialout=20 :audio=29 > /workspaces/openwrt-radxa-rock5b-plus/openwrt/build_dir/target-aarch64_generic_musl/procd-default/procd-2025.08.12~dafdf98b/ipkg-aarch64_generic/procd/lib/apk/packages/procd.rusers; fi;
if [ -n "" ]; then echo  > /workspaces/openwrt-radxa-rock5b-plus/openwrt/build_dir/target-aarch64_generic_musl/procd-default/procd-2025.08.12~dafdf98b/ipkg-aarch64_generic/procd/lib/apk/packages/procd.alternatives; fi;
(cd /workspaces/openwrt-radxa-rock5b-plus/openwrt/build_dir/target-aarch64_generic_musl/procd-default/procd-2025.08.12~dafdf98b/ipkg-aarch64_generic/procd && find . -type f,l -printf "/%P\n" | sort > /workspaces/openwrt-radxa-rock5b-plus/openwrt/tmp/procd.list && mv /workspaces/openwrt-radxa-rock5b-plus/openwrt/tmp/procd.list /workspaces/openwrt-radxa-rock5b-plus/openwrt/build_dir/target-aarch64_generic_musl/procd-default/procd-2025.08.12~dafdf98b/ipkg-aarch64_generic/procd/lib/apk/packages/procd.list)
# Move conffiles to IDIR and build conffiles_static with csums
if [ -f /workspaces/openwrt-radxa-rock5b-plus/openwrt/build_dir/target-aarch64_generic_musl/procd-default/procd-2025.08.12~dafdf98b/apk-aarch64_generic/procd/conffiles ]; then mv -f /workspaces/openwrt-radxa-rock5b-plus/openwrt/build_dir/target-aarch64_generic_musl/procd-default/procd-2025.08.12~dafdf98b/apk-aarch64_generic/procd/conffiles /workspaces/openwrt-radxa-rock5b-plus/openwrt/build_dir/target-aarch64_generic_musl/procd-default/procd-2025.08.12~dafdf98b/ipkg-aarch64_generic/procd/lib/apk/packages/procd.conffiles; for file in $(cat /workspaces/openwrt-radxa-rock5b-plus/openwrt/build_dir/target-aarch64_generic_musl/procd-default/procd-2025.08.12~dafdf98b/ipkg-aarch64_generic/procd/lib/apk/packages/procd.conffiles); do [ -f /workspaces/openwrt-radxa-rock5b-plus/openwrt/build_dir/target-aarch64_generic_musl/procd-default/procd-2025.08.12~dafdf98b/ipkg-aarch64_generic/procd/$file ] || continue; csum=$(/workspaces/openwrt-radxa-rock5b-plus/openwrt/staging_dir/host/bin/mkhash sha256 /workspaces/openwrt-radxa-rock5b-plus/openwrt/build_dir/target-aarch64_generic_musl/procd-default/procd-2025.08.12~dafdf98b/ipkg-aarch64_generic/procd/$file); echo $file $csum >> /workspaces/openwrt-radxa-rock5b-plus/openwrt/build_dir/target-aarch64_generic_musl/procd-default/procd-2025.08.12~dafdf98b/ipkg-aarch64_generic/procd/lib/apk/packages/procd.conffiles_static; done; fi
# Some package (base-files) manually append stuff to conffiles
# Append stuff from it and delete the CONTROL directory since everything else should be migrated
if [ -f /workspaces/openwrt-radxa-rock5b-plus/openwrt/build_dir/target-aarch64_generic_musl/procd-default/procd-2025.08.12~dafdf98b/ipkg-aarch64_generic/procd/CONTROL/conffiles ]; then echo $(IDIR_procd)/CONTROL/conffiles >> /workspaces/openwrt-radxa-rock5b-plus/openwrt/build_dir/target-aarch64_generic_musl/procd-default/procd-2025.08.12~dafdf98b/ipkg-aarch64_generic/procd/lib/apk/packages/procd.conffiles; for file in $(cat /workspaces/openwrt-radxa-rock5b-plus/openwrt/build_dir/target-aarch64_generic_musl/procd-default/procd-2025.08.12~dafdf98b/ipkg-aarch64_generic/procd/CONTROL/conffiles); do [ -f /workspaces/openwrt-radxa-rock5b-plus/openwrt/build_dir/target-aarch64_generic_musl/procd-default/procd-2025.08.12~dafdf98b/ipkg-aarch64_generic/procd/$file ] || continue; csum=$(/workspaces/openwrt-radxa-rock5b-plus/openwrt/staging_dir/host/bin/mkhash sha256 /workspaces/openwrt-radxa-rock5b-plus/openwrt/build_dir/target-aarch64_generic_musl/procd-default/procd-2025.08.12~dafdf98b/ipkg-aarch64_generic/procd/$file); echo $file $csum >> /workspaces/openwrt-radxa-rock5b-plus/openwrt/build_dir/target-aarch64_generic_musl/procd-default/procd-2025.08.12~dafdf98b/ipkg-aarch64_generic/procd/lib/apk/packages/procd.conffiles_static; done; rm -rf /workspaces/openwrt-radxa-rock5b-plus/openwrt/build_dir/target-aarch64_generic_musl/procd-default/procd-2025.08.12~dafdf98b/ipkg-aarch64_generic/procd/CONTROL/conffiles; fi
if [ -z "$(ls -A /workspaces/openwrt-radxa-rock5b-plus/openwrt/build_dir/target-aarch64_generic_musl/procd-default/procd-2025.08.12~dafdf98b/ipkg-aarch64_generic/procd/CONTROL 2>/dev/null)" ]; then rm -rf /workspaces/openwrt-radxa-rock5b-plus/openwrt/build_dir/target-aarch64_generic_musl/procd-default/procd-2025.08.12~dafdf98b/ipkg-aarch64_generic/procd/CONTROL; else echo "CONTROL directory /workspaces/openwrt-radxa-rock5b-plus/openwrt/build_dir/target-aarch64_generic_musl/procd-default/procd-2025.08.12~dafdf98b/ipkg-aarch64_generic/procd/CONTROL is not empty! This is not right and should be checked!" >&2; exit 1; fi
/workspaces/openwrt-radxa-rock5b-plus/openwrt/staging_dir/host/bin/fakeroot /workspaces/openwrt-radxa-rock5b-plus/openwrt/staging_dir/host/bin/apk mkpkg --info "name:procd" --info "version:2025.08.12~dafdf98b-r1"  --info "description:OpenWrt system process manager" --info "arch:aarch64_generic" --info "license:GPL-2.0" --info "origin:feeds/base/system/procd" --info "url:" --info "maintainer:John Crispin <john@phrozen.org>" --info "provides:"  --script "post-install:/workspaces/openwrt-radxa-rock5b-plus/openwrt/build_dir/target-aarch64_generic_musl/procd-default/procd-2025.08.12~dafdf98b/apk-aarch64_generic/procd/post-install" --script "post-upgrade:/workspaces/openwrt-radxa-rock5b-plus/openwrt/build_dir/target-aarch64_generic_musl/procd-default/procd-2025.08.12~dafdf98b/apk-aarch64_generic/procd/post-upgrade" --script "pre-deinstall:/workspaces/openwrt-radxa-rock5b-plus/openwrt/build_dir/target-aarch64_generic_musl/procd-default/procd-2025.08.12~dafdf98b/apk-aarch64_generic/procd/pre-deinstall" --info "depends:libc ubusd ubus libjson-script20250723 ubox libubox20250723 libudebug libubus20250702 libblobmsg-json20250723 libjson-c5 jshn" --files "/workspaces/openwrt-radxa-rock5b-plus/openwrt/build_dir/target-aarch64_generic_musl/procd-default/procd-2025.08.12~dafdf98b/ipkg-aarch64_generic/procd" --output "/workspaces/openwrt-radxa-rock5b-plus/openwrt/bin/packages/aarch64_generic/base/procd-2025.08.12~dafdf98b-r1.apk" --sign "/workspaces/openwrt-radxa-rock5b-plus/openwrt/private-key.pem"
rm -rf /workspaces/openwrt-radxa-rock5b-plus/openwrt/build_dir/target-aarch64_generic_musl/procd-default/procd-2025.08.12~dafdf98b/ipkg-aarch64_generic/procd-ujail
/workspaces/openwrt-radxa-rock5b-plus/openwrt/scripts/ipkg-remove procd-ujail /workspaces/openwrt-radxa-rock5b-plus/openwrt/bin/packages/aarch64_generic/base/procd-ujail-2025.08.12~dafdf98b-r1.apk
removed '/workspaces/openwrt-radxa-rock5b-plus/openwrt/bin/packages/aarch64_generic/base/procd-ujail-2025.08.12~dafdf98b-r1.apk'
mkdir -p /workspaces/openwrt-radxa-rock5b-plus/openwrt/bin/targets/rockchip/armv8/packages /workspaces/openwrt-radxa-rock5b-plus/openwrt/build_dir/target-aarch64_generic_musl/procd-default/procd-2025.08.12~dafdf98b/ipkg-aarch64_generic/procd-ujail /workspaces/openwrt-radxa-rock5b-plus/openwrt/staging_dir/target-aarch64_generic_musl/pkginfo
install -d -m0755 /workspaces/openwrt-radxa-rock5b-plus/openwrt/build_dir/target-aarch64_generic_musl/procd-default/procd-2025.08.12~dafdf98b/ipkg-aarch64_generic/procd-ujail/sbin
install -m0755 /workspaces/openwrt-radxa-rock5b-plus/openwrt/build_dir/target-aarch64_generic_musl/procd-default/procd-2025.08.12~dafdf98b/ipkg-install/usr/sbin/ujail /workspaces/openwrt-radxa-rock5b-plus/openwrt/build_dir/target-aarch64_generic_musl/procd-default/procd-2025.08.12~dafdf98b/ipkg-aarch64_generic/procd-ujail/sbin/
find /workspaces/openwrt-radxa-rock5b-plus/openwrt/build_dir/target-aarch64_generic_musl/procd-default/procd-2025.08.12~dafdf98b/ipkg-aarch64_generic/procd-ujail -name 'CVS' -o -name '.svn' -o -name '.#*' -o -name '*~'| xargs -r rm -rf
export CROSS="aarch64-openwrt-linux-musl-"  NO_RENAME=1 ; NM="aarch64-openwrt-linux-musl-nm" STRIP="/workspaces/openwrt-radxa-rock5b-plus/openwrt/staging_dir/host/bin/sstrip -z" STRIP_KMOD="/workspaces/openwrt-radxa-rock5b-plus/openwrt/scripts/strip-kmod.sh" PATCHELF="/workspaces/openwrt-radxa-rock5b-plus/openwrt/staging_dir/host/bin/patchelf" /workspaces/openwrt-radxa-rock5b-plus/openwrt/scripts/rstrip.sh /workspaces/openwrt-radxa-rock5b-plus/openwrt/build_dir/target-aarch64_generic_musl/procd-default/procd-2025.08.12~dafdf98b/ipkg-aarch64_generic/procd-ujail
rstrip.sh: /workspaces/openwrt-radxa-rock5b-plus/openwrt/build_dir/target-aarch64_generic_musl/procd-default/procd-2025.08.12~dafdf98b/ipkg-aarch64_generic/procd-ujail/sbin/ujail: executable
install -d -m0755 /workspaces/openwrt-radxa-rock5b-plus/openwrt/bin/packages/aarch64_generic/base/tmp
mkdir -p /workspaces/openwrt-radxa-rock5b-plus/openwrt/build_dir/target-aarch64_generic_musl/procd-default/procd-2025.08.12~dafdf98b/apk-aarch64_generic/procd-ujail/
mkdir -p /workspaces/openwrt-radxa-rock5b-plus/openwrt/build_dir/target-aarch64_generic_musl/procd-default/procd-2025.08.12~dafdf98b/ipkg-aarch64_generic/procd-ujail/lib/apk/packages/
(cd /workspaces/openwrt-radxa-rock5b-plus/openwrt/build_dir/target-aarch64_generic_musl/procd-default/procd-2025.08.12~dafdf98b/apk-aarch64_generic/procd-ujail; )
( echo "#!/bin/sh"; echo "[ \"\${IPKG_NO_SCRIPT}\" = \"1\" ] && exit 0"; echo "[ -s "\${IPKG_INSTROOT}/lib/functions.sh" ] || exit 0"; echo ". \${IPKG_INSTROOT}/lib/functions.sh"; echo 'export root="${IPKG_INSTROOT}"'; echo 'export pkgname="procd-ujail"'; echo "add_group_and_user"; echo "default_postinst"; [ ! -f /workspaces/openwrt-radxa-rock5b-plus/openwrt/build_dir/target-aarch64_generic_musl/procd-default/procd-2025.08.12~dafdf98b/apk-aarch64_generic/procd-ujail/postinst-pkg ] || sed -z 's/^\s*#!/#!/' "/workspaces/openwrt-radxa-rock5b-plus/openwrt/build_dir/target-aarch64_generic_musl/procd-default/procd-2025.08.12~dafdf98b/apk-aarch64_generic/procd-ujail/postinst-pkg"; ) > /workspaces/openwrt-radxa-rock5b-plus/openwrt/build_dir/target-aarch64_generic_musl/procd-default/procd-2025.08.12~dafdf98b/apk-aarch64_generic/procd-ujail/post-install;
( echo "#!/bin/sh"; echo 'export PKG_UPGRADE=1'; [ ! -f /workspaces/openwrt-radxa-rock5b-plus/openwrt/build_dir/target-aarch64_generic_musl/procd-default/procd-2025.08.12~dafdf98b/apk-aarch64_generic/procd-ujail/post-install ] || sed -z 's/^\s*#!/#!/' "/workspaces/openwrt-radxa-rock5b-plus/openwrt/build_dir/target-aarch64_generic_musl/procd-default/procd-2025.08.12~dafdf98b/apk-aarch64_generic/procd-ujail/post-install"; ) > /workspaces/openwrt-radxa-rock5b-plus/openwrt/build_dir/target-aarch64_generic_musl/procd-default/procd-2025.08.12~dafdf98b/apk-aarch64_generic/procd-ujail/post-upgrade;
( echo "#!/bin/sh"; echo "[ -s "\${IPKG_INSTROOT}/lib/functions.sh" ] || exit 0"; echo ". \${IPKG_INSTROOT}/lib/functions.sh"; echo 'export root="${IPKG_INSTROOT}"'; echo 'export pkgname="procd-ujail"'; echo "default_prerm"; [ ! -f /workspaces/openwrt-radxa-rock5b-plus/openwrt/build_dir/target-aarch64_generic_musl/procd-default/procd-2025.08.12~dafdf98b/apk-aarch64_generic/procd-ujail/prerm-pkg ] || sed -z 's/^\s*#!/#!/' "/workspaces/openwrt-radxa-rock5b-plus/openwrt/build_dir/target-aarch64_generic_musl/procd-default/procd-2025.08.12~dafdf98b/apk-aarch64_generic/procd-ujail/prerm-pkg"; ) > /workspaces/openwrt-radxa-rock5b-plus/openwrt/build_dir/target-aarch64_generic_musl/procd-default/procd-2025.08.12~dafdf98b/apk-aarch64_generic/procd-ujail/pre-deinstall;
[ ! -f /workspaces/openwrt-radxa-rock5b-plus/openwrt/build_dir/target-aarch64_generic_musl/procd-default/procd-2025.08.12~dafdf98b/apk-aarch64_generic/procd-ujail/postrm ] || sed -zi 's/^\s*#!/#!/' "/workspaces/openwrt-radxa-rock5b-plus/openwrt/build_dir/target-aarch64_generic_musl/procd-default/procd-2025.08.12~dafdf98b/apk-aarch64_generic/procd-ujail/postrm";
if [ -n "" ]; then echo  > /workspaces/openwrt-radxa-rock5b-plus/openwrt/build_dir/target-aarch64_generic_musl/procd-default/procd-2025.08.12~dafdf98b/ipkg-aarch64_generic/procd-ujail/lib/apk/packages/procd-ujail.rusers; fi;
if [ -n "" ]; then echo  > /workspaces/openwrt-radxa-rock5b-plus/openwrt/build_dir/target-aarch64_generic_musl/procd-default/procd-2025.08.12~dafdf98b/ipkg-aarch64_generic/procd-ujail/lib/apk/packages/procd-ujail.alternatives; fi;
(cd /workspaces/openwrt-radxa-rock5b-plus/openwrt/build_dir/target-aarch64_generic_musl/procd-default/procd-2025.08.12~dafdf98b/ipkg-aarch64_generic/procd-ujail && find . -type f,l -printf "/%P\n" | sort > /workspaces/openwrt-radxa-rock5b-plus/openwrt/tmp/procd-ujail.list && mv /workspaces/openwrt-radxa-rock5b-plus/openwrt/tmp/procd-ujail.list /workspaces/openwrt-radxa-rock5b-plus/openwrt/build_dir/target-aarch64_generic_musl/procd-default/procd-2025.08.12~dafdf98b/ipkg-aarch64_generic/procd-ujail/lib/apk/packages/procd-ujail.list)
# Move conffiles to IDIR and build conffiles_static with csums
if [ -f /workspaces/openwrt-radxa-rock5b-plus/openwrt/build_dir/target-aarch64_generic_musl/procd-default/procd-2025.08.12~dafdf98b/apk-aarch64_generic/procd-ujail/conffiles ]; then mv -f /workspaces/openwrt-radxa-rock5b-plus/openwrt/build_dir/target-aarch64_generic_musl/procd-default/procd-2025.08.12~dafdf98b/apk-aarch64_generic/procd-ujail/conffiles /workspaces/openwrt-radxa-rock5b-plus/openwrt/build_dir/target-aarch64_generic_musl/procd-default/procd-2025.08.12~dafdf98b/ipkg-aarch64_generic/procd-ujail/lib/apk/packages/procd-ujail.conffiles; for file in $(cat /workspaces/openwrt-radxa-rock5b-plus/openwrt/build_dir/target-aarch64_generic_musl/procd-default/procd-2025.08.12~dafdf98b/ipkg-aarch64_generic/procd-ujail/lib/apk/packages/procd-ujail.conffiles); do [ -f /workspaces/openwrt-radxa-rock5b-plus/openwrt/build_dir/target-aarch64_generic_musl/procd-default/procd-2025.08.12~dafdf98b/ipkg-aarch64_generic/procd-ujail/$file ] || continue; csum=$(/workspaces/openwrt-radxa-rock5b-plus/openwrt/staging_dir/host/bin/mkhash sha256 /workspaces/openwrt-radxa-rock5b-plus/openwrt/build_dir/target-aarch64_generic_musl/procd-default/procd-2025.08.12~dafdf98b/ipkg-aarch64_generic/procd-ujail/$file); echo $file $csum >> /workspaces/openwrt-radxa-rock5b-plus/openwrt/build_dir/target-aarch64_generic_musl/procd-default/procd-2025.08.12~dafdf98b/ipkg-aarch64_generic/procd-ujail/lib/apk/packages/procd-ujail.conffiles_static; done; fi
# Some package (base-files) manually append stuff to conffiles
# Append stuff from it and delete the CONTROL directory since everything else should be migrated
if [ -f /workspaces/openwrt-radxa-rock5b-plus/openwrt/build_dir/target-aarch64_generic_musl/procd-default/procd-2025.08.12~dafdf98b/ipkg-aarch64_generic/procd-ujail/CONTROL/conffiles ]; then echo $(IDIR_procd-ujail)/CONTROL/conffiles >> /workspaces/openwrt-radxa-rock5b-plus/openwrt/build_dir/target-aarch64_generic_musl/procd-default/procd-2025.08.12~dafdf98b/ipkg-aarch64_generic/procd-ujail/lib/apk/packages/procd-ujail.conffiles; for file in $(cat /workspaces/openwrt-radxa-rock5b-plus/openwrt/build_dir/target-aarch64_generic_musl/procd-default/procd-2025.08.12~dafdf98b/ipkg-aarch64_generic/procd-ujail/CONTROL/conffiles); do [ -f /workspaces/openwrt-radxa-rock5b-plus/openwrt/build_dir/target-aarch64_generic_musl/procd-default/procd-2025.08.12~dafdf98b/ipkg-aarch64_generic/procd-ujail/$file ] || continue; csum=$(/workspaces/openwrt-radxa-rock5b-plus/openwrt/staging_dir/host/bin/mkhash sha256 /workspaces/openwrt-radxa-rock5b-plus/openwrt/build_dir/target-aarch64_generic_musl/procd-default/procd-2025.08.12~dafdf98b/ipkg-aarch64_generic/procd-ujail/$file); echo $file $csum >> /workspaces/openwrt-radxa-rock5b-plus/openwrt/build_dir/target-aarch64_generic_musl/procd-default/procd-2025.08.12~dafdf98b/ipkg-aarch64_generic/procd-ujail/lib/apk/packages/procd-ujail.conffiles_static; done; rm -rf /workspaces/openwrt-radxa-rock5b-plus/openwrt/build_dir/target-aarch64_generic_musl/procd-default/procd-2025.08.12~dafdf98b/ipkg-aarch64_generic/procd-ujail/CONTROL/conffiles; fi
if [ -z "$(ls -A /workspaces/openwrt-radxa-rock5b-plus/openwrt/build_dir/target-aarch64_generic_musl/procd-default/procd-2025.08.12~dafdf98b/ipkg-aarch64_generic/procd-ujail/CONTROL 2>/dev/null)" ]; then rm -rf /workspaces/openwrt-radxa-rock5b-plus/openwrt/build_dir/target-aarch64_generic_musl/procd-default/procd-2025.08.12~dafdf98b/ipkg-aarch64_generic/procd-ujail/CONTROL; else echo "CONTROL directory /workspaces/openwrt-radxa-rock5b-plus/openwrt/build_dir/target-aarch64_generic_musl/procd-default/procd-2025.08.12~dafdf98b/ipkg-aarch64_generic/procd-ujail/CONTROL is not empty! This is not right and should be checked!" >&2; exit 1; fi
/workspaces/openwrt-radxa-rock5b-plus/openwrt/staging_dir/host/bin/fakeroot /workspaces/openwrt-radxa-rock5b-plus/openwrt/staging_dir/host/bin/apk mkpkg --info "name:procd-ujail" --info "version:2025.08.12~dafdf98b-r1"  --info "description:OpenWrt process jail helper" --info "arch:aarch64_generic" --info "license:GPL-2.0" --info "origin:feeds/base/system/procd" --info "url:" --info "maintainer:John Crispin <john@phrozen.org>" --info "provides:"  --script "post-install:/workspaces/openwrt-radxa-rock5b-plus/openwrt/build_dir/target-aarch64_generic_musl/procd-default/procd-2025.08.12~dafdf98b/apk-aarch64_generic/procd-ujail/post-install" --script "post-upgrade:/workspaces/openwrt-radxa-rock5b-plus/openwrt/build_dir/target-aarch64_generic_musl/procd-default/procd-2025.08.12~dafdf98b/apk-aarch64_generic/procd-ujail/post-upgrade" --script "pre-deinstall:/workspaces/openwrt-radxa-rock5b-plus/openwrt/build_dir/target-aarch64_generic_musl/procd-default/procd-2025.08.12~dafdf98b/apk-aarch64_generic/procd-ujail/pre-deinstall" --info "depends:libc libubox20250723 libubus20250702 libuci20250120 libblobmsg-json20250723" --files "/workspaces/openwrt-radxa-rock5b-plus/openwrt/build_dir/target-aarch64_generic_musl/procd-default/procd-2025.08.12~dafdf98b/ipkg-aarch64_generic/procd-ujail" --output "/workspaces/openwrt-radxa-rock5b-plus/openwrt/bin/packages/aarch64_generic/base/procd-ujail-2025.08.12~dafdf98b-r1.apk" --sign "/workspaces/openwrt-radxa-rock5b-plus/openwrt/private-key.pem"
rm -rf /workspaces/openwrt-radxa-rock5b-plus/openwrt/build_dir/target-aarch64_generic_musl/procd-default/procd-2025.08.12~dafdf98b/ipkg-aarch64_generic/procd-seccomp
/workspaces/openwrt-radxa-rock5b-plus/openwrt/scripts/ipkg-remove procd-seccomp /workspaces/openwrt-radxa-rock5b-plus/openwrt/bin/packages/aarch64_generic/base/procd-seccomp-2025.08.12~dafdf98b-r1.apk
removed '/workspaces/openwrt-radxa-rock5b-plus/openwrt/bin/packages/aarch64_generic/base/procd-seccomp-2025.08.12~dafdf98b-r1.apk'
mkdir -p /workspaces/openwrt-radxa-rock5b-plus/openwrt/bin/targets/rockchip/armv8/packages /workspaces/openwrt-radxa-rock5b-plus/openwrt/build_dir/target-aarch64_generic_musl/procd-default/procd-2025.08.12~dafdf98b/ipkg-aarch64_generic/procd-seccomp /workspaces/openwrt-radxa-rock5b-plus/openwrt/staging_dir/target-aarch64_generic_musl/pkginfo
install -d -m0755 /workspaces/openwrt-radxa-rock5b-plus/openwrt/build_dir/target-aarch64_generic_musl/procd-default/procd-2025.08.12~dafdf98b/ipkg-aarch64_generic/procd-seccomp/sbin /workspaces/openwrt-radxa-rock5b-plus/openwrt/build_dir/target-aarch64_generic_musl/procd-default/procd-2025.08.12~dafdf98b/ipkg-aarch64_generic/procd-seccomp/lib
install -m0644 /workspaces/openwrt-radxa-rock5b-plus/openwrt/build_dir/target-aarch64_generic_musl/procd-default/procd-2025.08.12~dafdf98b/ipkg-install/usr/lib/libpreload-seccomp.so /workspaces/openwrt-radxa-rock5b-plus/openwrt/build_dir/target-aarch64_generic_musl/procd-default/procd-2025.08.12~dafdf98b/ipkg-aarch64_generic/procd-seccomp/lib
install -m0755 /workspaces/openwrt-radxa-rock5b-plus/openwrt/build_dir/target-aarch64_generic_musl/procd-default/procd-2025.08.12~dafdf98b/ipkg-install/usr/sbin/utrace /workspaces/openwrt-radxa-rock5b-plus/openwrt/build_dir/target-aarch64_generic_musl/procd-default/procd-2025.08.12~dafdf98b/ipkg-aarch64_generic/procd-seccomp/sbin/
ln -sf utrace /workspaces/openwrt-radxa-rock5b-plus/openwrt/build_dir/target-aarch64_generic_musl/procd-default/procd-2025.08.12~dafdf98b/ipkg-aarch64_generic/procd-seccomp/sbin/seccomp-trace
install -m0644 /workspaces/openwrt-radxa-rock5b-plus/openwrt/build_dir/target-aarch64_generic_musl/procd-default/procd-2025.08.12~dafdf98b/ipkg-install/usr/lib/libpreload-trace.so /workspaces/openwrt-radxa-rock5b-plus/openwrt/build_dir/target-aarch64_generic_musl/procd-default/procd-2025.08.12~dafdf98b/ipkg-aarch64_generic/procd-seccomp/lib
find /workspaces/openwrt-radxa-rock5b-plus/openwrt/build_dir/target-aarch64_generic_musl/procd-default/procd-2025.08.12~dafdf98b/ipkg-aarch64_generic/procd-seccomp -name 'CVS' -o -name '.svn' -o -name '.#*' -o -name '*~'| xargs -r rm -rf
export CROSS="aarch64-openwrt-linux-musl-"  NO_RENAME=1 ; NM="aarch64-openwrt-linux-musl-nm" STRIP="/workspaces/openwrt-radxa-rock5b-plus/openwrt/staging_dir/host/bin/sstrip -z" STRIP_KMOD="/workspaces/openwrt-radxa-rock5b-plus/openwrt/scripts/strip-kmod.sh" PATCHELF="/workspaces/openwrt-radxa-rock5b-plus/openwrt/staging_dir/host/bin/patchelf" /workspaces/openwrt-radxa-rock5b-plus/openwrt/scripts/rstrip.sh /workspaces/openwrt-radxa-rock5b-plus/openwrt/build_dir/target-aarch64_generic_musl/procd-default/procd-2025.08.12~dafdf98b/ipkg-aarch64_generic/procd-seccomp
rstrip.sh: /workspaces/openwrt-radxa-rock5b-plus/openwrt/build_dir/target-aarch64_generic_musl/procd-default/procd-2025.08.12~dafdf98b/ipkg-aarch64_generic/procd-seccomp/lib/libpreload-trace.so: shared object
rstrip.sh: /workspaces/openwrt-radxa-rock5b-plus/openwrt/build_dir/target-aarch64_generic_musl/procd-default/procd-2025.08.12~dafdf98b/ipkg-aarch64_generic/procd-seccomp/lib/libpreload-seccomp.so: shared object
rstrip.sh: /workspaces/openwrt-radxa-rock5b-plus/openwrt/build_dir/target-aarch64_generic_musl/procd-default/procd-2025.08.12~dafdf98b/ipkg-aarch64_generic/procd-seccomp/sbin/utrace: executable
install -d -m0755 /workspaces/openwrt-radxa-rock5b-plus/openwrt/bin/packages/aarch64_generic/base/tmp
mkdir -p /workspaces/openwrt-radxa-rock5b-plus/openwrt/build_dir/target-aarch64_generic_musl/procd-default/procd-2025.08.12~dafdf98b/apk-aarch64_generic/procd-seccomp/
mkdir -p /workspaces/openwrt-radxa-rock5b-plus/openwrt/build_dir/target-aarch64_generic_musl/procd-default/procd-2025.08.12~dafdf98b/ipkg-aarch64_generic/procd-seccomp/lib/apk/packages/
(cd /workspaces/openwrt-radxa-rock5b-plus/openwrt/build_dir/target-aarch64_generic_musl/procd-default/procd-2025.08.12~dafdf98b/apk-aarch64_generic/procd-seccomp; )
( echo "#!/bin/sh"; echo "[ \"\${IPKG_NO_SCRIPT}\" = \"1\" ] && exit 0"; echo "[ -s "\${IPKG_INSTROOT}/lib/functions.sh" ] || exit 0"; echo ". \${IPKG_INSTROOT}/lib/functions.sh"; echo 'export root="${IPKG_INSTROOT}"'; echo 'export pkgname="procd-seccomp"'; echo "add_group_and_user"; echo "default_postinst"; [ ! -f /workspaces/openwrt-radxa-rock5b-plus/openwrt/build_dir/target-aarch64_generic_musl/procd-default/procd-2025.08.12~dafdf98b/apk-aarch64_generic/procd-seccomp/postinst-pkg ] || sed -z 's/^\s*#!/#!/' "/workspaces/openwrt-radxa-rock5b-plus/openwrt/build_dir/target-aarch64_generic_musl/procd-default/procd-2025.08.12~dafdf98b/apk-aarch64_generic/procd-seccomp/postinst-pkg"; ) > /workspaces/openwrt-radxa-rock5b-plus/openwrt/build_dir/target-aarch64_generic_musl/procd-default/procd-2025.08.12~dafdf98b/apk-aarch64_generic/procd-seccomp/post-install;
( echo "#!/bin/sh"; echo 'export PKG_UPGRADE=1'; [ ! -f /workspaces/openwrt-radxa-rock5b-plus/openwrt/build_dir/target-aarch64_generic_musl/procd-default/procd-2025.08.12~dafdf98b/apk-aarch64_generic/procd-seccomp/post-install ] || sed -z 's/^\s*#!/#!/' "/workspaces/openwrt-radxa-rock5b-plus/openwrt/build_dir/target-aarch64_generic_musl/procd-default/procd-2025.08.12~dafdf98b/apk-aarch64_generic/procd-seccomp/post-install"; ) > /workspaces/openwrt-radxa-rock5b-plus/openwrt/build_dir/target-aarch64_generic_musl/procd-default/procd-2025.08.12~dafdf98b/apk-aarch64_generic/procd-seccomp/post-upgrade;
( echo "#!/bin/sh"; echo "[ -s "\${IPKG_INSTROOT}/lib/functions.sh" ] || exit 0"; echo ". \${IPKG_INSTROOT}/lib/functions.sh"; echo 'export root="${IPKG_INSTROOT}"'; echo 'export pkgname="procd-seccomp"'; echo "default_prerm"; [ ! -f /workspaces/openwrt-radxa-rock5b-plus/openwrt/build_dir/target-aarch64_generic_musl/procd-default/procd-2025.08.12~dafdf98b/apk-aarch64_generic/procd-seccomp/prerm-pkg ] || sed -z 's/^\s*#!/#!/' "/workspaces/openwrt-radxa-rock5b-plus/openwrt/build_dir/target-aarch64_generic_musl/procd-default/procd-2025.08.12~dafdf98b/apk-aarch64_generic/procd-seccomp/prerm-pkg"; ) > /workspaces/openwrt-radxa-rock5b-plus/openwrt/build_dir/target-aarch64_generic_musl/procd-default/procd-2025.08.12~dafdf98b/apk-aarch64_generic/procd-seccomp/pre-deinstall;
[ ! -f /workspaces/openwrt-radxa-rock5b-plus/openwrt/build_dir/target-aarch64_generic_musl/procd-default/procd-2025.08.12~dafdf98b/apk-aarch64_generic/procd-seccomp/postrm ] || sed -zi 's/^\s*#!/#!/' "/workspaces/openwrt-radxa-rock5b-plus/openwrt/build_dir/target-aarch64_generic_musl/procd-default/procd-2025.08.12~dafdf98b/apk-aarch64_generic/procd-seccomp/postrm";
if [ -n "" ]; then echo  > /workspaces/openwrt-radxa-rock5b-plus/openwrt/build_dir/target-aarch64_generic_musl/procd-default/procd-2025.08.12~dafdf98b/ipkg-aarch64_generic/procd-seccomp/lib/apk/packages/procd-seccomp.rusers; fi;
if [ -n "" ]; then echo  > /workspaces/openwrt-radxa-rock5b-plus/openwrt/build_dir/target-aarch64_generic_musl/procd-default/procd-2025.08.12~dafdf98b/ipkg-aarch64_generic/procd-seccomp/lib/apk/packages/procd-seccomp.alternatives; fi;
(cd /workspaces/openwrt-radxa-rock5b-plus/openwrt/build_dir/target-aarch64_generic_musl/procd-default/procd-2025.08.12~dafdf98b/ipkg-aarch64_generic/procd-seccomp && find . -type f,l -printf "/%P\n" | sort > /workspaces/openwrt-radxa-rock5b-plus/openwrt/tmp/procd-seccomp.list && mv /workspaces/openwrt-radxa-rock5b-plus/openwrt/tmp/procd-seccomp.list /workspaces/openwrt-radxa-rock5b-plus/openwrt/build_dir/target-aarch64_generic_musl/procd-default/procd-2025.08.12~dafdf98b/ipkg-aarch64_generic/procd-seccomp/lib/apk/packages/procd-seccomp.list)
# Move conffiles to IDIR and build conffiles_static with csums
if [ -f /workspaces/openwrt-radxa-rock5b-plus/openwrt/build_dir/target-aarch64_generic_musl/procd-default/procd-2025.08.12~dafdf98b/apk-aarch64_generic/procd-seccomp/conffiles ]; then mv -f /workspaces/openwrt-radxa-rock5b-plus/openwrt/build_dir/target-aarch64_generic_musl/procd-default/procd-2025.08.12~dafdf98b/apk-aarch64_generic/procd-seccomp/conffiles /workspaces/openwrt-radxa-rock5b-plus/openwrt/build_dir/target-aarch64_generic_musl/procd-default/procd-2025.08.12~dafdf98b/ipkg-aarch64_generic/procd-seccomp/lib/apk/packages/procd-seccomp.conffiles; for file in $(cat /workspaces/openwrt-radxa-rock5b-plus/openwrt/build_dir/target-aarch64_generic_musl/procd-default/procd-2025.08.12~dafdf98b/ipkg-aarch64_generic/procd-seccomp/lib/apk/packages/procd-seccomp.conffiles); do [ -f /workspaces/openwrt-radxa-rock5b-plus/openwrt/build_dir/target-aarch64_generic_musl/procd-default/procd-2025.08.12~dafdf98b/ipkg-aarch64_generic/procd-seccomp/$file ] || continue; csum=$(/workspaces/openwrt-radxa-rock5b-plus/openwrt/staging_dir/host/bin/mkhash sha256 /workspaces/openwrt-radxa-rock5b-plus/openwrt/build_dir/target-aarch64_generic_musl/procd-default/procd-2025.08.12~dafdf98b/ipkg-aarch64_generic/procd-seccomp/$file); echo $file $csum >> /workspaces/openwrt-radxa-rock5b-plus/openwrt/build_dir/target-aarch64_generic_musl/procd-default/procd-2025.08.12~dafdf98b/ipkg-aarch64_generic/procd-seccomp/lib/apk/packages/procd-seccomp.conffiles_static; done; fi
# Some package (base-files) manually append stuff to conffiles
# Append stuff from it and delete the CONTROL directory since everything else should be migrated
if [ -f /workspaces/openwrt-radxa-rock5b-plus/openwrt/build_dir/target-aarch64_generic_musl/procd-default/procd-2025.08.12~dafdf98b/ipkg-aarch64_generic/procd-seccomp/CONTROL/conffiles ]; then echo $(IDIR_procd-seccomp)/CONTROL/conffiles >> /workspaces/openwrt-radxa-rock5b-plus/openwrt/build_dir/target-aarch64_generic_musl/procd-default/procd-2025.08.12~dafdf98b/ipkg-aarch64_generic/procd-seccomp/lib/apk/packages/procd-seccomp.conffiles; for file in $(cat /workspaces/openwrt-radxa-rock5b-plus/openwrt/build_dir/target-aarch64_generic_musl/procd-default/procd-2025.08.12~dafdf98b/ipkg-aarch64_generic/procd-seccomp/CONTROL/conffiles); do [ -f /workspaces/openwrt-radxa-rock5b-plus/openwrt/build_dir/target-aarch64_generic_musl/procd-default/procd-2025.08.12~dafdf98b/ipkg-aarch64_generic/procd-seccomp/$file ] || continue; csum=$(/workspaces/openwrt-radxa-rock5b-plus/openwrt/staging_dir/host/bin/mkhash sha256 /workspaces/openwrt-radxa-rock5b-plus/openwrt/build_dir/target-aarch64_generic_musl/procd-default/procd-2025.08.12~dafdf98b/ipkg-aarch64_generic/procd-seccomp/$file); echo $file $csum >> /workspaces/openwrt-radxa-rock5b-plus/openwrt/build_dir/target-aarch64_generic_musl/procd-default/procd-2025.08.12~dafdf98b/ipkg-aarch64_generic/procd-seccomp/lib/apk/packages/procd-seccomp.conffiles_static; done; rm -rf /workspaces/openwrt-radxa-rock5b-plus/openwrt/build_dir/target-aarch64_generic_musl/procd-default/procd-2025.08.12~dafdf98b/ipkg-aarch64_generic/procd-seccomp/CONTROL/conffiles; fi
if [ -z "$(ls -A /workspaces/openwrt-radxa-rock5b-plus/openwrt/build_dir/target-aarch64_generic_musl/procd-default/procd-2025.08.12~dafdf98b/ipkg-aarch64_generic/procd-seccomp/CONTROL 2>/dev/null)" ]; then rm -rf /workspaces/openwrt-radxa-rock5b-plus/openwrt/build_dir/target-aarch64_generic_musl/procd-default/procd-2025.08.12~dafdf98b/ipkg-aarch64_generic/procd-seccomp/CONTROL; else echo "CONTROL directory /workspaces/openwrt-radxa-rock5b-plus/openwrt/build_dir/target-aarch64_generic_musl/procd-default/procd-2025.08.12~dafdf98b/ipkg-aarch64_generic/procd-seccomp/CONTROL is not empty! This is not right and should be checked!" >&2; exit 1; fi
/workspaces/openwrt-radxa-rock5b-plus/openwrt/staging_dir/host/bin/fakeroot /workspaces/openwrt-radxa-rock5b-plus/openwrt/staging_dir/host/bin/apk mkpkg --info "name:procd-seccomp" --info "version:2025.08.12~dafdf98b-r1"  --info "description:OpenWrt process seccomp helper + utrace" --info "arch:aarch64_generic" --info "license:GPL-2.0" --info "origin:feeds/base/system/procd" --info "url:" --info "maintainer:John Crispin <john@phrozen.org>" --info "provides:"  --script "post-install:/workspaces/openwrt-radxa-rock5b-plus/openwrt/build_dir/target-aarch64_generic_musl/procd-default/procd-2025.08.12~dafdf98b/apk-aarch64_generic/procd-seccomp/post-install" --script "post-upgrade:/workspaces/openwrt-radxa-rock5b-plus/openwrt/build_dir/target-aarch64_generic_musl/procd-default/procd-2025.08.12~dafdf98b/apk-aarch64_generic/procd-seccomp/post-upgrade" --script "pre-deinstall:/workspaces/openwrt-radxa-rock5b-plus/openwrt/build_dir/target-aarch64_generic_musl/procd-default/procd-2025.08.12~dafdf98b/apk-aarch64_generic/procd-seccomp/pre-deinstall" --info "depends:libc libubox20250723 libblobmsg-json20250723" --files "/workspaces/openwrt-radxa-rock5b-plus/openwrt/build_dir/target-aarch64_generic_musl/procd-default/procd-2025.08.12~dafdf98b/ipkg-aarch64_generic/procd-seccomp" --output "/workspaces/openwrt-radxa-rock5b-plus/openwrt/bin/packages/aarch64_generic/base/procd-seccomp-2025.08.12~dafdf98b-r1.apk" --sign "/workspaces/openwrt-radxa-rock5b-plus/openwrt/private-key.pem"
echo "procd" >> /workspaces/openwrt-radxa-rock5b-plus/openwrt/staging_dir/target-aarch64_generic_musl/pkginfo/procd.default.install
rm -rf /workspaces/openwrt-radxa-rock5b-plus/openwrt/tmp/stage-procd
mkdir -p /workspaces/openwrt-radxa-rock5b-plus/openwrt/tmp/stage-procd/host /workspaces/openwrt-radxa-rock5b-plus/openwrt/staging_dir/target-aarch64_generic_musl/packages
install -d -m0755 /workspaces/openwrt-radxa-rock5b-plus/openwrt/tmp/stage-procd
cp -fpR /workspaces/openwrt-radxa-rock5b-plus/openwrt/build_dir/target-aarch64_generic_musl/procd-default/procd-2025.08.12~dafdf98b/ipkg-install/* /workspaces/openwrt-radxa-rock5b-plus/openwrt/tmp/stage-procd/
find /workspaces/openwrt-radxa-rock5b-plus/openwrt/tmp/stage-procd -name '*.la' | xargs -r rm -f; 
if [ -f /workspaces/openwrt-radxa-rock5b-plus/openwrt/staging_dir/target-aarch64_generic_musl/packages/procd.default.list ]; then /workspaces/openwrt-radxa-rock5b-plus/openwrt/scripts/clean-package.sh "/workspaces/openwrt-radxa-rock5b-plus/openwrt/staging_dir/target-aarch64_generic_musl/packages/procd.default.list" "/workspaces/openwrt-radxa-rock5b-plus/openwrt/staging_dir/target-aarch64_generic_musl"; fi
if [ -d /workspaces/openwrt-radxa-rock5b-plus/openwrt/tmp/stage-procd ]; then (cd /workspaces/openwrt-radxa-rock5b-plus/openwrt/tmp/stage-procd; find ./ > /workspaces/openwrt-radxa-rock5b-plus/openwrt/tmp/stage-procd.files); 	SHELL= flock /workspaces/openwrt-radxa-rock5b-plus/openwrt/tmp/.staging-dir.flock -c ' mv /workspaces/openwrt-radxa-rock5b-plus/openwrt/tmp/stage-procd.files /workspaces/openwrt-radxa-rock5b-plus/openwrt/staging_dir/target-aarch64_generic_musl/packages/procd.default.list && cp -fpR /workspaces/openwrt-radxa-rock5b-plus/openwrt/tmp/stage-procd/* /workspaces/openwrt-radxa-rock5b-plus/openwrt/staging_dir/target-aarch64_generic_musl/; '; fi
rm -rf /workspaces/openwrt-radxa-rock5b-plus/openwrt/tmp/stage-procd
touch /workspaces/openwrt-radxa-rock5b-plus/openwrt/staging_dir/target-aarch64_generic_musl/stamp/.procd.default_installed
rm -rf /workspaces/openwrt-radxa-rock5b-plus/openwrt/build_dir/target-aarch64_generic_musl/procd-default/procd-2025.08.12~dafdf98b/.pkgdir/procd-ujail.installed /workspaces/openwrt-radxa-rock5b-plus/openwrt/build_dir/target-aarch64_generic_musl/procd-default/procd-2025.08.12~dafdf98b/.pkgdir/procd-ujail
mkdir -p /workspaces/openwrt-radxa-rock5b-plus/openwrt/build_dir/target-aarch64_generic_musl/procd-default/procd-2025.08.12~dafdf98b/.pkgdir/procd-ujail
install -d -m0755 /workspaces/openwrt-radxa-rock5b-plus/openwrt/build_dir/target-aarch64_generic_musl/procd-default/procd-2025.08.12~dafdf98b/.pkgdir/procd-ujail/sbin
install -m0755 /workspaces/openwrt-radxa-rock5b-plus/openwrt/build_dir/target-aarch64_generic_musl/procd-default/procd-2025.08.12~dafdf98b/ipkg-install/usr/sbin/ujail /workspaces/openwrt-radxa-rock5b-plus/openwrt/build_dir/target-aarch64_generic_musl/procd-default/procd-2025.08.12~dafdf98b/.pkgdir/procd-ujail/sbin/
touch /workspaces/openwrt-radxa-rock5b-plus/openwrt/build_dir/target-aarch64_generic_musl/procd-default/procd-2025.08.12~dafdf98b/.pkgdir/procd-ujail.installed
rm -rf /workspaces/openwrt-radxa-rock5b-plus/openwrt/build_dir/target-aarch64_generic_musl/procd-default/procd-2025.08.12~dafdf98b/.pkgdir/procd-seccomp.installed /workspaces/openwrt-radxa-rock5b-plus/openwrt/build_dir/target-aarch64_generic_musl/procd-default/procd-2025.08.12~dafdf98b/.pkgdir/procd-seccomp
mkdir -p /workspaces/openwrt-radxa-rock5b-plus/openwrt/build_dir/target-aarch64_generic_musl/procd-default/procd-2025.08.12~dafdf98b/.pkgdir/procd-seccomp
install -d -m0755 /workspaces/openwrt-radxa-rock5b-plus/openwrt/build_dir/target-aarch64_generic_musl/procd-default/procd-2025.08.12~dafdf98b/.pkgdir/procd-seccomp/sbin /workspaces/openwrt-radxa-rock5b-plus/openwrt/build_dir/target-aarch64_generic_musl/procd-default/procd-2025.08.12~dafdf98b/.pkgdir/procd-seccomp/lib
install -m0644 /workspaces/openwrt-radxa-rock5b-plus/openwrt/build_dir/target-aarch64_generic_musl/procd-default/procd-2025.08.12~dafdf98b/ipkg-install/usr/lib/libpreload-seccomp.so /workspaces/openwrt-radxa-rock5b-plus/openwrt/build_dir/target-aarch64_generic_musl/procd-default/procd-2025.08.12~dafdf98b/.pkgdir/procd-seccomp/lib
install -m0755 /workspaces/openwrt-radxa-rock5b-plus/openwrt/build_dir/target-aarch64_generic_musl/procd-default/procd-2025.08.12~dafdf98b/ipkg-install/usr/sbin/utrace /workspaces/openwrt-radxa-rock5b-plus/openwrt/build_dir/target-aarch64_generic_musl/procd-default/procd-2025.08.12~dafdf98b/.pkgdir/procd-seccomp/sbin/
ln -sf utrace /workspaces/openwrt-radxa-rock5b-plus/openwrt/build_dir/target-aarch64_generic_musl/procd-default/procd-2025.08.12~dafdf98b/.pkgdir/procd-seccomp/sbin/seccomp-trace
install -m0644 /workspaces/openwrt-radxa-rock5b-plus/openwrt/build_dir/target-aarch64_generic_musl/procd-default/procd-2025.08.12~dafdf98b/ipkg-install/usr/lib/libpreload-trace.so /workspaces/openwrt-radxa-rock5b-plus/openwrt/build_dir/target-aarch64_generic_musl/procd-default/procd-2025.08.12~dafdf98b/.pkgdir/procd-seccomp/lib
touch /workspaces/openwrt-radxa-rock5b-plus/openwrt/build_dir/target-aarch64_generic_musl/procd-default/procd-2025.08.12~dafdf98b/.pkgdir/procd-seccomp.installed
mkdir -p /workspaces/openwrt-radxa-rock5b-plus/openwrt/staging_dir/target-aarch64_generic_musl/root-rockchip/stamp
SHELL= flock /workspaces/openwrt-radxa-rock5b-plus/openwrt/tmp/.root-copy.flock -c 'cp -fpR /workspaces/openwrt-radxa-rock5b-plus/openwrt/build_dir/target-aarch64_generic_musl/procd-default/procd-2025.08.12~dafdf98b/.pkgdir/procd-ujail/. /workspaces/openwrt-radxa-rock5b-plus/openwrt/staging_dir/target-aarch64_generic_musl/root-rockchip/'
touch /workspaces/openwrt-radxa-rock5b-plus/openwrt/staging_dir/target-aarch64_generic_musl/root-rockchip/stamp/.procd-ujail_installed
echo "procd-ujail" >> /workspaces/openwrt-radxa-rock5b-plus/openwrt/staging_dir/target-aarch64_generic_musl/pkginfo/procd.default.install
mkdir -p /workspaces/openwrt-radxa-rock5b-plus/openwrt/staging_dir/target-aarch64_generic_musl/root-rockchip/stamp
SHELL= flock /workspaces/openwrt-radxa-rock5b-plus/openwrt/tmp/.root-copy.flock -c 'cp -fpR /workspaces/openwrt-radxa-rock5b-plus/openwrt/build_dir/target-aarch64_generic_musl/procd-default/procd-2025.08.12~dafdf98b/.pkgdir/procd-seccomp/. /workspaces/openwrt-radxa-rock5b-plus/openwrt/staging_dir/target-aarch64_generic_musl/root-rockchip/'
touch /workspaces/openwrt-radxa-rock5b-plus/openwrt/staging_dir/target-aarch64_generic_musl/root-rockchip/stamp/.procd-seccomp_installed
echo "procd-seccomp" >> /workspaces/openwrt-radxa-rock5b-plus/openwrt/staging_dir/target-aarch64_generic_musl/pkginfo/procd.default.install
make[3]: Leaving directory '/workspaces/openwrt-radxa-rock5b-plus/openwrt/package/system/procd'
time: package/system/procd/default/compile#0.50#0.59#2.20
make[3]: Entering directory '/workspaces/openwrt-radxa-rock5b-plus/openwrt/package/boot/uboot-tools'
  MODPOST /workspaces/openwrt-radxa-rock5b-plus/openwrt/build_dir/target-aarch64_generic_musl/linux-rockchip_armv8/mac80211-regular/backports-6.16/Module.symvers
make[4]: Leaving directory '/workspaces/openwrt-radxa-rock5b-plus/openwrt/build_dir/target-aarch64_generic_musl/linux-rockchip_armv8/mac80211-regular/backports-6.16'
for subdir in .; do realdir=$(readlink -f /workspaces/openwrt-radxa-rock5b-plus/openwrt/build_dir/target-aarch64_generic_musl/linux-rockchip_armv8/mac80211-regular/backports-6.16); grep -F /workspaces/openwrt-radxa-rock5b-plus/openwrt/build_dir/target-aarch64_generic_musl/linux-rockchip_armv8/mac80211-regular/backports-6.16 /workspaces/openwrt-radxa-rock5b-plus/openwrt/build_dir/target-aarch64_generic_musl/linux-rockchip_armv8/mac80211-regular/backports-6.16/$subdir/Module.symvers >> /workspaces/openwrt-radxa-rock5b-plus/openwrt/build_dir/target-aarch64_generic_musl/linux-rockchip_armv8/mac80211-regular/backports-6.16/Module.symvers.tmp; [ "/workspaces/openwrt-radxa-rock5b-plus/openwrt/build_dir/target-aarch64_generic_musl/linux-rockchip_armv8/mac80211-regular/backports-6.16" = "$realdir" ] || grep -F $realdir /workspaces/openwrt-radxa-rock5b-plus/openwrt/build_dir/target-aarch64_generic_musl/linux-rockchip_armv8/mac80211-regular/backports-6.16/$subdir/Module.symvers >> /workspaces/openwrt-radxa-rock5b-plus/openwrt/build_dir/target-aarch64_generic_musl/linux-rockchip_armv8/mac80211-regular/backports-6.16/Module.symvers.tmp; done; sort -u /workspaces/openwrt-radxa-rock5b-plus/openwrt/build_dir/target-aarch64_generic_musl/linux-rockchip_armv8/mac80211-regular/backports-6.16/Module.symvers.tmp > /workspaces/openwrt-radxa-rock5b-plus/openwrt/build_dir/target-aarch64_generic_musl/linux-rockchip_armv8/mac80211-regular/backports-6.16/Module.symvers; mkdir -p /workspaces/openwrt-radxa-rock5b-plus/openwrt/build_dir/target-aarch64_generic_musl/linux-rockchip_armv8/symvers; mv /workspaces/openwrt-radxa-rock5b-plus/openwrt/build_dir/target-aarch64_generic_musl/linux-rockchip_armv8/mac80211-regular/backports-6.16/Module.symvers /workspaces/openwrt-radxa-rock5b-plus/openwrt/build_dir/target-aarch64_generic_musl/linux-rockchip_armv8/symvers/mac80211.symvers
touch /workspaces/openwrt-radxa-rock5b-plus/openwrt/build_dir/target-aarch64_generic_musl/linux-rockchip_armv8/mac80211-regular/backports-6.16/.built
rm -rf /workspaces/openwrt-radxa-rock5b-plus/openwrt/tmp/stage-mac80211
mkdir -p /workspaces/openwrt-radxa-rock5b-plus/openwrt/tmp/stage-mac80211/host /workspaces/openwrt-radxa-rock5b-plus/openwrt/staging_dir/target-aarch64_generic_musl/packages
mkdir -p /workspaces/openwrt-radxa-rock5b-plus/openwrt/tmp/stage-mac80211/usr/include/mac80211 /workspaces/openwrt-radxa-rock5b-plus/openwrt/tmp/stage-mac80211/usr/include/mac80211-backport /workspaces/openwrt-radxa-rock5b-plus/openwrt/tmp/stage-mac80211/usr/include/mac80211/ath /workspaces/openwrt-radxa-rock5b-plus/openwrt/tmp/stage-mac80211/usr/include/net/mac80211
cp -fpR /workspaces/openwrt-radxa-rock5b-plus/openwrt/build_dir/target-aarch64_generic_musl/linux-rockchip_armv8/mac80211-regular/backports-6.16/net/mac80211/*.h /workspaces/openwrt-radxa-rock5b-plus/openwrt/build_dir/target-aarch64_generic_musl/linux-rockchip_armv8/mac80211-regular/backports-6.16/include/* /workspaces/openwrt-radxa-rock5b-plus/openwrt/tmp/stage-mac80211/usr/include/mac80211/
cp -fpR /workspaces/openwrt-radxa-rock5b-plus/openwrt/build_dir/target-aarch64_generic_musl/linux-rockchip_armv8/mac80211-regular/backports-6.16/backport-include/* /workspaces/openwrt-radxa-rock5b-plus/openwrt/tmp/stage-mac80211/usr/include/mac80211-backport/
cp -fpR /workspaces/openwrt-radxa-rock5b-plus/openwrt/build_dir/target-aarch64_generic_musl/linux-rockchip_armv8/mac80211-regular/backports-6.16/net/mac80211/rate.h /workspaces/openwrt-radxa-rock5b-plus/openwrt/tmp/stage-mac80211/usr/include/net/mac80211/
cp -fpR /workspaces/openwrt-radxa-rock5b-plus/openwrt/build_dir/target-aarch64_generic_musl/linux-rockchip_armv8/mac80211-regular/backports-6.16/drivers/net/wireless/ath/*.h /workspaces/openwrt-radxa-rock5b-plus/openwrt/tmp/stage-mac80211/usr/include/mac80211/ath/
rm -f /workspaces/openwrt-radxa-rock5b-plus/openwrt/tmp/stage-mac80211/usr/include/mac80211-backport/linux/module.h
find /workspaces/openwrt-radxa-rock5b-plus/openwrt/tmp/stage-mac80211 -name '*.la' | xargs -r rm -f; 
if [ -f /workspaces/openwrt-radxa-rock5b-plus/openwrt/staging_dir/target-aarch64_generic_musl/packages/mac80211.regular.list ]; then /workspaces/openwrt-radxa-rock5b-plus/openwrt/scripts/clean-package.sh "/workspaces/openwrt-radxa-rock5b-plus/openwrt/staging_dir/target-aarch64_generic_musl/packages/mac80211.regular.list" "/workspaces/openwrt-radxa-rock5b-plus/openwrt/staging_dir/target-aarch64_generic_musl"; fi
mkdir -p /workspaces/openwrt-radxa-rock5b-plus/openwrt/staging_dir/target-aarch64_generic_musl/root-rockchip/stamp
SHELL= flock /workspaces/openwrt-radxa-rock5b-plus/openwrt/tmp/.root-copy.flock -c 'cp -fpR /workspaces/openwrt-radxa-rock5b-plus/openwrt/build_dir/target-aarch64_generic_musl/u-boot-2025.07/.pkgdir/uboot-envtools/. /workspaces/openwrt-radxa-rock5b-plus/openwrt/staging_dir/target-aarch64_generic_musl/root-rockchip/'
touch /workspaces/openwrt-radxa-rock5b-plus/openwrt/staging_dir/target-aarch64_generic_musl/root-rockchip/stamp/.uboot-envtools_installed
echo "uboot-envtools" >> /workspaces/openwrt-radxa-rock5b-plus/openwrt/staging_dir/target-aarch64_generic_musl/pkginfo/uboot-tools.default.install
make[3]: Leaving directory '/workspaces/openwrt-radxa-rock5b-plus/openwrt/package/boot/uboot-tools'
time: package/boot/uboot-tools/compile#0.52#0.43#3.35
make[3]: Entering directory '/workspaces/openwrt-radxa-rock5b-plus/openwrt/feeds/luci/applications/luci-app-package-manager'
if [ -d /workspaces/openwrt-radxa-rock5b-plus/openwrt/tmp/stage-mac80211 ]; then (cd /workspaces/openwrt-radxa-rock5b-plus/openwrt/tmp/stage-mac80211; find ./ > /workspaces/openwrt-radxa-rock5b-plus/openwrt/tmp/stage-mac80211.files); 	SHELL= flock /workspaces/openwrt-radxa-rock5b-plus/openwrt/tmp/.staging-dir.flock -c ' mv /workspaces/openwrt-radxa-rock5b-plus/openwrt/tmp/stage-mac80211.files /workspaces/openwrt-radxa-rock5b-plus/openwrt/staging_dir/target-aarch64_generic_musl/packages/mac80211.regular.list && cp -fpR /workspaces/openwrt-radxa-rock5b-plus/openwrt/tmp/stage-mac80211/* /workspaces/openwrt-radxa-rock5b-plus/openwrt/staging_dir/target-aarch64_generic_musl/; '; fi
rm -rf /workspaces/openwrt-radxa-rock5b-plus/openwrt/tmp/stage-mac80211
touch /workspaces/openwrt-radxa-rock5b-plus/openwrt/staging_dir/target-aarch64_generic_musl/stamp/.mac80211.regular_installed
rm -rf /workspaces/openwrt-radxa-rock5b-plus/openwrt/build_dir/target-aarch64_generic_musl/linux-rockchip_armv8/mac80211-regular/backports-6.16/ipkg-aarch64_generic/kmod-cfg80211
/workspaces/openwrt-radxa-rock5b-plus/openwrt/scripts/ipkg-remove kmod-cfg80211 /workspaces/openwrt-radxa-rock5b-plus/openwrt/bin/targets/rockchip/armv8/packages/kmod-cfg80211-6.12.45.6.16-r1.apk
removed '/workspaces/openwrt-radxa-rock5b-plus/openwrt/bin/targets/rockchip/armv8/packages/kmod-cfg80211-6.12.45.6.16-r1.apk'
mkdir -p /workspaces/openwrt-radxa-rock5b-plus/openwrt/bin/targets/rockchip/armv8/packages /workspaces/openwrt-radxa-rock5b-plus/openwrt/build_dir/target-aarch64_generic_musl/linux-rockchip_armv8/mac80211-regular/backports-6.16/ipkg-aarch64_generic/kmod-cfg80211 /workspaces/openwrt-radxa-rock5b-plus/openwrt/staging_dir/target-aarch64_generic_musl/pkginfo
find /workspaces/openwrt-radxa-rock5b-plus/openwrt/build_dir/target-aarch64_generic_musl/linux-rockchip_armv8/mac80211-regular/backports-6.16/ipkg-aarch64_generic/kmod-cfg80211 -name 'CVS' -o -name '.svn' -o -name '.#*' -o -name '*~'| xargs -r rm -rf
export CROSS="aarch64-openwrt-linux-musl-"  NO_RENAME=1 ; NM="aarch64-openwrt-linux-musl-nm" STRIP="/workspaces/openwrt-radxa-rock5b-plus/openwrt/staging_dir/host/bin/sstrip -z" STRIP_KMOD="/workspaces/openwrt-radxa-rock5b-plus/openwrt/scripts/strip-kmod.sh" PATCHELF="/workspaces/openwrt-radxa-rock5b-plus/openwrt/staging_dir/host/bin/patchelf" /workspaces/openwrt-radxa-rock5b-plus/openwrt/scripts/rstrip.sh /workspaces/openwrt-radxa-rock5b-plus/openwrt/build_dir/target-aarch64_generic_musl/linux-rockchip_armv8/mac80211-regular/backports-6.16/ipkg-aarch64_generic/kmod-cfg80211
rstrip.sh: /workspaces/openwrt-radxa-rock5b-plus/openwrt/build_dir/target-aarch64_generic_musl/linux-rockchip_armv8/mac80211-regular/backports-6.16/ipkg-aarch64_generic/kmod-cfg80211/lib/modules/6.12.45/compat.ko: relocatable
rstrip.sh: /workspaces/openwrt-radxa-rock5b-plus/openwrt/build_dir/target-aarch64_generic_musl/linux-rockchip_armv8/mac80211-regular/backports-6.16/ipkg-aarch64_generic/kmod-cfg80211/lib/modules/6.12.45/cfg80211.ko: relocatable
install -d -m0755 /workspaces/openwrt-radxa-rock5b-plus/openwrt/bin/targets/rockchip/armv8/packages/tmp
mkdir -p /workspaces/openwrt-radxa-rock5b-plus/openwrt/build_dir/target-aarch64_generic_musl/linux-rockchip_armv8/mac80211-regular/backports-6.16/apk-aarch64_generic/kmod-cfg80211/
mkdir -p /workspaces/openwrt-radxa-rock5b-plus/openwrt/build_dir/target-aarch64_generic_musl/linux-rockchip_armv8/mac80211-regular/backports-6.16/ipkg-aarch64_generic/kmod-cfg80211/lib/apk/packages/
(cd /workspaces/openwrt-radxa-rock5b-plus/openwrt/build_dir/target-aarch64_generic_musl/linux-rockchip_armv8/mac80211-regular/backports-6.16/apk-aarch64_generic/kmod-cfg80211; )
( echo "#!/bin/sh"; echo "[ \"\${IPKG_NO_SCRIPT}\" = \"1\" ] && exit 0"; echo "[ -s "\${IPKG_INSTROOT}/lib/functions.sh" ] || exit 0"; echo ". \${IPKG_INSTROOT}/lib/functions.sh"; echo 'export root="${IPKG_INSTROOT}"'; echo 'export pkgname="kmod-cfg80211"'; echo "add_group_and_user"; echo "default_postinst"; [ ! -f /workspaces/openwrt-radxa-rock5b-plus/openwrt/build_dir/target-aarch64_generic_musl/linux-rockchip_armv8/mac80211-regular/backports-6.16/apk-aarch64_generic/kmod-cfg80211/postinst-pkg ] || sed -z 's/^\s*#!/#!/' "/workspaces/openwrt-radxa-rock5b-plus/openwrt/build_dir/target-aarch64_generic_musl/linux-rockchip_armv8/mac80211-regular/backports-6.16/apk-aarch64_generic/kmod-cfg80211/postinst-pkg"; ) > /workspaces/openwrt-radxa-rock5b-plus/openwrt/build_dir/target-aarch64_generic_musl/linux-rockchip_armv8/mac80211-regular/backports-6.16/apk-aarch64_generic/kmod-cfg80211/post-install;
( echo "#!/bin/sh"; echo 'export PKG_UPGRADE=1'; [ ! -f /workspaces/openwrt-radxa-rock5b-plus/openwrt/build_dir/target-aarch64_generic_musl/linux-rockchip_armv8/mac80211-regular/backports-6.16/apk-aarch64_generic/kmod-cfg80211/post-install ] || sed -z 's/^\s*#!/#!/' "/workspaces/openwrt-radxa-rock5b-plus/openwrt/build_dir/target-aarch64_generic_musl/linux-rockchip_armv8/mac80211-regular/backports-6.16/apk-aarch64_generic/kmod-cfg80211/post-install"; ) > /workspaces/openwrt-radxa-rock5b-plus/openwrt/build_dir/target-aarch64_generic_musl/linux-rockchip_armv8/mac80211-regular/backports-6.16/apk-aarch64_generic/kmod-cfg80211/post-upgrade;
( echo "#!/bin/sh"; echo "[ -s "\${IPKG_INSTROOT}/lib/functions.sh" ] || exit 0"; echo ". \${IPKG_INSTROOT}/lib/functions.sh"; echo 'export root="${IPKG_INSTROOT}"'; echo 'export pkgname="kmod-cfg80211"'; echo "default_prerm"; [ ! -f /workspaces/openwrt-radxa-rock5b-plus/openwrt/build_dir/target-aarch64_generic_musl/linux-rockchip_armv8/mac80211-regular/backports-6.16/apk-aarch64_generic/kmod-cfg80211/prerm-pkg ] || sed -z 's/^\s*#!/#!/' "/workspaces/openwrt-radxa-rock5b-plus/openwrt/build_dir/target-aarch64_generic_musl/linux-rockchip_armv8/mac80211-regular/backports-6.16/apk-aarch64_generic/kmod-cfg80211/prerm-pkg"; ) > /workspaces/openwrt-radxa-rock5b-plus/openwrt/build_dir/target-aarch64_generic_musl/linux-rockchip_armv8/mac80211-regular/backports-6.16/apk-aarch64_generic/kmod-cfg80211/pre-deinstall;
[ ! -f /workspaces/openwrt-radxa-rock5b-plus/openwrt/build_dir/target-aarch64_generic_musl/linux-rockchip_armv8/mac80211-regular/backports-6.16/apk-aarch64_generic/kmod-cfg80211/postrm ] || sed -zi 's/^\s*#!/#!/' "/workspaces/openwrt-radxa-rock5b-plus/openwrt/build_dir/target-aarch64_generic_musl/linux-rockchip_armv8/mac80211-regular/backports-6.16/apk-aarch64_generic/kmod-cfg80211/postrm";
if [ -n "" ]; then echo  > /workspaces/openwrt-radxa-rock5b-plus/openwrt/build_dir/target-aarch64_generic_musl/linux-rockchip_armv8/mac80211-regular/backports-6.16/ipkg-aarch64_generic/kmod-cfg80211/lib/apk/packages/kmod-cfg80211.rusers; fi;
if [ -n "" ]; then echo  > /workspaces/openwrt-radxa-rock5b-plus/openwrt/build_dir/target-aarch64_generic_musl/linux-rockchip_armv8/mac80211-regular/backports-6.16/ipkg-aarch64_generic/kmod-cfg80211/lib/apk/packages/kmod-cfg80211.alternatives; fi;
(cd /workspaces/openwrt-radxa-rock5b-plus/openwrt/build_dir/target-aarch64_generic_musl/linux-rockchip_armv8/mac80211-regular/backports-6.16/ipkg-aarch64_generic/kmod-cfg80211 && find . -type f,l -printf "/%P\n" | sort > /workspaces/openwrt-radxa-rock5b-plus/openwrt/tmp/kmod-cfg80211.list && mv /workspaces/openwrt-radxa-rock5b-plus/openwrt/tmp/kmod-cfg80211.list /workspaces/openwrt-radxa-rock5b-plus/openwrt/build_dir/target-aarch64_generic_musl/linux-rockchip_armv8/mac80211-regular/backports-6.16/ipkg-aarch64_generic/kmod-cfg80211/lib/apk/packages/kmod-cfg80211.list)
# Move conffiles to IDIR and build conffiles_static with csums
if [ -f /workspaces/openwrt-radxa-rock5b-plus/openwrt/build_dir/target-aarch64_generic_musl/linux-rockchip_armv8/mac80211-regular/backports-6.16/apk-aarch64_generic/kmod-cfg80211/conffiles ]; then mv -f /workspaces/openwrt-radxa-rock5b-plus/openwrt/build_dir/target-aarch64_generic_musl/linux-rockchip_armv8/mac80211-regular/backports-6.16/apk-aarch64_generic/kmod-cfg80211/conffiles /workspaces/openwrt-radxa-rock5b-plus/openwrt/build_dir/target-aarch64_generic_musl/linux-rockchip_armv8/mac80211-regular/backports-6.16/ipkg-aarch64_generic/kmod-cfg80211/lib/apk/packages/kmod-cfg80211.conffiles; for file in $(cat /workspaces/openwrt-radxa-rock5b-plus/openwrt/build_dir/target-aarch64_generic_musl/linux-rockchip_armv8/mac80211-regular/backports-6.16/ipkg-aarch64_generic/kmod-cfg80211/lib/apk/packages/kmod-cfg80211.conffiles); do [ -f /workspaces/openwrt-radxa-rock5b-plus/openwrt/build_dir/target-aarch64_generic_musl/linux-rockchip_armv8/mac80211-regular/backports-6.16/ipkg-aarch64_generic/kmod-cfg80211/$file ] || continue; csum=$(/workspaces/openwrt-radxa-rock5b-plus/openwrt/staging_dir/host/bin/mkhash sha256 /workspaces/openwrt-radxa-rock5b-plus/openwrt/build_dir/target-aarch64_generic_musl/linux-rockchip_armv8/mac80211-regular/backports-6.16/ipkg-aarch64_generic/kmod-cfg80211/$file); echo $file $csum >> /workspaces/openwrt-radxa-rock5b-plus/openwrt/build_dir/target-aarch64_generic_musl/linux-rockchip_armv8/mac80211-regular/backports-6.16/ipkg-aarch64_generic/kmod-cfg80211/lib/apk/packages/kmod-cfg80211.conffiles_static; done; fi
# Some package (base-files) manually append stuff to conffiles
# Append stuff from it and delete the CONTROL directory since everything else should be migrated
if [ -f /workspaces/openwrt-radxa-rock5b-plus/openwrt/build_dir/target-aarch64_generic_musl/linux-rockchip_armv8/mac80211-regular/backports-6.16/ipkg-aarch64_generic/kmod-cfg80211/CONTROL/conffiles ]; then echo $(IDIR_kmod-cfg80211)/CONTROL/conffiles >> /workspaces/openwrt-radxa-rock5b-plus/openwrt/build_dir/target-aarch64_generic_musl/linux-rockchip_armv8/mac80211-regular/backports-6.16/ipkg-aarch64_generic/kmod-cfg80211/lib/apk/packages/kmod-cfg80211.conffiles; for file in $(cat /workspaces/openwrt-radxa-rock5b-plus/openwrt/build_dir/target-aarch64_generic_musl/linux-rockchip_armv8/mac80211-regular/backports-6.16/ipkg-aarch64_generic/kmod-cfg80211/CONTROL/conffiles); do [ -f /workspaces/openwrt-radxa-rock5b-plus/openwrt/build_dir/target-aarch64_generic_musl/linux-rockchip_armv8/mac80211-regular/backports-6.16/ipkg-aarch64_generic/kmod-cfg80211/$file ] || continue; csum=$(/workspaces/openwrt-radxa-rock5b-plus/openwrt/staging_dir/host/bin/mkhash sha256 /workspaces/openwrt-radxa-rock5b-plus/openwrt/build_dir/target-aarch64_generic_musl/linux-rockchip_armv8/mac80211-regular/backports-6.16/ipkg-aarch64_generic/kmod-cfg80211/$file); echo $file $csum >> /workspaces/openwrt-radxa-rock5b-plus/openwrt/build_dir/target-aarch64_generic_musl/linux-rockchip_armv8/mac80211-regular/backports-6.16/ipkg-aarch64_generic/kmod-cfg80211/lib/apk/packages/kmod-cfg80211.conffiles_static; done; rm -rf /workspaces/openwrt-radxa-rock5b-plus/openwrt/build_dir/target-aarch64_generic_musl/linux-rockchip_armv8/mac80211-regular/backports-6.16/ipkg-aarch64_generic/kmod-cfg80211/CONTROL/conffiles; fi
if [ -z "$(ls -A /workspaces/openwrt-radxa-rock5b-plus/openwrt/build_dir/target-aarch64_generic_musl/linux-rockchip_armv8/mac80211-regular/backports-6.16/ipkg-aarch64_generic/kmod-cfg80211/CONTROL 2>/dev/null)" ]; then rm -rf /workspaces/openwrt-radxa-rock5b-plus/openwrt/build_dir/target-aarch64_generic_musl/linux-rockchip_armv8/mac80211-regular/backports-6.16/ipkg-aarch64_generic/kmod-cfg80211/CONTROL; else echo "CONTROL directory /workspaces/openwrt-radxa-rock5b-plus/openwrt/build_dir/target-aarch64_generic_musl/linux-rockchip_armv8/mac80211-regular/backports-6.16/ipkg-aarch64_generic/kmod-cfg80211/CONTROL is not empty! This is not right and should be checked!" >&2; exit 1; fi
/workspaces/openwrt-radxa-rock5b-plus/openwrt/staging_dir/host/bin/fakeroot /workspaces/openwrt-radxa-rock5b-plus/openwrt/staging_dir/host/bin/apk mkpkg --info "name:kmod-cfg80211" --info "version:6.12.45.6.16-r1"  --info "description:cfg80211 is the Linux wireless LAN (802.11) configuration API." --info "arch:aarch64_generic" --info "license:GPL-2.0-only" --info "origin:feeds/base/kernel/mac80211" --info "url:https://wireless.wiki.kernel.org/" --info "maintainer:Felix Fietkau <nbd@nbd.name>" --info "provides:"  --script "post-install:/workspaces/openwrt-radxa-rock5b-plus/openwrt/build_dir/target-aarch64_generic_musl/linux-rockchip_armv8/mac80211-regular/backports-6.16/apk-aarch64_generic/kmod-cfg80211/post-install" --script "post-upgrade:/workspaces/openwrt-radxa-rock5b-plus/openwrt/build_dir/target-aarch64_generic_musl/linux-rockchip_armv8/mac80211-regular/backports-6.16/apk-aarch64_generic/kmod-cfg80211/post-upgrade" --script "pre-deinstall:/workspaces/openwrt-radxa-rock5b-plus/openwrt/build_dir/target-aarch64_generic_musl/linux-rockchip_armv8/mac80211-regular/backports-6.16/apk-aarch64_generic/kmod-cfg80211/pre-deinstall" --info "depends:kernel=6.12.45~bfdb4691414eb2d33b0186227f6f0e2d-r1 iw iwinfo wifi-scripts wireless-regdb" --files "/workspaces/openwrt-radxa-rock5b-plus/openwrt/build_dir/target-aarch64_generic_musl/linux-rockchip_armv8/mac80211-regular/backports-6.16/ipkg-aarch64_generic/kmod-cfg80211" --output "/workspaces/openwrt-radxa-rock5b-plus/openwrt/bin/targets/rockchip/armv8/packages/kmod-cfg80211-6.12.45.6.16-r1.apk" --sign "/workspaces/openwrt-radxa-rock5b-plus/openwrt/private-key.pem"
mkdir -p /workspaces/openwrt-radxa-rock5b-plus/openwrt/staging_dir/target-aarch64_generic_musl/root-rockchip/stamp
SHELL= flock /workspaces/openwrt-radxa-rock5b-plus/openwrt/tmp/.root-copy.flock -c 'cp -fpR /workspaces/openwrt-radxa-rock5b-plus/openwrt/build_dir/target-aarch64_generic_musl/luci-app-package-manager/.pkgdir/luci-app-package-manager/. /workspaces/openwrt-radxa-rock5b-plus/openwrt/staging_dir/target-aarch64_generic_musl/root-rockchip/'
rm -rf /workspaces/openwrt-radxa-rock5b-plus/openwrt/build_dir/target-aarch64_generic_musl/linux-rockchip_armv8/mac80211-regular/backports-6.16/ipkg-aarch64_generic/kmod-mac80211
/workspaces/openwrt-radxa-rock5b-plus/openwrt/scripts/ipkg-remove kmod-mac80211 /workspaces/openwrt-radxa-rock5b-plus/openwrt/bin/targets/rockchip/armv8/packages/kmod-mac80211-6.12.45.6.16-r1.apk
removed '/workspaces/openwrt-radxa-rock5b-plus/openwrt/bin/targets/rockchip/armv8/packages/kmod-mac80211-6.12.45.6.16-r1.apk'
mkdir -p /workspaces/openwrt-radxa-rock5b-plus/openwrt/bin/targets/rockchip/armv8/packages /workspaces/openwrt-radxa-rock5b-plus/openwrt/build_dir/target-aarch64_generic_musl/linux-rockchip_armv8/mac80211-regular/backports-6.16/ipkg-aarch64_generic/kmod-mac80211 /workspaces/openwrt-radxa-rock5b-plus/openwrt/staging_dir/target-aarch64_generic_musl/pkginfo
touch /workspaces/openwrt-radxa-rock5b-plus/openwrt/staging_dir/target-aarch64_generic_musl/root-rockchip/stamp/.luci-app-package-manager_installed
echo "luci-app-package-manager" >> /workspaces/openwrt-radxa-rock5b-plus/openwrt/staging_dir/target-aarch64_generic_musl/pkginfo/luci-app-package-manager.default.install
make[3]: Leaving directory '/workspaces/openwrt-radxa-rock5b-plus/openwrt/feeds/luci/applications/luci-app-package-manager'
time: package/feeds/luci/luci-app-package-manager/compile#0.31#0.35#1.59
make[3]: Entering directory '/workspaces/openwrt-radxa-rock5b-plus/openwrt/feeds/luci/applications/luci-app-firewall'
find /workspaces/openwrt-radxa-rock5b-plus/openwrt/build_dir/target-aarch64_generic_musl/linux-rockchip_armv8/mac80211-regular/backports-6.16/ipkg-aarch64_generic/kmod-mac80211 -name 'CVS' -o -name '.svn' -o -name '.#*' -o -name '*~'| xargs -r rm -rf
export CROSS="aarch64-openwrt-linux-musl-"  NO_RENAME=1 ; NM="aarch64-openwrt-linux-musl-nm" STRIP="/workspaces/openwrt-radxa-rock5b-plus/openwrt/staging_dir/host/bin/sstrip -z" STRIP_KMOD="/workspaces/openwrt-radxa-rock5b-plus/openwrt/scripts/strip-kmod.sh" PATCHELF="/workspaces/openwrt-radxa-rock5b-plus/openwrt/staging_dir/host/bin/patchelf" /workspaces/openwrt-radxa-rock5b-plus/openwrt/scripts/rstrip.sh /workspaces/openwrt-radxa-rock5b-plus/openwrt/build_dir/target-aarch64_generic_musl/linux-rockchip_armv8/mac80211-regular/backports-6.16/ipkg-aarch64_generic/kmod-mac80211
rstrip.sh: /workspaces/openwrt-radxa-rock5b-plus/openwrt/build_dir/target-aarch64_generic_musl/linux-rockchip_armv8/mac80211-regular/backports-6.16/ipkg-aarch64_generic/kmod-mac80211/lib/modules/6.12.45/mac80211.ko: relocatable
install -d -m0755 /workspaces/openwrt-radxa-rock5b-plus/openwrt/bin/targets/rockchip/armv8/packages/tmp
mkdir -p /workspaces/openwrt-radxa-rock5b-plus/openwrt/build_dir/target-aarch64_generic_musl/linux-rockchip_armv8/mac80211-regular/backports-6.16/apk-aarch64_generic/kmod-mac80211/
mkdir -p /workspaces/openwrt-radxa-rock5b-plus/openwrt/build_dir/target-aarch64_generic_musl/linux-rockchip_armv8/mac80211-regular/backports-6.16/ipkg-aarch64_generic/kmod-mac80211/lib/apk/packages/
(cd /workspaces/openwrt-radxa-rock5b-plus/openwrt/build_dir/target-aarch64_generic_musl/linux-rockchip_armv8/mac80211-regular/backports-6.16/apk-aarch64_generic/kmod-mac80211; )
( echo "#!/bin/sh"; echo "[ \"\${IPKG_NO_SCRIPT}\" = \"1\" ] && exit 0"; echo "[ -s "\${IPKG_INSTROOT}/lib/functions.sh" ] || exit 0"; echo ". \${IPKG_INSTROOT}/lib/functions.sh"; echo 'export root="${IPKG_INSTROOT}"'; echo 'export pkgname="kmod-mac80211"'; echo "add_group_and_user"; echo "default_postinst"; [ ! -f /workspaces/openwrt-radxa-rock5b-plus/openwrt/build_dir/target-aarch64_generic_musl/linux-rockchip_armv8/mac80211-regular/backports-6.16/apk-aarch64_generic/kmod-mac80211/postinst-pkg ] || sed -z 's/^\s*#!/#!/' "/workspaces/openwrt-radxa-rock5b-plus/openwrt/build_dir/target-aarch64_generic_musl/linux-rockchip_armv8/mac80211-regular/backports-6.16/apk-aarch64_generic/kmod-mac80211/postinst-pkg"; ) > /workspaces/openwrt-radxa-rock5b-plus/openwrt/build_dir/target-aarch64_generic_musl/linux-rockchip_armv8/mac80211-regular/backports-6.16/apk-aarch64_generic/kmod-mac80211/post-install;
( echo "#!/bin/sh"; echo 'export PKG_UPGRADE=1'; [ ! -f /workspaces/openwrt-radxa-rock5b-plus/openwrt/build_dir/target-aarch64_generic_musl/linux-rockchip_armv8/mac80211-regular/backports-6.16/apk-aarch64_generic/kmod-mac80211/post-install ] || sed -z 's/^\s*#!/#!/' "/workspaces/openwrt-radxa-rock5b-plus/openwrt/build_dir/target-aarch64_generic_musl/linux-rockchip_armv8/mac80211-regular/backports-6.16/apk-aarch64_generic/kmod-mac80211/post-install"; ) > /workspaces/openwrt-radxa-rock5b-plus/openwrt/build_dir/target-aarch64_generic_musl/linux-rockchip_armv8/mac80211-regular/backports-6.16/apk-aarch64_generic/kmod-mac80211/post-upgrade;
( echo "#!/bin/sh"; echo "[ -s "\${IPKG_INSTROOT}/lib/functions.sh" ] || exit 0"; echo ". \${IPKG_INSTROOT}/lib/functions.sh"; echo 'export root="${IPKG_INSTROOT}"'; echo 'export pkgname="kmod-mac80211"'; echo "default_prerm"; [ ! -f /workspaces/openwrt-radxa-rock5b-plus/openwrt/build_dir/target-aarch64_generic_musl/linux-rockchip_armv8/mac80211-regular/backports-6.16/apk-aarch64_generic/kmod-mac80211/prerm-pkg ] || sed -z 's/^\s*#!/#!/' "/workspaces/openwrt-radxa-rock5b-plus/openwrt/build_dir/target-aarch64_generic_musl/linux-rockchip_armv8/mac80211-regular/backports-6.16/apk-aarch64_generic/kmod-mac80211/prerm-pkg"; ) > /workspaces/openwrt-radxa-rock5b-plus/openwrt/build_dir/target-aarch64_generic_musl/linux-rockchip_armv8/mac80211-regular/backports-6.16/apk-aarch64_generic/kmod-mac80211/pre-deinstall;
[ ! -f /workspaces/openwrt-radxa-rock5b-plus/openwrt/build_dir/target-aarch64_generic_musl/linux-rockchip_armv8/mac80211-regular/backports-6.16/apk-aarch64_generic/kmod-mac80211/postrm ] || sed -zi 's/^\s*#!/#!/' "/workspaces/openwrt-radxa-rock5b-plus/openwrt/build_dir/target-aarch64_generic_musl/linux-rockchip_armv8/mac80211-regular/backports-6.16/apk-aarch64_generic/kmod-mac80211/postrm";
if [ -n "" ]; then echo  > /workspaces/openwrt-radxa-rock5b-plus/openwrt/build_dir/target-aarch64_generic_musl/linux-rockchip_armv8/mac80211-regular/backports-6.16/ipkg-aarch64_generic/kmod-mac80211/lib/apk/packages/kmod-mac80211.rusers; fi;
if [ -n "" ]; then echo  > /workspaces/openwrt-radxa-rock5b-plus/openwrt/build_dir/target-aarch64_generic_musl/linux-rockchip_armv8/mac80211-regular/backports-6.16/ipkg-aarch64_generic/kmod-mac80211/lib/apk/packages/kmod-mac80211.alternatives; fi;
(cd /workspaces/openwrt-radxa-rock5b-plus/openwrt/build_dir/target-aarch64_generic_musl/linux-rockchip_armv8/mac80211-regular/backports-6.16/ipkg-aarch64_generic/kmod-mac80211 && find . -type f,l -printf "/%P\n" | sort > /workspaces/openwrt-radxa-rock5b-plus/openwrt/tmp/kmod-mac80211.list && mv /workspaces/openwrt-radxa-rock5b-plus/openwrt/tmp/kmod-mac80211.list /workspaces/openwrt-radxa-rock5b-plus/openwrt/build_dir/target-aarch64_generic_musl/linux-rockchip_armv8/mac80211-regular/backports-6.16/ipkg-aarch64_generic/kmod-mac80211/lib/apk/packages/kmod-mac80211.list)
# Move conffiles to IDIR and build conffiles_static with csums
if [ -f /workspaces/openwrt-radxa-rock5b-plus/openwrt/build_dir/target-aarch64_generic_musl/linux-rockchip_armv8/mac80211-regular/backports-6.16/apk-aarch64_generic/kmod-mac80211/conffiles ]; then mv -f /workspaces/openwrt-radxa-rock5b-plus/openwrt/build_dir/target-aarch64_generic_musl/linux-rockchip_armv8/mac80211-regular/backports-6.16/apk-aarch64_generic/kmod-mac80211/conffiles /workspaces/openwrt-radxa-rock5b-plus/openwrt/build_dir/target-aarch64_generic_musl/linux-rockchip_armv8/mac80211-regular/backports-6.16/ipkg-aarch64_generic/kmod-mac80211/lib/apk/packages/kmod-mac80211.conffiles; for file in $(cat /workspaces/openwrt-radxa-rock5b-plus/openwrt/build_dir/target-aarch64_generic_musl/linux-rockchip_armv8/mac80211-regular/backports-6.16/ipkg-aarch64_generic/kmod-mac80211/lib/apk/packages/kmod-mac80211.conffiles); do [ -f /workspaces/openwrt-radxa-rock5b-plus/openwrt/build_dir/target-aarch64_generic_musl/linux-rockchip_armv8/mac80211-regular/backports-6.16/ipkg-aarch64_generic/kmod-mac80211/$file ] || continue; csum=$(/workspaces/openwrt-radxa-rock5b-plus/openwrt/staging_dir/host/bin/mkhash sha256 /workspaces/openwrt-radxa-rock5b-plus/openwrt/build_dir/target-aarch64_generic_musl/linux-rockchip_armv8/mac80211-regular/backports-6.16/ipkg-aarch64_generic/kmod-mac80211/$file); echo $file $csum >> /workspaces/openwrt-radxa-rock5b-plus/openwrt/build_dir/target-aarch64_generic_musl/linux-rockchip_armv8/mac80211-regular/backports-6.16/ipkg-aarch64_generic/kmod-mac80211/lib/apk/packages/kmod-mac80211.conffiles_static; done; fi
# Some package (base-files) manually append stuff to conffiles
# Append stuff from it and delete the CONTROL directory since everything else should be migrated
if [ -f /workspaces/openwrt-radxa-rock5b-plus/openwrt/build_dir/target-aarch64_generic_musl/linux-rockchip_armv8/mac80211-regular/backports-6.16/ipkg-aarch64_generic/kmod-mac80211/CONTROL/conffiles ]; then echo $(IDIR_kmod-mac80211)/CONTROL/conffiles >> /workspaces/openwrt-radxa-rock5b-plus/openwrt/build_dir/target-aarch64_generic_musl/linux-rockchip_armv8/mac80211-regular/backports-6.16/ipkg-aarch64_generic/kmod-mac80211/lib/apk/packages/kmod-mac80211.conffiles; for file in $(cat /workspaces/openwrt-radxa-rock5b-plus/openwrt/build_dir/target-aarch64_generic_musl/linux-rockchip_armv8/mac80211-regular/backports-6.16/ipkg-aarch64_generic/kmod-mac80211/CONTROL/conffiles); do [ -f /workspaces/openwrt-radxa-rock5b-plus/openwrt/build_dir/target-aarch64_generic_musl/linux-rockchip_armv8/mac80211-regular/backports-6.16/ipkg-aarch64_generic/kmod-mac80211/$file ] || continue; csum=$(/workspaces/openwrt-radxa-rock5b-plus/openwrt/staging_dir/host/bin/mkhash sha256 /workspaces/openwrt-radxa-rock5b-plus/openwrt/build_dir/target-aarch64_generic_musl/linux-rockchip_armv8/mac80211-regular/backports-6.16/ipkg-aarch64_generic/kmod-mac80211/$file); echo $file $csum >> /workspaces/openwrt-radxa-rock5b-plus/openwrt/build_dir/target-aarch64_generic_musl/linux-rockchip_armv8/mac80211-regular/backports-6.16/ipkg-aarch64_generic/kmod-mac80211/lib/apk/packages/kmod-mac80211.conffiles_static; done; rm -rf /workspaces/openwrt-radxa-rock5b-plus/openwrt/build_dir/target-aarch64_generic_musl/linux-rockchip_armv8/mac80211-regular/backports-6.16/ipkg-aarch64_generic/kmod-mac80211/CONTROL/conffiles; fi
if [ -z "$(ls -A /workspaces/openwrt-radxa-rock5b-plus/openwrt/build_dir/target-aarch64_generic_musl/linux-rockchip_armv8/mac80211-regular/backports-6.16/ipkg-aarch64_generic/kmod-mac80211/CONTROL 2>/dev/null)" ]; then rm -rf /workspaces/openwrt-radxa-rock5b-plus/openwrt/build_dir/target-aarch64_generic_musl/linux-rockchip_armv8/mac80211-regular/backports-6.16/ipkg-aarch64_generic/kmod-mac80211/CONTROL; else echo "CONTROL directory /workspaces/openwrt-radxa-rock5b-plus/openwrt/build_dir/target-aarch64_generic_musl/linux-rockchip_armv8/mac80211-regular/backports-6.16/ipkg-aarch64_generic/kmod-mac80211/CONTROL is not empty! This is not right and should be checked!" >&2; exit 1; fi
/workspaces/openwrt-radxa-rock5b-plus/openwrt/staging_dir/host/bin/fakeroot /workspaces/openwrt-radxa-rock5b-plus/openwrt/staging_dir/host/bin/apk mkpkg --info "name:kmod-mac80211" --info "version:6.12.45.6.16-r1"  --info "description:Generic IEEE 802.11 Networking Stack (mac80211)" --info "arch:aarch64_generic" --info "license:GPL-2.0-only" --info "origin:feeds/base/kernel/mac80211" --info "url:https://wireless.wiki.kernel.org/" --info "maintainer:Felix Fietkau <nbd@nbd.name>" --info "provides:"  --script "post-install:/workspaces/openwrt-radxa-rock5b-plus/openwrt/build_dir/target-aarch64_generic_musl/linux-rockchip_armv8/mac80211-regular/backports-6.16/apk-aarch64_generic/kmod-mac80211/post-install" --script "post-upgrade:/workspaces/openwrt-radxa-rock5b-plus/openwrt/build_dir/target-aarch64_generic_musl/linux-rockchip_armv8/mac80211-regular/backports-6.16/apk-aarch64_generic/kmod-mac80211/post-upgrade" --script "pre-deinstall:/workspaces/openwrt-radxa-rock5b-plus/openwrt/build_dir/target-aarch64_generic_musl/linux-rockchip_armv8/mac80211-regular/backports-6.16/apk-aarch64_generic/kmod-mac80211/pre-deinstall" --info "depends:kernel=6.12.45~bfdb4691414eb2d33b0186227f6f0e2d-r1 kmod-cfg80211 kmod-crypto-cmac kmod-crypto-ccm kmod-crypto-gcm hostapd-common" --files "/workspaces/openwrt-radxa-rock5b-plus/openwrt/build_dir/target-aarch64_generic_musl/linux-rockchip_armv8/mac80211-regular/backports-6.16/ipkg-aarch64_generic/kmod-mac80211" --output "/workspaces/openwrt-radxa-rock5b-plus/openwrt/bin/targets/rockchip/armv8/packages/kmod-mac80211-6.12.45.6.16-r1.apk" --sign "/workspaces/openwrt-radxa-rock5b-plus/openwrt/private-key.pem"
rm -f /workspaces/openwrt-radxa-rock5b-plus/openwrt/build_dir/target-aarch64_generic_musl/luci-app-firewall/.built
touch /workspaces/openwrt-radxa-rock5b-plus/openwrt/build_dir/target-aarch64_generic_musl/luci-app-firewall/.built_check
touch /workspaces/openwrt-radxa-rock5b-plus/openwrt/build_dir/target-aarch64_generic_musl/luci-app-firewall/.built
rm -rf /workspaces/openwrt-radxa-rock5b-plus/openwrt/build_dir/target-aarch64_generic_musl/luci-app-firewall/.pkgdir/luci-app-firewall.installed /workspaces/openwrt-radxa-rock5b-plus/openwrt/build_dir/target-aarch64_generic_musl/luci-app-firewall/.pkgdir/luci-app-firewall
mkdir -p /workspaces/openwrt-radxa-rock5b-plus/openwrt/build_dir/target-aarch64_generic_musl/luci-app-firewall/.pkgdir/luci-app-firewall
rm -rf /workspaces/openwrt-radxa-rock5b-plus/openwrt/build_dir/target-aarch64_generic_musl/linux-rockchip_armv8/mac80211-regular/backports-6.16/ipkg-aarch64_generic/kmod-rtw89
install -d -m0755 /workspaces/openwrt-radxa-rock5b-plus/openwrt/build_dir/target-aarch64_generic_musl/luci-app-firewall/.pkgdir/luci-app-firewall/www
/workspaces/openwrt-radxa-rock5b-plus/openwrt/scripts/ipkg-remove kmod-rtw89 /workspaces/openwrt-radxa-rock5b-plus/openwrt/bin/targets/rockchip/armv8/packages/kmod-rtw89-6.12.45.6.16-r1.apk /workspaces/openwrt-radxa-rock5b-plus/openwrt/bin/targets/rockchip/armv8/packages/kmod-rtw89-8852b-common-6.12.45.6.16-r1.apk /workspaces/openwrt-radxa-rock5b-plus/openwrt/bin/targets/rockchip/armv8/packages/kmod-rtw89-8852be-6.12.45.6.16-r1.apk /workspaces/openwrt-radxa-rock5b-plus/openwrt/bin/targets/rockchip/armv8/packages/kmod-rtw89-pci-6.12.45.6.16-r1.apk
cp -pR /workspaces/openwrt-radxa-rock5b-plus/openwrt/build_dir/target-aarch64_generic_musl/luci-app-firewall/htdocs/* /workspaces/openwrt-radxa-rock5b-plus/openwrt/build_dir/target-aarch64_generic_musl/luci-app-firewall/.pkgdir/luci-app-firewall/www/
removed '/workspaces/openwrt-radxa-rock5b-plus/openwrt/bin/targets/rockchip/armv8/packages/kmod-rtw89-6.12.45.6.16-r1.apk'
removed '/workspaces/openwrt-radxa-rock5b-plus/openwrt/bin/targets/rockchip/armv8/packages/kmod-rtw89-8852b-common-6.12.45.6.16-r1.apk'
removed '/workspaces/openwrt-radxa-rock5b-plus/openwrt/bin/targets/rockchip/armv8/packages/kmod-rtw89-8852be-6.12.45.6.16-r1.apk'
mkdir -p /workspaces/openwrt-radxa-rock5b-plus/openwrt/bin/targets/rockchip/armv8/packages /workspaces/openwrt-radxa-rock5b-plus/openwrt/build_dir/target-aarch64_generic_musl/linux-rockchip_armv8/mac80211-regular/backports-6.16/ipkg-aarch64_generic/kmod-rtw89 /workspaces/openwrt-radxa-rock5b-plus/openwrt/staging_dir/target-aarch64_generic_musl/pkginfo
find /workspaces/openwrt-radxa-rock5b-plus/openwrt/build_dir/target-aarch64_generic_musl/luci-app-firewall/.pkgdir/luci-app-firewall/www/ -type f -name '*.js' | while read src; do if jsmin < "$src" > "$src.o"; then mv "$src.o" "$src"; fi; done
find /workspaces/openwrt-radxa-rock5b-plus/openwrt/build_dir/target-aarch64_generic_musl/luci-app-firewall/.pkgdir/luci-app-firewall/www/ -type f -name '*.css' | while read src; do if csstidy "$src" --template=highest --remove_last_semicolon=true "$src.o"; then mv "$src.o" "$src"; fi; done
install -d -m0755 /workspaces/openwrt-radxa-rock5b-plus/openwrt/build_dir/target-aarch64_generic_musl/luci-app-firewall/.pkgdir/luci-app-firewall/
cp -pR /workspaces/openwrt-radxa-rock5b-plus/openwrt/build_dir/target-aarch64_generic_musl/luci-app-firewall/root/* /workspaces/openwrt-radxa-rock5b-plus/openwrt/build_dir/target-aarch64_generic_musl/luci-app-firewall/.pkgdir/luci-app-firewall/
touch /workspaces/openwrt-radxa-rock5b-plus/openwrt/build_dir/target-aarch64_generic_musl/luci-app-firewall/.pkgdir/luci-app-firewall.installed
mkdir -p /workspaces/openwrt-radxa-rock5b-plus/openwrt/staging_dir/target-aarch64_generic_musl/root-rockchip/stamp
SHELL= flock /workspaces/openwrt-radxa-rock5b-plus/openwrt/tmp/.root-copy.flock -c 'cp -fpR /workspaces/openwrt-radxa-rock5b-plus/openwrt/build_dir/target-aarch64_generic_musl/luci-app-firewall/.pkgdir/luci-app-firewall/. /workspaces/openwrt-radxa-rock5b-plus/openwrt/staging_dir/target-aarch64_generic_musl/root-rockchip/'
touch /workspaces/openwrt-radxa-rock5b-plus/openwrt/staging_dir/target-aarch64_generic_musl/root-rockchip/stamp/.luci-app-firewall_installed
rm -rf /workspaces/openwrt-radxa-rock5b-plus/openwrt/build_dir/target-aarch64_generic_musl/luci-app-firewall/ipkg-all/luci-app-firewall
mkdir -p /workspaces/openwrt-radxa-rock5b-plus/openwrt/bin/targets/rockchip/armv8/packages /workspaces/openwrt-radxa-rock5b-plus/openwrt/build_dir/target-aarch64_generic_musl/luci-app-firewall/ipkg-all/luci-app-firewall /workspaces/openwrt-radxa-rock5b-plus/openwrt/staging_dir/target-aarch64_generic_musl/pkginfo
install -d -m0755 /workspaces/openwrt-radxa-rock5b-plus/openwrt/build_dir/target-aarch64_generic_musl/luci-app-firewall/ipkg-all/luci-app-firewall/www
cp -pR /workspaces/openwrt-radxa-rock5b-plus/openwrt/build_dir/target-aarch64_generic_musl/luci-app-firewall/htdocs/* /workspaces/openwrt-radxa-rock5b-plus/openwrt/build_dir/target-aarch64_generic_musl/luci-app-firewall/ipkg-all/luci-app-firewall/www/
find /workspaces/openwrt-radxa-rock5b-plus/openwrt/build_dir/target-aarch64_generic_musl/luci-app-firewall/ipkg-all/luci-app-firewall/www/ -type f -name '*.js' | while read src; do if jsmin < "$src" > "$src.o"; then mv "$src.o" "$src"; fi; done
find /workspaces/openwrt-radxa-rock5b-plus/openwrt/build_dir/target-aarch64_generic_musl/luci-app-firewall/ipkg-all/luci-app-firewall/www/ -type f -name '*.css' | while read src; do if csstidy "$src" --template=highest --remove_last_semicolon=true "$src.o"; then mv "$src.o" "$src"; fi; done
install -d -m0755 /workspaces/openwrt-radxa-rock5b-plus/openwrt/build_dir/target-aarch64_generic_musl/luci-app-firewall/ipkg-all/luci-app-firewall/
cp -pR /workspaces/openwrt-radxa-rock5b-plus/openwrt/build_dir/target-aarch64_generic_musl/luci-app-firewall/root/* /workspaces/openwrt-radxa-rock5b-plus/openwrt/build_dir/target-aarch64_generic_musl/luci-app-firewall/ipkg-all/luci-app-firewall/
find /workspaces/openwrt-radxa-rock5b-plus/openwrt/build_dir/target-aarch64_generic_musl/luci-app-firewall/ipkg-all/luci-app-firewall -name 'CVS' -o -name '.svn' -o -name '.#*' -o -name '*~'| xargs -r rm -rf
export CROSS="aarch64-openwrt-linux-musl-"  NO_RENAME=1 ; NM="aarch64-openwrt-linux-musl-nm" STRIP="/workspaces/openwrt-radxa-rock5b-plus/openwrt/staging_dir/host/bin/sstrip -z" STRIP_KMOD="/workspaces/openwrt-radxa-rock5b-plus/openwrt/scripts/strip-kmod.sh" PATCHELF="/workspaces/openwrt-radxa-rock5b-plus/openwrt/staging_dir/host/bin/patchelf" /workspaces/openwrt-radxa-rock5b-plus/openwrt/scripts/rstrip.sh /workspaces/openwrt-radxa-rock5b-plus/openwrt/build_dir/target-aarch64_generic_musl/luci-app-firewall/ipkg-all/luci-app-firewall
install -d -m0755 /workspaces/openwrt-radxa-rock5b-plus/openwrt/bin/packages/aarch64_generic/luci/tmp
mkdir -p /workspaces/openwrt-radxa-rock5b-plus/openwrt/build_dir/target-aarch64_generic_musl/linux-rockchip_armv8/mac80211-regular/backports-6.16/ipkg-aarch64_generic/kmod-rtw89/etc/modules.d; ( echo "rtw89_core"; ) > /workspaces/openwrt-radxa-rock5b-plus/openwrt/build_dir/target-aarch64_generic_musl/linux-rockchip_armv8/mac80211-regular/backports-6.16/ipkg-aarch64_generic/kmod-rtw89/etc/modules.d/rtw89; 
mkdir -p /workspaces/openwrt-radxa-rock5b-plus/openwrt/build_dir/target-aarch64_generic_musl/luci-app-firewall/apk-all/luci-app-firewall/
mkdir -p /workspaces/openwrt-radxa-rock5b-plus/openwrt/build_dir/target-aarch64_generic_musl/luci-app-firewall/ipkg-all/luci-app-firewall/lib/apk/packages/
find /workspaces/openwrt-radxa-rock5b-plus/openwrt/build_dir/target-aarch64_generic_musl/linux-rockchip_armv8/mac80211-regular/backports-6.16/ipkg-aarch64_generic/kmod-rtw89 -name 'CVS' -o -name '.svn' -o -name '.#*' -o -name '*~'| xargs -r rm -rf
(cd /workspaces/openwrt-radxa-rock5b-plus/openwrt/build_dir/target-aarch64_generic_musl/luci-app-firewall/apk-all/luci-app-firewall; echo "$V_Package_luci_app_firewall_postinst" > postinst-pkg; chmod 0755 postinst-pkg;)
( echo "#!/bin/sh"; echo "[ \"\${IPKG_NO_SCRIPT}\" = \"1\" ] && exit 0"; echo "[ -s "\${IPKG_INSTROOT}/lib/functions.sh" ] || exit 0"; echo ". \${IPKG_INSTROOT}/lib/functions.sh"; echo 'export root="${IPKG_INSTROOT}"'; echo 'export pkgname="luci-app-firewall"'; echo "add_group_and_user"; echo "default_postinst"; [ ! -f /workspaces/openwrt-radxa-rock5b-plus/openwrt/build_dir/target-aarch64_generic_musl/luci-app-firewall/apk-all/luci-app-firewall/postinst-pkg ] || sed -z 's/^\s*#!/#!/' "/workspaces/openwrt-radxa-rock5b-plus/openwrt/build_dir/target-aarch64_generic_musl/luci-app-firewall/apk-all/luci-app-firewall/postinst-pkg"; ) > /workspaces/openwrt-radxa-rock5b-plus/openwrt/build_dir/target-aarch64_generic_musl/luci-app-firewall/apk-all/luci-app-firewall/post-install;
( echo "#!/bin/sh"; echo 'export PKG_UPGRADE=1'; [ ! -f /workspaces/openwrt-radxa-rock5b-plus/openwrt/build_dir/target-aarch64_generic_musl/luci-app-firewall/apk-all/luci-app-firewall/post-install ] || sed -z 's/^\s*#!/#!/' "/workspaces/openwrt-radxa-rock5b-plus/openwrt/build_dir/target-aarch64_generic_musl/luci-app-firewall/apk-all/luci-app-firewall/post-install"; ) > /workspaces/openwrt-radxa-rock5b-plus/openwrt/build_dir/target-aarch64_generic_musl/luci-app-firewall/apk-all/luci-app-firewall/post-upgrade;
( echo "#!/bin/sh"; echo "[ -s "\${IPKG_INSTROOT}/lib/functions.sh" ] || exit 0"; echo ". \${IPKG_INSTROOT}/lib/functions.sh"; echo 'export root="${IPKG_INSTROOT}"'; echo 'export pkgname="luci-app-firewall"'; echo "default_prerm"; [ ! -f /workspaces/openwrt-radxa-rock5b-plus/openwrt/build_dir/target-aarch64_generic_musl/luci-app-firewall/apk-all/luci-app-firewall/prerm-pkg ] || sed -z 's/^\s*#!/#!/' "/workspaces/openwrt-radxa-rock5b-plus/openwrt/build_dir/target-aarch64_generic_musl/luci-app-firewall/apk-all/luci-app-firewall/prerm-pkg"; ) > /workspaces/openwrt-radxa-rock5b-plus/openwrt/build_dir/target-aarch64_generic_musl/luci-app-firewall/apk-all/luci-app-firewall/pre-deinstall;
[ ! -f /workspaces/openwrt-radxa-rock5b-plus/openwrt/build_dir/target-aarch64_generic_musl/luci-app-firewall/apk-all/luci-app-firewall/postrm ] || sed -zi 's/^\s*#!/#!/' "/workspaces/openwrt-radxa-rock5b-plus/openwrt/build_dir/target-aarch64_generic_musl/luci-app-firewall/apk-all/luci-app-firewall/postrm";
if [ -n "" ]; then echo  > /workspaces/openwrt-radxa-rock5b-plus/openwrt/build_dir/target-aarch64_generic_musl/luci-app-firewall/ipkg-all/luci-app-firewall/lib/apk/packages/luci-app-firewall.rusers; fi;
if [ -n "" ]; then echo  > /workspaces/openwrt-radxa-rock5b-plus/openwrt/build_dir/target-aarch64_generic_musl/luci-app-firewall/ipkg-all/luci-app-firewall/lib/apk/packages/luci-app-firewall.alternatives; fi;
(cd /workspaces/openwrt-radxa-rock5b-plus/openwrt/build_dir/target-aarch64_generic_musl/luci-app-firewall/ipkg-all/luci-app-firewall && find . -type f,l -printf "/%P\n" | sort > /workspaces/openwrt-radxa-rock5b-plus/openwrt/tmp/luci-app-firewall.list && mv /workspaces/openwrt-radxa-rock5b-plus/openwrt/tmp/luci-app-firewall.list /workspaces/openwrt-radxa-rock5b-plus/openwrt/build_dir/target-aarch64_generic_musl/luci-app-firewall/ipkg-all/luci-app-firewall/lib/apk/packages/luci-app-firewall.list)
# Move conffiles to IDIR and build conffiles_static with csums
if [ -f /workspaces/openwrt-radxa-rock5b-plus/openwrt/build_dir/target-aarch64_generic_musl/luci-app-firewall/apk-all/luci-app-firewall/conffiles ]; then mv -f /workspaces/openwrt-radxa-rock5b-plus/openwrt/build_dir/target-aarch64_generic_musl/luci-app-firewall/apk-all/luci-app-firewall/conffiles /workspaces/openwrt-radxa-rock5b-plus/openwrt/build_dir/target-aarch64_generic_musl/luci-app-firewall/ipkg-all/luci-app-firewall/lib/apk/packages/luci-app-firewall.conffiles; for file in $(cat /workspaces/openwrt-radxa-rock5b-plus/openwrt/build_dir/target-aarch64_generic_musl/luci-app-firewall/ipkg-all/luci-app-firewall/lib/apk/packages/luci-app-firewall.conffiles); do [ -f /workspaces/openwrt-radxa-rock5b-plus/openwrt/build_dir/target-aarch64_generic_musl/luci-app-firewall/ipkg-all/luci-app-firewall/$file ] || continue; csum=$(/workspaces/openwrt-radxa-rock5b-plus/openwrt/staging_dir/host/bin/mkhash sha256 /workspaces/openwrt-radxa-rock5b-plus/openwrt/build_dir/target-aarch64_generic_musl/luci-app-firewall/ipkg-all/luci-app-firewall/$file); echo $file $csum >> /workspaces/openwrt-radxa-rock5b-plus/openwrt/build_dir/target-aarch64_generic_musl/luci-app-firewall/ipkg-all/luci-app-firewall/lib/apk/packages/luci-app-firewall.conffiles_static; done; fi
export CROSS="aarch64-openwrt-linux-musl-"  NO_RENAME=1 ; NM="aarch64-openwrt-linux-musl-nm" STRIP="/workspaces/openwrt-radxa-rock5b-plus/openwrt/staging_dir/host/bin/sstrip -z" STRIP_KMOD="/workspaces/openwrt-radxa-rock5b-plus/openwrt/scripts/strip-kmod.sh" PATCHELF="/workspaces/openwrt-radxa-rock5b-plus/openwrt/staging_dir/host/bin/patchelf" /workspaces/openwrt-radxa-rock5b-plus/openwrt/scripts/rstrip.sh /workspaces/openwrt-radxa-rock5b-plus/openwrt/build_dir/target-aarch64_generic_musl/linux-rockchip_armv8/mac80211-regular/backports-6.16/ipkg-aarch64_generic/kmod-rtw89
# Some package (base-files) manually append stuff to conffiles
# Append stuff from it and delete the CONTROL directory since everything else should be migrated
if [ -f /workspaces/openwrt-radxa-rock5b-plus/openwrt/build_dir/target-aarch64_generic_musl/luci-app-firewall/ipkg-all/luci-app-firewall/CONTROL/conffiles ]; then echo $(IDIR_luci-app-firewall)/CONTROL/conffiles >> /workspaces/openwrt-radxa-rock5b-plus/openwrt/build_dir/target-aarch64_generic_musl/luci-app-firewall/ipkg-all/luci-app-firewall/lib/apk/packages/luci-app-firewall.conffiles; for file in $(cat /workspaces/openwrt-radxa-rock5b-plus/openwrt/build_dir/target-aarch64_generic_musl/luci-app-firewall/ipkg-all/luci-app-firewall/CONTROL/conffiles); do [ -f /workspaces/openwrt-radxa-rock5b-plus/openwrt/build_dir/target-aarch64_generic_musl/luci-app-firewall/ipkg-all/luci-app-firewall/$file ] || continue; csum=$(/workspaces/openwrt-radxa-rock5b-plus/openwrt/staging_dir/host/bin/mkhash sha256 /workspaces/openwrt-radxa-rock5b-plus/openwrt/build_dir/target-aarch64_generic_musl/luci-app-firewall/ipkg-all/luci-app-firewall/$file); echo $file $csum >> /workspaces/openwrt-radxa-rock5b-plus/openwrt/build_dir/target-aarch64_generic_musl/luci-app-firewall/ipkg-all/luci-app-firewall/lib/apk/packages/luci-app-firewall.conffiles_static; done; rm -rf /workspaces/openwrt-radxa-rock5b-plus/openwrt/build_dir/target-aarch64_generic_musl/luci-app-firewall/ipkg-all/luci-app-firewall/CONTROL/conffiles; fi
if [ -z "$(ls -A /workspaces/openwrt-radxa-rock5b-plus/openwrt/build_dir/target-aarch64_generic_musl/luci-app-firewall/ipkg-all/luci-app-firewall/CONTROL 2>/dev/null)" ]; then rm -rf /workspaces/openwrt-radxa-rock5b-plus/openwrt/build_dir/target-aarch64_generic_musl/luci-app-firewall/ipkg-all/luci-app-firewall/CONTROL; else echo "CONTROL directory /workspaces/openwrt-radxa-rock5b-plus/openwrt/build_dir/target-aarch64_generic_musl/luci-app-firewall/ipkg-all/luci-app-firewall/CONTROL is not empty! This is not right and should be checked!" >&2; exit 1; fi
/workspaces/openwrt-radxa-rock5b-plus/openwrt/staging_dir/host/bin/fakeroot /workspaces/openwrt-radxa-rock5b-plus/openwrt/staging_dir/host/bin/apk mkpkg --info "name:luci-app-firewall" --info "version:25.253.73204~220531f"  --info "description:Firewall and port forwarding application" --info "arch:noarch" --info "license:Apache-2.0" --info "origin:feeds/luci/applications/luci-app-firewall" --info "url:https://github.com/openwrt/luci" --info "maintainer:OpenWrt LuCI community" --info "provides:"  --script "post-install:/workspaces/openwrt-radxa-rock5b-plus/openwrt/build_dir/target-aarch64_generic_musl/luci-app-firewall/apk-all/luci-app-firewall/post-install" --script "post-upgrade:/workspaces/openwrt-radxa-rock5b-plus/openwrt/build_dir/target-aarch64_generic_musl/luci-app-firewall/apk-all/luci-app-firewall/post-upgrade" --script "pre-deinstall:/workspaces/openwrt-radxa-rock5b-plus/openwrt/build_dir/target-aarch64_generic_musl/luci-app-firewall/apk-all/luci-app-firewall/pre-deinstall" --info "depends:libc luci-base uci-firewall" --files "/workspaces/openwrt-radxa-rock5b-plus/openwrt/build_dir/target-aarch64_generic_musl/luci-app-firewall/ipkg-all/luci-app-firewall" --output "/workspaces/openwrt-radxa-rock5b-plus/openwrt/bin/packages/aarch64_generic/luci/luci-app-firewall-25.253.73204~220531f.apk" --sign "/workspaces/openwrt-radxa-rock5b-plus/openwrt/private-key.pem"
rstrip.sh: /workspaces/openwrt-radxa-rock5b-plus/openwrt/build_dir/target-aarch64_generic_musl/linux-rockchip_armv8/mac80211-regular/backports-6.16/ipkg-aarch64_generic/kmod-rtw89/lib/modules/6.12.45/rtw89_core.ko: relocatable
install -d -m0755 /workspaces/openwrt-radxa-rock5b-plus/openwrt/bin/targets/rockchip/armv8/packages/tmp
mkdir -p /workspaces/openwrt-radxa-rock5b-plus/openwrt/build_dir/target-aarch64_generic_musl/linux-rockchip_armv8/mac80211-regular/backports-6.16/apk-aarch64_generic/kmod-rtw89/
mkdir -p /workspaces/openwrt-radxa-rock5b-plus/openwrt/build_dir/target-aarch64_generic_musl/linux-rockchip_armv8/mac80211-regular/backports-6.16/ipkg-aarch64_generic/kmod-rtw89/lib/apk/packages/
(cd /workspaces/openwrt-radxa-rock5b-plus/openwrt/build_dir/target-aarch64_generic_musl/linux-rockchip_armv8/mac80211-regular/backports-6.16/apk-aarch64_generic/kmod-rtw89; )
( echo "#!/bin/sh"; echo "[ \"\${IPKG_NO_SCRIPT}\" = \"1\" ] && exit 0"; echo "[ -s "\${IPKG_INSTROOT}/lib/functions.sh" ] || exit 0"; echo ". \${IPKG_INSTROOT}/lib/functions.sh"; echo 'export root="${IPKG_INSTROOT}"'; echo 'export pkgname="kmod-rtw89"'; echo "add_group_and_user"; echo "default_postinst"; [ ! -f /workspaces/openwrt-radxa-rock5b-plus/openwrt/build_dir/target-aarch64_generic_musl/linux-rockchip_armv8/mac80211-regular/backports-6.16/apk-aarch64_generic/kmod-rtw89/postinst-pkg ] || sed -z 's/^\s*#!/#!/' "/workspaces/openwrt-radxa-rock5b-plus/openwrt/build_dir/target-aarch64_generic_musl/linux-rockchip_armv8/mac80211-regular/backports-6.16/apk-aarch64_generic/kmod-rtw89/postinst-pkg"; ) > /workspaces/openwrt-radxa-rock5b-plus/openwrt/build_dir/target-aarch64_generic_musl/linux-rockchip_armv8/mac80211-regular/backports-6.16/apk-aarch64_generic/kmod-rtw89/post-install;
( echo "#!/bin/sh"; echo 'export PKG_UPGRADE=1'; [ ! -f /workspaces/openwrt-radxa-rock5b-plus/openwrt/build_dir/target-aarch64_generic_musl/linux-rockchip_armv8/mac80211-regular/backports-6.16/apk-aarch64_generic/kmod-rtw89/post-install ] || sed -z 's/^\s*#!/#!/' "/workspaces/openwrt-radxa-rock5b-plus/openwrt/build_dir/target-aarch64_generic_musl/linux-rockchip_armv8/mac80211-regular/backports-6.16/apk-aarch64_generic/kmod-rtw89/post-install"; ) > /workspaces/openwrt-radxa-rock5b-plus/openwrt/build_dir/target-aarch64_generic_musl/linux-rockchip_armv8/mac80211-regular/backports-6.16/apk-aarch64_generic/kmod-rtw89/post-upgrade;
( echo "#!/bin/sh"; echo "[ -s "\${IPKG_INSTROOT}/lib/functions.sh" ] || exit 0"; echo ". \${IPKG_INSTROOT}/lib/functions.sh"; echo 'export root="${IPKG_INSTROOT}"'; echo 'export pkgname="kmod-rtw89"'; echo "default_prerm"; [ ! -f /workspaces/openwrt-radxa-rock5b-plus/openwrt/build_dir/target-aarch64_generic_musl/linux-rockchip_armv8/mac80211-regular/backports-6.16/apk-aarch64_generic/kmod-rtw89/prerm-pkg ] || sed -z 's/^\s*#!/#!/' "/workspaces/openwrt-radxa-rock5b-plus/openwrt/build_dir/target-aarch64_generic_musl/linux-rockchip_armv8/mac80211-regular/backports-6.16/apk-aarch64_generic/kmod-rtw89/prerm-pkg"; ) > /workspaces/openwrt-radxa-rock5b-plus/openwrt/build_dir/target-aarch64_generic_musl/linux-rockchip_armv8/mac80211-regular/backports-6.16/apk-aarch64_generic/kmod-rtw89/pre-deinstall;
[ ! -f /workspaces/openwrt-radxa-rock5b-plus/openwrt/build_dir/target-aarch64_generic_musl/linux-rockchip_armv8/mac80211-regular/backports-6.16/apk-aarch64_generic/kmod-rtw89/postrm ] || sed -zi 's/^\s*#!/#!/' "/workspaces/openwrt-radxa-rock5b-plus/openwrt/build_dir/target-aarch64_generic_musl/linux-rockchip_armv8/mac80211-regular/backports-6.16/apk-aarch64_generic/kmod-rtw89/postrm";
if [ -n "" ]; then echo  > /workspaces/openwrt-radxa-rock5b-plus/openwrt/build_dir/target-aarch64_generic_musl/linux-rockchip_armv8/mac80211-regular/backports-6.16/ipkg-aarch64_generic/kmod-rtw89/lib/apk/packages/kmod-rtw89.rusers; fi;
if [ -n "" ]; then echo  > /workspaces/openwrt-radxa-rock5b-plus/openwrt/build_dir/target-aarch64_generic_musl/linux-rockchip_armv8/mac80211-regular/backports-6.16/ipkg-aarch64_generic/kmod-rtw89/lib/apk/packages/kmod-rtw89.alternatives; fi;
(cd /workspaces/openwrt-radxa-rock5b-plus/openwrt/build_dir/target-aarch64_generic_musl/linux-rockchip_armv8/mac80211-regular/backports-6.16/ipkg-aarch64_generic/kmod-rtw89 && find . -type f,l -printf "/%P\n" | sort > /workspaces/openwrt-radxa-rock5b-plus/openwrt/tmp/kmod-rtw89.list && mv /workspaces/openwrt-radxa-rock5b-plus/openwrt/tmp/kmod-rtw89.list /workspaces/openwrt-radxa-rock5b-plus/openwrt/build_dir/target-aarch64_generic_musl/linux-rockchip_armv8/mac80211-regular/backports-6.16/ipkg-aarch64_generic/kmod-rtw89/lib/apk/packages/kmod-rtw89.list)
# Move conffiles to IDIR and build conffiles_static with csums
if [ -f /workspaces/openwrt-radxa-rock5b-plus/openwrt/build_dir/target-aarch64_generic_musl/linux-rockchip_armv8/mac80211-regular/backports-6.16/apk-aarch64_generic/kmod-rtw89/conffiles ]; then mv -f /workspaces/openwrt-radxa-rock5b-plus/openwrt/build_dir/target-aarch64_generic_musl/linux-rockchip_armv8/mac80211-regular/backports-6.16/apk-aarch64_generic/kmod-rtw89/conffiles /workspaces/openwrt-radxa-rock5b-plus/openwrt/build_dir/target-aarch64_generic_musl/linux-rockchip_armv8/mac80211-regular/backports-6.16/ipkg-aarch64_generic/kmod-rtw89/lib/apk/packages/kmod-rtw89.conffiles; for file in $(cat /workspaces/openwrt-radxa-rock5b-plus/openwrt/build_dir/target-aarch64_generic_musl/linux-rockchip_armv8/mac80211-regular/backports-6.16/ipkg-aarch64_generic/kmod-rtw89/lib/apk/packages/kmod-rtw89.conffiles); do [ -f /workspaces/openwrt-radxa-rock5b-plus/openwrt/build_dir/target-aarch64_generic_musl/linux-rockchip_armv8/mac80211-regular/backports-6.16/ipkg-aarch64_generic/kmod-rtw89/$file ] || continue; csum=$(/workspaces/openwrt-radxa-rock5b-plus/openwrt/staging_dir/host/bin/mkhash sha256 /workspaces/openwrt-radxa-rock5b-plus/openwrt/build_dir/target-aarch64_generic_musl/linux-rockchip_armv8/mac80211-regular/backports-6.16/ipkg-aarch64_generic/kmod-rtw89/$file); echo $file $csum >> /workspaces/openwrt-radxa-rock5b-plus/openwrt/build_dir/target-aarch64_generic_musl/linux-rockchip_armv8/mac80211-regular/backports-6.16/ipkg-aarch64_generic/kmod-rtw89/lib/apk/packages/kmod-rtw89.conffiles_static; done; fi
# Some package (base-files) manually append stuff to conffiles
echo "luci-app-firewall" >> /workspaces/openwrt-radxa-rock5b-plus/openwrt/staging_dir/target-aarch64_generic_musl/pkginfo/luci-app-firewall.default.install
# Append stuff from it and delete the CONTROL directory since everything else should be migrated
if [ -f /workspaces/openwrt-radxa-rock5b-plus/openwrt/build_dir/target-aarch64_generic_musl/linux-rockchip_armv8/mac80211-regular/backports-6.16/ipkg-aarch64_generic/kmod-rtw89/CONTROL/conffiles ]; then echo $(IDIR_kmod-rtw89)/CONTROL/conffiles >> /workspaces/openwrt-radxa-rock5b-plus/openwrt/build_dir/target-aarch64_generic_musl/linux-rockchip_armv8/mac80211-regular/backports-6.16/ipkg-aarch64_generic/kmod-rtw89/lib/apk/packages/kmod-rtw89.conffiles; for file in $(cat /workspaces/openwrt-radxa-rock5b-plus/openwrt/build_dir/target-aarch64_generic_musl/linux-rockchip_armv8/mac80211-regular/backports-6.16/ipkg-aarch64_generic/kmod-rtw89/CONTROL/conffiles); do [ -f /workspaces/openwrt-radxa-rock5b-plus/openwrt/build_dir/target-aarch64_generic_musl/linux-rockchip_armv8/mac80211-regular/backports-6.16/ipkg-aarch64_generic/kmod-rtw89/$file ] || continue; csum=$(/workspaces/openwrt-radxa-rock5b-plus/openwrt/staging_dir/host/bin/mkhash sha256 /workspaces/openwrt-radxa-rock5b-plus/openwrt/build_dir/target-aarch64_generic_musl/linux-rockchip_armv8/mac80211-regular/backports-6.16/ipkg-aarch64_generic/kmod-rtw89/$file); echo $file $csum >> /workspaces/openwrt-radxa-rock5b-plus/openwrt/build_dir/target-aarch64_generic_musl/linux-rockchip_armv8/mac80211-regular/backports-6.16/ipkg-aarch64_generic/kmod-rtw89/lib/apk/packages/kmod-rtw89.conffiles_static; done; rm -rf /workspaces/openwrt-radxa-rock5b-plus/openwrt/build_dir/target-aarch64_generic_musl/linux-rockchip_armv8/mac80211-regular/backports-6.16/ipkg-aarch64_generic/kmod-rtw89/CONTROL/conffiles; fi
make[3]: Leaving directory '/workspaces/openwrt-radxa-rock5b-plus/openwrt/feeds/luci/applications/luci-app-firewall'
time: package/feeds/luci/luci-app-firewall/compile#0.40#0.50#1.88
if [ -z "$(ls -A /workspaces/openwrt-radxa-rock5b-plus/openwrt/build_dir/target-aarch64_generic_musl/linux-rockchip_armv8/mac80211-regular/backports-6.16/ipkg-aarch64_generic/kmod-rtw89/CONTROL 2>/dev/null)" ]; then rm -rf /workspaces/openwrt-radxa-rock5b-plus/openwrt/build_dir/target-aarch64_generic_musl/linux-rockchip_armv8/mac80211-regular/backports-6.16/ipkg-aarch64_generic/kmod-rtw89/CONTROL; else echo "CONTROL directory /workspaces/openwrt-radxa-rock5b-plus/openwrt/build_dir/target-aarch64_generic_musl/linux-rockchip_armv8/mac80211-regular/backports-6.16/ipkg-aarch64_generic/kmod-rtw89/CONTROL is not empty! This is not right and should be checked!" >&2; exit 1; fi
/workspaces/openwrt-radxa-rock5b-plus/openwrt/staging_dir/host/bin/fakeroot /workspaces/openwrt-radxa-rock5b-plus/openwrt/staging_dir/host/bin/apk mkpkg --info "name:kmod-rtw89" --info "version:6.12.45.6.16-r1"  --info "description:Realtek RTW89 core" --info "arch:aarch64_generic" --info "license:GPL-2.0-only" --info "origin:feeds/base/kernel/mac80211" --info "url:https://wireless.wiki.kernel.org/" --info "maintainer:Felix Fietkau <nbd@nbd.name>" --info "provides:"  --script "post-install:/workspaces/openwrt-radxa-rock5b-plus/openwrt/build_dir/target-aarch64_generic_musl/linux-rockchip_armv8/mac80211-regular/backports-6.16/apk-aarch64_generic/kmod-rtw89/post-install" --script "post-upgrade:/workspaces/openwrt-radxa-rock5b-plus/openwrt/build_dir/target-aarch64_generic_musl/linux-rockchip_armv8/mac80211-regular/backports-6.16/apk-aarch64_generic/kmod-rtw89/post-upgrade" --script "pre-deinstall:/workspaces/openwrt-radxa-rock5b-plus/openwrt/build_dir/target-aarch64_generic_musl/linux-rockchip_armv8/mac80211-regular/backports-6.16/apk-aarch64_generic/kmod-rtw89/pre-deinstall" --info "depends:kernel=6.12.45~bfdb4691414eb2d33b0186227f6f0e2d-r1 kmod-mac80211" --files "/workspaces/openwrt-radxa-rock5b-plus/openwrt/build_dir/target-aarch64_generic_musl/linux-rockchip_armv8/mac80211-regular/backports-6.16/ipkg-aarch64_generic/kmod-rtw89" --output "/workspaces/openwrt-radxa-rock5b-plus/openwrt/bin/targets/rockchip/armv8/packages/kmod-rtw89-6.12.45.6.16-r1.apk" --sign "/workspaces/openwrt-radxa-rock5b-plus/openwrt/private-key.pem"
make[3]: Entering directory '/workspaces/openwrt-radxa-rock5b-plus/openwrt/feeds/luci/modules/luci-mod-network'
mkdir -p /workspaces/openwrt-radxa-rock5b-plus/openwrt/staging_dir/target-aarch64_generic_musl/root-rockchip/stamp
SHELL= flock /workspaces/openwrt-radxa-rock5b-plus/openwrt/tmp/.root-copy.flock -c 'cp -fpR /workspaces/openwrt-radxa-rock5b-plus/openwrt/build_dir/target-aarch64_generic_musl/luci-mod-network/.pkgdir/luci-mod-network/. /workspaces/openwrt-radxa-rock5b-plus/openwrt/staging_dir/target-aarch64_generic_musl/root-rockchip/'
rm -rf /workspaces/openwrt-radxa-rock5b-plus/openwrt/build_dir/target-aarch64_generic_musl/linux-rockchip_armv8/mac80211-regular/backports-6.16/.pkgdir/kmod-rtw89.installed /workspaces/openwrt-radxa-rock5b-plus/openwrt/build_dir/target-aarch64_generic_musl/linux-rockchip_armv8/mac80211-regular/backports-6.16/.pkgdir/kmod-rtw89
mkdir -p /workspaces/openwrt-radxa-rock5b-plus/openwrt/build_dir/target-aarch64_generic_musl/linux-rockchip_armv8/mac80211-regular/backports-6.16/.pkgdir/kmod-rtw89
mkdir -p /workspaces/openwrt-radxa-rock5b-plus/openwrt/build_dir/target-aarch64_generic_musl/linux-rockchip_armv8/mac80211-regular/backports-6.16/.pkgdir/kmod-rtw89/etc/modules.d; ( echo "rtw89_core"; ) > /workspaces/openwrt-radxa-rock5b-plus/openwrt/build_dir/target-aarch64_generic_musl/linux-rockchip_armv8/mac80211-regular/backports-6.16/.pkgdir/kmod-rtw89/etc/modules.d/rtw89; 
touch /workspaces/openwrt-radxa-rock5b-plus/openwrt/build_dir/target-aarch64_generic_musl/linux-rockchip_armv8/mac80211-regular/backports-6.16/.pkgdir/kmod-rtw89.installed
rm -rf /workspaces/openwrt-radxa-rock5b-plus/openwrt/build_dir/target-aarch64_generic_musl/linux-rockchip_armv8/mac80211-regular/backports-6.16/ipkg-aarch64_generic/kmod-rtw89-pci
/workspaces/openwrt-radxa-rock5b-plus/openwrt/scripts/ipkg-remove kmod-rtw89-pci /workspaces/openwrt-radxa-rock5b-plus/openwrt/bin/targets/rockchip/armv8/packages/kmod-rtw89-pci-6.12.45.6.16-r1.apk
removed '/workspaces/openwrt-radxa-rock5b-plus/openwrt/bin/targets/rockchip/armv8/packages/kmod-rtw89-pci-6.12.45.6.16-r1.apk'
mkdir -p /workspaces/openwrt-radxa-rock5b-plus/openwrt/bin/targets/rockchip/armv8/packages /workspaces/openwrt-radxa-rock5b-plus/openwrt/build_dir/target-aarch64_generic_musl/linux-rockchip_armv8/mac80211-regular/backports-6.16/ipkg-aarch64_generic/kmod-rtw89-pci /workspaces/openwrt-radxa-rock5b-plus/openwrt/staging_dir/target-aarch64_generic_musl/pkginfo
mkdir -p /workspaces/openwrt-radxa-rock5b-plus/openwrt/build_dir/target-aarch64_generic_musl/linux-rockchip_armv8/mac80211-regular/backports-6.16/ipkg-aarch64_generic/kmod-rtw89-pci/etc/modules.d; ( echo "rtw89_pci"; ) > /workspaces/openwrt-radxa-rock5b-plus/openwrt/build_dir/target-aarch64_generic_musl/linux-rockchip_armv8/mac80211-regular/backports-6.16/ipkg-aarch64_generic/kmod-rtw89-pci/etc/modules.d/rtw89-pci; 
find /workspaces/openwrt-radxa-rock5b-plus/openwrt/build_dir/target-aarch64_generic_musl/linux-rockchip_armv8/mac80211-regular/backports-6.16/ipkg-aarch64_generic/kmod-rtw89-pci -name 'CVS' -o -name '.svn' -o -name '.#*' -o -name '*~'| xargs -r rm -rf
touch /workspaces/openwrt-radxa-rock5b-plus/openwrt/staging_dir/target-aarch64_generic_musl/root-rockchip/stamp/.luci-mod-network_installed
echo "luci-mod-network" >> /workspaces/openwrt-radxa-rock5b-plus/openwrt/staging_dir/target-aarch64_generic_musl/pkginfo/luci-mod-network.default.install
make[3]: Leaving directory '/workspaces/openwrt-radxa-rock5b-plus/openwrt/feeds/luci/modules/luci-mod-network'
export CROSS="aarch64-openwrt-linux-musl-"  NO_RENAME=1 ; NM="aarch64-openwrt-linux-musl-nm" STRIP="/workspaces/openwrt-radxa-rock5b-plus/openwrt/staging_dir/host/bin/sstrip -z" STRIP_KMOD="/workspaces/openwrt-radxa-rock5b-plus/openwrt/scripts/strip-kmod.sh" PATCHELF="/workspaces/openwrt-radxa-rock5b-plus/openwrt/staging_dir/host/bin/patchelf" /workspaces/openwrt-radxa-rock5b-plus/openwrt/scripts/rstrip.sh /workspaces/openwrt-radxa-rock5b-plus/openwrt/build_dir/target-aarch64_generic_musl/linux-rockchip_armv8/mac80211-regular/backports-6.16/ipkg-aarch64_generic/kmod-rtw89-pci
time: package/feeds/luci/luci-mod-network/compile#0.15#0.16#0.59
rstrip.sh: /workspaces/openwrt-radxa-rock5b-plus/openwrt/build_dir/target-aarch64_generic_musl/linux-rockchip_armv8/mac80211-regular/backports-6.16/ipkg-aarch64_generic/kmod-rtw89-pci/lib/modules/6.12.45/rtw89_pci.ko: relocatable
install -d -m0755 /workspaces/openwrt-radxa-rock5b-plus/openwrt/bin/targets/rockchip/armv8/packages/tmp
make[3]: Entering directory '/workspaces/openwrt-radxa-rock5b-plus/openwrt/feeds/luci/modules/luci-mod-status'
mkdir -p /workspaces/openwrt-radxa-rock5b-plus/openwrt/build_dir/target-aarch64_generic_musl/linux-rockchip_armv8/mac80211-regular/backports-6.16/apk-aarch64_generic/kmod-rtw89-pci/
mkdir -p /workspaces/openwrt-radxa-rock5b-plus/openwrt/build_dir/target-aarch64_generic_musl/linux-rockchip_armv8/mac80211-regular/backports-6.16/ipkg-aarch64_generic/kmod-rtw89-pci/lib/apk/packages/
(cd /workspaces/openwrt-radxa-rock5b-plus/openwrt/build_dir/target-aarch64_generic_musl/linux-rockchip_armv8/mac80211-regular/backports-6.16/apk-aarch64_generic/kmod-rtw89-pci; )
( echo "#!/bin/sh"; echo "[ \"\${IPKG_NO_SCRIPT}\" = \"1\" ] && exit 0"; echo "[ -s "\${IPKG_INSTROOT}/lib/functions.sh" ] || exit 0"; echo ". \${IPKG_INSTROOT}/lib/functions.sh"; echo 'export root="${IPKG_INSTROOT}"'; echo 'export pkgname="kmod-rtw89-pci"'; echo "add_group_and_user"; echo "default_postinst"; [ ! -f /workspaces/openwrt-radxa-rock5b-plus/openwrt/build_dir/target-aarch64_generic_musl/linux-rockchip_armv8/mac80211-regular/backports-6.16/apk-aarch64_generic/kmod-rtw89-pci/postinst-pkg ] || sed -z 's/^\s*#!/#!/' "/workspaces/openwrt-radxa-rock5b-plus/openwrt/build_dir/target-aarch64_generic_musl/linux-rockchip_armv8/mac80211-regular/backports-6.16/apk-aarch64_generic/kmod-rtw89-pci/postinst-pkg"; ) > /workspaces/openwrt-radxa-rock5b-plus/openwrt/build_dir/target-aarch64_generic_musl/linux-rockchip_armv8/mac80211-regular/backports-6.16/apk-aarch64_generic/kmod-rtw89-pci/post-install;
( echo "#!/bin/sh"; echo 'export PKG_UPGRADE=1'; [ ! -f /workspaces/openwrt-radxa-rock5b-plus/openwrt/build_dir/target-aarch64_generic_musl/linux-rockchip_armv8/mac80211-regular/backports-6.16/apk-aarch64_generic/kmod-rtw89-pci/post-install ] || sed -z 's/^\s*#!/#!/' "/workspaces/openwrt-radxa-rock5b-plus/openwrt/build_dir/target-aarch64_generic_musl/linux-rockchip_armv8/mac80211-regular/backports-6.16/apk-aarch64_generic/kmod-rtw89-pci/post-install"; ) > /workspaces/openwrt-radxa-rock5b-plus/openwrt/build_dir/target-aarch64_generic_musl/linux-rockchip_armv8/mac80211-regular/backports-6.16/apk-aarch64_generic/kmod-rtw89-pci/post-upgrade;
( echo "#!/bin/sh"; echo "[ -s "\${IPKG_INSTROOT}/lib/functions.sh" ] || exit 0"; echo ". \${IPKG_INSTROOT}/lib/functions.sh"; echo 'export root="${IPKG_INSTROOT}"'; echo 'export pkgname="kmod-rtw89-pci"'; echo "default_prerm"; [ ! -f /workspaces/openwrt-radxa-rock5b-plus/openwrt/build_dir/target-aarch64_generic_musl/linux-rockchip_armv8/mac80211-regular/backports-6.16/apk-aarch64_generic/kmod-rtw89-pci/prerm-pkg ] || sed -z 's/^\s*#!/#!/' "/workspaces/openwrt-radxa-rock5b-plus/openwrt/build_dir/target-aarch64_generic_musl/linux-rockchip_armv8/mac80211-regular/backports-6.16/apk-aarch64_generic/kmod-rtw89-pci/prerm-pkg"; ) > /workspaces/openwrt-radxa-rock5b-plus/openwrt/build_dir/target-aarch64_generic_musl/linux-rockchip_armv8/mac80211-regular/backports-6.16/apk-aarch64_generic/kmod-rtw89-pci/pre-deinstall;
[ ! -f /workspaces/openwrt-radxa-rock5b-plus/openwrt/build_dir/target-aarch64_generic_musl/linux-rockchip_armv8/mac80211-regular/backports-6.16/apk-aarch64_generic/kmod-rtw89-pci/postrm ] || sed -zi 's/^\s*#!/#!/' "/workspaces/openwrt-radxa-rock5b-plus/openwrt/build_dir/target-aarch64_generic_musl/linux-rockchip_armv8/mac80211-regular/backports-6.16/apk-aarch64_generic/kmod-rtw89-pci/postrm";
if [ -n "" ]; then echo  > /workspaces/openwrt-radxa-rock5b-plus/openwrt/build_dir/target-aarch64_generic_musl/linux-rockchip_armv8/mac80211-regular/backports-6.16/ipkg-aarch64_generic/kmod-rtw89-pci/lib/apk/packages/kmod-rtw89-pci.rusers; fi;
if [ -n "" ]; then echo  > /workspaces/openwrt-radxa-rock5b-plus/openwrt/build_dir/target-aarch64_generic_musl/linux-rockchip_armv8/mac80211-regular/backports-6.16/ipkg-aarch64_generic/kmod-rtw89-pci/lib/apk/packages/kmod-rtw89-pci.alternatives; fi;
(cd /workspaces/openwrt-radxa-rock5b-plus/openwrt/build_dir/target-aarch64_generic_musl/linux-rockchip_armv8/mac80211-regular/backports-6.16/ipkg-aarch64_generic/kmod-rtw89-pci && find . -type f,l -printf "/%P\n" | sort > /workspaces/openwrt-radxa-rock5b-plus/openwrt/tmp/kmod-rtw89-pci.list && mv /workspaces/openwrt-radxa-rock5b-plus/openwrt/tmp/kmod-rtw89-pci.list /workspaces/openwrt-radxa-rock5b-plus/openwrt/build_dir/target-aarch64_generic_musl/linux-rockchip_armv8/mac80211-regular/backports-6.16/ipkg-aarch64_generic/kmod-rtw89-pci/lib/apk/packages/kmod-rtw89-pci.list)
# Move conffiles to IDIR and build conffiles_static with csums
if [ -f /workspaces/openwrt-radxa-rock5b-plus/openwrt/build_dir/target-aarch64_generic_musl/linux-rockchip_armv8/mac80211-regular/backports-6.16/apk-aarch64_generic/kmod-rtw89-pci/conffiles ]; then mv -f /workspaces/openwrt-radxa-rock5b-plus/openwrt/build_dir/target-aarch64_generic_musl/linux-rockchip_armv8/mac80211-regular/backports-6.16/apk-aarch64_generic/kmod-rtw89-pci/conffiles /workspaces/openwrt-radxa-rock5b-plus/openwrt/build_dir/target-aarch64_generic_musl/linux-rockchip_armv8/mac80211-regular/backports-6.16/ipkg-aarch64_generic/kmod-rtw89-pci/lib/apk/packages/kmod-rtw89-pci.conffiles; for file in $(cat /workspaces/openwrt-radxa-rock5b-plus/openwrt/build_dir/target-aarch64_generic_musl/linux-rockchip_armv8/mac80211-regular/backports-6.16/ipkg-aarch64_generic/kmod-rtw89-pci/lib/apk/packages/kmod-rtw89-pci.conffiles); do [ -f /workspaces/openwrt-radxa-rock5b-plus/openwrt/build_dir/target-aarch64_generic_musl/linux-rockchip_armv8/mac80211-regular/backports-6.16/ipkg-aarch64_generic/kmod-rtw89-pci/$file ] || continue; csum=$(/workspaces/openwrt-radxa-rock5b-plus/openwrt/staging_dir/host/bin/mkhash sha256 /workspaces/openwrt-radxa-rock5b-plus/openwrt/build_dir/target-aarch64_generic_musl/linux-rockchip_armv8/mac80211-regular/backports-6.16/ipkg-aarch64_generic/kmod-rtw89-pci/$file); echo $file $csum >> /workspaces/openwrt-radxa-rock5b-plus/openwrt/build_dir/target-aarch64_generic_musl/linux-rockchip_armv8/mac80211-regular/backports-6.16/ipkg-aarch64_generic/kmod-rtw89-pci/lib/apk/packages/kmod-rtw89-pci.conffiles_static; done; fi
# Some package (base-files) manually append stuff to conffiles
# Append stuff from it and delete the CONTROL directory since everything else should be migrated
if [ -f /workspaces/openwrt-radxa-rock5b-plus/openwrt/build_dir/target-aarch64_generic_musl/linux-rockchip_armv8/mac80211-regular/backports-6.16/ipkg-aarch64_generic/kmod-rtw89-pci/CONTROL/conffiles ]; then echo $(IDIR_kmod-rtw89-pci)/CONTROL/conffiles >> /workspaces/openwrt-radxa-rock5b-plus/openwrt/build_dir/target-aarch64_generic_musl/linux-rockchip_armv8/mac80211-regular/backports-6.16/ipkg-aarch64_generic/kmod-rtw89-pci/lib/apk/packages/kmod-rtw89-pci.conffiles; for file in $(cat /workspaces/openwrt-radxa-rock5b-plus/openwrt/build_dir/target-aarch64_generic_musl/linux-rockchip_armv8/mac80211-regular/backports-6.16/ipkg-aarch64_generic/kmod-rtw89-pci/CONTROL/conffiles); do [ -f /workspaces/openwrt-radxa-rock5b-plus/openwrt/build_dir/target-aarch64_generic_musl/linux-rockchip_armv8/mac80211-regular/backports-6.16/ipkg-aarch64_generic/kmod-rtw89-pci/$file ] || continue; csum=$(/workspaces/openwrt-radxa-rock5b-plus/openwrt/staging_dir/host/bin/mkhash sha256 /workspaces/openwrt-radxa-rock5b-plus/openwrt/build_dir/target-aarch64_generic_musl/linux-rockchip_armv8/mac80211-regular/backports-6.16/ipkg-aarch64_generic/kmod-rtw89-pci/$file); echo $file $csum >> /workspaces/openwrt-radxa-rock5b-plus/openwrt/build_dir/target-aarch64_generic_musl/linux-rockchip_armv8/mac80211-regular/backports-6.16/ipkg-aarch64_generic/kmod-rtw89-pci/lib/apk/packages/kmod-rtw89-pci.conffiles_static; done; rm -rf /workspaces/openwrt-radxa-rock5b-plus/openwrt/build_dir/target-aarch64_generic_musl/linux-rockchip_armv8/mac80211-regular/backports-6.16/ipkg-aarch64_generic/kmod-rtw89-pci/CONTROL/conffiles; fi
if [ -z "$(ls -A /workspaces/openwrt-radxa-rock5b-plus/openwrt/build_dir/target-aarch64_generic_musl/linux-rockchip_armv8/mac80211-regular/backports-6.16/ipkg-aarch64_generic/kmod-rtw89-pci/CONTROL 2>/dev/null)" ]; then rm -rf /workspaces/openwrt-radxa-rock5b-plus/openwrt/build_dir/target-aarch64_generic_musl/linux-rockchip_armv8/mac80211-regular/backports-6.16/ipkg-aarch64_generic/kmod-rtw89-pci/CONTROL; else echo "CONTROL directory /workspaces/openwrt-radxa-rock5b-plus/openwrt/build_dir/target-aarch64_generic_musl/linux-rockchip_armv8/mac80211-regular/backports-6.16/ipkg-aarch64_generic/kmod-rtw89-pci/CONTROL is not empty! This is not right and should be checked!" >&2; exit 1; fi
/workspaces/openwrt-radxa-rock5b-plus/openwrt/staging_dir/host/bin/fakeroot /workspaces/openwrt-radxa-rock5b-plus/openwrt/staging_dir/host/bin/apk mkpkg --info "name:kmod-rtw89-pci" --info "version:6.12.45.6.16-r1"  --info "description:Realtek RTW89 PCI chips support" --info "arch:aarch64_generic" --info "license:GPL-2.0-only" --info "origin:feeds/base/kernel/mac80211" --info "url:https://wireless.wiki.kernel.org/" --info "maintainer:Felix Fietkau <nbd@nbd.name>" --info "provides:"  --script "post-install:/workspaces/openwrt-radxa-rock5b-plus/openwrt/build_dir/target-aarch64_generic_musl/linux-rockchip_armv8/mac80211-regular/backports-6.16/apk-aarch64_generic/kmod-rtw89-pci/post-install" --script "post-upgrade:/workspaces/openwrt-radxa-rock5b-plus/openwrt/build_dir/target-aarch64_generic_musl/linux-rockchip_armv8/mac80211-regular/backports-6.16/apk-aarch64_generic/kmod-rtw89-pci/post-upgrade" --script "pre-deinstall:/workspaces/openwrt-radxa-rock5b-plus/openwrt/build_dir/target-aarch64_generic_musl/linux-rockchip_armv8/mac80211-regular/backports-6.16/apk-aarch64_generic/kmod-rtw89-pci/pre-deinstall" --info "depends:kernel=6.12.45~bfdb4691414eb2d33b0186227f6f0e2d-r1 kmod-rtw89" --files "/workspaces/openwrt-radxa-rock5b-plus/openwrt/build_dir/target-aarch64_generic_musl/linux-rockchip_armv8/mac80211-regular/backports-6.16/ipkg-aarch64_generic/kmod-rtw89-pci" --output "/workspaces/openwrt-radxa-rock5b-plus/openwrt/bin/targets/rockchip/armv8/packages/kmod-rtw89-pci-6.12.45.6.16-r1.apk" --sign "/workspaces/openwrt-radxa-rock5b-plus/openwrt/private-key.pem"
rm -rf /workspaces/openwrt-radxa-rock5b-plus/openwrt/build_dir/target-aarch64_generic_musl/linux-rockchip_armv8/mac80211-regular/backports-6.16/.pkgdir/kmod-rtw89-pci.installed /workspaces/openwrt-radxa-rock5b-plus/openwrt/build_dir/target-aarch64_generic_musl/linux-rockchip_armv8/mac80211-regular/backports-6.16/.pkgdir/kmod-rtw89-pci
mkdir -p /workspaces/openwrt-radxa-rock5b-plus/openwrt/build_dir/target-aarch64_generic_musl/linux-rockchip_armv8/mac80211-regular/backports-6.16/.pkgdir/kmod-rtw89-pci
mkdir -p /workspaces/openwrt-radxa-rock5b-plus/openwrt/build_dir/target-aarch64_generic_musl/linux-rockchip_armv8/mac80211-regular/backports-6.16/.pkgdir/kmod-rtw89-pci/etc/modules.d; ( echo "rtw89_pci"; ) > /workspaces/openwrt-radxa-rock5b-plus/openwrt/build_dir/target-aarch64_generic_musl/linux-rockchip_armv8/mac80211-regular/backports-6.16/.pkgdir/kmod-rtw89-pci/etc/modules.d/rtw89-pci; 
touch /workspaces/openwrt-radxa-rock5b-plus/openwrt/build_dir/target-aarch64_generic_musl/linux-rockchip_armv8/mac80211-regular/backports-6.16/.pkgdir/kmod-rtw89-pci.installed
rm -rf /workspaces/openwrt-radxa-rock5b-plus/openwrt/build_dir/target-aarch64_generic_musl/linux-rockchip_armv8/mac80211-regular/backports-6.16/ipkg-aarch64_generic/kmod-rtw89-8852b-common
/workspaces/openwrt-radxa-rock5b-plus/openwrt/scripts/ipkg-remove kmod-rtw89-8852b-common /workspaces/openwrt-radxa-rock5b-plus/openwrt/bin/targets/rockchip/armv8/packages/kmod-rtw89-8852b-common-6.12.45.6.16-r1.apk
mkdir -p /workspaces/openwrt-radxa-rock5b-plus/openwrt/bin/targets/rockchip/armv8/packages /workspaces/openwrt-radxa-rock5b-plus/openwrt/build_dir/target-aarch64_generic_musl/linux-rockchip_armv8/mac80211-regular/backports-6.16/ipkg-aarch64_generic/kmod-rtw89-8852b-common /workspaces/openwrt-radxa-rock5b-plus/openwrt/staging_dir/target-aarch64_generic_musl/pkginfo
mkdir -p /workspaces/openwrt-radxa-rock5b-plus/openwrt/build_dir/target-aarch64_generic_musl/linux-rockchip_armv8/mac80211-regular/backports-6.16/ipkg-aarch64_generic/kmod-rtw89-8852b-common/etc/modules.d; ( echo "rtw89_8852b_common"; ) > /workspaces/openwrt-radxa-rock5b-plus/openwrt/build_dir/target-aarch64_generic_musl/linux-rockchip_armv8/mac80211-regular/backports-6.16/ipkg-aarch64_generic/kmod-rtw89-8852b-common/etc/modules.d/rtw89-8852b-common; 
find /workspaces/openwrt-radxa-rock5b-plus/openwrt/build_dir/target-aarch64_generic_musl/linux-rockchip_armv8/mac80211-regular/backports-6.16/ipkg-aarch64_generic/kmod-rtw89-8852b-common -name 'CVS' -o -name '.svn' -o -name '.#*' -o -name '*~'| xargs -r rm -rf
export CROSS="aarch64-openwrt-linux-musl-"  NO_RENAME=1 ; NM="aarch64-openwrt-linux-musl-nm" STRIP="/workspaces/openwrt-radxa-rock5b-plus/openwrt/staging_dir/host/bin/sstrip -z" STRIP_KMOD="/workspaces/openwrt-radxa-rock5b-plus/openwrt/scripts/strip-kmod.sh" PATCHELF="/workspaces/openwrt-radxa-rock5b-plus/openwrt/staging_dir/host/bin/patchelf" /workspaces/openwrt-radxa-rock5b-plus/openwrt/scripts/rstrip.sh /workspaces/openwrt-radxa-rock5b-plus/openwrt/build_dir/target-aarch64_generic_musl/linux-rockchip_armv8/mac80211-regular/backports-6.16/ipkg-aarch64_generic/kmod-rtw89-8852b-common
rstrip.sh: /workspaces/openwrt-radxa-rock5b-plus/openwrt/build_dir/target-aarch64_generic_musl/linux-rockchip_armv8/mac80211-regular/backports-6.16/ipkg-aarch64_generic/kmod-rtw89-8852b-common/lib/modules/6.12.45/rtw89_8852b_common.ko: relocatable
install -d -m0755 /workspaces/openwrt-radxa-rock5b-plus/openwrt/bin/targets/rockchip/armv8/packages/tmp
mkdir -p /workspaces/openwrt-radxa-rock5b-plus/openwrt/build_dir/target-aarch64_generic_musl/linux-rockchip_armv8/mac80211-regular/backports-6.16/apk-aarch64_generic/kmod-rtw89-8852b-common/
mkdir -p /workspaces/openwrt-radxa-rock5b-plus/openwrt/build_dir/target-aarch64_generic_musl/linux-rockchip_armv8/mac80211-regular/backports-6.16/ipkg-aarch64_generic/kmod-rtw89-8852b-common/lib/apk/packages/
(cd /workspaces/openwrt-radxa-rock5b-plus/openwrt/build_dir/target-aarch64_generic_musl/linux-rockchip_armv8/mac80211-regular/backports-6.16/apk-aarch64_generic/kmod-rtw89-8852b-common; )
( echo "#!/bin/sh"; echo "[ \"\${IPKG_NO_SCRIPT}\" = \"1\" ] && exit 0"; echo "[ -s "\${IPKG_INSTROOT}/lib/functions.sh" ] || exit 0"; echo ". \${IPKG_INSTROOT}/lib/functions.sh"; echo 'export root="${IPKG_INSTROOT}"'; echo 'export pkgname="kmod-rtw89-8852b-common"'; echo "add_group_and_user"; echo "default_postinst"; [ ! -f /workspaces/openwrt-radxa-rock5b-plus/openwrt/build_dir/target-aarch64_generic_musl/linux-rockchip_armv8/mac80211-regular/backports-6.16/apk-aarch64_generic/kmod-rtw89-8852b-common/postinst-pkg ] || sed -z 's/^\s*#!/#!/' "/workspaces/openwrt-radxa-rock5b-plus/openwrt/build_dir/target-aarch64_generic_musl/linux-rockchip_armv8/mac80211-regular/backports-6.16/apk-aarch64_generic/kmod-rtw89-8852b-common/postinst-pkg"; ) > /workspaces/openwrt-radxa-rock5b-plus/openwrt/build_dir/target-aarch64_generic_musl/linux-rockchip_armv8/mac80211-regular/backports-6.16/apk-aarch64_generic/kmod-rtw89-8852b-common/post-install;
( echo "#!/bin/sh"; echo 'export PKG_UPGRADE=1'; [ ! -f /workspaces/openwrt-radxa-rock5b-plus/openwrt/build_dir/target-aarch64_generic_musl/linux-rockchip_armv8/mac80211-regular/backports-6.16/apk-aarch64_generic/kmod-rtw89-8852b-common/post-install ] || sed -z 's/^\s*#!/#!/' "/workspaces/openwrt-radxa-rock5b-plus/openwrt/build_dir/target-aarch64_generic_musl/linux-rockchip_armv8/mac80211-regular/backports-6.16/apk-aarch64_generic/kmod-rtw89-8852b-common/post-install"; ) > /workspaces/openwrt-radxa-rock5b-plus/openwrt/build_dir/target-aarch64_generic_musl/linux-rockchip_armv8/mac80211-regular/backports-6.16/apk-aarch64_generic/kmod-rtw89-8852b-common/post-upgrade;
( echo "#!/bin/sh"; echo "[ -s "\${IPKG_INSTROOT}/lib/functions.sh" ] || exit 0"; echo ". \${IPKG_INSTROOT}/lib/functions.sh"; echo 'export root="${IPKG_INSTROOT}"'; echo 'export pkgname="kmod-rtw89-8852b-common"'; echo "default_prerm"; [ ! -f /workspaces/openwrt-radxa-rock5b-plus/openwrt/build_dir/target-aarch64_generic_musl/linux-rockchip_armv8/mac80211-regular/backports-6.16/apk-aarch64_generic/kmod-rtw89-8852b-common/prerm-pkg ] || sed -z 's/^\s*#!/#!/' "/workspaces/openwrt-radxa-rock5b-plus/openwrt/build_dir/target-aarch64_generic_musl/linux-rockchip_armv8/mac80211-regular/backports-6.16/apk-aarch64_generic/kmod-rtw89-8852b-common/prerm-pkg"; ) > /workspaces/openwrt-radxa-rock5b-plus/openwrt/build_dir/target-aarch64_generic_musl/linux-rockchip_armv8/mac80211-regular/backports-6.16/apk-aarch64_generic/kmod-rtw89-8852b-common/pre-deinstall;
[ ! -f /workspaces/openwrt-radxa-rock5b-plus/openwrt/build_dir/target-aarch64_generic_musl/linux-rockchip_armv8/mac80211-regular/backports-6.16/apk-aarch64_generic/kmod-rtw89-8852b-common/postrm ] || sed -zi 's/^\s*#!/#!/' "/workspaces/openwrt-radxa-rock5b-plus/openwrt/build_dir/target-aarch64_generic_musl/linux-rockchip_armv8/mac80211-regular/backports-6.16/apk-aarch64_generic/kmod-rtw89-8852b-common/postrm";
if [ -n "" ]; then echo  > /workspaces/openwrt-radxa-rock5b-plus/openwrt/build_dir/target-aarch64_generic_musl/linux-rockchip_armv8/mac80211-regular/backports-6.16/ipkg-aarch64_generic/kmod-rtw89-8852b-common/lib/apk/packages/kmod-rtw89-8852b-common.rusers; fi;
if [ -n "" ]; then echo  > /workspaces/openwrt-radxa-rock5b-plus/openwrt/build_dir/target-aarch64_generic_musl/linux-rockchip_armv8/mac80211-regular/backports-6.16/ipkg-aarch64_generic/kmod-rtw89-8852b-common/lib/apk/packages/kmod-rtw89-8852b-common.alternatives; fi;
(cd /workspaces/openwrt-radxa-rock5b-plus/openwrt/build_dir/target-aarch64_generic_musl/linux-rockchip_armv8/mac80211-regular/backports-6.16/ipkg-aarch64_generic/kmod-rtw89-8852b-common && find . -type f,l -printf "/%P\n" | sort > /workspaces/openwrt-radxa-rock5b-plus/openwrt/tmp/kmod-rtw89-8852b-common.list && mv /workspaces/openwrt-radxa-rock5b-plus/openwrt/tmp/kmod-rtw89-8852b-common.list /workspaces/openwrt-radxa-rock5b-plus/openwrt/build_dir/target-aarch64_generic_musl/linux-rockchip_armv8/mac80211-regular/backports-6.16/ipkg-aarch64_generic/kmod-rtw89-8852b-common/lib/apk/packages/kmod-rtw89-8852b-common.list)
# Move conffiles to IDIR and build conffiles_static with csums
if [ -f /workspaces/openwrt-radxa-rock5b-plus/openwrt/build_dir/target-aarch64_generic_musl/linux-rockchip_armv8/mac80211-regular/backports-6.16/apk-aarch64_generic/kmod-rtw89-8852b-common/conffiles ]; then mv -f /workspaces/openwrt-radxa-rock5b-plus/openwrt/build_dir/target-aarch64_generic_musl/linux-rockchip_armv8/mac80211-regular/backports-6.16/apk-aarch64_generic/kmod-rtw89-8852b-common/conffiles /workspaces/openwrt-radxa-rock5b-plus/openwrt/build_dir/target-aarch64_generic_musl/linux-rockchip_armv8/mac80211-regular/backports-6.16/ipkg-aarch64_generic/kmod-rtw89-8852b-common/lib/apk/packages/kmod-rtw89-8852b-common.conffiles; for file in $(cat /workspaces/openwrt-radxa-rock5b-plus/openwrt/build_dir/target-aarch64_generic_musl/linux-rockchip_armv8/mac80211-regular/backports-6.16/ipkg-aarch64_generic/kmod-rtw89-8852b-common/lib/apk/packages/kmod-rtw89-8852b-common.conffiles); do [ -f /workspaces/openwrt-radxa-rock5b-plus/openwrt/build_dir/target-aarch64_generic_musl/linux-rockchip_armv8/mac80211-regular/backports-6.16/ipkg-aarch64_generic/kmod-rtw89-8852b-common/$file ] || continue; csum=$(/workspaces/openwrt-radxa-rock5b-plus/openwrt/staging_dir/host/bin/mkhash sha256 /workspaces/openwrt-radxa-rock5b-plus/openwrt/build_dir/target-aarch64_generic_musl/linux-rockchip_armv8/mac80211-regular/backports-6.16/ipkg-aarch64_generic/kmod-rtw89-8852b-common/$file); echo $file $csum >> /workspaces/openwrt-radxa-rock5b-plus/openwrt/build_dir/target-aarch64_generic_musl/linux-rockchip_armv8/mac80211-regular/backports-6.16/ipkg-aarch64_generic/kmod-rtw89-8852b-common/lib/apk/packages/kmod-rtw89-8852b-common.conffiles_static; done; fi
# Some package (base-files) manually append stuff to conffiles
# Append stuff from it and delete the CONTROL directory since everything else should be migrated
if [ -f /workspaces/openwrt-radxa-rock5b-plus/openwrt/build_dir/target-aarch64_generic_musl/linux-rockchip_armv8/mac80211-regular/backports-6.16/ipkg-aarch64_generic/kmod-rtw89-8852b-common/CONTROL/conffiles ]; then echo $(IDIR_kmod-rtw89-8852b-common)/CONTROL/conffiles >> /workspaces/openwrt-radxa-rock5b-plus/openwrt/build_dir/target-aarch64_generic_musl/linux-rockchip_armv8/mac80211-regular/backports-6.16/ipkg-aarch64_generic/kmod-rtw89-8852b-common/lib/apk/packages/kmod-rtw89-8852b-common.conffiles; for file in $(cat /workspaces/openwrt-radxa-rock5b-plus/openwrt/build_dir/target-aarch64_generic_musl/linux-rockchip_armv8/mac80211-regular/backports-6.16/ipkg-aarch64_generic/kmod-rtw89-8852b-common/CONTROL/conffiles); do [ -f /workspaces/openwrt-radxa-rock5b-plus/openwrt/build_dir/target-aarch64_generic_musl/linux-rockchip_armv8/mac80211-regular/backports-6.16/ipkg-aarch64_generic/kmod-rtw89-8852b-common/$file ] || continue; csum=$(/workspaces/openwrt-radxa-rock5b-plus/openwrt/staging_dir/host/bin/mkhash sha256 /workspaces/openwrt-radxa-rock5b-plus/openwrt/build_dir/target-aarch64_generic_musl/linux-rockchip_armv8/mac80211-regular/backports-6.16/ipkg-aarch64_generic/kmod-rtw89-8852b-common/$file); echo $file $csum >> /workspaces/openwrt-radxa-rock5b-plus/openwrt/build_dir/target-aarch64_generic_musl/linux-rockchip_armv8/mac80211-regular/backports-6.16/ipkg-aarch64_generic/kmod-rtw89-8852b-common/lib/apk/packages/kmod-rtw89-8852b-common.conffiles_static; done; rm -rf /workspaces/openwrt-radxa-rock5b-plus/openwrt/build_dir/target-aarch64_generic_musl/linux-rockchip_armv8/mac80211-regular/backports-6.16/ipkg-aarch64_generic/kmod-rtw89-8852b-common/CONTROL/conffiles; fi
if [ -z "$(ls -A /workspaces/openwrt-radxa-rock5b-plus/openwrt/build_dir/target-aarch64_generic_musl/linux-rockchip_armv8/mac80211-regular/backports-6.16/ipkg-aarch64_generic/kmod-rtw89-8852b-common/CONTROL 2>/dev/null)" ]; then rm -rf /workspaces/openwrt-radxa-rock5b-plus/openwrt/build_dir/target-aarch64_generic_musl/linux-rockchip_armv8/mac80211-regular/backports-6.16/ipkg-aarch64_generic/kmod-rtw89-8852b-common/CONTROL; else echo "CONTROL directory /workspaces/openwrt-radxa-rock5b-plus/openwrt/build_dir/target-aarch64_generic_musl/linux-rockchip_armv8/mac80211-regular/backports-6.16/ipkg-aarch64_generic/kmod-rtw89-8852b-common/CONTROL is not empty! This is not right and should be checked!" >&2; exit 1; fi
/workspaces/openwrt-radxa-rock5b-plus/openwrt/staging_dir/host/bin/fakeroot /workspaces/openwrt-radxa-rock5b-plus/openwrt/staging_dir/host/bin/apk mkpkg --info "name:kmod-rtw89-8852b-common" --info "version:6.12.45.6.16-r1"  --info "description:Realtek RTL8852B family support" --info "arch:aarch64_generic" --info "license:GPL-2.0-only" --info "origin:feeds/base/kernel/mac80211" --info "url:https://wireless.wiki.kernel.org/" --info "maintainer:Felix Fietkau <nbd@nbd.name>" --info "provides:"  --script "post-install:/workspaces/openwrt-radxa-rock5b-plus/openwrt/build_dir/target-aarch64_generic_musl/linux-rockchip_armv8/mac80211-regular/backports-6.16/apk-aarch64_generic/kmod-rtw89-8852b-common/post-install" --script "post-upgrade:/workspaces/openwrt-radxa-rock5b-plus/openwrt/build_dir/target-aarch64_generic_musl/linux-rockchip_armv8/mac80211-regular/backports-6.16/apk-aarch64_generic/kmod-rtw89-8852b-common/post-upgrade" --script "pre-deinstall:/workspaces/openwrt-radxa-rock5b-plus/openwrt/build_dir/target-aarch64_generic_musl/linux-rockchip_armv8/mac80211-regular/backports-6.16/apk-aarch64_generic/kmod-rtw89-8852b-common/pre-deinstall" --info "depends:kernel=6.12.45~bfdb4691414eb2d33b0186227f6f0e2d-r1 kmod-rtw89-pci" --files "/workspaces/openwrt-radxa-rock5b-plus/openwrt/build_dir/target-aarch64_generic_musl/linux-rockchip_armv8/mac80211-regular/backports-6.16/ipkg-aarch64_generic/kmod-rtw89-8852b-common" --output "/workspaces/openwrt-radxa-rock5b-plus/openwrt/bin/targets/rockchip/armv8/packages/kmod-rtw89-8852b-common-6.12.45.6.16-r1.apk" --sign "/workspaces/openwrt-radxa-rock5b-plus/openwrt/private-key.pem"
rm -rf /workspaces/openwrt-radxa-rock5b-plus/openwrt/build_dir/target-aarch64_generic_musl/linux-rockchip_armv8/mac80211-regular/backports-6.16/.pkgdir/kmod-rtw89-8852b-common.installed /workspaces/openwrt-radxa-rock5b-plus/openwrt/build_dir/target-aarch64_generic_musl/linux-rockchip_armv8/mac80211-regular/backports-6.16/.pkgdir/kmod-rtw89-8852b-common
mkdir -p /workspaces/openwrt-radxa-rock5b-plus/openwrt/build_dir/target-aarch64_generic_musl/linux-rockchip_armv8/mac80211-regular/backports-6.16/.pkgdir/kmod-rtw89-8852b-common
mkdir -p /workspaces/openwrt-radxa-rock5b-plus/openwrt/build_dir/target-aarch64_generic_musl/linux-rockchip_armv8/mac80211-regular/backports-6.16/.pkgdir/kmod-rtw89-8852b-common/etc/modules.d; ( echo "rtw89_8852b_common"; ) > /workspaces/openwrt-radxa-rock5b-plus/openwrt/build_dir/target-aarch64_generic_musl/linux-rockchip_armv8/mac80211-regular/backports-6.16/.pkgdir/kmod-rtw89-8852b-common/etc/modules.d/rtw89-8852b-common; 
touch /workspaces/openwrt-radxa-rock5b-plus/openwrt/build_dir/target-aarch64_generic_musl/linux-rockchip_armv8/mac80211-regular/backports-6.16/.pkgdir/kmod-rtw89-8852b-common.installed
rm -rf /workspaces/openwrt-radxa-rock5b-plus/openwrt/build_dir/target-aarch64_generic_musl/linux-rockchip_armv8/mac80211-regular/backports-6.16/ipkg-aarch64_generic/kmod-rtw89-8852be
/workspaces/openwrt-radxa-rock5b-plus/openwrt/scripts/ipkg-remove kmod-rtw89-8852be /workspaces/openwrt-radxa-rock5b-plus/openwrt/bin/targets/rockchip/armv8/packages/kmod-rtw89-8852be-6.12.45.6.16-r1.apk
mkdir -p /workspaces/openwrt-radxa-rock5b-plus/openwrt/bin/targets/rockchip/armv8/packages /workspaces/openwrt-radxa-rock5b-plus/openwrt/build_dir/target-aarch64_generic_musl/linux-rockchip_armv8/mac80211-regular/backports-6.16/ipkg-aarch64_generic/kmod-rtw89-8852be /workspaces/openwrt-radxa-rock5b-plus/openwrt/staging_dir/target-aarch64_generic_musl/pkginfo
rm -f /workspaces/openwrt-radxa-rock5b-plus/openwrt/build_dir/target-aarch64_generic_musl/luci-mod-status/.built
touch /workspaces/openwrt-radxa-rock5b-plus/openwrt/build_dir/target-aarch64_generic_musl/luci-mod-status/.built_check
CFLAGS="-Os -pipe -mcpu=generic -fno-caller-saves -fno-plt -fhonour-copts -fmacro-prefix-map=/workspaces/openwrt-radxa-rock5b-plus/openwrt/build_dir/target-aarch64_generic_musl/luci-mod-status=luci-mod-status -Wformat -Werror=format-security -fstack-protector -D_FORTIFY_SOURCE=1 -Wl,-z,now -Wl,-z,relro  -I/workspaces/openwrt-radxa-rock5b-plus/openwrt/staging_dir/toolchain-aarch64_generic_gcc-14.3.0_musl/usr/include -I/workspaces/openwrt-radxa-rock5b-plus/openwrt/staging_dir/toolchain-aarch64_generic_gcc-14.3.0_musl/include -I/workspaces/openwrt-radxa-rock5b-plus/openwrt/staging_dir/toolchain-aarch64_generic_gcc-14.3.0_musl/include/fortify " CXXFLAGS="-Os -pipe -mcpu=generic -fno-caller-saves -fno-plt -fhonour-copts -fmacro-prefix-map=/workspaces/openwrt-radxa-rock5b-plus/openwrt/build_dir/target-aarch64_generic_musl/luci-mod-status=luci-mod-status -Wformat -Werror=format-security -fstack-protector -D_FORTIFY_SOURCE=1 -Wl,-z,now -Wl,-z,relro  -I/workspaces/openwrt-radxa-rock5b-plus/openwrt/staging_dir/toolchain-aarch64_generic_gcc-14.3.0_musl/usr/include -I/workspaces/openwrt-radxa-rock5b-plus/openwrt/staging_dir/toolchain-aarch64_generic_gcc-14.3.0_musl/include -I/workspaces/openwrt-radxa-rock5b-plus/openwrt/staging_dir/toolchain-aarch64_generic_gcc-14.3.0_musl/include/fortify " LDFLAGS="-L/workspaces/openwrt-radxa-rock5b-plus/openwrt/staging_dir/toolchain-aarch64_generic_gcc-14.3.0_musl/usr/lib -L/workspaces/openwrt-radxa-rock5b-plus/openwrt/staging_dir/toolchain-aarch64_generic_gcc-14.3.0_musl/lib -fuse-ld=bfd -znow -zrelro " FPIC="-DPIC -fPIC" LUCI_VERSION="25.253.73204~220531f" LUCI_GITBRANCH="LuCI Master" make -j1 -C /workspaces/openwrt-radxa-rock5b-plus/openwrt/build_dir/target-aarch64_generic_musl/luci-mod-status/src/ AR="aarch64-openwrt-linux-musl-gcc-ar" AS="aarch64-openwrt-linux-musl-gcc -c -Os -pipe -mcpu=generic -fno-caller-saves -fno-plt -fhonour-copts -fmacro-prefix-map=/workspaces/openwrt-radxa-rock5b-plus/openwrt/build_dir/target-aarch64_generic_musl/luci-mod-status=luci-mod-status -Wformat -Werror=format-security -fstack-protector -D_FORTIFY_SOURCE=1 -Wl,-z,now -Wl,-z,relro" LD="aarch64-openwrt-linux-musl-ld.bfd" NM="aarch64-openwrt-linux-musl-gcc-nm" CC="aarch64-openwrt-linux-musl-gcc" GCC="aarch64-openwrt-linux-musl-gcc" CXX="aarch64-openwrt-linux-musl-g++" RANLIB="aarch64-openwrt-linux-musl-gcc-ranlib" STRIP=aarch64-openwrt-linux-musl-strip OBJCOPY=aarch64-openwrt-linux-musl-objcopy OBJDUMP=aarch64-openwrt-linux-musl-objdump SIZE=aarch64-openwrt-linux-musl-size CROSS="aarch64-openwrt-linux-musl-" ARCH="aarch64" clean compile;
make[4]: Entering directory '/workspaces/openwrt-radxa-rock5b-plus/openwrt/build_dir/target-aarch64_generic_musl/luci-mod-status/src'
rm -f luci-bwc *.o
aarch64-openwrt-linux-musl-gcc  -Os -pipe -mcpu=generic -fno-caller-saves -fno-plt -fhonour-copts -fmacro-prefix-map=/workspaces/openwrt-radxa-rock5b-plus/openwrt/build_dir/target-aarch64_generic_musl/luci-mod-status=luci-mod-status -Wformat -Werror=format-security -fstack-protector -D_FORTIFY_SOURCE=1 -Wl,-z,now -Wl,-z,relro  -I/workspaces/openwrt-radxa-rock5b-plus/openwrt/staging_dir/toolchain-aarch64_generic_gcc-14.3.0_musl/usr/include -I/workspaces/openwrt-radxa-rock5b-plus/openwrt/staging_dir/toolchain-aarch64_generic_gcc-14.3.0_musl/include -I/workspaces/openwrt-radxa-rock5b-plus/openwrt/staging_dir/toolchain-aarch64_generic_gcc-14.3.0_musl/include/fortify  -DPIC -fPIC -Wall -c -o luci-bwc.o luci-bwc.c
mkdir -p /workspaces/openwrt-radxa-rock5b-plus/openwrt/build_dir/target-aarch64_generic_musl/linux-rockchip_armv8/mac80211-regular/backports-6.16/ipkg-aarch64_generic/kmod-rtw89-8852be/etc/modules.d; ( echo "rtw89_8852be"; ) > /workspaces/openwrt-radxa-rock5b-plus/openwrt/build_dir/target-aarch64_generic_musl/linux-rockchip_armv8/mac80211-regular/backports-6.16/ipkg-aarch64_generic/kmod-rtw89-8852be/etc/modules.d/rtw89-8852be; 
find /workspaces/openwrt-radxa-rock5b-plus/openwrt/build_dir/target-aarch64_generic_musl/linux-rockchip_armv8/mac80211-regular/backports-6.16/ipkg-aarch64_generic/kmod-rtw89-8852be -name 'CVS' -o -name '.svn' -o -name '.#*' -o -name '*~'| xargs -r rm -rf
export CROSS="aarch64-openwrt-linux-musl-"  NO_RENAME=1 ; NM="aarch64-openwrt-linux-musl-nm" STRIP="/workspaces/openwrt-radxa-rock5b-plus/openwrt/staging_dir/host/bin/sstrip -z" STRIP_KMOD="/workspaces/openwrt-radxa-rock5b-plus/openwrt/scripts/strip-kmod.sh" PATCHELF="/workspaces/openwrt-radxa-rock5b-plus/openwrt/staging_dir/host/bin/patchelf" /workspaces/openwrt-radxa-rock5b-plus/openwrt/scripts/rstrip.sh /workspaces/openwrt-radxa-rock5b-plus/openwrt/build_dir/target-aarch64_generic_musl/linux-rockchip_armv8/mac80211-regular/backports-6.16/ipkg-aarch64_generic/kmod-rtw89-8852be
rstrip.sh: /workspaces/openwrt-radxa-rock5b-plus/openwrt/build_dir/target-aarch64_generic_musl/linux-rockchip_armv8/mac80211-regular/backports-6.16/ipkg-aarch64_generic/kmod-rtw89-8852be/lib/modules/6.12.45/rtw89_8852be.ko: relocatable
rstrip.sh: /workspaces/openwrt-radxa-rock5b-plus/openwrt/build_dir/target-aarch64_generic_musl/linux-rockchip_armv8/mac80211-regular/backports-6.16/ipkg-aarch64_generic/kmod-rtw89-8852be/lib/modules/6.12.45/rtw89_8852b.ko: relocatable
install -d -m0755 /workspaces/openwrt-radxa-rock5b-plus/openwrt/bin/targets/rockchip/armv8/packages/tmp
mkdir -p /workspaces/openwrt-radxa-rock5b-plus/openwrt/build_dir/target-aarch64_generic_musl/linux-rockchip_armv8/mac80211-regular/backports-6.16/apk-aarch64_generic/kmod-rtw89-8852be/
mkdir -p /workspaces/openwrt-radxa-rock5b-plus/openwrt/build_dir/target-aarch64_generic_musl/linux-rockchip_armv8/mac80211-regular/backports-6.16/ipkg-aarch64_generic/kmod-rtw89-8852be/lib/apk/packages/
(cd /workspaces/openwrt-radxa-rock5b-plus/openwrt/build_dir/target-aarch64_generic_musl/linux-rockchip_armv8/mac80211-regular/backports-6.16/apk-aarch64_generic/kmod-rtw89-8852be; )
( echo "#!/bin/sh"; echo "[ \"\${IPKG_NO_SCRIPT}\" = \"1\" ] && exit 0"; echo "[ -s "\${IPKG_INSTROOT}/lib/functions.sh" ] || exit 0"; echo ". \${IPKG_INSTROOT}/lib/functions.sh"; echo 'export root="${IPKG_INSTROOT}"'; echo 'export pkgname="kmod-rtw89-8852be"'; echo "add_group_and_user"; echo "default_postinst"; [ ! -f /workspaces/openwrt-radxa-rock5b-plus/openwrt/build_dir/target-aarch64_generic_musl/linux-rockchip_armv8/mac80211-regular/backports-6.16/apk-aarch64_generic/kmod-rtw89-8852be/postinst-pkg ] || sed -z 's/^\s*#!/#!/' "/workspaces/openwrt-radxa-rock5b-plus/openwrt/build_dir/target-aarch64_generic_musl/linux-rockchip_armv8/mac80211-regular/backports-6.16/apk-aarch64_generic/kmod-rtw89-8852be/postinst-pkg"; ) > /workspaces/openwrt-radxa-rock5b-plus/openwrt/build_dir/target-aarch64_generic_musl/linux-rockchip_armv8/mac80211-regular/backports-6.16/apk-aarch64_generic/kmod-rtw89-8852be/post-install;
( echo "#!/bin/sh"; echo 'export PKG_UPGRADE=1'; [ ! -f /workspaces/openwrt-radxa-rock5b-plus/openwrt/build_dir/target-aarch64_generic_musl/linux-rockchip_armv8/mac80211-regular/backports-6.16/apk-aarch64_generic/kmod-rtw89-8852be/post-install ] || sed -z 's/^\s*#!/#!/' "/workspaces/openwrt-radxa-rock5b-plus/openwrt/build_dir/target-aarch64_generic_musl/linux-rockchip_armv8/mac80211-regular/backports-6.16/apk-aarch64_generic/kmod-rtw89-8852be/post-install"; ) > /workspaces/openwrt-radxa-rock5b-plus/openwrt/build_dir/target-aarch64_generic_musl/linux-rockchip_armv8/mac80211-regular/backports-6.16/apk-aarch64_generic/kmod-rtw89-8852be/post-upgrade;
( echo "#!/bin/sh"; echo "[ -s "\${IPKG_INSTROOT}/lib/functions.sh" ] || exit 0"; echo ". \${IPKG_INSTROOT}/lib/functions.sh"; echo 'export root="${IPKG_INSTROOT}"'; echo 'export pkgname="kmod-rtw89-8852be"'; echo "default_prerm"; [ ! -f /workspaces/openwrt-radxa-rock5b-plus/openwrt/build_dir/target-aarch64_generic_musl/linux-rockchip_armv8/mac80211-regular/backports-6.16/apk-aarch64_generic/kmod-rtw89-8852be/prerm-pkg ] || sed -z 's/^\s*#!/#!/' "/workspaces/openwrt-radxa-rock5b-plus/openwrt/build_dir/target-aarch64_generic_musl/linux-rockchip_armv8/mac80211-regular/backports-6.16/apk-aarch64_generic/kmod-rtw89-8852be/prerm-pkg"; ) > /workspaces/openwrt-radxa-rock5b-plus/openwrt/build_dir/target-aarch64_generic_musl/linux-rockchip_armv8/mac80211-regular/backports-6.16/apk-aarch64_generic/kmod-rtw89-8852be/pre-deinstall;
[ ! -f /workspaces/openwrt-radxa-rock5b-plus/openwrt/build_dir/target-aarch64_generic_musl/linux-rockchip_armv8/mac80211-regular/backports-6.16/apk-aarch64_generic/kmod-rtw89-8852be/postrm ] || sed -zi 's/^\s*#!/#!/' "/workspaces/openwrt-radxa-rock5b-plus/openwrt/build_dir/target-aarch64_generic_musl/linux-rockchip_armv8/mac80211-regular/backports-6.16/apk-aarch64_generic/kmod-rtw89-8852be/postrm";
if [ -n "" ]; then echo  > /workspaces/openwrt-radxa-rock5b-plus/openwrt/build_dir/target-aarch64_generic_musl/linux-rockchip_armv8/mac80211-regular/backports-6.16/ipkg-aarch64_generic/kmod-rtw89-8852be/lib/apk/packages/kmod-rtw89-8852be.rusers; fi;
if [ -n "" ]; then echo  > /workspaces/openwrt-radxa-rock5b-plus/openwrt/build_dir/target-aarch64_generic_musl/linux-rockchip_armv8/mac80211-regular/backports-6.16/ipkg-aarch64_generic/kmod-rtw89-8852be/lib/apk/packages/kmod-rtw89-8852be.alternatives; fi;
(cd /workspaces/openwrt-radxa-rock5b-plus/openwrt/build_dir/target-aarch64_generic_musl/linux-rockchip_armv8/mac80211-regular/backports-6.16/ipkg-aarch64_generic/kmod-rtw89-8852be && find . -type f,l -printf "/%P\n" | sort > /workspaces/openwrt-radxa-rock5b-plus/openwrt/tmp/kmod-rtw89-8852be.list && mv /workspaces/openwrt-radxa-rock5b-plus/openwrt/tmp/kmod-rtw89-8852be.list /workspaces/openwrt-radxa-rock5b-plus/openwrt/build_dir/target-aarch64_generic_musl/linux-rockchip_armv8/mac80211-regular/backports-6.16/ipkg-aarch64_generic/kmod-rtw89-8852be/lib/apk/packages/kmod-rtw89-8852be.list)
# Move conffiles to IDIR and build conffiles_static with csums
if [ -f /workspaces/openwrt-radxa-rock5b-plus/openwrt/build_dir/target-aarch64_generic_musl/linux-rockchip_armv8/mac80211-regular/backports-6.16/apk-aarch64_generic/kmod-rtw89-8852be/conffiles ]; then mv -f /workspaces/openwrt-radxa-rock5b-plus/openwrt/build_dir/target-aarch64_generic_musl/linux-rockchip_armv8/mac80211-regular/backports-6.16/apk-aarch64_generic/kmod-rtw89-8852be/conffiles /workspaces/openwrt-radxa-rock5b-plus/openwrt/build_dir/target-aarch64_generic_musl/linux-rockchip_armv8/mac80211-regular/backports-6.16/ipkg-aarch64_generic/kmod-rtw89-8852be/lib/apk/packages/kmod-rtw89-8852be.conffiles; for file in $(cat /workspaces/openwrt-radxa-rock5b-plus/openwrt/build_dir/target-aarch64_generic_musl/linux-rockchip_armv8/mac80211-regular/backports-6.16/ipkg-aarch64_generic/kmod-rtw89-8852be/lib/apk/packages/kmod-rtw89-8852be.conffiles); do [ -f /workspaces/openwrt-radxa-rock5b-plus/openwrt/build_dir/target-aarch64_generic_musl/linux-rockchip_armv8/mac80211-regular/backports-6.16/ipkg-aarch64_generic/kmod-rtw89-8852be/$file ] || continue; csum=$(/workspaces/openwrt-radxa-rock5b-plus/openwrt/staging_dir/host/bin/mkhash sha256 /workspaces/openwrt-radxa-rock5b-plus/openwrt/build_dir/target-aarch64_generic_musl/linux-rockchip_armv8/mac80211-regular/backports-6.16/ipkg-aarch64_generic/kmod-rtw89-8852be/$file); echo $file $csum >> /workspaces/openwrt-radxa-rock5b-plus/openwrt/build_dir/target-aarch64_generic_musl/linux-rockchip_armv8/mac80211-regular/backports-6.16/ipkg-aarch64_generic/kmod-rtw89-8852be/lib/apk/packages/kmod-rtw89-8852be.conffiles_static; done; fi
# Some package (base-files) manually append stuff to conffiles
# Append stuff from it and delete the CONTROL directory since everything else should be migrated
if [ -f /workspaces/openwrt-radxa-rock5b-plus/openwrt/build_dir/target-aarch64_generic_musl/linux-rockchip_armv8/mac80211-regular/backports-6.16/ipkg-aarch64_generic/kmod-rtw89-8852be/CONTROL/conffiles ]; then echo $(IDIR_kmod-rtw89-8852be)/CONTROL/conffiles >> /workspaces/openwrt-radxa-rock5b-plus/openwrt/build_dir/target-aarch64_generic_musl/linux-rockchip_armv8/mac80211-regular/backports-6.16/ipkg-aarch64_generic/kmod-rtw89-8852be/lib/apk/packages/kmod-rtw89-8852be.conffiles; for file in $(cat /workspaces/openwrt-radxa-rock5b-plus/openwrt/build_dir/target-aarch64_generic_musl/linux-rockchip_armv8/mac80211-regular/backports-6.16/ipkg-aarch64_generic/kmod-rtw89-8852be/CONTROL/conffiles); do [ -f /workspaces/openwrt-radxa-rock5b-plus/openwrt/build_dir/target-aarch64_generic_musl/linux-rockchip_armv8/mac80211-regular/backports-6.16/ipkg-aarch64_generic/kmod-rtw89-8852be/$file ] || continue; csum=$(/workspaces/openwrt-radxa-rock5b-plus/openwrt/staging_dir/host/bin/mkhash sha256 /workspaces/openwrt-radxa-rock5b-plus/openwrt/build_dir/target-aarch64_generic_musl/linux-rockchip_armv8/mac80211-regular/backports-6.16/ipkg-aarch64_generic/kmod-rtw89-8852be/$file); echo $file $csum >> /workspaces/openwrt-radxa-rock5b-plus/openwrt/build_dir/target-aarch64_generic_musl/linux-rockchip_armv8/mac80211-regular/backports-6.16/ipkg-aarch64_generic/kmod-rtw89-8852be/lib/apk/packages/kmod-rtw89-8852be.conffiles_static; done; rm -rf /workspaces/openwrt-radxa-rock5b-plus/openwrt/build_dir/target-aarch64_generic_musl/linux-rockchip_armv8/mac80211-regular/backports-6.16/ipkg-aarch64_generic/kmod-rtw89-8852be/CONTROL/conffiles; fi
if [ -z "$(ls -A /workspaces/openwrt-radxa-rock5b-plus/openwrt/build_dir/target-aarch64_generic_musl/linux-rockchip_armv8/mac80211-regular/backports-6.16/ipkg-aarch64_generic/kmod-rtw89-8852be/CONTROL 2>/dev/null)" ]; then rm -rf /workspaces/openwrt-radxa-rock5b-plus/openwrt/build_dir/target-aarch64_generic_musl/linux-rockchip_armv8/mac80211-regular/backports-6.16/ipkg-aarch64_generic/kmod-rtw89-8852be/CONTROL; else echo "CONTROL directory /workspaces/openwrt-radxa-rock5b-plus/openwrt/build_dir/target-aarch64_generic_musl/linux-rockchip_armv8/mac80211-regular/backports-6.16/ipkg-aarch64_generic/kmod-rtw89-8852be/CONTROL is not empty! This is not right and should be checked!" >&2; exit 1; fi
/workspaces/openwrt-radxa-rock5b-plus/openwrt/staging_dir/host/bin/fakeroot /workspaces/openwrt-radxa-rock5b-plus/openwrt/staging_dir/host/bin/apk mkpkg --info "name:kmod-rtw89-8852be" --info "version:6.12.45.6.16-r1"  --info "description:Realtek RTL8852BE support" --info "arch:aarch64_generic" --info "license:GPL-2.0-only" --info "origin:feeds/base/kernel/mac80211" --info "url:https://wireless.wiki.kernel.org/" --info "maintainer:Felix Fietkau <nbd@nbd.name>" --info "provides:"  --script "post-install:/workspaces/openwrt-radxa-rock5b-plus/openwrt/build_dir/target-aarch64_generic_musl/linux-rockchip_armv8/mac80211-regular/backports-6.16/apk-aarch64_generic/kmod-rtw89-8852be/post-install" --script "post-upgrade:/workspaces/openwrt-radxa-rock5b-plus/openwrt/build_dir/target-aarch64_generic_musl/linux-rockchip_armv8/mac80211-regular/backports-6.16/apk-aarch64_generic/kmod-rtw89-8852be/post-upgrade" --script "pre-deinstall:/workspaces/openwrt-radxa-rock5b-plus/openwrt/build_dir/target-aarch64_generic_musl/linux-rockchip_armv8/mac80211-regular/backports-6.16/apk-aarch64_generic/kmod-rtw89-8852be/pre-deinstall" --info "depends:kernel=6.12.45~bfdb4691414eb2d33b0186227f6f0e2d-r1 kmod-rtw89-8852b-common rtl8852be-firmware" --files "/workspaces/openwrt-radxa-rock5b-plus/openwrt/build_dir/target-aarch64_generic_musl/linux-rockchip_armv8/mac80211-regular/backports-6.16/ipkg-aarch64_generic/kmod-rtw89-8852be" --output "/workspaces/openwrt-radxa-rock5b-plus/openwrt/bin/targets/rockchip/armv8/packages/kmod-rtw89-8852be-6.12.45.6.16-r1.apk" --sign "/workspaces/openwrt-radxa-rock5b-plus/openwrt/private-key.pem"
rm -rf /workspaces/openwrt-radxa-rock5b-plus/openwrt/build_dir/target-aarch64_generic_musl/linux-rockchip_armv8/mac80211-regular/backports-6.16/.pkgdir/kmod-rtw89-8852be.installed /workspaces/openwrt-radxa-rock5b-plus/openwrt/build_dir/target-aarch64_generic_musl/linux-rockchip_armv8/mac80211-regular/backports-6.16/.pkgdir/kmod-rtw89-8852be
mkdir -p /workspaces/openwrt-radxa-rock5b-plus/openwrt/build_dir/target-aarch64_generic_musl/linux-rockchip_armv8/mac80211-regular/backports-6.16/.pkgdir/kmod-rtw89-8852be
mkdir -p /workspaces/openwrt-radxa-rock5b-plus/openwrt/build_dir/target-aarch64_generic_musl/linux-rockchip_armv8/mac80211-regular/backports-6.16/.pkgdir/kmod-rtw89-8852be/etc/modules.d; ( echo "rtw89_8852be"; ) > /workspaces/openwrt-radxa-rock5b-plus/openwrt/build_dir/target-aarch64_generic_musl/linux-rockchip_armv8/mac80211-regular/backports-6.16/.pkgdir/kmod-rtw89-8852be/etc/modules.d/rtw89-8852be; 
touch /workspaces/openwrt-radxa-rock5b-plus/openwrt/build_dir/target-aarch64_generic_musl/linux-rockchip_armv8/mac80211-regular/backports-6.16/.pkgdir/kmod-rtw89-8852be.installed
rm -rf /workspaces/openwrt-radxa-rock5b-plus/openwrt/build_dir/target-aarch64_generic_musl/linux-rockchip_armv8/mac80211-regular/backports-6.16/.pkgdir/kmod-cfg80211.installed /workspaces/openwrt-radxa-rock5b-plus/openwrt/build_dir/target-aarch64_generic_musl/linux-rockchip_armv8/mac80211-regular/backports-6.16/.pkgdir/kmod-cfg80211
mkdir -p /workspaces/openwrt-radxa-rock5b-plus/openwrt/build_dir/target-aarch64_generic_musl/linux-rockchip_armv8/mac80211-regular/backports-6.16/.pkgdir/kmod-cfg80211
aarch64-openwrt-linux-musl-gcc -L/workspaces/openwrt-radxa-rock5b-plus/openwrt/staging_dir/toolchain-aarch64_generic_gcc-14.3.0_musl/usr/lib -L/workspaces/openwrt-radxa-rock5b-plus/openwrt/staging_dir/toolchain-aarch64_generic_gcc-14.3.0_musl/lib -fuse-ld=bfd -znow -zrelro  -o luci-bwc luci-bwc.o -ldl
touch /workspaces/openwrt-radxa-rock5b-plus/openwrt/build_dir/target-aarch64_generic_musl/linux-rockchip_armv8/mac80211-regular/backports-6.16/.pkgdir/kmod-cfg80211.installed
rm -rf /workspaces/openwrt-radxa-rock5b-plus/openwrt/build_dir/target-aarch64_generic_musl/linux-rockchip_armv8/mac80211-regular/backports-6.16/.pkgdir/kmod-mac80211.installed /workspaces/openwrt-radxa-rock5b-plus/openwrt/build_dir/target-aarch64_generic_musl/linux-rockchip_armv8/mac80211-regular/backports-6.16/.pkgdir/kmod-mac80211
mkdir -p /workspaces/openwrt-radxa-rock5b-plus/openwrt/build_dir/target-aarch64_generic_musl/linux-rockchip_armv8/mac80211-regular/backports-6.16/.pkgdir/kmod-mac80211
make[4]: Leaving directory '/workspaces/openwrt-radxa-rock5b-plus/openwrt/build_dir/target-aarch64_generic_musl/luci-mod-status/src'
CFLAGS="-Os -pipe -mcpu=generic -fno-caller-saves -fno-plt -fhonour-copts -fmacro-prefix-map=/workspaces/openwrt-radxa-rock5b-plus/openwrt/build_dir/target-aarch64_generic_musl/luci-mod-status=luci-mod-status -Wformat -Werror=format-security -fstack-protector -D_FORTIFY_SOURCE=1 -Wl,-z,now -Wl,-z,relro  -I/workspaces/openwrt-radxa-rock5b-plus/openwrt/staging_dir/toolchain-aarch64_generic_gcc-14.3.0_musl/usr/include -I/workspaces/openwrt-radxa-rock5b-plus/openwrt/staging_dir/toolchain-aarch64_generic_gcc-14.3.0_musl/include -I/workspaces/openwrt-radxa-rock5b-plus/openwrt/staging_dir/toolchain-aarch64_generic_gcc-14.3.0_musl/include/fortify " CXXFLAGS="-Os -pipe -mcpu=generic -fno-caller-saves -fno-plt -fhonour-copts -fmacro-prefix-map=/workspaces/openwrt-radxa-rock5b-plus/openwrt/build_dir/target-aarch64_generic_musl/luci-mod-status=luci-mod-status -Wformat -Werror=format-security -fstack-protector -D_FORTIFY_SOURCE=1 -Wl,-z,now -Wl,-z,relro  -I/workspaces/openwrt-radxa-rock5b-plus/openwrt/staging_dir/toolchain-aarch64_generic_gcc-14.3.0_musl/usr/include -I/workspaces/openwrt-radxa-rock5b-plus/openwrt/staging_dir/toolchain-aarch64_generic_gcc-14.3.0_musl/include -I/workspaces/openwrt-radxa-rock5b-plus/openwrt/staging_dir/toolchain-aarch64_generic_gcc-14.3.0_musl/include/fortify " LDFLAGS="-L/workspaces/openwrt-radxa-rock5b-plus/openwrt/staging_dir/toolchain-aarch64_generic_gcc-14.3.0_musl/usr/lib -L/workspaces/openwrt-radxa-rock5b-plus/openwrt/staging_dir/toolchain-aarch64_generic_gcc-14.3.0_musl/lib -fuse-ld=bfd -znow -zrelro " FPIC="-DPIC -fPIC" LUCI_VERSION="25.253.73204~220531f" LUCI_GITBRANCH="LuCI Master" make -C /workspaces/openwrt-radxa-rock5b-plus/openwrt/build_dir/target-aarch64_generic_musl/luci-mod-status/src/ AR="aarch64-openwrt-linux-musl-gcc-ar" AS="aarch64-openwrt-linux-musl-gcc -c -Os -pipe -mcpu=generic -fno-caller-saves -fno-plt -fhonour-copts -fmacro-prefix-map=/workspaces/openwrt-radxa-rock5b-plus/openwrt/build_dir/target-aarch64_generic_musl/luci-mod-status=luci-mod-status -Wformat -Werror=format-security -fstack-protector -D_FORTIFY_SOURCE=1 -Wl,-z,now -Wl,-z,relro" LD="aarch64-openwrt-linux-musl-ld.bfd" NM="aarch64-openwrt-linux-musl-gcc-nm" CC="aarch64-openwrt-linux-musl-gcc" GCC="aarch64-openwrt-linux-musl-gcc" CXX="aarch64-openwrt-linux-musl-g++" RANLIB="aarch64-openwrt-linux-musl-gcc-ranlib" STRIP=aarch64-openwrt-linux-musl-strip OBJCOPY=aarch64-openwrt-linux-musl-objcopy OBJDUMP=aarch64-openwrt-linux-musl-objdump SIZE=aarch64-openwrt-linux-musl-size CROSS="aarch64-openwrt-linux-musl-" ARCH="aarch64" DESTDIR="/workspaces/openwrt-radxa-rock5b-plus/openwrt/build_dir/target-aarch64_generic_musl/luci-mod-status/ipkg-install"   install;
make[4]: Entering directory '/workspaces/openwrt-radxa-rock5b-plus/openwrt/build_dir/target-aarch64_generic_musl/luci-mod-status/src'
mkdir -p /workspaces/openwrt-radxa-rock5b-plus/openwrt/build_dir/target-aarch64_generic_musl/luci-mod-status/ipkg-install/usr/bin
cp luci-bwc /workspaces/openwrt-radxa-rock5b-plus/openwrt/build_dir/target-aarch64_generic_musl/luci-mod-status/ipkg-install/usr/bin/luci-bwc
make[4]: Leaving directory '/workspaces/openwrt-radxa-rock5b-plus/openwrt/build_dir/target-aarch64_generic_musl/luci-mod-status/src'
touch /workspaces/openwrt-radxa-rock5b-plus/openwrt/build_dir/target-aarch64_generic_musl/luci-mod-status/.built
rm -rf /workspaces/openwrt-radxa-rock5b-plus/openwrt/build_dir/target-aarch64_generic_musl/luci-mod-status/.pkgdir/luci-mod-status.installed /workspaces/openwrt-radxa-rock5b-plus/openwrt/build_dir/target-aarch64_generic_musl/luci-mod-status/.pkgdir/luci-mod-status
touch /workspaces/openwrt-radxa-rock5b-plus/openwrt/build_dir/target-aarch64_generic_musl/linux-rockchip_armv8/mac80211-regular/backports-6.16/.pkgdir/kmod-mac80211.installed
mkdir -p /workspaces/openwrt-radxa-rock5b-plus/openwrt/staging_dir/target-aarch64_generic_musl/root-rockchip/stamp
mkdir -p /workspaces/openwrt-radxa-rock5b-plus/openwrt/build_dir/target-aarch64_generic_musl/luci-mod-status/.pkgdir/luci-mod-status
SHELL= flock /workspaces/openwrt-radxa-rock5b-plus/openwrt/tmp/.root-copy.flock -c 'cp -fpR /workspaces/openwrt-radxa-rock5b-plus/openwrt/build_dir/target-aarch64_generic_musl/linux-rockchip_armv8/mac80211-regular/backports-6.16/.pkgdir/kmod-rtw89/. /workspaces/openwrt-radxa-rock5b-plus/openwrt/staging_dir/target-aarch64_generic_musl/root-rockchip/'
install -d -m0755 /workspaces/openwrt-radxa-rock5b-plus/openwrt/build_dir/target-aarch64_generic_musl/luci-mod-status/.pkgdir/luci-mod-status/usr/share/ucode/luci
cp -pR /workspaces/openwrt-radxa-rock5b-plus/openwrt/build_dir/target-aarch64_generic_musl/luci-mod-status/ucode/* /workspaces/openwrt-radxa-rock5b-plus/openwrt/build_dir/target-aarch64_generic_musl/luci-mod-status/.pkgdir/luci-mod-status/usr/share/ucode/luci/
find /workspaces/openwrt-radxa-rock5b-plus/openwrt/build_dir/target-aarch64_generic_musl/luci-mod-status/.pkgdir/luci-mod-status/usr/share/ucode/luci/ -type f -name '*.htm' | while read src; do /workspaces/openwrt-radxa-rock5b-plus/openwrt/staging_dir/host/bin/sed -i -e 's/<%# *\([^ ]*\)PKG_VERSION *%>/\125.253.73204~220531f/g' -e 's/"\(<%= *\(media\|resource\) *%>[^"]*\.\(js\|css\)\)"/"\1?v=25.253.73204~220531f"/g' "$src"; done; find /workspaces/openwrt-radxa-rock5b-plus/openwrt/build_dir/target-aarch64_generic_musl/luci-mod-status/.pkgdir/luci-mod-status/usr/share/ucode/luci/ -type f -name '*.ut' | while read src; do /workspaces/openwrt-radxa-rock5b-plus/openwrt/staging_dir/host/bin/sed -i -e 's/{# *\([^ ]*\)PKG_VERSION *#}/\125.253.73204~220531f/g' -e 's/"\({{ *\(media\|resource\) *}}[^"]*\.\(js\|css\)\)"/"\1?v=25.253.73204~220531f"/g' "$src"; done
touch /workspaces/openwrt-radxa-rock5b-plus/openwrt/staging_dir/target-aarch64_generic_musl/root-rockchip/stamp/.kmod-rtw89_installed
install -d -m0755 /workspaces/openwrt-radxa-rock5b-plus/openwrt/build_dir/target-aarch64_generic_musl/luci-mod-status/.pkgdir/luci-mod-status/www
cp -pR /workspaces/openwrt-radxa-rock5b-plus/openwrt/build_dir/target-aarch64_generic_musl/luci-mod-status/htdocs/* /workspaces/openwrt-radxa-rock5b-plus/openwrt/build_dir/target-aarch64_generic_musl/luci-mod-status/.pkgdir/luci-mod-status/www/
echo "kmod-rtw89" >> /workspaces/openwrt-radxa-rock5b-plus/openwrt/staging_dir/target-aarch64_generic_musl/pkginfo/mac80211.regular.install
find /workspaces/openwrt-radxa-rock5b-plus/openwrt/build_dir/target-aarch64_generic_musl/luci-mod-status/.pkgdir/luci-mod-status/www/ -type f -name '*.js' | while read src; do if jsmin < "$src" > "$src.o"; then mv "$src.o" "$src"; fi; done
mkdir -p /workspaces/openwrt-radxa-rock5b-plus/openwrt/staging_dir/target-aarch64_generic_musl/root-rockchip/stamp
SHELL= flock /workspaces/openwrt-radxa-rock5b-plus/openwrt/tmp/.root-copy.flock -c 'cp -fpR /workspaces/openwrt-radxa-rock5b-plus/openwrt/build_dir/target-aarch64_generic_musl/linux-rockchip_armv8/mac80211-regular/backports-6.16/.pkgdir/kmod-rtw89-pci/. /workspaces/openwrt-radxa-rock5b-plus/openwrt/staging_dir/target-aarch64_generic_musl/root-rockchip/'
touch /workspaces/openwrt-radxa-rock5b-plus/openwrt/staging_dir/target-aarch64_generic_musl/root-rockchip/stamp/.kmod-rtw89-pci_installed
echo "kmod-rtw89-pci" >> /workspaces/openwrt-radxa-rock5b-plus/openwrt/staging_dir/target-aarch64_generic_musl/pkginfo/mac80211.regular.install
mkdir -p /workspaces/openwrt-radxa-rock5b-plus/openwrt/staging_dir/target-aarch64_generic_musl/root-rockchip/stamp
SHELL= flock /workspaces/openwrt-radxa-rock5b-plus/openwrt/tmp/.root-copy.flock -c 'cp -fpR /workspaces/openwrt-radxa-rock5b-plus/openwrt/build_dir/target-aarch64_generic_musl/linux-rockchip_armv8/mac80211-regular/backports-6.16/.pkgdir/kmod-rtw89-8852b-common/. /workspaces/openwrt-radxa-rock5b-plus/openwrt/staging_dir/target-aarch64_generic_musl/root-rockchip/'
touch /workspaces/openwrt-radxa-rock5b-plus/openwrt/staging_dir/target-aarch64_generic_musl/root-rockchip/stamp/.kmod-rtw89-8852b-common_installed
echo "kmod-rtw89-8852b-common" >> /workspaces/openwrt-radxa-rock5b-plus/openwrt/staging_dir/target-aarch64_generic_musl/pkginfo/mac80211.regular.install
mkdir -p /workspaces/openwrt-radxa-rock5b-plus/openwrt/staging_dir/target-aarch64_generic_musl/root-rockchip/stamp
SHELL= flock /workspaces/openwrt-radxa-rock5b-plus/openwrt/tmp/.root-copy.flock -c 'cp -fpR /workspaces/openwrt-radxa-rock5b-plus/openwrt/build_dir/target-aarch64_generic_musl/linux-rockchip_armv8/mac80211-regular/backports-6.16/.pkgdir/kmod-rtw89-8852be/. /workspaces/openwrt-radxa-rock5b-plus/openwrt/staging_dir/target-aarch64_generic_musl/root-rockchip/'
touch /workspaces/openwrt-radxa-rock5b-plus/openwrt/staging_dir/target-aarch64_generic_musl/root-rockchip/stamp/.kmod-rtw89-8852be_installed
echo "kmod-rtw89-8852be" >> /workspaces/openwrt-radxa-rock5b-plus/openwrt/staging_dir/target-aarch64_generic_musl/pkginfo/mac80211.regular.install
mkdir -p /workspaces/openwrt-radxa-rock5b-plus/openwrt/staging_dir/target-aarch64_generic_musl/root-rockchip/stamp
echo '6.16-1' | cmp -s - /workspaces/openwrt-radxa-rock5b-plus/openwrt/staging_dir/target-aarch64_generic_musl/pkginfo/kmod-cfg80211.version || { echo '6.16-1' > /workspaces/openwrt-radxa-rock5b-plus/openwrt/staging_dir/target-aarch64_generic_musl/pkginfo/kmod-cfg80211.version;  } 
SHELL= flock /workspaces/openwrt-radxa-rock5b-plus/openwrt/tmp/.root-copy.flock -c 'cp -fpR /workspaces/openwrt-radxa-rock5b-plus/openwrt/build_dir/target-aarch64_generic_musl/linux-rockchip_armv8/mac80211-regular/backports-6.16/.pkgdir/kmod-cfg80211/. /workspaces/openwrt-radxa-rock5b-plus/openwrt/staging_dir/target-aarch64_generic_musl/root-rockchip/'
touch /workspaces/openwrt-radxa-rock5b-plus/openwrt/staging_dir/target-aarch64_generic_musl/root-rockchip/stamp/.kmod-cfg80211_installed
echo "kmod-cfg80211" >> /workspaces/openwrt-radxa-rock5b-plus/openwrt/staging_dir/target-aarch64_generic_musl/pkginfo/mac80211.regular.install
mkdir -p /workspaces/openwrt-radxa-rock5b-plus/openwrt/staging_dir/target-aarch64_generic_musl/root-rockchip/stamp
find /workspaces/openwrt-radxa-rock5b-plus/openwrt/build_dir/target-aarch64_generic_musl/luci-mod-status/.pkgdir/luci-mod-status/www/ -type f -name '*.css' | while read src; do if csstidy "$src" --template=highest --remove_last_semicolon=true "$src.o"; then mv "$src.o" "$src"; fi; done
echo '6.16-1' | cmp -s - /workspaces/openwrt-radxa-rock5b-plus/openwrt/staging_dir/target-aarch64_generic_musl/pkginfo/kmod-mac80211.version || { echo '6.16-1' > /workspaces/openwrt-radxa-rock5b-plus/openwrt/staging_dir/target-aarch64_generic_musl/pkginfo/kmod-mac80211.version;  } 
install -d -m0755 /workspaces/openwrt-radxa-rock5b-plus/openwrt/build_dir/target-aarch64_generic_musl/luci-mod-status/.pkgdir/luci-mod-status/
SHELL= flock /workspaces/openwrt-radxa-rock5b-plus/openwrt/tmp/.root-copy.flock -c 'cp -fpR /workspaces/openwrt-radxa-rock5b-plus/openwrt/build_dir/target-aarch64_generic_musl/linux-rockchip_armv8/mac80211-regular/backports-6.16/.pkgdir/kmod-mac80211/. /workspaces/openwrt-radxa-rock5b-plus/openwrt/staging_dir/target-aarch64_generic_musl/root-rockchip/'
cp -pR /workspaces/openwrt-radxa-rock5b-plus/openwrt/build_dir/target-aarch64_generic_musl/luci-mod-status/root/* /workspaces/openwrt-radxa-rock5b-plus/openwrt/build_dir/target-aarch64_generic_musl/luci-mod-status/.pkgdir/luci-mod-status/
CFLAGS="-Os -pipe -mcpu=generic -fno-caller-saves -fno-plt -fhonour-copts -fmacro-prefix-map=/workspaces/openwrt-radxa-rock5b-plus/openwrt/build_dir/target-aarch64_generic_musl/luci-mod-status=luci-mod-status -Wformat -Werror=format-security -fstack-protector -D_FORTIFY_SOURCE=1 -Wl,-z,now -Wl,-z,relro  -I/workspaces/openwrt-radxa-rock5b-plus/openwrt/staging_dir/toolchain-aarch64_generic_gcc-14.3.0_musl/usr/include -I/workspaces/openwrt-radxa-rock5b-plus/openwrt/staging_dir/toolchain-aarch64_generic_gcc-14.3.0_musl/include -I/workspaces/openwrt-radxa-rock5b-plus/openwrt/staging_dir/toolchain-aarch64_generic_gcc-14.3.0_musl/include/fortify " CXXFLAGS="-Os -pipe -mcpu=generic -fno-caller-saves -fno-plt -fhonour-copts -fmacro-prefix-map=/workspaces/openwrt-radxa-rock5b-plus/openwrt/build_dir/target-aarch64_generic_musl/luci-mod-status=luci-mod-status -Wformat -Werror=format-security -fstack-protector -D_FORTIFY_SOURCE=1 -Wl,-z,now -Wl,-z,relro  -I/workspaces/openwrt-radxa-rock5b-plus/openwrt/staging_dir/toolchain-aarch64_generic_gcc-14.3.0_musl/usr/include -I/workspaces/openwrt-radxa-rock5b-plus/openwrt/staging_dir/toolchain-aarch64_generic_gcc-14.3.0_musl/include -I/workspaces/openwrt-radxa-rock5b-plus/openwrt/staging_dir/toolchain-aarch64_generic_gcc-14.3.0_musl/include/fortify " LDFLAGS="-L/workspaces/openwrt-radxa-rock5b-plus/openwrt/staging_dir/toolchain-aarch64_generic_gcc-14.3.0_musl/usr/lib -L/workspaces/openwrt-radxa-rock5b-plus/openwrt/staging_dir/toolchain-aarch64_generic_gcc-14.3.0_musl/lib -fuse-ld=bfd -znow -zrelro " FPIC="-DPIC -fPIC" LUCI_VERSION="25.253.73204~220531f" LUCI_GITBRANCH="LuCI Master" make -C /workspaces/openwrt-radxa-rock5b-plus/openwrt/build_dir/target-aarch64_generic_musl/luci-mod-status/src/ AR="aarch64-openwrt-linux-musl-gcc-ar" AS="aarch64-openwrt-linux-musl-gcc -c -Os -pipe -mcpu=generic -fno-caller-saves -fno-plt -fhonour-copts -fmacro-prefix-map=/workspaces/openwrt-radxa-rock5b-plus/openwrt/build_dir/target-aarch64_generic_musl/luci-mod-status=luci-mod-status -Wformat -Werror=format-security -fstack-protector -D_FORTIFY_SOURCE=1 -Wl,-z,now -Wl,-z,relro" LD="aarch64-openwrt-linux-musl-ld.bfd" NM="aarch64-openwrt-linux-musl-gcc-nm" CC="aarch64-openwrt-linux-musl-gcc" GCC="aarch64-openwrt-linux-musl-gcc" CXX="aarch64-openwrt-linux-musl-g++" RANLIB="aarch64-openwrt-linux-musl-gcc-ranlib" STRIP=aarch64-openwrt-linux-musl-strip OBJCOPY=aarch64-openwrt-linux-musl-objcopy OBJDUMP=aarch64-openwrt-linux-musl-objdump SIZE=aarch64-openwrt-linux-musl-size CROSS="aarch64-openwrt-linux-musl-" ARCH="aarch64" DESTDIR="/workspaces/openwrt-radxa-rock5b-plus/openwrt/build_dir/target-aarch64_generic_musl/luci-mod-status/ipkg-install"   install;
touch /workspaces/openwrt-radxa-rock5b-plus/openwrt/staging_dir/target-aarch64_generic_musl/root-rockchip/stamp/.kmod-mac80211_installed
make[4]: Entering directory '/workspaces/openwrt-radxa-rock5b-plus/openwrt/build_dir/target-aarch64_generic_musl/luci-mod-status/src'
mkdir -p /workspaces/openwrt-radxa-rock5b-plus/openwrt/build_dir/target-aarch64_generic_musl/luci-mod-status/ipkg-install/usr/bin
echo "kmod-mac80211" >> /workspaces/openwrt-radxa-rock5b-plus/openwrt/staging_dir/target-aarch64_generic_musl/pkginfo/mac80211.regular.install
cp luci-bwc /workspaces/openwrt-radxa-rock5b-plus/openwrt/build_dir/target-aarch64_generic_musl/luci-mod-status/ipkg-install/usr/bin/luci-bwc
make[4]: Leaving directory '/workspaces/openwrt-radxa-rock5b-plus/openwrt/build_dir/target-aarch64_generic_musl/luci-mod-status/src'
cp -fpR /workspaces/openwrt-radxa-rock5b-plus/openwrt/build_dir/target-aarch64_generic_musl/luci-mod-status/ipkg-install/* /workspaces/openwrt-radxa-rock5b-plus/openwrt/build_dir/target-aarch64_generic_musl/luci-mod-status/.pkgdir/luci-mod-status/
make[3]: Leaving directory '/workspaces/openwrt-radxa-rock5b-plus/openwrt/package/kernel/mac80211'
time: package/kernel/mac80211/regular/compile#2.83#1.61#15.36
touch /workspaces/openwrt-radxa-rock5b-plus/openwrt/build_dir/target-aarch64_generic_musl/luci-mod-status/.pkgdir/luci-mod-status.installed
mkdir -p /workspaces/openwrt-radxa-rock5b-plus/openwrt/staging_dir/target-aarch64_generic_musl/root-rockchip/stamp
SHELL= flock /workspaces/openwrt-radxa-rock5b-plus/openwrt/tmp/.root-copy.flock -c 'cp -fpR /workspaces/openwrt-radxa-rock5b-plus/openwrt/build_dir/target-aarch64_generic_musl/luci-mod-status/.pkgdir/luci-mod-status/. /workspaces/openwrt-radxa-rock5b-plus/openwrt/staging_dir/target-aarch64_generic_musl/root-rockchip/'
touch /workspaces/openwrt-radxa-rock5b-plus/openwrt/staging_dir/target-aarch64_generic_musl/root-rockchip/stamp/.luci-mod-status_installed
rm -rf /workspaces/openwrt-radxa-rock5b-plus/openwrt/build_dir/target-aarch64_generic_musl/luci-mod-status/ipkg-aarch64_generic/luci-mod-status
mkdir -p /workspaces/openwrt-radxa-rock5b-plus/openwrt/bin/targets/rockchip/armv8/packages /workspaces/openwrt-radxa-rock5b-plus/openwrt/build_dir/target-aarch64_generic_musl/luci-mod-status/ipkg-aarch64_generic/luci-mod-status /workspaces/openwrt-radxa-rock5b-plus/openwrt/staging_dir/target-aarch64_generic_musl/pkginfo
make[3]: Entering directory '/workspaces/openwrt-radxa-rock5b-plus/openwrt/feeds/luci/modules/luci-mod-system'
install -d -m0755 /workspaces/openwrt-radxa-rock5b-plus/openwrt/build_dir/target-aarch64_generic_musl/luci-mod-status/ipkg-aarch64_generic/luci-mod-status/usr/share/ucode/luci
cp -pR /workspaces/openwrt-radxa-rock5b-plus/openwrt/build_dir/target-aarch64_generic_musl/luci-mod-status/ucode/* /workspaces/openwrt-radxa-rock5b-plus/openwrt/build_dir/target-aarch64_generic_musl/luci-mod-status/ipkg-aarch64_generic/luci-mod-status/usr/share/ucode/luci/
find /workspaces/openwrt-radxa-rock5b-plus/openwrt/build_dir/target-aarch64_generic_musl/luci-mod-status/ipkg-aarch64_generic/luci-mod-status/usr/share/ucode/luci/ -type f -name '*.htm' | while read src; do /workspaces/openwrt-radxa-rock5b-plus/openwrt/staging_dir/host/bin/sed -i -e 's/<%# *\([^ ]*\)PKG_VERSION *%>/\125.253.73204~220531f/g' -e 's/"\(<%= *\(media\|resource\) *%>[^"]*\.\(js\|css\)\)"/"\1?v=25.253.73204~220531f"/g' "$src"; done; find /workspaces/openwrt-radxa-rock5b-plus/openwrt/build_dir/target-aarch64_generic_musl/luci-mod-status/ipkg-aarch64_generic/luci-mod-status/usr/share/ucode/luci/ -type f -name '*.ut' | while read src; do /workspaces/openwrt-radxa-rock5b-plus/openwrt/staging_dir/host/bin/sed -i -e 's/{# *\([^ ]*\)PKG_VERSION *#}/\125.253.73204~220531f/g' -e 's/"\({{ *\(media\|resource\) *}}[^"]*\.\(js\|css\)\)"/"\1?v=25.253.73204~220531f"/g' "$src"; done
install -d -m0755 /workspaces/openwrt-radxa-rock5b-plus/openwrt/build_dir/target-aarch64_generic_musl/luci-mod-status/ipkg-aarch64_generic/luci-mod-status/www
cp -pR /workspaces/openwrt-radxa-rock5b-plus/openwrt/build_dir/target-aarch64_generic_musl/luci-mod-status/htdocs/* /workspaces/openwrt-radxa-rock5b-plus/openwrt/build_dir/target-aarch64_generic_musl/luci-mod-status/ipkg-aarch64_generic/luci-mod-status/www/
find /workspaces/openwrt-radxa-rock5b-plus/openwrt/build_dir/target-aarch64_generic_musl/luci-mod-status/ipkg-aarch64_generic/luci-mod-status/www/ -type f -name '*.js' | while read src; do if jsmin < "$src" > "$src.o"; then mv "$src.o" "$src"; fi; done
find /workspaces/openwrt-radxa-rock5b-plus/openwrt/build_dir/target-aarch64_generic_musl/luci-mod-status/ipkg-aarch64_generic/luci-mod-status/www/ -type f -name '*.css' | while read src; do if csstidy "$src" --template=highest --remove_last_semicolon=true "$src.o"; then mv "$src.o" "$src"; fi; done
install -d -m0755 /workspaces/openwrt-radxa-rock5b-plus/openwrt/build_dir/target-aarch64_generic_musl/luci-mod-status/ipkg-aarch64_generic/luci-mod-status/
cp -pR /workspaces/openwrt-radxa-rock5b-plus/openwrt/build_dir/target-aarch64_generic_musl/luci-mod-status/root/* /workspaces/openwrt-radxa-rock5b-plus/openwrt/build_dir/target-aarch64_generic_musl/luci-mod-status/ipkg-aarch64_generic/luci-mod-status/
CFLAGS="-Os -pipe -mcpu=generic -fno-caller-saves -fno-plt -fhonour-copts -fmacro-prefix-map=/workspaces/openwrt-radxa-rock5b-plus/openwrt/build_dir/target-aarch64_generic_musl/luci-mod-status=luci-mod-status -Wformat -Werror=format-security -fstack-protector -D_FORTIFY_SOURCE=1 -Wl,-z,now -Wl,-z,relro  -I/workspaces/openwrt-radxa-rock5b-plus/openwrt/staging_dir/toolchain-aarch64_generic_gcc-14.3.0_musl/usr/include -I/workspaces/openwrt-radxa-rock5b-plus/openwrt/staging_dir/toolchain-aarch64_generic_gcc-14.3.0_musl/include -I/workspaces/openwrt-radxa-rock5b-plus/openwrt/staging_dir/toolchain-aarch64_generic_gcc-14.3.0_musl/include/fortify " CXXFLAGS="-Os -pipe -mcpu=generic -fno-caller-saves -fno-plt -fhonour-copts -fmacro-prefix-map=/workspaces/openwrt-radxa-rock5b-plus/openwrt/build_dir/target-aarch64_generic_musl/luci-mod-status=luci-mod-status -Wformat -Werror=format-security -fstack-protector -D_FORTIFY_SOURCE=1 -Wl,-z,now -Wl,-z,relro  -I/workspaces/openwrt-radxa-rock5b-plus/openwrt/staging_dir/toolchain-aarch64_generic_gcc-14.3.0_musl/usr/include -I/workspaces/openwrt-radxa-rock5b-plus/openwrt/staging_dir/toolchain-aarch64_generic_gcc-14.3.0_musl/include -I/workspaces/openwrt-radxa-rock5b-plus/openwrt/staging_dir/toolchain-aarch64_generic_gcc-14.3.0_musl/include/fortify " LDFLAGS="-L/workspaces/openwrt-radxa-rock5b-plus/openwrt/staging_dir/toolchain-aarch64_generic_gcc-14.3.0_musl/usr/lib -L/workspaces/openwrt-radxa-rock5b-plus/openwrt/staging_dir/toolchain-aarch64_generic_gcc-14.3.0_musl/lib -fuse-ld=bfd -znow -zrelro " FPIC="-DPIC -fPIC" LUCI_VERSION="25.253.73204~220531f" LUCI_GITBRANCH="LuCI Master" make -C /workspaces/openwrt-radxa-rock5b-plus/openwrt/build_dir/target-aarch64_generic_musl/luci-mod-status/src/ AR="aarch64-openwrt-linux-musl-gcc-ar" AS="aarch64-openwrt-linux-musl-gcc -c -Os -pipe -mcpu=generic -fno-caller-saves -fno-plt -fhonour-copts -fmacro-prefix-map=/workspaces/openwrt-radxa-rock5b-plus/openwrt/build_dir/target-aarch64_generic_musl/luci-mod-status=luci-mod-status -Wformat -Werror=format-security -fstack-protector -D_FORTIFY_SOURCE=1 -Wl,-z,now -Wl,-z,relro" LD="aarch64-openwrt-linux-musl-ld.bfd" NM="aarch64-openwrt-linux-musl-gcc-nm" CC="aarch64-openwrt-linux-musl-gcc" GCC="aarch64-openwrt-linux-musl-gcc" CXX="aarch64-openwrt-linux-musl-g++" RANLIB="aarch64-openwrt-linux-musl-gcc-ranlib" STRIP=aarch64-openwrt-linux-musl-strip OBJCOPY=aarch64-openwrt-linux-musl-objcopy OBJDUMP=aarch64-openwrt-linux-musl-objdump SIZE=aarch64-openwrt-linux-musl-size CROSS="aarch64-openwrt-linux-musl-" ARCH="aarch64" DESTDIR="/workspaces/openwrt-radxa-rock5b-plus/openwrt/build_dir/target-aarch64_generic_musl/luci-mod-status/ipkg-install"   install;
make[4]: Entering directory '/workspaces/openwrt-radxa-rock5b-plus/openwrt/build_dir/target-aarch64_generic_musl/luci-mod-status/src'
mkdir -p /workspaces/openwrt-radxa-rock5b-plus/openwrt/build_dir/target-aarch64_generic_musl/luci-mod-status/ipkg-install/usr/bin
cp luci-bwc /workspaces/openwrt-radxa-rock5b-plus/openwrt/build_dir/target-aarch64_generic_musl/luci-mod-status/ipkg-install/usr/bin/luci-bwc
make[4]: Leaving directory '/workspaces/openwrt-radxa-rock5b-plus/openwrt/build_dir/target-aarch64_generic_musl/luci-mod-status/src'
cp -fpR /workspaces/openwrt-radxa-rock5b-plus/openwrt/build_dir/target-aarch64_generic_musl/luci-mod-status/ipkg-install/* /workspaces/openwrt-radxa-rock5b-plus/openwrt/build_dir/target-aarch64_generic_musl/luci-mod-status/ipkg-aarch64_generic/luci-mod-status/
find /workspaces/openwrt-radxa-rock5b-plus/openwrt/build_dir/target-aarch64_generic_musl/luci-mod-status/ipkg-aarch64_generic/luci-mod-status -name 'CVS' -o -name '.svn' -o -name '.#*' -o -name '*~'| xargs -r rm -rf
export CROSS="aarch64-openwrt-linux-musl-"  NO_RENAME=1 ; NM="aarch64-openwrt-linux-musl-nm" STRIP="/workspaces/openwrt-radxa-rock5b-plus/openwrt/staging_dir/host/bin/sstrip -z" STRIP_KMOD="/workspaces/openwrt-radxa-rock5b-plus/openwrt/scripts/strip-kmod.sh" PATCHELF="/workspaces/openwrt-radxa-rock5b-plus/openwrt/staging_dir/host/bin/patchelf" /workspaces/openwrt-radxa-rock5b-plus/openwrt/scripts/rstrip.sh /workspaces/openwrt-radxa-rock5b-plus/openwrt/build_dir/target-aarch64_generic_musl/luci-mod-status/ipkg-aarch64_generic/luci-mod-status
rstrip.sh: /workspaces/openwrt-radxa-rock5b-plus/openwrt/build_dir/target-aarch64_generic_musl/luci-mod-status/ipkg-aarch64_generic/luci-mod-status/usr/bin/luci-bwc: executable
install -d -m0755 /workspaces/openwrt-radxa-rock5b-plus/openwrt/bin/packages/aarch64_generic/luci/tmp
mkdir -p /workspaces/openwrt-radxa-rock5b-plus/openwrt/build_dir/target-aarch64_generic_musl/luci-mod-status/apk-aarch64_generic/luci-mod-status/
mkdir -p /workspaces/openwrt-radxa-rock5b-plus/openwrt/build_dir/target-aarch64_generic_musl/luci-mod-status/ipkg-aarch64_generic/luci-mod-status/lib/apk/packages/
(cd /workspaces/openwrt-radxa-rock5b-plus/openwrt/build_dir/target-aarch64_generic_musl/luci-mod-status/apk-aarch64_generic/luci-mod-status; echo "$V_Package_luci_mod_status_postinst" > postinst-pkg; chmod 0755 postinst-pkg;)
( echo "#!/bin/sh"; echo "[ \"\${IPKG_NO_SCRIPT}\" = \"1\" ] && exit 0"; echo "[ -s "\${IPKG_INSTROOT}/lib/functions.sh" ] || exit 0"; echo ". \${IPKG_INSTROOT}/lib/functions.sh"; echo 'export root="${IPKG_INSTROOT}"'; echo 'export pkgname="luci-mod-status"'; echo "add_group_and_user"; echo "default_postinst"; [ ! -f /workspaces/openwrt-radxa-rock5b-plus/openwrt/build_dir/target-aarch64_generic_musl/luci-mod-status/apk-aarch64_generic/luci-mod-status/postinst-pkg ] || sed -z 's/^\s*#!/#!/' "/workspaces/openwrt-radxa-rock5b-plus/openwrt/build_dir/target-aarch64_generic_musl/luci-mod-status/apk-aarch64_generic/luci-mod-status/postinst-pkg"; ) > /workspaces/openwrt-radxa-rock5b-plus/openwrt/build_dir/target-aarch64_generic_musl/luci-mod-status/apk-aarch64_generic/luci-mod-status/post-install;
( echo "#!/bin/sh"; echo 'export PKG_UPGRADE=1'; [ ! -f /workspaces/openwrt-radxa-rock5b-plus/openwrt/build_dir/target-aarch64_generic_musl/luci-mod-status/apk-aarch64_generic/luci-mod-status/post-install ] || sed -z 's/^\s*#!/#!/' "/workspaces/openwrt-radxa-rock5b-plus/openwrt/build_dir/target-aarch64_generic_musl/luci-mod-status/apk-aarch64_generic/luci-mod-status/post-install"; ) > /workspaces/openwrt-radxa-rock5b-plus/openwrt/build_dir/target-aarch64_generic_musl/luci-mod-status/apk-aarch64_generic/luci-mod-status/post-upgrade;
( echo "#!/bin/sh"; echo "[ -s "\${IPKG_INSTROOT}/lib/functions.sh" ] || exit 0"; echo ". \${IPKG_INSTROOT}/lib/functions.sh"; echo 'export root="${IPKG_INSTROOT}"'; echo 'export pkgname="luci-mod-status"'; echo "default_prerm"; [ ! -f /workspaces/openwrt-radxa-rock5b-plus/openwrt/build_dir/target-aarch64_generic_musl/luci-mod-status/apk-aarch64_generic/luci-mod-status/prerm-pkg ] || sed -z 's/^\s*#!/#!/' "/workspaces/openwrt-radxa-rock5b-plus/openwrt/build_dir/target-aarch64_generic_musl/luci-mod-status/apk-aarch64_generic/luci-mod-status/prerm-pkg"; ) > /workspaces/openwrt-radxa-rock5b-plus/openwrt/build_dir/target-aarch64_generic_musl/luci-mod-status/apk-aarch64_generic/luci-mod-status/pre-deinstall;
[ ! -f /workspaces/openwrt-radxa-rock5b-plus/openwrt/build_dir/target-aarch64_generic_musl/luci-mod-status/apk-aarch64_generic/luci-mod-status/postrm ] || sed -zi 's/^\s*#!/#!/' "/workspaces/openwrt-radxa-rock5b-plus/openwrt/build_dir/target-aarch64_generic_musl/luci-mod-status/apk-aarch64_generic/luci-mod-status/postrm";
if [ -n "" ]; then echo  > /workspaces/openwrt-radxa-rock5b-plus/openwrt/build_dir/target-aarch64_generic_musl/luci-mod-status/ipkg-aarch64_generic/luci-mod-status/lib/apk/packages/luci-mod-status.rusers; fi;
mkdir -p /workspaces/openwrt-radxa-rock5b-plus/openwrt/staging_dir/target-aarch64_generic_musl/root-rockchip/stamp
if [ -n "" ]; then echo  > /workspaces/openwrt-radxa-rock5b-plus/openwrt/build_dir/target-aarch64_generic_musl/luci-mod-status/ipkg-aarch64_generic/luci-mod-status/lib/apk/packages/luci-mod-status.alternatives; fi;
(cd /workspaces/openwrt-radxa-rock5b-plus/openwrt/build_dir/target-aarch64_generic_musl/luci-mod-status/ipkg-aarch64_generic/luci-mod-status && find . -type f,l -printf "/%P\n" | sort > /workspaces/openwrt-radxa-rock5b-plus/openwrt/tmp/luci-mod-status.list && mv /workspaces/openwrt-radxa-rock5b-plus/openwrt/tmp/luci-mod-status.list /workspaces/openwrt-radxa-rock5b-plus/openwrt/build_dir/target-aarch64_generic_musl/luci-mod-status/ipkg-aarch64_generic/luci-mod-status/lib/apk/packages/luci-mod-status.list)
SHELL= flock /workspaces/openwrt-radxa-rock5b-plus/openwrt/tmp/.root-copy.flock -c 'cp -fpR /workspaces/openwrt-radxa-rock5b-plus/openwrt/build_dir/target-aarch64_generic_musl/luci-mod-system/.pkgdir/luci-mod-system/. /workspaces/openwrt-radxa-rock5b-plus/openwrt/staging_dir/target-aarch64_generic_musl/root-rockchip/'
# Move conffiles to IDIR and build conffiles_static with csums
if [ -f /workspaces/openwrt-radxa-rock5b-plus/openwrt/build_dir/target-aarch64_generic_musl/luci-mod-status/apk-aarch64_generic/luci-mod-status/conffiles ]; then mv -f /workspaces/openwrt-radxa-rock5b-plus/openwrt/build_dir/target-aarch64_generic_musl/luci-mod-status/apk-aarch64_generic/luci-mod-status/conffiles /workspaces/openwrt-radxa-rock5b-plus/openwrt/build_dir/target-aarch64_generic_musl/luci-mod-status/ipkg-aarch64_generic/luci-mod-status/lib/apk/packages/luci-mod-status.conffiles; for file in $(cat /workspaces/openwrt-radxa-rock5b-plus/openwrt/build_dir/target-aarch64_generic_musl/luci-mod-status/ipkg-aarch64_generic/luci-mod-status/lib/apk/packages/luci-mod-status.conffiles); do [ -f /workspaces/openwrt-radxa-rock5b-plus/openwrt/build_dir/target-aarch64_generic_musl/luci-mod-status/ipkg-aarch64_generic/luci-mod-status/$file ] || continue; csum=$(/workspaces/openwrt-radxa-rock5b-plus/openwrt/staging_dir/host/bin/mkhash sha256 /workspaces/openwrt-radxa-rock5b-plus/openwrt/build_dir/target-aarch64_generic_musl/luci-mod-status/ipkg-aarch64_generic/luci-mod-status/$file); echo $file $csum >> /workspaces/openwrt-radxa-rock5b-plus/openwrt/build_dir/target-aarch64_generic_musl/luci-mod-status/ipkg-aarch64_generic/luci-mod-status/lib/apk/packages/luci-mod-status.conffiles_static; done; fi
# Some package (base-files) manually append stuff to conffiles
touch /workspaces/openwrt-radxa-rock5b-plus/openwrt/staging_dir/target-aarch64_generic_musl/root-rockchip/stamp/.luci-mod-system_installed
# Append stuff from it and delete the CONTROL directory since everything else should be migrated
if [ -f /workspaces/openwrt-radxa-rock5b-plus/openwrt/build_dir/target-aarch64_generic_musl/luci-mod-status/ipkg-aarch64_generic/luci-mod-status/CONTROL/conffiles ]; then echo $(IDIR_luci-mod-status)/CONTROL/conffiles >> /workspaces/openwrt-radxa-rock5b-plus/openwrt/build_dir/target-aarch64_generic_musl/luci-mod-status/ipkg-aarch64_generic/luci-mod-status/lib/apk/packages/luci-mod-status.conffiles; for file in $(cat /workspaces/openwrt-radxa-rock5b-plus/openwrt/build_dir/target-aarch64_generic_musl/luci-mod-status/ipkg-aarch64_generic/luci-mod-status/CONTROL/conffiles); do [ -f /workspaces/openwrt-radxa-rock5b-plus/openwrt/build_dir/target-aarch64_generic_musl/luci-mod-status/ipkg-aarch64_generic/luci-mod-status/$file ] || continue; csum=$(/workspaces/openwrt-radxa-rock5b-plus/openwrt/staging_dir/host/bin/mkhash sha256 /workspaces/openwrt-radxa-rock5b-plus/openwrt/build_dir/target-aarch64_generic_musl/luci-mod-status/ipkg-aarch64_generic/luci-mod-status/$file); echo $file $csum >> /workspaces/openwrt-radxa-rock5b-plus/openwrt/build_dir/target-aarch64_generic_musl/luci-mod-status/ipkg-aarch64_generic/luci-mod-status/lib/apk/packages/luci-mod-status.conffiles_static; done; rm -rf /workspaces/openwrt-radxa-rock5b-plus/openwrt/build_dir/target-aarch64_generic_musl/luci-mod-status/ipkg-aarch64_generic/luci-mod-status/CONTROL/conffiles; fi
if [ -z "$(ls -A /workspaces/openwrt-radxa-rock5b-plus/openwrt/build_dir/target-aarch64_generic_musl/luci-mod-status/ipkg-aarch64_generic/luci-mod-status/CONTROL 2>/dev/null)" ]; then rm -rf /workspaces/openwrt-radxa-rock5b-plus/openwrt/build_dir/target-aarch64_generic_musl/luci-mod-status/ipkg-aarch64_generic/luci-mod-status/CONTROL; else echo "CONTROL directory /workspaces/openwrt-radxa-rock5b-plus/openwrt/build_dir/target-aarch64_generic_musl/luci-mod-status/ipkg-aarch64_generic/luci-mod-status/CONTROL is not empty! This is not right and should be checked!" >&2; exit 1; fi
/workspaces/openwrt-radxa-rock5b-plus/openwrt/staging_dir/host/bin/fakeroot /workspaces/openwrt-radxa-rock5b-plus/openwrt/staging_dir/host/bin/apk mkpkg --info "name:luci-mod-status" --info "version:25.253.73204~220531f"  --info "description:LuCI Status Pages" --info "arch:aarch64_generic" --info "license:Apache-2.0" --info "origin:feeds/luci/modules/luci-mod-status" --info "url:https://github.com/openwrt/luci" --info "maintainer:OpenWrt LuCI community" --info "provides:"  --script "post-install:/workspaces/openwrt-radxa-rock5b-plus/openwrt/build_dir/target-aarch64_generic_musl/luci-mod-status/apk-aarch64_generic/luci-mod-status/post-install" --script "post-upgrade:/workspaces/openwrt-radxa-rock5b-plus/openwrt/build_dir/target-aarch64_generic_musl/luci-mod-status/apk-aarch64_generic/luci-mod-status/post-upgrade" --script "pre-deinstall:/workspaces/openwrt-radxa-rock5b-plus/openwrt/build_dir/target-aarch64_generic_musl/luci-mod-status/apk-aarch64_generic/luci-mod-status/pre-deinstall" --info "depends:libc luci-base libiwinfo20230701 rpcd-mod-iwinfo" --files "/workspaces/openwrt-radxa-rock5b-plus/openwrt/build_dir/target-aarch64_generic_musl/luci-mod-status/ipkg-aarch64_generic/luci-mod-status" --output "/workspaces/openwrt-radxa-rock5b-plus/openwrt/bin/packages/aarch64_generic/luci/luci-mod-status-25.253.73204~220531f.apk" --sign "/workspaces/openwrt-radxa-rock5b-plus/openwrt/private-key.pem"
echo "luci-mod-system" >> /workspaces/openwrt-radxa-rock5b-plus/openwrt/staging_dir/target-aarch64_generic_musl/pkginfo/luci-mod-system.default.install
make[3]: Leaving directory '/workspaces/openwrt-radxa-rock5b-plus/openwrt/feeds/luci/modules/luci-mod-system'
time: package/feeds/luci/luci-mod-system/compile#0.17#0.15#0.68
make[3]: Entering directory '/workspaces/openwrt-radxa-rock5b-plus/openwrt/feeds/luci/themes/luci-theme-bootstrap'
echo "luci-mod-status" >> /workspaces/openwrt-radxa-rock5b-plus/openwrt/staging_dir/target-aarch64_generic_musl/pkginfo/luci-mod-status.default.install
make[3]: Leaving directory '/workspaces/openwrt-radxa-rock5b-plus/openwrt/feeds/luci/modules/luci-mod-status'
time: package/feeds/luci/luci-mod-status/compile#0.69#0.50#2.31
make[3]: Entering directory '/workspaces/openwrt-radxa-rock5b-plus/openwrt/feeds/luci/modules/luci-lua-runtime'
mkdir -p /workspaces/openwrt-radxa-rock5b-plus/openwrt/staging_dir/target-aarch64_generic_musl/root-rockchip/stamp
SHELL= flock /workspaces/openwrt-radxa-rock5b-plus/openwrt/tmp/.root-copy.flock -c 'cp -fpR /workspaces/openwrt-radxa-rock5b-plus/openwrt/build_dir/target-aarch64_generic_musl/luci-theme-bootstrap/.pkgdir/luci-theme-bootstrap/. /workspaces/openwrt-radxa-rock5b-plus/openwrt/staging_dir/target-aarch64_generic_musl/root-rockchip/'
touch /workspaces/openwrt-radxa-rock5b-plus/openwrt/staging_dir/target-aarch64_generic_musl/root-rockchip/stamp/.luci-theme-bootstrap_installed
mkdir -p /workspaces/openwrt-radxa-rock5b-plus/openwrt/staging_dir/target-aarch64_generic_musl/root-rockchip/stamp
SHELL= flock /workspaces/openwrt-radxa-rock5b-plus/openwrt/tmp/.root-copy.flock -c 'cp -fpR /workspaces/openwrt-radxa-rock5b-plus/openwrt/build_dir/target-aarch64_generic_musl/luci-lua-runtime/.pkgdir/luci-lua-runtime/. /workspaces/openwrt-radxa-rock5b-plus/openwrt/staging_dir/target-aarch64_generic_musl/root-rockchip/'
echo "luci-theme-bootstrap" >> /workspaces/openwrt-radxa-rock5b-plus/openwrt/staging_dir/target-aarch64_generic_musl/pkginfo/luci-theme-bootstrap.default.install
make[3]: Leaving directory '/workspaces/openwrt-radxa-rock5b-plus/openwrt/feeds/luci/themes/luci-theme-bootstrap'
time: package/feeds/luci/luci-theme-bootstrap/compile#0.16#0.17#0.94
make[3]: Entering directory '/workspaces/openwrt-radxa-rock5b-plus/openwrt/package/base-files'
touch /workspaces/openwrt-radxa-rock5b-plus/openwrt/staging_dir/target-aarch64_generic_musl/root-rockchip/stamp/.luci-lua-runtime_installed
echo "luci-lua-runtime" >> /workspaces/openwrt-radxa-rock5b-plus/openwrt/staging_dir/target-aarch64_generic_musl/pkginfo/luci-lua-runtime.default.install
make[3]: Leaving directory '/workspaces/openwrt-radxa-rock5b-plus/openwrt/feeds/luci/modules/luci-lua-runtime'
time: package/feeds/luci/luci-lua-runtime/compile#0.17#0.20#0.91
make[3]: Entering directory '/workspaces/openwrt-radxa-rock5b-plus/openwrt/feeds/luci/modules/luci-mod-admin-full'
mkdir -p /workspaces/openwrt-radxa-rock5b-plus/openwrt/staging_dir/target-aarch64_generic_musl/root-rockchip/stamp
SHELL= flock /workspaces/openwrt-radxa-rock5b-plus/openwrt/tmp/.root-copy.flock -c 'cp -fpR /workspaces/openwrt-radxa-rock5b-plus/openwrt/build_dir/target-aarch64_generic_musl/luci-mod-admin-full/.pkgdir/luci-mod-admin-full/. /workspaces/openwrt-radxa-rock5b-plus/openwrt/staging_dir/target-aarch64_generic_musl/root-rockchip/'
touch /workspaces/openwrt-radxa-rock5b-plus/openwrt/staging_dir/target-aarch64_generic_musl/root-rockchip/stamp/.luci-mod-admin-full_installed
echo "luci-mod-admin-full" >> /workspaces/openwrt-radxa-rock5b-plus/openwrt/staging_dir/target-aarch64_generic_musl/pkginfo/luci-mod-admin-full.default.install
make[3]: Leaving directory '/workspaces/openwrt-radxa-rock5b-plus/openwrt/feeds/luci/modules/luci-mod-admin-full'
time: package/feeds/luci/luci-mod-admin-full/compile#0.15#0.15#0.45
make[3]: Entering directory '/workspaces/openwrt-radxa-rock5b-plus/openwrt/feeds/luci/modules/luci-compat'
rm -f /workspaces/openwrt-radxa-rock5b-plus/openwrt/build_dir/target-aarch64_generic_musl/luci-compat/.built
touch /workspaces/openwrt-radxa-rock5b-plus/openwrt/build_dir/target-aarch64_generic_musl/luci-compat/.built_check
touch /workspaces/openwrt-radxa-rock5b-plus/openwrt/build_dir/target-aarch64_generic_musl/luci-compat/.built
rm -rf /workspaces/openwrt-radxa-rock5b-plus/openwrt/build_dir/target-aarch64_generic_musl/luci-compat/.pkgdir/luci-compat.installed /workspaces/openwrt-radxa-rock5b-plus/openwrt/build_dir/target-aarch64_generic_musl/luci-compat/.pkgdir/luci-compat
mkdir -p /workspaces/openwrt-radxa-rock5b-plus/openwrt/build_dir/target-aarch64_generic_musl/luci-compat/.pkgdir/luci-compat
install -d -m0755 /workspaces/openwrt-radxa-rock5b-plus/openwrt/build_dir/target-aarch64_generic_musl/luci-compat/.pkgdir/luci-compat/usr/lib/lua/luci
cp -pR /workspaces/openwrt-radxa-rock5b-plus/openwrt/build_dir/target-aarch64_generic_musl/luci-compat/luasrc/* /workspaces/openwrt-radxa-rock5b-plus/openwrt/build_dir/target-aarch64_generic_musl/luci-compat/.pkgdir/luci-compat/usr/lib/lua/luci/
find /workspaces/openwrt-radxa-rock5b-plus/openwrt/build_dir/target-aarch64_generic_musl/luci-compat/.pkgdir/luci-compat/usr/lib/lua/luci/ -type f -name '*.luadoc' | xargs -r rm
true
find /workspaces/openwrt-radxa-rock5b-plus/openwrt/build_dir/target-aarch64_generic_musl/luci-compat/.pkgdir/luci-compat/usr/lib/lua/luci/ -type f -name '*.htm' | while read src; do /workspaces/openwrt-radxa-rock5b-plus/openwrt/staging_dir/host/bin/sed -i -e 's/<%# *\([^ ]*\)PKG_VERSION *%>/\125.253.73204~220531f/g' -e 's/"\(<%= *\(media\|resource\) *%>[^"]*\.\(js\|css\)\)"/"\1?v=25.253.73204~220531f"/g' "$src"; done; find /workspaces/openwrt-radxa-rock5b-plus/openwrt/build_dir/target-aarch64_generic_musl/luci-compat/.pkgdir/luci-compat/usr/lib/lua/luci/ -type f -name '*.ut' | while read src; do /workspaces/openwrt-radxa-rock5b-plus/openwrt/staging_dir/host/bin/sed -i -e 's/{# *\([^ ]*\)PKG_VERSION *#}/\125.253.73204~220531f/g' -e 's/"\({{ *\(media\|resource\) *}}[^"]*\.\(js\|css\)\)"/"\1?v=25.253.73204~220531f"/g' "$src"; done
install -d -m0755 /workspaces/openwrt-radxa-rock5b-plus/openwrt/build_dir/target-aarch64_generic_musl/luci-compat/.pkgdir/luci-compat/www
cp -pR /workspaces/openwrt-radxa-rock5b-plus/openwrt/build_dir/target-aarch64_generic_musl/luci-compat/htdocs/* /workspaces/openwrt-radxa-rock5b-plus/openwrt/build_dir/target-aarch64_generic_musl/luci-compat/.pkgdir/luci-compat/www/
find /workspaces/openwrt-radxa-rock5b-plus/openwrt/build_dir/target-aarch64_generic_musl/luci-compat/.pkgdir/luci-compat/www/ -type f -name '*.js' | while read src; do if jsmin < "$src" > "$src.o"; then mv "$src.o" "$src"; fi; done
find /workspaces/openwrt-radxa-rock5b-plus/openwrt/build_dir/target-aarch64_generic_musl/luci-compat/.pkgdir/luci-compat/www/ -type f -name '*.css' | while read src; do if csstidy "$src" --template=highest --remove_last_semicolon=true "$src.o"; then mv "$src.o" "$src"; fi; done
install -d -m0755 /workspaces/openwrt-radxa-rock5b-plus/openwrt/build_dir/target-aarch64_generic_musl/luci-compat/.pkgdir/luci-compat/
cp -pR /workspaces/openwrt-radxa-rock5b-plus/openwrt/build_dir/target-aarch64_generic_musl/luci-compat/root/* /workspaces/openwrt-radxa-rock5b-plus/openwrt/build_dir/target-aarch64_generic_musl/luci-compat/.pkgdir/luci-compat/
touch /workspaces/openwrt-radxa-rock5b-plus/openwrt/build_dir/target-aarch64_generic_musl/luci-compat/.pkgdir/luci-compat.installed
mkdir -p /workspaces/openwrt-radxa-rock5b-plus/openwrt/staging_dir/target-aarch64_generic_musl/root-rockchip/stamp
SHELL= flock /workspaces/openwrt-radxa-rock5b-plus/openwrt/tmp/.root-copy.flock -c 'cp -fpR /workspaces/openwrt-radxa-rock5b-plus/openwrt/build_dir/target-aarch64_generic_musl/luci-compat/.pkgdir/luci-compat/. /workspaces/openwrt-radxa-rock5b-plus/openwrt/staging_dir/target-aarch64_generic_musl/root-rockchip/'
touch /workspaces/openwrt-radxa-rock5b-plus/openwrt/staging_dir/target-aarch64_generic_musl/root-rockchip/stamp/.luci-compat_installed
rm -rf /workspaces/openwrt-radxa-rock5b-plus/openwrt/build_dir/target-aarch64_generic_musl/luci-compat/ipkg-all/luci-compat
mkdir -p /workspaces/openwrt-radxa-rock5b-plus/openwrt/bin/targets/rockchip/armv8/packages /workspaces/openwrt-radxa-rock5b-plus/openwrt/build_dir/target-aarch64_generic_musl/luci-compat/ipkg-all/luci-compat /workspaces/openwrt-radxa-rock5b-plus/openwrt/staging_dir/target-aarch64_generic_musl/pkginfo
install -d -m0755 /workspaces/openwrt-radxa-rock5b-plus/openwrt/build_dir/target-aarch64_generic_musl/luci-compat/ipkg-all/luci-compat/usr/lib/lua/luci
cp -pR /workspaces/openwrt-radxa-rock5b-plus/openwrt/build_dir/target-aarch64_generic_musl/luci-compat/luasrc/* /workspaces/openwrt-radxa-rock5b-plus/openwrt/build_dir/target-aarch64_generic_musl/luci-compat/ipkg-all/luci-compat/usr/lib/lua/luci/
find /workspaces/openwrt-radxa-rock5b-plus/openwrt/build_dir/target-aarch64_generic_musl/luci-compat/ipkg-all/luci-compat/usr/lib/lua/luci/ -type f -name '*.luadoc' | xargs -r rm
true
find /workspaces/openwrt-radxa-rock5b-plus/openwrt/build_dir/target-aarch64_generic_musl/luci-compat/ipkg-all/luci-compat/usr/lib/lua/luci/ -type f -name '*.htm' | while read src; do /workspaces/openwrt-radxa-rock5b-plus/openwrt/staging_dir/host/bin/sed -i -e 's/<%# *\([^ ]*\)PKG_VERSION *%>/\125.253.73204~220531f/g' -e 's/"\(<%= *\(media\|resource\) *%>[^"]*\.\(js\|css\)\)"/"\1?v=25.253.73204~220531f"/g' "$src"; done; find /workspaces/openwrt-radxa-rock5b-plus/openwrt/build_dir/target-aarch64_generic_musl/luci-compat/ipkg-all/luci-compat/usr/lib/lua/luci/ -type f -name '*.ut' | while read src; do /workspaces/openwrt-radxa-rock5b-plus/openwrt/staging_dir/host/bin/sed -i -e 's/{# *\([^ ]*\)PKG_VERSION *#}/\125.253.73204~220531f/g' -e 's/"\({{ *\(media\|resource\) *}}[^"]*\.\(js\|css\)\)"/"\1?v=25.253.73204~220531f"/g' "$src"; done
install -d -m0755 /workspaces/openwrt-radxa-rock5b-plus/openwrt/build_dir/target-aarch64_generic_musl/luci-compat/ipkg-all/luci-compat/www
cp -pR /workspaces/openwrt-radxa-rock5b-plus/openwrt/build_dir/target-aarch64_generic_musl/luci-compat/htdocs/* /workspaces/openwrt-radxa-rock5b-plus/openwrt/build_dir/target-aarch64_generic_musl/luci-compat/ipkg-all/luci-compat/www/
find /workspaces/openwrt-radxa-rock5b-plus/openwrt/build_dir/target-aarch64_generic_musl/luci-compat/ipkg-all/luci-compat/www/ -type f -name '*.js' | while read src; do if jsmin < "$src" > "$src.o"; then mv "$src.o" "$src"; fi; done
find /workspaces/openwrt-radxa-rock5b-plus/openwrt/build_dir/target-aarch64_generic_musl/luci-compat/ipkg-all/luci-compat/www/ -type f -name '*.css' | while read src; do if csstidy "$src" --template=highest --remove_last_semicolon=true "$src.o"; then mv "$src.o" "$src"; fi; done
install -d -m0755 /workspaces/openwrt-radxa-rock5b-plus/openwrt/build_dir/target-aarch64_generic_musl/luci-compat/ipkg-all/luci-compat/
cp -pR /workspaces/openwrt-radxa-rock5b-plus/openwrt/build_dir/target-aarch64_generic_musl/luci-compat/root/* /workspaces/openwrt-radxa-rock5b-plus/openwrt/build_dir/target-aarch64_generic_musl/luci-compat/ipkg-all/luci-compat/
find /workspaces/openwrt-radxa-rock5b-plus/openwrt/build_dir/target-aarch64_generic_musl/luci-compat/ipkg-all/luci-compat -name 'CVS' -o -name '.svn' -o -name '.#*' -o -name '*~'| xargs -r rm -rf
export CROSS="aarch64-openwrt-linux-musl-"  NO_RENAME=1 ; NM="aarch64-openwrt-linux-musl-nm" STRIP="/workspaces/openwrt-radxa-rock5b-plus/openwrt/staging_dir/host/bin/sstrip -z" STRIP_KMOD="/workspaces/openwrt-radxa-rock5b-plus/openwrt/scripts/strip-kmod.sh" PATCHELF="/workspaces/openwrt-radxa-rock5b-plus/openwrt/staging_dir/host/bin/patchelf" /workspaces/openwrt-radxa-rock5b-plus/openwrt/scripts/rstrip.sh /workspaces/openwrt-radxa-rock5b-plus/openwrt/build_dir/target-aarch64_generic_musl/luci-compat/ipkg-all/luci-compat
install -d -m0755 /workspaces/openwrt-radxa-rock5b-plus/openwrt/bin/packages/aarch64_generic/luci/tmp
mkdir -p /workspaces/openwrt-radxa-rock5b-plus/openwrt/build_dir/target-aarch64_generic_musl/luci-compat/apk-all/luci-compat/
mkdir -p /workspaces/openwrt-radxa-rock5b-plus/openwrt/build_dir/target-aarch64_generic_musl/luci-compat/ipkg-all/luci-compat/lib/apk/packages/
(cd /workspaces/openwrt-radxa-rock5b-plus/openwrt/build_dir/target-aarch64_generic_musl/luci-compat/apk-all/luci-compat; echo "$V_Package_luci_compat_postinst" > postinst-pkg; chmod 0755 postinst-pkg;)
( echo "#!/bin/sh"; echo "[ \"\${IPKG_NO_SCRIPT}\" = \"1\" ] && exit 0"; echo "[ -s "\${IPKG_INSTROOT}/lib/functions.sh" ] || exit 0"; echo ". \${IPKG_INSTROOT}/lib/functions.sh"; echo 'export root="${IPKG_INSTROOT}"'; echo 'export pkgname="luci-compat"'; echo "add_group_and_user"; echo "default_postinst"; [ ! -f /workspaces/openwrt-radxa-rock5b-plus/openwrt/build_dir/target-aarch64_generic_musl/luci-compat/apk-all/luci-compat/postinst-pkg ] || sed -z 's/^\s*#!/#!/' "/workspaces/openwrt-radxa-rock5b-plus/openwrt/build_dir/target-aarch64_generic_musl/luci-compat/apk-all/luci-compat/postinst-pkg"; ) > /workspaces/openwrt-radxa-rock5b-plus/openwrt/build_dir/target-aarch64_generic_musl/luci-compat/apk-all/luci-compat/post-install;
( echo "#!/bin/sh"; echo 'export PKG_UPGRADE=1'; [ ! -f /workspaces/openwrt-radxa-rock5b-plus/openwrt/build_dir/target-aarch64_generic_musl/luci-compat/apk-all/luci-compat/post-install ] || sed -z 's/^\s*#!/#!/' "/workspaces/openwrt-radxa-rock5b-plus/openwrt/build_dir/target-aarch64_generic_musl/luci-compat/apk-all/luci-compat/post-install"; ) > /workspaces/openwrt-radxa-rock5b-plus/openwrt/build_dir/target-aarch64_generic_musl/luci-compat/apk-all/luci-compat/post-upgrade;
( echo "#!/bin/sh"; echo "[ -s "\${IPKG_INSTROOT}/lib/functions.sh" ] || exit 0"; echo ". \${IPKG_INSTROOT}/lib/functions.sh"; echo 'export root="${IPKG_INSTROOT}"'; echo 'export pkgname="luci-compat"'; echo "default_prerm"; [ ! -f /workspaces/openwrt-radxa-rock5b-plus/openwrt/build_dir/target-aarch64_generic_musl/luci-compat/apk-all/luci-compat/prerm-pkg ] || sed -z 's/^\s*#!/#!/' "/workspaces/openwrt-radxa-rock5b-plus/openwrt/build_dir/target-aarch64_generic_musl/luci-compat/apk-all/luci-compat/prerm-pkg"; ) > /workspaces/openwrt-radxa-rock5b-plus/openwrt/build_dir/target-aarch64_generic_musl/luci-compat/apk-all/luci-compat/pre-deinstall;
[ ! -f /workspaces/openwrt-radxa-rock5b-plus/openwrt/build_dir/target-aarch64_generic_musl/luci-compat/apk-all/luci-compat/postrm ] || sed -zi 's/^\s*#!/#!/' "/workspaces/openwrt-radxa-rock5b-plus/openwrt/build_dir/target-aarch64_generic_musl/luci-compat/apk-all/luci-compat/postrm";
if [ -n "" ]; then echo  > /workspaces/openwrt-radxa-rock5b-plus/openwrt/build_dir/target-aarch64_generic_musl/luci-compat/ipkg-all/luci-compat/lib/apk/packages/luci-compat.rusers; fi;
if [ -n "" ]; then echo  > /workspaces/openwrt-radxa-rock5b-plus/openwrt/build_dir/target-aarch64_generic_musl/luci-compat/ipkg-all/luci-compat/lib/apk/packages/luci-compat.alternatives; fi;
(cd /workspaces/openwrt-radxa-rock5b-plus/openwrt/build_dir/target-aarch64_generic_musl/luci-compat/ipkg-all/luci-compat && find . -type f,l -printf "/%P\n" | sort > /workspaces/openwrt-radxa-rock5b-plus/openwrt/tmp/luci-compat.list && mv /workspaces/openwrt-radxa-rock5b-plus/openwrt/tmp/luci-compat.list /workspaces/openwrt-radxa-rock5b-plus/openwrt/build_dir/target-aarch64_generic_musl/luci-compat/ipkg-all/luci-compat/lib/apk/packages/luci-compat.list)
# Move conffiles to IDIR and build conffiles_static with csums
if [ -f /workspaces/openwrt-radxa-rock5b-plus/openwrt/build_dir/target-aarch64_generic_musl/luci-compat/apk-all/luci-compat/conffiles ]; then mv -f /workspaces/openwrt-radxa-rock5b-plus/openwrt/build_dir/target-aarch64_generic_musl/luci-compat/apk-all/luci-compat/conffiles /workspaces/openwrt-radxa-rock5b-plus/openwrt/build_dir/target-aarch64_generic_musl/luci-compat/ipkg-all/luci-compat/lib/apk/packages/luci-compat.conffiles; for file in $(cat /workspaces/openwrt-radxa-rock5b-plus/openwrt/build_dir/target-aarch64_generic_musl/luci-compat/ipkg-all/luci-compat/lib/apk/packages/luci-compat.conffiles); do [ -f /workspaces/openwrt-radxa-rock5b-plus/openwrt/build_dir/target-aarch64_generic_musl/luci-compat/ipkg-all/luci-compat/$file ] || continue; csum=$(/workspaces/openwrt-radxa-rock5b-plus/openwrt/staging_dir/host/bin/mkhash sha256 /workspaces/openwrt-radxa-rock5b-plus/openwrt/build_dir/target-aarch64_generic_musl/luci-compat/ipkg-all/luci-compat/$file); echo $file $csum >> /workspaces/openwrt-radxa-rock5b-plus/openwrt/build_dir/target-aarch64_generic_musl/luci-compat/ipkg-all/luci-compat/lib/apk/packages/luci-compat.conffiles_static; done; fi
# Some package (base-files) manually append stuff to conffiles
# Append stuff from it and delete the CONTROL directory since everything else should be migrated
if [ -f /workspaces/openwrt-radxa-rock5b-plus/openwrt/build_dir/target-aarch64_generic_musl/luci-compat/ipkg-all/luci-compat/CONTROL/conffiles ]; then echo $(IDIR_luci-compat)/CONTROL/conffiles >> /workspaces/openwrt-radxa-rock5b-plus/openwrt/build_dir/target-aarch64_generic_musl/luci-compat/ipkg-all/luci-compat/lib/apk/packages/luci-compat.conffiles; for file in $(cat /workspaces/openwrt-radxa-rock5b-plus/openwrt/build_dir/target-aarch64_generic_musl/luci-compat/ipkg-all/luci-compat/CONTROL/conffiles); do [ -f /workspaces/openwrt-radxa-rock5b-plus/openwrt/build_dir/target-aarch64_generic_musl/luci-compat/ipkg-all/luci-compat/$file ] || continue; csum=$(/workspaces/openwrt-radxa-rock5b-plus/openwrt/staging_dir/host/bin/mkhash sha256 /workspaces/openwrt-radxa-rock5b-plus/openwrt/build_dir/target-aarch64_generic_musl/luci-compat/ipkg-all/luci-compat/$file); echo $file $csum >> /workspaces/openwrt-radxa-rock5b-plus/openwrt/build_dir/target-aarch64_generic_musl/luci-compat/ipkg-all/luci-compat/lib/apk/packages/luci-compat.conffiles_static; done; rm -rf /workspaces/openwrt-radxa-rock5b-plus/openwrt/build_dir/target-aarch64_generic_musl/luci-compat/ipkg-all/luci-compat/CONTROL/conffiles; fi
if [ -z "$(ls -A /workspaces/openwrt-radxa-rock5b-plus/openwrt/build_dir/target-aarch64_generic_musl/luci-compat/ipkg-all/luci-compat/CONTROL 2>/dev/null)" ]; then rm -rf /workspaces/openwrt-radxa-rock5b-plus/openwrt/build_dir/target-aarch64_generic_musl/luci-compat/ipkg-all/luci-compat/CONTROL; else echo "CONTROL directory /workspaces/openwrt-radxa-rock5b-plus/openwrt/build_dir/target-aarch64_generic_musl/luci-compat/ipkg-all/luci-compat/CONTROL is not empty! This is not right and should be checked!" >&2; exit 1; fi
/workspaces/openwrt-radxa-rock5b-plus/openwrt/staging_dir/host/bin/fakeroot /workspaces/openwrt-radxa-rock5b-plus/openwrt/staging_dir/host/bin/apk mkpkg --info "name:luci-compat" --info "version:25.253.73204~220531f"  --info "description:LuCI compatibility libraries" --info "arch:noarch" --info "license:Apache-2.0" --info "origin:feeds/luci/modules/luci-compat" --info "url:https://github.com/openwrt/luci" --info "maintainer:OpenWrt LuCI community" --info "provides:"  --script "post-install:/workspaces/openwrt-radxa-rock5b-plus/openwrt/build_dir/target-aarch64_generic_musl/luci-compat/apk-all/luci-compat/post-install" --script "post-upgrade:/workspaces/openwrt-radxa-rock5b-plus/openwrt/build_dir/target-aarch64_generic_musl/luci-compat/apk-all/luci-compat/post-upgrade" --script "pre-deinstall:/workspaces/openwrt-radxa-rock5b-plus/openwrt/build_dir/target-aarch64_generic_musl/luci-compat/apk-all/luci-compat/pre-deinstall" --info "depends:libc luci-lua-runtime luci-lua-runtime" --files "/workspaces/openwrt-radxa-rock5b-plus/openwrt/build_dir/target-aarch64_generic_musl/luci-compat/ipkg-all/luci-compat" --output "/workspaces/openwrt-radxa-rock5b-plus/openwrt/bin/packages/aarch64_generic/luci/luci-compat-25.253.73204~220531f.apk" --sign "/workspaces/openwrt-radxa-rock5b-plus/openwrt/private-key.pem"
echo "luci-compat" >> /workspaces/openwrt-radxa-rock5b-plus/openwrt/staging_dir/target-aarch64_generic_musl/pkginfo/luci-compat.default.install
make[3]: Leaving directory '/workspaces/openwrt-radxa-rock5b-plus/openwrt/feeds/luci/modules/luci-compat'
time: package/feeds/luci/luci-compat/compile#0.80#0.66#2.18
make[3]: Entering directory '/workspaces/openwrt-radxa-rock5b-plus/openwrt/feeds/luci/collections/luci-light'
mkdir -p /workspaces/openwrt-radxa-rock5b-plus/openwrt/staging_dir/target-aarch64_generic_musl/root-rockchip/stamp
SHELL= flock /workspaces/openwrt-radxa-rock5b-plus/openwrt/tmp/.root-copy.flock -c 'cp -fpR /workspaces/openwrt-radxa-rock5b-plus/openwrt/build_dir/target-aarch64_generic_musl/luci-light/.pkgdir/luci-light/. /workspaces/openwrt-radxa-rock5b-plus/openwrt/staging_dir/target-aarch64_generic_musl/root-rockchip/'
touch /workspaces/openwrt-radxa-rock5b-plus/openwrt/staging_dir/target-aarch64_generic_musl/root-rockchip/stamp/.luci-light_installed
echo "luci-light" >> /workspaces/openwrt-radxa-rock5b-plus/openwrt/staging_dir/target-aarch64_generic_musl/pkginfo/luci-light.default.install
make[3]: Leaving directory '/workspaces/openwrt-radxa-rock5b-plus/openwrt/feeds/luci/collections/luci-light'
time: package/feeds/luci/luci-light/compile#0.13#0.18#0.51
make[3]: Entering directory '/workspaces/openwrt-radxa-rock5b-plus/openwrt/feeds/luci/collections/luci'
mkdir -p /workspaces/openwrt-radxa-rock5b-plus/openwrt/staging_dir/target-aarch64_generic_musl/root-rockchip/stamp
SHELL= flock /workspaces/openwrt-radxa-rock5b-plus/openwrt/tmp/.root-copy.flock -c 'cp -fpR /workspaces/openwrt-radxa-rock5b-plus/openwrt/build_dir/target-aarch64_generic_musl/luci/.pkgdir/luci/. /workspaces/openwrt-radxa-rock5b-plus/openwrt/staging_dir/target-aarch64_generic_musl/root-rockchip/'
touch /workspaces/openwrt-radxa-rock5b-plus/openwrt/staging_dir/target-aarch64_generic_musl/root-rockchip/stamp/.luci_installed
echo "luci" >> /workspaces/openwrt-radxa-rock5b-plus/openwrt/staging_dir/target-aarch64_generic_musl/pkginfo/luci.default.install
make[3]: Leaving directory '/workspaces/openwrt-radxa-rock5b-plus/openwrt/feeds/luci/collections/luci'
time: package/feeds/luci/luci/compile#0.15#0.17#0.74
make[3]: Entering directory '/workspaces/openwrt-radxa-rock5b-plus/openwrt/feeds/luci/collections/luci-ssl'
mkdir -p /workspaces/openwrt-radxa-rock5b-plus/openwrt/staging_dir/target-aarch64_generic_musl/root-rockchip/stamp
SHELL= flock /workspaces/openwrt-radxa-rock5b-plus/openwrt/tmp/.root-copy.flock -c 'cp -fpR /workspaces/openwrt-radxa-rock5b-plus/openwrt/build_dir/target-aarch64_generic_musl/luci-ssl/.pkgdir/luci-ssl/. /workspaces/openwrt-radxa-rock5b-plus/openwrt/staging_dir/target-aarch64_generic_musl/root-rockchip/'
touch /workspaces/openwrt-radxa-rock5b-plus/openwrt/staging_dir/target-aarch64_generic_musl/root-rockchip/stamp/.luci-ssl_installed
echo "luci-ssl" >> /workspaces/openwrt-radxa-rock5b-plus/openwrt/staging_dir/target-aarch64_generic_musl/pkginfo/luci-ssl.default.install
make[3]: Leaving directory '/workspaces/openwrt-radxa-rock5b-plus/openwrt/feeds/luci/collections/luci-ssl'
time: package/feeds/luci/luci-ssl/compile#0.14#0.19#0.58
rm -f /workspaces/openwrt-radxa-rock5b-plus/openwrt/build_dir/target-aarch64_generic_musl/linux-rockchip_armv8/base-files/.built
touch /workspaces/openwrt-radxa-rock5b-plus/openwrt/build_dir/target-aarch64_generic_musl/linux-rockchip_armv8/base-files/.built_check
touch /workspaces/openwrt-radxa-rock5b-plus/openwrt/build_dir/target-aarch64_generic_musl/linux-rockchip_armv8/base-files/.built
rm -rf /workspaces/openwrt-radxa-rock5b-plus/openwrt/build_dir/target-aarch64_generic_musl/linux-rockchip_armv8/base-files/.pkgdir/base-files.installed /workspaces/openwrt-radxa-rock5b-plus/openwrt/build_dir/target-aarch64_generic_musl/linux-rockchip_armv8/base-files/.pkgdir/base-files
mkdir -p /workspaces/openwrt-radxa-rock5b-plus/openwrt/build_dir/target-aarch64_generic_musl/linux-rockchip_armv8/base-files/.pkgdir/base-files
cp -fpR ./files/* /workspaces/openwrt-radxa-rock5b-plus/openwrt/build_dir/target-aarch64_generic_musl/linux-rockchip_armv8/base-files/.pkgdir/base-files/
mkdir -p /workspaces/openwrt-radxa-rock5b-plus/openwrt/build_dir/target-aarch64_generic_musl/linux-rockchip_armv8/base-files/.pkgdir/base-files/etc/apk/keys
cp -fpR /workspaces/openwrt-radxa-rock5b-plus/openwrt/public-key.pem /workspaces/openwrt-radxa-rock5b-plus/openwrt/build_dir/target-aarch64_generic_musl/linux-rockchip_armv8/base-files/.pkgdir/base-files/etc/apk/keys/
rm -f /workspaces/openwrt-radxa-rock5b-plus/openwrt/build_dir/target-aarch64_generic_musl/linux-rockchip_armv8/base-files/.pkgdir/base-files/lib/upgrade/nand.sh
rm -f /workspaces/openwrt-radxa-rock5b-plus/openwrt/build_dir/target-aarch64_generic_musl/linux-rockchip_armv8/base-files/.pkgdir/base-files/lib/upgrade/legacy-sdcard.sh
rm -f /workspaces/openwrt-radxa-rock5b-plus/openwrt/build_dir/target-aarch64_generic_musl/linux-rockchip_armv8/base-files/.pkgdir/base-files/lib/upgrade/emmc.sh
if [ -d /workspaces/openwrt-radxa-rock5b-plus/openwrt/target/linux/generic/base-files/. ]; then cp -fpR /workspaces/openwrt-radxa-rock5b-plus/openwrt/target/linux/generic/base-files/* /workspaces/openwrt-radxa-rock5b-plus/openwrt/build_dir/target-aarch64_generic_musl/linux-rockchip_armv8/base-files/.pkgdir/base-files/; fi
if [ -d /workspaces/openwrt-radxa-rock5b-plus/openwrt/target/linux/rockchip/base-files/. ]; then cp -fpR /workspaces/openwrt-radxa-rock5b-plus/openwrt/target/linux/rockchip/base-files/* /workspaces/openwrt-radxa-rock5b-plus/openwrt/build_dir/target-aarch64_generic_musl/linux-rockchip_armv8/base-files/.pkgdir/base-files/; fi
if [ -d /workspaces/openwrt-radxa-rock5b-plus/openwrt/target/linux/rockchip/armv8/base-files/. ]; then cp -fpR /workspaces/openwrt-radxa-rock5b-plus/openwrt/target/linux/rockchip/armv8/base-files/* /workspaces/openwrt-radxa-rock5b-plus/openwrt/build_dir/target-aarch64_generic_musl/linux-rockchip_armv8/base-files/.pkgdir/base-files/; fi; 
/workspaces/openwrt-radxa-rock5b-plus/openwrt/staging_dir/host/bin/sed -i -e 's,%U,https://downloads.openwrt.org/snapshots,g' -e 's,%V,SNAPSHOT,g' -e 's,%v,\LSNAPSHOT,g' -e 's,%C,r31055-9cfbd691e9,g' -e 's,%c,\Lr31055-9cfbd691e9,g' -e 's,%D,OpenWrt,g' -e 's,%d,\LOpenWrt,g' -e 's,%R,r31055-9cfbd691e9,g' -e 's,%T,rockchip,g' -e 's,%S,rockchip/armv8,g' -e 's,%A,aarch64_generic,g' -e 's,%t,no-all,g' -e 's,%M,OpenWrt,g' -e 's,%m,https://openwrt.org/,g' -e 's,%b,https://bugs.openwrt.org/,g' -e 's,%u,https://openwrt.org/,g' -e 's,%s,https://forum.openwrt.org/,g' -e 's,%f,https://downloads.openwrt.org/,g' -e 's,%P,Generic,g' -e 's,%h,v0,g' -e 's,%B,1757764443,g' /workspaces/openwrt-radxa-rock5b-plus/openwrt/build_dir/target-aarch64_generic_musl/linux-rockchip_armv8/base-files/.pkgdir/base-files/etc/banner /workspaces/openwrt-radxa-rock5b-plus/openwrt/build_dir/target-aarch64_generic_musl/linux-rockchip_armv8/base-files/.pkgdir/base-files/etc/device_info /workspaces/openwrt-radxa-rock5b-plus/openwrt/build_dir/target-aarch64_generic_musl/linux-rockchip_armv8/base-files/.pkgdir/base-files/etc/openwrt_release /workspaces/openwrt-radxa-rock5b-plus/openwrt/build_dir/target-aarch64_generic_musl/linux-rockchip_armv8/base-files/.pkgdir/base-files/etc/openwrt_version /workspaces/openwrt-radxa-rock5b-plus/openwrt/build_dir/target-aarch64_generic_musl/linux-rockchip_armv8/base-files/.pkgdir/base-files/usr/lib/os-release
/workspaces/openwrt-radxa-rock5b-plus/openwrt/staging_dir/host/bin/sed -i -e "s#%PATH%#/usr/sbin:/usr/bin:/sbin:/bin#g" /workspaces/openwrt-radxa-rock5b-plus/openwrt/build_dir/target-aarch64_generic_musl/linux-rockchip_armv8/base-files/.pkgdir/base-files/sbin/hotplug-call /workspaces/openwrt-radxa-rock5b-plus/openwrt/build_dir/target-aarch64_generic_musl/linux-rockchip_armv8/base-files/.pkgdir/base-files/etc/preinit /workspaces/openwrt-radxa-rock5b-plus/openwrt/build_dir/target-aarch64_generic_musl/linux-rockchip_armv8/base-files/.pkgdir/base-files/etc/profile
mkdir -p /workspaces/openwrt-radxa-rock5b-plus/openwrt/build_dir/target-aarch64_generic_musl/linux-rockchip_armv8/base-files/.pkgdir/base-files/CONTROL /workspaces/openwrt-radxa-rock5b-plus/openwrt/build_dir/target-aarch64_generic_musl/linux-rockchip_armv8/base-files/.pkgdir/base-files/dev /workspaces/openwrt-radxa-rock5b-plus/openwrt/build_dir/target-aarch64_generic_musl/linux-rockchip_armv8/base-files/.pkgdir/base-files/etc/config /workspaces/openwrt-radxa-rock5b-plus/openwrt/build_dir/target-aarch64_generic_musl/linux-rockchip_armv8/base-files/.pkgdir/base-files/etc/crontabs /workspaces/openwrt-radxa-rock5b-plus/openwrt/build_dir/target-aarch64_generic_musl/linux-rockchip_armv8/base-files/.pkgdir/base-files/etc/rc.d /workspaces/openwrt-radxa-rock5b-plus/openwrt/build_dir/target-aarch64_generic_musl/linux-rockchip_armv8/base-files/.pkgdir/base-files/overlay /workspaces/openwrt-radxa-rock5b-plus/openwrt/build_dir/target-aarch64_generic_musl/linux-rockchip_armv8/base-files/.pkgdir/base-files/lib/firmware /workspaces/openwrt-radxa-rock5b-plus/openwrt/build_dir/target-aarch64_generic_musl/linux-rockchip_armv8/base-files/.pkgdir/base-files/mnt /workspaces/openwrt-radxa-rock5b-plus/openwrt/build_dir/target-aarch64_generic_musl/linux-rockchip_armv8/base-files/.pkgdir/base-files/proc /workspaces/openwrt-radxa-rock5b-plus/openwrt/build_dir/target-aarch64_generic_musl/linux-rockchip_armv8/base-files/.pkgdir/base-files/tmp /workspaces/openwrt-radxa-rock5b-plus/openwrt/build_dir/target-aarch64_generic_musl/linux-rockchip_armv8/base-files/.pkgdir/base-files/usr/lib /workspaces/openwrt-radxa-rock5b-plus/openwrt/build_dir/target-aarch64_generic_musl/linux-rockchip_armv8/base-files/.pkgdir/base-files/usr/bin /workspaces/openwrt-radxa-rock5b-plus/openwrt/build_dir/target-aarch64_generic_musl/linux-rockchip_armv8/base-files/.pkgdir/base-files/sys /workspaces/openwrt-radxa-rock5b-plus/openwrt/build_dir/target-aarch64_generic_musl/linux-rockchip_armv8/base-files/.pkgdir/base-files/www
mkdir -p -m 750 /workspaces/openwrt-radxa-rock5b-plus/openwrt/build_dir/target-aarch64_generic_musl/linux-rockchip_armv8/base-files/.pkgdir/base-files/root
ln -sf /proc/mounts /workspaces/openwrt-radxa-rock5b-plus/openwrt/build_dir/target-aarch64_generic_musl/linux-rockchip_armv8/base-files/.pkgdir/base-files/etc/mtab
ln -sf lib /workspaces/openwrt-radxa-rock5b-plus/openwrt/build_dir/target-aarch64_generic_musl/linux-rockchip_armv8/base-files/.pkgdir/base-files/lib64
ln -sf lib /workspaces/openwrt-radxa-rock5b-plus/openwrt/build_dir/target-aarch64_generic_musl/linux-rockchip_armv8/base-files/.pkgdir/base-files/usr/lib64
rm -f /workspaces/openwrt-radxa-rock5b-plus/openwrt/build_dir/target-aarch64_generic_musl/linux-rockchip_armv8/base-files/.pkgdir/base-files/var
ln -sf tmp /workspaces/openwrt-radxa-rock5b-plus/openwrt/build_dir/target-aarch64_generic_musl/linux-rockchip_armv8/base-files/.pkgdir/base-files/var
ln -sf /tmp/resolv.conf /tmp/TZ /tmp/localtime /workspaces/openwrt-radxa-rock5b-plus/openwrt/build_dir/target-aarch64_generic_musl/linux-rockchip_armv8/base-files/.pkgdir/base-files/etc/
chmod 0600 /workspaces/openwrt-radxa-rock5b-plus/openwrt/build_dir/target-aarch64_generic_musl/linux-rockchip_armv8/base-files/.pkgdir/base-files/etc/shadow
chmod 1777 /workspaces/openwrt-radxa-rock5b-plus/openwrt/build_dir/target-aarch64_generic_musl/linux-rockchip_armv8/base-files/.pkgdir/base-files/tmp
mkdir -p /workspaces/openwrt-radxa-rock5b-plus/openwrt/build_dir/target-aarch64_generic_musl/linux-rockchip_armv8/base-files/.pkgdir/base-files/lib/preinit
echo 'pi_suppress_stderr="y"' >/workspaces/openwrt-radxa-rock5b-plus/openwrt/build_dir/target-aarch64_generic_musl/linux-rockchip_armv8/base-files/.pkgdir/base-files/lib/preinit/00_preinit.conf
echo 'fs_failsafe_wait_timeout=4' >>/workspaces/openwrt-radxa-rock5b-plus/openwrt/build_dir/target-aarch64_generic_musl/linux-rockchip_armv8/base-files/.pkgdir/base-files/lib/preinit/00_preinit.conf
echo 'pi_init_path="/usr/sbin:/usr/bin:/sbin:/bin"' >>/workspaces/openwrt-radxa-rock5b-plus/openwrt/build_dir/target-aarch64_generic_musl/linux-rockchip_armv8/base-files/.pkgdir/base-files/lib/preinit/00_preinit.conf
echo 'pi_init_env=""' >>/workspaces/openwrt-radxa-rock5b-plus/openwrt/build_dir/target-aarch64_generic_musl/linux-rockchip_armv8/base-files/.pkgdir/base-files/lib/preinit/00_preinit.conf
echo 'pi_init_cmd="/sbin/init"' >>/workspaces/openwrt-radxa-rock5b-plus/openwrt/build_dir/target-aarch64_generic_musl/linux-rockchip_armv8/base-files/.pkgdir/base-files/lib/preinit/00_preinit.conf
echo 'pi_init_suppress_stderr="y"' >>/workspaces/openwrt-radxa-rock5b-plus/openwrt/build_dir/target-aarch64_generic_musl/linux-rockchip_armv8/base-files/.pkgdir/base-files/lib/preinit/00_preinit.conf
echo 'pi_ifname=""' >>/workspaces/openwrt-radxa-rock5b-plus/openwrt/build_dir/target-aarch64_generic_musl/linux-rockchip_armv8/base-files/.pkgdir/base-files/lib/preinit/00_preinit.conf
echo 'pi_ip="192.168.1.1"' >>/workspaces/openwrt-radxa-rock5b-plus/openwrt/build_dir/target-aarch64_generic_musl/linux-rockchip_armv8/base-files/.pkgdir/base-files/lib/preinit/00_preinit.conf
echo 'pi_netmask="255.255.255.0"' >>/workspaces/openwrt-radxa-rock5b-plus/openwrt/build_dir/target-aarch64_generic_musl/linux-rockchip_armv8/base-files/.pkgdir/base-files/lib/preinit/00_preinit.conf
echo 'pi_broadcast="192.168.1.255"' >>/workspaces/openwrt-radxa-rock5b-plus/openwrt/build_dir/target-aarch64_generic_musl/linux-rockchip_armv8/base-files/.pkgdir/base-files/lib/preinit/00_preinit.conf
echo 'pi_preinit_net_messages=""' >>/workspaces/openwrt-radxa-rock5b-plus/openwrt/build_dir/target-aarch64_generic_musl/linux-rockchip_armv8/base-files/.pkgdir/base-files/lib/preinit/00_preinit.conf
echo 'pi_preinit_no_failsafe_netmsg=""' >>/workspaces/openwrt-radxa-rock5b-plus/openwrt/build_dir/target-aarch64_generic_musl/linux-rockchip_armv8/base-files/.pkgdir/base-files/lib/preinit/00_preinit.conf
echo 'pi_preinit_no_failsafe=""' >>/workspaces/openwrt-radxa-rock5b-plus/openwrt/build_dir/target-aarch64_generic_musl/linux-rockchip_armv8/base-files/.pkgdir/base-files/lib/preinit/00_preinit.conf
for conffile in /workspaces/openwrt-radxa-rock5b-plus/openwrt/build_dir/target-aarch64_generic_musl/linux-rockchip_armv8/base-files/.pkgdir/base-files/etc/config/*; do if [ -f "$conffile" ]; then grep "${conffile##/workspaces/openwrt-radxa-rock5b-plus/openwrt/build_dir/target-aarch64_generic_musl/linux-rockchip_armv8/base-files/.pkgdir/base-files}" /workspaces/openwrt-radxa-rock5b-plus/openwrt/build_dir/target-aarch64_generic_musl/linux-rockchip_armv8/base-files/.pkgdir/base-files/CONTROL/conffiles || echo "${conffile##/workspaces/openwrt-radxa-rock5b-plus/openwrt/build_dir/target-aarch64_generic_musl/linux-rockchip_armv8/base-files/.pkgdir/base-files}" >> /workspaces/openwrt-radxa-rock5b-plus/openwrt/build_dir/target-aarch64_generic_musl/linux-rockchip_armv8/base-files/.pkgdir/base-files/CONTROL/conffiles; fi done
mkdir -p /workspaces/openwrt-radxa-rock5b-plus/openwrt/build_dir/target-aarch64_generic_musl/linux-rockchip_armv8/base-files/.pkgdir/base-files/etc/apk/repositories.d
( echo '%U/targets/%S/packages/packages.adb'; echo '%U/packages/%A/base/packages.adb'; echo '%U/packages/%A/luci/packages.adb'; echo '%U/packages/%A/packages/packages.adb'; echo '%U/packages/%A/routing/packages.adb'; echo '%U/packages/%A/telephony/packages.adb'; echo '%U/packages/%A/video/packages.adb'; ) >> /workspaces/openwrt-radxa-rock5b-plus/openwrt/build_dir/target-aarch64_generic_musl/linux-rockchip_armv8/base-files/.pkgdir/base-files/etc/apk/repositories.d/distfeeds.list
/workspaces/openwrt-radxa-rock5b-plus/openwrt/staging_dir/host/bin/sed -i -e 's,%U,https://downloads.openwrt.org/snapshots,g' -e 's,%V,SNAPSHOT,g' -e 's,%v,\LSNAPSHOT,g' -e 's,%C,r31055-9cfbd691e9,g' -e 's,%c,\Lr31055-9cfbd691e9,g' -e 's,%D,OpenWrt,g' -e 's,%d,\LOpenWrt,g' -e 's,%R,r31055-9cfbd691e9,g' -e 's,%T,rockchip,g' -e 's,%S,rockchip/armv8,g' -e 's,%A,aarch64_generic,g' -e 's,%t,no-all,g' -e 's,%M,OpenWrt,g' -e 's,%m,https://openwrt.org/,g' -e 's,%b,https://bugs.openwrt.org/,g' -e 's,%u,https://openwrt.org/,g' -e 's,%s,https://forum.openwrt.org/,g' -e 's,%f,https://downloads.openwrt.org/,g' -e 's,%P,Generic,g' -e 's,%h,v0,g' -e 's,%B,1757764443,g' /workspaces/openwrt-radxa-rock5b-plus/openwrt/build_dir/target-aarch64_generic_musl/linux-rockchip_armv8/base-files/.pkgdir/base-files/etc/apk/repositories.d/distfeeds.list
rm -f /workspaces/openwrt-radxa-rock5b-plus/openwrt/build_dir/target-aarch64_generic_musl/linux-rockchip_armv8/base-files/.pkgdir/base-files/etc/uci-defaults/13_fix-group-user
rm -f /workspaces/openwrt-radxa-rock5b-plus/openwrt/build_dir/target-aarch64_generic_musl/linux-rockchip_armv8/base-files/.pkgdir/base-files/sbin/pkg_check
echo 1667~9cfbd691e9 >/workspaces/openwrt-radxa-rock5b-plus/openwrt/tmp/base-files.version
touch /workspaces/openwrt-radxa-rock5b-plus/openwrt/build_dir/target-aarch64_generic_musl/linux-rockchip_armv8/base-files/.pkgdir/base-files.installed
mkdir -p /workspaces/openwrt-radxa-rock5b-plus/openwrt/staging_dir/target-aarch64_generic_musl/root-rockchip/stamp
SHELL= flock /workspaces/openwrt-radxa-rock5b-plus/openwrt/tmp/.root-copy.flock -c 'cp -fpR /workspaces/openwrt-radxa-rock5b-plus/openwrt/build_dir/target-aarch64_generic_musl/linux-rockchip_armv8/base-files/.pkgdir/base-files/. /workspaces/openwrt-radxa-rock5b-plus/openwrt/staging_dir/target-aarch64_generic_musl/root-rockchip/'
touch /workspaces/openwrt-radxa-rock5b-plus/openwrt/staging_dir/target-aarch64_generic_musl/root-rockchip/stamp/.base-files_installed
rm -rf /workspaces/openwrt-radxa-rock5b-plus/openwrt/build_dir/target-aarch64_generic_musl/linux-rockchip_armv8/base-files/ipkg-aarch64_generic/base-files
mkdir -p /workspaces/openwrt-radxa-rock5b-plus/openwrt/bin/targets/rockchip/armv8/packages /workspaces/openwrt-radxa-rock5b-plus/openwrt/build_dir/target-aarch64_generic_musl/linux-rockchip_armv8/base-files/ipkg-aarch64_generic/base-files /workspaces/openwrt-radxa-rock5b-plus/openwrt/staging_dir/target-aarch64_generic_musl/pkginfo
cp -fpR ./files/* /workspaces/openwrt-radxa-rock5b-plus/openwrt/build_dir/target-aarch64_generic_musl/linux-rockchip_armv8/base-files/ipkg-aarch64_generic/base-files/
mkdir -p /workspaces/openwrt-radxa-rock5b-plus/openwrt/build_dir/target-aarch64_generic_musl/linux-rockchip_armv8/base-files/ipkg-aarch64_generic/base-files/etc/apk/keys
cp -fpR /workspaces/openwrt-radxa-rock5b-plus/openwrt/public-key.pem /workspaces/openwrt-radxa-rock5b-plus/openwrt/build_dir/target-aarch64_generic_musl/linux-rockchip_armv8/base-files/ipkg-aarch64_generic/base-files/etc/apk/keys/
rm -f /workspaces/openwrt-radxa-rock5b-plus/openwrt/build_dir/target-aarch64_generic_musl/linux-rockchip_armv8/base-files/ipkg-aarch64_generic/base-files/lib/upgrade/nand.sh
rm -f /workspaces/openwrt-radxa-rock5b-plus/openwrt/build_dir/target-aarch64_generic_musl/linux-rockchip_armv8/base-files/ipkg-aarch64_generic/base-files/lib/upgrade/legacy-sdcard.sh
rm -f /workspaces/openwrt-radxa-rock5b-plus/openwrt/build_dir/target-aarch64_generic_musl/linux-rockchip_armv8/base-files/ipkg-aarch64_generic/base-files/lib/upgrade/emmc.sh
if [ -d /workspaces/openwrt-radxa-rock5b-plus/openwrt/target/linux/generic/base-files/. ]; then cp -fpR /workspaces/openwrt-radxa-rock5b-plus/openwrt/target/linux/generic/base-files/* /workspaces/openwrt-radxa-rock5b-plus/openwrt/build_dir/target-aarch64_generic_musl/linux-rockchip_armv8/base-files/ipkg-aarch64_generic/base-files/; fi
if [ -d /workspaces/openwrt-radxa-rock5b-plus/openwrt/target/linux/rockchip/base-files/. ]; then cp -fpR /workspaces/openwrt-radxa-rock5b-plus/openwrt/target/linux/rockchip/base-files/* /workspaces/openwrt-radxa-rock5b-plus/openwrt/build_dir/target-aarch64_generic_musl/linux-rockchip_armv8/base-files/ipkg-aarch64_generic/base-files/; fi
if [ -d /workspaces/openwrt-radxa-rock5b-plus/openwrt/target/linux/rockchip/armv8/base-files/. ]; then cp -fpR /workspaces/openwrt-radxa-rock5b-plus/openwrt/target/linux/rockchip/armv8/base-files/* /workspaces/openwrt-radxa-rock5b-plus/openwrt/build_dir/target-aarch64_generic_musl/linux-rockchip_armv8/base-files/ipkg-aarch64_generic/base-files/; fi; 
/workspaces/openwrt-radxa-rock5b-plus/openwrt/staging_dir/host/bin/sed -i -e 's,%U,https://downloads.openwrt.org/snapshots,g' -e 's,%V,SNAPSHOT,g' -e 's,%v,\LSNAPSHOT,g' -e 's,%C,r31055-9cfbd691e9,g' -e 's,%c,\Lr31055-9cfbd691e9,g' -e 's,%D,OpenWrt,g' -e 's,%d,\LOpenWrt,g' -e 's,%R,r31055-9cfbd691e9,g' -e 's,%T,rockchip,g' -e 's,%S,rockchip/armv8,g' -e 's,%A,aarch64_generic,g' -e 's,%t,no-all,g' -e 's,%M,OpenWrt,g' -e 's,%m,https://openwrt.org/,g' -e 's,%b,https://bugs.openwrt.org/,g' -e 's,%u,https://openwrt.org/,g' -e 's,%s,https://forum.openwrt.org/,g' -e 's,%f,https://downloads.openwrt.org/,g' -e 's,%P,Generic,g' -e 's,%h,v0,g' -e 's,%B,1757764443,g' /workspaces/openwrt-radxa-rock5b-plus/openwrt/build_dir/target-aarch64_generic_musl/linux-rockchip_armv8/base-files/ipkg-aarch64_generic/base-files/etc/banner /workspaces/openwrt-radxa-rock5b-plus/openwrt/build_dir/target-aarch64_generic_musl/linux-rockchip_armv8/base-files/ipkg-aarch64_generic/base-files/etc/device_info /workspaces/openwrt-radxa-rock5b-plus/openwrt/build_dir/target-aarch64_generic_musl/linux-rockchip_armv8/base-files/ipkg-aarch64_generic/base-files/etc/openwrt_release /workspaces/openwrt-radxa-rock5b-plus/openwrt/build_dir/target-aarch64_generic_musl/linux-rockchip_armv8/base-files/ipkg-aarch64_generic/base-files/etc/openwrt_version /workspaces/openwrt-radxa-rock5b-plus/openwrt/build_dir/target-aarch64_generic_musl/linux-rockchip_armv8/base-files/ipkg-aarch64_generic/base-files/usr/lib/os-release
/workspaces/openwrt-radxa-rock5b-plus/openwrt/staging_dir/host/bin/sed -i -e "s#%PATH%#/usr/sbin:/usr/bin:/sbin:/bin#g" /workspaces/openwrt-radxa-rock5b-plus/openwrt/build_dir/target-aarch64_generic_musl/linux-rockchip_armv8/base-files/ipkg-aarch64_generic/base-files/sbin/hotplug-call /workspaces/openwrt-radxa-rock5b-plus/openwrt/build_dir/target-aarch64_generic_musl/linux-rockchip_armv8/base-files/ipkg-aarch64_generic/base-files/etc/preinit /workspaces/openwrt-radxa-rock5b-plus/openwrt/build_dir/target-aarch64_generic_musl/linux-rockchip_armv8/base-files/ipkg-aarch64_generic/base-files/etc/profile
mkdir -p /workspaces/openwrt-radxa-rock5b-plus/openwrt/build_dir/target-aarch64_generic_musl/linux-rockchip_armv8/base-files/ipkg-aarch64_generic/base-files/CONTROL /workspaces/openwrt-radxa-rock5b-plus/openwrt/build_dir/target-aarch64_generic_musl/linux-rockchip_armv8/base-files/ipkg-aarch64_generic/base-files/dev /workspaces/openwrt-radxa-rock5b-plus/openwrt/build_dir/target-aarch64_generic_musl/linux-rockchip_armv8/base-files/ipkg-aarch64_generic/base-files/etc/config /workspaces/openwrt-radxa-rock5b-plus/openwrt/build_dir/target-aarch64_generic_musl/linux-rockchip_armv8/base-files/ipkg-aarch64_generic/base-files/etc/crontabs /workspaces/openwrt-radxa-rock5b-plus/openwrt/build_dir/target-aarch64_generic_musl/linux-rockchip_armv8/base-files/ipkg-aarch64_generic/base-files/etc/rc.d /workspaces/openwrt-radxa-rock5b-plus/openwrt/build_dir/target-aarch64_generic_musl/linux-rockchip_armv8/base-files/ipkg-aarch64_generic/base-files/overlay /workspaces/openwrt-radxa-rock5b-plus/openwrt/build_dir/target-aarch64_generic_musl/linux-rockchip_armv8/base-files/ipkg-aarch64_generic/base-files/lib/firmware /workspaces/openwrt-radxa-rock5b-plus/openwrt/build_dir/target-aarch64_generic_musl/linux-rockchip_armv8/base-files/ipkg-aarch64_generic/base-files/mnt /workspaces/openwrt-radxa-rock5b-plus/openwrt/build_dir/target-aarch64_generic_musl/linux-rockchip_armv8/base-files/ipkg-aarch64_generic/base-files/proc /workspaces/openwrt-radxa-rock5b-plus/openwrt/build_dir/target-aarch64_generic_musl/linux-rockchip_armv8/base-files/ipkg-aarch64_generic/base-files/tmp /workspaces/openwrt-radxa-rock5b-plus/openwrt/build_dir/target-aarch64_generic_musl/linux-rockchip_armv8/base-files/ipkg-aarch64_generic/base-files/usr/lib /workspaces/openwrt-radxa-rock5b-plus/openwrt/build_dir/target-aarch64_generic_musl/linux-rockchip_armv8/base-files/ipkg-aarch64_generic/base-files/usr/bin /workspaces/openwrt-radxa-rock5b-plus/openwrt/build_dir/target-aarch64_generic_musl/linux-rockchip_armv8/base-files/ipkg-aarch64_generic/base-files/sys /workspaces/openwrt-radxa-rock5b-plus/openwrt/build_dir/target-aarch64_generic_musl/linux-rockchip_armv8/base-files/ipkg-aarch64_generic/base-files/www
mkdir -p -m 750 /workspaces/openwrt-radxa-rock5b-plus/openwrt/build_dir/target-aarch64_generic_musl/linux-rockchip_armv8/base-files/ipkg-aarch64_generic/base-files/root
ln -sf /proc/mounts /workspaces/openwrt-radxa-rock5b-plus/openwrt/build_dir/target-aarch64_generic_musl/linux-rockchip_armv8/base-files/ipkg-aarch64_generic/base-files/etc/mtab
ln -sf lib /workspaces/openwrt-radxa-rock5b-plus/openwrt/build_dir/target-aarch64_generic_musl/linux-rockchip_armv8/base-files/ipkg-aarch64_generic/base-files/lib64
ln -sf lib /workspaces/openwrt-radxa-rock5b-plus/openwrt/build_dir/target-aarch64_generic_musl/linux-rockchip_armv8/base-files/ipkg-aarch64_generic/base-files/usr/lib64
rm -f /workspaces/openwrt-radxa-rock5b-plus/openwrt/build_dir/target-aarch64_generic_musl/linux-rockchip_armv8/base-files/ipkg-aarch64_generic/base-files/var
ln -sf tmp /workspaces/openwrt-radxa-rock5b-plus/openwrt/build_dir/target-aarch64_generic_musl/linux-rockchip_armv8/base-files/ipkg-aarch64_generic/base-files/var
ln -sf /tmp/resolv.conf /tmp/TZ /tmp/localtime /workspaces/openwrt-radxa-rock5b-plus/openwrt/build_dir/target-aarch64_generic_musl/linux-rockchip_armv8/base-files/ipkg-aarch64_generic/base-files/etc/
chmod 0600 /workspaces/openwrt-radxa-rock5b-plus/openwrt/build_dir/target-aarch64_generic_musl/linux-rockchip_armv8/base-files/ipkg-aarch64_generic/base-files/etc/shadow
chmod 1777 /workspaces/openwrt-radxa-rock5b-plus/openwrt/build_dir/target-aarch64_generic_musl/linux-rockchip_armv8/base-files/ipkg-aarch64_generic/base-files/tmp
mkdir -p /workspaces/openwrt-radxa-rock5b-plus/openwrt/build_dir/target-aarch64_generic_musl/linux-rockchip_armv8/base-files/ipkg-aarch64_generic/base-files/lib/preinit
echo 'pi_suppress_stderr="y"' >/workspaces/openwrt-radxa-rock5b-plus/openwrt/build_dir/target-aarch64_generic_musl/linux-rockchip_armv8/base-files/ipkg-aarch64_generic/base-files/lib/preinit/00_preinit.conf
echo 'fs_failsafe_wait_timeout=4' >>/workspaces/openwrt-radxa-rock5b-plus/openwrt/build_dir/target-aarch64_generic_musl/linux-rockchip_armv8/base-files/ipkg-aarch64_generic/base-files/lib/preinit/00_preinit.conf
echo 'pi_init_path="/usr/sbin:/usr/bin:/sbin:/bin"' >>/workspaces/openwrt-radxa-rock5b-plus/openwrt/build_dir/target-aarch64_generic_musl/linux-rockchip_armv8/base-files/ipkg-aarch64_generic/base-files/lib/preinit/00_preinit.conf
echo 'pi_init_env=""' >>/workspaces/openwrt-radxa-rock5b-plus/openwrt/build_dir/target-aarch64_generic_musl/linux-rockchip_armv8/base-files/ipkg-aarch64_generic/base-files/lib/preinit/00_preinit.conf
echo 'pi_init_cmd="/sbin/init"' >>/workspaces/openwrt-radxa-rock5b-plus/openwrt/build_dir/target-aarch64_generic_musl/linux-rockchip_armv8/base-files/ipkg-aarch64_generic/base-files/lib/preinit/00_preinit.conf
echo 'pi_init_suppress_stderr="y"' >>/workspaces/openwrt-radxa-rock5b-plus/openwrt/build_dir/target-aarch64_generic_musl/linux-rockchip_armv8/base-files/ipkg-aarch64_generic/base-files/lib/preinit/00_preinit.conf
echo 'pi_ifname=""' >>/workspaces/openwrt-radxa-rock5b-plus/openwrt/build_dir/target-aarch64_generic_musl/linux-rockchip_armv8/base-files/ipkg-aarch64_generic/base-files/lib/preinit/00_preinit.conf
echo 'pi_ip="192.168.1.1"' >>/workspaces/openwrt-radxa-rock5b-plus/openwrt/build_dir/target-aarch64_generic_musl/linux-rockchip_armv8/base-files/ipkg-aarch64_generic/base-files/lib/preinit/00_preinit.conf
echo 'pi_netmask="255.255.255.0"' >>/workspaces/openwrt-radxa-rock5b-plus/openwrt/build_dir/target-aarch64_generic_musl/linux-rockchip_armv8/base-files/ipkg-aarch64_generic/base-files/lib/preinit/00_preinit.conf
echo 'pi_broadcast="192.168.1.255"' >>/workspaces/openwrt-radxa-rock5b-plus/openwrt/build_dir/target-aarch64_generic_musl/linux-rockchip_armv8/base-files/ipkg-aarch64_generic/base-files/lib/preinit/00_preinit.conf
echo 'pi_preinit_net_messages=""' >>/workspaces/openwrt-radxa-rock5b-plus/openwrt/build_dir/target-aarch64_generic_musl/linux-rockchip_armv8/base-files/ipkg-aarch64_generic/base-files/lib/preinit/00_preinit.conf
echo 'pi_preinit_no_failsafe_netmsg=""' >>/workspaces/openwrt-radxa-rock5b-plus/openwrt/build_dir/target-aarch64_generic_musl/linux-rockchip_armv8/base-files/ipkg-aarch64_generic/base-files/lib/preinit/00_preinit.conf
echo 'pi_preinit_no_failsafe=""' >>/workspaces/openwrt-radxa-rock5b-plus/openwrt/build_dir/target-aarch64_generic_musl/linux-rockchip_armv8/base-files/ipkg-aarch64_generic/base-files/lib/preinit/00_preinit.conf
for conffile in /workspaces/openwrt-radxa-rock5b-plus/openwrt/build_dir/target-aarch64_generic_musl/linux-rockchip_armv8/base-files/ipkg-aarch64_generic/base-files/etc/config/*; do if [ -f "$conffile" ]; then grep "${conffile##/workspaces/openwrt-radxa-rock5b-plus/openwrt/build_dir/target-aarch64_generic_musl/linux-rockchip_armv8/base-files/ipkg-aarch64_generic/base-files}" /workspaces/openwrt-radxa-rock5b-plus/openwrt/build_dir/target-aarch64_generic_musl/linux-rockchip_armv8/base-files/ipkg-aarch64_generic/base-files/CONTROL/conffiles || echo "${conffile##/workspaces/openwrt-radxa-rock5b-plus/openwrt/build_dir/target-aarch64_generic_musl/linux-rockchip_armv8/base-files/ipkg-aarch64_generic/base-files}" >> /workspaces/openwrt-radxa-rock5b-plus/openwrt/build_dir/target-aarch64_generic_musl/linux-rockchip_armv8/base-files/ipkg-aarch64_generic/base-files/CONTROL/conffiles; fi done
mkdir -p /workspaces/openwrt-radxa-rock5b-plus/openwrt/build_dir/target-aarch64_generic_musl/linux-rockchip_armv8/base-files/ipkg-aarch64_generic/base-files/etc/apk/repositories.d
( echo '%U/targets/%S/packages/packages.adb'; echo '%U/packages/%A/base/packages.adb'; echo '%U/packages/%A/luci/packages.adb'; echo '%U/packages/%A/packages/packages.adb'; echo '%U/packages/%A/routing/packages.adb'; echo '%U/packages/%A/telephony/packages.adb'; echo '%U/packages/%A/video/packages.adb'; ) >> /workspaces/openwrt-radxa-rock5b-plus/openwrt/build_dir/target-aarch64_generic_musl/linux-rockchip_armv8/base-files/ipkg-aarch64_generic/base-files/etc/apk/repositories.d/distfeeds.list
/workspaces/openwrt-radxa-rock5b-plus/openwrt/staging_dir/host/bin/sed -i -e 's,%U,https://downloads.openwrt.org/snapshots,g' -e 's,%V,SNAPSHOT,g' -e 's,%v,\LSNAPSHOT,g' -e 's,%C,r31055-9cfbd691e9,g' -e 's,%c,\Lr31055-9cfbd691e9,g' -e 's,%D,OpenWrt,g' -e 's,%d,\LOpenWrt,g' -e 's,%R,r31055-9cfbd691e9,g' -e 's,%T,rockchip,g' -e 's,%S,rockchip/armv8,g' -e 's,%A,aarch64_generic,g' -e 's,%t,no-all,g' -e 's,%M,OpenWrt,g' -e 's,%m,https://openwrt.org/,g' -e 's,%b,https://bugs.openwrt.org/,g' -e 's,%u,https://openwrt.org/,g' -e 's,%s,https://forum.openwrt.org/,g' -e 's,%f,https://downloads.openwrt.org/,g' -e 's,%P,Generic,g' -e 's,%h,v0,g' -e 's,%B,1757764443,g' /workspaces/openwrt-radxa-rock5b-plus/openwrt/build_dir/target-aarch64_generic_musl/linux-rockchip_armv8/base-files/ipkg-aarch64_generic/base-files/etc/apk/repositories.d/distfeeds.list
rm -f /workspaces/openwrt-radxa-rock5b-plus/openwrt/build_dir/target-aarch64_generic_musl/linux-rockchip_armv8/base-files/ipkg-aarch64_generic/base-files/etc/uci-defaults/13_fix-group-user
rm -f /workspaces/openwrt-radxa-rock5b-plus/openwrt/build_dir/target-aarch64_generic_musl/linux-rockchip_armv8/base-files/ipkg-aarch64_generic/base-files/sbin/pkg_check
echo 1667~9cfbd691e9 >/workspaces/openwrt-radxa-rock5b-plus/openwrt/tmp/base-files.version
find /workspaces/openwrt-radxa-rock5b-plus/openwrt/build_dir/target-aarch64_generic_musl/linux-rockchip_armv8/base-files/ipkg-aarch64_generic/base-files -name 'CVS' -o -name '.svn' -o -name '.#*' -o -name '*~'| xargs -r rm -rf
export CROSS="aarch64-openwrt-linux-musl-"  NO_RENAME=1 ; NM="aarch64-openwrt-linux-musl-nm" STRIP="/workspaces/openwrt-radxa-rock5b-plus/openwrt/staging_dir/host/bin/sstrip -z" STRIP_KMOD="/workspaces/openwrt-radxa-rock5b-plus/openwrt/scripts/strip-kmod.sh" PATCHELF="/workspaces/openwrt-radxa-rock5b-plus/openwrt/staging_dir/host/bin/patchelf" /workspaces/openwrt-radxa-rock5b-plus/openwrt/scripts/rstrip.sh /workspaces/openwrt-radxa-rock5b-plus/openwrt/build_dir/target-aarch64_generic_musl/linux-rockchip_armv8/base-files/ipkg-aarch64_generic/base-files
install -d -m0755 /workspaces/openwrt-radxa-rock5b-plus/openwrt/bin/targets/rockchip/armv8/packages/tmp
mkdir -p /workspaces/openwrt-radxa-rock5b-plus/openwrt/build_dir/target-aarch64_generic_musl/linux-rockchip_armv8/base-files/apk-aarch64_generic/base-files/
mkdir -p /workspaces/openwrt-radxa-rock5b-plus/openwrt/build_dir/target-aarch64_generic_musl/linux-rockchip_armv8/base-files/ipkg-aarch64_generic/base-files/lib/apk/packages/
(cd /workspaces/openwrt-radxa-rock5b-plus/openwrt/build_dir/target-aarch64_generic_musl/linux-rockchip_armv8/base-files/apk-aarch64_generic/base-files; echo "$V_Package_base_files_conffiles" > conffiles; )
( echo "#!/bin/sh"; echo "[ \"\${IPKG_NO_SCRIPT}\" = \"1\" ] && exit 0"; echo "[ -s "\${IPKG_INSTROOT}/lib/functions.sh" ] || exit 0"; echo ". \${IPKG_INSTROOT}/lib/functions.sh"; echo 'export root="${IPKG_INSTROOT}"'; echo 'export pkgname="base-files"'; echo "add_group_and_user"; echo "default_postinst"; [ ! -f /workspaces/openwrt-radxa-rock5b-plus/openwrt/build_dir/target-aarch64_generic_musl/linux-rockchip_armv8/base-files/apk-aarch64_generic/base-files/postinst-pkg ] || sed -z 's/^\s*#!/#!/' "/workspaces/openwrt-radxa-rock5b-plus/openwrt/build_dir/target-aarch64_generic_musl/linux-rockchip_armv8/base-files/apk-aarch64_generic/base-files/postinst-pkg"; ) > /workspaces/openwrt-radxa-rock5b-plus/openwrt/build_dir/target-aarch64_generic_musl/linux-rockchip_armv8/base-files/apk-aarch64_generic/base-files/post-install;
( echo "#!/bin/sh"; echo 'export PKG_UPGRADE=1'; [ ! -f /workspaces/openwrt-radxa-rock5b-plus/openwrt/build_dir/target-aarch64_generic_musl/linux-rockchip_armv8/base-files/apk-aarch64_generic/base-files/post-install ] || sed -z 's/^\s*#!/#!/' "/workspaces/openwrt-radxa-rock5b-plus/openwrt/build_dir/target-aarch64_generic_musl/linux-rockchip_armv8/base-files/apk-aarch64_generic/base-files/post-install"; ) > /workspaces/openwrt-radxa-rock5b-plus/openwrt/build_dir/target-aarch64_generic_musl/linux-rockchip_armv8/base-files/apk-aarch64_generic/base-files/post-upgrade;
( echo "#!/bin/sh"; echo "[ -s "\${IPKG_INSTROOT}/lib/functions.sh" ] || exit 0"; echo ". \${IPKG_INSTROOT}/lib/functions.sh"; echo 'export root="${IPKG_INSTROOT}"'; echo 'export pkgname="base-files"'; echo "default_prerm"; [ ! -f /workspaces/openwrt-radxa-rock5b-plus/openwrt/build_dir/target-aarch64_generic_musl/linux-rockchip_armv8/base-files/apk-aarch64_generic/base-files/prerm-pkg ] || sed -z 's/^\s*#!/#!/' "/workspaces/openwrt-radxa-rock5b-plus/openwrt/build_dir/target-aarch64_generic_musl/linux-rockchip_armv8/base-files/apk-aarch64_generic/base-files/prerm-pkg"; ) > /workspaces/openwrt-radxa-rock5b-plus/openwrt/build_dir/target-aarch64_generic_musl/linux-rockchip_armv8/base-files/apk-aarch64_generic/base-files/pre-deinstall;
[ ! -f /workspaces/openwrt-radxa-rock5b-plus/openwrt/build_dir/target-aarch64_generic_musl/linux-rockchip_armv8/base-files/apk-aarch64_generic/base-files/postrm ] || sed -zi 's/^\s*#!/#!/' "/workspaces/openwrt-radxa-rock5b-plus/openwrt/build_dir/target-aarch64_generic_musl/linux-rockchip_armv8/base-files/apk-aarch64_generic/base-files/postrm";
if [ -n "" ]; then echo  > /workspaces/openwrt-radxa-rock5b-plus/openwrt/build_dir/target-aarch64_generic_musl/linux-rockchip_armv8/base-files/ipkg-aarch64_generic/base-files/lib/apk/packages/base-files.rusers; fi;
if [ -n "" ]; then echo  > /workspaces/openwrt-radxa-rock5b-plus/openwrt/build_dir/target-aarch64_generic_musl/linux-rockchip_armv8/base-files/ipkg-aarch64_generic/base-files/lib/apk/packages/base-files.alternatives; fi;
(cd /workspaces/openwrt-radxa-rock5b-plus/openwrt/build_dir/target-aarch64_generic_musl/linux-rockchip_armv8/base-files/ipkg-aarch64_generic/base-files && find . -type f,l -printf "/%P\n" | sort > /workspaces/openwrt-radxa-rock5b-plus/openwrt/tmp/base-files.list && mv /workspaces/openwrt-radxa-rock5b-plus/openwrt/tmp/base-files.list /workspaces/openwrt-radxa-rock5b-plus/openwrt/build_dir/target-aarch64_generic_musl/linux-rockchip_armv8/base-files/ipkg-aarch64_generic/base-files/lib/apk/packages/base-files.list)
# Move conffiles to IDIR and build conffiles_static with csums
if [ -f /workspaces/openwrt-radxa-rock5b-plus/openwrt/build_dir/target-aarch64_generic_musl/linux-rockchip_armv8/base-files/apk-aarch64_generic/base-files/conffiles ]; then mv -f /workspaces/openwrt-radxa-rock5b-plus/openwrt/build_dir/target-aarch64_generic_musl/linux-rockchip_armv8/base-files/apk-aarch64_generic/base-files/conffiles /workspaces/openwrt-radxa-rock5b-plus/openwrt/build_dir/target-aarch64_generic_musl/linux-rockchip_armv8/base-files/ipkg-aarch64_generic/base-files/lib/apk/packages/base-files.conffiles; for file in $(cat /workspaces/openwrt-radxa-rock5b-plus/openwrt/build_dir/target-aarch64_generic_musl/linux-rockchip_armv8/base-files/ipkg-aarch64_generic/base-files/lib/apk/packages/base-files.conffiles); do [ -f /workspaces/openwrt-radxa-rock5b-plus/openwrt/build_dir/target-aarch64_generic_musl/linux-rockchip_armv8/base-files/ipkg-aarch64_generic/base-files/$file ] || continue; csum=$(/workspaces/openwrt-radxa-rock5b-plus/openwrt/staging_dir/host/bin/mkhash sha256 /workspaces/openwrt-radxa-rock5b-plus/openwrt/build_dir/target-aarch64_generic_musl/linux-rockchip_armv8/base-files/ipkg-aarch64_generic/base-files/$file); echo $file $csum >> /workspaces/openwrt-radxa-rock5b-plus/openwrt/build_dir/target-aarch64_generic_musl/linux-rockchip_armv8/base-files/ipkg-aarch64_generic/base-files/lib/apk/packages/base-files.conffiles_static; done; fi
# Some package (base-files) manually append stuff to conffiles
# Append stuff from it and delete the CONTROL directory since everything else should be migrated
if [ -f /workspaces/openwrt-radxa-rock5b-plus/openwrt/build_dir/target-aarch64_generic_musl/linux-rockchip_armv8/base-files/ipkg-aarch64_generic/base-files/CONTROL/conffiles ]; then echo $(IDIR_base-files)/CONTROL/conffiles >> /workspaces/openwrt-radxa-rock5b-plus/openwrt/build_dir/target-aarch64_generic_musl/linux-rockchip_armv8/base-files/ipkg-aarch64_generic/base-files/lib/apk/packages/base-files.conffiles; for file in $(cat /workspaces/openwrt-radxa-rock5b-plus/openwrt/build_dir/target-aarch64_generic_musl/linux-rockchip_armv8/base-files/ipkg-aarch64_generic/base-files/CONTROL/conffiles); do [ -f /workspaces/openwrt-radxa-rock5b-plus/openwrt/build_dir/target-aarch64_generic_musl/linux-rockchip_armv8/base-files/ipkg-aarch64_generic/base-files/$file ] || continue; csum=$(/workspaces/openwrt-radxa-rock5b-plus/openwrt/staging_dir/host/bin/mkhash sha256 /workspaces/openwrt-radxa-rock5b-plus/openwrt/build_dir/target-aarch64_generic_musl/linux-rockchip_armv8/base-files/ipkg-aarch64_generic/base-files/$file); echo $file $csum >> /workspaces/openwrt-radxa-rock5b-plus/openwrt/build_dir/target-aarch64_generic_musl/linux-rockchip_armv8/base-files/ipkg-aarch64_generic/base-files/lib/apk/packages/base-files.conffiles_static; done; rm -rf /workspaces/openwrt-radxa-rock5b-plus/openwrt/build_dir/target-aarch64_generic_musl/linux-rockchip_armv8/base-files/ipkg-aarch64_generic/base-files/CONTROL/conffiles; fi
if [ -z "$(ls -A /workspaces/openwrt-radxa-rock5b-plus/openwrt/build_dir/target-aarch64_generic_musl/linux-rockchip_armv8/base-files/ipkg-aarch64_generic/base-files/CONTROL 2>/dev/null)" ]; then rm -rf /workspaces/openwrt-radxa-rock5b-plus/openwrt/build_dir/target-aarch64_generic_musl/linux-rockchip_armv8/base-files/ipkg-aarch64_generic/base-files/CONTROL; else echo "CONTROL directory /workspaces/openwrt-radxa-rock5b-plus/openwrt/build_dir/target-aarch64_generic_musl/linux-rockchip_armv8/base-files/ipkg-aarch64_generic/base-files/CONTROL is not empty! This is not right and should be checked!" >&2; exit 1; fi
/workspaces/openwrt-radxa-rock5b-plus/openwrt/staging_dir/host/bin/fakeroot /workspaces/openwrt-radxa-rock5b-plus/openwrt/staging_dir/host/bin/apk mkpkg --info "name:base-files" --info "version:1667~9cfbd691e9"  --info "description:This package contains a base filesystem and system scripts for OpenWrt." --info "arch:aarch64_generic" --info "license:GPL-2.0" --info "origin:feeds/base/base-files" --info "url:http://openwrt.org/" --info "maintainer:" --info "provides:"  --script "post-install:/workspaces/openwrt-radxa-rock5b-plus/openwrt/build_dir/target-aarch64_generic_musl/linux-rockchip_armv8/base-files/apk-aarch64_generic/base-files/post-install" --script "post-upgrade:/workspaces/openwrt-radxa-rock5b-plus/openwrt/build_dir/target-aarch64_generic_musl/linux-rockchip_armv8/base-files/apk-aarch64_generic/base-files/post-upgrade" --script "pre-deinstall:/workspaces/openwrt-radxa-rock5b-plus/openwrt/build_dir/target-aarch64_generic_musl/linux-rockchip_armv8/base-files/apk-aarch64_generic/base-files/pre-deinstall" --info "depends:libc netifd jsonfilter usign openwrt-keyring fstools fwtool procd procd-seccomp busybox" --files "/workspaces/openwrt-radxa-rock5b-plus/openwrt/build_dir/target-aarch64_generic_musl/linux-rockchip_armv8/base-files/ipkg-aarch64_generic/base-files" --output "/workspaces/openwrt-radxa-rock5b-plus/openwrt/bin/targets/rockchip/armv8/packages/base-files-1667~9cfbd691e9.apk" --sign "/workspaces/openwrt-radxa-rock5b-plus/openwrt/private-key.pem"
echo "base-files" >> /workspaces/openwrt-radxa-rock5b-plus/openwrt/staging_dir/target-aarch64_generic_musl/pkginfo/base-files.default.install
make[3]: Leaving directory '/workspaces/openwrt-radxa-rock5b-plus/openwrt/package/base-files'
time: package/base-files/compile#1.99#0.82#7.86
make[2]: Leaving directory '/workspaces/openwrt-radxa-rock5b-plus/openwrt'
make[2]: Entering directory '/workspaces/openwrt-radxa-rock5b-plus/openwrt'
make[2]: warning: -j1 forced in submake: resetting jobserver mode.
rm -rf /workspaces/openwrt-radxa-rock5b-plus/openwrt/staging_dir/packages/rockchip
mkdir -p /workspaces/openwrt-radxa-rock5b-plus/openwrt/staging_dir/packages/rockchip
ln -s /workspaces/openwrt-radxa-rock5b-plus/openwrt/bin/targets/rockchip/armv8/packages/*.apk /workspaces/openwrt-radxa-rock5b-plus/openwrt/staging_dir/packages/rockchip; ln -s /workspaces/openwrt-radxa-rock5b-plus/openwrt/bin/packages/aarch64_generic/base/*.apk /workspaces/openwrt-radxa-rock5b-plus/openwrt/staging_dir/packages/rockchip; ln -s /workspaces/openwrt-radxa-rock5b-plus/openwrt/bin/packages/aarch64_generic/luci/*.apk /workspaces/openwrt-radxa-rock5b-plus/openwrt/staging_dir/packages/rockchip; ln -s /workspaces/openwrt-radxa-rock5b-plus/openwrt/bin/packages/aarch64_generic/packages/*.apk /workspaces/openwrt-radxa-rock5b-plus/openwrt/staging_dir/packages/rockchip;   
(cd /workspaces/openwrt-radxa-rock5b-plus/openwrt/staging_dir/packages/rockchip && /workspaces/openwrt-radxa-rock5b-plus/openwrt/staging_dir/host/bin/apk mkndx \
		--root /workspaces/openwrt-radxa-rock5b-plus/openwrt \
		--keys-dir /workspaces/openwrt-radxa-rock5b-plus/openwrt \
		--sign /workspaces/openwrt-radxa-rock5b-plus/openwrt/private-key.pem \
		--output packages.adb \
		*.apk; \
)
Index has 225 packages (of which 225 are new)
find /workspaces/openwrt-radxa-rock5b-plus/openwrt/staging_dir/target-aarch64_generic_musl/root-rockchip -type d | xargs -r chmod 0755
rm -rf /workspaces/openwrt-radxa-rock5b-plus/openwrt/build_dir/target-aarch64_generic_musl/root-rockchip /workspaces/openwrt-radxa-rock5b-plus/openwrt/build_dir/target-aarch64_generic_musl/root.orig-rockchip
mkdir -p /workspaces/openwrt-radxa-rock5b-plus/openwrt/build_dir/target-aarch64_generic_musl/root-rockchip/tmp
IPKG_INSTROOT=/workspaces/openwrt-radxa-rock5b-plus/openwrt/build_dir/target-aarch64_generic_musl/root-rockchip /workspaces/openwrt-radxa-rock5b-plus/openwrt/staging_dir/host/bin/fakeroot /workspaces/openwrt-radxa-rock5b-plus/openwrt/staging_dir/host/bin/apk --root /workspaces/openwrt-radxa-rock5b-plus/openwrt/build_dir/target-aarch64_generic_musl/root-rockchip --keys-dir /workspaces/openwrt-radxa-rock5b-plus/openwrt --no-logfile --preserve-env add --no-cache --initdb --no-scripts --arch aarch64_generic \
	--repositories-file /dev/null --repository file:///workspaces/openwrt-radxa-rock5b-plus/openwrt/staging_dir/packages/rockchip/packages.adb \
	$(cat /workspaces/openwrt-radxa-rock5b-plus/openwrt/tmp/apk_install_list) \
		"base-files=1667~9cfbd691e9" \
		"libc=1.2.5-r5" \
		"kernel=6.12.45~bfdb4691414eb2d33b0186227f6f0e2d-r1"
(  1/224) Installing libgcc1 (14.3.0-r5)
(  2/224) Installing libc (1.2.5-r5)
(  3/224) Installing libmbedtls21 (3.6.4-r1)
(  4/224) Installing libopenssl3 (3.5.2-r2)
(  5/224) Installing libpcre2 (10.46-r1)
(  6/224) Installing libpthread (1.2.5-r5)
(  7/224) Installing librt (1.2.5-r5)
(  8/224) Installing zlib (1.3.1-r1)
(  9/224) Installing wget-ssl (1.25.0-r1)
( 10/224) Installing apk-mbedtls (3.0.0_pre20250606-r2)
( 11/224) Installing busybox (1.37.0-r5)
( 12/224) Installing libubox20250723 (2025.07.23~49056d17-r1)
( 13/224) Installing libubus20250702 (2025.07.02~5952b48e-r1)
( 14/224) Installing libuci20250120 (2025.08.14~9033e8c2-r1)
( 15/224) Installing libjson-c5 (0.18-r1)
( 16/224) Installing libblobmsg-json20250723 (2025.07.23~49056d17-r1)
( 17/224) Installing ubusd (2025.07.02~5952b48e-r1)
( 18/224) Installing ubus (2025.07.02~5952b48e-r1)
( 19/224) Installing ubox (2024.04.26~85f10530-r1)
( 20/224) Installing fstools (2025.07.05~e8cd820c-r1)
( 21/224) Installing fwtool (2019.11.12~8f7fe925-r1)
( 22/224) Installing jsonfilter (2025.04.18~8a86fb78-r1)
( 23/224) Installing jshn (2025.07.23~49056d17-r1)
( 24/224) Installing libnl-tiny1 (2025.03.19~c0df580a-r1)
( 25/224) Installing libudebug (2025.08.24~edeb4d6d)
( 26/224) Installing libucode20230711 (2025.07.18~3f64c808-r1)
( 27/224) Installing ucode (2025.07.18~3f64c808-r1)
( 28/224) Installing ucode-mod-fs (2025.07.18~3f64c808-r1)
( 29/224) Installing ucode-mod-ubus (2025.07.18~3f64c808-r1)
( 30/224) Installing ucode-mod-uci (2025.07.18~3f64c808-r1)
( 31/224) Installing ucode-mod-uloop (2025.07.18~3f64c808-r1)
( 32/224) Installing netifd (2025.09.12~2a85440b-r1)
( 33/224) Installing openwrt-keyring (2024.11.01~fbae29d7-r1)
( 34/224) Installing libjson-script20250723 (2025.07.23~49056d17-r1)
( 35/224) Installing procd (2025.08.12~dafdf98b-r1)
( 36/224) Installing procd-seccomp (2025.08.12~dafdf98b-r1)
( 37/224) Installing usign (2020.05.23~f1f65026-r1)
( 38/224) Installing base-files (1667~9cfbd691e9)
( 39/224) Installing libuuid1 (2.41.1-r2)
( 40/224) Installing libblkid1 (2.41.1-r2)
( 41/224) Installing blkdiscard (2.41.1-r2)
( 42/224) Installing block-mount (2025.07.05~e8cd820c-r1)
( 43/224) Installing ca-bundle (20250419-r1)
( 44/224) Installing ca-certificates (20250419-r1)
( 45/224) Installing cgi-io (2022.08.10~901b0f04-r21)
( 46/224) Installing libnghttp2-14 (1.66.0-r1)
( 47/224) Installing libcurl4 (8.15.0-r1)
( 48/224) Installing curl (8.15.0-r1)
( 49/224) Installing dnsmasq (2.91-r2)
( 50/224) Installing dropbear (2025.88-r4)
( 51/224) Installing libe2p2 (1.47.2-r1)
( 52/224) Installing libcomerr0 (1.47.2-r1)
( 53/224) Installing libss2 (1.47.2-r1)
( 54/224) Installing libext2fs2 (1.47.2-r1)
( 55/224) Installing e2fsprogs (1.47.2-r1)
( 56/224) Installing ethtool (6.15-r1)
( 57/224) Installing kernel (6.12.45~bfdb4691414eb2d33b0186227f6f0e2d-r1)
( 58/224) Installing kmod-crypto-hash (6.12.45-r1)
( 59/224) Installing kmod-crypto-crc32c (6.12.45-r1)
( 60/224) Installing kmod-lib-crc32c (6.12.45-r1)
( 61/224) Installing kmod-nf-conntrack (6.12.45-r1)
( 62/224) Installing kmod-nf-conntrack6 (6.12.45-r1)
( 63/224) Installing kmod-nf-log (6.12.45-r1)
( 64/224) Installing kmod-nf-log6 (6.12.45-r1)
( 65/224) Installing kmod-nf-nat (6.12.45-r1)
( 66/224) Installing kmod-nf-reject (6.12.45-r1)
( 67/224) Installing kmod-nf-reject6 (6.12.45-r1)
( 68/224) Installing kmod-nfnetlink (6.12.45-r1)
( 69/224) Installing kmod-nft-core (6.12.45-r1)
( 70/224) Installing kmod-nft-fib (6.12.45-r1)
( 71/224) Installing kmod-nft-nat (6.12.45-r1)
( 72/224) Installing kmod-nf-flow (6.12.45-r1)
( 73/224) Installing kmod-nft-offload (6.12.45-r1)
( 74/224) Installing jansson4 (2.14-r3)
( 75/224) Installing libmnl0 (1.0.5-r1)
( 76/224) Installing libnftnl11 (1.2.9-r1)
( 77/224) Installing nftables-json (1.1.3-r1)
( 78/224) Installing firewall4 (2025.03.17~b6e51575-r1)
( 79/224) Installing getrandom (2024.04.26~85f10530-r1)
( 80/224) Installing hostapd-common (2025.08.26~ca266cc2-r1)
( 81/224) Installing terminfo (6.4-r3)
( 82/224) Installing libncurses6 (6.4-r3)
( 83/224) Installing htop (3.4.1-r1)
( 84/224) Installing libatomic1 (14.3.0-r5)
( 85/224) Installing libiperf3 (3.19.1-r1)
( 86/224) Installing iperf3 (3.19.1-r1)
( 87/224) Installing iw (6.9-r4)
( 88/224) Installing libiwinfo-data (2025.02.06~9cec6b4d-r1)
( 89/224) Installing libiwinfo20230701 (2025.02.06~9cec6b4d-r1)
( 90/224) Installing iwinfo (2025.02.06~9cec6b4d-r1)
( 91/224) Installing ucode-mod-digest (2025.07.18~3f64c808-r1)
( 92/224) Installing ucode-mod-nl80211 (2025.07.18~3f64c808-r1)
( 93/224) Installing ucode-mod-rtnl (2025.07.18~3f64c808-r1)
( 94/224) Installing wifi-scripts (1.0-r1)
( 95/224) Installing wireless-regdb (2025.07.10-r1)
( 96/224) Installing kmod-cfg80211 (6.12.45.6.16-r1)
( 97/224) Installing kmod-crypto-null (6.12.45-r1)
( 98/224) Installing kmod-crypto-aead (6.12.45-r1)
( 99/224) Installing kmod-crypto-manager (6.12.45-r1)
(100/224) Installing kmod-crypto-hmac (6.12.45-r1)
(101/224) Installing kmod-crypto-sha3 (6.12.45-r1)
(102/224) Installing kmod-crypto-sha512 (6.12.45-r1)
(103/224) Installing kmod-crypto-rng (6.12.45-r1)
(104/224) Installing kmod-crypto-geniv (6.12.45-r1)
(105/224) Installing kmod-crypto-seqiv (6.12.45-r1)
(106/224) Installing kmod-crypto-ctr (6.12.45-r1)
(107/224) Installing kmod-crypto-ccm (6.12.45-r1)
(108/224) Installing kmod-crypto-cmac (6.12.45-r1)
(109/224) Installing kmod-crypto-gf128 (6.12.45-r1)
(110/224) Installing kmod-crypto-ghash (6.12.45-r1)
(111/224) Installing kmod-crypto-gcm (6.12.45-r1)
(112/224) Installing kmod-crypto-sha256 (6.12.45-r1)
(113/224) Installing kmod-nls-base (6.12.45-r1)
(114/224) Installing kmod-fs-exfat (6.12.45-r1)
(115/224) Installing kmod-lib-crc16 (6.12.45-r1)
(116/224) Installing kmod-fs-ext4 (6.12.45-r1)
(117/224) Installing kmod-nls-cp437 (6.12.45-r1)
(118/224) Installing kmod-nls-iso8859-1 (6.12.45-r1)
(119/224) Installing kmod-nls-utf8 (6.12.45-r1)
(120/224) Installing kmod-fs-vfat (6.12.45-r1)
(121/224) Installing kmod-gpio-button-hotplug (6.12.45-r5)
(122/224) Installing kmod-i2c-core (6.12.45-r1)
(123/224) Installing kmod-hwmon-core (6.12.45-r1)
(124/224) Installing kmod-hwmon-pwmfan (6.12.45-r1)
(125/224) Installing kmod-lib-crc-ccitt (6.12.45-r1)
(126/224) Installing kmod-libphy (6.12.45-r1)
(127/224) Installing kmod-mac80211 (6.12.45.6.16-r1)
(128/224) Installing kmod-mdio-devres (6.12.45-r1)
(129/224) Installing kmod-mii (6.12.45-r1)
(130/224) Installing kmod-nvme (6.12.45-r1)
(131/224) Installing kmod-phy-realtek (6.12.45-r1)
(132/224) Installing kmod-slhc (6.12.45-r1)
(133/224) Installing kmod-ppp (6.12.45-r1)
(134/224) Installing kmod-pppox (6.12.45-r1)
(135/224) Installing kmod-pppoe (6.12.45-r1)
(136/224) Installing r8169-firmware (20250808-r1)
(137/224) Installing kmod-r8169 (6.12.45-r1)
(138/224) Installing kmod-rtw89 (6.12.45.6.16-r1)
(139/224) Installing kmod-rtw89-pci (6.12.45.6.16-r1)
(140/224) Installing kmod-rtw89-8852b-common (6.12.45.6.16-r1)
(141/224) Installing rtl8852be-firmware (20250808-r1)
(142/224) Installing kmod-rtw89-8852be (6.12.45.6.16-r1)
(143/224) Installing kmod-scsi-core (6.12.45-r1)
(144/224) Installing kmod-usb-common (6.12.45-r1)
(145/224) Installing kmod-usb-core (6.12.45-r1)
(146/224) Installing kmod-usb-net (6.12.45-r1)
(147/224) Installing kmod-usb-net-asix-ax88179 (6.12.45-r1)
(148/224) Installing kmod-usb-net-cdc-ether (6.12.45-r1)
(149/224) Installing kmod-usb-wdm (6.12.45-r1)
(150/224) Installing kmod-usb-net-qmi-wwan (6.12.45-r1)
(151/224) Installing r8152-firmware (20250808-r1)
(152/224) Installing kmod-usb-net-rtl8152 (6.12.45-r1)
(153/224) Installing kmod-usb-serial (6.12.45-r1)
(154/224) Installing kmod-usb-serial-wwan (6.12.45-r1)
(155/224) Installing kmod-usb-serial-option (6.12.45-r1)
(156/224) Installing kmod-usb-storage (6.12.45-r1)
(157/224) Installing kmod-usb-storage-uas (6.12.45-r1)
(158/224) Installing libf2fs6 (1.16.0-r4)
(159/224) Installing liblua5.1.5 (5.1.5-r11)
(160/224) Installing liblucihttp0 (2023.03.15~9b5b683f-r1)
(161/224) Installing liblucihttp-lua (2023.03.15~9b5b683f-r1)
(162/224) Installing liblucihttp-ucode (2023.03.15~9b5b683f-r1)
(163/224) Installing libpcap1 (1.10.5-r3)
(164/224) Installing libsmartcols1 (2.41.1-r2)
(165/224) Installing libubus-lua (2025.07.02~5952b48e-r1)
(166/224) Installing libuclient20201210 (2024.10.22~88ae8f20-r1)
(167/224) Installing libusb-1.0-0 (1.0.27-r1)
(168/224) Installing libustream-mbedtls20201210 (2024.07.28~99bd3d2b-r1)
(169/224) Installing logd (2024.04.26~85f10530-r1)
(170/224) Installing lua (5.1.5-r11)
(171/224) Installing rpcd (2025.08.09~1905e096-r1)
(172/224) Installing rpcd-mod-file (2025.08.09~1905e096-r1)
(173/224) Installing rpcd-mod-luci (20240305-r1)
(174/224) Installing rpcd-mod-ucode (2025.08.09~1905e096-r1)
(175/224) Installing ucode-mod-html (1)
(176/224) Installing ucode-mod-log (2025.07.18~3f64c808-r1)
(177/224) Installing ucode-mod-math (2025.07.18~3f64c808-r1)
(178/224) Installing luci-base (25.253.73204~220531f)
(179/224) Installing luci-app-package-manager (25.253.73204~220531f)
(180/224) Installing luci-app-firewall (25.253.73204~220531f)
(181/224) Installing rpcd-mod-iwinfo (2025.08.09~1905e096-r1)
(182/224) Installing luci-mod-network (25.253.73204~220531f)
(183/224) Installing luci-mod-status (25.253.73204~220531f)
(184/224) Installing luci-mod-system (25.253.73204~220531f)
(185/224) Installing luci-mod-admin-full (25.253.73204~220531f)
(186/224) Installing luci-proto-ipv6 (25.253.73204~220531f)
(187/224) Installing luci-proto-ppp (25.253.73204~220531f)
(188/224) Installing luci-theme-bootstrap (25.253.73204~220531f)
(189/224) Installing rpcd-mod-rrdns (20170710)
(190/224) Installing uhttpd (2025.07.06~7e64e8ba-r5)
(191/224) Installing uhttpd-mod-ubus (2025.07.06~7e64e8ba-r5)
(192/224) Installing luci-light (25.253.73204~220531f)
(193/224) Installing luci (25.253.73204~220531f)
(194/224) Installing luci-lib-ip (25.253.73204~220531f)
(195/224) Installing luci-lib-jsonc (25.253.73204~220531f)
(196/224) Installing luci-lib-nixio (25.253.73204~220531f)
(197/224) Installing luci-lib-base (25.253.73204~220531f)
(198/224) Installing ucode-mod-lua (1)
(199/224) Installing luci-lua-runtime (25.253.73204~220531f)
(200/224) Installing luci-compat (25.253.73204~220531f)
(201/224) Installing wwan (2019.04.29-r6)
(202/224) Installing uqmi (2025.07.30~7914da43-r1)
(203/224) Installing luci-proto-qmi (25.253.73204~220531f)
(204/224) Installing px5g-mbedtls (11)
(205/224) Installing luci-ssl (25.253.73204~220531f)
(206/224) Installing mkf2fs (1.16.0-r4)
(207/224) Installing mtd (26)
(208/224) Installing nano (8.6-r2)
(209/224) Installing odhcp6c (2025.02.06~8aa8b706-r1)
(210/224) Installing odhcpd-ipv6only (2024.05.08~a2988231-r1)
(211/224) Installing openssh-sftp-server (10.0_p1-r3)
(212/224) Installing uclient-fetch (2024.10.22~88ae8f20-r1)
(213/224) Installing opkg (2024.10.16~38eccbb1-r1)
(214/224) Installing partx-utils (2.41.1-r2)
(215/224) Installing ppp (2.5.2-r2)
(216/224) Installing ppp-mod-pppoe (2.5.2-r2)
(217/224) Installing procd-ujail (2025.08.12~dafdf98b-r1)
(218/224) Installing tcpdump (4.99.5-r1)
(219/224) Installing uboot-envtools (2025.07-r1)
(220/224) Installing uci (2025.08.14~9033e8c2-r1)
(221/224) Installing urandom-seed (3)
(222/224) Installing urngd (2023.11.01~44365eb1-r1)
(223/224) Installing usb-modeswitch (2022.02.24~3c8595a4-r1)
(224/224) Installing wpad-basic-mbedtls (2025.08.26~ca266cc2-r1)
OK: 39 MiB in 224 packages
rm -rf /workspaces/openwrt-radxa-rock5b-plus/openwrt/build_dir/target-aarch64_generic_musl/root-rockchip/run
cp -fpR /workspaces/openwrt-radxa-rock5b-plus/openwrt/build_dir/target-aarch64_generic_musl/root-rockchip /workspaces/openwrt-radxa-rock5b-plus/openwrt/build_dir/target-aarch64_generic_musl/root.orig-rockchip
add alternative: /usr/bin/ssh-keygen -> /usr/sbin/dropbear
add alternative: /usr/bin/scp -> /usr/sbin/dropbear
add alternative: /usr/bin/ssh -> /usr/sbin/dropbear
add alternative: /sbin/logread -> /usr/libexec/logread-ubox
add alternative: /sbin/rmmod -> /sbin/kmodloader
add alternative: /sbin/insmod -> /sbin/kmodloader
add alternative: /sbin/lsmod -> /sbin/kmodloader
add alternative: /sbin/modinfo -> /sbin/kmodloader
add alternative: /sbin/modprobe -> /sbin/kmodloader
add alternative: /usr/bin/wget -> /usr/libexec/wget-ssl
Enabling boot
Enabling cron
Enabling dnsmasq
Enabling done
Enabling dropbear
Enabling firewall
Enabling fstab
Enabling gpio_switch
Enabling led
Enabling log
Enabling network
Enabling odhcpd
Enabling packet_steering
Enabling rpcd
Enabling sysctl
Enabling sysfixtime
Enabling sysntpd
Enabling system
Enabling ucitrack
Enabling uhttpd
Enabling umount
Enabling urandom_seed
Enabling urngd
Enabling usbmode
Enabling wpad
rm -rf /workspaces/openwrt-radxa-rock5b-plus/openwrt/build_dir/target-aarch64_generic_musl/root-rockchip/boot /workspaces/openwrt-radxa-rock5b-plus/openwrt/build_dir/target-aarch64_generic_musl/root-rockchip/tmp/* /workspaces/openwrt-radxa-rock5b-plus/openwrt/build_dir/target-aarch64_generic_musl/root-rockchip/lib/apk/db/*.post-install* /workspaces/openwrt-radxa-rock5b-plus/openwrt/build_dir/target-aarch64_generic_musl/root-rockchip/usr/lib/opkg/info/*.postinst* /workspaces/openwrt-radxa-rock5b-plus/openwrt/build_dir/target-aarch64_generic_musl/root-rockchip/usr/lib/opkg/lists/* /workspaces/openwrt-radxa-rock5b-plus/openwrt/build_dir/target-aarch64_generic_musl/root-rockchip/var/lock/*.lock
find /workspaces/openwrt-radxa-rock5b-plus/openwrt/build_dir/target-aarch64_generic_musl/root-rockchip/ -mindepth 1 -execdir touch -hcd "@1757764443" "{}" +
make[2]: Leaving directory '/workspaces/openwrt-radxa-rock5b-plus/openwrt'
make[2]: Entering directory '/workspaces/openwrt-radxa-rock5b-plus/openwrt'
make[3]: Entering directory '/workspaces/openwrt-radxa-rock5b-plus/openwrt/target/linux'
make[4]: Entering directory '/workspaces/openwrt-radxa-rock5b-plus/openwrt/target/linux/rockchip'
rm -f /workspaces/openwrt-radxa-rock5b-plus/openwrt/build_dir/target-aarch64_generic_musl/linux-rockchip_armv8/linux-6.12.45/localversion
/workspaces/openwrt-radxa-rock5b-plus/openwrt/scripts/kconfig.pl  + /workspaces/openwrt-radxa-rock5b-plus/openwrt/target/linux/generic/config-6.12 /workspaces/openwrt-radxa-rock5b-plus/openwrt/target/linux/rockchip/armv8/config-6.12 > /workspaces/openwrt-radxa-rock5b-plus/openwrt/build_dir/target-aarch64_generic_musl/linux-rockchip_armv8/linux-6.12.45/.config.target
awk '/^(#[[:space:]]+)?CONFIG_KERNEL/{sub("CONFIG_KERNEL_","CONFIG_");print}' /workspaces/openwrt-radxa-rock5b-plus/openwrt/.config >> /workspaces/openwrt-radxa-rock5b-plus/openwrt/build_dir/target-aarch64_generic_musl/linux-rockchip_armv8/linux-6.12.45/.config.target
echo "# CONFIG_KALLSYMS_EXTRA_PASS is not set" >> /workspaces/openwrt-radxa-rock5b-plus/openwrt/build_dir/target-aarch64_generic_musl/linux-rockchip_armv8/linux-6.12.45/.config.target
echo "# CONFIG_KALLSYMS_ALL is not set" >> /workspaces/openwrt-radxa-rock5b-plus/openwrt/build_dir/target-aarch64_generic_musl/linux-rockchip_armv8/linux-6.12.45/.config.target
echo "CONFIG_KALLSYMS_UNCOMPRESSED=y" >> /workspaces/openwrt-radxa-rock5b-plus/openwrt/build_dir/target-aarch64_generic_musl/linux-rockchip_armv8/linux-6.12.45/.config.target
/workspaces/openwrt-radxa-rock5b-plus/openwrt/scripts/package-metadata.pl kconfig /workspaces/openwrt-radxa-rock5b-plus/openwrt/tmp/.packageinfo /workspaces/openwrt-radxa-rock5b-plus/openwrt/.config 6.12 > /workspaces/openwrt-radxa-rock5b-plus/openwrt/build_dir/target-aarch64_generic_musl/linux-rockchip_armv8/linux-6.12.45/.config.override
/workspaces/openwrt-radxa-rock5b-plus/openwrt/scripts/kconfig.pl 'm+' '+' /workspaces/openwrt-radxa-rock5b-plus/openwrt/build_dir/target-aarch64_generic_musl/linux-rockchip_armv8/linux-6.12.45/.config.target /dev/null /workspaces/openwrt-radxa-rock5b-plus/openwrt/build_dir/target-aarch64_generic_musl/linux-rockchip_armv8/linux-6.12.45/.config.override > /workspaces/openwrt-radxa-rock5b-plus/openwrt/build_dir/target-aarch64_generic_musl/linux-rockchip_armv8/linux-6.12.45/.config.set
mv /workspaces/openwrt-radxa-rock5b-plus/openwrt/build_dir/target-aarch64_generic_musl/linux-rockchip_armv8/linux-6.12.45/.config.set /workspaces/openwrt-radxa-rock5b-plus/openwrt/build_dir/target-aarch64_generic_musl/linux-rockchip_armv8/linux-6.12.45/.config.old
grep -v INITRAMFS /workspaces/openwrt-radxa-rock5b-plus/openwrt/build_dir/target-aarch64_generic_musl/linux-rockchip_armv8/linux-6.12.45/.config.old > /workspaces/openwrt-radxa-rock5b-plus/openwrt/build_dir/target-aarch64_generic_musl/linux-rockchip_armv8/linux-6.12.45/.config.set
echo 'CONFIG_INITRAMFS_SOURCE=""' >> /workspaces/openwrt-radxa-rock5b-plus/openwrt/build_dir/target-aarch64_generic_musl/linux-rockchip_armv8/linux-6.12.45/.config.set
echo '# CONFIG_INITRAMFS_FORCE is not set' >> /workspaces/openwrt-radxa-rock5b-plus/openwrt/build_dir/target-aarch64_generic_musl/linux-rockchip_armv8/linux-6.12.45/.config.set
echo "# CONFIG_INITRAMFS_PRESERVE_MTIME is not set" >> /workspaces/openwrt-radxa-rock5b-plus/openwrt/build_dir/target-aarch64_generic_musl/linux-rockchip_armv8/linux-6.12.45/.config.set
rm -rf /workspaces/openwrt-radxa-rock5b-plus/openwrt/build_dir/target-aarch64_generic_musl/linux-rockchip_armv8/modules
cmp -s /workspaces/openwrt-radxa-rock5b-plus/openwrt/build_dir/target-aarch64_generic_musl/linux-rockchip_armv8/linux-6.12.45/.config.set /workspaces/openwrt-radxa-rock5b-plus/openwrt/build_dir/target-aarch64_generic_musl/linux-rockchip_armv8/linux-6.12.45/.config.prev || { cp /workspaces/openwrt-radxa-rock5b-plus/openwrt/build_dir/target-aarch64_generic_musl/linux-rockchip_armv8/linux-6.12.45/.config.set /workspaces/openwrt-radxa-rock5b-plus/openwrt/build_dir/target-aarch64_generic_musl/linux-rockchip_armv8/linux-6.12.45/.config; cp /workspaces/openwrt-radxa-rock5b-plus/openwrt/build_dir/target-aarch64_generic_musl/linux-rockchip_armv8/linux-6.12.45/.config.set /workspaces/openwrt-radxa-rock5b-plus/openwrt/build_dir/target-aarch64_generic_musl/linux-rockchip_armv8/linux-6.12.45/.config.prev; }
export MAKEFLAGS= ; [ -d /workspaces/openwrt-radxa-rock5b-plus/openwrt/build_dir/target-aarch64_generic_musl/linux-rockchip_armv8/linux-6.12.45/user_headers ] || make -C /workspaces/openwrt-radxa-rock5b-plus/openwrt/build_dir/target-aarch64_generic_musl/linux-rockchip_armv8/linux-6.12.45 KCFLAGS="-fmacro-prefix-map=/workspaces/openwrt-radxa-rock5b-plus/openwrt/build_dir/target-aarch64_generic_musl=target-aarch64_generic_musl -fno-caller-saves " HOSTCFLAGS="-O2 -I/workspaces/openwrt-radxa-rock5b-plus/openwrt/staging_dir/host/include -Wall -Wmissing-prototypes -Wstrict-prototypes" CROSS_COMPILE="aarch64-openwrt-linux-musl-" ARCH="arm64" KBUILD_HAVE_NLS=no KBUILD_BUILD_USER="" KBUILD_BUILD_HOST="" KBUILD_BUILD_TIMESTAMP="Sat Sep 13 11:54:03 2025" KBUILD_BUILD_VERSION="0" KBUILD_HOSTLDFLAGS="-L/workspaces/openwrt-radxa-rock5b-plus/openwrt/staging_dir/host/lib" CONFIG_SHELL="bash" V=''  cmd_syscalls=  CC="aarch64-openwrt-linux-musl-gcc" KERNELRELEASE=6.12.45  INSTALL_HDR_PATH=/workspaces/openwrt-radxa-rock5b-plus/openwrt/build_dir/target-aarch64_generic_musl/linux-rockchip_armv8/linux-6.12.45/user_headers headers_install
grep '=[ym]' /workspaces/openwrt-radxa-rock5b-plus/openwrt/build_dir/target-aarch64_generic_musl/linux-rockchip_armv8/linux-6.12.45/.config.set | LC_ALL=C sort | /workspaces/openwrt-radxa-rock5b-plus/openwrt/staging_dir/host/bin/mkhash md5 > /workspaces/openwrt-radxa-rock5b-plus/openwrt/build_dir/target-aarch64_generic_musl/linux-rockchip_armv8/linux-6.12.45/.vermagic
touch /workspaces/openwrt-radxa-rock5b-plus/openwrt/build_dir/target-aarch64_generic_musl/linux-rockchip_armv8/linux-6.12.45/.configured
rm -f /workspaces/openwrt-radxa-rock5b-plus/openwrt/build_dir/target-aarch64_generic_musl/root-rockchip/init
make -C /workspaces/openwrt-radxa-rock5b-plus/openwrt/build_dir/target-aarch64_generic_musl/linux-rockchip_armv8/linux-6.12.45 KCFLAGS="-fmacro-prefix-map=/workspaces/openwrt-radxa-rock5b-plus/openwrt/build_dir/target-aarch64_generic_musl=target-aarch64_generic_musl -fno-caller-saves " HOSTCFLAGS="-O2 -I/workspaces/openwrt-radxa-rock5b-plus/openwrt/staging_dir/host/include -Wall -Wmissing-prototypes -Wstrict-prototypes" CROSS_COMPILE="aarch64-openwrt-linux-musl-" ARCH="arm64" KBUILD_HAVE_NLS=no KBUILD_BUILD_USER="" KBUILD_BUILD_HOST="" KBUILD_BUILD_TIMESTAMP="Sat Sep 13 11:54:03 2025" KBUILD_BUILD_VERSION="0" KBUILD_HOSTLDFLAGS="-L/workspaces/openwrt-radxa-rock5b-plus/openwrt/staging_dir/host/lib" CONFIG_SHELL="bash" V=''  cmd_syscalls=  CC="aarch64-openwrt-linux-musl-gcc" KERNELRELEASE=6.12.45  Image dtbs
make[5]: Entering directory '/workspaces/openwrt-radxa-rock5b-plus/openwrt/build_dir/target-aarch64_generic_musl/linux-rockchip_armv8/linux-6.12.45'
make[5]: Leaving directory '/workspaces/openwrt-radxa-rock5b-plus/openwrt/build_dir/target-aarch64_generic_musl/linux-rockchip_armv8/linux-6.12.45'
cmp -s /workspaces/openwrt-radxa-rock5b-plus/openwrt/build_dir/target-aarch64_generic_musl/linux-rockchip_armv8/linux-6.12.45/vmlinux /workspaces/openwrt-radxa-rock5b-plus/openwrt/build_dir/target-aarch64_generic_musl/linux-rockchip_armv8/vmlinux.debug || { aarch64-openwrt-linux-musl-objcopy -O binary -R .reginfo -R .notes -R .note -R .comment -R .mdebug -R .note.gnu.build-id -S /workspaces/openwrt-radxa-rock5b-plus/openwrt/build_dir/target-aarch64_generic_musl/linux-rockchip_armv8/linux-6.12.45/vmlinux /workspaces/openwrt-radxa-rock5b-plus/openwrt/build_dir/target-aarch64_generic_musl/linux-rockchip_armv8/vmlinux; aarch64-openwrt-linux-musl-objcopy -R .reginfo -R .notes -R .note -R .comment -R .mdebug -R .note.gnu.build-id -S /workspaces/openwrt-radxa-rock5b-plus/openwrt/build_dir/target-aarch64_generic_musl/linux-rockchip_armv8/linux-6.12.45/vmlinux /workspaces/openwrt-radxa-rock5b-plus/openwrt/build_dir/target-aarch64_generic_musl/linux-rockchip_armv8/vmlinux.elf; cp -fpR /workspaces/openwrt-radxa-rock5b-plus/openwrt/build_dir/target-aarch64_generic_musl/linux-rockchip_armv8/linux-6.12.45/vmlinux /workspaces/openwrt-radxa-rock5b-plus/openwrt/build_dir/target-aarch64_generic_musl/linux-rockchip_armv8/vmlinux.debug;  cp -fpR /workspaces/openwrt-radxa-rock5b-plus/openwrt/build_dir/target-aarch64_generic_musl/linux-rockchip_armv8/linux-6.12.45/arch/arm64/boot//Image /workspaces/openwrt-radxa-rock5b-plus/openwrt/build_dir/target-aarch64_generic_musl/linux-rockchip_armv8/Image;  }
touch /workspaces/openwrt-radxa-rock5b-plus/openwrt/build_dir/target-aarch64_generic_musl/linux-rockchip_armv8/linux-6.12.45/.image
make -C image compile install TARGET_BUILD=
make[5]: Entering directory '/workspaces/openwrt-radxa-rock5b-plus/openwrt/target/linux/rockchip/image'
cp -fpR /workspaces/openwrt-radxa-rock5b-plus/openwrt/build_dir/target-aarch64_generic_musl/linux-rockchip_armv8/linux-6.12.45/COPYING /workspaces/openwrt-radxa-rock5b-plus/openwrt/build_dir/target-aarch64_generic_musl/linux-rockchip_armv8/COPYING.linux
aarch64-openwrt-linux-musl-cpp -nostdinc -x assembler-with-cpp  -I/workspaces/openwrt-radxa-rock5b-plus/openwrt/build_dir/target-aarch64_generic_musl/linux-rockchip_armv8/linux-6.12.45/arch/arm64/boot/dts -I/workspaces/openwrt-radxa-rock5b-plus/openwrt/build_dir/target-aarch64_generic_musl/linux-rockchip_armv8/linux-6.12.45/arch/arm64/boot/dts/include -I/workspaces/openwrt-radxa-rock5b-plus/openwrt/build_dir/target-aarch64_generic_musl/linux-rockchip_armv8/linux-6.12.45/include/ -I/workspaces/openwrt-radxa-rock5b-plus/openwrt/build_dir/target-aarch64_generic_musl/linux-rockchip_armv8/linux-6.12.45/scripts/dtc/include-prefixes -undef -D__DTS__  -o /workspaces/openwrt-radxa-rock5b-plus/openwrt/build_dir/target-aarch64_generic_musl/linux-rockchip_armv8/image-rk3588-armsom-sige7.dtb.tmp /workspaces/openwrt-radxa-rock5b-plus/openwrt/build_dir/target-aarch64_generic_musl/linux-rockchip_armv8/linux-6.12.45/arch/arm64/boot/dts/rockchip/rk3588-armsom-sige7.dts
aarch64-openwrt-linux-musl-cpp -nostdinc -x assembler-with-cpp  -I/workspaces/openwrt-radxa-rock5b-plus/openwrt/build_dir/target-aarch64_generic_musl/linux-rockchip_armv8/linux-6.12.45/arch/arm64/boot/dts -I/workspaces/openwrt-radxa-rock5b-plus/openwrt/build_dir/target-aarch64_generic_musl/linux-rockchip_armv8/linux-6.12.45/arch/arm64/boot/dts/include -I/workspaces/openwrt-radxa-rock5b-plus/openwrt/build_dir/target-aarch64_generic_musl/linux-rockchip_armv8/linux-6.12.45/include/ -I/workspaces/openwrt-radxa-rock5b-plus/openwrt/build_dir/target-aarch64_generic_musl/linux-rockchip_armv8/linux-6.12.45/scripts/dtc/include-prefixes -undef -D__DTS__  -o /workspaces/openwrt-radxa-rock5b-plus/openwrt/build_dir/target-aarch64_generic_musl/linux-rockchip_armv8/image-rk3328-roc-cc.dtb.tmp /workspaces/openwrt-radxa-rock5b-plus/openwrt/build_dir/target-aarch64_generic_musl/linux-rockchip_armv8/linux-6.12.45/arch/arm64/boot/dts/rockchip/rk3328-roc-cc.dts
/workspaces/openwrt-radxa-rock5b-plus/openwrt/build_dir/target-aarch64_generic_musl/linux-rockchip_armv8/linux-6.12.45/scripts/dtc/dtc -O dtb -i/workspaces/openwrt-radxa-rock5b-plus/openwrt/build_dir/target-aarch64_generic_musl/linux-rockchip_armv8/linux-6.12.45/arch/arm64/boot/dts/rockchip/ -Wno-interrupt_provider -Wno-unique_unit_address -Wno-unit_address_vs_reg -Wno-avoid_unnecessary_addr_size -Wno-alias_paths -Wno-graph_child_address -Wno-simple_bus_reg    -o /workspaces/openwrt-radxa-rock5b-plus/openwrt/build_dir/target-aarch64_generic_musl/linux-rockchip_armv8/image-rk3328-roc-cc.dtb /workspaces/openwrt-radxa-rock5b-plus/openwrt/build_dir/target-aarch64_generic_musl/linux-rockchip_armv8/image-rk3328-roc-cc.dtb.tmp
/workspaces/openwrt-radxa-rock5b-plus/openwrt/build_dir/target-aarch64_generic_musl/linux-rockchip_armv8/linux-6.12.45/scripts/dtc/dtc -O dtb -i/workspaces/openwrt-radxa-rock5b-plus/openwrt/build_dir/target-aarch64_generic_musl/linux-rockchip_armv8/linux-6.12.45/arch/arm64/boot/dts/rockchip/ -Wno-interrupt_provider -Wno-unique_unit_address -Wno-unit_address_vs_reg -Wno-avoid_unnecessary_addr_size -Wno-alias_paths -Wno-graph_child_address -Wno-simple_bus_reg    -o /workspaces/openwrt-radxa-rock5b-plus/openwrt/build_dir/target-aarch64_generic_musl/linux-rockchip_armv8/image-rk3588-armsom-sige7.dtb /workspaces/openwrt-radxa-rock5b-plus/openwrt/build_dir/target-aarch64_generic_musl/linux-rockchip_armv8/image-rk3588-armsom-sige7.dtb.tmp
rm -f /workspaces/openwrt-radxa-rock5b-plus/openwrt/build_dir/target-aarch64_generic_musl/linux-rockchip_armv8/image-rk3328-roc-cc.dtb.tmp
aarch64-openwrt-linux-musl-cpp -nostdinc -x assembler-with-cpp  -I/workspaces/openwrt-radxa-rock5b-plus/openwrt/build_dir/target-aarch64_generic_musl/linux-rockchip_armv8/linux-6.12.45/arch/arm64/boot/dts -I/workspaces/openwrt-radxa-rock5b-plus/openwrt/build_dir/target-aarch64_generic_musl/linux-rockchip_armv8/linux-6.12.45/arch/arm64/boot/dts/include -I/workspaces/openwrt-radxa-rock5b-plus/openwrt/build_dir/target-aarch64_generic_musl/linux-rockchip_armv8/linux-6.12.45/include/ -I/workspaces/openwrt-radxa-rock5b-plus/openwrt/build_dir/target-aarch64_generic_musl/linux-rockchip_armv8/linux-6.12.45/scripts/dtc/include-prefixes -undef -D__DTS__  -o /workspaces/openwrt-radxa-rock5b-plus/openwrt/build_dir/target-aarch64_generic_musl/linux-rockchip_armv8/image-rk3399-nanopc-t4.dtb.tmp /workspaces/openwrt-radxa-rock5b-plus/openwrt/build_dir/target-aarch64_generic_musl/linux-rockchip_armv8/linux-6.12.45/arch/arm64/boot/dts/rockchip/rk3399-nanopc-t4.dts
rm -f /workspaces/openwrt-radxa-rock5b-plus/openwrt/build_dir/target-aarch64_generic_musl/linux-rockchip_armv8/image-rk3588-armsom-sige7.dtb.tmp
aarch64-openwrt-linux-musl-cpp -nostdinc -x assembler-with-cpp  -I/workspaces/openwrt-radxa-rock5b-plus/openwrt/build_dir/target-aarch64_generic_musl/linux-rockchip_armv8/linux-6.12.45/arch/arm64/boot/dts -I/workspaces/openwrt-radxa-rock5b-plus/openwrt/build_dir/target-aarch64_generic_musl/linux-rockchip_armv8/linux-6.12.45/arch/arm64/boot/dts/include -I/workspaces/openwrt-radxa-rock5b-plus/openwrt/build_dir/target-aarch64_generic_musl/linux-rockchip_armv8/linux-6.12.45/include/ -I/workspaces/openwrt-radxa-rock5b-plus/openwrt/build_dir/target-aarch64_generic_musl/linux-rockchip_armv8/linux-6.12.45/scripts/dtc/include-prefixes -undef -D__DTS__  -o /workspaces/openwrt-radxa-rock5b-plus/openwrt/build_dir/target-aarch64_generic_musl/linux-rockchip_armv8/image-rk3588-nanopc-t6.dtb.tmp /workspaces/openwrt-radxa-rock5b-plus/openwrt/build_dir/target-aarch64_generic_musl/linux-rockchip_armv8/linux-6.12.45/arch/arm64/boot/dts/rockchip/rk3588-nanopc-t6.dts
/workspaces/openwrt-radxa-rock5b-plus/openwrt/build_dir/target-aarch64_generic_musl/linux-rockchip_armv8/linux-6.12.45/scripts/dtc/dtc -O dtb -i/workspaces/openwrt-radxa-rock5b-plus/openwrt/build_dir/target-aarch64_generic_musl/linux-rockchip_armv8/linux-6.12.45/arch/arm64/boot/dts/rockchip/ -Wno-interrupt_provider -Wno-unique_unit_address -Wno-unit_address_vs_reg -Wno-avoid_unnecessary_addr_size -Wno-alias_paths -Wno-graph_child_address -Wno-simple_bus_reg    -o /workspaces/openwrt-radxa-rock5b-plus/openwrt/build_dir/target-aarch64_generic_musl/linux-rockchip_armv8/image-rk3399-nanopc-t4.dtb /workspaces/openwrt-radxa-rock5b-plus/openwrt/build_dir/target-aarch64_generic_musl/linux-rockchip_armv8/image-rk3399-nanopc-t4.dtb.tmp
rm -f /workspaces/openwrt-radxa-rock5b-plus/openwrt/build_dir/target-aarch64_generic_musl/linux-rockchip_armv8/image-rk3399-nanopc-t4.dtb.tmp
/workspaces/openwrt-radxa-rock5b-plus/openwrt/build_dir/target-aarch64_generic_musl/linux-rockchip_armv8/linux-6.12.45/scripts/dtc/dtc -O dtb -i/workspaces/openwrt-radxa-rock5b-plus/openwrt/build_dir/target-aarch64_generic_musl/linux-rockchip_armv8/linux-6.12.45/arch/arm64/boot/dts/rockchip/ -Wno-interrupt_provider -Wno-unique_unit_address -Wno-unit_address_vs_reg -Wno-avoid_unnecessary_addr_size -Wno-alias_paths -Wno-graph_child_address -Wno-simple_bus_reg    -o /workspaces/openwrt-radxa-rock5b-plus/openwrt/build_dir/target-aarch64_generic_musl/linux-rockchip_armv8/image-rk3588-nanopc-t6.dtb /workspaces/openwrt-radxa-rock5b-plus/openwrt/build_dir/target-aarch64_generic_musl/linux-rockchip_armv8/image-rk3588-nanopc-t6.dtb.tmp
aarch64-openwrt-linux-musl-cpp -nostdinc -x assembler-with-cpp  -I/workspaces/openwrt-radxa-rock5b-plus/openwrt/build_dir/target-aarch64_generic_musl/linux-rockchip_armv8/linux-6.12.45/arch/arm64/boot/dts -I/workspaces/openwrt-radxa-rock5b-plus/openwrt/build_dir/target-aarch64_generic_musl/linux-rockchip_armv8/linux-6.12.45/arch/arm64/boot/dts/include -I/workspaces/openwrt-radxa-rock5b-plus/openwrt/build_dir/target-aarch64_generic_musl/linux-rockchip_armv8/linux-6.12.45/include/ -I/workspaces/openwrt-radxa-rock5b-plus/openwrt/build_dir/target-aarch64_generic_musl/linux-rockchip_armv8/linux-6.12.45/scripts/dtc/include-prefixes -undef -D__DTS__  -o /workspaces/openwrt-radxa-rock5b-plus/openwrt/build_dir/target-aarch64_generic_musl/linux-rockchip_armv8/image-rk3328-nanopi-r2c.dtb.tmp /workspaces/openwrt-radxa-rock5b-plus/openwrt/build_dir/target-aarch64_generic_musl/linux-rockchip_armv8/linux-6.12.45/arch/arm64/boot/dts/rockchip/rk3328-nanopi-r2c.dts
/workspaces/openwrt-radxa-rock5b-plus/openwrt/build_dir/target-aarch64_generic_musl/linux-rockchip_armv8/linux-6.12.45/scripts/dtc/dtc -O dtb -i/workspaces/openwrt-radxa-rock5b-plus/openwrt/build_dir/target-aarch64_generic_musl/linux-rockchip_armv8/linux-6.12.45/arch/arm64/boot/dts/rockchip/ -Wno-interrupt_provider -Wno-unique_unit_address -Wno-unit_address_vs_reg -Wno-avoid_unnecessary_addr_size -Wno-alias_paths -Wno-graph_child_address -Wno-simple_bus_reg    -o /workspaces/openwrt-radxa-rock5b-plus/openwrt/build_dir/target-aarch64_generic_musl/linux-rockchip_armv8/image-rk3328-nanopi-r2c.dtb /workspaces/openwrt-radxa-rock5b-plus/openwrt/build_dir/target-aarch64_generic_musl/linux-rockchip_armv8/image-rk3328-nanopi-r2c.dtb.tmp
rm -f /workspaces/openwrt-radxa-rock5b-plus/openwrt/build_dir/target-aarch64_generic_musl/linux-rockchip_armv8/image-rk3328-nanopi-r2c.dtb.tmp
aarch64-openwrt-linux-musl-cpp -nostdinc -x assembler-with-cpp  -I/workspaces/openwrt-radxa-rock5b-plus/openwrt/build_dir/target-aarch64_generic_musl/linux-rockchip_armv8/linux-6.12.45/arch/arm64/boot/dts -I/workspaces/openwrt-radxa-rock5b-plus/openwrt/build_dir/target-aarch64_generic_musl/linux-rockchip_armv8/linux-6.12.45/arch/arm64/boot/dts/include -I/workspaces/openwrt-radxa-rock5b-plus/openwrt/build_dir/target-aarch64_generic_musl/linux-rockchip_armv8/linux-6.12.45/include/ -I/workspaces/openwrt-radxa-rock5b-plus/openwrt/build_dir/target-aarch64_generic_musl/linux-rockchip_armv8/linux-6.12.45/scripts/dtc/include-prefixes -undef -D__DTS__  -o /workspaces/openwrt-radxa-rock5b-plus/openwrt/build_dir/target-aarch64_generic_musl/linux-rockchip_armv8/image-rk3328-nanopi-r2c-plus.dtb.tmp /workspaces/openwrt-radxa-rock5b-plus/openwrt/build_dir/target-aarch64_generic_musl/linux-rockchip_armv8/linux-6.12.45/arch/arm64/boot/dts/rockchip/rk3328-nanopi-r2c-plus.dts
rm -f /workspaces/openwrt-radxa-rock5b-plus/openwrt/build_dir/target-aarch64_generic_musl/linux-rockchip_armv8/image-rk3588-nanopc-t6.dtb.tmp
aarch64-openwrt-linux-musl-cpp -nostdinc -x assembler-with-cpp  -I/workspaces/openwrt-radxa-rock5b-plus/openwrt/build_dir/target-aarch64_generic_musl/linux-rockchip_armv8/linux-6.12.45/arch/arm64/boot/dts -I/workspaces/openwrt-radxa-rock5b-plus/openwrt/build_dir/target-aarch64_generic_musl/linux-rockchip_armv8/linux-6.12.45/arch/arm64/boot/dts/include -I/workspaces/openwrt-radxa-rock5b-plus/openwrt/build_dir/target-aarch64_generic_musl/linux-rockchip_armv8/linux-6.12.45/include/ -I/workspaces/openwrt-radxa-rock5b-plus/openwrt/build_dir/target-aarch64_generic_musl/linux-rockchip_armv8/linux-6.12.45/scripts/dtc/include-prefixes -undef -D__DTS__  -o /workspaces/openwrt-radxa-rock5b-plus/openwrt/build_dir/target-aarch64_generic_musl/linux-rockchip_armv8/image-rk3328-nanopi-r2s.dtb.tmp /workspaces/openwrt-radxa-rock5b-plus/openwrt/build_dir/target-aarch64_generic_musl/linux-rockchip_armv8/linux-6.12.45/arch/arm64/boot/dts/rockchip/rk3328-nanopi-r2s.dts
/workspaces/openwrt-radxa-rock5b-plus/openwrt/build_dir/target-aarch64_generic_musl/linux-rockchip_armv8/linux-6.12.45/scripts/dtc/dtc -O dtb -i/workspaces/openwrt-radxa-rock5b-plus/openwrt/build_dir/target-aarch64_generic_musl/linux-rockchip_armv8/linux-6.12.45/arch/arm64/boot/dts/rockchip/ -Wno-interrupt_provider -Wno-unique_unit_address -Wno-unit_address_vs_reg -Wno-avoid_unnecessary_addr_size -Wno-alias_paths -Wno-graph_child_address -Wno-simple_bus_reg    -o /workspaces/openwrt-radxa-rock5b-plus/openwrt/build_dir/target-aarch64_generic_musl/linux-rockchip_armv8/image-rk3328-nanopi-r2s.dtb /workspaces/openwrt-radxa-rock5b-plus/openwrt/build_dir/target-aarch64_generic_musl/linux-rockchip_armv8/image-rk3328-nanopi-r2s.dtb.tmp
/workspaces/openwrt-radxa-rock5b-plus/openwrt/build_dir/target-aarch64_generic_musl/linux-rockchip_armv8/linux-6.12.45/scripts/dtc/dtc -O dtb -i/workspaces/openwrt-radxa-rock5b-plus/openwrt/build_dir/target-aarch64_generic_musl/linux-rockchip_armv8/linux-6.12.45/arch/arm64/boot/dts/rockchip/ -Wno-interrupt_provider -Wno-unique_unit_address -Wno-unit_address_vs_reg -Wno-avoid_unnecessary_addr_size -Wno-alias_paths -Wno-graph_child_address -Wno-simple_bus_reg    -o /workspaces/openwrt-radxa-rock5b-plus/openwrt/build_dir/target-aarch64_generic_musl/linux-rockchip_armv8/image-rk3328-nanopi-r2c-plus.dtb /workspaces/openwrt-radxa-rock5b-plus/openwrt/build_dir/target-aarch64_generic_musl/linux-rockchip_armv8/image-rk3328-nanopi-r2c-plus.dtb.tmp
rm -f /workspaces/openwrt-radxa-rock5b-plus/openwrt/build_dir/target-aarch64_generic_musl/linux-rockchip_armv8/image-rk3328-nanopi-r2s.dtb.tmp
aarch64-openwrt-linux-musl-cpp -nostdinc -x assembler-with-cpp  -I/workspaces/openwrt-radxa-rock5b-plus/openwrt/build_dir/target-aarch64_generic_musl/linux-rockchip_armv8/linux-6.12.45/arch/arm64/boot/dts -I/workspaces/openwrt-radxa-rock5b-plus/openwrt/build_dir/target-aarch64_generic_musl/linux-rockchip_armv8/linux-6.12.45/arch/arm64/boot/dts/include -I/workspaces/openwrt-radxa-rock5b-plus/openwrt/build_dir/target-aarch64_generic_musl/linux-rockchip_armv8/linux-6.12.45/include/ -I/workspaces/openwrt-radxa-rock5b-plus/openwrt/build_dir/target-aarch64_generic_musl/linux-rockchip_armv8/linux-6.12.45/scripts/dtc/include-prefixes -undef -D__DTS__  -o /workspaces/openwrt-radxa-rock5b-plus/openwrt/build_dir/target-aarch64_generic_musl/linux-rockchip_armv8/image-rk3566-nanopi-r3s.dtb.tmp /workspaces/openwrt-radxa-rock5b-plus/openwrt/build_dir/target-aarch64_generic_musl/linux-rockchip_armv8/linux-6.12.45/arch/arm64/boot/dts/rockchip/rk3566-nanopi-r3s.dts
rm -f /workspaces/openwrt-radxa-rock5b-plus/openwrt/build_dir/target-aarch64_generic_musl/linux-rockchip_armv8/image-rk3328-nanopi-r2c-plus.dtb.tmp
aarch64-openwrt-linux-musl-cpp -nostdinc -x assembler-with-cpp  -I/workspaces/openwrt-radxa-rock5b-plus/openwrt/build_dir/target-aarch64_generic_musl/linux-rockchip_armv8/linux-6.12.45/arch/arm64/boot/dts -I/workspaces/openwrt-radxa-rock5b-plus/openwrt/build_dir/target-aarch64_generic_musl/linux-rockchip_armv8/linux-6.12.45/arch/arm64/boot/dts/include -I/workspaces/openwrt-radxa-rock5b-plus/openwrt/build_dir/target-aarch64_generic_musl/linux-rockchip_armv8/linux-6.12.45/include/ -I/workspaces/openwrt-radxa-rock5b-plus/openwrt/build_dir/target-aarch64_generic_musl/linux-rockchip_armv8/linux-6.12.45/scripts/dtc/include-prefixes -undef -D__DTS__  -o /workspaces/openwrt-radxa-rock5b-plus/openwrt/build_dir/target-aarch64_generic_musl/linux-rockchip_armv8/image-rk3399-nanopi-r4s.dtb.tmp /workspaces/openwrt-radxa-rock5b-plus/openwrt/build_dir/target-aarch64_generic_musl/linux-rockchip_armv8/linux-6.12.45/arch/arm64/boot/dts/rockchip/rk3399-nanopi-r4s.dts
/workspaces/openwrt-radxa-rock5b-plus/openwrt/build_dir/target-aarch64_generic_musl/linux-rockchip_armv8/linux-6.12.45/scripts/dtc/dtc -O dtb -i/workspaces/openwrt-radxa-rock5b-plus/openwrt/build_dir/target-aarch64_generic_musl/linux-rockchip_armv8/linux-6.12.45/arch/arm64/boot/dts/rockchip/ -Wno-interrupt_provider -Wno-unique_unit_address -Wno-unit_address_vs_reg -Wno-avoid_unnecessary_addr_size -Wno-alias_paths -Wno-graph_child_address -Wno-simple_bus_reg    -o /workspaces/openwrt-radxa-rock5b-plus/openwrt/build_dir/target-aarch64_generic_musl/linux-rockchip_armv8/image-rk3566-nanopi-r3s.dtb /workspaces/openwrt-radxa-rock5b-plus/openwrt/build_dir/target-aarch64_generic_musl/linux-rockchip_armv8/image-rk3566-nanopi-r3s.dtb.tmp
/workspaces/openwrt-radxa-rock5b-plus/openwrt/build_dir/target-aarch64_generic_musl/linux-rockchip_armv8/linux-6.12.45/scripts/dtc/dtc -O dtb -i/workspaces/openwrt-radxa-rock5b-plus/openwrt/build_dir/target-aarch64_generic_musl/linux-rockchip_armv8/linux-6.12.45/arch/arm64/boot/dts/rockchip/ -Wno-interrupt_provider -Wno-unique_unit_address -Wno-unit_address_vs_reg -Wno-avoid_unnecessary_addr_size -Wno-alias_paths -Wno-graph_child_address -Wno-simple_bus_reg    -o /workspaces/openwrt-radxa-rock5b-plus/openwrt/build_dir/target-aarch64_generic_musl/linux-rockchip_armv8/image-rk3399-nanopi-r4s.dtb /workspaces/openwrt-radxa-rock5b-plus/openwrt/build_dir/target-aarch64_generic_musl/linux-rockchip_armv8/image-rk3399-nanopi-r4s.dtb.tmp
rm -f /workspaces/openwrt-radxa-rock5b-plus/openwrt/build_dir/target-aarch64_generic_musl/linux-rockchip_armv8/image-rk3399-nanopi-r4s.dtb.tmp
aarch64-openwrt-linux-musl-cpp -nostdinc -x assembler-with-cpp  -I/workspaces/openwrt-radxa-rock5b-plus/openwrt/build_dir/target-aarch64_generic_musl/linux-rockchip_armv8/linux-6.12.45/arch/arm64/boot/dts -I/workspaces/openwrt-radxa-rock5b-plus/openwrt/build_dir/target-aarch64_generic_musl/linux-rockchip_armv8/linux-6.12.45/arch/arm64/boot/dts/include -I/workspaces/openwrt-radxa-rock5b-plus/openwrt/build_dir/target-aarch64_generic_musl/linux-rockchip_armv8/linux-6.12.45/include/ -I/workspaces/openwrt-radxa-rock5b-plus/openwrt/build_dir/target-aarch64_generic_musl/linux-rockchip_armv8/linux-6.12.45/scripts/dtc/include-prefixes -undef -D__DTS__  -o /workspaces/openwrt-radxa-rock5b-plus/openwrt/build_dir/target-aarch64_generic_musl/linux-rockchip_armv8/image-rk3399-nanopi-r4s-enterprise.dtb.tmp /workspaces/openwrt-radxa-rock5b-plus/openwrt/build_dir/target-aarch64_generic_musl/linux-rockchip_armv8/linux-6.12.45/arch/arm64/boot/dts/rockchip/rk3399-nanopi-r4s-enterprise.dts
rm -f /workspaces/openwrt-radxa-rock5b-plus/openwrt/build_dir/target-aarch64_generic_musl/linux-rockchip_armv8/image-rk3566-nanopi-r3s.dtb.tmp
/workspaces/openwrt-radxa-rock5b-plus/openwrt/build_dir/target-aarch64_generic_musl/linux-rockchip_armv8/linux-6.12.45/scripts/dtc/dtc -O dtb -i/workspaces/openwrt-radxa-rock5b-plus/openwrt/build_dir/target-aarch64_generic_musl/linux-rockchip_armv8/linux-6.12.45/arch/arm64/boot/dts/rockchip/ -Wno-interrupt_provider -Wno-unique_unit_address -Wno-unit_address_vs_reg -Wno-avoid_unnecessary_addr_size -Wno-alias_paths -Wno-graph_child_address -Wno-simple_bus_reg    -o /workspaces/openwrt-radxa-rock5b-plus/openwrt/build_dir/target-aarch64_generic_musl/linux-rockchip_armv8/image-rk3399-nanopi-r4s-enterprise.dtb /workspaces/openwrt-radxa-rock5b-plus/openwrt/build_dir/target-aarch64_generic_musl/linux-rockchip_armv8/image-rk3399-nanopi-r4s-enterprise.dtb.tmp
aarch64-openwrt-linux-musl-cpp -nostdinc -x assembler-with-cpp  -I/workspaces/openwrt-radxa-rock5b-plus/openwrt/build_dir/target-aarch64_generic_musl/linux-rockchip_armv8/linux-6.12.45/arch/arm64/boot/dts -I/workspaces/openwrt-radxa-rock5b-plus/openwrt/build_dir/target-aarch64_generic_musl/linux-rockchip_armv8/linux-6.12.45/arch/arm64/boot/dts/include -I/workspaces/openwrt-radxa-rock5b-plus/openwrt/build_dir/target-aarch64_generic_musl/linux-rockchip_armv8/linux-6.12.45/include/ -I/workspaces/openwrt-radxa-rock5b-plus/openwrt/build_dir/target-aarch64_generic_musl/linux-rockchip_armv8/linux-6.12.45/scripts/dtc/include-prefixes -undef -D__DTS__  -o /workspaces/openwrt-radxa-rock5b-plus/openwrt/build_dir/target-aarch64_generic_musl/linux-rockchip_armv8/image-rk3568-nanopi-r5c.dtb.tmp /workspaces/openwrt-radxa-rock5b-plus/openwrt/build_dir/target-aarch64_generic_musl/linux-rockchip_armv8/linux-6.12.45/arch/arm64/boot/dts/rockchip/rk3568-nanopi-r5c.dts
rm -f /workspaces/openwrt-radxa-rock5b-plus/openwrt/build_dir/target-aarch64_generic_musl/linux-rockchip_armv8/image-rk3399-nanopi-r4s-enterprise.dtb.tmp
aarch64-openwrt-linux-musl-cpp -nostdinc -x assembler-with-cpp  -I/workspaces/openwrt-radxa-rock5b-plus/openwrt/build_dir/target-aarch64_generic_musl/linux-rockchip_armv8/linux-6.12.45/arch/arm64/boot/dts -I/workspaces/openwrt-radxa-rock5b-plus/openwrt/build_dir/target-aarch64_generic_musl/linux-rockchip_armv8/linux-6.12.45/arch/arm64/boot/dts/include -I/workspaces/openwrt-radxa-rock5b-plus/openwrt/build_dir/target-aarch64_generic_musl/linux-rockchip_armv8/linux-6.12.45/include/ -I/workspaces/openwrt-radxa-rock5b-plus/openwrt/build_dir/target-aarch64_generic_musl/linux-rockchip_armv8/linux-6.12.45/scripts/dtc/include-prefixes -undef -D__DTS__  -o /workspaces/openwrt-radxa-rock5b-plus/openwrt/build_dir/target-aarch64_generic_musl/linux-rockchip_armv8/image-rk3568-nanopi-r5s.dtb.tmp /workspaces/openwrt-radxa-rock5b-plus/openwrt/build_dir/target-aarch64_generic_musl/linux-rockchip_armv8/linux-6.12.45/arch/arm64/boot/dts/rockchip/rk3568-nanopi-r5s.dts
/workspaces/openwrt-radxa-rock5b-plus/openwrt/build_dir/target-aarch64_generic_musl/linux-rockchip_armv8/linux-6.12.45/scripts/dtc/dtc -O dtb -i/workspaces/openwrt-radxa-rock5b-plus/openwrt/build_dir/target-aarch64_generic_musl/linux-rockchip_armv8/linux-6.12.45/arch/arm64/boot/dts/rockchip/ -Wno-interrupt_provider -Wno-unique_unit_address -Wno-unit_address_vs_reg -Wno-avoid_unnecessary_addr_size -Wno-alias_paths -Wno-graph_child_address -Wno-simple_bus_reg    -o /workspaces/openwrt-radxa-rock5b-plus/openwrt/build_dir/target-aarch64_generic_musl/linux-rockchip_armv8/image-rk3568-nanopi-r5c.dtb /workspaces/openwrt-radxa-rock5b-plus/openwrt/build_dir/target-aarch64_generic_musl/linux-rockchip_armv8/image-rk3568-nanopi-r5c.dtb.tmp
/workspaces/openwrt-radxa-rock5b-plus/openwrt/build_dir/target-aarch64_generic_musl/linux-rockchip_armv8/linux-6.12.45/scripts/dtc/dtc -O dtb -i/workspaces/openwrt-radxa-rock5b-plus/openwrt/build_dir/target-aarch64_generic_musl/linux-rockchip_armv8/linux-6.12.45/arch/arm64/boot/dts/rockchip/ -Wno-interrupt_provider -Wno-unique_unit_address -Wno-unit_address_vs_reg -Wno-avoid_unnecessary_addr_size -Wno-alias_paths -Wno-graph_child_address -Wno-simple_bus_reg    -o /workspaces/openwrt-radxa-rock5b-plus/openwrt/build_dir/target-aarch64_generic_musl/linux-rockchip_armv8/image-rk3568-nanopi-r5s.dtb /workspaces/openwrt-radxa-rock5b-plus/openwrt/build_dir/target-aarch64_generic_musl/linux-rockchip_armv8/image-rk3568-nanopi-r5s.dtb.tmp
rm -f /workspaces/openwrt-radxa-rock5b-plus/openwrt/build_dir/target-aarch64_generic_musl/linux-rockchip_armv8/image-rk3568-nanopi-r5c.dtb.tmp
aarch64-openwrt-linux-musl-cpp -nostdinc -x assembler-with-cpp  -I/workspaces/openwrt-radxa-rock5b-plus/openwrt/build_dir/target-aarch64_generic_musl/linux-rockchip_armv8/linux-6.12.45/arch/arm64/boot/dts -I/workspaces/openwrt-radxa-rock5b-plus/openwrt/build_dir/target-aarch64_generic_musl/linux-rockchip_armv8/linux-6.12.45/arch/arm64/boot/dts/include -I/workspaces/openwrt-radxa-rock5b-plus/openwrt/build_dir/target-aarch64_generic_musl/linux-rockchip_armv8/linux-6.12.45/include/ -I/workspaces/openwrt-radxa-rock5b-plus/openwrt/build_dir/target-aarch64_generic_musl/linux-rockchip_armv8/linux-6.12.45/scripts/dtc/include-prefixes -undef -D__DTS__  -o /workspaces/openwrt-radxa-rock5b-plus/openwrt/build_dir/target-aarch64_generic_musl/linux-rockchip_armv8/image-rk3588s-nanopi-r6c.dtb.tmp /workspaces/openwrt-radxa-rock5b-plus/openwrt/build_dir/target-aarch64_generic_musl/linux-rockchip_armv8/linux-6.12.45/arch/arm64/boot/dts/rockchip/rk3588s-nanopi-r6c.dts
rm -f /workspaces/openwrt-radxa-rock5b-plus/openwrt/build_dir/target-aarch64_generic_musl/linux-rockchip_armv8/image-rk3568-nanopi-r5s.dtb.tmp
aarch64-openwrt-linux-musl-cpp -nostdinc -x assembler-with-cpp  -I/workspaces/openwrt-radxa-rock5b-plus/openwrt/build_dir/target-aarch64_generic_musl/linux-rockchip_armv8/linux-6.12.45/arch/arm64/boot/dts -I/workspaces/openwrt-radxa-rock5b-plus/openwrt/build_dir/target-aarch64_generic_musl/linux-rockchip_armv8/linux-6.12.45/arch/arm64/boot/dts/include -I/workspaces/openwrt-radxa-rock5b-plus/openwrt/build_dir/target-aarch64_generic_musl/linux-rockchip_armv8/linux-6.12.45/include/ -I/workspaces/openwrt-radxa-rock5b-plus/openwrt/build_dir/target-aarch64_generic_musl/linux-rockchip_armv8/linux-6.12.45/scripts/dtc/include-prefixes -undef -D__DTS__  -o /workspaces/openwrt-radxa-rock5b-plus/openwrt/build_dir/target-aarch64_generic_musl/linux-rockchip_armv8/image-rk3588s-nanopi-r6s.dtb.tmp /workspaces/openwrt-radxa-rock5b-plus/openwrt/build_dir/target-aarch64_generic_musl/linux-rockchip_armv8/linux-6.12.45/arch/arm64/boot/dts/rockchip/rk3588s-nanopi-r6s.dts
/workspaces/openwrt-radxa-rock5b-plus/openwrt/build_dir/target-aarch64_generic_musl/linux-rockchip_armv8/linux-6.12.45/scripts/dtc/dtc -O dtb -i/workspaces/openwrt-radxa-rock5b-plus/openwrt/build_dir/target-aarch64_generic_musl/linux-rockchip_armv8/linux-6.12.45/arch/arm64/boot/dts/rockchip/ -Wno-interrupt_provider -Wno-unique_unit_address -Wno-unit_address_vs_reg -Wno-avoid_unnecessary_addr_size -Wno-alias_paths -Wno-graph_child_address -Wno-simple_bus_reg    -o /workspaces/openwrt-radxa-rock5b-plus/openwrt/build_dir/target-aarch64_generic_musl/linux-rockchip_armv8/image-rk3588s-nanopi-r6s.dtb /workspaces/openwrt-radxa-rock5b-plus/openwrt/build_dir/target-aarch64_generic_musl/linux-rockchip_armv8/image-rk3588s-nanopi-r6s.dtb.tmp
/workspaces/openwrt-radxa-rock5b-plus/openwrt/build_dir/target-aarch64_generic_musl/linux-rockchip_armv8/linux-6.12.45/scripts/dtc/dtc -O dtb -i/workspaces/openwrt-radxa-rock5b-plus/openwrt/build_dir/target-aarch64_generic_musl/linux-rockchip_armv8/linux-6.12.45/arch/arm64/boot/dts/rockchip/ -Wno-interrupt_provider -Wno-unique_unit_address -Wno-unit_address_vs_reg -Wno-avoid_unnecessary_addr_size -Wno-alias_paths -Wno-graph_child_address -Wno-simple_bus_reg    -o /workspaces/openwrt-radxa-rock5b-plus/openwrt/build_dir/target-aarch64_generic_musl/linux-rockchip_armv8/image-rk3588s-nanopi-r6c.dtb /workspaces/openwrt-radxa-rock5b-plus/openwrt/build_dir/target-aarch64_generic_musl/linux-rockchip_armv8/image-rk3588s-nanopi-r6c.dtb.tmp
rm -f /workspaces/openwrt-radxa-rock5b-plus/openwrt/build_dir/target-aarch64_generic_musl/linux-rockchip_armv8/image-rk3588s-nanopi-r6s.dtb.tmp
aarch64-openwrt-linux-musl-cpp -nostdinc -x assembler-with-cpp  -I/workspaces/openwrt-radxa-rock5b-plus/openwrt/build_dir/target-aarch64_generic_musl/linux-rockchip_armv8/linux-6.12.45/arch/arm64/boot/dts -I/workspaces/openwrt-radxa-rock5b-plus/openwrt/build_dir/target-aarch64_generic_musl/linux-rockchip_armv8/linux-6.12.45/arch/arm64/boot/dts/include -I/workspaces/openwrt-radxa-rock5b-plus/openwrt/build_dir/target-aarch64_generic_musl/linux-rockchip_armv8/linux-6.12.45/include/ -I/workspaces/openwrt-radxa-rock5b-plus/openwrt/build_dir/target-aarch64_generic_musl/linux-rockchip_armv8/linux-6.12.45/scripts/dtc/include-prefixes -undef -D__DTS__  -o /workspaces/openwrt-radxa-rock5b-plus/openwrt/build_dir/target-aarch64_generic_musl/linux-rockchip_armv8/image-rk3568-fastrhino-r66s.dtb.tmp /workspaces/openwrt-radxa-rock5b-plus/openwrt/build_dir/target-aarch64_generic_musl/linux-rockchip_armv8/linux-6.12.45/arch/arm64/boot/dts/rockchip/rk3568-fastrhino-r66s.dts
rm -f /workspaces/openwrt-radxa-rock5b-plus/openwrt/build_dir/target-aarch64_generic_musl/linux-rockchip_armv8/image-rk3588s-nanopi-r6c.dtb.tmp
aarch64-openwrt-linux-musl-cpp -nostdinc -x assembler-with-cpp  -I/workspaces/openwrt-radxa-rock5b-plus/openwrt/build_dir/target-aarch64_generic_musl/linux-rockchip_armv8/linux-6.12.45/arch/arm64/boot/dts -I/workspaces/openwrt-radxa-rock5b-plus/openwrt/build_dir/target-aarch64_generic_musl/linux-rockchip_armv8/linux-6.12.45/arch/arm64/boot/dts/include -I/workspaces/openwrt-radxa-rock5b-plus/openwrt/build_dir/target-aarch64_generic_musl/linux-rockchip_armv8/linux-6.12.45/include/ -I/workspaces/openwrt-radxa-rock5b-plus/openwrt/build_dir/target-aarch64_generic_musl/linux-rockchip_armv8/linux-6.12.45/scripts/dtc/include-prefixes -undef -D__DTS__  -o /workspaces/openwrt-radxa-rock5b-plus/openwrt/build_dir/target-aarch64_generic_musl/linux-rockchip_armv8/image-rk3328-rock64.dtb.tmp /workspaces/openwrt-radxa-rock5b-plus/openwrt/build_dir/target-aarch64_generic_musl/linux-rockchip_armv8/linux-6.12.45/arch/arm64/boot/dts/rockchip/rk3328-rock64.dts
/workspaces/openwrt-radxa-rock5b-plus/openwrt/build_dir/target-aarch64_generic_musl/linux-rockchip_armv8/linux-6.12.45/scripts/dtc/dtc -O dtb -i/workspaces/openwrt-radxa-rock5b-plus/openwrt/build_dir/target-aarch64_generic_musl/linux-rockchip_armv8/linux-6.12.45/arch/arm64/boot/dts/rockchip/ -Wno-interrupt_provider -Wno-unique_unit_address -Wno-unit_address_vs_reg -Wno-avoid_unnecessary_addr_size -Wno-alias_paths -Wno-graph_child_address -Wno-simple_bus_reg    -o /workspaces/openwrt-radxa-rock5b-plus/openwrt/build_dir/target-aarch64_generic_musl/linux-rockchip_armv8/image-rk3328-rock64.dtb /workspaces/openwrt-radxa-rock5b-plus/openwrt/build_dir/target-aarch64_generic_musl/linux-rockchip_armv8/image-rk3328-rock64.dtb.tmp
/workspaces/openwrt-radxa-rock5b-plus/openwrt/build_dir/target-aarch64_generic_musl/linux-rockchip_armv8/linux-6.12.45/scripts/dtc/dtc -O dtb -i/workspaces/openwrt-radxa-rock5b-plus/openwrt/build_dir/target-aarch64_generic_musl/linux-rockchip_armv8/linux-6.12.45/arch/arm64/boot/dts/rockchip/ -Wno-interrupt_provider -Wno-unique_unit_address -Wno-unit_address_vs_reg -Wno-avoid_unnecessary_addr_size -Wno-alias_paths -Wno-graph_child_address -Wno-simple_bus_reg    -o /workspaces/openwrt-radxa-rock5b-plus/openwrt/build_dir/target-aarch64_generic_musl/linux-rockchip_armv8/image-rk3568-fastrhino-r66s.dtb /workspaces/openwrt-radxa-rock5b-plus/openwrt/build_dir/target-aarch64_generic_musl/linux-rockchip_armv8/image-rk3568-fastrhino-r66s.dtb.tmp
rm -f /workspaces/openwrt-radxa-rock5b-plus/openwrt/build_dir/target-aarch64_generic_musl/linux-rockchip_armv8/image-rk3328-rock64.dtb.tmp
aarch64-openwrt-linux-musl-cpp -nostdinc -x assembler-with-cpp  -I/workspaces/openwrt-radxa-rock5b-plus/openwrt/build_dir/target-aarch64_generic_musl/linux-rockchip_armv8/linux-6.12.45/arch/arm64/boot/dts -I/workspaces/openwrt-radxa-rock5b-plus/openwrt/build_dir/target-aarch64_generic_musl/linux-rockchip_armv8/linux-6.12.45/arch/arm64/boot/dts/include -I/workspaces/openwrt-radxa-rock5b-plus/openwrt/build_dir/target-aarch64_generic_musl/linux-rockchip_armv8/linux-6.12.45/include/ -I/workspaces/openwrt-radxa-rock5b-plus/openwrt/build_dir/target-aarch64_generic_musl/linux-rockchip_armv8/linux-6.12.45/scripts/dtc/include-prefixes -undef -D__DTS__  -o /workspaces/openwrt-radxa-rock5b-plus/openwrt/build_dir/target-aarch64_generic_musl/linux-rockchip_armv8/image-rk3399-rockpro64.dtb.tmp /workspaces/openwrt-radxa-rock5b-plus/openwrt/build_dir/target-aarch64_generic_musl/linux-rockchip_armv8/linux-6.12.45/arch/arm64/boot/dts/rockchip/rk3399-rockpro64.dts
rm -f /workspaces/openwrt-radxa-rock5b-plus/openwrt/build_dir/target-aarch64_generic_musl/linux-rockchip_armv8/image-rk3568-fastrhino-r66s.dtb.tmp
aarch64-openwrt-linux-musl-cpp -nostdinc -x assembler-with-cpp  -I/workspaces/openwrt-radxa-rock5b-plus/openwrt/build_dir/target-aarch64_generic_musl/linux-rockchip_armv8/linux-6.12.45/arch/arm64/boot/dts -I/workspaces/openwrt-radxa-rock5b-plus/openwrt/build_dir/target-aarch64_generic_musl/linux-rockchip_armv8/linux-6.12.45/arch/arm64/boot/dts/include -I/workspaces/openwrt-radxa-rock5b-plus/openwrt/build_dir/target-aarch64_generic_musl/linux-rockchip_armv8/linux-6.12.45/include/ -I/workspaces/openwrt-radxa-rock5b-plus/openwrt/build_dir/target-aarch64_generic_musl/linux-rockchip_armv8/linux-6.12.45/scripts/dtc/include-prefixes -undef -D__DTS__  -o /workspaces/openwrt-radxa-rock5b-plus/openwrt/build_dir/target-aarch64_generic_musl/linux-rockchip_armv8/image-rk3566-radxa-cm3-io.dtb.tmp /workspaces/openwrt-radxa-rock5b-plus/openwrt/build_dir/target-aarch64_generic_musl/linux-rockchip_armv8/linux-6.12.45/arch/arm64/boot/dts/rockchip/rk3566-radxa-cm3-io.dts
/workspaces/openwrt-radxa-rock5b-plus/openwrt/build_dir/target-aarch64_generic_musl/linux-rockchip_armv8/linux-6.12.45/scripts/dtc/dtc -O dtb -i/workspaces/openwrt-radxa-rock5b-plus/openwrt/build_dir/target-aarch64_generic_musl/linux-rockchip_armv8/linux-6.12.45/arch/arm64/boot/dts/rockchip/ -Wno-interrupt_provider -Wno-unique_unit_address -Wno-unit_address_vs_reg -Wno-avoid_unnecessary_addr_size -Wno-alias_paths -Wno-graph_child_address -Wno-simple_bus_reg    -o /workspaces/openwrt-radxa-rock5b-plus/openwrt/build_dir/target-aarch64_generic_musl/linux-rockchip_armv8/image-rk3399-rockpro64.dtb /workspaces/openwrt-radxa-rock5b-plus/openwrt/build_dir/target-aarch64_generic_musl/linux-rockchip_armv8/image-rk3399-rockpro64.dtb.tmp
rm -f /workspaces/openwrt-radxa-rock5b-plus/openwrt/build_dir/target-aarch64_generic_musl/linux-rockchip_armv8/image-rk3399-rockpro64.dtb.tmp
aarch64-openwrt-linux-musl-cpp -nostdinc -x assembler-with-cpp  -I/workspaces/openwrt-radxa-rock5b-plus/openwrt/build_dir/target-aarch64_generic_musl/linux-rockchip_armv8/linux-6.12.45/arch/arm64/boot/dts -I/workspaces/openwrt-radxa-rock5b-plus/openwrt/build_dir/target-aarch64_generic_musl/linux-rockchip_armv8/linux-6.12.45/arch/arm64/boot/dts/include -I/workspaces/openwrt-radxa-rock5b-plus/openwrt/build_dir/target-aarch64_generic_musl/linux-rockchip_armv8/linux-6.12.45/include/ -I/workspaces/openwrt-radxa-rock5b-plus/openwrt/build_dir/target-aarch64_generic_musl/linux-rockchip_armv8/linux-6.12.45/scripts/dtc/include-prefixes -undef -D__DTS__  -o /workspaces/openwrt-radxa-rock5b-plus/openwrt/build_dir/target-aarch64_generic_musl/linux-rockchip_armv8/image-rk3568-radxa-e25.dtb.tmp /workspaces/openwrt-radxa-rock5b-plus/openwrt/build_dir/target-aarch64_generic_musl/linux-rockchip_armv8/linux-6.12.45/arch/arm64/boot/dts/rockchip/rk3568-radxa-e25.dts
/workspaces/openwrt-radxa-rock5b-plus/openwrt/build_dir/target-aarch64_generic_musl/linux-rockchip_armv8/linux-6.12.45/scripts/dtc/dtc -O dtb -i/workspaces/openwrt-radxa-rock5b-plus/openwrt/build_dir/target-aarch64_generic_musl/linux-rockchip_armv8/linux-6.12.45/arch/arm64/boot/dts/rockchip/ -Wno-interrupt_provider -Wno-unique_unit_address -Wno-unit_address_vs_reg -Wno-avoid_unnecessary_addr_size -Wno-alias_paths -Wno-graph_child_address -Wno-simple_bus_reg    -o /workspaces/openwrt-radxa-rock5b-plus/openwrt/build_dir/target-aarch64_generic_musl/linux-rockchip_armv8/image-rk3566-radxa-cm3-io.dtb /workspaces/openwrt-radxa-rock5b-plus/openwrt/build_dir/target-aarch64_generic_musl/linux-rockchip_armv8/image-rk3566-radxa-cm3-io.dtb.tmp
/workspaces/openwrt-radxa-rock5b-plus/openwrt/build_dir/target-aarch64_generic_musl/linux-rockchip_armv8/linux-6.12.45/scripts/dtc/dtc -O dtb -i/workspaces/openwrt-radxa-rock5b-plus/openwrt/build_dir/target-aarch64_generic_musl/linux-rockchip_armv8/linux-6.12.45/arch/arm64/boot/dts/rockchip/ -Wno-interrupt_provider -Wno-unique_unit_address -Wno-unit_address_vs_reg -Wno-avoid_unnecessary_addr_size -Wno-alias_paths -Wno-graph_child_address -Wno-simple_bus_reg    -o /workspaces/openwrt-radxa-rock5b-plus/openwrt/build_dir/target-aarch64_generic_musl/linux-rockchip_armv8/image-rk3568-radxa-e25.dtb /workspaces/openwrt-radxa-rock5b-plus/openwrt/build_dir/target-aarch64_generic_musl/linux-rockchip_armv8/image-rk3568-radxa-e25.dtb.tmp
rm -f /workspaces/openwrt-radxa-rock5b-plus/openwrt/build_dir/target-aarch64_generic_musl/linux-rockchip_armv8/image-rk3566-radxa-cm3-io.dtb.tmp
aarch64-openwrt-linux-musl-cpp -nostdinc -x assembler-with-cpp  -I/workspaces/openwrt-radxa-rock5b-plus/openwrt/build_dir/target-aarch64_generic_musl/linux-rockchip_armv8/linux-6.12.45/arch/arm64/boot/dts -I/workspaces/openwrt-radxa-rock5b-plus/openwrt/build_dir/target-aarch64_generic_musl/linux-rockchip_armv8/linux-6.12.45/arch/arm64/boot/dts/include -I/workspaces/openwrt-radxa-rock5b-plus/openwrt/build_dir/target-aarch64_generic_musl/linux-rockchip_armv8/linux-6.12.45/include/ -I/workspaces/openwrt-radxa-rock5b-plus/openwrt/build_dir/target-aarch64_generic_musl/linux-rockchip_armv8/linux-6.12.45/scripts/dtc/include-prefixes -undef -D__DTS__  -o /workspaces/openwrt-radxa-rock5b-plus/openwrt/build_dir/target-aarch64_generic_musl/linux-rockchip_armv8/image-rk3582-radxa-e52c.dtb.tmp /workspaces/openwrt-radxa-rock5b-plus/openwrt/build_dir/target-aarch64_generic_musl/linux-rockchip_armv8/linux-6.12.45/arch/arm64/boot/dts/rockchip/rk3582-radxa-e52c.dts
rm -f /workspaces/openwrt-radxa-rock5b-plus/openwrt/build_dir/target-aarch64_generic_musl/linux-rockchip_armv8/image-rk3568-radxa-e25.dtb.tmp
aarch64-openwrt-linux-musl-cpp -nostdinc -x assembler-with-cpp  -I/workspaces/openwrt-radxa-rock5b-plus/openwrt/build_dir/target-aarch64_generic_musl/linux-rockchip_armv8/linux-6.12.45/arch/arm64/boot/dts -I/workspaces/openwrt-radxa-rock5b-plus/openwrt/build_dir/target-aarch64_generic_musl/linux-rockchip_armv8/linux-6.12.45/arch/arm64/boot/dts/include -I/workspaces/openwrt-radxa-rock5b-plus/openwrt/build_dir/target-aarch64_generic_musl/linux-rockchip_armv8/linux-6.12.45/include/ -I/workspaces/openwrt-radxa-rock5b-plus/openwrt/build_dir/target-aarch64_generic_musl/linux-rockchip_armv8/linux-6.12.45/scripts/dtc/include-prefixes -undef -D__DTS__  -o /workspaces/openwrt-radxa-rock5b-plus/openwrt/build_dir/target-aarch64_generic_musl/linux-rockchip_armv8/image-rk3568-rock-3a.dtb.tmp /workspaces/openwrt-radxa-rock5b-plus/openwrt/build_dir/target-aarch64_generic_musl/linux-rockchip_armv8/linux-6.12.45/arch/arm64/boot/dts/rockchip/rk3568-rock-3a.dts
/workspaces/openwrt-radxa-rock5b-plus/openwrt/build_dir/target-aarch64_generic_musl/linux-rockchip_armv8/linux-6.12.45/scripts/dtc/dtc -O dtb -i/workspaces/openwrt-radxa-rock5b-plus/openwrt/build_dir/target-aarch64_generic_musl/linux-rockchip_armv8/linux-6.12.45/arch/arm64/boot/dts/rockchip/ -Wno-interrupt_provider -Wno-unique_unit_address -Wno-unit_address_vs_reg -Wno-avoid_unnecessary_addr_size -Wno-alias_paths -Wno-graph_child_address -Wno-simple_bus_reg    -o /workspaces/openwrt-radxa-rock5b-plus/openwrt/build_dir/target-aarch64_generic_musl/linux-rockchip_armv8/image-rk3582-radxa-e52c.dtb /workspaces/openwrt-radxa-rock5b-plus/openwrt/build_dir/target-aarch64_generic_musl/linux-rockchip_armv8/image-rk3582-radxa-e52c.dtb.tmp
/workspaces/openwrt-radxa-rock5b-plus/openwrt/build_dir/target-aarch64_generic_musl/linux-rockchip_armv8/linux-6.12.45/scripts/dtc/dtc -O dtb -i/workspaces/openwrt-radxa-rock5b-plus/openwrt/build_dir/target-aarch64_generic_musl/linux-rockchip_armv8/linux-6.12.45/arch/arm64/boot/dts/rockchip/ -Wno-interrupt_provider -Wno-unique_unit_address -Wno-unit_address_vs_reg -Wno-avoid_unnecessary_addr_size -Wno-alias_paths -Wno-graph_child_address -Wno-simple_bus_reg    -o /workspaces/openwrt-radxa-rock5b-plus/openwrt/build_dir/target-aarch64_generic_musl/linux-rockchip_armv8/image-rk3568-rock-3a.dtb /workspaces/openwrt-radxa-rock5b-plus/openwrt/build_dir/target-aarch64_generic_musl/linux-rockchip_armv8/image-rk3568-rock-3a.dtb.tmp
rm -f /workspaces/openwrt-radxa-rock5b-plus/openwrt/build_dir/target-aarch64_generic_musl/linux-rockchip_armv8/image-rk3582-radxa-e52c.dtb.tmp
rm -f /workspaces/openwrt-radxa-rock5b-plus/openwrt/build_dir/target-aarch64_generic_musl/linux-rockchip_armv8/image-rk3568-rock-3a.dtb.tmp
aarch64-openwrt-linux-musl-cpp -nostdinc -x assembler-with-cpp  -I/workspaces/openwrt-radxa-rock5b-plus/openwrt/build_dir/target-aarch64_generic_musl/linux-rockchip_armv8/linux-6.12.45/arch/arm64/boot/dts -I/workspaces/openwrt-radxa-rock5b-plus/openwrt/build_dir/target-aarch64_generic_musl/linux-rockchip_armv8/linux-6.12.45/arch/arm64/boot/dts/include -I/workspaces/openwrt-radxa-rock5b-plus/openwrt/build_dir/target-aarch64_generic_musl/linux-rockchip_armv8/linux-6.12.45/include/ -I/workspaces/openwrt-radxa-rock5b-plus/openwrt/build_dir/target-aarch64_generic_musl/linux-rockchip_armv8/linux-6.12.45/scripts/dtc/include-prefixes -undef -D__DTS__  -o /workspaces/openwrt-radxa-rock5b-plus/openwrt/build_dir/target-aarch64_generic_musl/linux-rockchip_armv8/image-rk3568-rock-3b.dtb.tmp /workspaces/openwrt-radxa-rock5b-plus/openwrt/build_dir/target-aarch64_generic_musl/linux-rockchip_armv8/linux-6.12.45/arch/arm64/boot/dts/rockchip/rk3568-rock-3b.dts
aarch64-openwrt-linux-musl-cpp -nostdinc -x assembler-with-cpp  -I/workspaces/openwrt-radxa-rock5b-plus/openwrt/build_dir/target-aarch64_generic_musl/linux-rockchip_armv8/linux-6.12.45/arch/arm64/boot/dts -I/workspaces/openwrt-radxa-rock5b-plus/openwrt/build_dir/target-aarch64_generic_musl/linux-rockchip_armv8/linux-6.12.45/arch/arm64/boot/dts/include -I/workspaces/openwrt-radxa-rock5b-plus/openwrt/build_dir/target-aarch64_generic_musl/linux-rockchip_armv8/linux-6.12.45/include/ -I/workspaces/openwrt-radxa-rock5b-plus/openwrt/build_dir/target-aarch64_generic_musl/linux-rockchip_armv8/linux-6.12.45/scripts/dtc/include-prefixes -undef -D__DTS__  -o /workspaces/openwrt-radxa-rock5b-plus/openwrt/build_dir/target-aarch64_generic_musl/linux-rockchip_armv8/image-rk3566-rock-3c.dtb.tmp /workspaces/openwrt-radxa-rock5b-plus/openwrt/build_dir/target-aarch64_generic_musl/linux-rockchip_armv8/linux-6.12.45/arch/arm64/boot/dts/rockchip/rk3566-rock-3c.dts
/workspaces/openwrt-radxa-rock5b-plus/openwrt/build_dir/target-aarch64_generic_musl/linux-rockchip_armv8/linux-6.12.45/scripts/dtc/dtc -O dtb -i/workspaces/openwrt-radxa-rock5b-plus/openwrt/build_dir/target-aarch64_generic_musl/linux-rockchip_armv8/linux-6.12.45/arch/arm64/boot/dts/rockchip/ -Wno-interrupt_provider -Wno-unique_unit_address -Wno-unit_address_vs_reg -Wno-avoid_unnecessary_addr_size -Wno-alias_paths -Wno-graph_child_address -Wno-simple_bus_reg    -o /workspaces/openwrt-radxa-rock5b-plus/openwrt/build_dir/target-aarch64_generic_musl/linux-rockchip_armv8/image-rk3568-rock-3b.dtb /workspaces/openwrt-radxa-rock5b-plus/openwrt/build_dir/target-aarch64_generic_musl/linux-rockchip_armv8/image-rk3568-rock-3b.dtb.tmp
/workspaces/openwrt-radxa-rock5b-plus/openwrt/build_dir/target-aarch64_generic_musl/linux-rockchip_armv8/linux-6.12.45/scripts/dtc/dtc -O dtb -i/workspaces/openwrt-radxa-rock5b-plus/openwrt/build_dir/target-aarch64_generic_musl/linux-rockchip_armv8/linux-6.12.45/arch/arm64/boot/dts/rockchip/ -Wno-interrupt_provider -Wno-unique_unit_address -Wno-unit_address_vs_reg -Wno-avoid_unnecessary_addr_size -Wno-alias_paths -Wno-graph_child_address -Wno-simple_bus_reg    -o /workspaces/openwrt-radxa-rock5b-plus/openwrt/build_dir/target-aarch64_generic_musl/linux-rockchip_armv8/image-rk3566-rock-3c.dtb /workspaces/openwrt-radxa-rock5b-plus/openwrt/build_dir/target-aarch64_generic_musl/linux-rockchip_armv8/image-rk3566-rock-3c.dtb.tmp
rm -f /workspaces/openwrt-radxa-rock5b-plus/openwrt/build_dir/target-aarch64_generic_musl/linux-rockchip_armv8/image-rk3568-rock-3b.dtb.tmp
aarch64-openwrt-linux-musl-cpp -nostdinc -x assembler-with-cpp  -I/workspaces/openwrt-radxa-rock5b-plus/openwrt/build_dir/target-aarch64_generic_musl/linux-rockchip_armv8/linux-6.12.45/arch/arm64/boot/dts -I/workspaces/openwrt-radxa-rock5b-plus/openwrt/build_dir/target-aarch64_generic_musl/linux-rockchip_armv8/linux-6.12.45/arch/arm64/boot/dts/include -I/workspaces/openwrt-radxa-rock5b-plus/openwrt/build_dir/target-aarch64_generic_musl/linux-rockchip_armv8/linux-6.12.45/include/ -I/workspaces/openwrt-radxa-rock5b-plus/openwrt/build_dir/target-aarch64_generic_musl/linux-rockchip_armv8/linux-6.12.45/scripts/dtc/include-prefixes -undef -D__DTS__  -o /workspaces/openwrt-radxa-rock5b-plus/openwrt/build_dir/target-aarch64_generic_musl/linux-rockchip_armv8/image-rk3399-rock-4c-plus.dtb.tmp /workspaces/openwrt-radxa-rock5b-plus/openwrt/build_dir/target-aarch64_generic_musl/linux-rockchip_armv8/linux-6.12.45/arch/arm64/boot/dts/rockchip/rk3399-rock-4c-plus.dts
rm -f /workspaces/openwrt-radxa-rock5b-plus/openwrt/build_dir/target-aarch64_generic_musl/linux-rockchip_armv8/image-rk3566-rock-3c.dtb.tmp
aarch64-openwrt-linux-musl-cpp -nostdinc -x assembler-with-cpp  -I/workspaces/openwrt-radxa-rock5b-plus/openwrt/build_dir/target-aarch64_generic_musl/linux-rockchip_armv8/linux-6.12.45/arch/arm64/boot/dts -I/workspaces/openwrt-radxa-rock5b-plus/openwrt/build_dir/target-aarch64_generic_musl/linux-rockchip_armv8/linux-6.12.45/arch/arm64/boot/dts/include -I/workspaces/openwrt-radxa-rock5b-plus/openwrt/build_dir/target-aarch64_generic_musl/linux-rockchip_armv8/linux-6.12.45/include/ -I/workspaces/openwrt-radxa-rock5b-plus/openwrt/build_dir/target-aarch64_generic_musl/linux-rockchip_armv8/linux-6.12.45/scripts/dtc/include-prefixes -undef -D__DTS__  -o /workspaces/openwrt-radxa-rock5b-plus/openwrt/build_dir/target-aarch64_generic_musl/linux-rockchip_armv8/image-rk3399-rock-4se.dtb.tmp /workspaces/openwrt-radxa-rock5b-plus/openwrt/build_dir/target-aarch64_generic_musl/linux-rockchip_armv8/linux-6.12.45/arch/arm64/boot/dts/rockchip/rk3399-rock-4se.dts
/workspaces/openwrt-radxa-rock5b-plus/openwrt/build_dir/target-aarch64_generic_musl/linux-rockchip_armv8/linux-6.12.45/scripts/dtc/dtc -O dtb -i/workspaces/openwrt-radxa-rock5b-plus/openwrt/build_dir/target-aarch64_generic_musl/linux-rockchip_armv8/linux-6.12.45/arch/arm64/boot/dts/rockchip/ -Wno-interrupt_provider -Wno-unique_unit_address -Wno-unit_address_vs_reg -Wno-avoid_unnecessary_addr_size -Wno-alias_paths -Wno-graph_child_address -Wno-simple_bus_reg    -o /workspaces/openwrt-radxa-rock5b-plus/openwrt/build_dir/target-aarch64_generic_musl/linux-rockchip_armv8/image-rk3399-rock-4c-plus.dtb /workspaces/openwrt-radxa-rock5b-plus/openwrt/build_dir/target-aarch64_generic_musl/linux-rockchip_armv8/image-rk3399-rock-4c-plus.dtb.tmp
/workspaces/openwrt-radxa-rock5b-plus/openwrt/build_dir/target-aarch64_generic_musl/linux-rockchip_armv8/linux-6.12.45/scripts/dtc/dtc -O dtb -i/workspaces/openwrt-radxa-rock5b-plus/openwrt/build_dir/target-aarch64_generic_musl/linux-rockchip_armv8/linux-6.12.45/arch/arm64/boot/dts/rockchip/ -Wno-interrupt_provider -Wno-unique_unit_address -Wno-unit_address_vs_reg -Wno-avoid_unnecessary_addr_size -Wno-alias_paths -Wno-graph_child_address -Wno-simple_bus_reg    -o /workspaces/openwrt-radxa-rock5b-plus/openwrt/build_dir/target-aarch64_generic_musl/linux-rockchip_armv8/image-rk3399-rock-4se.dtb /workspaces/openwrt-radxa-rock5b-plus/openwrt/build_dir/target-aarch64_generic_musl/linux-rockchip_armv8/image-rk3399-rock-4se.dtb.tmp
rm -f /workspaces/openwrt-radxa-rock5b-plus/openwrt/build_dir/target-aarch64_generic_musl/linux-rockchip_armv8/image-rk3399-rock-4c-plus.dtb.tmp
aarch64-openwrt-linux-musl-cpp -nostdinc -x assembler-with-cpp  -I/workspaces/openwrt-radxa-rock5b-plus/openwrt/build_dir/target-aarch64_generic_musl/linux-rockchip_armv8/linux-6.12.45/arch/arm64/boot/dts -I/workspaces/openwrt-radxa-rock5b-plus/openwrt/build_dir/target-aarch64_generic_musl/linux-rockchip_armv8/linux-6.12.45/arch/arm64/boot/dts/include -I/workspaces/openwrt-radxa-rock5b-plus/openwrt/build_dir/target-aarch64_generic_musl/linux-rockchip_armv8/linux-6.12.45/include/ -I/workspaces/openwrt-radxa-rock5b-plus/openwrt/build_dir/target-aarch64_generic_musl/linux-rockchip_armv8/linux-6.12.45/scripts/dtc/include-prefixes -undef -D__DTS__  -o /workspaces/openwrt-radxa-rock5b-plus/openwrt/build_dir/target-aarch64_generic_musl/linux-rockchip_armv8/image-rk3588-rock-5-itx.dtb.tmp /workspaces/openwrt-radxa-rock5b-plus/openwrt/build_dir/target-aarch64_generic_musl/linux-rockchip_armv8/linux-6.12.45/arch/arm64/boot/dts/rockchip/rk3588-rock-5-itx.dts
rm -f /workspaces/openwrt-radxa-rock5b-plus/openwrt/build_dir/target-aarch64_generic_musl/linux-rockchip_armv8/image-rk3399-rock-4se.dtb.tmp
aarch64-openwrt-linux-musl-cpp -nostdinc -x assembler-with-cpp  -I/workspaces/openwrt-radxa-rock5b-plus/openwrt/build_dir/target-aarch64_generic_musl/linux-rockchip_armv8/linux-6.12.45/arch/arm64/boot/dts -I/workspaces/openwrt-radxa-rock5b-plus/openwrt/build_dir/target-aarch64_generic_musl/linux-rockchip_armv8/linux-6.12.45/arch/arm64/boot/dts/include -I/workspaces/openwrt-radxa-rock5b-plus/openwrt/build_dir/target-aarch64_generic_musl/linux-rockchip_armv8/linux-6.12.45/include/ -I/workspaces/openwrt-radxa-rock5b-plus/openwrt/build_dir/target-aarch64_generic_musl/linux-rockchip_armv8/linux-6.12.45/scripts/dtc/include-prefixes -undef -D__DTS__  -o /workspaces/openwrt-radxa-rock5b-plus/openwrt/build_dir/target-aarch64_generic_musl/linux-rockchip_armv8/image-rk3588s-rock-5a.dtb.tmp /workspaces/openwrt-radxa-rock5b-plus/openwrt/build_dir/target-aarch64_generic_musl/linux-rockchip_armv8/linux-6.12.45/arch/arm64/boot/dts/rockchip/rk3588s-rock-5a.dts
/workspaces/openwrt-radxa-rock5b-plus/openwrt/build_dir/target-aarch64_generic_musl/linux-rockchip_armv8/linux-6.12.45/scripts/dtc/dtc -O dtb -i/workspaces/openwrt-radxa-rock5b-plus/openwrt/build_dir/target-aarch64_generic_musl/linux-rockchip_armv8/linux-6.12.45/arch/arm64/boot/dts/rockchip/ -Wno-interrupt_provider -Wno-unique_unit_address -Wno-unit_address_vs_reg -Wno-avoid_unnecessary_addr_size -Wno-alias_paths -Wno-graph_child_address -Wno-simple_bus_reg    -o /workspaces/openwrt-radxa-rock5b-plus/openwrt/build_dir/target-aarch64_generic_musl/linux-rockchip_armv8/image-rk3588-rock-5-itx.dtb /workspaces/openwrt-radxa-rock5b-plus/openwrt/build_dir/target-aarch64_generic_musl/linux-rockchip_armv8/image-rk3588-rock-5-itx.dtb.tmp
/workspaces/openwrt-radxa-rock5b-plus/openwrt/build_dir/target-aarch64_generic_musl/linux-rockchip_armv8/linux-6.12.45/scripts/dtc/dtc -O dtb -i/workspaces/openwrt-radxa-rock5b-plus/openwrt/build_dir/target-aarch64_generic_musl/linux-rockchip_armv8/linux-6.12.45/arch/arm64/boot/dts/rockchip/ -Wno-interrupt_provider -Wno-unique_unit_address -Wno-unit_address_vs_reg -Wno-avoid_unnecessary_addr_size -Wno-alias_paths -Wno-graph_child_address -Wno-simple_bus_reg    -o /workspaces/openwrt-radxa-rock5b-plus/openwrt/build_dir/target-aarch64_generic_musl/linux-rockchip_armv8/image-rk3588s-rock-5a.dtb /workspaces/openwrt-radxa-rock5b-plus/openwrt/build_dir/target-aarch64_generic_musl/linux-rockchip_armv8/image-rk3588s-rock-5a.dtb.tmp
rm -f /workspaces/openwrt-radxa-rock5b-plus/openwrt/build_dir/target-aarch64_generic_musl/linux-rockchip_armv8/image-rk3588s-rock-5a.dtb.tmp
rm -f /workspaces/openwrt-radxa-rock5b-plus/openwrt/build_dir/target-aarch64_generic_musl/linux-rockchip_armv8/image-rk3588-rock-5-itx.dtb.tmp
aarch64-openwrt-linux-musl-cpp -nostdinc -x assembler-with-cpp  -I/workspaces/openwrt-radxa-rock5b-plus/openwrt/build_dir/target-aarch64_generic_musl/linux-rockchip_armv8/linux-6.12.45/arch/arm64/boot/dts -I/workspaces/openwrt-radxa-rock5b-plus/openwrt/build_dir/target-aarch64_generic_musl/linux-rockchip_armv8/linux-6.12.45/arch/arm64/boot/dts/include -I/workspaces/openwrt-radxa-rock5b-plus/openwrt/build_dir/target-aarch64_generic_musl/linux-rockchip_armv8/linux-6.12.45/include/ -I/workspaces/openwrt-radxa-rock5b-plus/openwrt/build_dir/target-aarch64_generic_musl/linux-rockchip_armv8/linux-6.12.45/scripts/dtc/include-prefixes -undef -D__DTS__  -o /workspaces/openwrt-radxa-rock5b-plus/openwrt/build_dir/target-aarch64_generic_musl/linux-rockchip_armv8/image-rk3588-rock-5b.dtb.tmp /workspaces/openwrt-radxa-rock5b-plus/openwrt/build_dir/target-aarch64_generic_musl/linux-rockchip_armv8/linux-6.12.45/arch/arm64/boot/dts/rockchip/rk3588-rock-5b.dts
aarch64-openwrt-linux-musl-cpp -nostdinc -x assembler-with-cpp  -I/workspaces/openwrt-radxa-rock5b-plus/openwrt/build_dir/target-aarch64_generic_musl/linux-rockchip_armv8/linux-6.12.45/arch/arm64/boot/dts -I/workspaces/openwrt-radxa-rock5b-plus/openwrt/build_dir/target-aarch64_generic_musl/linux-rockchip_armv8/linux-6.12.45/arch/arm64/boot/dts/include -I/workspaces/openwrt-radxa-rock5b-plus/openwrt/build_dir/target-aarch64_generic_musl/linux-rockchip_armv8/linux-6.12.45/include/ -I/workspaces/openwrt-radxa-rock5b-plus/openwrt/build_dir/target-aarch64_generic_musl/linux-rockchip_armv8/linux-6.12.45/scripts/dtc/include-prefixes -undef -D__DTS__  -o /workspaces/openwrt-radxa-rock5b-plus/openwrt/build_dir/target-aarch64_generic_musl/linux-rockchip_armv8/image-rk3588-rock-5b-plus.dtb.tmp /workspaces/openwrt-radxa-rock5b-plus/openwrt/build_dir/target-aarch64_generic_musl/linux-rockchip_armv8/linux-6.12.45/arch/arm64/boot/dts/rockchip/rk3588-rock-5b-plus.dts
/workspaces/openwrt-radxa-rock5b-plus/openwrt/build_dir/target-aarch64_generic_musl/linux-rockchip_armv8/linux-6.12.45/scripts/dtc/dtc -O dtb -i/workspaces/openwrt-radxa-rock5b-plus/openwrt/build_dir/target-aarch64_generic_musl/linux-rockchip_armv8/linux-6.12.45/arch/arm64/boot/dts/rockchip/ -Wno-interrupt_provider -Wno-unique_unit_address -Wno-unit_address_vs_reg -Wno-avoid_unnecessary_addr_size -Wno-alias_paths -Wno-graph_child_address -Wno-simple_bus_reg    -o /workspaces/openwrt-radxa-rock5b-plus/openwrt/build_dir/target-aarch64_generic_musl/linux-rockchip_armv8/image-rk3588-rock-5b.dtb /workspaces/openwrt-radxa-rock5b-plus/openwrt/build_dir/target-aarch64_generic_musl/linux-rockchip_armv8/image-rk3588-rock-5b.dtb.tmp
/workspaces/openwrt-radxa-rock5b-plus/openwrt/build_dir/target-aarch64_generic_musl/linux-rockchip_armv8/linux-6.12.45/scripts/dtc/dtc -O dtb -i/workspaces/openwrt-radxa-rock5b-plus/openwrt/build_dir/target-aarch64_generic_musl/linux-rockchip_armv8/linux-6.12.45/arch/arm64/boot/dts/rockchip/ -Wno-interrupt_provider -Wno-unique_unit_address -Wno-unit_address_vs_reg -Wno-avoid_unnecessary_addr_size -Wno-alias_paths -Wno-graph_child_address -Wno-simple_bus_reg    -o /workspaces/openwrt-radxa-rock5b-plus/openwrt/build_dir/target-aarch64_generic_musl/linux-rockchip_armv8/image-rk3588-rock-5b-plus.dtb /workspaces/openwrt-radxa-rock5b-plus/openwrt/build_dir/target-aarch64_generic_musl/linux-rockchip_armv8/image-rk3588-rock-5b-plus.dtb.tmp
rm -f /workspaces/openwrt-radxa-rock5b-plus/openwrt/build_dir/target-aarch64_generic_musl/linux-rockchip_armv8/image-rk3588-rock-5b.dtb.tmp
aarch64-openwrt-linux-musl-cpp -nostdinc -x assembler-with-cpp  -I/workspaces/openwrt-radxa-rock5b-plus/openwrt/build_dir/target-aarch64_generic_musl/linux-rockchip_armv8/linux-6.12.45/arch/arm64/boot/dts -I/workspaces/openwrt-radxa-rock5b-plus/openwrt/build_dir/target-aarch64_generic_musl/linux-rockchip_armv8/linux-6.12.45/arch/arm64/boot/dts/include -I/workspaces/openwrt-radxa-rock5b-plus/openwrt/build_dir/target-aarch64_generic_musl/linux-rockchip_armv8/linux-6.12.45/include/ -I/workspaces/openwrt-radxa-rock5b-plus/openwrt/build_dir/target-aarch64_generic_musl/linux-rockchip_armv8/linux-6.12.45/scripts/dtc/include-prefixes -undef -D__DTS__  -o /workspaces/openwrt-radxa-rock5b-plus/openwrt/build_dir/target-aarch64_generic_musl/linux-rockchip_armv8/image-rk3588s-rock-5c.dtb.tmp /workspaces/openwrt-radxa-rock5b-plus/openwrt/build_dir/target-aarch64_generic_musl/linux-rockchip_armv8/linux-6.12.45/arch/arm64/boot/dts/rockchip/rk3588s-rock-5c.dts
rm -f /workspaces/openwrt-radxa-rock5b-plus/openwrt/build_dir/target-aarch64_generic_musl/linux-rockchip_armv8/image-rk3588-rock-5b-plus.dtb.tmp
aarch64-openwrt-linux-musl-cpp -nostdinc -x assembler-with-cpp  -I/workspaces/openwrt-radxa-rock5b-plus/openwrt/build_dir/target-aarch64_generic_musl/linux-rockchip_armv8/linux-6.12.45/arch/arm64/boot/dts -I/workspaces/openwrt-radxa-rock5b-plus/openwrt/build_dir/target-aarch64_generic_musl/linux-rockchip_armv8/linux-6.12.45/arch/arm64/boot/dts/include -I/workspaces/openwrt-radxa-rock5b-plus/openwrt/build_dir/target-aarch64_generic_musl/linux-rockchip_armv8/linux-6.12.45/include/ -I/workspaces/openwrt-radxa-rock5b-plus/openwrt/build_dir/target-aarch64_generic_musl/linux-rockchip_armv8/linux-6.12.45/scripts/dtc/include-prefixes -undef -D__DTS__  -o /workspaces/openwrt-radxa-rock5b-plus/openwrt/build_dir/target-aarch64_generic_musl/linux-rockchip_armv8/image-rk3588-rock-5t.dtb.tmp /workspaces/openwrt-radxa-rock5b-plus/openwrt/build_dir/target-aarch64_generic_musl/linux-rockchip_armv8/linux-6.12.45/arch/arm64/boot/dts/rockchip/rk3588-rock-5t.dts
/workspaces/openwrt-radxa-rock5b-plus/openwrt/build_dir/target-aarch64_generic_musl/linux-rockchip_armv8/linux-6.12.45/scripts/dtc/dtc -O dtb -i/workspaces/openwrt-radxa-rock5b-plus/openwrt/build_dir/target-aarch64_generic_musl/linux-rockchip_armv8/linux-6.12.45/arch/arm64/boot/dts/rockchip/ -Wno-interrupt_provider -Wno-unique_unit_address -Wno-unit_address_vs_reg -Wno-avoid_unnecessary_addr_size -Wno-alias_paths -Wno-graph_child_address -Wno-simple_bus_reg    -o /workspaces/openwrt-radxa-rock5b-plus/openwrt/build_dir/target-aarch64_generic_musl/linux-rockchip_armv8/image-rk3588s-rock-5c.dtb /workspaces/openwrt-radxa-rock5b-plus/openwrt/build_dir/target-aarch64_generic_musl/linux-rockchip_armv8/image-rk3588s-rock-5c.dtb.tmp
/workspaces/openwrt-radxa-rock5b-plus/openwrt/build_dir/target-aarch64_generic_musl/linux-rockchip_armv8/linux-6.12.45/scripts/dtc/dtc -O dtb -i/workspaces/openwrt-radxa-rock5b-plus/openwrt/build_dir/target-aarch64_generic_musl/linux-rockchip_armv8/linux-6.12.45/arch/arm64/boot/dts/rockchip/ -Wno-interrupt_provider -Wno-unique_unit_address -Wno-unit_address_vs_reg -Wno-avoid_unnecessary_addr_size -Wno-alias_paths -Wno-graph_child_address -Wno-simple_bus_reg    -o /workspaces/openwrt-radxa-rock5b-plus/openwrt/build_dir/target-aarch64_generic_musl/linux-rockchip_armv8/image-rk3588-rock-5t.dtb /workspaces/openwrt-radxa-rock5b-plus/openwrt/build_dir/target-aarch64_generic_musl/linux-rockchip_armv8/image-rk3588-rock-5t.dtb.tmp
rm -f /workspaces/openwrt-radxa-rock5b-plus/openwrt/build_dir/target-aarch64_generic_musl/linux-rockchip_armv8/image-rk3588s-rock-5c.dtb.tmp
aarch64-openwrt-linux-musl-cpp -nostdinc -x assembler-with-cpp  -I/workspaces/openwrt-radxa-rock5b-plus/openwrt/build_dir/target-aarch64_generic_musl/linux-rockchip_armv8/linux-6.12.45/arch/arm64/boot/dts -I/workspaces/openwrt-radxa-rock5b-plus/openwrt/build_dir/target-aarch64_generic_musl/linux-rockchip_armv8/linux-6.12.45/arch/arm64/boot/dts/include -I/workspaces/openwrt-radxa-rock5b-plus/openwrt/build_dir/target-aarch64_generic_musl/linux-rockchip_armv8/linux-6.12.45/include/ -I/workspaces/openwrt-radxa-rock5b-plus/openwrt/build_dir/target-aarch64_generic_musl/linux-rockchip_armv8/linux-6.12.45/scripts/dtc/include-prefixes -undef -D__DTS__  -o /workspaces/openwrt-radxa-rock5b-plus/openwrt/build_dir/target-aarch64_generic_musl/linux-rockchip_armv8/image-rk3399-rock-pi-4a.dtb.tmp /workspaces/openwrt-radxa-rock5b-plus/openwrt/build_dir/target-aarch64_generic_musl/linux-rockchip_armv8/linux-6.12.45/arch/arm64/boot/dts/rockchip/rk3399-rock-pi-4a.dts
rm -f /workspaces/openwrt-radxa-rock5b-plus/openwrt/build_dir/target-aarch64_generic_musl/linux-rockchip_armv8/image-rk3588-rock-5t.dtb.tmp
aarch64-openwrt-linux-musl-cpp -nostdinc -x assembler-with-cpp  -I/workspaces/openwrt-radxa-rock5b-plus/openwrt/build_dir/target-aarch64_generic_musl/linux-rockchip_armv8/linux-6.12.45/arch/arm64/boot/dts -I/workspaces/openwrt-radxa-rock5b-plus/openwrt/build_dir/target-aarch64_generic_musl/linux-rockchip_armv8/linux-6.12.45/arch/arm64/boot/dts/include -I/workspaces/openwrt-radxa-rock5b-plus/openwrt/build_dir/target-aarch64_generic_musl/linux-rockchip_armv8/linux-6.12.45/include/ -I/workspaces/openwrt-radxa-rock5b-plus/openwrt/build_dir/target-aarch64_generic_musl/linux-rockchip_armv8/linux-6.12.45/scripts/dtc/include-prefixes -undef -D__DTS__  -o /workspaces/openwrt-radxa-rock5b-plus/openwrt/build_dir/target-aarch64_generic_musl/linux-rockchip_armv8/image-rk3328-rock-pi-e.dtb.tmp /workspaces/openwrt-radxa-rock5b-plus/openwrt/build_dir/target-aarch64_generic_musl/linux-rockchip_armv8/linux-6.12.45/arch/arm64/boot/dts/rockchip/rk3328-rock-pi-e.dts
/workspaces/openwrt-radxa-rock5b-plus/openwrt/build_dir/target-aarch64_generic_musl/linux-rockchip_armv8/linux-6.12.45/scripts/dtc/dtc -O dtb -i/workspaces/openwrt-radxa-rock5b-plus/openwrt/build_dir/target-aarch64_generic_musl/linux-rockchip_armv8/linux-6.12.45/arch/arm64/boot/dts/rockchip/ -Wno-interrupt_provider -Wno-unique_unit_address -Wno-unit_address_vs_reg -Wno-avoid_unnecessary_addr_size -Wno-alias_paths -Wno-graph_child_address -Wno-simple_bus_reg    -o /workspaces/openwrt-radxa-rock5b-plus/openwrt/build_dir/target-aarch64_generic_musl/linux-rockchip_armv8/image-rk3399-rock-pi-4a.dtb /workspaces/openwrt-radxa-rock5b-plus/openwrt/build_dir/target-aarch64_generic_musl/linux-rockchip_armv8/image-rk3399-rock-pi-4a.dtb.tmp
/workspaces/openwrt-radxa-rock5b-plus/openwrt/build_dir/target-aarch64_generic_musl/linux-rockchip_armv8/linux-6.12.45/scripts/dtc/dtc -O dtb -i/workspaces/openwrt-radxa-rock5b-plus/openwrt/build_dir/target-aarch64_generic_musl/linux-rockchip_armv8/linux-6.12.45/arch/arm64/boot/dts/rockchip/ -Wno-interrupt_provider -Wno-unique_unit_address -Wno-unit_address_vs_reg -Wno-avoid_unnecessary_addr_size -Wno-alias_paths -Wno-graph_child_address -Wno-simple_bus_reg    -o /workspaces/openwrt-radxa-rock5b-plus/openwrt/build_dir/target-aarch64_generic_musl/linux-rockchip_armv8/image-rk3328-rock-pi-e.dtb /workspaces/openwrt-radxa-rock5b-plus/openwrt/build_dir/target-aarch64_generic_musl/linux-rockchip_armv8/image-rk3328-rock-pi-e.dtb.tmp
rm -f /workspaces/openwrt-radxa-rock5b-plus/openwrt/build_dir/target-aarch64_generic_musl/linux-rockchip_armv8/image-rk3399-rock-pi-4a.dtb.tmp
rm -f /workspaces/openwrt-radxa-rock5b-plus/openwrt/build_dir/target-aarch64_generic_musl/linux-rockchip_armv8/image-rk3328-rock-pi-e.dtb.tmp
aarch64-openwrt-linux-musl-cpp -nostdinc -x assembler-with-cpp  -I/workspaces/openwrt-radxa-rock5b-plus/openwrt/build_dir/target-aarch64_generic_musl/linux-rockchip_armv8/linux-6.12.45/arch/arm64/boot/dts -I/workspaces/openwrt-radxa-rock5b-plus/openwrt/build_dir/target-aarch64_generic_musl/linux-rockchip_armv8/linux-6.12.45/arch/arm64/boot/dts/include -I/workspaces/openwrt-radxa-rock5b-plus/openwrt/build_dir/target-aarch64_generic_musl/linux-rockchip_armv8/linux-6.12.45/include/ -I/workspaces/openwrt-radxa-rock5b-plus/openwrt/build_dir/target-aarch64_generic_musl/linux-rockchip_armv8/linux-6.12.45/scripts/dtc/include-prefixes -undef -D__DTS__  -o /workspaces/openwrt-radxa-rock5b-plus/openwrt/build_dir/target-aarch64_generic_musl/linux-rockchip_armv8/image-rk3308-rock-pi-s.dtb.tmp /workspaces/openwrt-radxa-rock5b-plus/openwrt/build_dir/target-aarch64_generic_musl/linux-rockchip_armv8/linux-6.12.45/arch/arm64/boot/dts/rockchip/rk3308-rock-pi-s.dts
aarch64-openwrt-linux-musl-cpp -nostdinc -x assembler-with-cpp  -I/workspaces/openwrt-radxa-rock5b-plus/openwrt/build_dir/target-aarch64_generic_musl/linux-rockchip_armv8/linux-6.12.45/arch/arm64/boot/dts -I/workspaces/openwrt-radxa-rock5b-plus/openwrt/build_dir/target-aarch64_generic_musl/linux-rockchip_armv8/linux-6.12.45/arch/arm64/boot/dts/include -I/workspaces/openwrt-radxa-rock5b-plus/openwrt/build_dir/target-aarch64_generic_musl/linux-rockchip_armv8/linux-6.12.45/include/ -I/workspaces/openwrt-radxa-rock5b-plus/openwrt/build_dir/target-aarch64_generic_musl/linux-rockchip_armv8/linux-6.12.45/scripts/dtc/include-prefixes -undef -D__DTS__  -o /workspaces/openwrt-radxa-rock5b-plus/openwrt/build_dir/target-aarch64_generic_musl/linux-rockchip_armv8/image-rk3566-radxa-zero-3e.dtb.tmp /workspaces/openwrt-radxa-rock5b-plus/openwrt/build_dir/target-aarch64_generic_musl/linux-rockchip_armv8/linux-6.12.45/arch/arm64/boot/dts/rockchip/rk3566-radxa-zero-3e.dts
/workspaces/openwrt-radxa-rock5b-plus/openwrt/build_dir/target-aarch64_generic_musl/linux-rockchip_armv8/linux-6.12.45/scripts/dtc/dtc -O dtb -i/workspaces/openwrt-radxa-rock5b-plus/openwrt/build_dir/target-aarch64_generic_musl/linux-rockchip_armv8/linux-6.12.45/arch/arm64/boot/dts/rockchip/ -Wno-interrupt_provider -Wno-unique_unit_address -Wno-unit_address_vs_reg -Wno-avoid_unnecessary_addr_size -Wno-alias_paths -Wno-graph_child_address -Wno-simple_bus_reg    -o /workspaces/openwrt-radxa-rock5b-plus/openwrt/build_dir/target-aarch64_generic_musl/linux-rockchip_armv8/image-rk3308-rock-pi-s.dtb /workspaces/openwrt-radxa-rock5b-plus/openwrt/build_dir/target-aarch64_generic_musl/linux-rockchip_armv8/image-rk3308-rock-pi-s.dtb.tmp
/workspaces/openwrt-radxa-rock5b-plus/openwrt/build_dir/target-aarch64_generic_musl/linux-rockchip_armv8/linux-6.12.45/scripts/dtc/dtc -O dtb -i/workspaces/openwrt-radxa-rock5b-plus/openwrt/build_dir/target-aarch64_generic_musl/linux-rockchip_armv8/linux-6.12.45/arch/arm64/boot/dts/rockchip/ -Wno-interrupt_provider -Wno-unique_unit_address -Wno-unit_address_vs_reg -Wno-avoid_unnecessary_addr_size -Wno-alias_paths -Wno-graph_child_address -Wno-simple_bus_reg    -o /workspaces/openwrt-radxa-rock5b-plus/openwrt/build_dir/target-aarch64_generic_musl/linux-rockchip_armv8/image-rk3566-radxa-zero-3e.dtb /workspaces/openwrt-radxa-rock5b-plus/openwrt/build_dir/target-aarch64_generic_musl/linux-rockchip_armv8/image-rk3566-radxa-zero-3e.dtb.tmp
rm -f /workspaces/openwrt-radxa-rock5b-plus/openwrt/build_dir/target-aarch64_generic_musl/linux-rockchip_armv8/image-rk3308-rock-pi-s.dtb.tmp
aarch64-openwrt-linux-musl-cpp -nostdinc -x assembler-with-cpp  -I/workspaces/openwrt-radxa-rock5b-plus/openwrt/build_dir/target-aarch64_generic_musl/linux-rockchip_armv8/linux-6.12.45/arch/arm64/boot/dts -I/workspaces/openwrt-radxa-rock5b-plus/openwrt/build_dir/target-aarch64_generic_musl/linux-rockchip_armv8/linux-6.12.45/arch/arm64/boot/dts/include -I/workspaces/openwrt-radxa-rock5b-plus/openwrt/build_dir/target-aarch64_generic_musl/linux-rockchip_armv8/linux-6.12.45/include/ -I/workspaces/openwrt-radxa-rock5b-plus/openwrt/build_dir/target-aarch64_generic_musl/linux-rockchip_armv8/linux-6.12.45/scripts/dtc/include-prefixes -undef -D__DTS__  -o /workspaces/openwrt-radxa-rock5b-plus/openwrt/build_dir/target-aarch64_generic_musl/linux-rockchip_armv8/image-rk3566-radxa-zero-3w.dtb.tmp /workspaces/openwrt-radxa-rock5b-plus/openwrt/build_dir/target-aarch64_generic_musl/linux-rockchip_armv8/linux-6.12.45/arch/arm64/boot/dts/rockchip/rk3566-radxa-zero-3w.dts
rm -f /workspaces/openwrt-radxa-rock5b-plus/openwrt/build_dir/target-aarch64_generic_musl/linux-rockchip_armv8/image-rk3566-radxa-zero-3e.dtb.tmp
aarch64-openwrt-linux-musl-cpp -nostdinc -x assembler-with-cpp  -I/workspaces/openwrt-radxa-rock5b-plus/openwrt/build_dir/target-aarch64_generic_musl/linux-rockchip_armv8/linux-6.12.45/arch/arm64/boot/dts -I/workspaces/openwrt-radxa-rock5b-plus/openwrt/build_dir/target-aarch64_generic_musl/linux-rockchip_armv8/linux-6.12.45/arch/arm64/boot/dts/include -I/workspaces/openwrt-radxa-rock5b-plus/openwrt/build_dir/target-aarch64_generic_musl/linux-rockchip_armv8/linux-6.12.45/include/ -I/workspaces/openwrt-radxa-rock5b-plus/openwrt/build_dir/target-aarch64_generic_musl/linux-rockchip_armv8/linux-6.12.45/scripts/dtc/include-prefixes -undef -D__DTS__  -o /workspaces/openwrt-radxa-rock5b-plus/openwrt/build_dir/target-aarch64_generic_musl/linux-rockchip_armv8/image-rk3568-bpi-r2-pro.dtb.tmp /workspaces/openwrt-radxa-rock5b-plus/openwrt/build_dir/target-aarch64_generic_musl/linux-rockchip_armv8/linux-6.12.45/arch/arm64/boot/dts/rockchip/rk3568-bpi-r2-pro.dts
/workspaces/openwrt-radxa-rock5b-plus/openwrt/build_dir/target-aarch64_generic_musl/linux-rockchip_armv8/linux-6.12.45/scripts/dtc/dtc -O dtb -i/workspaces/openwrt-radxa-rock5b-plus/openwrt/build_dir/target-aarch64_generic_musl/linux-rockchip_armv8/linux-6.12.45/arch/arm64/boot/dts/rockchip/ -Wno-interrupt_provider -Wno-unique_unit_address -Wno-unit_address_vs_reg -Wno-avoid_unnecessary_addr_size -Wno-alias_paths -Wno-graph_child_address -Wno-simple_bus_reg    -o /workspaces/openwrt-radxa-rock5b-plus/openwrt/build_dir/target-aarch64_generic_musl/linux-rockchip_armv8/image-rk3566-radxa-zero-3w.dtb /workspaces/openwrt-radxa-rock5b-plus/openwrt/build_dir/target-aarch64_generic_musl/linux-rockchip_armv8/image-rk3566-radxa-zero-3w.dtb.tmp
rm -f /workspaces/openwrt-radxa-rock5b-plus/openwrt/build_dir/target-aarch64_generic_musl/linux-rockchip_armv8/image-rk3566-radxa-zero-3w.dtb.tmp
aarch64-openwrt-linux-musl-cpp -nostdinc -x assembler-with-cpp  -I/workspaces/openwrt-radxa-rock5b-plus/openwrt/build_dir/target-aarch64_generic_musl/linux-rockchip_armv8/linux-6.12.45/arch/arm64/boot/dts -I/workspaces/openwrt-radxa-rock5b-plus/openwrt/build_dir/target-aarch64_generic_musl/linux-rockchip_armv8/linux-6.12.45/arch/arm64/boot/dts/include -I/workspaces/openwrt-radxa-rock5b-plus/openwrt/build_dir/target-aarch64_generic_musl/linux-rockchip_armv8/linux-6.12.45/include/ -I/workspaces/openwrt-radxa-rock5b-plus/openwrt/build_dir/target-aarch64_generic_musl/linux-rockchip_armv8/linux-6.12.45/scripts/dtc/include-prefixes -undef -D__DTS__  -o /workspaces/openwrt-radxa-rock5b-plus/openwrt/build_dir/target-aarch64_generic_musl/linux-rockchip_armv8/image-rk3328-orangepi-r1-plus.dtb.tmp /workspaces/openwrt-radxa-rock5b-plus/openwrt/build_dir/target-aarch64_generic_musl/linux-rockchip_armv8/linux-6.12.45/arch/arm64/boot/dts/rockchip/rk3328-orangepi-r1-plus.dts
/workspaces/openwrt-radxa-rock5b-plus/openwrt/build_dir/target-aarch64_generic_musl/linux-rockchip_armv8/linux-6.12.45/scripts/dtc/dtc -O dtb -i/workspaces/openwrt-radxa-rock5b-plus/openwrt/build_dir/target-aarch64_generic_musl/linux-rockchip_armv8/linux-6.12.45/arch/arm64/boot/dts/rockchip/ -Wno-interrupt_provider -Wno-unique_unit_address -Wno-unit_address_vs_reg -Wno-avoid_unnecessary_addr_size -Wno-alias_paths -Wno-graph_child_address -Wno-simple_bus_reg    -o /workspaces/openwrt-radxa-rock5b-plus/openwrt/build_dir/target-aarch64_generic_musl/linux-rockchip_armv8/image-rk3568-bpi-r2-pro.dtb /workspaces/openwrt-radxa-rock5b-plus/openwrt/build_dir/target-aarch64_generic_musl/linux-rockchip_armv8/image-rk3568-bpi-r2-pro.dtb.tmp
/workspaces/openwrt-radxa-rock5b-plus/openwrt/build_dir/target-aarch64_generic_musl/linux-rockchip_armv8/linux-6.12.45/scripts/dtc/dtc -O dtb -i/workspaces/openwrt-radxa-rock5b-plus/openwrt/build_dir/target-aarch64_generic_musl/linux-rockchip_armv8/linux-6.12.45/arch/arm64/boot/dts/rockchip/ -Wno-interrupt_provider -Wno-unique_unit_address -Wno-unit_address_vs_reg -Wno-avoid_unnecessary_addr_size -Wno-alias_paths -Wno-graph_child_address -Wno-simple_bus_reg    -o /workspaces/openwrt-radxa-rock5b-plus/openwrt/build_dir/target-aarch64_generic_musl/linux-rockchip_armv8/image-rk3328-orangepi-r1-plus.dtb /workspaces/openwrt-radxa-rock5b-plus/openwrt/build_dir/target-aarch64_generic_musl/linux-rockchip_armv8/image-rk3328-orangepi-r1-plus.dtb.tmp
rm -f /workspaces/openwrt-radxa-rock5b-plus/openwrt/build_dir/target-aarch64_generic_musl/linux-rockchip_armv8/image-rk3328-orangepi-r1-plus.dtb.tmp
rm -f /workspaces/openwrt-radxa-rock5b-plus/openwrt/build_dir/target-aarch64_generic_musl/linux-rockchip_armv8/image-rk3568-bpi-r2-pro.dtb.tmp
aarch64-openwrt-linux-musl-cpp -nostdinc -x assembler-with-cpp  -I/workspaces/openwrt-radxa-rock5b-plus/openwrt/build_dir/target-aarch64_generic_musl/linux-rockchip_armv8/linux-6.12.45/arch/arm64/boot/dts -I/workspaces/openwrt-radxa-rock5b-plus/openwrt/build_dir/target-aarch64_generic_musl/linux-rockchip_armv8/linux-6.12.45/arch/arm64/boot/dts/include -I/workspaces/openwrt-radxa-rock5b-plus/openwrt/build_dir/target-aarch64_generic_musl/linux-rockchip_armv8/linux-6.12.45/include/ -I/workspaces/openwrt-radxa-rock5b-plus/openwrt/build_dir/target-aarch64_generic_musl/linux-rockchip_armv8/linux-6.12.45/scripts/dtc/include-prefixes -undef -D__DTS__  -o /workspaces/openwrt-radxa-rock5b-plus/openwrt/build_dir/target-aarch64_generic_musl/linux-rockchip_armv8/image-rk3328-orangepi-r1-plus-lts.dtb.tmp /workspaces/openwrt-radxa-rock5b-plus/openwrt/build_dir/target-aarch64_generic_musl/linux-rockchip_armv8/linux-6.12.45/arch/arm64/boot/dts/rockchip/rk3328-orangepi-r1-plus-lts.dts
/workspaces/openwrt-radxa-rock5b-plus/openwrt/build_dir/target-aarch64_generic_musl/linux-rockchip_armv8/linux-6.12.45/scripts/dtc/dtc -O dtb -i/workspaces/openwrt-radxa-rock5b-plus/openwrt/build_dir/target-aarch64_generic_musl/linux-rockchip_armv8/linux-6.12.45/arch/arm64/boot/dts/rockchip/ -Wno-interrupt_provider -Wno-unique_unit_address -Wno-unit_address_vs_reg -Wno-avoid_unnecessary_addr_size -Wno-alias_paths -Wno-graph_child_address -Wno-simple_bus_reg    -o /workspaces/openwrt-radxa-rock5b-plus/openwrt/build_dir/target-aarch64_generic_musl/linux-rockchip_armv8/image-rk3328-orangepi-r1-plus-lts.dtb /workspaces/openwrt-radxa-rock5b-plus/openwrt/build_dir/target-aarch64_generic_musl/linux-rockchip_armv8/image-rk3328-orangepi-r1-plus-lts.dtb.tmp
rm -f /workspaces/openwrt-radxa-rock5b-plus/openwrt/build_dir/target-aarch64_generic_musl/linux-rockchip_armv8/image-rk3328-orangepi-r1-plus-lts.dtb.tmp
mkdir -p /workspaces/openwrt-radxa-rock5b-plus/openwrt/bin/targets/rockchip/armv8 /workspaces/openwrt-radxa-rock5b-plus/openwrt/build_dir/target-aarch64_generic_musl/linux-rockchip_armv8/tmp
rm -rf /workspaces/openwrt-radxa-rock5b-plus/openwrt/build_dir/target-aarch64_generic_musl/json_info_files
/workspaces/openwrt-radxa-rock5b-plus/openwrt/staging_dir/host/bin/mksquashfs4 /workspaces/openwrt-radxa-rock5b-plus/openwrt/build_dir/target-aarch64_generic_musl/root-rockchip /workspaces/openwrt-radxa-rock5b-plus/openwrt/build_dir/target-aarch64_generic_musl/linux-rockchip_armv8/root.squashfs -nopad -noappend -root-owned -comp xz -Xpreset 9 -Xe -Xlc 0 -Xlp 2 -Xpb 2  -b 256k -p '/dev d 755 0 0' -p '/dev/console c 600 0 0 5 1' -no-xattrs -block-readers 4 -small-readers 4
/workspaces/openwrt-radxa-rock5b-plus/openwrt/staging_dir/host/bin/make_ext4fs -L rootfs -l 109051904 -b 4096 -m 0  -T 1757764443 /workspaces/openwrt-radxa-rock5b-plus/openwrt/build_dir/target-aarch64_generic_musl/linux-rockchip_armv8/root.ext4 /workspaces/openwrt-radxa-rock5b-plus/openwrt/build_dir/target-aarch64_generic_musl/root-rockchip/
Pseudo file "dev" exists in source filesystem "/workspaces/openwrt-radxa-rock5b-plus/openwrt/build_dir/target-aarch64_generic_musl/root-rockchip/dev".
Ignoring, exclude it (-e/-ef) to override.
Parallel mksquashfs: Using 2 processors
Creating 4.0 filesystem on /workspaces/openwrt-radxa-rock5b-plus/openwrt/build_dir/target-aarch64_generic_musl/linux-rockchip_armv8/root.squashfs, block size 262144.
[|                                                             ]    0/1844   0%[===============-                                              ]  500/1941  25%Creating filesystem with parameters:
    Size: 109051904
    Block size: 4096
    Blocks per group: 32768
    Inodes per group: 6656
    Inode size: 256
    Journal blocks: 1024
    Label: rootfs
    Blocks: 26624
    Block groups: 1
    Reserved blocks: 0
    Reserved block group size: 7
Created filesystem with 2519/6656 inodes and 11842/26624 blocks
rm -f /workspaces/openwrt-radxa-rock5b-plus/openwrt/build_dir/target-aarch64_generic_musl/linux-rockchip_armv8/radxa_rock-5b-plus-kernel.bin
cp /workspaces/openwrt-radxa-rock5b-plus/openwrt/build_dir/target-aarch64_generic_musl/linux-rockchip_armv8/vmlinux /workspaces/openwrt-radxa-rock5b-plus/openwrt/build_dir/target-aarch64_generic_musl/linux-rockchip_armv8/radxa_rock-5b-plus-kernel.bin
/workspaces/openwrt-radxa-rock5b-plus/openwrt/staging_dir/host/bin/lzma e /workspaces/openwrt-radxa-rock5b-plus/openwrt/build_dir/target-aarch64_generic_musl/linux-rockchip_armv8/radxa_rock-5b-plus-kernel.bin -lc1 -lp2 -pb2  /workspaces/openwrt-radxa-rock5b-plus/openwrt/build_dir/target-aarch64_generic_musl/linux-rockchip_armv8/radxa_rock-5b-plus-kernel.bin.new
[===========================================|                  ] 1400/1941  72%[=============================================================-] 1941/1941 100%

Exportable Squashfs 4.0 filesystem, xz compressed, data block size 262144
	compressed data, compressed metadata, compressed fragments,
	no xattrs, compressed ids
	duplicates are removed
Filesystem size 9073.96 Kbytes (8.86 Mbytes)
	25.63% of uncompressed filesystem size (35408.84 Kbytes)
Inode table size 18078 bytes (17.65 Kbytes)
	20.18% of uncompressed inode table size (89604 bytes)
Directory table size 22882 bytes (22.35 Kbytes)
	41.35% of uncompressed directory table size (55342 bytes)
Number of duplicate files found 230
Number of inodes 2510
Number of files 1791
Number of fragments 77
Number of symbolic links 566
Number of device nodes 1
Number of fifo nodes 0
Number of socket nodes 0
Number of directories 152
Number of hard-links 0
Number of ids (unique uids + gids) 1
Number of uids 1
	root (0)
Number of gids 1
	root (0)
SHELL= flock /workspaces/openwrt-radxa-rock5b-plus/openwrt/tmp/.gen-cpio.flock -c '/workspaces/openwrt-radxa-rock5b-plus/openwrt/scripts/mkits.sh -D radxa_rock-5b-plus -o /workspaces/openwrt-radxa-rock5b-plus/openwrt/build_dir/target-aarch64_generic_musl/linux-rockchip_armv8/radxa_rock-5b-plus-kernel.bin.its -k /workspaces/openwrt-radxa-rock5b-plus/openwrt/build_dir/target-aarch64_generic_musl/linux-rockchip_armv8/radxa_rock-5b-plus-kernel.bin -C lzma   -d /workspaces/openwrt-radxa-rock5b-plus/openwrt/build_dir/target-aarch64_generic_musl/linux-rockchip_armv8/linux-6.12.45/arch/arm64/boot/dts/rockchip/rk3588-rock-5b-plus.dtb   -a 0x03200000 -e 0x03200000     -c "config-1" -A arm64 -v 6.12.45'
SHELL= flock /workspaces/openwrt-radxa-rock5b-plus/openwrt/tmp/.global.flock -c 'PATH=/workspaces/openwrt-radxa-rock5b-plus/openwrt/build_dir/target-aarch64_generic_musl/linux-rockchip_armv8/linux-6.12.45/scripts/dtc:/workspaces/openwrt-radxa-rock5b-plus/openwrt/staging_dir/toolchain-aarch64_generic_gcc-14.3.0_musl/bin:/workspaces/openwrt-radxa-rock5b-plus/openwrt/staging_dir/toolchain-aarch64_generic_gcc-14.3.0_musl/bin:/workspaces/openwrt-radxa-rock5b-plus/openwrt/staging_dir/toolchain-aarch64_generic_gcc-14.3.0_musl/bin:/workspaces/openwrt-radxa-rock5b-plus/openwrt/staging_dir/toolchain-aarch64_generic_gcc-14.3.0_musl/bin:/workspaces/openwrt-radxa-rock5b-plus/openwrt/staging_dir/host/bin:/workspaces/openwrt-radxa-rock5b-plus/openwrt/staging_dir/toolchain-aarch64_generic_gcc-14.3.0_musl/bin:/workspaces/openwrt-radxa-rock5b-plus/openwrt/staging_dir/host/bin:/workspaces/openwrt-radxa-rock5b-plus/openwrt/staging_dir/host/bin:/home/codespace/.local/bin:/usr/local/rvm/gems/ruby-3.4.1/bin:/usr/local/rvm/gems/ruby-3.4.1@global/bin:/usr/local/rvm/rubies/ruby-3.4.1/bin:/home/codespace/.dotnet:/home/codespace/nvm/current/bin:/home/codespace/.php/current/bin:/home/codespace/.python/current/bin:/home/codespace/java/current/bin:/home/codespace/.ruby/current/bin:/home/codespace/.local/bin:/usr/local/python/current/bin:/usr/local/py-utils/bin:/usr/local/jupyter:/usr/local/oryx:/usr/local/go/bin:/go/bin:/usr/local/sdkman/bin:/usr/local/sdkman/candidates/java/current/bin:/usr/local/sdkman/candidates/gradle/current/bin:/usr/local/sdkman/candidates/maven/current/bin:/usr/local/sdkman/candidates/ant/current/bin:/usr/local/rvm/gems/default/bin:/usr/local/rvm/gems/default@global/bin:/usr/local/rvm/rubies/default/bin:/usr/local/share/rbenv/bin:/usr/local/php/current/bin:/opt/conda/bin:/usr/local/nvs:/usr/local/share/nvm/current/bin:/usr/local/hugo/bin:/usr/local/sbin:/usr/local/bin:/usr/sbin:/usr/bin:/sbin:/bin:/usr/share/dotnet:/home/codespace/.dotnet/tools:/usr/local/rvm/bin mkimage  -f /workspaces/openwrt-radxa-rock5b-plus/openwrt/build_dir/target-aarch64_generic_musl/linux-rockchip_armv8/radxa_rock-5b-plus-kernel.bin.its /workspaces/openwrt-radxa-rock5b-plus/openwrt/build_dir/target-aarch64_generic_musl/linux-rockchip_armv8/radxa_rock-5b-plus-kernel.bin.new'
FIT description: ARM64 OpenWrt FIT (Flattened Image Tree)
Created:         Sat Sep 13 11:54:03 2025
 Image 0 (kernel-1)
  Description:  ARM64 OpenWrt Linux-6.12.45
  Created:      Sat Sep 13 11:54:03 2025
  Type:         Kernel Image
  Compression:  lzma compressed
  Data Size:    4850376 Bytes = 4736.70 KiB = 4.63 MiB
  Architecture: AArch64
  OS:           Linux
  Load Address: 0x03200000
  Entry Point:  0x03200000
  Hash algo:    crc32
  Hash value:   d3156ee6
  Hash algo:    sha1
  Hash value:   2f3d1ae90db7ccb45e0dde0df7c6d79182a4dec8
 Image 1 (fdt-1)
  Description:  ARM64 OpenWrt radxa_rock-5b-plus device tree blob
  Created:      Sat Sep 13 11:54:03 2025
  Type:         Flat Device Tree
  Compression:  uncompressed
  Data Size:    91777 Bytes = 89.63 KiB = 0.09 MiB
  Architecture: AArch64
  Hash algo:    crc32
  Hash value:   cd8b3dab
  Hash algo:    sha1
  Hash value:   da711c02696d20b124baa09cfe452269eb61f974
 Default Configuration: 'config-1'
 Configuration 0 (config-1)
  Description:  OpenWrt radxa_rock-5b-plus
  Kernel:       kernel-1
  FDT:          fdt-1
[ -f /workspaces/openwrt-radxa-rock5b-plus/openwrt/build_dir/target-aarch64_generic_musl/linux-rockchip_armv8/radxa_rock-5b-plus-kernel.bin -a -f /workspaces/openwrt-radxa-rock5b-plus/openwrt/build_dir/target-aarch64_generic_musl/linux-rockchip_armv8/root.squashfs ]
# This creates a new folder copies the dtb (as rockchip.dtb) 
[ -f /workspaces/openwrt-radxa-rock5b-plus/openwrt/build_dir/target-aarch64_generic_musl/linux-rockchip_armv8/radxa_rock-5b-plus-kernel.bin -a -f /workspaces/openwrt-radxa-rock5b-plus/openwrt/build_dir/target-aarch64_generic_musl/linux-rockchip_armv8/root.ext4 ]
# and the kernel image (as kernel.img)
# This creates a new folder copies the dtb (as rockchip.dtb) 
rm -fR /workspaces/openwrt-radxa-rock5b-plus/openwrt/build_dir/target-aarch64_generic_musl/linux-rockchip_armv8/tmp/openwrt-rockchip-armv8-radxa_rock-5b-plus-squashfs-sysupgrade.img.gz.boot
# and the kernel image (as kernel.img)
rm -fR /workspaces/openwrt-radxa-rock5b-plus/openwrt/build_dir/target-aarch64_generic_musl/linux-rockchip_armv8/tmp/openwrt-rockchip-armv8-radxa_rock-5b-plus-ext4-sysupgrade.img.gz.boot
mkdir -p /workspaces/openwrt-radxa-rock5b-plus/openwrt/build_dir/target-aarch64_generic_musl/linux-rockchip_armv8/tmp/openwrt-rockchip-armv8-radxa_rock-5b-plus-squashfs-sysupgrade.img.gz.boot
mkdir -p /workspaces/openwrt-radxa-rock5b-plus/openwrt/build_dir/target-aarch64_generic_musl/linux-rockchip_armv8/tmp/openwrt-rockchip-armv8-radxa_rock-5b-plus-ext4-sysupgrade.img.gz.boot
cp -fpR /workspaces/openwrt-radxa-rock5b-plus/openwrt/build_dir/target-aarch64_generic_musl/linux-rockchip_armv8/radxa_rock-5b-plus-kernel.bin /workspaces/openwrt-radxa-rock5b-plus/openwrt/build_dir/target-aarch64_generic_musl/linux-rockchip_armv8/tmp/openwrt-rockchip-armv8-radxa_rock-5b-plus-squashfs-sysupgrade.img.gz.boot/kernel.img
cp -fpR /workspaces/openwrt-radxa-rock5b-plus/openwrt/build_dir/target-aarch64_generic_musl/linux-rockchip_armv8/radxa_rock-5b-plus-kernel.bin /workspaces/openwrt-radxa-rock5b-plus/openwrt/build_dir/target-aarch64_generic_musl/linux-rockchip_armv8/tmp/openwrt-rockchip-armv8-radxa_rock-5b-plus-ext4-sysupgrade.img.gz.boot/kernel.img
# Make an U-boot image and copy it to the boot partition
mkimage -A arm -O linux -T script -C none -a 0 -e 0 -d default.bootscript /workspaces/openwrt-radxa-rock5b-plus/openwrt/build_dir/target-aarch64_generic_musl/linux-rockchip_armv8/tmp/openwrt-rockchip-armv8-radxa_rock-5b-plus-squashfs-sysupgrade.img.gz.boot/boot.scr
# Make an U-boot image and copy it to the boot partition
mkimage -A arm -O linux -T script -C none -a 0 -e 0 -d default.bootscript /workspaces/openwrt-radxa-rock5b-plus/openwrt/build_dir/target-aarch64_generic_musl/linux-rockchip_armv8/tmp/openwrt-rockchip-armv8-radxa_rock-5b-plus-ext4-sysupgrade.img.gz.boot/boot.scr
Image Name:   
Created:      Sat Sep 13 11:54:03 2025
Image Type:   ARM Linux Script (uncompressed)
Data Size:    533 Bytes = 0.52 KiB = 0.00 MiB
Load Address: 00000000
Entry Point:  00000000
Contents:
   Image 0: 525 Bytes = 0.51 KiB = 0.00 MiB
# Creates the final SD/eMMC images, 
Image Name:   
Created:      Sat Sep 13 11:54:03 2025
Image Type:   ARM Linux Script (uncompressed)
Data Size:    533 Bytes = 0.52 KiB = 0.00 MiB
Load Address: 00000000
Entry Point:  00000000
Contents:
   Image 0: 525 Bytes = 0.51 KiB = 0.00 MiB
# Creates the final SD/eMMC images, 
# combining boot partition, root partition as well as the u-boot bootloader
# combining boot partition, root partition as well as the u-boot bootloader
# Generate a new partition table in /workspaces/openwrt-radxa-rock5b-plus/openwrt/build_dir/target-aarch64_generic_musl/linux-rockchip_armv8/tmp/openwrt-rockchip-armv8-radxa_rock-5b-plus-squashfs-sysupgrade.img.gz with 32 MiB of 
# Generate a new partition table in /workspaces/openwrt-radxa-rock5b-plus/openwrt/build_dir/target-aarch64_generic_musl/linux-rockchip_armv8/tmp/openwrt-rockchip-armv8-radxa_rock-5b-plus-ext4-sysupgrade.img.gz with 32 MiB of 
# alignment padding for the u-boot-rockchip.bin (idbloader + u-boot) to fit:
# alignment padding for the u-boot-rockchip.bin (idbloader + u-boot) to fit:
# http://opensource.rock-chips.com/wiki_Boot_option#Boot_flow
# http://opensource.rock-chips.com/wiki_Boot_option#Boot_flow
#
# U-Boot SPL expects the U-Boot ITB to be located at sector 0x4000 (8 MiB) on the MMC storage
#
# U-Boot SPL expects the U-Boot ITB to be located at sector 0x4000 (8 MiB) on the MMC storage
PADDING=1 /workspaces/openwrt-radxa-rock5b-plus/openwrt/scripts/gen_image_generic.sh /workspaces/openwrt-radxa-rock5b-plus/openwrt/build_dir/target-aarch64_generic_musl/linux-rockchip_armv8/tmp/openwrt-rockchip-armv8-radxa_rock-5b-plus-squashfs-sysupgrade.img.gz 16 /workspaces/openwrt-radxa-rock5b-plus/openwrt/build_dir/target-aarch64_generic_musl/linux-rockchip_armv8/tmp/openwrt-rockchip-armv8-radxa_rock-5b-plus-squashfs-sysupgrade.img.gz.boot 104 /workspaces/openwrt-radxa-rock5b-plus/openwrt/build_dir/target-aarch64_generic_musl/linux-rockchip_armv8/root.squashfs 32768
PADDING=1 /workspaces/openwrt-radxa-rock5b-plus/openwrt/scripts/gen_image_generic.sh /workspaces/openwrt-radxa-rock5b-plus/openwrt/build_dir/target-aarch64_generic_musl/linux-rockchip_armv8/tmp/openwrt-rockchip-armv8-radxa_rock-5b-plus-ext4-sysupgrade.img.gz 16 /workspaces/openwrt-radxa-rock5b-plus/openwrt/build_dir/target-aarch64_generic_musl/linux-rockchip_armv8/tmp/openwrt-rockchip-armv8-radxa_rock-5b-plus-ext4-sysupgrade.img.gz.boot 104 /workspaces/openwrt-radxa-rock5b-plus/openwrt/build_dir/target-aarch64_generic_musl/linux-rockchip_armv8/root.ext4 32768
+ [ 6 -ne 5 ]
+ [ 6 -ne 6 ]
+ OUTPUT=/workspaces/openwrt-radxa-rock5b-plus/openwrt/build_dir/target-aarch64_generic_musl/linux-rockchip_armv8/tmp/openwrt-rockchip-armv8-radxa_rock-5b-plus-squashfs-sysupgrade.img.gz
+ KERNELSIZE=16
+ KERNELDIR=/workspaces/openwrt-radxa-rock5b-plus/openwrt/build_dir/target-aarch64_generic_musl/linux-rockchip_armv8/tmp/openwrt-rockchip-armv8-radxa_rock-5b-plus-squashfs-sysupgrade.img.gz.boot
+ KERNELPARTTYPE=83
+ ROOTFSSIZE=104
+ ROOTFSIMAGE=/workspaces/openwrt-radxa-rock5b-plus/openwrt/build_dir/target-aarch64_generic_musl/linux-rockchip_armv8/root.squashfs
+ ROOTFSPARTTYPE=83
+ ALIGN=32768
+ rm -f /workspaces/openwrt-radxa-rock5b-plus/openwrt/build_dir/target-aarch64_generic_musl/linux-rockchip_armv8/tmp/openwrt-rockchip-armv8-radxa_rock-5b-plus-squashfs-sysupgrade.img.gz
+ [ 6 -ne 5 ]
+ [ 6 -ne 6 ]
+ OUTPUT=/workspaces/openwrt-radxa-rock5b-plus/openwrt/build_dir/target-aarch64_generic_musl/linux-rockchip_armv8/tmp/openwrt-rockchip-armv8-radxa_rock-5b-plus-ext4-sysupgrade.img.gz
+ KERNELSIZE=16
+ KERNELDIR=/workspaces/openwrt-radxa-rock5b-plus/openwrt/build_dir/target-aarch64_generic_musl/linux-rockchip_armv8/tmp/openwrt-rockchip-armv8-radxa_rock-5b-plus-ext4-sysupgrade.img.gz.boot
+ KERNELPARTTYPE=83
+ ROOTFSSIZE=104
+ ROOTFSIMAGE=/workspaces/openwrt-radxa-rock5b-plus/openwrt/build_dir/target-aarch64_generic_musl/linux-rockchip_armv8/root.ext4
+ ROOTFSPARTTYPE=83
+ ALIGN=32768
+ rm -f /workspaces/openwrt-radxa-rock5b-plus/openwrt/build_dir/target-aarch64_generic_musl/linux-rockchip_armv8/tmp/openwrt-rockchip-armv8-radxa_rock-5b-plus-ext4-sysupgrade.img.gz
+ head=16
+ sect=63
+ head=16
+ sect=63
+ ptgen -o /workspaces/openwrt-radxa-rock5b-plus/openwrt/build_dir/target-aarch64_generic_musl/linux-rockchip_armv8/tmp/openwrt-rockchip-armv8-radxa_rock-5b-plus-squashfs-sysupgrade.img.gz -h 16+ ptgen -s 63 -t -o 83 /workspaces/openwrt-radxa-rock5b-plus/openwrt/build_dir/target-aarch64_generic_musl/linux-rockchip_armv8/tmp/openwrt-rockchip-armv8-radxa_rock-5b-plus-ext4-sysupgrade.img.gz -p -h 16m -t 16 -s 83 -p 63 -t 104m -l 83 -p 32768 16m
 -t 83 -p 104m -l 32768
part 0 16384
part 0 106496
+ set 33554432 16777216 67108864 109051904
part 0 16384
part 0 106496
+ set 33554432 16777216 67108864 109051904
+ KERNELOFFSET=65536
+ KERNELSIZE=16777216
+ ROOTFSOFFSET=131072
+ ROOTFSSIZE=212992
+ [ -n 1 ]
+ dd if=/dev/zero of=/workspaces/openwrt-radxa-rock5b-plus/openwrt/build_dir/target-aarch64_generic_musl/linux-rockchip_armv8/tmp/openwrt-rockchip-armv8-radxa_rock-5b-plus-ext4-sysupgrade.img.gz bs=512 seek=131072 conv=notrunc count=212992
+ KERNELOFFSET=65536
+ KERNELSIZE=16777216
+ ROOTFSOFFSET=131072
+ ROOTFSSIZE=212992
+ [ -n 1 ]
+ dd if=/dev/zero of=/workspaces/openwrt-radxa-rock5b-plus/openwrt/build_dir/target-aarch64_generic_musl/linux-rockchip_armv8/tmp/openwrt-rockchip-armv8-radxa_rock-5b-plus-squashfs-sysupgrade.img.gz bs=512 seek=131072 conv=notrunc count=212992
212992+0 records in
212992+0 records out
109051904 bytes (109 MB, 104 MiB) copied, 2.16879 s, 50.3 MB/s
+ dd if=/workspaces/openwrt-radxa-rock5b-plus/openwrt/build_dir/target-aarch64_generic_musl/linux-rockchip_armv8/root.squashfs of=/workspaces/openwrt-radxa-rock5b-plus/openwrt/build_dir/target-aarch64_generic_musl/linux-rockchip_armv8/tmp/openwrt-rockchip-armv8-radxa_rock-5b-plus-squashfs-sysupgrade.img.gz bs=512 seek=131072 conv=notrunc
212992+0 records in
212992+0 records out
109051904 bytes (109 MB, 104 MiB) copied, 2.31377 s, 47.1 MB/s
+ dd if=/workspaces/openwrt-radxa-rock5b-plus/openwrt/build_dir/target-aarch64_generic_musl/linux-rockchip_armv8/root.ext4 of=/workspaces/openwrt-radxa-rock5b-plus/openwrt/build_dir/target-aarch64_generic_musl/linux-rockchip_armv8/tmp/openwrt-rockchip-armv8-radxa_rock-5b-plus-ext4-sysupgrade.img.gz bs=512 seek=131072 conv=notrunc
18147+1 records in
18147+1 records out
9291734 bytes (9.3 MB, 8.9 MiB) copied, 0.199206 s, 46.6 MB/s
+ [ -n  ]
+ make_ext4fs -J -L kernel -l 16777216 -T 1757764443 /workspaces/openwrt-radxa-rock5b-plus/openwrt/build_dir/target-aarch64_generic_musl/linux-rockchip_armv8/tmp/openwrt-rockchip-armv8-radxa_rock-5b-plus-squashfs-sysupgrade.img.gz.kernel /workspaces/openwrt-radxa-rock5b-plus/openwrt/build_dir/target-aarch64_generic_musl/linux-rockchip_armv8/tmp/openwrt-rockchip-armv8-radxa_rock-5b-plus-squashfs-sysupgrade.img.gz.boot
Creating filesystem with parameters:
    Size: 16777216
    Block size: 4096
    Blocks per group: 32768
    Inodes per group: 1024
    Inode size: 256
    Journal blocks: 0
    Label: kernel
    Blocks: 4096
    Block groups: 1
    Reserved blocks: 0
    Reserved block group size: 7
Created filesystem with 13/1024 inodes and 1287/4096 blocks
+ dd if=/workspaces/openwrt-radxa-rock5b-plus/openwrt/build_dir/target-aarch64_generic_musl/linux-rockchip_armv8/tmp/openwrt-rockchip-armv8-radxa_rock-5b-plus-squashfs-sysupgrade.img.gz.kernel of=/workspaces/openwrt-radxa-rock5b-plus/openwrt/build_dir/target-aarch64_generic_musl/linux-rockchip_armv8/tmp/openwrt-rockchip-armv8-radxa_rock-5b-plus-squashfs-sysupgrade.img.gz bs=512 seek=65536 conv=notrunc
32768+0 records in
32768+0 records out
16777216 bytes (17 MB, 16 MiB) copied, 0.441862 s, 38.0 MB/s
+ rm -f /workspaces/openwrt-radxa-rock5b-plus/openwrt/build_dir/target-aarch64_generic_musl/linux-rockchip_armv8/tmp/openwrt-rockchip-armv8-radxa_rock-5b-plus-squashfs-sysupgrade.img.gz.kernel
# Copy the u-boot-rockchip.bin to the image at sector 0x40
dd if="/workspaces/openwrt-radxa-rock5b-plus/openwrt/staging_dir/target-aarch64_generic_musl/image"/generic-rk3588-u-boot-rockchip.bin of="/workspaces/openwrt-radxa-rock5b-plus/openwrt/build_dir/target-aarch64_generic_musl/linux-rockchip_armv8/tmp/openwrt-rockchip-armv8-radxa_rock-5b-plus-squashfs-sysupgrade.img.gz" seek=64 conv=notrunc
18150+0 records in
18150+0 records out
9292800 bytes (9.3 MB, 8.9 MiB) copied, 0.939559 s, 9.9 MB/s
/workspaces/openwrt-radxa-rock5b-plus/openwrt/staging_dir/host/bin/gzip -f -9n -c /workspaces/openwrt-radxa-rock5b-plus/openwrt/build_dir/target-aarch64_generic_musl/linux-rockchip_armv8/tmp/openwrt-rockchip-armv8-radxa_rock-5b-plus-squashfs-sysupgrade.img.gz  > /workspaces/openwrt-radxa-rock5b-plus/openwrt/build_dir/target-aarch64_generic_musl/linux-rockchip_armv8/tmp/openwrt-rockchip-armv8-radxa_rock-5b-plus-squashfs-sysupgrade.img.gz.new
212992+0 records in
212992+0 records out
109051904 bytes (109 MB, 104 MiB) copied, 2.18946 s, 49.8 MB/s
+ [ -n  ]
+ make_ext4fs -J -L kernel -l 16777216 -T 1757764443 /workspaces/openwrt-radxa-rock5b-plus/openwrt/build_dir/target-aarch64_generic_musl/linux-rockchip_armv8/tmp/openwrt-rockchip-armv8-radxa_rock-5b-plus-ext4-sysupgrade.img.gz.kernel /workspaces/openwrt-radxa-rock5b-plus/openwrt/build_dir/target-aarch64_generic_musl/linux-rockchip_armv8/tmp/openwrt-rockchip-armv8-radxa_rock-5b-plus-ext4-sysupgrade.img.gz.boot
Creating filesystem with parameters:
    Size: 16777216
    Block size: 4096
    Blocks per group: 32768
    Inodes per group: 1024
    Inode size: 256
    Journal blocks: 0
    Label: kernel
    Blocks: 4096
    Block groups: 1
    Reserved blocks: 0
    Reserved block group size: 7
Created filesystem with 13/1024 inodes and 1287/4096 blocks
+ dd if=/workspaces/openwrt-radxa-rock5b-plus/openwrt/build_dir/target-aarch64_generic_musl/linux-rockchip_armv8/tmp/openwrt-rockchip-armv8-radxa_rock-5b-plus-ext4-sysupgrade.img.gz.kernel of=/workspaces/openwrt-radxa-rock5b-plus/openwrt/build_dir/target-aarch64_generic_musl/linux-rockchip_armv8/tmp/openwrt-rockchip-armv8-radxa_rock-5b-plus-ext4-sysupgrade.img.gz bs=512 seek=65536 conv=notrunc
32768+0 records in
32768+0 records out
16777216 bytes (17 MB, 16 MiB) copied, 0.415993 s, 40.3 MB/s
+ rm -f /workspaces/openwrt-radxa-rock5b-plus/openwrt/build_dir/target-aarch64_generic_musl/linux-rockchip_armv8/tmp/openwrt-rockchip-armv8-radxa_rock-5b-plus-ext4-sysupgrade.img.gz.kernel
# Copy the u-boot-rockchip.bin to the image at sector 0x40
dd if="/workspaces/openwrt-radxa-rock5b-plus/openwrt/staging_dir/target-aarch64_generic_musl/image"/generic-rk3588-u-boot-rockchip.bin of="/workspaces/openwrt-radxa-rock5b-plus/openwrt/build_dir/target-aarch64_generic_musl/linux-rockchip_armv8/tmp/openwrt-rockchip-armv8-radxa_rock-5b-plus-ext4-sysupgrade.img.gz" seek=64 conv=notrunc
18150+0 records in
18150+0 records out
9292800 bytes (9.3 MB, 8.9 MiB) copied, 0.222464 s, 41.8 MB/s
/workspaces/openwrt-radxa-rock5b-plus/openwrt/staging_dir/host/bin/gzip -f -9n -c /workspaces/openwrt-radxa-rock5b-plus/openwrt/build_dir/target-aarch64_generic_musl/linux-rockchip_armv8/tmp/openwrt-rockchip-armv8-radxa_rock-5b-plus-ext4-sysupgrade.img.gz  > /workspaces/openwrt-radxa-rock5b-plus/openwrt/build_dir/target-aarch64_generic_musl/linux-rockchip_armv8/tmp/openwrt-rockchip-armv8-radxa_rock-5b-plus-ext4-sysupgrade.img.gz.new
echo '{  "metadata_version": "1.1", "compat_version": "1.0",   "supported_devices":["radxa,rock-5b-plus"], "version": { "dist": "OpenWrt", "version": "SNAPSHOT", "revision": "r31055-9cfbd691e9", "target": "rockchip/armv8", "board": "radxa_rock-5b-plus" } }' | fwtool -I - /workspaces/openwrt-radxa-rock5b-plus/openwrt/build_dir/target-aarch64_generic_musl/linux-rockchip_armv8/tmp/openwrt-rockchip-armv8-radxa_rock-5b-plus-squashfs-sysupgrade.img.gz
sha256sum "/workspaces/openwrt-radxa-rock5b-plus/openwrt/build_dir/target-aarch64_generic_musl/linux-rockchip_armv8/tmp/openwrt-rockchip-armv8-radxa_rock-5b-plus-squashfs-sysupgrade.img.gz" | cut -d" " -f1 > "/workspaces/openwrt-radxa-rock5b-plus/openwrt/build_dir/target-aarch64_generic_musl/linux-rockchip_armv8/tmp/openwrt-rockchip-armv8-radxa_rock-5b-plus-squashfs-sysupgrade.img.gz.sha256sum"
[ ! -s "/workspaces/openwrt-radxa-rock5b-plus/openwrt/key-build" -o ! -s "/workspaces/openwrt-radxa-rock5b-plus/openwrt/key-build.ucert" -o ! -s "/workspaces/openwrt-radxa-rock5b-plus/openwrt/build_dir/target-aarch64_generic_musl/linux-rockchip_armv8/tmp/openwrt-rockchip-armv8-radxa_rock-5b-plus-squashfs-sysupgrade.img.gz" ] || { cp "/workspaces/openwrt-radxa-rock5b-plus/openwrt/key-build.ucert" "/workspaces/openwrt-radxa-rock5b-plus/openwrt/build_dir/target-aarch64_generic_musl/linux-rockchip_armv8/tmp/openwrt-rockchip-armv8-radxa_rock-5b-plus-squashfs-sysupgrade.img.gz.ucert" ; usign -S -m "/workspaces/openwrt-radxa-rock5b-plus/openwrt/build_dir/target-aarch64_generic_musl/linux-rockchip_armv8/tmp/openwrt-rockchip-armv8-radxa_rock-5b-plus-squashfs-sysupgrade.img.gz" -s "/workspaces/openwrt-radxa-rock5b-plus/openwrt/key-build" -x "/workspaces/openwrt-radxa-rock5b-plus/openwrt/build_dir/target-aarch64_generic_musl/linux-rockchip_armv8/tmp/openwrt-rockchip-armv8-radxa_rock-5b-plus-squashfs-sysupgrade.img.gz.sig" ; ucert -A -c "/workspaces/openwrt-radxa-rock5b-plus/openwrt/build_dir/target-aarch64_generic_musl/linux-rockchip_armv8/tmp/openwrt-rockchip-armv8-radxa_rock-5b-plus-squashfs-sysupgrade.img.gz.ucert" -x "/workspaces/openwrt-radxa-rock5b-plus/openwrt/build_dir/target-aarch64_generic_musl/linux-rockchip_armv8/tmp/openwrt-rockchip-armv8-radxa_rock-5b-plus-squashfs-sysupgrade.img.gz.sig" ; fwtool -S "/workspaces/openwrt-radxa-rock5b-plus/openwrt/build_dir/target-aarch64_generic_musl/linux-rockchip_armv8/tmp/openwrt-rockchip-armv8-radxa_rock-5b-plus-squashfs-sysupgrade.img.gz.ucert" "/workspaces/openwrt-radxa-rock5b-plus/openwrt/build_dir/target-aarch64_generic_musl/linux-rockchip_armv8/tmp/openwrt-rockchip-armv8-radxa_rock-5b-plus-squashfs-sysupgrade.img.gz" ; }
cp /workspaces/openwrt-radxa-rock5b-plus/openwrt/build_dir/target-aarch64_generic_musl/linux-rockchip_armv8/tmp/openwrt-rockchip-armv8-radxa_rock-5b-plus-squashfs-sysupgrade.img.gz /workspaces/openwrt-radxa-rock5b-plus/openwrt/bin/targets/rockchip/armv8/openwrt-rockchip-armv8-radxa_rock-5b-plus-squashfs-sysupgrade.img.gz
DEVICE_ID="radxa_rock-5b-plus" SOURCE_DATE_EPOCH=1757764443 FILE_NAME="openwrt-rockchip-armv8-radxa_rock-5b-plus-squashfs-sysupgrade.img.gz" FILE_DIR="/workspaces/openwrt-radxa-rock5b-plus/openwrt/build_dir/target-aarch64_generic_musl/linux-rockchip_armv8/tmp" FILE_TYPE=sysupgrade FILE_FILESYSTEM="squashfs" DEVICE_IMG_PREFIX="openwrt-rockchip-armv8-radxa_rock-5b-plus" DEVICE_VENDOR="Radxa" DEVICE_MODEL="ROCK 5B+" DEVICE_VARIANT="" DEVICE_ALT0_VENDOR="" DEVICE_ALT0_MODEL="" DEVICE_ALT0_VARIANT="" DEVICE_ALT1_VENDOR="" DEVICE_ALT1_MODEL="" DEVICE_ALT1_VARIANT="" DEVICE_ALT2_VENDOR="" DEVICE_ALT2_MODEL="" DEVICE_ALT2_VARIANT="" DEVICE_ALT3_VENDOR="" DEVICE_ALT3_MODEL="" DEVICE_ALT3_VARIANT="" DEVICE_ALT4_VENDOR="" DEVICE_ALT4_MODEL="" DEVICE_ALT4_VARIANT="" DEVICE_ALT5_VENDOR="" DEVICE_ALT5_MODEL="" DEVICE_ALT5_VARIANT="" DEVICE_TITLE="Radxa ROCK 5B+" DEVICE_PACKAGES="blkdiscard block-mount kmod-hwmon-pwmfan kmod-nvme kmod-r8169 kmod-rtw89-8852be wpad-basic-mbedtls iwinfo" TARGET="rockchip" SUBTARGET="armv8" VERSION_NUMBER="SNAPSHOT" VERSION_CODE="r31055-9cfbd691e9" SUPPORTED_DEVICES="radxa,rock-5b-plus" KERNEL_SIZE="" IMAGE_SIZE="" /workspaces/openwrt-radxa-rock5b-plus/openwrt/scripts/json_add_image_info.py /workspaces/openwrt-radxa-rock5b-plus/openwrt/build_dir/target-aarch64_generic_musl/json_info_files/openwrt-rockchip-armv8-radxa_rock-5b-plus-squashfs-sysupgrade.img.gz.json
echo '{  "metadata_version": "1.1", "compat_version": "1.0",   "supported_devices":["radxa,rock-5b-plus"], "version": { "dist": "OpenWrt", "version": "SNAPSHOT", "revision": "r31055-9cfbd691e9", "target": "rockchip/armv8", "board": "radxa_rock-5b-plus" } }' | fwtool -I - /workspaces/openwrt-radxa-rock5b-plus/openwrt/build_dir/target-aarch64_generic_musl/linux-rockchip_armv8/tmp/openwrt-rockchip-armv8-radxa_rock-5b-plus-ext4-sysupgrade.img.gz
sha256sum "/workspaces/openwrt-radxa-rock5b-plus/openwrt/build_dir/target-aarch64_generic_musl/linux-rockchip_armv8/tmp/openwrt-rockchip-armv8-radxa_rock-5b-plus-ext4-sysupgrade.img.gz" | cut -d" " -f1 > "/workspaces/openwrt-radxa-rock5b-plus/openwrt/build_dir/target-aarch64_generic_musl/linux-rockchip_armv8/tmp/openwrt-rockchip-armv8-radxa_rock-5b-plus-ext4-sysupgrade.img.gz.sha256sum"
[ ! -s "/workspaces/openwrt-radxa-rock5b-plus/openwrt/key-build" -o ! -s "/workspaces/openwrt-radxa-rock5b-plus/openwrt/key-build.ucert" -o ! -s "/workspaces/openwrt-radxa-rock5b-plus/openwrt/build_dir/target-aarch64_generic_musl/linux-rockchip_armv8/tmp/openwrt-rockchip-armv8-radxa_rock-5b-plus-ext4-sysupgrade.img.gz" ] || { cp "/workspaces/openwrt-radxa-rock5b-plus/openwrt/key-build.ucert" "/workspaces/openwrt-radxa-rock5b-plus/openwrt/build_dir/target-aarch64_generic_musl/linux-rockchip_armv8/tmp/openwrt-rockchip-armv8-radxa_rock-5b-plus-ext4-sysupgrade.img.gz.ucert" ; usign -S -m "/workspaces/openwrt-radxa-rock5b-plus/openwrt/build_dir/target-aarch64_generic_musl/linux-rockchip_armv8/tmp/openwrt-rockchip-armv8-radxa_rock-5b-plus-ext4-sysupgrade.img.gz" -s "/workspaces/openwrt-radxa-rock5b-plus/openwrt/key-build" -x "/workspaces/openwrt-radxa-rock5b-plus/openwrt/build_dir/target-aarch64_generic_musl/linux-rockchip_armv8/tmp/openwrt-rockchip-armv8-radxa_rock-5b-plus-ext4-sysupgrade.img.gz.sig" ; ucert -A -c "/workspaces/openwrt-radxa-rock5b-plus/openwrt/build_dir/target-aarch64_generic_musl/linux-rockchip_armv8/tmp/openwrt-rockchip-armv8-radxa_rock-5b-plus-ext4-sysupgrade.img.gz.ucert" -x "/workspaces/openwrt-radxa-rock5b-plus/openwrt/build_dir/target-aarch64_generic_musl/linux-rockchip_armv8/tmp/openwrt-rockchip-armv8-radxa_rock-5b-plus-ext4-sysupgrade.img.gz.sig" ; fwtool -S "/workspaces/openwrt-radxa-rock5b-plus/openwrt/build_dir/target-aarch64_generic_musl/linux-rockchip_armv8/tmp/openwrt-rockchip-armv8-radxa_rock-5b-plus-ext4-sysupgrade.img.gz.ucert" "/workspaces/openwrt-radxa-rock5b-plus/openwrt/build_dir/target-aarch64_generic_musl/linux-rockchip_armv8/tmp/openwrt-rockchip-armv8-radxa_rock-5b-plus-ext4-sysupgrade.img.gz" ; }
cp /workspaces/openwrt-radxa-rock5b-plus/openwrt/build_dir/target-aarch64_generic_musl/linux-rockchip_armv8/tmp/openwrt-rockchip-armv8-radxa_rock-5b-plus-ext4-sysupgrade.img.gz /workspaces/openwrt-radxa-rock5b-plus/openwrt/bin/targets/rockchip/armv8/openwrt-rockchip-armv8-radxa_rock-5b-plus-ext4-sysupgrade.img.gz
DEVICE_ID="radxa_rock-5b-plus" SOURCE_DATE_EPOCH=1757764443 FILE_NAME="openwrt-rockchip-armv8-radxa_rock-5b-plus-ext4-sysupgrade.img.gz" FILE_DIR="/workspaces/openwrt-radxa-rock5b-plus/openwrt/build_dir/target-aarch64_generic_musl/linux-rockchip_armv8/tmp" FILE_TYPE=sysupgrade FILE_FILESYSTEM="ext4" DEVICE_IMG_PREFIX="openwrt-rockchip-armv8-radxa_rock-5b-plus" DEVICE_VENDOR="Radxa" DEVICE_MODEL="ROCK 5B+" DEVICE_VARIANT="" DEVICE_ALT0_VENDOR="" DEVICE_ALT0_MODEL="" DEVICE_ALT0_VARIANT="" DEVICE_ALT1_VENDOR="" DEVICE_ALT1_MODEL="" DEVICE_ALT1_VARIANT="" DEVICE_ALT2_VENDOR="" DEVICE_ALT2_MODEL="" DEVICE_ALT2_VARIANT="" DEVICE_ALT3_VENDOR="" DEVICE_ALT3_MODEL="" DEVICE_ALT3_VARIANT="" DEVICE_ALT4_VENDOR="" DEVICE_ALT4_MODEL="" DEVICE_ALT4_VARIANT="" DEVICE_ALT5_VENDOR="" DEVICE_ALT5_MODEL="" DEVICE_ALT5_VARIANT="" DEVICE_TITLE="Radxa ROCK 5B+" DEVICE_PACKAGES="blkdiscard block-mount kmod-hwmon-pwmfan kmod-nvme kmod-r8169 kmod-rtw89-8852be wpad-basic-mbedtls iwinfo" TARGET="rockchip" SUBTARGET="armv8" VERSION_NUMBER="SNAPSHOT" VERSION_CODE="r31055-9cfbd691e9" SUPPORTED_DEVICES="radxa,rock-5b-plus" KERNEL_SIZE="" IMAGE_SIZE="" /workspaces/openwrt-radxa-rock5b-plus/openwrt/scripts/json_add_image_info.py /workspaces/openwrt-radxa-rock5b-plus/openwrt/build_dir/target-aarch64_generic_musl/json_info_files/openwrt-rockchip-armv8-radxa_rock-5b-plus-ext4-sysupgrade.img.gz.json
IPKG_INSTROOT=/workspaces/openwrt-radxa-rock5b-plus/openwrt/build_dir/target-aarch64_generic_musl/root.orig-rockchip /workspaces/openwrt-radxa-rock5b-plus/openwrt/staging_dir/host/bin/fakeroot /workspaces/openwrt-radxa-rock5b-plus/openwrt/staging_dir/host/bin/apk --root /workspaces/openwrt-radxa-rock5b-plus/openwrt/build_dir/target-aarch64_generic_musl/root.orig-rockchip --keys-dir /workspaces/openwrt-radxa-rock5b-plus/openwrt --no-logfile --preserve-env list --quiet --manifest --no-network --repositories-file /dev/null | sort | sed 's/ / - /'  > /workspaces/openwrt-radxa-rock5b-plus/openwrt/bin/targets/rockchip/armv8/openwrt-rockchip-armv8-radxa_rock-5b-plus.manifest
make[5]: Leaving directory '/workspaces/openwrt-radxa-rock5b-plus/openwrt/target/linux/rockchip/image'
make[4]: Leaving directory '/workspaces/openwrt-radxa-rock5b-plus/openwrt/target/linux/rockchip'
make[3]: Leaving directory '/workspaces/openwrt-radxa-rock5b-plus/openwrt/target/linux'
time: target/linux/install#40.48#8.18#53.33
make[2]: Leaving directory '/workspaces/openwrt-radxa-rock5b-plus/openwrt'
export MAKEFLAGS= ;make -w -r package/index
make[2]: Entering directory '/workspaces/openwrt-radxa-rock5b-plus/openwrt'
Generating package index...
Index has 89 packages (of which 89 are new)
Index has 99 packages (of which 99 are new)
Index has 27 packages (of which 27 are new)
Index has 10 packages (of which 10 are new)
make[2]: Leaving directory '/workspaces/openwrt-radxa-rock5b-plus/openwrt'
export MAKEFLAGS= ;make -w -r json_overview_image_info
make[2]: Entering directory '/workspaces/openwrt-radxa-rock5b-plus/openwrt'
WORK_DIR=/workspaces/openwrt-radxa-rock5b-plus/openwrt/build_dir/target-aarch64_generic_musl/json_info_files /workspaces/openwrt-radxa-rock5b-plus/openwrt/scripts/json_overview_image_info.py /workspaces/openwrt-radxa-rock5b-plus/openwrt/bin/targets/rockchip/armv8/profiles.json 
make[2]: Leaving directory '/workspaces/openwrt-radxa-rock5b-plus/openwrt'
export MAKEFLAGS= ;make -w -r checksum
make[2]: Entering directory '/workspaces/openwrt-radxa-rock5b-plus/openwrt'
make[2]: Leaving directory '/workspaces/openwrt-radxa-rock5b-plus/openwrt'
make[1]: Leaving directory '/workspaces/openwrt-radxa-rock5b-plus/openwrt'
make: Leaving directory '/workspaces/openwrt-radxa-rock5b-plus/openwrt'
